Component: ARM Compiler 6.16 Tool: armlink [5dfeaa00]

==============================================================================

Image Symbol Table

    Local Symbols

    Symbol Name                              Value     Ov Type        Size  Object(Section)

    ../clib/division.s                       0x00000000   Number         0  aeabi_sdiv.o ABSOLUTE
    ../clib/microlib/division.c              0x00000000   Number         0  uidiv.o ABSOLUTE
    ../clib/microlib/division.c              0x00000000   Number         0  uldiv.o ABSOLUTE
    ../clib/microlib/init/entry.s            0x00000000   Number         0  entry.o ABSOLUTE
    ../clib/microlib/init/entry.s            0x00000000   Number         0  entry2.o ABSOLUTE
    ../clib/microlib/init/entry.s            0x00000000   Number         0  entry5.o ABSOLUTE
    ../clib/microlib/init/entry.s            0x00000000   Number         0  entry7a.o ABSOLUTE
    ../clib/microlib/init/entry.s            0x00000000   Number         0  entry7b.o ABSOLUTE
    ../clib/microlib/init/entry.s            0x00000000   Number         0  entry8a.o ABSOLUTE
    ../clib/microlib/init/entry.s            0x00000000   Number         0  entry8b.o ABSOLUTE
    ../clib/microlib/init/entry.s            0x00000000   Number         0  entry9a.o ABSOLUTE
    ../clib/microlib/init/entry.s            0x00000000   Number         0  entry9b.o ABSOLUTE
    ../clib/microlib/init/entry.s            0x00000000   Number         0  entry10a.o ABSOLUTE
    ../clib/microlib/init/entry.s            0x00000000   Number         0  entry10b.o ABSOLUTE
    ../clib/microlib/init/entry.s            0x00000000   Number         0  entry11a.o ABSOLUTE
    ../clib/microlib/init/entry.s            0x00000000   Number         0  entry11b.o ABSOLUTE
    ../clib/microlib/longlong.c              0x00000000   Number         0  llshl.o ABSOLUTE
    ../clib/microlib/longlong.c              0x00000000   Number         0  llushr.o ABSOLUTE
    ../clib/microlib/longlong.c              0x00000000   Number         0  llsshr.o ABSOLUTE
    ../clib/microlib/printf/printf.c         0x00000000   Number         0  printfa.o ABSOLUTE
    ../clib/microlib/stdio/streams.c         0x00000000   Number         0  stdout.o ABSOLUTE
    ../clib/microlib/string/memcpy.c         0x00000000   Number         0  memcpya.o ABSOLUTE
    ../clib/microlib/string/memcpy.c         0x00000000   Number         0  memcpyb.o ABSOLUTE
    ../clib/microlib/string/strcpy.c         0x00000000   Number         0  strcpy.o ABSOLUTE
    ../clib/microlib/string/strlen.c         0x00000000   Number         0  strlen.o ABSOLUTE
    ../clib/microlib/stubs.s                 0x00000000   Number         0  iusefp.o ABSOLUTE
    ../common/startup_n32g4fr.s              0x00000000   Number         0  startup_n32g4fr.o ABSOLUTE
    ../fplib/microlib/fpadd.c                0x00000000   Number         0  dadd.o ABSOLUTE
    ../fplib/microlib/fpdiv.c                0x00000000   Number         0  ddiv.o ABSOLUTE
    ../fplib/microlib/fpepilogue.c           0x00000000   Number         0  depilogue.o ABSOLUTE
    ../fplib/microlib/fpfix.c                0x00000000   Number         0  dfixul.o ABSOLUTE
    ../fplib/microlib/fpmul.c                0x00000000   Number         0  dmul.o ABSOLUTE
    ..\application\HardFaultHandlerMDK\HardFaultHandler.S 0x00000000   Number         0  hardfaulthandler.o ABSOLUTE
    SEGGER_HardFaultHandler.c                0x00000000   Number         0  segger_hardfaulthandler.o ABSOLUTE
    SEGGER_RTT.c                             0x00000000   Number         0  segger_rtt.o ABSOLUTE
    SEGGER_RTT_printf.c                      0x00000000   Number         0  segger_rtt_printf.o ABSOLUTE
    app.c                                    0x00000000   Number         0  app.o ABSOLUTE
    cdrcmple.s                               0x00000000   Number         0  cdrcmple.o ABSOLUTE
    dc.s                                     0x00000000   Number         0  dc.o ABSOLUTE
    delay.c                                  0x00000000   Number         0  delay.o ABSOLUTE
    handlers.s                               0x00000000   Number         0  handlers.o ABSOLUTE
    init.s                                   0x00000000   Number         0  init.o ABSOLUTE
    log.c                                    0x00000000   Number         0  log.o ABSOLUTE
    main.c                                   0x00000000   Number         0  main.o ABSOLUTE
    misc.c                                   0x00000000   Number         0  misc.o ABSOLUTE
    n32g4fr_adc.c                            0x00000000   Number         0  n32g4fr_adc.o ABSOLUTE
    n32g4fr_bkp.c                            0x00000000   Number         0  n32g4fr_bkp.o ABSOLUTE
    n32g4fr_can.c                            0x00000000   Number         0  n32g4fr_can.o ABSOLUTE
    n32g4fr_crc.c                            0x00000000   Number         0  n32g4fr_crc.o ABSOLUTE
    n32g4fr_dac.c                            0x00000000   Number         0  n32g4fr_dac.o ABSOLUTE
    n32g4fr_dbg.c                            0x00000000   Number         0  n32g4fr_dbg.o ABSOLUTE
    n32g4fr_dma.c                            0x00000000   Number         0  n32g4fr_dma.o ABSOLUTE
    n32g4fr_dvp.c                            0x00000000   Number         0  n32g4fr_dvp.o ABSOLUTE
    n32g4fr_exti.c                           0x00000000   Number         0  n32g4fr_exti.o ABSOLUTE
    n32g4fr_flash.c                          0x00000000   Number         0  n32g4fr_flash.o ABSOLUTE
    n32g4fr_gpio.c                           0x00000000   Number         0  n32g4fr_gpio.o ABSOLUTE
    n32g4fr_i2c.c                            0x00000000   Number         0  n32g4fr_i2c.o ABSOLUTE
    n32g4fr_it.c                             0x00000000   Number         0  n32g4fr_it.o ABSOLUTE
    n32g4fr_iwdg.c                           0x00000000   Number         0  n32g4fr_iwdg.o ABSOLUTE
    n32g4fr_pwr.c                            0x00000000   Number         0  n32g4fr_pwr.o ABSOLUTE
    n32g4fr_qspi.c                           0x00000000   Number         0  n32g4fr_qspi.o ABSOLUTE
    n32g4fr_rcc.c                            0x00000000   Number         0  n32g4fr_rcc.o ABSOLUTE
    n32g4fr_rtc.c                            0x00000000   Number         0  n32g4fr_rtc.o ABSOLUTE
    n32g4fr_sdio.c                           0x00000000   Number         0  n32g4fr_sdio.o ABSOLUTE
    n32g4fr_spi.c                            0x00000000   Number         0  n32g4fr_spi.o ABSOLUTE
    n32g4fr_tim.c                            0x00000000   Number         0  n32g4fr_tim.o ABSOLUTE
    n32g4fr_tsc.c                            0x00000000   Number         0  n32g4fr_tsc.o ABSOLUTE
    n32g4fr_usart.c                          0x00000000   Number         0  n32g4fr_usart.o ABSOLUTE
    n32g4fr_wwdg.c                           0x00000000   Number         0  n32g4fr_wwdg.o ABSOLUTE
    n32g4fr_xfmc.c                           0x00000000   Number         0  n32g4fr_xfmc.o ABSOLUTE
    system_n32g4fr.c                         0x00000000   Number         0  system_n32g4fr.o ABSOLUTE
    RESET                                    0x08000000   Section      408  startup_n32g4fr.o(RESET)
    .ARM.Collect$$$$00000000                 0x08000198   Section        0  entry.o(.ARM.Collect$$$$00000000)
    .ARM.Collect$$$$00000001                 0x08000198   Section        4  entry2.o(.ARM.Collect$$$$00000001)
    .ARM.Collect$$$$00000004                 0x0800019c   Section        4  entry5.o(.ARM.Collect$$$$00000004)
    .ARM.Collect$$$$00000008                 0x080001a0   Section        0  entry7b.o(.ARM.Collect$$$$00000008)
    .ARM.Collect$$$$0000000A                 0x080001a0   Section        0  entry8b.o(.ARM.Collect$$$$0000000A)
    .ARM.Collect$$$$0000000B                 0x080001a0   Section        8  entry9a.o(.ARM.Collect$$$$0000000B)
    __lit__00000000                          0x080001a8   Data           4  entry2.o(.ARM.Collect$$$$00002712)
    .ARM.Collect$$$$0000000D                 0x080001a8   Section        0  entry10a.o(.ARM.Collect$$$$0000000D)
    .ARM.Collect$$$$0000000F                 0x080001a8   Section        0  entry11a.o(.ARM.Collect$$$$0000000F)
    .ARM.Collect$$$$00002712                 0x080001a8   Section        4  entry2.o(.ARM.Collect$$$$00002712)
    $v0                                      0x080001ac   Number         0  startup_n32g4fr.o(.text)
    .text                                    0x080001ac   Section       36  startup_n32g4fr.o(.text)
    .text                                    0x080001d0   Section        0  memcpya.o(.text)
    .text                                    0x080001f4   Section        0  strcpy.o(.text)
    .text                                    0x08000206   Section        0  uidiv.o(.text)
    .text                                    0x08000232   Section        0  uldiv.o(.text)
    .text                                    0x08000294   Section        0  iusefp.o(.text)
    .text                                    0x08000294   Section        0  dadd.o(.text)
    .text                                    0x080003e2   Section        0  dmul.o(.text)
    .text                                    0x080004c6   Section        0  ddiv.o(.text)
    .text                                    0x080005a4   Section        0  dfixul.o(.text)
    .text                                    0x080005d4   Section       48  cdrcmple.o(.text)
    .text                                    0x08000604   Section       36  init.o(.text)
    .text                                    0x08000628   Section        0  llshl.o(.text)
    .text                                    0x08000646   Section        0  llushr.o(.text)
    .text                                    0x08000666   Section        0  llsshr.o(.text)
    .text                                    0x0800068a   Section        0  depilogue.o(.text)
    [Anonymous Symbol]                       0x08000744   Section        0  n32g4fr_it.o(.text.BusFault_Handler)
    [Anonymous Symbol]                       0x08000748   Section        0  n32g4fr_it.o(.text.DebugMon_Handler)
    [Anonymous Symbol]                       0x0800074c   Section        0  n32g4fr_gpio.o(.text.GPIO_ConfigPinRemap)
    [Anonymous Symbol]                       0x08000b5c   Section        0  n32g4fr_gpio.o(.text.GPIO_InitPeripheral)
    [Anonymous Symbol]                       0x08000ce4   Section        0  segger_hardfaulthandler.o(.text.HardFaultHandler)
    [Anonymous Symbol]                       0x08000df8   Section        0  main.o(.text.KeyInputInit)
    [Anonymous Symbol]                       0x08000ef4   Section        0  main.o(.text.LedBlink)
    [Anonymous Symbol]                       0x08000f0c   Section        0  main.o(.text.LedInit)
    [Anonymous Symbol]                       0x08001008   Section        0  main.o(.text.LedOn)
    [Anonymous Symbol]                       0x0800101c   Section        0  n32g4fr_it.o(.text.MemManage_Handler)
    [Anonymous Symbol]                       0x08001020   Section        0  n32g4fr_it.o(.text.NMI_Handler)
    [Anonymous Symbol]                       0x08001024   Section        0  main.o(.text.NVIC_Configuration)
    [Anonymous Symbol]                       0x0800104c   Section        0  misc.o(.text.NVIC_Init)
    [Anonymous Symbol]                       0x080010f8   Section        0  misc.o(.text.NVIC_PriorityGroupConfig)
    [Anonymous Symbol]                       0x08001114   Section        0  main.o(.text.RCC_Configuration)
    [Anonymous Symbol]                       0x08001130   Section        0  n32g4fr_rcc.o(.text.RCC_EnableAPB1PeriphClk)
    [Anonymous Symbol]                       0x08001168   Section        0  n32g4fr_rcc.o(.text.RCC_EnableAPB2PeriphClk)
    [Anonymous Symbol]                       0x080011a0   Section        0  n32g4fr_rcc.o(.text.RCC_GetClocksFreqValue)
    [Anonymous Symbol]                       0x08001364   Section        0  segger_rtt.o(.text.SEGGER_RTT_Init)
    [Anonymous Symbol]                       0x0800136c   Section        0  segger_rtt.o(.text.SEGGER_RTT_Write)
    [Anonymous Symbol]                       0x080013b8   Section        0  segger_rtt.o(.text.SEGGER_RTT_WriteNoLock)
    [Anonymous Symbol]                       0x08001468   Section        0  segger_rtt_printf.o(.text.SEGGER_RTT_printf)
    [Anonymous Symbol]                       0x08001494   Section        0  segger_rtt_printf.o(.text.SEGGER_RTT_vprintf)
    [Anonymous Symbol]                       0x080017d0   Section        0  n32g4fr_it.o(.text.SVC_Handler)
    SetSysClock                              0x080017d5   Thumb Code   328  system_n32g4fr.o(.text.SetSysClock)
    [Anonymous Symbol]                       0x080017d4   Section        0  system_n32g4fr.o(.text.SetSysClock)
    [Anonymous Symbol]                       0x0800191c   Section        0  misc.o(.text.SysTick_CLKSourceConfig)
    [Anonymous Symbol]                       0x08001940   Section        0  n32g4fr_it.o(.text.SysTick_Handler)
    [Anonymous Symbol]                       0x08001944   Section        0  system_n32g4fr.o(.text.SystemInit)
    [Anonymous Symbol]                       0x08001a10   Section        0  n32g4fr_it.o(.text.USART3_IRQHandler)
    [Anonymous Symbol]                       0x08001a54   Section        0  n32g4fr_usart.o(.text.USART_ConfigInt)
    [Anonymous Symbol]                       0x08001ae8   Section        0  n32g4fr_usart.o(.text.USART_Enable)
    [Anonymous Symbol]                       0x08001b14   Section        0  n32g4fr_usart.o(.text.USART_GetFlagStatus)
    [Anonymous Symbol]                       0x08001b58   Section        0  n32g4fr_usart.o(.text.USART_GetIntStatus)
    [Anonymous Symbol]                       0x08001c08   Section        0  n32g4fr_usart.o(.text.USART_Init)
    [Anonymous Symbol]                       0x08001d2c   Section        0  n32g4fr_usart.o(.text.USART_ReceiveData)
    [Anonymous Symbol]                       0x08001d3c   Section        0  n32g4fr_usart.o(.text.USART_SendData)
    [Anonymous Symbol]                       0x08001d54   Section        0  n32g4fr_it.o(.text.UsageFault_Handler)
    _DoInit                                  0x08001d59   Thumb Code   156  segger_rtt.o(.text._DoInit)
    [Anonymous Symbol]                       0x08001d58   Section        0  segger_rtt.o(.text._DoInit)
    _GetAvailWriteSpace                      0x08001df5   Thumb Code    62  segger_rtt.o(.text._GetAvailWriteSpace)
    [Anonymous Symbol]                       0x08001df4   Section        0  segger_rtt.o(.text._GetAvailWriteSpace)
    _PrintInt                                0x08001e35   Thumb Code   460  segger_rtt_printf.o(.text._PrintInt)
    [Anonymous Symbol]                       0x08001e34   Section        0  segger_rtt_printf.o(.text._PrintInt)
    _PrintUnsigned                           0x08002001   Thumb Code   428  segger_rtt_printf.o(.text._PrintUnsigned)
    [Anonymous Symbol]                       0x08002000   Section        0  segger_rtt_printf.o(.text._PrintUnsigned)
    _StoreChar                               0x080021ad   Thumb Code   118  segger_rtt_printf.o(.text._StoreChar)
    [Anonymous Symbol]                       0x080021ac   Section        0  segger_rtt_printf.o(.text._StoreChar)
    _WriteBlocking                           0x08002225   Thumb Code   228  segger_rtt.o(.text._WriteBlocking)
    [Anonymous Symbol]                       0x08002224   Section        0  segger_rtt.o(.text._WriteBlocking)
    _WriteNoCheck                            0x08002309   Thumb Code   140  segger_rtt.o(.text._WriteNoCheck)
    [Anonymous Symbol]                       0x08002308   Section        0  segger_rtt.o(.text._WriteNoCheck)
    [Anonymous Symbol]                       0x08002394   Section        0  app.o(.text.app)
    [Anonymous Symbol]                       0x080023a0   Section        0  main.o(.text.fputc)
    [Anonymous Symbol]                       0x080023d4   Section        0  main.o(.text.led_init)
    [Anonymous Symbol]                       0x0800241c   Section        0  main.o(.text.main)
    [Anonymous Symbol]                       0x08002480   Section        0  main.o(.text.segger_init)
    [Anonymous Symbol]                       0x080024cc   Section        0  delay.o(.text.systick_delay_ms)
    [Anonymous Symbol]                       0x08002578   Section        0  main.o(.text.uart_init)
    [Anonymous Symbol]                       0x08002600   Section        0  main.o(.text.user_button_init)
    $v0                                      0x08002628   Number         0  hardfaulthandler.o(OSKERNEL)
    OSKERNEL                                 0x08002628   Section       18  hardfaulthandler.o(OSKERNEL)
    i.__0printf                              0x0800263c   Section        0  printfa.o(i.__0printf)
    i.__scatterload_copy                     0x0800265c   Section       14  handlers.o(i.__scatterload_copy)
    i.__scatterload_null                     0x0800266a   Section        2  handlers.o(i.__scatterload_null)
    i.__scatterload_zeroinit                 0x0800266c   Section       14  handlers.o(i.__scatterload_zeroinit)
    _fp_digits                               0x0800267d   Thumb Code   366  printfa.o(i._fp_digits)
    i._fp_digits                             0x0800267c   Section        0  printfa.o(i._fp_digits)
    _printf_core                             0x08002801   Thumb Code  1744  printfa.o(i._printf_core)
    i._printf_core                           0x08002800   Section        0  printfa.o(i._printf_core)
    _printf_post_padding                     0x08002edd   Thumb Code    36  printfa.o(i._printf_post_padding)
    i._printf_post_padding                   0x08002edc   Section        0  printfa.o(i._printf_post_padding)
    _printf_pre_padding                      0x08002f01   Thumb Code    46  printfa.o(i._printf_pre_padding)
    i._printf_pre_padding                    0x08002f00   Section        0  printfa.o(i._printf_pre_padding)
    _PrintUnsigned._aV2C                     0x08002f2e   Data          16  segger_rtt_printf.o(.rodata._PrintUnsigned._aV2C)
    [Anonymous Symbol]                       0x08002f2e   Section        0  segger_rtt_printf.o(.rodata._PrintUnsigned._aV2C)
    s_AdcHclkPresTable                       0x08002f3e   Data          16  n32g4fr_rcc.o(.rodata.s_AdcHclkPresTable)
    [Anonymous Symbol]                       0x08002f3e   Section        0  n32g4fr_rcc.o(.rodata.s_AdcHclkPresTable)
    s_AdcPllClkPresTable                     0x08002f4e   Data          32  n32g4fr_rcc.o(.rodata.s_AdcPllClkPresTable)
    [Anonymous Symbol]                       0x08002f4e   Section        0  n32g4fr_rcc.o(.rodata.s_AdcPllClkPresTable)
    s_ApbAhbPresTable                        0x08002f6e   Data          16  n32g4fr_rcc.o(.rodata.s_ApbAhbPresTable)
    [Anonymous Symbol]                       0x08002f6e   Section        0  n32g4fr_rcc.o(.rodata.s_ApbAhbPresTable)
    .L.str.7                                 0x08002f7e   Data           9  main.o(.rodata.str1.1)
    [Anonymous Symbol]                       0x08002f7e   Section        0  main.o(.rodata.str1.1)
    .L.str.6                                 0x08002f87   Data          29  main.o(.rodata.str1.1)
    .L.str.3                                 0x08002fa4   Data          23  main.o(.rodata.str1.1)
    .L.str                                   0x08002fbb   Data          31  main.o(.rodata.str1.1)
    .L.str.4                                 0x08002fda   Data          12  main.o(.rodata.str1.1)
    .L.str.5                                 0x08002fe6   Data           9  main.o(.rodata.str1.1)
    .L.str.2                                 0x08002fef   Data           5  main.o(.rodata.str1.1)
    .L.str.1                                 0x08002ff4   Data           8  main.o(.rodata.str1.1)
    .L.str                                   0x08002ffc   Data          19  n32g4fr_it.o(.rodata.str1.1)
    [Anonymous Symbol]                       0x08002ffc   Section        0  n32g4fr_it.o(.rodata.str1.1)
    .L.str.2                                 0x0800300f   Data           7  segger_rtt.o(.rodata.str1.1)
    [Anonymous Symbol]                       0x0800300f   Section        0  segger_rtt.o(.rodata.str1.1)
    .L.str.1                                 0x08003016   Data           4  segger_rtt.o(.rodata.str1.1)
    .L.str                                   0x0800301a   Data           9  segger_rtt.o(.rodata.str1.1)
    .data                                    0x20000000   Section        4  stdout.o(.data)
    HardFaultRegs                            0x20000008   Data          64  segger_hardfaulthandler.o(.bss.HardFaultRegs)
    [Anonymous Symbol]                       0x20000008   Section        0  segger_hardfaulthandler.o(.bss.HardFaultRegs)
    _Continue                                0x20000048   Data           4  segger_hardfaulthandler.o(.bss._Continue)
    [Anonymous Symbol]                       0x20000048   Section        0  segger_hardfaulthandler.o(.bss._Continue)
    _acDownBuffer                            0x200000f4   Data          16  segger_rtt.o(.bss._acDownBuffer)
    [Anonymous Symbol]                       0x200000f4   Section        0  segger_rtt.o(.bss._acDownBuffer)
    _acUpBuffer                              0x20000104   Data        1024  segger_rtt.o(.bss._acUpBuffer)
    [Anonymous Symbol]                       0x20000104   Section        0  segger_rtt.o(.bss._acUpBuffer)
    STACK                                    0x20000508   Section     2048  startup_n32g4fr.o(STACK)

    Global Symbols

    Symbol Name                              Value     Ov Type        Size  Object(Section)

    BuildAttributes$$THM_ISAv4$E$P$D$K$B$S$7EM$VFPi3$EXTD16$VFPS$VFMA$PE$A:L22UL41UL21$X:L11$S22US41US21$IEEE1$IW$~IW$USESV6$~STKCKD$USESV7$~SHL$OSPACE$ROPI$EBA8$MICROLIB$REQ8$PRES8$EABIv2 0x00000000   Number         0  anon$$obj.o ABSOLUTE
    __cpp_initialize__aeabi_                  - Undefined Weak Reference
    __cxa_finalize                            - Undefined Weak Reference
    __decompress                              - Undefined Weak Reference
    _clock_init                               - Undefined Weak Reference
    _microlib_exit                            - Undefined Weak Reference
    __Vectors_Size                           0x00000198   Number         0  startup_n32g4fr.o ABSOLUTE
    __Vectors                                0x08000000   Data           4  startup_n32g4fr.o(RESET)
    __Vectors_End                            0x08000198   Data           0  startup_n32g4fr.o(RESET)
    __main                                   0x08000199   Thumb Code     0  entry.o(.ARM.Collect$$$$00000000)
    _main_stk                                0x08000199   Thumb Code     0  entry2.o(.ARM.Collect$$$$00000001)
    _main_scatterload                        0x0800019d   Thumb Code     0  entry5.o(.ARM.Collect$$$$00000004)
    __main_after_scatterload                 0x080001a1   Thumb Code     0  entry5.o(.ARM.Collect$$$$00000004)
    _main_clock                              0x080001a1   Thumb Code     0  entry7b.o(.ARM.Collect$$$$00000008)
    _main_cpp_init                           0x080001a1   Thumb Code     0  entry8b.o(.ARM.Collect$$$$0000000A)
    _main_init                               0x080001a1   Thumb Code     0  entry9a.o(.ARM.Collect$$$$0000000B)
    __rt_final_cpp                           0x080001a9   Thumb Code     0  entry10a.o(.ARM.Collect$$$$0000000D)
    __rt_final_exit                          0x080001a9   Thumb Code     0  entry11a.o(.ARM.Collect$$$$0000000F)
    Reset_Handler                            0x080001ad   Thumb Code     8  startup_n32g4fr.o(.text)
    PendSV_Handler                           0x080001c3   Thumb Code     2  startup_n32g4fr.o(.text)
    ADC1_2_IRQHandler                        0x080001c7   Thumb Code     0  startup_n32g4fr.o(.text)
    ADC3_4_IRQHandler                        0x080001c7   Thumb Code     0  startup_n32g4fr.o(.text)
    CAN1_RX1_IRQHandler                      0x080001c7   Thumb Code     0  startup_n32g4fr.o(.text)
    CAN1_SCE_IRQHandler                      0x080001c7   Thumb Code     0  startup_n32g4fr.o(.text)
    CAN2_RX0_IRQHandler                      0x080001c7   Thumb Code     0  startup_n32g4fr.o(.text)
    CAN2_RX1_IRQHandler                      0x080001c7   Thumb Code     0  startup_n32g4fr.o(.text)
    CAN2_SCE_IRQHandler                      0x080001c7   Thumb Code     0  startup_n32g4fr.o(.text)
    CAN2_TX_IRQHandler                       0x080001c7   Thumb Code     0  startup_n32g4fr.o(.text)
    COMP7_IRQHandler                         0x080001c7   Thumb Code     0  startup_n32g4fr.o(.text)
    COMP_1_2_3_IRQHandler                    0x080001c7   Thumb Code     0  startup_n32g4fr.o(.text)
    COMP_4_5_6_IRQHandler                    0x080001c7   Thumb Code     0  startup_n32g4fr.o(.text)
    DMA1_Channel1_IRQHandler                 0x080001c7   Thumb Code     0  startup_n32g4fr.o(.text)
    DMA1_Channel2_IRQHandler                 0x080001c7   Thumb Code     0  startup_n32g4fr.o(.text)
    DMA1_Channel3_IRQHandler                 0x080001c7   Thumb Code     0  startup_n32g4fr.o(.text)
    DMA1_Channel4_IRQHandler                 0x080001c7   Thumb Code     0  startup_n32g4fr.o(.text)
    DMA1_Channel5_IRQHandler                 0x080001c7   Thumb Code     0  startup_n32g4fr.o(.text)
    DMA1_Channel6_IRQHandler                 0x080001c7   Thumb Code     0  startup_n32g4fr.o(.text)
    DMA1_Channel7_IRQHandler                 0x080001c7   Thumb Code     0  startup_n32g4fr.o(.text)
    DMA1_Channel8_IRQHandler                 0x080001c7   Thumb Code     0  startup_n32g4fr.o(.text)
    DMA2_Channel1_IRQHandler                 0x080001c7   Thumb Code     0  startup_n32g4fr.o(.text)
    DMA2_Channel2_IRQHandler                 0x080001c7   Thumb Code     0  startup_n32g4fr.o(.text)
    DMA2_Channel3_IRQHandler                 0x080001c7   Thumb Code     0  startup_n32g4fr.o(.text)
    DMA2_Channel4_IRQHandler                 0x080001c7   Thumb Code     0  startup_n32g4fr.o(.text)
    DMA2_Channel5_IRQHandler                 0x080001c7   Thumb Code     0  startup_n32g4fr.o(.text)
    DMA2_Channel6_IRQHandler                 0x080001c7   Thumb Code     0  startup_n32g4fr.o(.text)
    DMA2_Channel7_IRQHandler                 0x080001c7   Thumb Code     0  startup_n32g4fr.o(.text)
    DMA2_Channel8_IRQHandler                 0x080001c7   Thumb Code     0  startup_n32g4fr.o(.text)
    DVP_IRQHandler                           0x080001c7   Thumb Code     0  startup_n32g4fr.o(.text)
    ETH_IRQHandler                           0x080001c7   Thumb Code     0  startup_n32g4fr.o(.text)
    ETH_WKUP_IRQHandler                      0x080001c7   Thumb Code     0  startup_n32g4fr.o(.text)
    EXTI0_IRQHandler                         0x080001c7   Thumb Code     0  startup_n32g4fr.o(.text)
    EXTI15_10_IRQHandler                     0x080001c7   Thumb Code     0  startup_n32g4fr.o(.text)
    EXTI1_IRQHandler                         0x080001c7   Thumb Code     0  startup_n32g4fr.o(.text)
    EXTI2_IRQHandler                         0x080001c7   Thumb Code     0  startup_n32g4fr.o(.text)
    EXTI3_IRQHandler                         0x080001c7   Thumb Code     0  startup_n32g4fr.o(.text)
    EXTI4_IRQHandler                         0x080001c7   Thumb Code     0  startup_n32g4fr.o(.text)
    EXTI9_5_IRQHandler                       0x080001c7   Thumb Code     0  startup_n32g4fr.o(.text)
    FLASH_IRQHandler                         0x080001c7   Thumb Code     0  startup_n32g4fr.o(.text)
    I2C1_ER_IRQHandler                       0x080001c7   Thumb Code     0  startup_n32g4fr.o(.text)
    I2C1_EV_IRQHandler                       0x080001c7   Thumb Code     0  startup_n32g4fr.o(.text)
    I2C2_ER_IRQHandler                       0x080001c7   Thumb Code     0  startup_n32g4fr.o(.text)
    I2C2_EV_IRQHandler                       0x080001c7   Thumb Code     0  startup_n32g4fr.o(.text)
    I2C3_ER_IRQHandler                       0x080001c7   Thumb Code     0  startup_n32g4fr.o(.text)
    I2C3_EV_IRQHandler                       0x080001c7   Thumb Code     0  startup_n32g4fr.o(.text)
    I2C4_ER_IRQHandler                       0x080001c7   Thumb Code     0  startup_n32g4fr.o(.text)
    I2C4_EV_IRQHandler                       0x080001c7   Thumb Code     0  startup_n32g4fr.o(.text)
    MMU_IRQHandler                           0x080001c7   Thumb Code     0  startup_n32g4fr.o(.text)
    PVD_IRQHandler                           0x080001c7   Thumb Code     0  startup_n32g4fr.o(.text)
    QSPI_IRQHandler                          0x080001c7   Thumb Code     0  startup_n32g4fr.o(.text)
    RCC_IRQHandler                           0x080001c7   Thumb Code     0  startup_n32g4fr.o(.text)
    RSRAM_IRQHandler                         0x080001c7   Thumb Code     0  startup_n32g4fr.o(.text)
    RTCAlarm_IRQHandler                      0x080001c7   Thumb Code     0  startup_n32g4fr.o(.text)
    RTC_WKUP_IRQHandler                      0x080001c7   Thumb Code     0  startup_n32g4fr.o(.text)
    SAC_IRQHandler                           0x080001c7   Thumb Code     0  startup_n32g4fr.o(.text)
    SDIO_IRQHandler                          0x080001c7   Thumb Code     0  startup_n32g4fr.o(.text)
    SPI1_IRQHandler                          0x080001c7   Thumb Code     0  startup_n32g4fr.o(.text)
    SPI2_IRQHandler                          0x080001c7   Thumb Code     0  startup_n32g4fr.o(.text)
    SPI3_IRQHandler                          0x080001c7   Thumb Code     0  startup_n32g4fr.o(.text)
    TAMPER_IRQHandler                        0x080001c7   Thumb Code     0  startup_n32g4fr.o(.text)
    TIM1_BRK_IRQHandler                      0x080001c7   Thumb Code     0  startup_n32g4fr.o(.text)
    TIM1_CC_IRQHandler                       0x080001c7   Thumb Code     0  startup_n32g4fr.o(.text)
    TIM1_TRG_COM_IRQHandler                  0x080001c7   Thumb Code     0  startup_n32g4fr.o(.text)
    TIM1_UP_IRQHandler                       0x080001c7   Thumb Code     0  startup_n32g4fr.o(.text)
    TIM2_IRQHandler                          0x080001c7   Thumb Code     0  startup_n32g4fr.o(.text)
    TIM3_IRQHandler                          0x080001c7   Thumb Code     0  startup_n32g4fr.o(.text)
    TIM4_IRQHandler                          0x080001c7   Thumb Code     0  startup_n32g4fr.o(.text)
    TIM5_IRQHandler                          0x080001c7   Thumb Code     0  startup_n32g4fr.o(.text)
    TIM6_IRQHandler                          0x080001c7   Thumb Code     0  startup_n32g4fr.o(.text)
    TIM7_IRQHandler                          0x080001c7   Thumb Code     0  startup_n32g4fr.o(.text)
    TIM8_BRK_IRQHandler                      0x080001c7   Thumb Code     0  startup_n32g4fr.o(.text)
    TIM8_CC_IRQHandler                       0x080001c7   Thumb Code     0  startup_n32g4fr.o(.text)
    TIM8_TRG_COM_IRQHandler                  0x080001c7   Thumb Code     0  startup_n32g4fr.o(.text)
    TIM8_UP_IRQHandler                       0x080001c7   Thumb Code     0  startup_n32g4fr.o(.text)
    TSC_IRQHandler                           0x080001c7   Thumb Code     0  startup_n32g4fr.o(.text)
    UART4_IRQHandler                         0x080001c7   Thumb Code     0  startup_n32g4fr.o(.text)
    UART5_IRQHandler                         0x080001c7   Thumb Code     0  startup_n32g4fr.o(.text)
    UART6_IRQHandler                         0x080001c7   Thumb Code     0  startup_n32g4fr.o(.text)
    UART7_IRQHandler                         0x080001c7   Thumb Code     0  startup_n32g4fr.o(.text)
    USART1_IRQHandler                        0x080001c7   Thumb Code     0  startup_n32g4fr.o(.text)
    USART2_IRQHandler                        0x080001c7   Thumb Code     0  startup_n32g4fr.o(.text)
    USBWakeUp_IRQHandler                     0x080001c7   Thumb Code     0  startup_n32g4fr.o(.text)
    USB_HP_CAN1_TX_IRQHandler                0x080001c7   Thumb Code     0  startup_n32g4fr.o(.text)
    USB_LP_CAN1_RX0_IRQHandler               0x080001c7   Thumb Code     0  startup_n32g4fr.o(.text)
    WWDG_IRQHandler                          0x080001c7   Thumb Code     0  startup_n32g4fr.o(.text)
    XFMC_IRQHandler                          0x080001c7   Thumb Code     0  startup_n32g4fr.o(.text)
    __aeabi_memcpy                           0x080001d1   Thumb Code    36  memcpya.o(.text)
    __aeabi_memcpy4                          0x080001d1   Thumb Code     0  memcpya.o(.text)
    __aeabi_memcpy8                          0x080001d1   Thumb Code     0  memcpya.o(.text)
    strcpy                                   0x080001f5   Thumb Code    18  strcpy.o(.text)
    __aeabi_uidiv                            0x08000207   Thumb Code     0  uidiv.o(.text)
    __aeabi_uidivmod                         0x08000207   Thumb Code    44  uidiv.o(.text)
    __aeabi_uldivmod                         0x08000233   Thumb Code    98  uldiv.o(.text)
    __I$use$fp                               0x08000295   Thumb Code     0  iusefp.o(.text)
    __aeabi_dadd                             0x08000295   Thumb Code   322  dadd.o(.text)
    __aeabi_dsub                             0x080003d7   Thumb Code     6  dadd.o(.text)
    __aeabi_drsub                            0x080003dd   Thumb Code     6  dadd.o(.text)
    __aeabi_dmul                             0x080003e3   Thumb Code   228  dmul.o(.text)
    __aeabi_ddiv                             0x080004c7   Thumb Code   222  ddiv.o(.text)
    __aeabi_d2ulz                            0x080005a5   Thumb Code    48  dfixul.o(.text)
    __aeabi_cdrcmple                         0x080005d5   Thumb Code    48  cdrcmple.o(.text)
    __scatterload                            0x08000605   Thumb Code    28  init.o(.text)
    __scatterload_rt2                        0x08000605   Thumb Code     0  init.o(.text)
    __aeabi_llsl                             0x08000629   Thumb Code    30  llshl.o(.text)
    _ll_shift_l                              0x08000629   Thumb Code     0  llshl.o(.text)
    __aeabi_llsr                             0x08000647   Thumb Code    32  llushr.o(.text)
    _ll_ushift_r                             0x08000647   Thumb Code     0  llushr.o(.text)
    __aeabi_lasr                             0x08000667   Thumb Code    36  llsshr.o(.text)
    _ll_sshift_r                             0x08000667   Thumb Code     0  llsshr.o(.text)
    _double_round                            0x0800068b   Thumb Code    30  depilogue.o(.text)
    _double_epilogue                         0x080006a9   Thumb Code   156  depilogue.o(.text)
    BusFault_Handler                         0x08000745   Thumb Code     4  n32g4fr_it.o(.text.BusFault_Handler)
    DebugMon_Handler                         0x08000749   Thumb Code     2  n32g4fr_it.o(.text.DebugMon_Handler)
    GPIO_ConfigPinRemap                      0x0800074d   Thumb Code  1038  n32g4fr_gpio.o(.text.GPIO_ConfigPinRemap)
    GPIO_InitPeripheral                      0x08000b5d   Thumb Code   390  n32g4fr_gpio.o(.text.GPIO_InitPeripheral)
    HardFaultHandler                         0x08000ce5   Thumb Code   276  segger_hardfaulthandler.o(.text.HardFaultHandler)
    KeyInputInit                             0x08000df9   Thumb Code   252  main.o(.text.KeyInputInit)
    LedBlink                                 0x08000ef5   Thumb Code    24  main.o(.text.LedBlink)
    LedInit                                  0x08000f0d   Thumb Code   252  main.o(.text.LedInit)
    LedOn                                    0x08001009   Thumb Code    20  main.o(.text.LedOn)
    MemManage_Handler                        0x0800101d   Thumb Code     4  n32g4fr_it.o(.text.MemManage_Handler)
    NMI_Handler                              0x08001021   Thumb Code     2  n32g4fr_it.o(.text.NMI_Handler)
    NVIC_Configuration                       0x08001025   Thumb Code    40  main.o(.text.NVIC_Configuration)
    NVIC_Init                                0x0800104d   Thumb Code   170  misc.o(.text.NVIC_Init)
    NVIC_PriorityGroupConfig                 0x080010f9   Thumb Code    28  misc.o(.text.NVIC_PriorityGroupConfig)
    RCC_Configuration                        0x08001115   Thumb Code    28  main.o(.text.RCC_Configuration)
    RCC_EnableAPB1PeriphClk                  0x08001131   Thumb Code    56  n32g4fr_rcc.o(.text.RCC_EnableAPB1PeriphClk)
    RCC_EnableAPB2PeriphClk                  0x08001169   Thumb Code    56  n32g4fr_rcc.o(.text.RCC_EnableAPB2PeriphClk)
    RCC_GetClocksFreqValue                   0x080011a1   Thumb Code   452  n32g4fr_rcc.o(.text.RCC_GetClocksFreqValue)
    SEGGER_RTT_Init                          0x08001365   Thumb Code     8  segger_rtt.o(.text.SEGGER_RTT_Init)
    SEGGER_RTT_Write                         0x0800136d   Thumb Code    76  segger_rtt.o(.text.SEGGER_RTT_Write)
    SEGGER_RTT_WriteNoLock                   0x080013b9   Thumb Code   176  segger_rtt.o(.text.SEGGER_RTT_WriteNoLock)
    SEGGER_RTT_printf                        0x08001469   Thumb Code    42  segger_rtt_printf.o(.text.SEGGER_RTT_printf)
    SEGGER_RTT_vprintf                       0x08001495   Thumb Code   828  segger_rtt_printf.o(.text.SEGGER_RTT_vprintf)
    SVC_Handler                              0x080017d1   Thumb Code     2  n32g4fr_it.o(.text.SVC_Handler)
    SysTick_CLKSourceConfig                  0x0800191d   Thumb Code    36  misc.o(.text.SysTick_CLKSourceConfig)
    SysTick_Handler                          0x08001941   Thumb Code     2  n32g4fr_it.o(.text.SysTick_Handler)
    SystemInit                               0x08001945   Thumb Code   204  system_n32g4fr.o(.text.SystemInit)
    USART3_IRQHandler                        0x08001a11   Thumb Code    68  n32g4fr_it.o(.text.USART3_IRQHandler)
    USART_ConfigInt                          0x08001a55   Thumb Code   146  n32g4fr_usart.o(.text.USART_ConfigInt)
    USART_Enable                             0x08001ae9   Thumb Code    44  n32g4fr_usart.o(.text.USART_Enable)
    USART_GetFlagStatus                      0x08001b15   Thumb Code    68  n32g4fr_usart.o(.text.USART_GetFlagStatus)
    USART_GetIntStatus                       0x08001b59   Thumb Code   176  n32g4fr_usart.o(.text.USART_GetIntStatus)
    USART_Init                               0x08001c09   Thumb Code   292  n32g4fr_usart.o(.text.USART_Init)
    USART_ReceiveData                        0x08001d2d   Thumb Code    16  n32g4fr_usart.o(.text.USART_ReceiveData)
    USART_SendData                           0x08001d3d   Thumb Code    24  n32g4fr_usart.o(.text.USART_SendData)
    UsageFault_Handler                       0x08001d55   Thumb Code     4  n32g4fr_it.o(.text.UsageFault_Handler)
    app                                      0x08002395   Thumb Code    12  app.o(.text.app)
    fputc                                    0x080023a1   Thumb Code    52  main.o(.text.fputc)
    led_init                                 0x080023d5   Thumb Code    72  main.o(.text.led_init)
    main                                     0x0800241d   Thumb Code    98  main.o(.text.main)
    segger_init                              0x08002481   Thumb Code    76  main.o(.text.segger_init)
    systick_delay_ms                         0x080024cd   Thumb Code   172  delay.o(.text.systick_delay_ms)
    uart_init                                0x08002579   Thumb Code   136  main.o(.text.uart_init)
    user_button_init                         0x08002601   Thumb Code    40  main.o(.text.user_button_init)
    HardFault_Handler                        0x08002629   Thumb Code     0  hardfaulthandler.o(OSKERNEL)
    __0printf                                0x0800263d   Thumb Code    22  printfa.o(i.__0printf)
    __1printf                                0x0800263d   Thumb Code     0  printfa.o(i.__0printf)
    __2printf                                0x0800263d   Thumb Code     0  printfa.o(i.__0printf)
    __c89printf                              0x0800263d   Thumb Code     0  printfa.o(i.__0printf)
    printf                                   0x0800263d   Thumb Code     0  printfa.o(i.__0printf)
    __scatterload_copy                       0x0800265d   Thumb Code    14  handlers.o(i.__scatterload_copy)
    __scatterload_null                       0x0800266b   Thumb Code     2  handlers.o(i.__scatterload_null)
    __scatterload_zeroinit                   0x0800266d   Thumb Code    14  handlers.o(i.__scatterload_zeroinit)
    Region$$Table$$Base                      0x08003024   Number         0  anon$$obj.o(Region$$Table)
    Region$$Table$$Limit                     0x08003044   Number         0  anon$$obj.o(Region$$Table)
    __stdout                                 0x20000000   Data           4  stdout.o(.data)
    SystemCoreClock                          0x20000004   Data           4  system_n32g4fr.o(.data.SystemCoreClock)
    _SEGGER_RTT                              0x2000004c   Data         168  segger_rtt.o(.bss._SEGGER_RTT)
    __initial_sp                             0x20000d08   Data           0  startup_n32g4fr.o(STACK)



==============================================================================

Memory Map of the image

  Image Entry point : 0x08000199

  Load Region LR_IROM1 (Base: 0x08000000, Size: 0x00003050, Max: 0x00080000, ABSOLUTE)

    Execution Region ER_IROM1 (Exec base: 0x08000000, Load base: 0x08000000, Size: 0x00003044, Max: 0x00080000, ABSOLUTE)

    Exec Addr    Load Addr    Size         Type   Attr      Idx    E Section Name        Object

    0x08000000   0x08000000   0x00000198   Data   RO           64    RESET               startup_n32g4fr.o
    0x08000198   0x08000198   0x00000000   Code   RO         1554  * .ARM.Collect$$$$00000000  mc_w.l(entry.o)
    0x08000198   0x08000198   0x00000004   Code   RO         1593    .ARM.Collect$$$$00000001  mc_w.l(entry2.o)
    0x0800019c   0x0800019c   0x00000004   Code   RO         1596    .ARM.Collect$$$$00000004  mc_w.l(entry5.o)
    0x080001a0   0x080001a0   0x00000000   Code   RO         1598    .ARM.Collect$$$$00000008  mc_w.l(entry7b.o)
    0x080001a0   0x080001a0   0x00000000   Code   RO         1600    .ARM.Collect$$$$0000000A  mc_w.l(entry8b.o)
    0x080001a0   0x080001a0   0x00000008   Code   RO         1601    .ARM.Collect$$$$0000000B  mc_w.l(entry9a.o)
    0x080001a8   0x080001a8   0x00000000   Code   RO         1603    .ARM.Collect$$$$0000000D  mc_w.l(entry10a.o)
    0x080001a8   0x080001a8   0x00000000   Code   RO         1605    .ARM.Collect$$$$0000000F  mc_w.l(entry11a.o)
    0x080001a8   0x080001a8   0x00000004   Code   RO         1594    .ARM.Collect$$$$00002712  mc_w.l(entry2.o)
    0x080001ac   0x080001ac   0x00000024   Code   RO           65    .text               startup_n32g4fr.o
    0x080001d0   0x080001d0   0x00000024   Code   RO         1557    .text               mc_w.l(memcpya.o)
    0x080001f4   0x080001f4   0x00000012   Code   RO         1561    .text               mc_w.l(strcpy.o)
    0x08000206   0x08000206   0x0000002c   Code   RO         1617    .text               mc_w.l(uidiv.o)
    0x08000232   0x08000232   0x00000062   Code   RO         1619    .text               mc_w.l(uldiv.o)
    0x08000294   0x08000294   0x00000000   Code   RO         1621    .text               mc_w.l(iusefp.o)
    0x08000294   0x08000294   0x0000014e   Code   RO         1622    .text               mf_w.l(dadd.o)
    0x080003e2   0x080003e2   0x000000e4   Code   RO         1624    .text               mf_w.l(dmul.o)
    0x080004c6   0x080004c6   0x000000de   Code   RO         1626    .text               mf_w.l(ddiv.o)
    0x080005a4   0x080005a4   0x00000030   Code   RO         1628    .text               mf_w.l(dfixul.o)
    0x080005d4   0x080005d4   0x00000030   Code   RO         1630    .text               mf_w.l(cdrcmple.o)
    0x08000604   0x08000604   0x00000024   Code   RO         1632    .text               mc_w.l(init.o)
    0x08000628   0x08000628   0x0000001e   Code   RO         1634    .text               mc_w.l(llshl.o)
    0x08000646   0x08000646   0x00000020   Code   RO         1636    .text               mc_w.l(llushr.o)
    0x08000666   0x08000666   0x00000024   Code   RO         1638    .text               mc_w.l(llsshr.o)
    0x0800068a   0x0800068a   0x000000ba   Code   RO         1640    .text               mf_w.l(depilogue.o)
    0x08000744   0x08000744   0x00000004   Code   RO           76    .text.BusFault_Handler  n32g4fr_it.o
    0x08000748   0x08000748   0x00000002   Code   RO           82    .text.DebugMon_Handler  n32g4fr_it.o
    0x0800074a   0x0800074a   0x00000002   PAD
    0x0800074c   0x0800074c   0x0000040e   Code   RO          549    .text.GPIO_ConfigPinRemap  n32g4fr_gpio.o
    0x08000b5a   0x08000b5a   0x00000002   PAD
    0x08000b5c   0x08000b5c   0x00000186   Code   RO          521    .text.GPIO_InitPeripheral  n32g4fr_gpio.o
    0x08000ce2   0x08000ce2   0x00000002   PAD
    0x08000ce4   0x08000ce4   0x00000114   Code   RO         1420    .text.HardFaultHandler  segger_hardfaulthandler.o
    0x08000df8   0x08000df8   0x000000fc   Code   RO           27    .text.KeyInputInit  main.o
    0x08000ef4   0x08000ef4   0x00000018   Code   RO           21    .text.LedBlink      main.o
    0x08000f0c   0x08000f0c   0x000000fc   Code   RO           15    .text.LedInit       main.o
    0x08001008   0x08001008   0x00000014   Code   RO           17    .text.LedOn         main.o
    0x0800101c   0x0800101c   0x00000004   Code   RO           74    .text.MemManage_Handler  n32g4fr_it.o
    0x08001020   0x08001020   0x00000002   Code   RO           72    .text.NMI_Handler   n32g4fr_it.o
    0x08001022   0x08001022   0x00000002   PAD
    0x08001024   0x08001024   0x00000028   Code   RO           11    .text.NVIC_Configuration  main.o
    0x0800104c   0x0800104c   0x000000aa   Code   RO          100    .text.NVIC_Init     misc.o
    0x080010f6   0x080010f6   0x00000002   PAD
    0x080010f8   0x080010f8   0x0000001c   Code   RO           98    .text.NVIC_PriorityGroupConfig  misc.o
    0x08001114   0x08001114   0x0000001c   Code   RO           31    .text.RCC_Configuration  main.o
    0x08001130   0x08001130   0x00000038   Code   RO          800    .text.RCC_EnableAPB1PeriphClk  n32g4fr_rcc.o
    0x08001168   0x08001168   0x00000038   Code   RO          798    .text.RCC_EnableAPB2PeriphClk  n32g4fr_rcc.o
    0x080011a0   0x080011a0   0x000001c4   Code   RO          794    .text.RCC_GetClocksFreqValue  n32g4fr_rcc.o
    0x08001364   0x08001364   0x00000008   Code   RO         1493    .text.SEGGER_RTT_Init  segger_rtt.o
    0x0800136c   0x0800136c   0x0000004c   Code   RO         1457    .text.SEGGER_RTT_Write  segger_rtt.o
    0x080013b8   0x080013b8   0x000000b0   Code   RO         1453    .text.SEGGER_RTT_WriteNoLock  segger_rtt.o
    0x08001468   0x08001468   0x0000002a   Code   RO         1526    .text.SEGGER_RTT_printf  segger_rtt_printf.o
    0x08001492   0x08001492   0x00000002   PAD
    0x08001494   0x08001494   0x0000033c   Code   RO         1518    .text.SEGGER_RTT_vprintf  segger_rtt_printf.o
    0x080017d0   0x080017d0   0x00000002   Code   RO           80    .text.SVC_Handler   n32g4fr_it.o
    0x080017d2   0x080017d2   0x00000002   PAD
    0x080017d4   0x080017d4   0x00000148   Code   RO           50    .text.SetSysClock   system_n32g4fr.o
    0x0800191c   0x0800191c   0x00000024   Code   RO          106    .text.SysTick_CLKSourceConfig  misc.o
    0x08001940   0x08001940   0x00000002   Code   RO           84    .text.SysTick_Handler  n32g4fr_it.o
    0x08001942   0x08001942   0x00000002   PAD
    0x08001944   0x08001944   0x000000cc   Code   RO           48    .text.SystemInit    system_n32g4fr.o
    0x08001a10   0x08001a10   0x00000044   Code   RO           88    .text.USART3_IRQHandler  n32g4fr_it.o
    0x08001a54   0x08001a54   0x00000092   Code   RO         1315    .text.USART_ConfigInt  n32g4fr_usart.o
    0x08001ae6   0x08001ae6   0x00000002   PAD
    0x08001ae8   0x08001ae8   0x0000002c   Code   RO         1313    .text.USART_Enable  n32g4fr_usart.o
    0x08001b14   0x08001b14   0x00000044   Code   RO         1349    .text.USART_GetFlagStatus  n32g4fr_usart.o
    0x08001b58   0x08001b58   0x000000b0   Code   RO         1353    .text.USART_GetIntStatus  n32g4fr_usart.o
    0x08001c08   0x08001c08   0x00000124   Code   RO         1305    .text.USART_Init    n32g4fr_usart.o
    0x08001d2c   0x08001d2c   0x00000010   Code   RO         1331    .text.USART_ReceiveData  n32g4fr_usart.o
    0x08001d3c   0x08001d3c   0x00000018   Code   RO         1329    .text.USART_SendData  n32g4fr_usart.o
    0x08001d54   0x08001d54   0x00000004   Code   RO           78    .text.UsageFault_Handler  n32g4fr_it.o
    0x08001d58   0x08001d58   0x0000009c   Code   RO         1435    .text._DoInit       segger_rtt.o
    0x08001df4   0x08001df4   0x0000003e   Code   RO         1447    .text._GetAvailWriteSpace  segger_rtt.o
    0x08001e32   0x08001e32   0x00000002   PAD
    0x08001e34   0x08001e34   0x000001cc   Code   RO         1522    .text._PrintInt     segger_rtt_printf.o
    0x08002000   0x08002000   0x000001ac   Code   RO         1524    .text._PrintUnsigned  segger_rtt_printf.o
    0x080021ac   0x080021ac   0x00000076   Code   RO         1520    .text._StoreChar    segger_rtt_printf.o
    0x08002222   0x08002222   0x00000002   PAD
    0x08002224   0x08002224   0x000000e4   Code   RO         1451    .text._WriteBlocking  segger_rtt.o
    0x08002308   0x08002308   0x0000008c   Code   RO         1449    .text._WriteNoCheck  segger_rtt.o
    0x08002394   0x08002394   0x0000000c   Code   RO            2    .text.app           app.o
    0x080023a0   0x080023a0   0x00000034   Code   RO           33    .text.fputc         main.o
    0x080023d4   0x080023d4   0x00000048   Code   RO           25    .text.led_init      main.o
    0x0800241c   0x0800241c   0x00000062   Code   RO           37    .text.main          main.o
    0x0800247e   0x0800247e   0x00000002   PAD
    0x08002480   0x08002480   0x0000004c   Code   RO           13    .text.segger_init   main.o
    0x080024cc   0x080024cc   0x000000ac   Code   RO         1538    .text.systick_delay_ms  delay.o
    0x08002578   0x08002578   0x00000088   Code   RO           35    .text.uart_init     main.o
    0x08002600   0x08002600   0x00000028   Code   RO           29    .text.user_button_init  main.o
    0x08002628   0x08002628   0x00000012   Code   RO         1429    OSKERNEL            hardfaulthandler.o
    0x0800263a   0x0800263a   0x00000002   PAD
    0x0800263c   0x0800263c   0x00000020   Code   RO         1566    i.__0printf         mc_w.l(printfa.o)
    0x0800265c   0x0800265c   0x0000000e   Code   RO         1644    i.__scatterload_copy  mc_w.l(handlers.o)
    0x0800266a   0x0800266a   0x00000002   Code   RO         1645    i.__scatterload_null  mc_w.l(handlers.o)
    0x0800266c   0x0800266c   0x0000000e   Code   RO         1646    i.__scatterload_zeroinit  mc_w.l(handlers.o)
    0x0800267a   0x0800267a   0x00000002   PAD
    0x0800267c   0x0800267c   0x00000184   Code   RO         1573    i._fp_digits        mc_w.l(printfa.o)
    0x08002800   0x08002800   0x000006dc   Code   RO         1574    i._printf_core      mc_w.l(printfa.o)
    0x08002edc   0x08002edc   0x00000024   Code   RO         1575    i._printf_post_padding  mc_w.l(printfa.o)
    0x08002f00   0x08002f00   0x0000002e   Code   RO         1576    i._printf_pre_padding  mc_w.l(printfa.o)
    0x08002f2e   0x08002f2e   0x00000010   Data   RO         1528    .rodata._PrintUnsigned._aV2C  segger_rtt_printf.o
    0x08002f3e   0x08002f3e   0x00000010   Data   RO          825    .rodata.s_AdcHclkPresTable  n32g4fr_rcc.o
    0x08002f4e   0x08002f4e   0x00000020   Data   RO          826    .rodata.s_AdcPllClkPresTable  n32g4fr_rcc.o
    0x08002f6e   0x08002f6e   0x00000010   Data   RO          824    .rodata.s_ApbAhbPresTable  n32g4fr_rcc.o
    0x08002f7e   0x08002f7e   0x0000007e   Data   RO           39    .rodata.str1.1      main.o
    0x08002ffc   0x08002ffc   0x00000013   Data   RO           90    .rodata.str1.1      n32g4fr_it.o
    0x0800300f   0x0800300f   0x00000014   Data   RO         1508    .rodata.str1.1      segger_rtt.o
    0x08003023   0x08003023   0x00000001   PAD
    0x08003024   0x08003024   0x00000020   Data   RO         1643    Region$$Table       anon$$obj.o


    Execution Region RW_IRAM1 (Exec base: 0x20000000, Load base: 0x08003048, Size: 0x00000d08, Max: 0x00020000, ABSOLUTE)

    Exec Addr    Load Addr    Size         Type   Attr      Idx    E Section Name        Object

    0x20000000   0x08003048   0x00000004   Data   RW         1607    .data               mc_w.l(stdout.o)
    0x20000004   0x0800304c   0x00000004   Data   RW           54    .data.SystemCoreClock  system_n32g4fr.o
    0x20000008        -       0x00000040   Zero   RW         1422    .bss.HardFaultRegs  segger_hardfaulthandler.o
    0x20000048        -       0x00000004   Zero   RW         1423    .bss._Continue      segger_hardfaulthandler.o
    0x2000004c        -       0x000000a8   Zero   RW         1505    .bss._SEGGER_RTT    segger_rtt.o
    0x200000f4        -       0x00000010   Zero   RW         1510    .bss._acDownBuffer  segger_rtt.o
    0x20000104        -       0x00000400   Zero   RW         1509    .bss._acUpBuffer    segger_rtt.o
    0x20000504   0x08003050   0x00000004   PAD
    0x20000508        -       0x00000800   Zero   RW           62    STACK               startup_n32g4fr.o


==============================================================================

Image component sizes


      Code (inc. data)   RO Data    RW Data    ZI Data      Debug   Object Name

        12          0          0          0          0        527   app.o
       172          0          0          0          0       1166   delay.o
        18          0          0          0          0        300   hardfaulthandler.o
      1090          0        126          0          0       6422   main.o
       234          0          0          0          0       2900   misc.o
      1428          0          0          0          0       6238   n32g4fr_gpio.o
        88          0         19          0          0       1749   n32g4fr_it.o
       564          0         64          0          0       8684   n32g4fr_rcc.o
       766          0          0          0          0       6782   n32g4fr_usart.o
       276          0          0          0         68       2685   segger_hardfaulthandler.o
       846          0         20          0       1208      13102   segger_rtt.o
      1876         14         16          0          0       3795   segger_rtt_printf.o
        36          8        408          0       2048        844   startup_n32g4fr.o
       532          0          0          4          0       2898   system_n32g4fr.o

    ----------------------------------------------------------------------
      7964         22        686          4       3328      58092   Object Totals
         0          0         32          0          0          0   (incl. Generated)
        26          0          1          0          4          0   (incl. Padding)

    ----------------------------------------------------------------------

      Code (inc. data)   RO Data    RW Data    ZI Data      Debug   Library Member Name

         0          0          0          0          0          0   entry.o
         0          0          0          0          0          0   entry10a.o
         0          0          0          0          0          0   entry11a.o
         8          4          0          0          0          0   entry2.o
         4          0          0          0          0          0   entry5.o
         0          0          0          0          0          0   entry7b.o
         0          0          0          0          0          0   entry8b.o
         8          4          0          0          0          0   entry9a.o
        30          0          0          0          0          0   handlers.o
        36          8          0          0          0         68   init.o
         0          0          0          0          0          0   iusefp.o
        30          0          0          0          0         68   llshl.o
        36          0          0          0          0         68   llsshr.o
        32          0          0          0          0         68   llushr.o
        36          0          0          0          0         68   memcpya.o
      2258         90          0          0          0        452   printfa.o
         0          0          0          4          0          0   stdout.o
        18          0          0          0          0         68   strcpy.o
        44          0          0          0          0         80   uidiv.o
        98          0          0          0          0         92   uldiv.o
        48          0          0          0          0         68   cdrcmple.o
       334          0          0          0          0        148   dadd.o
       222          0          0          0          0        100   ddiv.o
       186          0          0          0          0        176   depilogue.o
        48          0          0          0          0         68   dfixul.o
       228          0          0          0          0         96   dmul.o

    ----------------------------------------------------------------------
      3706        106          0          4          0       1688   Library Totals
         2          0          0          0          0          0   (incl. Padding)

    ----------------------------------------------------------------------

      Code (inc. data)   RO Data    RW Data    ZI Data      Debug   Library Name

      2638        106          0          4          0       1032   mc_w.l
      1066          0          0          0          0        656   mf_w.l

    ----------------------------------------------------------------------
      3706        106          0          4          0       1688   Library Totals

    ----------------------------------------------------------------------

==============================================================================


      Code (inc. data)   RO Data    RW Data    ZI Data      Debug   

     11670        128        686          8       3328      58880   Grand Totals
     11670        128        686          8       3328      58880   ELF Image Totals
     11670        128        686          8          0          0   ROM Totals

==============================================================================

    Total RO  Size (Code + RO Data)                12356 (  12.07kB)
    Total RW  Size (RW Data + ZI Data)              3336 (   3.26kB)
    Total ROM Size (Code + RO Data + RW Data)      12364 (  12.07kB)

==============================================================================

