<html>
<body>
<pre>
<h1>µVision Build Log</h1>
<h2>Tool Versions:</h2>
IDE-Version: ¦ÌVision V5.32.0.0
Copyright (C) 2020 ARM Ltd and ARM Germany GmbH. All rights reserved.
License Information: cccc phosense, cccc, LIC=BUURY-IZ4N7-BS6YX-H1QE2-4SU49-2HYG2
 
Tool Versions:
Toolchain:       MDK-ARM Plus  Version: 5.32.0.0
Toolchain Path:  d:\Keil_v5\ARM\ARMCLANG\Bin
C Compiler:      ArmClang.exe V6.14.1
Assembler:       Armasm.exe V6.14.1
Linker/Locator:  ArmLink.exe V6.14.1
Library Manager: ArmAr.exe V6.14.1
Hex Converter:   FromElf.exe V6.14.1
CPU DLL:         
Dialog DLL:      
Target DLL:      CMSIS_AGDI_V8M.DLL V1.6.17.0
Dialog DLL:      TCM.DLL V1.46.0.0
 
<h2>Project:</h2>
D:\cccc2020\CODE\workspace\bfsk_acm32\ref\ModulesDemo_Rev1.0.8\ModulesDemo\GPIO\demo\MDK_Project\Project.uvprojx
Project File Date:  01/24/2022

<h2>Output:</h2>
*** Using Compiler 'V6.14.1', folder: 'd:\Keil_v5\ARM\ARMCLANG\Bin'
Rebuild target 'Project'
assembling Startup_ACM32F4.s...
compiling HAL_EFlash.c...
compiling main.c...
compiling APP.c...
compiling System_ACM32F4.c...
compiling HAL_GPIO.c...
compiling HAL_DMA.c...
compiling HAL_Uart.c...
linking...
Program Size: Code=4584 RO-data=544 RW-data=4 ZI-data=2212  
FromELF: creating hex file...
After Build - User command #1: fromelf.exe --bin --output ./Out_Files/Project.bin ./Objects/Project.axf
".\Objects\Project.axf" - 0 Error(s), 0 Warning(s).

<h2>Software Packages used:</h2>

Package Vendor: ARM
                http://www.keil.com/pack/ARM.CMSIS.5.7.0.pack
                ARM.CMSIS.5.7.0
                CMSIS (Cortex Microcontroller Software Interface Standard)

<h2>Collection of Component include folders:</h2>
  d:\Keil_v5\Arm\Packs\ARM\CMSIS\5.7.0\Device\ARM\ARMCM33\Include

<h2>Collection of Component Files used:</h2>
Build Time Elapsed:  00:00:01
</pre>
</body>
</html>
