<html>
<body>
<pre>
<h1>µVision Build Log</h1>
<h2>Tool Versions:</h2>
IDE-Version: ¦ÌVision V5.32.0.0
Copyright (C) 2020 ARM Ltd and ARM Germany GmbH. All rights reserved.
License Information: cccc phosense, cccc, LIC=BUURY-IZ4N7-BS6YX-H1QE2-4SU49-2HYG2
 
Tool Versions:
Toolchain:       MDK-ARM Plus  Version: 5.32.0.0
Toolchain Path:  d:\Keil_v5\ARM\ARMCLANG\Bin
C Compiler:      ArmClang.exe V6.14.1
Assembler:       Armasm.exe V6.14.1
Linker/Locator:  ArmLink.exe V6.14.1
Library Manager: ArmAr.exe V6.14.1
Hex Converter:   FromElf.exe V6.14.1
CPU DLL:         SARMCM3.DLL V5.32.0.0
Dialog DLL:      DCM.DLL V1.17.3.0
Target DLL:      CMSIS_AGDI.dll V1.32.12.0
Dialog DLL:      TCM.DLL V1.46.0.0
 
<h2>Project:</h2>
D:\cccc2020\CODE\workspace\bfsk_pt32\embedded\test_coremark\MDK\test_coremark.uvprojx
Project File Date:  01/29/2022

<h2>Output:</h2>
*** Using Compiler 'V6.14.1', folder: 'd:\Keil_v5\ARM\ARMCLANG\Bin'
Rebuild target 'ramcode'
compiling system_pt32z192xx.c...
assembling startup_pt32z192.s...
compiling pt32z192xx_adc.c...
compiling app.c...
compiling main.c...
compiling pt32z192xx_gpio.c...
compiling pt32z192xx_it.c...
compiling pt32z192xx_dsp.c...
compiling pt32z192xx_misc.c...
compiling pt32z192xx_sys.c...
compiling pt32z192xx_i2c.c...
compiling pt32z192xx_spi.c...
compiling pt32z192xx_tim.c...
compiling pt32z192xx_pwm.c...
compiling pt32z192xx_wdg.c...
compiling pt32z192xx_uart.c...
compiling pt32z192xx_serial.c...
compiling pt32z192xx_retarget.c...
compiling pt32z192xx_qspi.c...
compiling SEGGER_HardFaultHandler.c...
compiling pt32z192xx_dma.c...
assembling HardFaultHandler.S...
compiling SEGGER_RTT_printf.c...
compiling core_portme.c...
compiling core_util.c...
compiling core_main.c...
compiling core_state.c...
compiling SEGGER_RTT.c...
compiling core_list_join.c...
compiling core_matrix.c...
linking...
Program Size: Code=20424 RO-data=1528 RW-data=24 ZI-data=34080  
After Build - User command #1: fromelf --bin -o ".\bin\ramcode.bin" "D:\cccc2020\CODE\workspace\bfsk_pt32\embedded\test_coremark\MDK\output\ramcode\ramcode.axf"
After Build - User command #2: fromelf -c "D:\cccc2020\CODE\workspace\bfsk_pt32\embedded\test_coremark\MDK\output\ramcode\ramcode.axf" -o "D:\cccc2020\CODE\workspace\bfsk_pt32\embedded\test_coremark\MDK\output\ramcode\ramcode.asm"
".\output\ramcode\ramcode.axf" - 0 Error(s), 0 Warning(s).

<h2>Software Packages used:</h2>

Package Vendor: ARM
                http://www.keil.com/pack/ARM.CMSIS.5.7.0.pack
                ARM.CMSIS.5.7.0
                CMSIS (Cortex Microcontroller Software Interface Standard)

<h2>Collection of Component include folders:</h2>
  d:\Keil_v5\Arm\Packs\ARM\CMSIS\5.7.0\Device\ARM\ARMCM3\Include

<h2>Collection of Component Files used:</h2>
Build Time Elapsed:  00:00:02
</pre>
</body>
</html>
