Component: ARM Compiler 6.14.1 Tool: armlink [5db06d00]

==============================================================================

Image Symbol Table

    Local Symbols

    Symbol Name                              Value     Ov Type        Size  Object(Section)

    ../clib/microlib/division.c              0x00000000   Number         0  uldiv.o ABSOLUTE
    ../clib/microlib/division.c              0x00000000   Number         0  uidiv.o ABSOLUTE
    ../clib/microlib/init/entry.s            0x00000000   Number         0  entry.o ABSOLUTE
    ../clib/microlib/init/entry.s            0x00000000   Number         0  entry2.o ABSOLUTE
    ../clib/microlib/init/entry.s            0x00000000   Number         0  entry5.o ABSOLUTE
    ../clib/microlib/init/entry.s            0x00000000   Number         0  entry7a.o ABSOLUTE
    ../clib/microlib/init/entry.s            0x00000000   Number         0  entry7b.o ABSOLUTE
    ../clib/microlib/init/entry.s            0x00000000   Number         0  entry8a.o ABSOLUTE
    ../clib/microlib/init/entry.s            0x00000000   Number         0  entry8b.o ABSOLUTE
    ../clib/microlib/init/entry.s            0x00000000   Number         0  entry9a.o ABSOLUTE
    ../clib/microlib/init/entry.s            0x00000000   Number         0  entry9b.o ABSOLUTE
    ../clib/microlib/init/entry.s            0x00000000   Number         0  entry10a.o ABSOLUTE
    ../clib/microlib/init/entry.s            0x00000000   Number         0  entry10b.o ABSOLUTE
    ../clib/microlib/init/entry.s            0x00000000   Number         0  entry11a.o ABSOLUTE
    ../clib/microlib/init/entry.s            0x00000000   Number         0  entry11b.o ABSOLUTE
    ../clib/microlib/longlong.c              0x00000000   Number         0  llshl.o ABSOLUTE
    ../clib/microlib/longlong.c              0x00000000   Number         0  llushr.o ABSOLUTE
    ../clib/microlib/longlong.c              0x00000000   Number         0  llsshr.o ABSOLUTE
    ../clib/microlib/printf/printf.c         0x00000000   Number         0  printfa.o ABSOLUTE
    ../clib/microlib/stdio/fputc.c           0x00000000   Number         0  fputc.o ABSOLUTE
    ../clib/microlib/stdio/fputc.c           0x00000000   Number         0  fputc_h.o ABSOLUTE
    ../clib/microlib/stdio/semi.s            0x00000000   Number         0  semi.o ABSOLUTE
    ../clib/microlib/stdio/streams.c         0x00000000   Number         0  stdout.o ABSOLUTE
    ../clib/microlib/string/memcpy.c         0x00000000   Number         0  memcpya.o ABSOLUTE
    ../clib/microlib/string/memcpy.c         0x00000000   Number         0  memcpyb.o ABSOLUTE
    ../clib/microlib/string/memset.c         0x00000000   Number         0  memseta.o ABSOLUTE
    ../clib/microlib/string/strcpy.c         0x00000000   Number         0  strcpy.o ABSOLUTE
    ../clib/microlib/string/strlen.c         0x00000000   Number         0  strlen.o ABSOLUTE
    ../clib/microlib/stubs.s                 0x00000000   Number         0  iusefp.o ABSOLUTE
    ../clib/microlib/stubs.s                 0x00000000   Number         0  iusesemip.o ABSOLUTE
    ../fplib/microlib/fpadd.c                0x00000000   Number         0  dadd.o ABSOLUTE
    ../fplib/microlib/fpdiv.c                0x00000000   Number         0  ddiv.o ABSOLUTE
    ../fplib/microlib/fpepilogue.c           0x00000000   Number         0  depilogue.o ABSOLUTE
    ../fplib/microlib/fpfix.c                0x00000000   Number         0  dfixul.o ABSOLUTE
    ../fplib/microlib/fpmul.c                0x00000000   Number         0  dmul.o ABSOLUTE
    SEGGER_HardFaultHandler.c                0x00000000   Number         0  segger_hardfaulthandler.o ABSOLUTE
    SEGGER_RTT.c                             0x00000000   Number         0  segger_rtt.o ABSOLUTE
    SEGGER_RTT_printf.c                      0x00000000   Number         0  segger_rtt_printf.o ABSOLUTE
    app.c                                    0x00000000   Number         0  app.o ABSOLUTE
    cdrcmple.s                               0x00000000   Number         0  cdrcmple.o ABSOLUTE
    croutine.c                               0x00000000   Number         0  croutine.o ABSOLUTE
    dc.s                                     0x00000000   Number         0  dc.o ABSOLUTE
    event_groups.c                           0x00000000   Number         0  event_groups.o ABSOLUTE
    handlers.s                               0x00000000   Number         0  handlers.o ABSOLUTE
    hc32f46x_clk.c                           0x00000000   Number         0  hc32f46x_clk.o ABSOLUTE
    hc32f46x_efm.c                           0x00000000   Number         0  hc32f46x_efm.o ABSOLUTE
    hc32f46x_icg.c                           0x00000000   Number         0  hc32f46x_icg.o ABSOLUTE
    hc32f46x_interrupts.c                    0x00000000   Number         0  hc32f46x_interrupts.o ABSOLUTE
    hc32f46x_utility.c                       0x00000000   Number         0  hc32f46x_utility.o ABSOLUTE
[...]
    Timer41GCMUL_IrqHandler                   - Undefined Weak Reference
    Timer41GCMVH_IrqHandler                   - Undefined Weak Reference
    Timer41GCMVL_IrqHandler                   - Undefined Weak Reference
    Timer41GCMWH_IrqHandler                   - Undefined Weak Reference
    Timer41GCMWL_IrqHandler                   - Undefined Weak Reference
    Timer41GOV_IrqHandler                     - Undefined Weak Reference
    Timer41GUD_IrqHandler                     - Undefined Weak Reference
    Timer41ReloadU_IrqHandler                 - Undefined Weak Reference
    Timer41ReloadV_IrqHandler                 - Undefined Weak Reference
    Timer41ReloadW_IrqHandler                 - Undefined Weak Reference
    Timer42GCMVH_IrqHandler                   - Undefined Weak Reference
    Timer42GCMVL_IrqHandler                   - Undefined Weak Reference
    Timer42GCMWH_IrqHandler                   - Undefined Weak Reference
    Timer42GCMWL_IrqHandler                   - Undefined Weak Reference
    Timer42GOV_IrqHandler                     - Undefined Weak Reference
    Timer42GUD_IrqHandler                     - Undefined Weak Reference
    Timer42ReloadU_IrqHandler                 - Undefined Weak Reference
    Timer42ReloadV_IrqHandler                 - Undefined Weak Reference
    Timer42ReloadW_IrqHandler                 - Undefined Weak Reference
    Timer43GCMUH_IrqHandler                   - Undefined Weak Reference
    Timer43GCMUL_IrqHandler                   - Undefined Weak Reference
    Timer43GCMVH_IrqHandler                   - Undefined Weak Reference
    Timer43GCMVL_IrqHandler                   - Undefined Weak Reference
    Timer43GCMWH_IrqHandler                   - Undefined Weak Reference
    Timer43GCMWL_IrqHandler                   - Undefined Weak Reference
    Timer43GOV_IrqHandler                     - Undefined Weak Reference
    Timer43GUD_IrqHandler                     - Undefined Weak Reference
    Timer43ReloadV_IrqHandler                 - Undefined Weak Reference
    Timer43ReloadW_IrqHandler                 - Undefined Weak Reference
    Timer61GCMA_IrqHandler                    - Undefined Weak Reference
    Timer61GCMB_IrqHandler                    - Undefined Weak Reference
    Timer61GCMC_IrqHandler                    - Undefined Weak Reference
    Timer61GCMD_IrqHandler                    - Undefined Weak Reference
    Timer61GCME_IrqHandler                    - Undefined Weak Reference
    Timer61GCMF_IrqHandler                    - Undefined Weak Reference
    Timer61GDT_IrqHandler                     - Undefined Weak Reference
    Timer61GOV_IrqHandler                     - Undefined Weak Reference
    Timer61GUD_IrqHandler                     - Undefined Weak Reference
    Timer61SCMA_IrqHandler                    - Undefined Weak Reference
    Timer61SCMB_IrqHandler                    - Undefined Weak Reference
    Timer62GCMA_IrqHandler                    - Undefined Weak Reference
    Timer62GCMB_IrqHandler                    - Undefined Weak Reference
    Timer62GCMC_IrqHandler                    - Undefined Weak Reference
    Timer62GCMD_IrqHandler                    - Undefined Weak Reference
    Timer62GCME_IrqHandler                    - Undefined Weak Reference
    Timer62GCMF_IrqHandler                    - Undefined Weak Reference
    Timer62GDT_IrqHandler                     - Undefined Weak Reference
    Timer62GOV_IrqHandler                     - Undefined Weak Reference
    Timer62GUD_IrqHandler                     - Undefined Weak Reference
    Timer62SCMA_IrqHandler                    - Undefined Weak Reference
    Timer62SCMB_IrqHandler                    - Undefined Weak Reference
    Timer63GCMA_IrqHandler                    - Undefined Weak Reference
    Timer63GCMB_IrqHandler                    - Undefined Weak Reference
    Timer63GCMC_IrqHandler                    - Undefined Weak Reference
    Timer63GCMD_IrqHandler                    - Undefined Weak Reference
    Timer63GCME_IrqHandler                    - Undefined Weak Reference
    Timer63GCMF_IrqHandler                    - Undefined Weak Reference
    Timer63GDT_IrqHandler                     - Undefined Weak Reference
    Timer63GOV_IrqHandler                     - Undefined Weak Reference
    Timer63GUD_IrqHandler                     - Undefined Weak Reference
    Timer63SCMA_IrqHandler                    - Undefined Weak Reference
    Timer63SCMB_IrqHandler                    - Undefined Weak Reference
    TimerA1CMP_IrqHandler                     - Undefined Weak Reference
    TimerA1OV_IrqHandler                      - Undefined Weak Reference
    TimerA1UD_IrqHandler                      - Undefined Weak Reference
    TimerA2CMP_IrqHandler                     - Undefined Weak Reference
    TimerA2OV_IrqHandler                      - Undefined Weak Reference
    TimerA2UD_IrqHandler                      - Undefined Weak Reference
    TimerA3CMP_IrqHandler                     - Undefined Weak Reference
    TimerA3OV_IrqHandler                      - Undefined Weak Reference
    TimerA3UD_IrqHandler                      - Undefined Weak Reference
    TimerA4CMP_IrqHandler                     - Undefined Weak Reference
    TimerA4OV_IrqHandler                      - Undefined Weak Reference
    TimerA4UD_IrqHandler                      - Undefined Weak Reference
    TimerA5CMP_IrqHandler                     - Undefined Weak Reference
    TimerA5OV_IrqHandler                      - Undefined Weak Reference
    TimerA5UD_IrqHandler                      - Undefined Weak Reference
    TimerA6CMP_IrqHandler                     - Undefined Weak Reference
    TimerA6OV_IrqHandler                      - Undefined Weak Reference
    TimerA6UD_IrqHandler                      - Undefined Weak Reference
    UsageFault_IrqHandler                     - Undefined Weak Reference
    Usart1RxEnd_IrqHandler                    - Undefined Weak Reference
    Usart1RxErr_IrqHandler                    - Undefined Weak Reference
    Usart1RxTO_IrqHandler                     - Undefined Weak Reference
    Usart1TxEmpty_IrqHandler                  - Undefined Weak Reference
    Usart1TxEnd_IrqHandler                    - Undefined Weak Reference
    Usart2RxEnd_IrqHandler                    - Undefined Weak Reference
    Usart2RxErr_IrqHandler                    - Undefined Weak Reference
    Usart2RxTO_IrqHandler                     - Undefined Weak Reference
    Usart2TxEmpty_IrqHandler                  - Undefined Weak Reference
    Usart2TxEnd_IrqHandler                    - Undefined Weak Reference
    Usart3RxEnd_IrqHandler                    - Undefined Weak Reference
    Usart3RxErr_IrqHandler                    - Undefined Weak Reference
    Usart3RxTO_IrqHandler                     - Undefined Weak Reference
    Usart3TxEmpty_IrqHandler                  - Undefined Weak Reference
    Usart3TxEnd_IrqHandler                    - Undefined Weak Reference
    Usart4RxEnd_IrqHandler                    - Undefined Weak Reference
    Usart4RxErr_IrqHandler                    - Undefined Weak Reference
    Usart4RxTO_IrqHandler                     - Undefined Weak Reference
    Usart4TxEmpty_IrqHandler                  - Undefined Weak Reference
    Usart4TxEnd_IrqHandler                    - Undefined Weak Reference
    UsbGlobal_IrqHandler                      - Undefined Weak Reference
    WakeupTimer_IrqHandler                    - Undefined Weak Reference
    Wdt_IrqHandler                            - Undefined Weak Reference
    __cpp_initialize__aeabi_                  - Undefined Weak Reference
    __cxa_finalize                            - Undefined Weak Reference
    __decompress                              - Undefined Weak Reference
    _clock_init                               - Undefined Weak Reference
    _microlib_exit                            - Undefined Weak Reference
    __Vectors_End                            0x00000280   Data           0  startup_hc32f46x.o(RESET)
    __Vectors_Size                           0x00000280   Number         0  startup_hc32f46x.o ABSOLUTE
    __main                                   0x00000281   Thumb Code     0  entry.o(.ARM.Collect$$$$00000000)
    _main_stk                                0x00000281   Thumb Code     0  entry2.o(.ARM.Collect$$$$00000001)
    _main_scatterload                        0x00000285   Thumb Code     0  entry5.o(.ARM.Collect$$$$00000004)
    __main_after_scatterload                 0x00000289   Thumb Code     0  entry5.o(.ARM.Collect$$$$00000004)
    _main_clock                              0x00000289   Thumb Code     0  entry7b.o(.ARM.Collect$$$$00000008)
    _main_cpp_init                           0x00000289   Thumb Code     0  entry8b.o(.ARM.Collect$$$$0000000A)
    _main_init                               0x00000289   Thumb Code     0  entry9a.o(.ARM.Collect$$$$0000000B)
    __rt_final_cpp                           0x00000291   Thumb Code     0  entry10a.o(.ARM.Collect$$$$0000000D)
    __rt_final_exit                          0x00000291   Thumb Code     0  entry11a.o(.ARM.Collect$$$$0000000F)
    Reset_Handler                            0x00000295   Thumb Code    48  startup_hc32f46x.o(.text)
    HardFault_Handler                        0x000002c7   Thumb Code     2  startup_hc32f46x.o(.text)
    IRQ133_Handler                           0x000002d7   Thumb Code     0  startup_hc32f46x.o(.text)
    IRQ134_Handler                           0x000002d7   Thumb Code     0  startup_hc32f46x.o(.text)
    IRQ135_Handler                           0x000002d7   Thumb Code     0  startup_hc32f46x.o(.text)
    __aeabi_uldivmod                         0x000002ed   Thumb Code    98  uldiv.o(.text)
    __aeabi_memcpy                           0x0000034f   Thumb Code    36  memcpya.o(.text)
    __aeabi_memcpy4                          0x0000034f   Thumb Code     0  memcpya.o(.text)
    __aeabi_memcpy8                          0x0000034f   Thumb Code     0  memcpya.o(.text)
    __aeabi_memset                           0x00000373   Thumb Code    14  memseta.o(.text)
    __aeabi_memset4                          0x00000373   Thumb Code     0  memseta.o(.text)
    __aeabi_memset8                          0x00000373   Thumb Code     0  memseta.o(.text)
    __aeabi_memclr                           0x00000381   Thumb Code     4  memseta.o(.text)
    __aeabi_memclr4                          0x00000381   Thumb Code     0  memseta.o(.text)
    __aeabi_memclr8                          0x00000381   Thumb Code     0  memseta.o(.text)
    _memset$wrapper                          0x00000385   Thumb Code    18  memseta.o(.text)
    strcpy                                   0x00000397   Thumb Code    18  strcpy.o(.text)
    __aeabi_uidiv                            0x000003a9   Thumb Code     0  uidiv.o(.text)
    __aeabi_uidivmod                         0x000003a9   Thumb Code    44  uidiv.o(.text)
    __aeabi_llsl                             0x000003d5   Thumb Code    30  llshl.o(.text)
    _ll_shift_l                              0x000003d5   Thumb Code     0  llshl.o(.text)
    __aeabi_llsr                             0x000003f3   Thumb Code    32  llushr.o(.text)
    _ll_ushift_r                             0x000003f3   Thumb Code     0  llushr.o(.text)
    __I$use$fp                               0x00000413   Thumb Code     0  iusefp.o(.text)
    __aeabi_dadd                             0x00000413   Thumb Code   322  dadd.o(.text)
    __aeabi_dsub                             0x00000555   Thumb Code     6  dadd.o(.text)
    __aeabi_drsub                            0x0000055b   Thumb Code     6  dadd.o(.text)
    __aeabi_dmul                             0x00000561   Thumb Code   228  dmul.o(.text)
    __aeabi_ddiv                             0x00000645   Thumb Code   222  ddiv.o(.text)
    __aeabi_d2ulz                            0x00000723   Thumb Code    48  dfixul.o(.text)
    __aeabi_cdrcmple                         0x00000755   Thumb Code    48  cdrcmple.o(.text)
    __scatterload                            0x00000785   Thumb Code    28  init.o(.text)
    __scatterload_rt2                        0x00000785   Thumb Code     0  init.o(.text)
    __aeabi_lasr                             0x000007a9   Thumb Code    36  llsshr.o(.text)
    __semihosting_library_function           0x000007a9   Thumb Code     0  semi.o(.text)
    _ll_sshift_r                             0x000007a9   Thumb Code     0  llsshr.o(.text)
    __I$use$semihosting$fputc                0x000007cd   Thumb Code     0  iusesemip.o(.text)
    _double_round                            0x000007cd   Thumb Code    30  depilogue.o(.text)
    _double_epilogue                         0x000007eb   Thumb Code   156  depilogue.o(.text)
    BusFault_Handler                         0x00000889   Thumb Code     8  hc32f46x_interrupts.o(.text.BusFault_Handler)
    CLK_GetClockFreq                         0x00000891   Thumb Code   384  hc32f46x_clk.o(.text.CLK_GetClockFreq)
    CLK_GetFlagStatus                        0x00000a11   Thumb Code   184  hc32f46x_clk.o(.text.CLK_GetFlagStatus)
    CLK_MpllCmd                              0x00000ac9   Thumb Code   224  hc32f46x_clk.o(.text.CLK_MpllCmd)
    CLK_MpllConfig                           0x00000ba9   Thumb Code   570  hc32f46x_clk.o(.text.CLK_MpllConfig)
    CLK_SetPllSource                         0x00000de5   Thumb Code   106  hc32f46x_clk.o(.text.CLK_SetPllSource)
    CLK_SetSysClkSource                      0x00000e51   Thumb Code   394  hc32f46x_clk.o(.text.CLK_SetSysClkSource)
    CLK_SysClkConfig                         0x00000fdd   Thumb Code   566  hc32f46x_clk.o(.text.CLK_SysClkConfig)
    CLK_XtalCmd                              0x00001215   Thumb Code   330  hc32f46x_clk.o(.text.CLK_XtalCmd)
    CLK_XtalConfig                           0x00001361   Thumb Code   114  hc32f46x_clk.o(.text.CLK_XtalConfig)
    Ddl_AssertHandler                        0x000013d5   Thumb Code    44  hc32f46x_utility.o(.text.Ddl_AssertHandler)
    DebugMon_Handler                         0x00001401   Thumb Code     8  hc32f46x_interrupts.o(.text.DebugMon_Handler)
    EFM_Lock                                 0x00001409   Thumb Code    36  hc32f46x_efm.o(.text.EFM_Lock)
    EFM_SetLatency                           0x0000142d   Thumb Code   186  hc32f46x_efm.o(.text.EFM_SetLatency)
    EFM_Unlock                               0x000014e9   Thumb Code    22  hc32f46x_efm.o(.text.EFM_Unlock)
    HardFaultHandler                         0x00001501   Thumb Code   278  segger_hardfaulthandler.o(.text.HardFaultHandler)
    IRQ000_Handler                           0x00001619   Thumb Code    34  hc32f46x_interrupts.o(.text.IRQ000_Handler)
    IRQ001_Handler                           0x0000163d   Thumb Code    34  hc32f46x_interrupts.o(.text.IRQ001_Handler)
    IRQ002_Handler                           0x00001661   Thumb Code    34  hc32f46x_interrupts.o(.text.IRQ002_Handler)
    IRQ003_Handler                           0x00001685   Thumb Code    34  hc32f46x_interrupts.o(.text.IRQ003_Handler)
    IRQ004_Handler                           0x000016a9   Thumb Code    34  hc32f46x_interrupts.o(.text.IRQ004_Handler)
    IRQ005_Handler                           0x000016cd   Thumb Code    34  hc32f46x_interrupts.o(.text.IRQ005_Handler)
    IRQ006_Handler                           0x000016f1   Thumb Code    34  hc32f46x_interrupts.o(.text.IRQ006_Handler)
    IRQ007_Handler                           0x00001715   Thumb Code    34  hc32f46x_interrupts.o(.text.IRQ007_Handler)
    IRQ008_Handler                           0x00001739   Thumb Code    34  hc32f46x_interrupts.o(.text.IRQ008_Handler)
    IRQ009_Handler                           0x0000175d   Thumb Code    34  hc32f46x_interrupts.o(.text.IRQ009_Handler)
    IRQ010_Handler                           0x00001781   Thumb Code    34  hc32f46x_interrupts.o(.text.IRQ010_Handler)
    IRQ011_Handler                           0x000017a5   Thumb Code    34  hc32f46x_interrupts.o(.text.IRQ011_Handler)
    IRQ012_Handler                           0x000017c9   Thumb Code    34  hc32f46x_interrupts.o(.text.IRQ012_Handler)
    IRQ013_Handler                           0x000017ed   Thumb Code    34  hc32f46x_interrupts.o(.text.IRQ013_Handler)
    IRQ014_Handler                           0x00001811   Thumb Code    34  hc32f46x_interrupts.o(.text.IRQ014_Handler)
    IRQ015_Handler                           0x00001835   Thumb Code    34  hc32f46x_interrupts.o(.text.IRQ015_Handler)
    IRQ016_Handler                           0x00001859   Thumb Code    34  hc32f46x_interrupts.o(.text.IRQ016_Handler)
    IRQ017_Handler                           0x0000187d   Thumb Code    34  hc32f46x_interrupts.o(.text.IRQ017_Handler)
    IRQ018_Handler                           0x000018a1   Thumb Code    34  hc32f46x_interrupts.o(.text.IRQ018_Handler)
    IRQ019_Handler                           0x000018c5   Thumb Code    34  hc32f46x_interrupts.o(.text.IRQ019_Handler)
    IRQ020_Handler                           0x000018e9   Thumb Code    34  hc32f46x_interrupts.o(.text.IRQ020_Handler)
    IRQ021_Handler                           0x0000190d   Thumb Code    34  hc32f46x_interrupts.o(.text.IRQ021_Handler)
    IRQ022_Handler                           0x00001931   Thumb Code    34  hc32f46x_interrupts.o(.text.IRQ022_Handler)
    IRQ023_Handler                           0x00001955   Thumb Code    34  hc32f46x_interrupts.o(.text.IRQ023_Handler)
    IRQ024_Handler                           0x00001979   Thumb Code    34  hc32f46x_interrupts.o(.text.IRQ024_Handler)
    IRQ025_Handler                           0x0000199d   Thumb Code    34  hc32f46x_interrupts.o(.text.IRQ025_Handler)
    IRQ026_Handler                           0x000019c1   Thumb Code    34  hc32f46x_interrupts.o(.text.IRQ026_Handler)
    IRQ027_Handler                           0x000019e5   Thumb Code    34  hc32f46x_interrupts.o(.text.IRQ027_Handler)
    IRQ028_Handler                           0x00001a09   Thumb Code    34  hc32f46x_interrupts.o(.text.IRQ028_Handler)
    IRQ029_Handler                           0x00001a2d   Thumb Code    34  hc32f46x_interrupts.o(.text.IRQ029_Handler)
    IRQ030_Handler                           0x00001a51   Thumb Code    34  hc32f46x_interrupts.o(.text.IRQ030_Handler)
    IRQ031_Handler                           0x00001a75   Thumb Code    34  hc32f46x_interrupts.o(.text.IRQ031_Handler)
    IRQ032_Handler                           0x00001a99   Thumb Code    38  hc32f46x_interrupts.o(.text.IRQ032_Handler)
    IRQ033_Handler                           0x00001ac1   Thumb Code    38  hc32f46x_interrupts.o(.text.IRQ033_Handler)
    IRQ034_Handler                           0x00001ae9   Thumb Code    38  hc32f46x_interrupts.o(.text.IRQ034_Handler)
    IRQ035_Handler                           0x00001b11   Thumb Code    38  hc32f46x_interrupts.o(.text.IRQ035_Handler)
    IRQ036_Handler                           0x00001b39   Thumb Code    38  hc32f46x_interrupts.o(.text.IRQ036_Handler)
    IRQ037_Handler                           0x00001b61   Thumb Code    38  hc32f46x_interrupts.o(.text.IRQ037_Handler)
    IRQ038_Handler                           0x00001b89   Thumb Code    38  hc32f46x_interrupts.o(.text.IRQ038_Handler)
    IRQ039_Handler                           0x00001bb1   Thumb Code    38  hc32f46x_interrupts.o(.text.IRQ039_Handler)
    IRQ040_Handler                           0x00001bd9   Thumb Code    38  hc32f46x_interrupts.o(.text.IRQ040_Handler)
    IRQ041_Handler                           0x00001c01   Thumb Code    38  hc32f46x_interrupts.o(.text.IRQ041_Handler)
    IRQ042_Handler                           0x00001c29   Thumb Code    38  hc32f46x_interrupts.o(.text.IRQ042_Handler)
    IRQ043_Handler                           0x00001c51   Thumb Code    38  hc32f46x_interrupts.o(.text.IRQ043_Handler)
    IRQ044_Handler                           0x00001c79   Thumb Code    38  hc32f46x_interrupts.o(.text.IRQ044_Handler)
    IRQ045_Handler                           0x00001ca1   Thumb Code    38  hc32f46x_interrupts.o(.text.IRQ045_Handler)
    IRQ046_Handler                           0x00001cc9   Thumb Code    38  hc32f46x_interrupts.o(.text.IRQ046_Handler)
    IRQ047_Handler                           0x00001cf1   Thumb Code    38  hc32f46x_interrupts.o(.text.IRQ047_Handler)
    IRQ048_Handler                           0x00001d19   Thumb Code    38  hc32f46x_interrupts.o(.text.IRQ048_Handler)
    IRQ049_Handler                           0x00001d41   Thumb Code    38  hc32f46x_interrupts.o(.text.IRQ049_Handler)
    IRQ050_Handler                           0x00001d69   Thumb Code    38  hc32f46x_interrupts.o(.text.IRQ050_Handler)
    IRQ051_Handler                           0x00001d91   Thumb Code    38  hc32f46x_interrupts.o(.text.IRQ051_Handler)
    IRQ052_Handler                           0x00001db9   Thumb Code    38  hc32f46x_interrupts.o(.text.IRQ052_Handler)
    IRQ053_Handler                           0x00001de1   Thumb Code    38  hc32f46x_interrupts.o(.text.IRQ053_Handler)
    IRQ054_Handler                           0x00001e09   Thumb Code    38  hc32f46x_interrupts.o(.text.IRQ054_Handler)
    IRQ055_Handler                           0x00001e31   Thumb Code    38  hc32f46x_interrupts.o(.text.IRQ055_Handler)
    IRQ056_Handler                           0x00001e59   Thumb Code    38  hc32f46x_interrupts.o(.text.IRQ056_Handler)
    IRQ057_Handler                           0x00001e81   Thumb Code    38  hc32f46x_interrupts.o(.text.IRQ057_Handler)
    IRQ058_Handler                           0x00001ea9   Thumb Code    38  hc32f46x_interrupts.o(.text.IRQ058_Handler)
    IRQ059_Handler                           0x00001ed1   Thumb Code    38  hc32f46x_interrupts.o(.text.IRQ059_Handler)
    IRQ060_Handler                           0x00001ef9   Thumb Code    38  hc32f46x_interrupts.o(.text.IRQ060_Handler)
    IRQ061_Handler                           0x00001f21   Thumb Code    38  hc32f46x_interrupts.o(.text.IRQ061_Handler)
    IRQ062_Handler                           0x00001f49   Thumb Code    38  hc32f46x_interrupts.o(.text.IRQ062_Handler)
    IRQ063_Handler                           0x00001f71   Thumb Code    38  hc32f46x_interrupts.o(.text.IRQ063_Handler)
    IRQ064_Handler                           0x00001f99   Thumb Code    38  hc32f46x_interrupts.o(.text.IRQ064_Handler)
    IRQ065_Handler                           0x00001fc1   Thumb Code    38  hc32f46x_interrupts.o(.text.IRQ065_Handler)
    IRQ066_Handler                           0x00001fe9   Thumb Code    38  hc32f46x_interrupts.o(.text.IRQ066_Handler)
    IRQ067_Handler                           0x00002011   Thumb Code    38  hc32f46x_interrupts.o(.text.IRQ067_Handler)
    IRQ068_Handler                           0x00002039   Thumb Code    38  hc32f46x_interrupts.o(.text.IRQ068_Handler)
    IRQ069_Handler                           0x00002061   Thumb Code    38  hc32f46x_interrupts.o(.text.IRQ069_Handler)
    IRQ070_Handler                           0x00002089   Thumb Code    38  hc32f46x_interrupts.o(.text.IRQ070_Handler)
    IRQ071_Handler                           0x000020b1   Thumb Code    38  hc32f46x_interrupts.o(.text.IRQ071_Handler)
    IRQ072_Handler                           0x000020d9   Thumb Code    38  hc32f46x_interrupts.o(.text.IRQ072_Handler)
    IRQ073_Handler                           0x00002101   Thumb Code    38  hc32f46x_interrupts.o(.text.IRQ073_Handler)
    IRQ074_Handler                           0x00002129   Thumb Code    38  hc32f46x_interrupts.o(.text.IRQ074_Handler)
    IRQ075_Handler                           0x00002151   Thumb Code    38  hc32f46x_interrupts.o(.text.IRQ075_Handler)
    IRQ076_Handler                           0x00002179   Thumb Code    38  hc32f46x_interrupts.o(.text.IRQ076_Handler)
    IRQ077_Handler                           0x000021a1   Thumb Code    38  hc32f46x_interrupts.o(.text.IRQ077_Handler)
    IRQ078_Handler                           0x000021c9   Thumb Code    38  hc32f46x_interrupts.o(.text.IRQ078_Handler)
    IRQ079_Handler                           0x000021f1   Thumb Code    38  hc32f46x_interrupts.o(.text.IRQ079_Handler)
    IRQ080_Handler                           0x00002219   Thumb Code    38  hc32f46x_interrupts.o(.text.IRQ080_Handler)
    IRQ081_Handler                           0x00002241   Thumb Code    38  hc32f46x_interrupts.o(.text.IRQ081_Handler)
    IRQ082_Handler                           0x00002269   Thumb Code    38  hc32f46x_interrupts.o(.text.IRQ082_Handler)
    IRQ083_Handler                           0x00002291   Thumb Code    38  hc32f46x_interrupts.o(.text.IRQ083_Handler)
    IRQ084_Handler                           0x000022b9   Thumb Code    38  hc32f46x_interrupts.o(.text.IRQ084_Handler)
    IRQ085_Handler                           0x000022e1   Thumb Code    38  hc32f46x_interrupts.o(.text.IRQ085_Handler)
    IRQ086_Handler                           0x00002309   Thumb Code    38  hc32f46x_interrupts.o(.text.IRQ086_Handler)
    IRQ087_Handler                           0x00002331   Thumb Code    38  hc32f46x_interrupts.o(.text.IRQ087_Handler)
    IRQ088_Handler                           0x00002359   Thumb Code    38  hc32f46x_interrupts.o(.text.IRQ088_Handler)
    IRQ089_Handler                           0x00002381   Thumb Code    38  hc32f46x_interrupts.o(.text.IRQ089_Handler)
    IRQ090_Handler                           0x000023a9   Thumb Code    38  hc32f46x_interrupts.o(.text.IRQ090_Handler)
    IRQ091_Handler                           0x000023d1   Thumb Code    38  hc32f46x_interrupts.o(.text.IRQ091_Handler)
    IRQ092_Handler                           0x000023f9   Thumb Code    38  hc32f46x_interrupts.o(.text.IRQ092_Handler)
    IRQ093_Handler                           0x00002421   Thumb Code    38  hc32f46x_interrupts.o(.text.IRQ093_Handler)
    IRQ094_Handler                           0x00002449   Thumb Code    38  hc32f46x_interrupts.o(.text.IRQ094_Handler)
    IRQ095_Handler                           0x00002471   Thumb Code    38  hc32f46x_interrupts.o(.text.IRQ095_Handler)
    IRQ096_Handler                           0x00002499   Thumb Code    38  hc32f46x_interrupts.o(.text.IRQ096_Handler)
    IRQ097_Handler                           0x000024c1   Thumb Code    38  hc32f46x_interrupts.o(.text.IRQ097_Handler)
    IRQ098_Handler                           0x000024e9   Thumb Code    38  hc32f46x_interrupts.o(.text.IRQ098_Handler)
    IRQ099_Handler                           0x00002511   Thumb Code    38  hc32f46x_interrupts.o(.text.IRQ099_Handler)
    IRQ100_Handler                           0x00002539   Thumb Code    38  hc32f46x_interrupts.o(.text.IRQ100_Handler)
    IRQ101_Handler                           0x00002561   Thumb Code    38  hc32f46x_interrupts.o(.text.IRQ101_Handler)
    IRQ102_Handler                           0x00002589   Thumb Code    38  hc32f46x_interrupts.o(.text.IRQ102_Handler)
    IRQ103_Handler                           0x000025b1   Thumb Code    38  hc32f46x_interrupts.o(.text.IRQ103_Handler)
    IRQ104_Handler                           0x000025d9   Thumb Code    38  hc32f46x_interrupts.o(.text.IRQ104_Handler)
    IRQ105_Handler                           0x00002601   Thumb Code    38  hc32f46x_interrupts.o(.text.IRQ105_Handler)
    IRQ106_Handler                           0x00002629   Thumb Code    38  hc32f46x_interrupts.o(.text.IRQ106_Handler)
    IRQ107_Handler                           0x00002651   Thumb Code    38  hc32f46x_interrupts.o(.text.IRQ107_Handler)
    IRQ108_Handler                           0x00002679   Thumb Code    38  hc32f46x_interrupts.o(.text.IRQ108_Handler)
    IRQ109_Handler                           0x000026a1   Thumb Code    38  hc32f46x_interrupts.o(.text.IRQ109_Handler)
    IRQ110_Handler                           0x000026c9   Thumb Code    38  hc32f46x_interrupts.o(.text.IRQ110_Handler)
    IRQ111_Handler                           0x000026f1   Thumb Code    38  hc32f46x_interrupts.o(.text.IRQ111_Handler)
    IRQ112_Handler                           0x00002719   Thumb Code    38  hc32f46x_interrupts.o(.text.IRQ112_Handler)
    IRQ113_Handler                           0x00002741   Thumb Code    38  hc32f46x_interrupts.o(.text.IRQ113_Handler)
    IRQ114_Handler                           0x00002769   Thumb Code    38  hc32f46x_interrupts.o(.text.IRQ114_Handler)
    IRQ115_Handler                           0x00002791   Thumb Code    38  hc32f46x_interrupts.o(.text.IRQ115_Handler)
    IRQ116_Handler                           0x000027b9   Thumb Code    38  hc32f46x_interrupts.o(.text.IRQ116_Handler)
    IRQ117_Handler                           0x000027e1   Thumb Code    38  hc32f46x_interrupts.o(.text.IRQ117_Handler)
    IRQ118_Handler                           0x00002809   Thumb Code    38  hc32f46x_interrupts.o(.text.IRQ118_Handler)
    IRQ119_Handler                           0x00002831   Thumb Code    38  hc32f46x_interrupts.o(.text.IRQ119_Handler)
    IRQ120_Handler                           0x00002859   Thumb Code    38  hc32f46x_interrupts.o(.text.IRQ120_Handler)
    IRQ121_Handler                           0x00002881   Thumb Code    38  hc32f46x_interrupts.o(.text.IRQ121_Handler)
    IRQ122_Handler                           0x000028a9   Thumb Code    38  hc32f46x_interrupts.o(.text.IRQ122_Handler)
    IRQ123_Handler                           0x000028d1   Thumb Code    38  hc32f46x_interrupts.o(.text.IRQ123_Handler)
    IRQ124_Handler                           0x000028f9   Thumb Code    38  hc32f46x_interrupts.o(.text.IRQ124_Handler)
    IRQ125_Handler                           0x00002921   Thumb Code    38  hc32f46x_interrupts.o(.text.IRQ125_Handler)
    IRQ126_Handler                           0x00002949   Thumb Code    38  hc32f46x_interrupts.o(.text.IRQ126_Handler)
    IRQ127_Handler                           0x00002971   Thumb Code    38  hc32f46x_interrupts.o(.text.IRQ127_Handler)
    IRQ128_Handler                           0x00002999   Thumb Code   564  hc32f46x_interrupts.o(.text.IRQ128_Handler)
    IRQ129_Handler                           0x00002bcd   Thumb Code  1932  hc32f46x_interrupts.o(.text.IRQ129_Handler)
    IRQ130_Handler                           0x00003359   Thumb Code   350  hc32f46x_interrupts.o(.text.IRQ130_Handler)
    IRQ131_Handler                           0x000034b9   Thumb Code  1210  hc32f46x_interrupts.o(.text.IRQ131_Handler)
    IRQ132_Handler                           0x00003975   Thumb Code   618  hc32f46x_interrupts.o(.text.IRQ132_Handler)
    IRQ136_Handler                           0x00003be1   Thumb Code  1424  hc32f46x_interrupts.o(.text.IRQ136_Handler)
    IRQ137_Handler                           0x00004171   Thumb Code  1198  hc32f46x_interrupts.o(.text.IRQ137_Handler)
    IRQ138_Handler                           0x00004621   Thumb Code  1080  hc32f46x_interrupts.o(.text.IRQ138_Handler)
    IRQ139_Handler                           0x00004a59   Thumb Code   552  hc32f46x_interrupts.o(.text.IRQ139_Handler)
    IRQ140_Handler                           0x00004c81   Thumb Code   878  hc32f46x_interrupts.o(.text.IRQ140_Handler)
    IRQ141_Handler                           0x00004ff1   Thumb Code   970  hc32f46x_interrupts.o(.text.IRQ141_Handler)
    IRQ142_Handler                           0x000053bd   Thumb Code   478  hc32f46x_interrupts.o(.text.IRQ142_Handler)
    IRQ143_Handler                           0x0000559d   Thumb Code   516  hc32f46x_interrupts.o(.text.IRQ143_Handler)
    MemManage_Handler                        0x000057a1   Thumb Code     8  hc32f46x_interrupts.o(.text.MemManage_Handler)
    NMI_Handler                              0x000057a9   Thumb Code     8  hc32f46x_interrupts.o(.text.NMI_Handler)
    PendSV_Handler                           0x000057b1   Thumb Code   100  port.o(.text.PendSV_Handler)
    SEGGER_RTT_Init                          0x00005815   Thumb Code     8  segger_rtt.o(.text.SEGGER_RTT_Init)
    SEGGER_RTT_Write                         0x0000581d   Thumb Code    78  segger_rtt.o(.text.SEGGER_RTT_Write)
    SEGGER_RTT_WriteNoLock                   0x0000586d   Thumb Code   178  segger_rtt.o(.text.SEGGER_RTT_WriteNoLock)
    SEGGER_RTT_printf                        0x00005921   Thumb Code    42  segger_rtt_printf.o(.text.SEGGER_RTT_printf)
    SEGGER_RTT_vprintf                       0x0000594d   Thumb Code  1042  segger_rtt_printf.o(.text.SEGGER_RTT_vprintf)
    SVC_Handler                              0x00005d61   Thumb Code    36  port.o(.text.SVC_Handler)
    SysClkIni                                0x00005d85   Thumb Code   188  myclk.o(.text.SysClkIni)
    SysTick_Handler                          0x00005e95   Thumb Code    62  port.o(.text.SysTick_Handler)
    SysTick_Init                             0x00005ed5   Thumb Code    78  hc32f46x_utility.o(.text.SysTick_Init)
    SystemCoreClockUpdate                    0x00005f25   Thumb Code   366  system_hc32f46x.o(.text.SystemCoreClockUpdate)
    SystemInit                               0x00006095   Thumb Code    24  system_hc32f46x.o(.text.SystemInit)
    UsageFault_Handler                       0x000060ad   Thumb Code     8  hc32f46x_interrupts.o(.text.UsageFault_Handler)
    app                                      0x000067a5   Thumb Code    92  app.o(.text.app)
    clk_test                                 0x00006801   Thumb Code   368  myclk.o(.text.clk_test)
    led0_task                                0x00006971   Thumb Code    18  app.o(.text.led0_task)
    main                                     0x00006985   Thumb Code    10  main.o(.text.main)
    pvPortMalloc                             0x00007709   Thumb Code   544  heap_4.o(.text.pvPortMalloc)
    pxPortInitialiseStack                    0x00007929   Thumb Code    94  port.o(.text.pxPortInitialiseStack)
    segger_init                              0x00007989   Thumb Code    76  app.o(.text.segger_init)
    start_task                               0x000079d5   Thumb Code    78  app.o(.text.start_task)
    tick_init                                0x00007a25   Thumb Code    22  app.o(.text.tick_init)
    uxListRemove                             0x00007a3d   Thumb Code    72  list.o(.text.uxListRemove)
    vListInitialise                          0x00007a85   Thumb Code    46  list.o(.text.vListInitialise)
    vListInitialiseItem                      0x00007ab5   Thumb Code    14  list.o(.text.vListInitialiseItem)
    vListInsert                              0x00007ac5   Thumb Code   108  list.o(.text.vListInsert)
    vListInsertEnd                           0x00007b31   Thumb Code    58  list.o(.text.vListInsertEnd)
    vPortEnterCritical                       0x00007b81   Thumb Code    88  port.o(.text.vPortEnterCritical)
    vPortExitCritical                        0x00007bd9   Thumb Code    78  port.o(.text.vPortExitCritical)
    vPortFree                                0x00007c29   Thumb Code   212  heap_4.o(.text.vPortFree)
    vPortSetupTimerInterrupt                 0x00007cfd   Thumb Code    68  port.o(.text.vPortSetupTimerInterrupt)
    vQueueAddToRegistry                      0x00007d41   Thumb Code   192  queue.o(.text.vQueueAddToRegistry)
    vQueueWaitForMessageRestricted           0x00007e01   Thumb Code   106  queue.o(.text.vQueueWaitForMessageRestricted)
    vTaskDelay                               0x00007e6d   Thumb Code   116  tasks.o(.text.vTaskDelay)
    vTaskDelete                              0x00007ee1   Thumb Code   354  tasks.o(.text.vTaskDelete)
    vTaskInternalSetTimeOutState             0x00008045   Thumb Code    36  tasks.o(.text.vTaskInternalSetTimeOutState)
    vTaskMissedYield                         0x00008069   Thumb Code    14  tasks.o(.text.vTaskMissedYield)
    vTaskPlaceOnEventList                    0x00008079   Thumb Code    68  tasks.o(.text.vTaskPlaceOnEventList)
    vTaskPlaceOnEventListRestricted          0x000080bd   Thumb Code   128  tasks.o(.text.vTaskPlaceOnEventListRestricted)
    vTaskStartScheduler                      0x0000813d   Thumb Code   200  tasks.o(.text.vTaskStartScheduler)
    vTaskSuspendAll                          0x00008205   Thumb Code    16  tasks.o(.text.vTaskSuspendAll)
    vTaskSwitchContext                       0x00008215   Thumb Code   194  tasks.o(.text.vTaskSwitchContext)
    xPortStartScheduler                      0x000082d9   Thumb Code   342  port.o(.text.xPortStartScheduler)
    xQueueGenericCreate                      0x00008431   Thumb Code   162  queue.o(.text.xQueueGenericCreate)
    xQueueGenericReset                       0x000084d5   Thumb Code   274  queue.o(.text.xQueueGenericReset)
    xQueueReceive                            0x000085e9   Thumb Code   510  queue.o(.text.xQueueReceive)
    xTaskCheckForTimeOut                     0x000087e9   Thumb Code   216  tasks.o(.text.xTaskCheckForTimeOut)
    xTaskCreate                              0x000088c1   Thumb Code   168  tasks.o(.text.xTaskCreate)
    xTaskGetSchedulerState                   0x00008969   Thumb Code    60  tasks.o(.text.xTaskGetSchedulerState)
    xTaskGetTickCount                        0x000089a5   Thumb Code    20  tasks.o(.text.xTaskGetTickCount)
    xTaskIncrementTick                       0x000089b9   Thumb Code   618  tasks.o(.text.xTaskIncrementTick)
    xTaskRemoveFromEventList                 0x00008c25   Thumb Code   398  tasks.o(.text.xTaskRemoveFromEventList)
    xTaskResumeAll                           0x00008db5   Thumb Code   556  tasks.o(.text.xTaskResumeAll)
    xTimerCreateTimerTask                    0x00008fe1   Thumb Code   110  timers.o(.text.xTimerCreateTimerTask)
    __0printf                                0x00009051   Thumb Code    22  printfa.o(i.__0printf)
    __1printf                                0x00009051   Thumb Code     0  printfa.o(i.__0printf)
    __2printf                                0x00009051   Thumb Code     0  printfa.o(i.__0printf)
    __c89printf                              0x00009051   Thumb Code     0  printfa.o(i.__0printf)
    printf                                   0x00009051   Thumb Code     0  printfa.o(i.__0printf)
    __scatterload_copy                       0x00009071   Thumb Code    14  handlers.o(i.__scatterload_copy)
    __scatterload_null                       0x0000907f   Thumb Code     2  handlers.o(i.__scatterload_null)
    __scatterload_zeroinit                   0x00009081   Thumb Code    14  handlers.o(i.__scatterload_zeroinit)
    fputc                                    0x00009943   Thumb Code    18  fputc.o(i.fputc)
    uxTopUsedPriority                        0x00009ae8   Data           4  tasks.o(.rodata.uxTopUsedPriority)
    Region$$Table$$Base                      0x00009aec   Number         0  anon$$obj.o(Region$$Table)
    Region$$Table$$Limit                     0x00009b0c   Number         0  anon$$obj.o(Region$$Table)
    __stdout                                 0x1fff8000   Data           4  stdout.o(.data)
    HRC_VALUE                                0x1fff8004   Data           4  system_hc32f46x.o(.data.HRC_VALUE)
    SystemCoreClock                          0x1fff8008   Data           4  system_hc32f46x.o(.data.SystemCoreClock)
    test0_data                               0x1fff800c   Data           4  main.o(.data.test0_data)
    FLOATTask_Handler                        0x1fff8018   Data           4  app.o(.bss.FLOATTask_Handler)
    IrqHandler                               0x1fff805c   Data         512  hc32f46x_interrupts.o(.bss.IrqHandler)
    LED0Task_Handler                         0x1fff825c   Data           4  app.o(.bss.LED0Task_Handler)
    LED1Task_Handler                         0x1fff8260   Data           4  app.o(.bss.LED1Task_Handler)
    StartTask_Handler                        0x1fff8264   Data           4  app.o(.bss.StartTask_Handler)
    _SEGGER_RTT                              0x1fff826c   Data         120  segger_rtt.o(.bss._SEGGER_RTT)
    pxCurrentTCB                             0x1fff92fc   Data           4  tasks.o(.bss.pxCurrentTCB)
    test_bss                                 0x1fff9378   Data           4  main.o(.bss.test_bss)
    xQueueRegistry                           0x1fffa420   Data          64  queue.o(.bss.xQueueRegistry)
    __initial_sp                             0x1fffe4a8   Data           0  startup_hc32f46x.o(STACK)



==============================================================================

Memory Map of the image

  Image Entry point : 0x00000281

  Load Region LR_IROM1 (Base: 0x00000000, Size: 0x00009b28, Max: 0x00080000, ABSOLUTE)

    Execution Region ER_IROM1 (Exec base: 0x00000000, Load base: 0x00000000, Size: 0x00009b0c, Max: 0x00080000, ABSOLUTE)

    Exec Addr    Load Addr    Size         Type   Attr      Idx    E Section Name        Object

    0x00000000   0x00000000   0x00000280   Data   RO            3    RESET               startup_hc32f46x.o
    0x00000280   0x00000280   0x00000000   Code   RO         1149  * .ARM.Collect$$$$00000000  mc_w.l(entry.o)
    0x00000280   0x00000280   0x00000004   Code   RO         1192    .ARM.Collect$$$$00000001  mc_w.l(entry2.o)
    0x00000284   0x00000284   0x00000004   Code   RO         1195    .ARM.Collect$$$$00000004  mc_w.l(entry5.o)
    0x00000288   0x00000288   0x00000000   Code   RO         1197    .ARM.Collect$$$$00000008  mc_w.l(entry7b.o)
    0x00000288   0x00000288   0x00000000   Code   RO         1199    .ARM.Collect$$$$0000000A  mc_w.l(entry8b.o)
    0x00000288   0x00000288   0x00000008   Code   RO         1200    .ARM.Collect$$$$0000000B  mc_w.l(entry9a.o)
    0x00000290   0x00000290   0x00000000   Code   RO         1202    .ARM.Collect$$$$0000000D  mc_w.l(entry10a.o)
    0x00000290   0x00000290   0x00000000   Code   RO         1204    .ARM.Collect$$$$0000000F  mc_w.l(entry11a.o)
    0x00000290   0x00000290   0x00000004   Code   RO         1193    .ARM.Collect$$$$00002712  mc_w.l(entry2.o)
    0x00000294   0x00000294   0x00000058   Code   RO            4    .text               startup_hc32f46x.o
    0x000002ec   0x000002ec   0x00000062   Code   RO         1152    .text               mc_w.l(uldiv.o)
    0x0000034e   0x0000034e   0x00000024   Code   RO         1154    .text               mc_w.l(memcpya.o)
    0x00000372   0x00000372   0x00000024   Code   RO         1156    .text               mc_w.l(memseta.o)
    0x00000396   0x00000396   0x00000012   Code   RO         1160    .text               mc_w.l(strcpy.o)
    0x000003a8   0x000003a8   0x0000002c   Code   RO         1211    .text               mc_w.l(uidiv.o)
    0x000003d4   0x000003d4   0x0000001e   Code   RO         1213    .text               mc_w.l(llshl.o)
    0x000003f2   0x000003f2   0x00000020   Code   RO         1215    .text               mc_w.l(llushr.o)
    0x00000412   0x00000412   0x00000000   Code   RO         1217    .text               mc_w.l(iusefp.o)
    0x00000412   0x00000412   0x0000014e   Code   RO         1218    .text               mf_w.l(dadd.o)
    0x00000560   0x00000560   0x000000e4   Code   RO         1220    .text               mf_w.l(dmul.o)
    0x00000644   0x00000644   0x000000de   Code   RO         1222    .text               mf_w.l(ddiv.o)
    0x00000722   0x00000722   0x00000030   Code   RO         1224    .text               mf_w.l(dfixul.o)
    0x00000752   0x00000752   0x00000002   PAD
    0x00000754   0x00000754   0x00000030   Code   RO         1226    .text               mf_w.l(cdrcmple.o)
    0x00000784   0x00000784   0x00000024   Code   RO         1228    .text               mc_w.l(init.o)
    0x000007a8   0x000007a8   0x00000000   Code   RO         1230    .text               mc_w.l(semi.o)
    0x000007a8   0x000007a8   0x00000024   Code   RO         1231    .text               mc_w.l(llsshr.o)
    0x000007cc   0x000007cc   0x00000000   Code   RO         1233    .text               mc_w.l(iusesemip.o)
    0x000007cc   0x000007cc   0x000000ba   Code   RO         1234    .text               mf_w.l(depilogue.o)
    0x00000886   0x00000886   0x00000002   PAD
    0x00000888   0x00000888   0x00000008   Code   RO          240    .text.BusFault_Handler  hc32f46x_interrupts.o
    0x00000890   0x00000890   0x00000180   Code   RO          122    .text.CLK_GetClockFreq  hc32f46x_clk.o
    0x00000a10   0x00000a10   0x000000b8   Code   RO           88    .text.CLK_GetFlagStatus  hc32f46x_clk.o
    0x00000ac8   0x00000ac8   0x000000e0   Code   RO          110    .text.CLK_MpllCmd   hc32f46x_clk.o
    0x00000ba8   0x00000ba8   0x0000023a   Code   RO          108    .text.CLK_MpllConfig  hc32f46x_clk.o
    0x00000de2   0x00000de2   0x00000002   PAD
    0x00000de4   0x00000de4   0x0000006a   Code   RO          106    .text.CLK_SetPllSource  hc32f46x_clk.o
    0x00000e4e   0x00000e4e   0x00000002   PAD
    0x00000e50   0x00000e50   0x0000018a   Code   RO          116    .text.CLK_SetSysClkSource  hc32f46x_clk.o
    0x00000fda   0x00000fda   0x00000002   PAD
    0x00000fdc   0x00000fdc   0x00000236   Code   RO          120    .text.CLK_SysClkConfig  hc32f46x_clk.o
    0x00001212   0x00001212   0x00000002   PAD
    0x00001214   0x00001214   0x0000014a   Code   RO           86    .text.CLK_XtalCmd   hc32f46x_clk.o
    0x0000135e   0x0000135e   0x00000002   PAD
    0x00001360   0x00001360   0x00000072   Code   RO           80    .text.CLK_XtalConfig  hc32f46x_clk.o
    0x000013d2   0x000013d2   0x00000002   PAD
    0x000013d4   0x000013d4   0x0000002c   Code   RO           66    .text.Ddl_AssertHandler  hc32f46x_utility.o
    0x00001400   0x00001400   0x00000008   Code   RO          244    .text.DebugMon_Handler  hc32f46x_interrupts.o
    0x00001408   0x00001408   0x00000024   Code   RO          164    .text.EFM_Lock      hc32f46x_efm.o
    0x0000142c   0x0000142c   0x000000ba   Code   RO          168    .text.EFM_SetLatency  hc32f46x_efm.o
    0x000014e6   0x000014e6   0x00000002   PAD
    0x000014e8   0x000014e8   0x00000016   Code   RO          162    .text.EFM_Unlock    hc32f46x_efm.o
    0x000014fe   0x000014fe   0x00000002   PAD
    0x00001500   0x00001500   0x00000116   Code   RO         1140    .text.HardFaultHandler  segger_hardfaulthandler.o
    0x00001616   0x00001616   0x00000002   PAD
    0x00001618   0x00001618   0x00000022   Code   RO          246    .text.IRQ000_Handler  hc32f46x_interrupts.o
    0x0000163a   0x0000163a   0x00000002   PAD
    0x0000163c   0x0000163c   0x00000022   Code   RO          248    .text.IRQ001_Handler  hc32f46x_interrupts.o
    0x0000165e   0x0000165e   0x00000002   PAD
    0x00001660   0x00001660   0x00000022   Code   RO          250    .text.IRQ002_Handler  hc32f46x_interrupts.o
    0x00001682   0x00001682   0x00000002   PAD
    0x00001684   0x00001684   0x00000022   Code   RO          252    .text.IRQ003_Handler  hc32f46x_interrupts.o
    0x000016a6   0x000016a6   0x00000002   PAD
    0x000016a8   0x000016a8   0x00000022   Code   RO          254    .text.IRQ004_Handler  hc32f46x_interrupts.o
    0x000016ca   0x000016ca   0x00000002   PAD
    0x000016cc   0x000016cc   0x00000022   Code   RO          256    .text.IRQ005_Handler  hc32f46x_interrupts.o
    0x000016ee   0x000016ee   0x00000002   PAD
    0x000016f0   0x000016f0   0x00000022   Code   RO          258    .text.IRQ006_Handler  hc32f46x_interrupts.o
    0x00001712   0x00001712   0x00000002   PAD
    0x00001714   0x00001714   0x00000022   Code   RO          260    .text.IRQ007_Handler  hc32f46x_interrupts.o
    0x00001736   0x00001736   0x00000002   PAD
    0x00001738   0x00001738   0x00000022   Code   RO          262    .text.IRQ008_Handler  hc32f46x_interrupts.o
    0x0000175a   0x0000175a   0x00000002   PAD
    0x0000175c   0x0000175c   0x00000022   Code   RO          264    .text.IRQ009_Handler  hc32f46x_interrupts.o
    0x0000177e   0x0000177e   0x00000002   PAD
    0x00001780   0x00001780   0x00000022   Code   RO          266    .text.IRQ010_Handler  hc32f46x_interrupts.o
    0x000017a2   0x000017a2   0x00000002   PAD
    0x000017a4   0x000017a4   0x00000022   Code   RO          268    .text.IRQ011_Handler  hc32f46x_interrupts.o
    0x000017c6   0x000017c6   0x00000002   PAD
    0x000017c8   0x000017c8   0x00000022   Code   RO          270    .text.IRQ012_Handler  hc32f46x_interrupts.o
    0x000017ea   0x000017ea   0x00000002   PAD
    0x000017ec   0x000017ec   0x00000022   Code   RO          272    .text.IRQ013_Handler  hc32f46x_interrupts.o
    0x0000180e   0x0000180e   0x00000002   PAD
    0x00001810   0x00001810   0x00000022   Code   RO          274    .text.IRQ014_Handler  hc32f46x_interrupts.o
    0x00001832   0x00001832   0x00000002   PAD
    0x00001834   0x00001834   0x00000022   Code   RO          276    .text.IRQ015_Handler  hc32f46x_interrupts.o
    0x00001856   0x00001856   0x00000002   PAD
    0x00001858   0x00001858   0x00000022   Code   RO          278    .text.IRQ016_Handler  hc32f46x_interrupts.o
    0x0000187a   0x0000187a   0x00000002   PAD
    0x0000187c   0x0000187c   0x00000022   Code   RO          280    .text.IRQ017_Handler  hc32f46x_interrupts.o
    0x0000189e   0x0000189e   0x00000002   PAD
    0x000018a0   0x000018a0   0x00000022   Code   RO          282    .text.IRQ018_Handler  hc32f46x_interrupts.o
    0x000018c2   0x000018c2   0x00000002   PAD
    0x000018c4   0x000018c4   0x00000022   Code   RO          284    .text.IRQ019_Handler  hc32f46x_interrupts.o
    0x000018e6   0x000018e6   0x00000002   PAD
    0x000018e8   0x000018e8   0x00000022   Code   RO          286    .text.IRQ020_Handler  hc32f46x_interrupts.o
    0x0000190a   0x0000190a   0x00000002   PAD
    0x0000190c   0x0000190c   0x00000022   Code   RO          288    .text.IRQ021_Handler  hc32f46x_interrupts.o
    0x0000192e   0x0000192e   0x00000002   PAD
    0x00001930   0x00001930   0x00000022   Code   RO          290    .text.IRQ022_Handler  hc32f46x_interrupts.o
    0x00001952   0x00001952   0x00000002   PAD
    0x00001954   0x00001954   0x00000022   Code   RO          292    .text.IRQ023_Handler  hc32f46x_interrupts.o
    0x00001976   0x00001976   0x00000002   PAD
    0x00001978   0x00001978   0x00000022   Code   RO          294    .text.IRQ024_Handler  hc32f46x_interrupts.o
    0x0000199a   0x0000199a   0x00000002   PAD
    0x0000199c   0x0000199c   0x00000022   Code   RO          296    .text.IRQ025_Handler  hc32f46x_interrupts.o
    0x000019be   0x000019be   0x00000002   PAD
    0x000019c0   0x000019c0   0x00000022   Code   RO          298    .text.IRQ026_Handler  hc32f46x_interrupts.o
    0x000019e2   0x000019e2   0x00000002   PAD
    0x000019e4   0x000019e4   0x00000022   Code   RO          300    .text.IRQ027_Handler  hc32f46x_interrupts.o
    0x00001a06   0x00001a06   0x00000002   PAD
    0x00001a08   0x00001a08   0x00000022   Code   RO          302    .text.IRQ028_Handler  hc32f46x_interrupts.o
    0x00001a2a   0x00001a2a   0x00000002   PAD
    0x00001a2c   0x00001a2c   0x00000022   Code   RO          304    .text.IRQ029_Handler  hc32f46x_interrupts.o
    0x00001a4e   0x00001a4e   0x00000002   PAD
    0x00001a50   0x00001a50   0x00000022   Code   RO          306    .text.IRQ030_Handler  hc32f46x_interrupts.o
    0x00001a72   0x00001a72   0x00000002   PAD
    0x00001a74   0x00001a74   0x00000022   Code   RO          308    .text.IRQ031_Handler  hc32f46x_interrupts.o
    0x00001a96   0x00001a96   0x00000002   PAD
    0x00001a98   0x00001a98   0x00000026   Code   RO          310    .text.IRQ032_Handler  hc32f46x_interrupts.o
    0x00001abe   0x00001abe   0x00000002   PAD
    0x00001ac0   0x00001ac0   0x00000026   Code   RO          312    .text.IRQ033_Handler  hc32f46x_interrupts.o
    0x00001ae6   0x00001ae6   0x00000002   PAD
    0x00001ae8   0x00001ae8   0x00000026   Code   RO          314    .text.IRQ034_Handler  hc32f46x_interrupts.o
    0x00001b0e   0x00001b0e   0x00000002   PAD
    0x00001b10   0x00001b10   0x00000026   Code   RO          316    .text.IRQ035_Handler  hc32f46x_interrupts.o
    0x00001b36   0x00001b36   0x00000002   PAD
    0x00001b38   0x00001b38   0x00000026   Code   RO          318    .text.IRQ036_Handler  hc32f46x_interrupts.o
    0x00001b5e   0x00001b5e   0x00000002   PAD
    0x00001b60   0x00001b60   0x00000026   Code   RO          320    .text.IRQ037_Handler  hc32f46x_interrupts.o
    0x00001b86   0x00001b86   0x00000002   PAD
    0x00001b88   0x00001b88   0x00000026   Code   RO          322    .text.IRQ038_Handler  hc32f46x_interrupts.o
    0x00001bae   0x00001bae   0x00000002   PAD
    0x00001bb0   0x00001bb0   0x00000026   Code   RO          324    .text.IRQ039_Handler  hc32f46x_interrupts.o
    0x00001bd6   0x00001bd6   0x00000002   PAD
    0x00001bd8   0x00001bd8   0x00000026   Code   RO          326    .text.IRQ040_Handler  hc32f46x_interrupts.o
    0x00001bfe   0x00001bfe   0x00000002   PAD
    0x00001c00   0x00001c00   0x00000026   Code   RO          328    .text.IRQ041_Handler  hc32f46x_interrupts.o
    0x00001c26   0x00001c26   0x00000002   PAD
    0x00001c28   0x00001c28   0x00000026   Code   RO          330    .text.IRQ042_Handler  hc32f46x_interrupts.o
    0x00001c4e   0x00001c4e   0x00000002   PAD
    0x00001c50   0x00001c50   0x00000026   Code   RO          332    .text.IRQ043_Handler  hc32f46x_interrupts.o
    0x00001c76   0x00001c76   0x00000002   PAD
    0x00001c78   0x00001c78   0x00000026   Code   RO          334    .text.IRQ044_Handler  hc32f46x_interrupts.o
    0x00001c9e   0x00001c9e   0x00000002   PAD
    0x00001ca0   0x00001ca0   0x00000026   Code   RO          336    .text.IRQ045_Handler  hc32f46x_interrupts.o
    0x00001cc6   0x00001cc6   0x00000002   PAD
    0x00001cc8   0x00001cc8   0x00000026   Code   RO          338    .text.IRQ046_Handler  hc32f46x_interrupts.o
    0x00001cee   0x00001cee   0x00000002   PAD
    0x00001cf0   0x00001cf0   0x00000026   Code   RO          340    .text.IRQ047_Handler  hc32f46x_interrupts.o
    0x00001d16   0x00001d16   0x00000002   PAD
    0x00001d18   0x00001d18   0x00000026   Code   RO          342    .text.IRQ048_Handler  hc32f46x_interrupts.o
    0x00001d3e   0x00001d3e   0x00000002   PAD
    0x00001d40   0x00001d40   0x00000026   Code   RO          344    .text.IRQ049_Handler  hc32f46x_interrupts.o
    0x00001d66   0x00001d66   0x00000002   PAD
    0x00001d68   0x00001d68   0x00000026   Code   RO          346    .text.IRQ050_Handler  hc32f46x_interrupts.o
    0x00001d8e   0x00001d8e   0x00000002   PAD
    0x00001d90   0x00001d90   0x00000026   Code   RO          348    .text.IRQ051_Handler  hc32f46x_interrupts.o
    0x00001db6   0x00001db6   0x00000002   PAD
    0x00001db8   0x00001db8   0x00000026   Code   RO          350    .text.IRQ052_Handler  hc32f46x_interrupts.o
    0x00001dde   0x00001dde   0x00000002   PAD
    0x00001de0   0x00001de0   0x00000026   Code   RO          352    .text.IRQ053_Handler  hc32f46x_interrupts.o
    0x00001e06   0x00001e06   0x00000002   PAD
    0x00001e08   0x00001e08   0x00000026   Code   RO          354    .text.IRQ054_Handler  hc32f46x_interrupts.o
    0x00001e2e   0x00001e2e   0x00000002   PAD
    0x00001e30   0x00001e30   0x00000026   Code   RO          356    .text.IRQ055_Handler  hc32f46x_interrupts.o
    0x00001e56   0x00001e56   0x00000002   PAD
    0x00001e58   0x00001e58   0x00000026   Code   RO          358    .text.IRQ056_Handler  hc32f46x_interrupts.o
    0x00001e7e   0x00001e7e   0x00000002   PAD
    0x00001e80   0x00001e80   0x00000026   Code   RO          360    .text.IRQ057_Handler  hc32f46x_interrupts.o
    0x00001ea6   0x00001ea6   0x00000002   PAD
    0x00001ea8   0x00001ea8   0x00000026   Code   RO          362    .text.IRQ058_Handler  hc32f46x_interrupts.o
    0x00001ece   0x00001ece   0x00000002   PAD
    0x00001ed0   0x00001ed0   0x00000026   Code   RO          364    .text.IRQ059_Handler  hc32f46x_interrupts.o
    0x00001ef6   0x00001ef6   0x00000002   PAD
    0x00001ef8   0x00001ef8   0x00000026   Code   RO          366    .text.IRQ060_Handler  hc32f46x_interrupts.o
    0x00001f1e   0x00001f1e   0x00000002   PAD
    0x00001f20   0x00001f20   0x00000026   Code   RO          368    .text.IRQ061_Handler  hc32f46x_interrupts.o
    0x00001f46   0x00001f46   0x00000002   PAD
    0x00001f48   0x00001f48   0x00000026   Code   RO          370    .text.IRQ062_Handler  hc32f46x_interrupts.o
    0x00001f6e   0x00001f6e   0x00000002   PAD
    0x00001f70   0x00001f70   0x00000026   Code   RO          372    .text.IRQ063_Handler  hc32f46x_interrupts.o
    0x00001f96   0x00001f96   0x00000002   PAD
    0x00001f98   0x00001f98   0x00000026   Code   RO          374    .text.IRQ064_Handler  hc32f46x_interrupts.o
    0x00001fbe   0x00001fbe   0x00000002   PAD
    0x00001fc0   0x00001fc0   0x00000026   Code   RO          376    .text.IRQ065_Handler  hc32f46x_interrupts.o
    0x00001fe6   0x00001fe6   0x00000002   PAD
    0x00001fe8   0x00001fe8   0x00000026   Code   RO          378    .text.IRQ066_Handler  hc32f46x_interrupts.o
    0x0000200e   0x0000200e   0x00000002   PAD
    0x00002010   0x00002010   0x00000026   Code   RO          380    .text.IRQ067_Handler  hc32f46x_interrupts.o
    0x00002036   0x00002036   0x00000002   PAD
    0x00002038   0x00002038   0x00000026   Code   RO          382    .text.IRQ068_Handler  hc32f46x_interrupts.o
    0x0000205e   0x0000205e   0x00000002   PAD
    0x00002060   0x00002060   0x00000026   Code   RO          384    .text.IRQ069_Handler  hc32f46x_interrupts.o
    0x00002086   0x00002086   0x00000002   PAD
    0x00002088   0x00002088   0x00000026   Code   RO          386    .text.IRQ070_Handler  hc32f46x_interrupts.o
    0x000020ae   0x000020ae   0x00000002   PAD
    0x000020b0   0x000020b0   0x00000026   Code   RO          388    .text.IRQ071_Handler  hc32f46x_interrupts.o
    0x000020d6   0x000020d6   0x00000002   PAD
    0x000020d8   0x000020d8   0x00000026   Code   RO          390    .text.IRQ072_Handler  hc32f46x_interrupts.o
    0x000020fe   0x000020fe   0x00000002   PAD
    0x00002100   0x00002100   0x00000026   Code   RO          392    .text.IRQ073_Handler  hc32f46x_interrupts.o
    0x00002126   0x00002126   0x00000002   PAD
    0x00002128   0x00002128   0x00000026   Code   RO          394    .text.IRQ074_Handler  hc32f46x_interrupts.o
    0x0000214e   0x0000214e   0x00000002   PAD
    0x00002150   0x00002150   0x00000026   Code   RO          396    .text.IRQ075_Handler  hc32f46x_interrupts.o
    0x00002176   0x00002176   0x00000002   PAD
    0x00002178   0x00002178   0x00000026   Code   RO          398    .text.IRQ076_Handler  hc32f46x_interrupts.o
    0x0000219e   0x0000219e   0x00000002   PAD
    0x000021a0   0x000021a0   0x00000026   Code   RO          400    .text.IRQ077_Handler  hc32f46x_interrupts.o
    0x000021c6   0x000021c6   0x00000002   PAD
    0x000021c8   0x000021c8   0x00000026   Code   RO          402    .text.IRQ078_Handler  hc32f46x_interrupts.o
    0x000021ee   0x000021ee   0x00000002   PAD
    0x000021f0   0x000021f0   0x00000026   Code   RO          404    .text.IRQ079_Handler  hc32f46x_interrupts.o
    0x00002216   0x00002216   0x00000002   PAD
    0x00002218   0x00002218   0x00000026   Code   RO          406    .text.IRQ080_Handler  hc32f46x_interrupts.o
    0x0000223e   0x0000223e   0x00000002   PAD
    0x00002240   0x00002240   0x00000026   Code   RO          408    .text.IRQ081_Handler  hc32f46x_interrupts.o
    0x00002266   0x00002266   0x00000002   PAD
    0x00002268   0x00002268   0x00000026   Code   RO          410    .text.IRQ082_Handler  hc32f46x_interrupts.o
    0x0000228e   0x0000228e   0x00000002   PAD
    0x00002290   0x00002290   0x00000026   Code   RO          412    .text.IRQ083_Handler  hc32f46x_interrupts.o
    0x000022b6   0x000022b6   0x00000002   PAD
    0x000022b8   0x000022b8   0x00000026   Code   RO          414    .text.IRQ084_Handler  hc32f46x_interrupts.o
    0x000022de   0x000022de   0x00000002   PAD
    0x000022e0   0x000022e0   0x00000026   Code   RO          416    .text.IRQ085_Handler  hc32f46x_interrupts.o
    0x00002306   0x00002306   0x00000002   PAD
    0x00002308   0x00002308   0x00000026   Code   RO          418    .text.IRQ086_Handler  hc32f46x_interrupts.o
    0x0000232e   0x0000232e   0x00000002   PAD
    0x00002330   0x00002330   0x00000026   Code   RO          420    .text.IRQ087_Handler  hc32f46x_interrupts.o
    0x00002356   0x00002356   0x00000002   PAD
    0x00002358   0x00002358   0x00000026   Code   RO          422    .text.IRQ088_Handler  hc32f46x_interrupts.o
    0x0000237e   0x0000237e   0x00000002   PAD
    0x00002380   0x00002380   0x00000026   Code   RO          424    .text.IRQ089_Handler  hc32f46x_interrupts.o
    0x000023a6   0x000023a6   0x00000002   PAD
    0x000023a8   0x000023a8   0x00000026   Code   RO          426    .text.IRQ090_Handler  hc32f46x_interrupts.o
    0x000023ce   0x000023ce   0x00000002   PAD
    0x000023d0   0x000023d0   0x00000026   Code   RO          428    .text.IRQ091_Handler  hc32f46x_interrupts.o
    0x000023f6   0x000023f6   0x00000002   PAD
    0x000023f8   0x000023f8   0x00000026   Code   RO          430    .text.IRQ092_Handler  hc32f46x_interrupts.o
    0x0000241e   0x0000241e   0x00000002   PAD
    0x00002420   0x00002420   0x00000026   Code   RO          432    .text.IRQ093_Handler  hc32f46x_interrupts.o
    0x00002446   0x00002446   0x00000002   PAD
    0x00002448   0x00002448   0x00000026   Code   RO          434    .text.IRQ094_Handler  hc32f46x_interrupts.o
    0x0000246e   0x0000246e   0x00000002   PAD
    0x00002470   0x00002470   0x00000026   Code   RO          436    .text.IRQ095_Handler  hc32f46x_interrupts.o
    0x00002496   0x00002496   0x00000002   PAD
    0x00002498   0x00002498   0x00000026   Code   RO          438    .text.IRQ096_Handler  hc32f46x_interrupts.o
    0x000024be   0x000024be   0x00000002   PAD
    0x000024c0   0x000024c0   0x00000026   Code   RO          440    .text.IRQ097_Handler  hc32f46x_interrupts.o
    0x000024e6   0x000024e6   0x00000002   PAD
    0x000024e8   0x000024e8   0x00000026   Code   RO          442    .text.IRQ098_Handler  hc32f46x_interrupts.o
    0x0000250e   0x0000250e   0x00000002   PAD
    0x00002510   0x00002510   0x00000026   Code   RO          444    .text.IRQ099_Handler  hc32f46x_interrupts.o
    0x00002536   0x00002536   0x00000002   PAD
    0x00002538   0x00002538   0x00000026   Code   RO          446    .text.IRQ100_Handler  hc32f46x_interrupts.o
    0x0000255e   0x0000255e   0x00000002   PAD
    0x00002560   0x00002560   0x00000026   Code   RO          448    .text.IRQ101_Handler  hc32f46x_interrupts.o
    0x00002586   0x00002586   0x00000002   PAD
    0x00002588   0x00002588   0x00000026   Code   RO          450    .text.IRQ102_Handler  hc32f46x_interrupts.o
    0x000025ae   0x000025ae   0x00000002   PAD
    0x000025b0   0x000025b0   0x00000026   Code   RO          452    .text.IRQ103_Handler  hc32f46x_interrupts.o
    0x000025d6   0x000025d6   0x00000002   PAD
    0x000025d8   0x000025d8   0x00000026   Code   RO          454    .text.IRQ104_Handler  hc32f46x_interrupts.o
    0x000025fe   0x000025fe   0x00000002   PAD
    0x00002600   0x00002600   0x00000026   Code   RO          456    .text.IRQ105_Handler  hc32f46x_interrupts.o
    0x00002626   0x00002626   0x00000002   PAD
    0x00002628   0x00002628   0x00000026   Code   RO          458    .text.IRQ106_Handler  hc32f46x_interrupts.o
    0x0000264e   0x0000264e   0x00000002   PAD
    0x00002650   0x00002650   0x00000026   Code   RO          460    .text.IRQ107_Handler  hc32f46x_interrupts.o
    0x00002676   0x00002676   0x00000002   PAD
    0x00002678   0x00002678   0x00000026   Code   RO          462    .text.IRQ108_Handler  hc32f46x_interrupts.o
    0x0000269e   0x0000269e   0x00000002   PAD
    0x000026a0   0x000026a0   0x00000026   Code   RO          464    .text.IRQ109_Handler  hc32f46x_interrupts.o
    0x000026c6   0x000026c6   0x00000002   PAD
    0x000026c8   0x000026c8   0x00000026   Code   RO          466    .text.IRQ110_Handler  hc32f46x_interrupts.o
    0x000026ee   0x000026ee   0x00000002   PAD
    0x000026f0   0x000026f0   0x00000026   Code   RO          468    .text.IRQ111_Handler  hc32f46x_interrupts.o
    0x00002716   0x00002716   0x00000002   PAD
    0x00002718   0x00002718   0x00000026   Code   RO          470    .text.IRQ112_Handler  hc32f46x_interrupts.o
    0x0000273e   0x0000273e   0x00000002   PAD
    0x00002740   0x00002740   0x00000026   Code   RO          472    .text.IRQ113_Handler  hc32f46x_interrupts.o
    0x00002766   0x00002766   0x00000002   PAD
    0x00002768   0x00002768   0x00000026   Code   RO          474    .text.IRQ114_Handler  hc32f46x_interrupts.o
    0x0000278e   0x0000278e   0x00000002   PAD
    0x00002790   0x00002790   0x00000026   Code   RO          476    .text.IRQ115_Handler  hc32f46x_interrupts.o
    0x000027b6   0x000027b6   0x00000002   PAD
    0x000027b8   0x000027b8   0x00000026   Code   RO          478    .text.IRQ116_Handler  hc32f46x_interrupts.o
    0x000027de   0x000027de   0x00000002   PAD
    0x000027e0   0x000027e0   0x00000026   Code   RO          480    .text.IRQ117_Handler  hc32f46x_interrupts.o
    0x00002806   0x00002806   0x00000002   PAD
    0x00002808   0x00002808   0x00000026   Code   RO          482    .text.IRQ118_Handler  hc32f46x_interrupts.o
    0x0000282e   0x0000282e   0x00000002   PAD
    0x00002830   0x00002830   0x00000026   Code   RO          484    .text.IRQ119_Handler  hc32f46x_interrupts.o
    0x00002856   0x00002856   0x00000002   PAD
    0x00002858   0x00002858   0x00000026   Code   RO          486    .text.IRQ120_Handler  hc32f46x_interrupts.o
    0x0000287e   0x0000287e   0x00000002   PAD
    0x00002880   0x00002880   0x00000026   Code   RO          488    .text.IRQ121_Handler  hc32f46x_interrupts.o
    0x000028a6   0x000028a6   0x00000002   PAD
    0x000028a8   0x000028a8   0x00000026   Code   RO          490    .text.IRQ122_Handler  hc32f46x_interrupts.o
    0x000028ce   0x000028ce   0x00000002   PAD
    0x000028d0   0x000028d0   0x00000026   Code   RO          492    .text.IRQ123_Handler  hc32f46x_interrupts.o
    0x000028f6   0x000028f6   0x00000002   PAD
    0x000028f8   0x000028f8   0x00000026   Code   RO          494    .text.IRQ124_Handler  hc32f46x_interrupts.o
    0x0000291e   0x0000291e   0x00000002   PAD
    0x00002920   0x00002920   0x00000026   Code   RO          496    .text.IRQ125_Handler  hc32f46x_interrupts.o
    0x00002946   0x00002946   0x00000002   PAD
    0x00002948   0x00002948   0x00000026   Code   RO          498    .text.IRQ126_Handler  hc32f46x_interrupts.o
    0x0000296e   0x0000296e   0x00000002   PAD
    0x00002970   0x00002970   0x00000026   Code   RO          500    .text.IRQ127_Handler  hc32f46x_interrupts.o
    0x00002996   0x00002996   0x00000002   PAD
    0x00002998   0x00002998   0x00000234   Code   RO          502    .text.IRQ128_Handler  hc32f46x_interrupts.o
    0x00002bcc   0x00002bcc   0x0000078c   Code   RO          504    .text.IRQ129_Handler  hc32f46x_interrupts.o
    0x00003358   0x00003358   0x0000015e   Code   RO          506    .text.IRQ130_Handler  hc32f46x_interrupts.o
    0x000034b6   0x000034b6   0x00000002   PAD
    0x000034b8   0x000034b8   0x000004ba   Code   RO          508    .text.IRQ131_Handler  hc32f46x_interrupts.o
    0x00003972   0x00003972   0x00000002   PAD
    0x00003974   0x00003974   0x0000026a   Code   RO          510    .text.IRQ132_Handler  hc32f46x_interrupts.o
    0x00003bde   0x00003bde   0x00000002   PAD
    0x00003be0   0x00003be0   0x00000590   Code   RO          512    .text.IRQ136_Handler  hc32f46x_interrupts.o
    0x00004170   0x00004170   0x000004ae   Code   RO          514    .text.IRQ137_Handler  hc32f46x_interrupts.o
    0x0000461e   0x0000461e   0x00000002   PAD
    0x00004620   0x00004620   0x00000438   Code   RO          516    .text.IRQ138_Handler  hc32f46x_interrupts.o
    0x00004a58   0x00004a58   0x00000228   Code   RO          518    .text.IRQ139_Handler  hc32f46x_interrupts.o
    0x00004c80   0x00004c80   0x0000036e   Code   RO          520    .text.IRQ140_Handler  hc32f46x_interrupts.o
    0x00004fee   0x00004fee   0x00000002   PAD
    0x00004ff0   0x00004ff0   0x000003ca   Code   RO          522    .text.IRQ141_Handler  hc32f46x_interrupts.o
    0x000053ba   0x000053ba   0x00000002   PAD
    0x000053bc   0x000053bc   0x000001de   Code   RO          524    .text.IRQ142_Handler  hc32f46x_interrupts.o
    0x0000559a   0x0000559a   0x00000002   PAD
    0x0000559c   0x0000559c   0x00000204   Code   RO          526    .text.IRQ143_Handler  hc32f46x_interrupts.o
    0x000057a0   0x000057a0   0x00000008   Code   RO          238    .text.MemManage_Handler  hc32f46x_interrupts.o
    0x000057a8   0x000057a8   0x00000008   Code   RO          236    .text.NMI_Handler   hc32f46x_interrupts.o
    0x000057b0   0x000057b0   0x00000064   Code   RO         1021    .text.PendSV_Handler  port.o
    0x00005814   0x00005814   0x00000008   Code   RO         1097    .text.SEGGER_RTT_Init  segger_rtt.o
    0x0000581c   0x0000581c   0x0000004e   Code   RO         1061    .text.SEGGER_RTT_Write  segger_rtt.o
    0x0000586a   0x0000586a   0x00000002   PAD
    0x0000586c   0x0000586c   0x000000b2   Code   RO         1057    .text.SEGGER_RTT_WriteNoLock  segger_rtt.o
    0x0000591e   0x0000591e   0x00000002   PAD
    0x00005920   0x00005920   0x0000002a   Code   RO         1130    .text.SEGGER_RTT_printf  segger_rtt_printf.o
    0x0000594a   0x0000594a   0x00000002   PAD
    0x0000594c   0x0000594c   0x00000412   Code   RO         1122    .text.SEGGER_RTT_vprintf  segger_rtt_printf.o
    0x00005d5e   0x00005d5e   0x00000002   PAD
    0x00005d60   0x00005d60   0x00000024   Code   RO         1005    .text.SVC_Handler   port.o
    0x00005d84   0x00005d84   0x000000bc   Code   RO          561    .text.SysClkIni     myclk.o
    0x00005e40   0x00005e40   0x00000052   Code   RO           54    .text.SysTick_Config  hc32f46x_utility.o
    0x00005e92   0x00005e92   0x00000002   PAD
    0x00005e94   0x00005e94   0x0000003e   Code   RO         1023    .text.SysTick_Handler  port.o
    0x00005ed2   0x00005ed2   0x00000002   PAD
    0x00005ed4   0x00005ed4   0x0000004e   Code   RO           52    .text.SysTick_Init  hc32f46x_utility.o
    0x00005f22   0x00005f22   0x00000002   PAD
    0x00005f24   0x00005f24   0x0000016e   Code   RO           13    .text.SystemCoreClockUpdate  system_hc32f46x.o
    0x00006092   0x00006092   0x00000002   PAD
    0x00006094   0x00006094   0x00000018   Code   RO           11    .text.SystemInit    system_hc32f46x.o
    0x000060ac   0x000060ac   0x00000008   Code   RO          242    .text.UsageFault_Handler  hc32f46x_interrupts.o
    0x000060b4   0x000060b4   0x000000a2   Code   RO         1039    .text._DoInit       segger_rtt.o
    0x00006156   0x00006156   0x00000002   PAD
    0x00006158   0x00006158   0x0000003e   Code   RO         1051    .text._GetAvailWriteSpace  segger_rtt.o
    0x00006196   0x00006196   0x00000002   PAD
    0x00006198   0x00006198   0x000001e4   Code   RO         1126    .text._PrintInt     segger_rtt_printf.o
    0x0000637c   0x0000637c   0x000001be   Code   RO         1128    .text._PrintUnsigned  segger_rtt_printf.o
    0x0000653a   0x0000653a   0x00000002   PAD
    0x0000653c   0x0000653c   0x00000078   Code   RO         1124    .text._StoreChar    segger_rtt_printf.o
    0x000065b4   0x000065b4   0x000000e4   Code   RO         1055    .text._WriteBlocking  segger_rtt.o
    0x00006698   0x00006698   0x00000094   Code   RO         1053    .text._WriteNoCheck  segger_rtt.o
    0x0000672c   0x0000672c   0x0000003a   Code   RO           68    .text.__NVIC_SetPriority  hc32f46x_utility.o
    0x00006766   0x00006766   0x00000002   PAD
    0x00006768   0x00006768   0x0000003a   Code   RO          541    .text.__NVIC_SetPriority  app.o
    0x000067a2   0x000067a2   0x00000002   PAD
    0x000067a4   0x000067a4   0x0000005c   Code   RO          543    .text.app           app.o
    0x00006800   0x00006800   0x00000170   Code   RO          563    .text.clk_test      myclk.o
    0x00006970   0x00006970   0x00000012   Code   RO          547    .text.led0_task     app.o
    0x00006982   0x00006982   0x00000002   PAD
    0x00006984   0x00006984   0x0000000a   Code   RO           24    .text.main          main.o
    0x0000698e   0x0000698e   0x00000002   PAD
    0x00006990   0x00006990   0x00000122   Code   RO          771    .text.prvAddCurrentTaskToDelayedList  tasks.o
    0x00006ab2   0x00006ab2   0x00000002   PAD
    0x00006ab4   0x00006ab4   0x0000015a   Code   RO          759    .text.prvAddNewTaskToReadyList  tasks.o
    0x00006c0e   0x00006c0e   0x00000002   PAD
    0x00006c10   0x00006c10   0x0000008e   Code   RO          907    .text.prvCheckForValidListAndQueue  timers.o
    0x00006c9e   0x00006c9e   0x00000002   PAD
    0x00006ca0   0x00006ca0   0x0000005e   Code   RO          873    .text.prvCheckTasksWaitingTermination  tasks.o
    0x00006cfe   0x00006cfe   0x00000002   PAD
    0x00006d00   0x00006d00   0x0000004a   Code   RO          654    .text.prvCopyDataFromQueue  queue.o
    0x00006d4a   0x00006d4a   0x00000002   PAD
    0x00006d4c   0x00006d4c   0x00000018   Code   RO          765    .text.prvDeleteTCB  tasks.o
    0x00006d64   0x00006d64   0x00000042   Code   RO          939    .text.prvGetNextExpireTime  timers.o
    0x00006da6   0x00006da6   0x00000002   PAD
    0x00006da8   0x00006da8   0x000000be   Code   RO          972    .text.prvHeapInit   heap_4.o
    0x00006e66   0x00006e66   0x00000002   PAD
    0x00006e68   0x00006e68   0x00000038   Code   RO          797    .text.prvIdleTask   tasks.o
    0x00006ea0   0x00006ea0   0x0000004c   Code   RO          626    .text.prvInitialiseNewQueue  queue.o
    0x00006eec   0x00006eec   0x00000150   Code   RO          757    .text.prvInitialiseNewTask  tasks.o
    0x0000703c   0x0000703c   0x0000008e   Code   RO          871    .text.prvInitialiseTaskLists  tasks.o
    0x000070ca   0x000070ca   0x00000002   PAD
    0x000070cc   0x000070cc   0x000000c6   Code   RO          974    .text.prvInsertBlockIntoFreeList  heap_4.o
    0x00007192   0x00007192   0x00000002   PAD
    0x00007194   0x00007194   0x00000086   Code   RO          953    .text.prvInsertTimerInActiveList  timers.o
    0x0000721a   0x0000721a   0x00000002   PAD
    0x0000721c   0x0000721c   0x0000002a   Code   RO          656    .text.prvIsQueueEmpty  queue.o
    0x00007246   0x00007246   0x00000002   PAD
    0x00007248   0x00007248   0x00000028   Code   RO         1013    .text.prvPortStartFirstTask  port.o
    0x00007270   0x00007270   0x00000054   Code   RO          947    .text.prvProcessExpiredTimer  timers.o
    0x000072c4   0x000072c4   0x0000015a   Code   RO          943    .text.prvProcessReceivedCommands  timers.o
    0x0000741e   0x0000741e   0x00000002   PAD
    0x00007420   0x00007420   0x000000a8   Code   RO          941    .text.prvProcessTimerOrBlockTask  timers.o
    0x000074c8   0x000074c8   0x0000003e   Code   RO          951    .text.prvReloadTimer  timers.o
    0x00007506   0x00007506   0x00000002   PAD
    0x00007508   0x00007508   0x0000003e   Code   RO          763    .text.prvResetNextTaskUnblockTime  tasks.o
    0x00007546   0x00007546   0x00000002   PAD
    0x00007548   0x00007548   0x00000044   Code   RO          945    .text.prvSampleTimeNow  timers.o
    0x0000758c   0x0000758c   0x00000054   Code   RO          949    .text.prvSwitchTimerLists  timers.o
    0x000075e0   0x000075e0   0x00000050   Code   RO         1003    .text.prvTaskExitError  port.o
    0x00007630   0x00007630   0x0000001e   Code   RO          909    .text.prvTimerTask  timers.o
    0x0000764e   0x0000764e   0x00000002   PAD
    0x00007650   0x00007650   0x000000b6   Code   RO          646    .text.prvUnlockQueue  queue.o
    0x00007706   0x00007706   0x00000002   PAD
    0x00007708   0x00007708   0x00000220   Code   RO          970    .text.pvPortMalloc  heap_4.o
    0x00007928   0x00007928   0x0000005e   Code   RO         1001    .text.pxPortInitialiseStack  port.o
    0x00007986   0x00007986   0x00000002   PAD
    0x00007988   0x00007988   0x0000004c   Code   RO          537    .text.segger_init   app.o
    0x000079d4   0x000079d4   0x0000004e   Code   RO          545    .text.start_task    app.o
    0x00007a22   0x00007a22   0x00000002   PAD
    0x00007a24   0x00007a24   0x00000016   Code   RO          539    .text.tick_init     app.o
    0x00007a3a   0x00007a3a   0x00000002   PAD
    0x00007a3c   0x00007a3c   0x00000048   Code   RO          613    .text.uxListRemove  list.o
    0x00007a84   0x00007a84   0x0000002e   Code   RO          605    .text.vListInitialise  list.o
    0x00007ab2   0x00007ab2   0x00000002   PAD
    0x00007ab4   0x00007ab4   0x0000000e   Code   RO          607    .text.vListInitialiseItem  list.o
    0x00007ac2   0x00007ac2   0x00000002   PAD
    0x00007ac4   0x00007ac4   0x0000006c   Code   RO          611    .text.vListInsert   list.o
    0x00007b30   0x00007b30   0x0000003a   Code   RO          609    .text.vListInsertEnd  list.o
    0x00007b6a   0x00007b6a   0x00000002   PAD
    0x00007b6c   0x00007b6c   0x00000014   Code   RO         1011    .text.vPortEnableVFP  port.o
    0x00007b80   0x00007b80   0x00000058   Code   RO         1017    .text.vPortEnterCritical  port.o
    0x00007bd8   0x00007bd8   0x0000004e   Code   RO         1019    .text.vPortExitCritical  port.o
    0x00007c26   0x00007c26   0x00000002   PAD
    0x00007c28   0x00007c28   0x000000d4   Code   RO          976    .text.vPortFree     heap_4.o
    0x00007cfc   0x00007cfc   0x00000044   Code   RO         1009    .text.vPortSetupTimerInterrupt  port.o
    0x00007d40   0x00007d40   0x000000c0   Code   RO          686    .text.vQueueAddToRegistry  queue.o
    0x00007e00   0x00007e00   0x0000006a   Code   RO          690    .text.vQueueWaitForMessageRestricted  queue.o
    0x00007e6a   0x00007e6a   0x00000002   PAD
    0x00007e6c   0x00007e6c   0x00000074   Code   RO          775    .text.vTaskDelay    tasks.o
    0x00007ee0   0x00007ee0   0x00000162   Code   RO          761    .text.vTaskDelete   tasks.o
    0x00008042   0x00008042   0x00000002   PAD
    0x00008044   0x00008044   0x00000024   Code   RO          829    .text.vTaskInternalSetTimeOutState  tasks.o
    0x00008068   0x00008068   0x0000000e   Code   RO          833    .text.vTaskMissedYield  tasks.o
    0x00008076   0x00008076   0x00000002   PAD
    0x00008078   0x00008078   0x00000044   Code   RO          817    .text.vTaskPlaceOnEventList  tasks.o
    0x000080bc   0x000080bc   0x00000080   Code   RO          821    .text.vTaskPlaceOnEventListRestricted  tasks.o
    0x0000813c   0x0000813c   0x000000c8   Code   RO          795    .text.vTaskStartScheduler  tasks.o
    0x00008204   0x00008204   0x00000010   Code   RO          769    .text.vTaskSuspendAll  tasks.o
    0x00008214   0x00008214   0x000000c2   Code   RO          787    .text.vTaskSwitchContext  tasks.o
    0x000082d6   0x000082d6   0x00000002   PAD
    0x000082d8   0x000082d8   0x00000156   Code   RO         1007    .text.xPortStartScheduler  port.o
    0x0000842e   0x0000842e   0x00000002   PAD
    0x00008430   0x00008430   0x000000a2   Code   RO          624    .text.xQueueGenericCreate  queue.o
    0x000084d2   0x000084d2   0x00000002   PAD
    0x000084d4   0x000084d4   0x00000112   Code   RO          622    .text.xQueueGenericReset  queue.o
    0x000085e6   0x000085e6   0x00000002   PAD
    0x000085e8   0x000085e8   0x000001fe   Code   RO          652    .text.xQueueReceive  queue.o
    0x000087e6   0x000087e6   0x00000002   PAD
    0x000087e8   0x000087e8   0x000000d8   Code   RO          831    .text.xTaskCheckForTimeOut  tasks.o
    0x000088c0   0x000088c0   0x000000a8   Code   RO          755    .text.xTaskCreate   tasks.o
    0x00008968   0x00008968   0x0000003c   Code   RO          845    .text.xTaskGetSchedulerState  tasks.o
    0x000089a4   0x000089a4   0x00000014   Code   RO          803    .text.xTaskGetTickCount  tasks.o
    0x000089b8   0x000089b8   0x0000026a   Code   RO          801    .text.xTaskIncrementTick  tasks.o
    0x00008c22   0x00008c22   0x00000002   PAD
    0x00008c24   0x00008c24   0x0000018e   Code   RO          823    .text.xTaskRemoveFromEventList  tasks.o
    0x00008db2   0x00008db2   0x00000002   PAD
    0x00008db4   0x00008db4   0x0000022c   Code   RO          773    .text.xTaskResumeAll  tasks.o
    0x00008fe0   0x00008fe0   0x0000006e   Code   RO          905    .text.xTimerCreateTimerTask  timers.o
    0x0000904e   0x0000904e   0x00000002   PAD
    0x00009050   0x00009050   0x00000020   Code   RO         1165    i.__0printf         mc_w.l(printfa.o)
    0x00009070   0x00009070   0x0000000e   Code   RO         1238    i.__scatterload_copy  mc_w.l(handlers.o)
    0x0000907e   0x0000907e   0x00000002   Code   RO         1239    i.__scatterload_null  mc_w.l(handlers.o)
    0x00009080   0x00009080   0x0000000e   Code   RO         1240    i.__scatterload_zeroinit  mc_w.l(handlers.o)
    0x0000908e   0x0000908e   0x00000002   PAD
    0x00009090   0x00009090   0x00000184   Code   RO         1172    i._fp_digits        mc_w.l(printfa.o)
    0x00009214   0x00009214   0x000006dc   Code   RO         1173    i._printf_core      mc_w.l(printfa.o)
    0x000098f0   0x000098f0   0x00000024   Code   RO         1174    i._printf_post_padding  mc_w.l(printfa.o)
    0x00009914   0x00009914   0x0000002e   Code   RO         1175    i._printf_pre_padding  mc_w.l(printfa.o)
    0x00009942   0x00009942   0x00000012   Code   RO         1206    i.fputc             mc_w.l(fputc.o)
    0x00009954   0x00009954   0x00000010   Data   RO         1132    .rodata._PrintUnsigned._aV2C  segger_rtt_printf.o
    0x00009964   0x00009964   0x0000002d   Data   RO           72    .rodata.str1.1      hc32f46x_utility.o
    0x00009991   0x00009991   0x0000001d   Data   RO          154    .rodata.str1.1      hc32f46x_clk.o
    0x000099ae   0x000099ae   0x0000001d   Data   RO          208    .rodata.str1.1      hc32f46x_efm.o
    0x000099cb   0x000099cb   0x00000063   Data   RO          549    .rodata.str1.1      app.o
    0x00009a2e   0x00009a2e   0x00000091   Data   RO          565    .rodata.str1.1      myclk.o
    0x00009abf   0x00009abf   0x00000005   Data   RO          891    .rodata.str1.1      tasks.o
    0x00009ac4   0x00009ac4   0x0000000d   Data   RO          956    .rodata.str1.1      timers.o
    0x00009ad1   0x00009ad1   0x00000014   Data   RO         1112    .rodata.str1.1      segger_rtt.o
    0x00009ae5   0x00009ae5   0x00000003   PAD
    0x00009ae8   0x00009ae8   0x00000004   Data   RO          876    .rodata.uxTopUsedPriority  tasks.o
    0x00009aec   0x00009aec   0x00000020   Data   RO         1237    Region$$Table       anon$$obj.o


    Execution Region RW_IRAM1 (Exec base: 0x1fff8000, Load base: 0x00009b10, Size: 0x000064a8, Max: 0x0002f000, ABSOLUTE)

    Exec Addr    Load Addr    Size         Type   Attr      Idx    E Section Name        Object

    0x1fff8000   0x00009b10   0x00000004   Data   RW         1210    .data               mc_w.l(stdout.o)
    0x1fff8004   0x00009b14   0x00000004   Data   RW           15    .data.HRC_VALUE     system_hc32f46x.o
    0x1fff8008   0x00009b18   0x00000004   Data   RW           16    .data.SystemCoreClock  system_hc32f46x.o
    0x1fff800c   0x00009b1c   0x00000004   Data   RW           26    .data.test0_data    main.o
    0x1fff8010   0x00009b20   0x00000004   Data   RW         1029    .data.uxCriticalNesting  port.o
    0x1fff8014   0x00009b24   0x00000004   PAD
    0x1fff8018        -       0x00000004   Zero   RW          553    .bss.FLOATTask_Handler  app.o
    0x1fff801c        -       0x00000040   Zero   RW         1142    .bss.HardFaultRegs  segger_hardfaulthandler.o
    0x1fff805c        -       0x00000200   Zero   RW          528    .bss.IrqHandler     hc32f46x_interrupts.o
    0x1fff825c        -       0x00000004   Zero   RW          551    .bss.LED0Task_Handler  app.o
    0x1fff8260        -       0x00000004   Zero   RW          552    .bss.LED1Task_Handler  app.o
    0x1fff8264        -       0x00000004   Zero   RW          550    .bss.StartTask_Handler  app.o
    0x1fff8268        -       0x00000004   Zero   RW         1143    .bss._Continue      segger_hardfaulthandler.o
    0x1fff826c        -       0x00000078   Zero   RW         1109    .bss._SEGGER_RTT    segger_rtt.o
    0x1fff82e4        -       0x00000010   Zero   RW         1114    .bss._acDownBuffer  segger_rtt.o
    0x1fff82f4        -       0x00001000   Zero   RW         1113    .bss._acUpBuffer    segger_rtt.o
    0x1fff92f4        -       0x00000004   Zero   RW           70    .bss.m_u32TickStep  hc32f46x_utility.o
    0x1fff92f8        -       0x00000004   Zero   RW          960    .bss.prvSampleTimeNow.xLastTime  timers.o
    0x1fff92fc        -       0x00000004   Zero   RW          875    .bss.pxCurrentTCB   tasks.o
    0x1fff9300        -       0x00000004   Zero   RW          958    .bss.pxCurrentTimerList  timers.o
    0x1fff9304        -       0x00000004   Zero   RW          886    .bss.pxDelayedTaskList  tasks.o
    0x1fff9308        -       0x00000004   Zero   RW          986    .bss.pxEnd          heap_4.o
    0x1fff930c        -       0x00000004   Zero   RW          887    .bss.pxOverflowDelayedTaskList  tasks.o
    0x1fff9310        -       0x00000004   Zero   RW          959    .bss.pxOverflowTimerList  timers.o
    0x1fff9314        -       0x00000064   Zero   RW          877    .bss.pxReadyTasksLists  tasks.o
    0x1fff9378        -       0x00000004   Zero   RW           27    .bss.test_bss       main.o
    0x1fff937c        -       0x00001000   Zero   RW          993    .bss.ucHeap         heap_4.o
    0x1fffa37c        -       0x00000001   Zero   RW         1027    .bss.ucMaxSysCallPriority  port.o
    0x1fffa37d   0x00009b24   0x00000003   PAD
    0x1fffa380        -       0x00000004   Zero   RW         1028    .bss.ulMaxPRIGROUPValue  port.o
    0x1fffa384        -       0x00000004   Zero   RW          882    .bss.uxCurrentNumberOfTasks  tasks.o
    0x1fffa388        -       0x00000004   Zero   RW          881    .bss.uxDeletedTasksWaitingCleanUp  tasks.o
    0x1fffa38c        -       0x00000004   Zero   RW          884    .bss.uxSchedulerSuspended  tasks.o
    0x1fffa390        -       0x00000004   Zero   RW          879    .bss.uxTaskNumber   tasks.o
    0x1fffa394        -       0x00000004   Zero   RW          878    .bss.uxTopReadyPriority  tasks.o
    0x1fffa398        -       0x00000014   Zero   RW          961    .bss.xActiveTimerList1  timers.o
    0x1fffa3ac        -       0x00000014   Zero   RW          962    .bss.xActiveTimerList2  timers.o
    0x1fffa3c0        -       0x00000004   Zero   RW          987    .bss.xBlockAllocatedBit  heap_4.o
    0x1fffa3c4        -       0x00000014   Zero   RW          896    .bss.xDelayedTaskList1  tasks.o
    0x1fffa3d8        -       0x00000014   Zero   RW          897    .bss.xDelayedTaskList2  tasks.o
    0x1fffa3ec        -       0x00000004   Zero   RW          988    .bss.xFreeBytesRemaining  heap_4.o
    0x1fffa3f0        -       0x00000004   Zero   RW          892    .bss.xIdleTaskHandle  tasks.o
    0x1fffa3f4        -       0x00000004   Zero   RW          990    .bss.xMinimumEverFreeBytesRemaining  heap_4.o
    0x1fffa3f8        -       0x00000004   Zero   RW          893    .bss.xNextTaskUnblockTime  tasks.o
    0x1fffa3fc        -       0x00000004   Zero   RW          895    .bss.xNumOfOverflows  tasks.o
    0x1fffa400        -       0x00000004   Zero   RW          991    .bss.xNumberOfSuccessfulAllocations  heap_4.o
    0x1fffa404        -       0x00000004   Zero   RW          992    .bss.xNumberOfSuccessfulFrees  heap_4.o
    0x1fffa408        -       0x00000004   Zero   RW          894    .bss.xPendedTicks   tasks.o
    0x1fffa40c        -       0x00000014   Zero   RW          890    .bss.xPendingReadyList  tasks.o
    0x1fffa420        -       0x00000040   Zero   RW          692    .bss.xQueueRegistry  queue.o
    0x1fffa460        -       0x00000004   Zero   RW          883    .bss.xSchedulerRunning  tasks.o
    0x1fffa464        -       0x00000008   Zero   RW          989    .bss.xStart         heap_4.o
    0x1fffa46c        -       0x00000014   Zero   RW          888    .bss.xSuspendedTaskList  tasks.o
    0x1fffa480        -       0x00000014   Zero   RW          880    .bss.xTasksWaitingTermination  tasks.o
    0x1fffa494        -       0x00000004   Zero   RW          885    .bss.xTickCount     tasks.o
    0x1fffa498        -       0x00000004   Zero   RW          955    .bss.xTimerQueue    timers.o
    0x1fffa49c        -       0x00000004   Zero   RW          957    .bss.xTimerTaskHandle  timers.o
    0x1fffa4a0        -       0x00000004   Zero   RW          889    .bss.xYieldPending  tasks.o
    0x1fffa4a4   0x00009b24   0x00000004   PAD
    0x1fffa4a8        -       0x00004000   Zero   RW            1    STACK               startup_hc32f46x.o


==============================================================================

Image component sizes


      Code (inc. data)   RO Data    RW Data    ZI Data      Debug   Object Name

       344          0         99          0         16       5730   app.o
      2872         10         29          0          0      34265   hc32f46x_clk.o
       244          0         29          0          0       9946   hc32f46x_efm.o
     16546          0          0          0        512     124578   hc32f46x_interrupts.o
       262          0         45          0          4      39883   hc32f46x_utility.o
      1144          0          0          0       4128       4301   heap_4.o
       298          0          0          0          0       2083   list.o
        10          0          0          4          4        452   main.o
       556          0        145          0          0       2880   myclk.o
      1008         16          0          4          5       3741   port.o
      1618          0          0          0         64      15535   queue.o
       278          0          0          0         68       2689   segger_hardfaulthandler.o
       864          0         20          0       4232      13174   segger_rtt.o
      2134         14         16          0          0       3817   segger_rtt_printf.o
        88         20        640          0      16384        848   startup_hc32f46x.o
       390          6          0          8          0      13769   system_hc32f46x.o
      4512          0          9          0        260      24173   tasks.o
      1294         10         13          0         60       8337   timers.o

    ----------------------------------------------------------------------
     34848         76       1080         16      25748     310201   Object Totals
         0          0         32          0          0          0   (incl. Generated)
       386          0          3          0         11          0   (incl. Padding)

    ----------------------------------------------------------------------

      Code (inc. data)   RO Data    RW Data    ZI Data      Debug   Library Member Name

         0          0          0          0          0          0   entry.o
         0          0          0          0          0          0   entry10a.o
         0          0          0          0          0          0   entry11a.o
         8          4          0          0          0          0   entry2.o
         4          0          0          0          0          0   entry5.o
         0          0          0          0          0          0   entry7b.o
         0          0          0          0          0          0   entry8b.o
         8          4          0          0          0          0   entry9a.o
        18          0          0          0          0         80   fputc.o
        30          0          0          0          0          0   handlers.o
        36          8          0          0          0         68   init.o
         0          0          0          0          0          0   iusefp.o
         0          0          0          0          0          0   iusesemip.o
        30          0          0          0          0         68   llshl.o
        36          0          0          0          0         68   llsshr.o
        32          0          0          0          0         68   llushr.o
        36          0          0          0          0         68   memcpya.o
        36          0          0          0          0        108   memseta.o
      2258         90          0          0          0        452   printfa.o
         0          0          0          0          0          0   semi.o
         0          0          0          4          0          0   stdout.o
        18          0          0          0          0         68   strcpy.o
        44          0          0          0          0         80   uidiv.o
        98          0          0          0          0         92   uldiv.o
        48          0          0          0          0         68   cdrcmple.o
       334          0          0          0          0        148   dadd.o
       222          0          0          0          0        100   ddiv.o
       186          0          0          0          0        176   depilogue.o
        48          0          0          0          0         68   dfixul.o
       228          0          0          0          0         96   dmul.o

    ----------------------------------------------------------------------
      3764        106          0          4          0       1876   Library Totals
         6          0          0          0          0          0   (incl. Padding)

    ----------------------------------------------------------------------

      Code (inc. data)   RO Data    RW Data    ZI Data      Debug   Library Name

      2692        106          0          4          0       1220   mc_w.l
      1066          0          0          0          0        656   mf_w.l

    ----------------------------------------------------------------------
      3764        106          0          4          0       1876   Library Totals

    ----------------------------------------------------------------------

==============================================================================


      Code (inc. data)   RO Data    RW Data    ZI Data      Debug   

     38612        182       1080         20      25748     311037   Grand Totals
     38612        182       1080         20      25748     311037   ELF Image Totals
     38612        182       1080         20          0          0   ROM Totals

==============================================================================

    Total RO  Size (Code + RO Data)                39692 (  38.76kB)
    Total RW  Size (RW Data + ZI Data)             25768 (  25.16kB)
    Total ROM Size (Code + RO Data + RW Data)      39712 (  38.78kB)

==============================================================================

