Component: ARM Compiler 6.14.1 Tool: armlink [5db06d00]

==============================================================================

Image Symbol Table

    Local Symbols

    Symbol Name                              Value     Ov Type        Size  Object(Section)

    ../clib/angel/boardlib.s                 0x00000000   Number         0  boardinit1.o ABSOLUTE
    ../clib/angel/boardlib.s                 0x00000000   Number         0  boardinit2.o ABSOLUTE
    ../clib/angel/boardlib.s                 0x00000000   Number         0  boardinit3.o ABSOLUTE
    ../clib/angel/boardlib.s                 0x00000000   Number         0  boardshut.o ABSOLUTE
    ../clib/angel/handlers.s                 0x00000000   Number         0  __scatter_copy.o ABSOLUTE
    ../clib/angel/handlers.s                 0x00000000   Number         0  __scatter_zi.o ABSOLUTE
    ../clib/angel/kernel.s                   0x00000000   Number         0  __rtentry.o ABSOLUTE
    ../clib/angel/kernel.s                   0x00000000   Number         0  __rtentry2.o ABSOLUTE
    ../clib/angel/kernel.s                   0x00000000   Number         0  __rtentry4.o ABSOLUTE
    ../clib/angel/kernel.s                   0x00000000   Number         0  rtexit.o ABSOLUTE
    ../clib/angel/kernel.s                   0x00000000   Number         0  rtexit2.o ABSOLUTE
    ../clib/angel/rt.s                       0x00000000   Number         0  aeabi_ldiv0.o ABSOLUTE
    ../clib/angel/rt.s                       0x00000000   Number         0  aeabi_ldiv0_sigfpe.o ABSOLUTE
    ../clib/angel/rt.s                       0x00000000   Number         0  rt_div0.o ABSOLUTE
    ../clib/angel/rt.s                       0x00000000   Number         0  rt_ctype_table.o ABSOLUTE
    ../clib/angel/rt.s                       0x00000000   Number         0  rt_locale.o ABSOLUTE
    ../clib/angel/rt.s                       0x00000000   Number         0  rt_locale_intlibspace.o ABSOLUTE
    ../clib/angel/rt.s                       0x00000000   Number         0  rt_raise.o ABSOLUTE
    ../clib/angel/rt.s                       0x00000000   Number         0  rt_heap_descriptor.o ABSOLUTE
    ../clib/angel/rt.s                       0x00000000   Number         0  rt_heap_descriptor_intlibspace.o ABSOLUTE
    ../clib/angel/rt.s                       0x00000000   Number         0  rt_errno_addr.o ABSOLUTE
    ../clib/angel/rt.s                       0x00000000   Number         0  rt_errno_addr_intlibspace.o ABSOLUTE
    ../clib/angel/scatter.s                  0x00000000   Number         0  __scatter.o ABSOLUTE
    ../clib/angel/startup.s                  0x00000000   Number         0  __main.o ABSOLUTE
    ../clib/angel/sys.s                      0x00000000   Number         0  mutex_dummy.o ABSOLUTE
    ../clib/angel/sys.s                      0x00000000   Number         0  sys_stackheap_outer.o ABSOLUTE
    ../clib/angel/sys.s                      0x00000000   Number         0  libspace.o ABSOLUTE
    ../clib/angel/sys.s                      0x00000000   Number         0  use_no_semi.o ABSOLUTE
    ../clib/angel/sys.s                      0x00000000   Number         0  indicate_semi.o ABSOLUTE
    ../clib/angel/sysapp.c                   0x00000000   Number         0  sys_io_names.o ABSOLUTE
    ../clib/angel/sysapp.c                   0x00000000   Number         0  sys_io.o ABSOLUTE
    ../clib/angel/sysapp.c                   0x00000000   Number         0  sys_io_hlt.o ABSOLUTE
    ../clib/angel/sysapp.c                   0x00000000   Number         0  sys_exit.o ABSOLUTE
    ../clib/angel/sysapp.c                   0x00000000   Number         0  sys_exit_hlt.o ABSOLUTE
    ../clib/angel/sysapp.c                   0x00000000   Number         0  sys_wrch.o ABSOLUTE
    ../clib/angel/sysapp.c                   0x00000000   Number         0  sys_command.o ABSOLUTE
    ../clib/angel/sysapp.c                   0x00000000   Number         0  sys_wrch_hlt.o ABSOLUTE
    ../clib/angel/sysapp.c                   0x00000000   Number         0  sys_command_hlt.o ABSOLUTE
    ../clib/armsys.c                         0x00000000   Number         0  argv_veneer.o ABSOLUTE
    ../clib/armsys.c                         0x00000000   Number         0  argv_veneer.o ABSOLUTE
    ../clib/armsys.c                         0x00000000   Number         0  _get_argv.o ABSOLUTE
    ../clib/armsys.c                         0x00000000   Number         0  _get_argv_nomalloc.o ABSOLUTE
    ../clib/armsys.c                         0x00000000   Number         0  no_argv.o ABSOLUTE
    ../clib/assert.c                         0x00000000   Number         0  assert_stdio.o ABSOLUTE
    ../clib/bigflt.c                         0x00000000   Number         0  bigflt0.o ABSOLUTE
    ../clib/btod.s                           0x00000000   Number         0  btod.o ABSOLUTE
    ../clib/btod_accurate.c                  0x00000000   Number         0  btod_accurate.o ABSOLUTE
[...]
    .text                                    0x00001a08   Section        0  sys_io.o(.text)
    .text                                    0x00001a70   Section        8  libspace.o(.text)
    .text                                    0x00001a78   Section        8  rt_heap_descriptor_intlibspace.o(.text)
    .text                                    0x00001a80   Section        0  hguard.o(.text)
    .text                                    0x00001a84   Section        0  init_alloc.o(.text)
    .text                                    0x00001b0e   Section        0  h1_alloc.o(.text)
    .text                                    0x00001b6c   Section        0  fseek.o(.text)
    .text                                    0x00001c64   Section        0  stdio.o(.text)
    .text                                    0x00001d54   Section        0  defsig_exit.o(.text)
    .text                                    0x00001d60   Section        0  defsig_rtred_inner.o(.text)
    .text                                    0x00001d98   Section      124  strcmpv7em.o(.text)
    .text                                    0x00001e14   Section        0  sys_exit.o(.text)
    .text                                    0x00001e20   Section        2  use_no_semi.o(.text)
    .text                                    0x00001e22   Section        0  indicate_semi.o(.text)
    .text                                    0x00001e22   Section        0  maybetermalloc1.o(.text)
    .text                                    0x00001e22   Section        0  h1_init.o(.text)
    .text                                    0x00001e30   Section        0  h1_extend.o(.text)
    .text                                    0x00001e64   Section        0  ftell.o(.text)
    .text                                    0x00001ea6   Section        0  defsig_general.o(.text)
    .text                                    0x00001ed8   Section        0  defsig_rtmem_outer.o(.text)
    .text                                    0x00001ee6   Section        0  strlen.o(.text)
    .text                                    0x00001f24   Section        0  _get_argv.o(.text)
    .text                                    0x0000202c   Section        0  sys_wrch.o(.text)
    .text                                    0x0000203a   Section        0  sys_command.o(.text)
    .text                                    0x00002054   Section        8  rt_errno_addr_intlibspace.o(.text)
    .text                                    0x0000205c   Section        0  hrguard.o(.text)
    .text                                    0x00002060   Section        0  defsig_rtmem_inner.o(.text)
    [Anonymous Symbol]                       0x000020b0   Section        0  hc32f46x_utility.o(.text.Ddl_AssertHandler)
    [Anonymous Symbol]                       0x000020e0   Section        0  port.o(.text.PendSV_Handler)
    pxCurrentTCBConst                        0x00002140   Number         0  port.o(.text.PendSV_Handler)
    [Anonymous Symbol]                       0x00002150   Section        0  port.o(.text.SVC_Handler)
    pxCurrentTCBConst2                       0x00002170   Number         0  port.o(.text.SVC_Handler)
    [Anonymous Symbol]                       0x00002174   Section        0  port.o(.text.SysTick_Handler)
    [Anonymous Symbol]                       0x000021b4   Section        0  hc32f46x_utility.o(.text.SysTick_IncTick)
    [Anonymous Symbol]                       0x000021d0   Section        0  app.o(.text.SysTick_IrqHandler)
    [Anonymous Symbol]                       0x000021dc   Section        0  system_hc32f46x.o(.text.SystemCoreClockUpdate)
    [Anonymous Symbol]                       0x0000234c   Section        0  system_hc32f46x.o(.text.SystemInit)
    [Anonymous Symbol]                       0x00002364   Section        0  app.o(.text.app)
    [Anonymous Symbol]                       0x0000237c   Section        0  main.o(.text.main)
    prvResetNextTaskUnblockTime              0x0000238d   Thumb Code    62  tasks.o(.text.prvResetNextTaskUnblockTime)
    [Anonymous Symbol]                       0x0000238c   Section        0  tasks.o(.text.prvResetNextTaskUnblockTime)
    __tagsym$$used.0                         0x000023cc   Number         0  tasks.o(.text.vTaskSwitchContext)
    [Anonymous Symbol]                       0x000023cc   Section        0  tasks.o(.text.vTaskSwitchContext)
    [Anonymous Symbol]                       0x00002490   Section        0  tasks.o(.text.xTaskIncrementTick)
    CL$$btod_d2e                             0x000026fa   Section       62  btod.o(CL$$btod_d2e)
    CL$$btod_d2e_denorm_low                  0x00002738   Section       70  btod.o(CL$$btod_d2e_denorm_low)
    CL$$btod_d2e_norm_op1                    0x0000277e   Section       96  btod.o(CL$$btod_d2e_norm_op1)
    CL$$btod_div_common                      0x000027de   Section      824  btod.o(CL$$btod_div_common)
    CL$$btod_e2e                             0x00002b16   Section      220  btod.o(CL$$btod_e2e)
    CL$$btod_ediv                            0x00002bf2   Section       42  btod.o(CL$$btod_ediv)
    CL$$btod_emul                            0x00002c1c   Section       42  btod.o(CL$$btod_emul)
    CL$$btod_mult_common                     0x00002c46   Section      580  btod.o(CL$$btod_mult_common)
    i.__ARM_fpclassify                       0x00002e8a   Section        0  fpclassify.o(i.__ARM_fpclassify)
    i._is_digit                              0x00002eba   Section        0  __printf_wp.o(i._is_digit)
    i.fputc                                  0x00002ec8   Section        0  fputc.o(i.fputc)
    locale$$code                             0x00002ee4   Section       44  lc_numeric_c.o(locale$$code)
    locale$$code                             0x00002f10   Section       44  lc_ctype_c.o(locale$$code)
    $v0                                      0x00002f3c   Number         0  fpinit.o(x$fpl$fpinit)
    x$fpl$fpinit                             0x00002f3c   Section       26  fpinit.o(x$fpl$fpinit)
    $v0                                      0x00002f56   Number         0  printf1.o(x$fpl$printf1)
    x$fpl$printf1                            0x00002f56   Section        4  printf1.o(x$fpl$printf1)
    $v0                                      0x00002f5a   Number         0  printf2.o(x$fpl$printf2)
    x$fpl$printf2                            0x00002f5a   Section        4  printf2.o(x$fpl$printf2)
    x$fpl$usenofp                            0x00002f5e   Section        0  usenofp.o(x$fpl$usenofp)
    initial_mbstate                          0x00002f60   Data           8  _printf_wctomb.o(.constdata)
    .constdata                               0x00002f60   Section        8  _printf_wctomb.o(.constdata)
    uc_hextab                                0x00002f68   Data          20  _printf_hex_int_ll_ptr.o(.constdata)
    .constdata                               0x00002f68   Section       40  _printf_hex_int_ll_ptr.o(.constdata)
    lc_hextab                                0x00002f7c   Data          20  _printf_hex_int_ll_ptr.o(.constdata)
    maptable                                 0x00002f90   Data          17  __printf_flags_ss_wp.o(.constdata)
    .constdata                               0x00002f90   Section       17  __printf_flags_ss_wp.o(.constdata)
    lc_hextab                                0x00002fa1   Data          19  _printf_fp_hex.o(.constdata)
    .constdata                               0x00002fa1   Section       38  _printf_fp_hex.o(.constdata)
    uc_hextab                                0x00002fb4   Data          19  _printf_fp_hex.o(.constdata)
    .constdata                               0x00002fc7   Section        4  sys_io_names.o(.constdata)
    .constdata                               0x00002fcb   Section        4  sys_io_names.o(.constdata)
    .constdata                               0x00002fcf   Section        4  sys_io_names.o(.constdata)
    tenpwrs_x                                0x00002fd4   Data          60  bigflt0.o(.constdata)
    .constdata                               0x00002fd4   Section      148  bigflt0.o(.constdata)
    tenpwrs_i                                0x00003010   Data          64  bigflt0.o(.constdata)
    .L.str                                   0x00003068   Data          45  hc32f46x_utility.o(.rodata.str1.1)
    [Anonymous Symbol]                       0x00003068   Section        0  hc32f46x_utility.o(.rodata.str1.1)
    locale$$data                             0x000030b8   Section       28  lc_numeric_c.o(locale$$data)
    __lcnum_c_name                           0x000030bc   Data           2  lc_numeric_c.o(locale$$data)
    __lcnum_c_start                          0x000030c4   Data           0  lc_numeric_c.o(locale$$data)
    __lcnum_c_point                          0x000030d0   Data           0  lc_numeric_c.o(locale$$data)
    __lcnum_c_thousands                      0x000030d2   Data           0  lc_numeric_c.o(locale$$data)
    __lcnum_c_grouping                       0x000030d3   Data           0  lc_numeric_c.o(locale$$data)
    __lcnum_c_end                            0x000030d4   Data           0  lc_numeric_c.o(locale$$data)
    locale$$data                             0x000030d4   Section      272  lc_ctype_c.o(locale$$data)
    __lcctype_c_name                         0x000030d8   Data           2  lc_ctype_c.o(locale$$data)
    __lcctype_c_start                        0x000030e0   Data           0  lc_ctype_c.o(locale$$data)
    __lcctype_c_end                          0x000031e4   Data           0  lc_ctype_c.o(locale$$data)
    .data                                    0x1fff8000   Section        4  stdio_streams.o(.data)
    .data                                    0x1fff8004   Section        4  stdio_streams.o(.data)
    .data                                    0x1fff8008   Section        4  stdio_streams.o(.data)
    .bss                                     0x1fff8018   Section       84  stdio_streams.o(.bss)
    .bss                                     0x1fff806c   Section       84  stdio_streams.o(.bss)
    .bss                                     0x1fff80c0   Section       84  stdio_streams.o(.bss)
    .bss                                     0x1fff8114   Section       96  libspace.o(.bss)
    m_u32TickCount                           0x1fff8174   Data           4  hc32f46x_utility.o(.bss.m_u32TickCount)
    [Anonymous Symbol]                       0x1fff8174   Section        0  hc32f46x_utility.o(.bss.m_u32TickCount)
    m_u32TickStep                            0x1fff8178   Data           4  hc32f46x_utility.o(.bss.m_u32TickStep)
    [Anonymous Symbol]                       0x1fff8178   Section        0  hc32f46x_utility.o(.bss.m_u32TickStep)
    pxDelayedTaskList                        0x1fff8180   Data           4  tasks.o(.bss.pxDelayedTaskList)
    [Anonymous Symbol]                       0x1fff8180   Section        0  tasks.o(.bss.pxDelayedTaskList)
    pxOverflowDelayedTaskList                0x1fff8184   Data           4  tasks.o(.bss.pxOverflowDelayedTaskList)
    [Anonymous Symbol]                       0x1fff8184   Section        0  tasks.o(.bss.pxOverflowDelayedTaskList)
    pxReadyTasksLists                        0x1fff8188   Data         100  tasks.o(.bss.pxReadyTasksLists)
    [Anonymous Symbol]                       0x1fff8188   Section        0  tasks.o(.bss.pxReadyTasksLists)
    uxSchedulerSuspended                     0x1fff81f0   Data           4  tasks.o(.bss.uxSchedulerSuspended)
    [Anonymous Symbol]                       0x1fff81f0   Section        0  tasks.o(.bss.uxSchedulerSuspended)
    uxTopReadyPriority                       0x1fff81f4   Data           4  tasks.o(.bss.uxTopReadyPriority)
    [Anonymous Symbol]                       0x1fff81f4   Section        0  tasks.o(.bss.uxTopReadyPriority)
    xNextTaskUnblockTime                     0x1fff81f8   Data           4  tasks.o(.bss.xNextTaskUnblockTime)
    [Anonymous Symbol]                       0x1fff81f8   Section        0  tasks.o(.bss.xNextTaskUnblockTime)
    xNumOfOverflows                          0x1fff81fc   Data           4  tasks.o(.bss.xNumOfOverflows)
    [Anonymous Symbol]                       0x1fff81fc   Section        0  tasks.o(.bss.xNumOfOverflows)
    xPendedTicks                             0x1fff8200   Data           4  tasks.o(.bss.xPendedTicks)
    [Anonymous Symbol]                       0x1fff8200   Section        0  tasks.o(.bss.xPendedTicks)
    xTickCount                               0x1fff8204   Data           4  tasks.o(.bss.xTickCount)
    [Anonymous Symbol]                       0x1fff8204   Section        0  tasks.o(.bss.xTickCount)
    xYieldPending                            0x1fff8208   Data           4  tasks.o(.bss.xYieldPending)
    [Anonymous Symbol]                       0x1fff8208   Section        0  tasks.o(.bss.xYieldPending)
    Heap_Mem                                 0x1fff8210   Data        4096  startup_hc32f46x.o(HEAP)
    HEAP                                     0x1fff8210   Section     4096  startup_hc32f46x.o(HEAP)
    Stack_Mem                                0x1fff9210   Data        4096  startup_hc32f46x.o(STACK)
    STACK                                    0x1fff9210   Section     4096  startup_hc32f46x.o(STACK)
    __initial_sp                             0x1fffa210   Data           0  startup_hc32f46x.o(STACK)

    Global Symbols

    Symbol Name                              Value     Ov Type        Size  Object(Section)

    BuildAttributes$$THM_ISAv4$E$P$D$K$B$S$7EM$VFPi3$EXTD16$VFPS$VFMA$PE$A:L22UL41UL21$X:L11$S22US41US21$IEEE1$IW$~IW$USESV6$~STKCKD$USESV7$WCHAR32$ENUMINT$~SHL$OTIME$ROPI$IEEEJ$EBA8$UX$STANDARDLIB$REQ8$PRES8$EABIv2 0x00000000   Number         0  anon$$obj.o ABSOLUTE
    __Vectors                                0x00000000   Data           4  startup_hc32f46x.o(RESET)
    _printf_flags                            0x00000000   Number         0  printf_stubs.o ABSOLUTE
    _printf_return_value                     0x00000000   Number         0  printf_stubs.o ABSOLUTE
    _printf_sizespec                         0x00000000   Number         0  printf_stubs.o ABSOLUTE
    _printf_widthprec                        0x00000000   Number         0  printf_stubs.o ABSOLUTE
    __ARM_exceptions_init                     - Undefined Weak Reference
    __alloca_initialize                       - Undefined Weak Reference
    __arm_preinit_                            - Undefined Weak Reference
    __cpp_initialize__aeabi_                  - Undefined Weak Reference
    __cxa_finalize                            - Undefined Weak Reference
    __sigvec_lookup                           - Undefined Weak Reference
    __user_heap_extent                        - Undefined Weak Reference
    _atexit_init                              - Undefined Weak Reference
    _call_atexit_fns                          - Undefined Weak Reference
    _clock_init                               - Undefined Weak Reference
    _fp_trap_init                             - Undefined Weak Reference
    _fp_trap_shutdown                         - Undefined Weak Reference
    _get_lc_collate                           - Undefined Weak Reference
    _get_lc_monetary                          - Undefined Weak Reference
    _get_lc_time                              - Undefined Weak Reference
    _getenv_init                              - Undefined Weak Reference
    _handle_redirection                       - Undefined Weak Reference
    _mutex_acquire                            - Undefined Weak Reference
    _mutex_free                               - Undefined Weak Reference
    _mutex_release                            - Undefined Weak Reference
    _printf_mbtowc                            - Undefined Weak Reference
    _printf_wc                                - Undefined Weak Reference
    _rand_init                                - Undefined Weak Reference
    _signal_finish                            - Undefined Weak Reference
    _signal_init                              - Undefined Weak Reference
    __Vectors_End                            0x00000280   Data           0  startup_hc32f46x.o(RESET)
    __Vectors_Size                           0x00000280   Number         0  startup_hc32f46x.o ABSOLUTE
    __main                                   0x00000281   Thumb Code     8  __main.o(!!!main)
    __scatterload                            0x00000289   Thumb Code     0  __scatter.o(!!!scatter)
    __scatterload_rt2                        0x00000289   Thumb Code    44  __scatter.o(!!!scatter)
    __scatterload_rt2_thumb_only             0x00000289   Thumb Code     0  __scatter.o(!!!scatter)
    __scatterload_null                       0x00000297   Thumb Code     0  __scatter.o(!!!scatter)
    __scatterload_copy                       0x000002bd   Thumb Code    26  __scatter_copy.o(!!handler_copy)
    __scatterload_zeroinit                   0x000002d9   Thumb Code    28  __scatter_zi.o(!!handler_zi)
    _printf_n                                0x000002f5   Thumb Code     0  _printf_n.o(.ARM.Collect$$_printf_percent$$00000001)
    _printf_percent                          0x000002f5   Thumb Code     0  _printf_percent.o(.ARM.Collect$$_printf_percent$$00000000)
    _printf_p                                0x000002fb   Thumb Code     0  _printf_p.o(.ARM.Collect$$_printf_percent$$00000002)
    _printf_f                                0x00000301   Thumb Code     0  _printf_f.o(.ARM.Collect$$_printf_percent$$00000003)
    _printf_e                                0x00000307   Thumb Code     0  _printf_e.o(.ARM.Collect$$_printf_percent$$00000004)
    _printf_g                                0x0000030d   Thumb Code     0  _printf_g.o(.ARM.Collect$$_printf_percent$$00000005)
    _printf_a                                0x00000313   Thumb Code     0  _printf_a.o(.ARM.Collect$$_printf_percent$$00000006)
    _printf_ll                               0x00000319   Thumb Code     0  _printf_ll.o(.ARM.Collect$$_printf_percent$$00000007)
    _printf_i                                0x00000323   Thumb Code     0  _printf_i.o(.ARM.Collect$$_printf_percent$$00000008)
    _printf_d                                0x00000329   Thumb Code     0  _printf_d.o(.ARM.Collect$$_printf_percent$$00000009)
    _printf_u                                0x0000032f   Thumb Code     0  _printf_u.o(.ARM.Collect$$_printf_percent$$0000000A)
    _printf_o                                0x00000335   Thumb Code     0  _printf_o.o(.ARM.Collect$$_printf_percent$$0000000B)
    _printf_x                                0x0000033b   Thumb Code     0  _printf_x.o(.ARM.Collect$$_printf_percent$$0000000C)
    _printf_lli                              0x00000341   Thumb Code     0  _printf_lli.o(.ARM.Collect$$_printf_percent$$0000000D)
    _printf_lld                              0x00000347   Thumb Code     0  _printf_lld.o(.ARM.Collect$$_printf_percent$$0000000E)
    _printf_llu                              0x0000034d   Thumb Code     0  _printf_llu.o(.ARM.Collect$$_printf_percent$$0000000F)
    _printf_llo                              0x00000353   Thumb Code     0  _printf_llo.o(.ARM.Collect$$_printf_percent$$00000010)
    _printf_llx                              0x00000359   Thumb Code     0  _printf_llx.o(.ARM.Collect$$_printf_percent$$00000011)
    _printf_l                                0x0000035f   Thumb Code     0  _printf_l.o(.ARM.Collect$$_printf_percent$$00000012)
    _printf_c                                0x00000369   Thumb Code     0  _printf_c.o(.ARM.Collect$$_printf_percent$$00000013)
    _printf_s                                0x0000036f   Thumb Code     0  _printf_s.o(.ARM.Collect$$_printf_percent$$00000014)
    _printf_lc                               0x00000375   Thumb Code     0  _printf_lc.o(.ARM.Collect$$_printf_percent$$00000015)
    _printf_ls                               0x0000037b   Thumb Code     0  _printf_ls.o(.ARM.Collect$$_printf_percent$$00000016)
    _printf_percent_end                      0x00000381   Thumb Code     0  _printf_percent_end.o(.ARM.Collect$$_printf_percent$$00000017)
    __rt_lib_init                            0x00000385   Thumb Code     0  libinit.o(.ARM.Collect$$libinit$$00000000)
    __rt_lib_init_fp_1                       0x00000387   Thumb Code     0  libinit2.o(.ARM.Collect$$libinit$$00000001)
    __rt_lib_init_heap_2                     0x0000038b   Thumb Code     0  libinit2.o(.ARM.Collect$$libinit$$00000005)
    __rt_lib_init_preinit_1                  0x0000038b   Thumb Code     0  libinit2.o(.ARM.Collect$$libinit$$00000004)
    __rt_lib_init_heap_1                     0x00000393   Thumb Code     0  libinit2.o(.ARM.Collect$$libinit$$0000000A)
    __rt_lib_init_lc_common                  0x00000393   Thumb Code     0  libinit2.o(.ARM.Collect$$libinit$$0000000F)
    __rt_lib_init_rand_1                     0x00000393   Thumb Code     0  libinit2.o(.ARM.Collect$$libinit$$0000000E)
    __rt_lib_init_user_alloc_1               0x00000393   Thumb Code     0  libinit2.o(.ARM.Collect$$libinit$$0000000C)
    __rt_lib_init_lc_collate_1               0x00000399   Thumb Code     0  libinit2.o(.ARM.Collect$$libinit$$00000011)
    __rt_lib_init_lc_ctype_2                 0x00000399   Thumb Code     0  libinit2.o(.ARM.Collect$$libinit$$00000012)
    __rt_lib_init_lc_ctype_1                 0x000003a5   Thumb Code     0  libinit2.o(.ARM.Collect$$libinit$$00000013)
    __rt_lib_init_lc_monetary_1              0x000003a5   Thumb Code     0  libinit2.o(.ARM.Collect$$libinit$$00000015)
    __rt_lib_init_lc_numeric_2               0x000003a5   Thumb Code     0  libinit2.o(.ARM.Collect$$libinit$$00000016)
    __rt_lib_init_atexit_1                   0x000003af   Thumb Code     0  libinit2.o(.ARM.Collect$$libinit$$0000001B)
    __rt_lib_init_clock_1                    0x000003af   Thumb Code     0  libinit2.o(.ARM.Collect$$libinit$$00000021)
    __rt_lib_init_fp_trap_1                  0x000003af   Thumb Code     0  libinit2.o(.ARM.Collect$$libinit$$0000001F)
    __rt_lib_init_getenv_1                   0x000003af   Thumb Code     0  libinit2.o(.ARM.Collect$$libinit$$00000023)
    __rt_lib_init_lc_numeric_1               0x000003af   Thumb Code     0  libinit2.o(.ARM.Collect$$libinit$$00000017)
    __rt_lib_init_lc_time_1                  0x000003af   Thumb Code     0  libinit2.o(.ARM.Collect$$libinit$$00000019)
    __rt_lib_init_signal_1                   0x000003af   Thumb Code     0  libinit2.o(.ARM.Collect$$libinit$$0000001D)
    __rt_lib_init_stdio_2                    0x000003af   Thumb Code     0  libinit2.o(.ARM.Collect$$libinit$$00000024)
    __rt_lib_init_argv_1                     0x000003b3   Thumb Code     0  libinit2.o(.ARM.Collect$$libinit$$00000026)
    __rt_lib_init_stdio_1                    0x000003b3   Thumb Code     0  libinit2.o(.ARM.Collect$$libinit$$00000025)
    __rt_lib_init_alloca_1                   0x000003bb   Thumb Code     0  libinit2.o(.ARM.Collect$$libinit$$0000002E)
    __rt_lib_init_cpp_1                      0x000003bb   Thumb Code     0  libinit2.o(.ARM.Collect$$libinit$$00000032)
    __rt_lib_init_exceptions_1               0x000003bb   Thumb Code     0  libinit2.o(.ARM.Collect$$libinit$$00000030)
    __rt_lib_init_return                     0x000003bb   Thumb Code     0  libinit2.o(.ARM.Collect$$libinit$$00000033)
    __rt_lib_shutdown                        0x000003bd   Thumb Code     0  libshutdown.o(.ARM.Collect$$libshutdown$$00000000)
    __rt_lib_shutdown_cpp_1                  0x000003bf   Thumb Code     0  libshutdown2.o(.ARM.Collect$$libshutdown$$00000002)
    __rt_lib_shutdown_stdio_2                0x000003bf   Thumb Code     0  libshutdown2.o(.ARM.Collect$$libshutdown$$00000003)
    __rt_lib_shutdown_fp_trap_1              0x000003c3   Thumb Code     0  libshutdown2.o(.ARM.Collect$$libshutdown$$00000007)
    __rt_lib_shutdown_heap_1                 0x000003c3   Thumb Code     0  libshutdown2.o(.ARM.Collect$$libshutdown$$0000000F)
    __rt_lib_shutdown_return                 0x000003c3   Thumb Code     0  libshutdown2.o(.ARM.Collect$$libshutdown$$00000010)
    __rt_lib_shutdown_signal_1               0x000003c3   Thumb Code     0  libshutdown2.o(.ARM.Collect$$libshutdown$$0000000A)
    __rt_lib_shutdown_stdio_1                0x000003c3   Thumb Code     0  libshutdown2.o(.ARM.Collect$$libshutdown$$00000004)
    __rt_lib_shutdown_user_alloc_1           0x000003c3   Thumb Code     0  libshutdown2.o(.ARM.Collect$$libshutdown$$0000000C)
    __rt_entry                               0x000003c5   Thumb Code     0  __rtentry.o(.ARM.Collect$$rtentry$$00000000)
    __rt_entry_presh_1                       0x000003c5   Thumb Code     0  __rtentry2.o(.ARM.Collect$$rtentry$$00000002)
    __rt_entry_sh                            0x000003c5   Thumb Code     0  __rtentry4.o(.ARM.Collect$$rtentry$$00000004)
    __rt_entry_li                            0x000003cb   Thumb Code     0  __rtentry2.o(.ARM.Collect$$rtentry$$0000000A)
    __rt_entry_postsh_1                      0x000003cb   Thumb Code     0  __rtentry2.o(.ARM.Collect$$rtentry$$00000009)
    __rt_entry_main                          0x000003cf   Thumb Code     0  __rtentry2.o(.ARM.Collect$$rtentry$$0000000D)
    __rt_entry_postli_1                      0x000003cf   Thumb Code     0  __rtentry2.o(.ARM.Collect$$rtentry$$0000000C)
    __rt_exit                                0x000003d7   Thumb Code     0  rtexit.o(.ARM.Collect$$rtexit$$00000000)
    __rt_exit_ls                             0x000003d9   Thumb Code     0  rtexit2.o(.ARM.Collect$$rtexit$$00000003)
    __rt_exit_prels_1                        0x000003d9   Thumb Code     0  rtexit2.o(.ARM.Collect$$rtexit$$00000002)
    __rt_exit_exit                           0x000003dd   Thumb Code     0  rtexit2.o(.ARM.Collect$$rtexit$$00000004)
    __ARM_argv_veneer                        0x000003e5   Thumb Code     4  argv_veneer.o(.emb_text)
    Reset_Handler                            0x000003e9   Thumb Code    48  startup_hc32f46x.o(.text)
    NMI_Handler                              0x00000419   Thumb Code     2  startup_hc32f46x.o(.text)
    HardFault_Handler                        0x0000041b   Thumb Code     2  startup_hc32f46x.o(.text)
    MemManage_Handler                        0x0000041d   Thumb Code     2  startup_hc32f46x.o(.text)
    BusFault_Handler                         0x0000041f   Thumb Code     2  startup_hc32f46x.o(.text)
    UsageFault_Handler                       0x00000421   Thumb Code     2  startup_hc32f46x.o(.text)
    DebugMon_Handler                         0x00000425   Thumb Code     2  startup_hc32f46x.o(.text)
    IRQ000_Handler                           0x0000042b   Thumb Code     0  startup_hc32f46x.o(.text)
    IRQ001_Handler                           0x0000042b   Thumb Code     0  startup_hc32f46x.o(.text)
    IRQ002_Handler                           0x0000042b   Thumb Code     0  startup_hc32f46x.o(.text)
    IRQ003_Handler                           0x0000042b   Thumb Code     0  startup_hc32f46x.o(.text)
    IRQ004_Handler                           0x0000042b   Thumb Code     0  startup_hc32f46x.o(.text)
    IRQ005_Handler                           0x0000042b   Thumb Code     0  startup_hc32f46x.o(.text)
    IRQ006_Handler                           0x0000042b   Thumb Code     0  startup_hc32f46x.o(.text)
    IRQ007_Handler                           0x0000042b   Thumb Code     0  startup_hc32f46x.o(.text)
    IRQ008_Handler                           0x0000042b   Thumb Code     0  startup_hc32f46x.o(.text)
    IRQ009_Handler                           0x0000042b   Thumb Code     0  startup_hc32f46x.o(.text)
    IRQ010_Handler                           0x0000042b   Thumb Code     0  startup_hc32f46x.o(.text)
    IRQ011_Handler                           0x0000042b   Thumb Code     0  startup_hc32f46x.o(.text)
    IRQ012_Handler                           0x0000042b   Thumb Code     0  startup_hc32f46x.o(.text)
    IRQ013_Handler                           0x0000042b   Thumb Code     0  startup_hc32f46x.o(.text)
    IRQ014_Handler                           0x0000042b   Thumb Code     0  startup_hc32f46x.o(.text)
    IRQ015_Handler                           0x0000042b   Thumb Code     0  startup_hc32f46x.o(.text)
    IRQ016_Handler                           0x0000042b   Thumb Code     0  startup_hc32f46x.o(.text)
    IRQ017_Handler                           0x0000042b   Thumb Code     0  startup_hc32f46x.o(.text)
    IRQ018_Handler                           0x0000042b   Thumb Code     0  startup_hc32f46x.o(.text)
    IRQ019_Handler                           0x0000042b   Thumb Code     0  startup_hc32f46x.o(.text)
    IRQ020_Handler                           0x0000042b   Thumb Code     0  startup_hc32f46x.o(.text)
    IRQ021_Handler                           0x0000042b   Thumb Code     0  startup_hc32f46x.o(.text)
    IRQ022_Handler                           0x0000042b   Thumb Code     0  startup_hc32f46x.o(.text)
    IRQ023_Handler                           0x0000042b   Thumb Code     0  startup_hc32f46x.o(.text)
    IRQ024_Handler                           0x0000042b   Thumb Code     0  startup_hc32f46x.o(.text)
    IRQ025_Handler                           0x0000042b   Thumb Code     0  startup_hc32f46x.o(.text)
    IRQ026_Handler                           0x0000042b   Thumb Code     0  startup_hc32f46x.o(.text)
    IRQ027_Handler                           0x0000042b   Thumb Code     0  startup_hc32f46x.o(.text)
    IRQ028_Handler                           0x0000042b   Thumb Code     0  startup_hc32f46x.o(.text)
    IRQ029_Handler                           0x0000042b   Thumb Code     0  startup_hc32f46x.o(.text)
    IRQ030_Handler                           0x0000042b   Thumb Code     0  startup_hc32f46x.o(.text)
    IRQ031_Handler                           0x0000042b   Thumb Code     0  startup_hc32f46x.o(.text)
    IRQ032_Handler                           0x0000042b   Thumb Code     0  startup_hc32f46x.o(.text)
    IRQ033_Handler                           0x0000042b   Thumb Code     0  startup_hc32f46x.o(.text)
    IRQ034_Handler                           0x0000042b   Thumb Code     0  startup_hc32f46x.o(.text)
    IRQ035_Handler                           0x0000042b   Thumb Code     0  startup_hc32f46x.o(.text)
    IRQ036_Handler                           0x0000042b   Thumb Code     0  startup_hc32f46x.o(.text)
    IRQ037_Handler                           0x0000042b   Thumb Code     0  startup_hc32f46x.o(.text)
    IRQ038_Handler                           0x0000042b   Thumb Code     0  startup_hc32f46x.o(.text)
    IRQ039_Handler                           0x0000042b   Thumb Code     0  startup_hc32f46x.o(.text)
    IRQ040_Handler                           0x0000042b   Thumb Code     0  startup_hc32f46x.o(.text)
    IRQ041_Handler                           0x0000042b   Thumb Code     0  startup_hc32f46x.o(.text)
    IRQ042_Handler                           0x0000042b   Thumb Code     0  startup_hc32f46x.o(.text)
    IRQ043_Handler                           0x0000042b   Thumb Code     0  startup_hc32f46x.o(.text)
    IRQ044_Handler                           0x0000042b   Thumb Code     0  startup_hc32f46x.o(.text)
    IRQ045_Handler                           0x0000042b   Thumb Code     0  startup_hc32f46x.o(.text)
    IRQ046_Handler                           0x0000042b   Thumb Code     0  startup_hc32f46x.o(.text)
    IRQ047_Handler                           0x0000042b   Thumb Code     0  startup_hc32f46x.o(.text)
    IRQ048_Handler                           0x0000042b   Thumb Code     0  startup_hc32f46x.o(.text)
    IRQ049_Handler                           0x0000042b   Thumb Code     0  startup_hc32f46x.o(.text)
    IRQ050_Handler                           0x0000042b   Thumb Code     0  startup_hc32f46x.o(.text)
    IRQ051_Handler                           0x0000042b   Thumb Code     0  startup_hc32f46x.o(.text)
    IRQ052_Handler                           0x0000042b   Thumb Code     0  startup_hc32f46x.o(.text)
    IRQ053_Handler                           0x0000042b   Thumb Code     0  startup_hc32f46x.o(.text)
    IRQ054_Handler                           0x0000042b   Thumb Code     0  startup_hc32f46x.o(.text)
    IRQ055_Handler                           0x0000042b   Thumb Code     0  startup_hc32f46x.o(.text)
    IRQ056_Handler                           0x0000042b   Thumb Code     0  startup_hc32f46x.o(.text)
    IRQ057_Handler                           0x0000042b   Thumb Code     0  startup_hc32f46x.o(.text)
    IRQ058_Handler                           0x0000042b   Thumb Code     0  startup_hc32f46x.o(.text)
    IRQ059_Handler                           0x0000042b   Thumb Code     0  startup_hc32f46x.o(.text)
    IRQ060_Handler                           0x0000042b   Thumb Code     0  startup_hc32f46x.o(.text)
    IRQ061_Handler                           0x0000042b   Thumb Code     0  startup_hc32f46x.o(.text)
    IRQ062_Handler                           0x0000042b   Thumb Code     0  startup_hc32f46x.o(.text)
    IRQ063_Handler                           0x0000042b   Thumb Code     0  startup_hc32f46x.o(.text)
    IRQ064_Handler                           0x0000042b   Thumb Code     0  startup_hc32f46x.o(.text)
    IRQ065_Handler                           0x0000042b   Thumb Code     0  startup_hc32f46x.o(.text)
    IRQ066_Handler                           0x0000042b   Thumb Code     0  startup_hc32f46x.o(.text)
    IRQ067_Handler                           0x0000042b   Thumb Code     0  startup_hc32f46x.o(.text)
    IRQ068_Handler                           0x0000042b   Thumb Code     0  startup_hc32f46x.o(.text)
    IRQ069_Handler                           0x0000042b   Thumb Code     0  startup_hc32f46x.o(.text)
    IRQ070_Handler                           0x0000042b   Thumb Code     0  startup_hc32f46x.o(.text)
    IRQ071_Handler                           0x0000042b   Thumb Code     0  startup_hc32f46x.o(.text)
    IRQ072_Handler                           0x0000042b   Thumb Code     0  startup_hc32f46x.o(.text)
    IRQ073_Handler                           0x0000042b   Thumb Code     0  startup_hc32f46x.o(.text)
    IRQ074_Handler                           0x0000042b   Thumb Code     0  startup_hc32f46x.o(.text)
    IRQ075_Handler                           0x0000042b   Thumb Code     0  startup_hc32f46x.o(.text)
    IRQ076_Handler                           0x0000042b   Thumb Code     0  startup_hc32f46x.o(.text)
    IRQ077_Handler                           0x0000042b   Thumb Code     0  startup_hc32f46x.o(.text)
    IRQ078_Handler                           0x0000042b   Thumb Code     0  startup_hc32f46x.o(.text)
    IRQ079_Handler                           0x0000042b   Thumb Code     0  startup_hc32f46x.o(.text)
    IRQ080_Handler                           0x0000042b   Thumb Code     0  startup_hc32f46x.o(.text)
    IRQ081_Handler                           0x0000042b   Thumb Code     0  startup_hc32f46x.o(.text)
    IRQ082_Handler                           0x0000042b   Thumb Code     0  startup_hc32f46x.o(.text)
    IRQ083_Handler                           0x0000042b   Thumb Code     0  startup_hc32f46x.o(.text)
    IRQ084_Handler                           0x0000042b   Thumb Code     0  startup_hc32f46x.o(.text)
    IRQ085_Handler                           0x0000042b   Thumb Code     0  startup_hc32f46x.o(.text)
    IRQ086_Handler                           0x0000042b   Thumb Code     0  startup_hc32f46x.o(.text)
    IRQ087_Handler                           0x0000042b   Thumb Code     0  startup_hc32f46x.o(.text)
    IRQ088_Handler                           0x0000042b   Thumb Code     0  startup_hc32f46x.o(.text)
    IRQ089_Handler                           0x0000042b   Thumb Code     0  startup_hc32f46x.o(.text)
    IRQ090_Handler                           0x0000042b   Thumb Code     0  startup_hc32f46x.o(.text)
    IRQ091_Handler                           0x0000042b   Thumb Code     0  startup_hc32f46x.o(.text)
    IRQ092_Handler                           0x0000042b   Thumb Code     0  startup_hc32f46x.o(.text)
    IRQ093_Handler                           0x0000042b   Thumb Code     0  startup_hc32f46x.o(.text)
    IRQ094_Handler                           0x0000042b   Thumb Code     0  startup_hc32f46x.o(.text)
    IRQ095_Handler                           0x0000042b   Thumb Code     0  startup_hc32f46x.o(.text)
    IRQ096_Handler                           0x0000042b   Thumb Code     0  startup_hc32f46x.o(.text)
    IRQ097_Handler                           0x0000042b   Thumb Code     0  startup_hc32f46x.o(.text)
    IRQ098_Handler                           0x0000042b   Thumb Code     0  startup_hc32f46x.o(.text)
    IRQ099_Handler                           0x0000042b   Thumb Code     0  startup_hc32f46x.o(.text)
    IRQ100_Handler                           0x0000042b   Thumb Code     0  startup_hc32f46x.o(.text)
    IRQ101_Handler                           0x0000042b   Thumb Code     0  startup_hc32f46x.o(.text)
    IRQ102_Handler                           0x0000042b   Thumb Code     0  startup_hc32f46x.o(.text)
    IRQ103_Handler                           0x0000042b   Thumb Code     0  startup_hc32f46x.o(.text)
    IRQ104_Handler                           0x0000042b   Thumb Code     0  startup_hc32f46x.o(.text)
    IRQ105_Handler                           0x0000042b   Thumb Code     0  startup_hc32f46x.o(.text)
    IRQ106_Handler                           0x0000042b   Thumb Code     0  startup_hc32f46x.o(.text)
    IRQ107_Handler                           0x0000042b   Thumb Code     0  startup_hc32f46x.o(.text)
    IRQ108_Handler                           0x0000042b   Thumb Code     0  startup_hc32f46x.o(.text)
    IRQ109_Handler                           0x0000042b   Thumb Code     0  startup_hc32f46x.o(.text)
    IRQ110_Handler                           0x0000042b   Thumb Code     0  startup_hc32f46x.o(.text)
    IRQ111_Handler                           0x0000042b   Thumb Code     0  startup_hc32f46x.o(.text)
    IRQ112_Handler                           0x0000042b   Thumb Code     0  startup_hc32f46x.o(.text)
    IRQ113_Handler                           0x0000042b   Thumb Code     0  startup_hc32f46x.o(.text)
    IRQ114_Handler                           0x0000042b   Thumb Code     0  startup_hc32f46x.o(.text)
    IRQ115_Handler                           0x0000042b   Thumb Code     0  startup_hc32f46x.o(.text)
    IRQ116_Handler                           0x0000042b   Thumb Code     0  startup_hc32f46x.o(.text)
    IRQ117_Handler                           0x0000042b   Thumb Code     0  startup_hc32f46x.o(.text)
    IRQ118_Handler                           0x0000042b   Thumb Code     0  startup_hc32f46x.o(.text)
    IRQ119_Handler                           0x0000042b   Thumb Code     0  startup_hc32f46x.o(.text)
    IRQ120_Handler                           0x0000042b   Thumb Code     0  startup_hc32f46x.o(.text)
    IRQ121_Handler                           0x0000042b   Thumb Code     0  startup_hc32f46x.o(.text)
    IRQ122_Handler                           0x0000042b   Thumb Code     0  startup_hc32f46x.o(.text)
    IRQ123_Handler                           0x0000042b   Thumb Code     0  startup_hc32f46x.o(.text)
    IRQ124_Handler                           0x0000042b   Thumb Code     0  startup_hc32f46x.o(.text)
    IRQ125_Handler                           0x0000042b   Thumb Code     0  startup_hc32f46x.o(.text)
    IRQ126_Handler                           0x0000042b   Thumb Code     0  startup_hc32f46x.o(.text)
    IRQ127_Handler                           0x0000042b   Thumb Code     0  startup_hc32f46x.o(.text)
    IRQ128_Handler                           0x0000042b   Thumb Code     0  startup_hc32f46x.o(.text)
    IRQ129_Handler                           0x0000042b   Thumb Code     0  startup_hc32f46x.o(.text)
    IRQ130_Handler                           0x0000042b   Thumb Code     0  startup_hc32f46x.o(.text)
    IRQ131_Handler                           0x0000042b   Thumb Code     0  startup_hc32f46x.o(.text)
    IRQ132_Handler                           0x0000042b   Thumb Code     0  startup_hc32f46x.o(.text)
    IRQ133_Handler                           0x0000042b   Thumb Code     0  startup_hc32f46x.o(.text)
    IRQ134_Handler                           0x0000042b   Thumb Code     0  startup_hc32f46x.o(.text)
    IRQ135_Handler                           0x0000042b   Thumb Code     0  startup_hc32f46x.o(.text)
    IRQ136_Handler                           0x0000042b   Thumb Code     0  startup_hc32f46x.o(.text)
    IRQ137_Handler                           0x0000042b   Thumb Code     0  startup_hc32f46x.o(.text)
    IRQ138_Handler                           0x0000042b   Thumb Code     0  startup_hc32f46x.o(.text)
    IRQ139_Handler                           0x0000042b   Thumb Code     0  startup_hc32f46x.o(.text)
    IRQ140_Handler                           0x0000042b   Thumb Code     0  startup_hc32f46x.o(.text)
    IRQ141_Handler                           0x0000042b   Thumb Code     0  startup_hc32f46x.o(.text)
    IRQ142_Handler                           0x0000042b   Thumb Code     0  startup_hc32f46x.o(.text)
    IRQ143_Handler                           0x0000042b   Thumb Code     0  startup_hc32f46x.o(.text)
    __user_initial_stackheap                 0x0000042d   Thumb Code    10  startup_hc32f46x.o(.text)
    printf                                   0x0000045d   Thumb Code    20  printf.o(.text)
    __aeabi_memclr4                          0x00000475   Thumb Code     0  rt_memclr_w.o(.text)
    __aeabi_memclr8                          0x00000475   Thumb Code     0  rt_memclr_w.o(.text)
    __rt_memclr_w                            0x00000475   Thumb Code    78  rt_memclr_w.o(.text)
    _memset_w                                0x00000479   Thumb Code     0  rt_memclr_w.o(.text)
    __use_two_region_memory                  0x000004c3   Thumb Code     2  heapauxi.o(.text)
    __rt_heap_escrow                         0x000004c5   Thumb Code     2  heapauxi.o(.text)
    __rt_heap_expand                         0x000004c7   Thumb Code     2  heapauxi.o(.text)
    _printf_pre_padding                      0x000004c9   Thumb Code    44  _printf_pad.o(.text)
    _printf_post_padding                     0x000004f5   Thumb Code    34  _printf_pad.o(.text)
    _printf_truncate_signed                  0x00000517   Thumb Code    18  _printf_truncate.o(.text)
    _printf_truncate_unsigned                0x00000529   Thumb Code    18  _printf_truncate.o(.text)
    _printf_str                              0x0000053b   Thumb Code    82  _printf_str.o(.text)
    _printf_int_dec                          0x0000058d   Thumb Code   104  _printf_dec.o(.text)
    _printf_charcount                        0x00000605   Thumb Code    40  _printf_charcount.o(.text)
    _printf_char_file                        0x0000062d   Thumb Code    32  _printf_char_file.o(.text)
    _printf_wctomb                           0x00000651   Thumb Code   182  _printf_wctomb.o(.text)
    _printf_longlong_dec                     0x0000070d   Thumb Code   108  _printf_longlong_dec.o(.text)
    _printf_longlong_oct                     0x00000789   Thumb Code    68  _printf_oct_int_ll.o(.text)
    _printf_int_oct                          0x000007cd   Thumb Code    24  _printf_oct_int_ll.o(.text)
    _printf_ll_oct                           0x000007e5   Thumb Code    12  _printf_oct_int_ll.o(.text)
    _printf_longlong_hex                     0x000007f9   Thumb Code    86  _printf_hex_int_ll_ptr.o(.text)
    _printf_int_hex                          0x0000084f   Thumb Code    28  _printf_hex_int_ll_ptr.o(.text)
    _printf_ll_hex                           0x0000086b   Thumb Code    12  _printf_hex_int_ll_ptr.o(.text)
    _printf_hex_ptr                          0x00000877   Thumb Code    18  _printf_hex_int_ll_ptr.o(.text)
    __printf                                 0x0000088d   Thumb Code   388  __printf_flags_ss_wp.o(.text)
    _ll_udiv10                               0x00000a15   Thumb Code   138  lludiv10.o(.text)
    _printf_int_common                       0x00000a9f   Thumb Code   178  _printf_intcommon.o(.text)
    _printf_fp_dec_real                      0x00000d01   Thumb Code   620  _printf_fp_dec.o(.text)
    _printf_fp_hex_real                      0x00000f6d   Thumb Code   756  _printf_fp_hex.o(.text)
    _printf_char_common                      0x00001273   Thumb Code    32  _printf_char_common.o(.text)
    _printf_cs_common                        0x00001299   Thumb Code    20  _printf_char.o(.text)
    _printf_char                             0x000012ad   Thumb Code    16  _printf_char.o(.text)
    _printf_string                           0x000012bd   Thumb Code     8  _printf_char.o(.text)
    _printf_lcs_common                       0x000012c5   Thumb Code    20  _printf_wchar.o(.text)
    _printf_wchar                            0x000012d9   Thumb Code    16  _printf_wchar.o(.text)
    _printf_wstring                          0x000012e9   Thumb Code     8  _printf_wchar.o(.text)
    ferror                                   0x000012f1   Thumb Code     8  ferror.o(.text)
    _initio                                  0x000012f9   Thumb Code   210  initio.o(.text)
    _terminateio                             0x000013cb   Thumb Code    56  initio.o(.text)
    _c32rtomb                                0x00001431   Thumb Code    72  _c32rtomb.o(.text)
    _wcrtomb                                 0x00001431   Thumb Code     0  _c32rtomb.o(.text)
    __user_setup_stackheap                   0x00001479   Thumb Code    74  sys_stackheap_outer.o(.text)
    __rt_ctype_table                         0x000014c5   Thumb Code    16  rt_ctype_table.o(.text)
    __rt_locale                              0x000014d5   Thumb Code     8  rt_locale_intlibspace.o(.text)
    free                                     0x000014dd   Thumb Code    78  h1_free.o(.text)
    _printf_fp_infnan                        0x0000152d   Thumb Code   112  _printf_fp_infnan.o(.text)
    _btod_etento                             0x000015ad   Thumb Code   224  bigflt0.o(.text)
    __flsbuf                                 0x00001691   Thumb Code   470  flsbuf.o(.text)
    __flsbuf_byte                            0x00001691   Thumb Code     0  flsbuf.o(.text)
    __flsbuf_wide                            0x00001691   Thumb Code     0  flsbuf.o(.text)
    setvbuf                                  0x00001867   Thumb Code    70  setvbuf.o(.text)
    freopen                                  0x000018ad   Thumb Code   160  fopen.o(.text)
    fopen                                    0x0000194d   Thumb Code    74  fopen.o(.text)
    _fclose_internal                         0x0000199d   Thumb Code    76  fclose.o(.text)
    fclose                                   0x0000199d   Thumb Code     0  fclose.o(.text)
    exit                                     0x000019e9   Thumb Code    18  exit.o(.text)
    __rt_SIGRTRED                            0x000019fb   Thumb Code    14  defsig_rtred_outer.o(.text)
    _sys_open                                0x00001a09   Thumb Code    20  sys_io.o(.text)
    _sys_close                               0x00001a1d   Thumb Code    12  sys_io.o(.text)
    _sys_write                               0x00001a29   Thumb Code    16  sys_io.o(.text)
    _sys_read                                0x00001a39   Thumb Code    14  sys_io.o(.text)
    _sys_istty                               0x00001a47   Thumb Code    12  sys_io.o(.text)
    _sys_seek                                0x00001a53   Thumb Code    14  sys_io.o(.text)
    _sys_ensure                              0x00001a61   Thumb Code     2  sys_io.o(.text)
    _sys_flen                                0x00001a63   Thumb Code    12  sys_io.o(.text)
    __user_libspace                          0x00001a71   Thumb Code     8  libspace.o(.text)
    __user_perproc_libspace                  0x00001a71   Thumb Code     0  libspace.o(.text)
    __user_perthread_libspace                0x00001a71   Thumb Code     0  libspace.o(.text)
    __rt_heap_descriptor                     0x00001a79   Thumb Code     8  rt_heap_descriptor_intlibspace.o(.text)
    __use_no_heap                            0x00001a81   Thumb Code     2  hguard.o(.text)
    __heap$guard                             0x00001a83   Thumb Code     2  hguard.o(.text)
    _terminate_user_alloc                    0x00001a85   Thumb Code     2  init_alloc.o(.text)
    _init_user_alloc                         0x00001a87   Thumb Code     2  init_alloc.o(.text)
    __Heap_Full                              0x00001a89   Thumb Code    34  init_alloc.o(.text)
    __Heap_Broken                            0x00001aab   Thumb Code     6  init_alloc.o(.text)
    _init_alloc                              0x00001ab1   Thumb Code    94  init_alloc.o(.text)
    malloc                                   0x00001b0f   Thumb Code    94  h1_alloc.o(.text)
    _fseek                                   0x00001b6d   Thumb Code   242  fseek.o(.text)
    fseek                                    0x00001b6d   Thumb Code     0  fseek.o(.text)
    _seterr                                  0x00001c65   Thumb Code    20  stdio.o(.text)
    _writebuf                                0x00001c79   Thumb Code    84  stdio.o(.text)
    _fflush                                  0x00001ccd   Thumb Code    70  stdio.o(.text)
    _deferredlazyseek                        0x00001d13   Thumb Code    60  stdio.o(.text)
    __sig_exit                               0x00001d55   Thumb Code    10  defsig_exit.o(.text)
    __rt_SIGRTRED_inner                      0x00001d61   Thumb Code    14  defsig_rtred_inner.o(.text)
    strcmp                                   0x00001d99   Thumb Code   124  strcmpv7em.o(.text)
    _sys_exit                                0x00001e15   Thumb Code     8  sys_exit.o(.text)
    __I$use$semihosting                      0x00001e21   Thumb Code     0  use_no_semi.o(.text)
    __use_no_semihosting_swi                 0x00001e21   Thumb Code     2  use_no_semi.o(.text)
    __Heap_Initialize                        0x00001e23   Thumb Code    10  h1_init.o(.text)
    __semihosting_library_function           0x00001e23   Thumb Code     0  indicate_semi.o(.text)
    _maybe_terminate_alloc                   0x00001e23   Thumb Code     0  maybetermalloc1.o(.text)
    __Heap_DescSize                          0x00001e2d   Thumb Code     4  h1_init.o(.text)
    __Heap_ProvideMemory                     0x00001e31   Thumb Code    52  h1_extend.o(.text)
    _ftell_internal                          0x00001e65   Thumb Code    66  ftell.o(.text)
    ftell                                    0x00001e65   Thumb Code     0  ftell.o(.text)
    __default_signal_display                 0x00001ea7   Thumb Code    50  defsig_general.o(.text)
    __rt_SIGRTMEM                            0x00001ed9   Thumb Code    14  defsig_rtmem_outer.o(.text)
    strlen                                   0x00001ee7   Thumb Code    62  strlen.o(.text)
    __ARM_get_argv                           0x00001f25   Thumb Code   264  _get_argv.o(.text)
    _ttywrch                                 0x0000202d   Thumb Code    14  sys_wrch.o(.text)
    _sys_command_string                      0x0000203b   Thumb Code    24  sys_command.o(.text)
    __aeabi_errno_addr                       0x00002055   Thumb Code     8  rt_errno_addr_intlibspace.o(.text)
    __errno$intlibspace                      0x00002055   Thumb Code     0  rt_errno_addr_intlibspace.o(.text)
    __rt_errno_addr$intlibspace              0x00002055   Thumb Code     0  rt_errno_addr_intlibspace.o(.text)
    __use_no_heap_region                     0x0000205d   Thumb Code     2  hrguard.o(.text)
    __heap_region$guard                      0x0000205f   Thumb Code     2  hrguard.o(.text)
    __rt_SIGRTMEM_inner                      0x00002061   Thumb Code    22  defsig_rtmem_inner.o(.text)
    Ddl_AssertHandler                        0x000020b1   Thumb Code    44  hc32f46x_utility.o(.text.Ddl_AssertHandler)
    PendSV_Handler                           0x000020e1   Thumb Code   100  port.o(.text.PendSV_Handler)
    SVC_Handler                              0x00002151   Thumb Code    36  port.o(.text.SVC_Handler)
    SysTick_Handler                          0x00002175   Thumb Code    62  port.o(.text.SysTick_Handler)
    SysTick_IncTick                          0x000021b5   Thumb Code    26  hc32f46x_utility.o(.text.SysTick_IncTick)
    SysTick_IrqHandler                       0x000021d1   Thumb Code    12  app.o(.text.SysTick_IrqHandler)
    SystemCoreClockUpdate                    0x000021dd   Thumb Code   366  system_hc32f46x.o(.text.SystemCoreClockUpdate)
    SystemInit                               0x0000234d   Thumb Code    24  system_hc32f46x.o(.text.SystemInit)
    app                                      0x00002365   Thumb Code    22  app.o(.text.app)
    main                                     0x0000237d   Thumb Code    16  main.o(.text.main)
    vTaskSwitchContext                       0x000023cd   Thumb Code   194  tasks.o(.text.vTaskSwitchContext)
    xTaskIncrementTick                       0x00002491   Thumb Code   618  tasks.o(.text.xTaskIncrementTick)
    _btod_d2e                                0x000026fb   Thumb Code    62  btod.o(CL$$btod_d2e)
    _d2e_denorm_low                          0x00002739   Thumb Code    70  btod.o(CL$$btod_d2e_denorm_low)
    _d2e_norm_op1                            0x0000277f   Thumb Code    96  btod.o(CL$$btod_d2e_norm_op1)
    __btod_div_common                        0x000027df   Thumb Code   696  btod.o(CL$$btod_div_common)
    _e2e                                     0x00002b17   Thumb Code   220  btod.o(CL$$btod_e2e)
    _btod_ediv                               0x00002bf3   Thumb Code    42  btod.o(CL$$btod_ediv)
    _btod_emul                               0x00002c1d   Thumb Code    42  btod.o(CL$$btod_emul)
    __btod_mult_common                       0x00002c47   Thumb Code   580  btod.o(CL$$btod_mult_common)
    __ARM_fpclassify                         0x00002e8b   Thumb Code    48  fpclassify.o(i.__ARM_fpclassify)
    _is_digit                                0x00002ebb   Thumb Code    14  __printf_wp.o(i._is_digit)
    fputc                                    0x00002ec9   Thumb Code    26  fputc.o(i.fputc)
    _get_lc_numeric                          0x00002ee5   Thumb Code    44  lc_numeric_c.o(locale$$code)
    _get_lc_ctype                            0x00002f11   Thumb Code    44  lc_ctype_c.o(locale$$code)
    _fp_init                                 0x00002f3d   Thumb Code    26  fpinit.o(x$fpl$fpinit)
    __fplib_config_fpu_vfp                   0x00002f55   Thumb Code     0  fpinit.o(x$fpl$fpinit)
    __fplib_config_pureend_doubles           0x00002f55   Thumb Code     0  fpinit.o(x$fpl$fpinit)
    _printf_fp_dec                           0x00002f57   Thumb Code     4  printf1.o(x$fpl$printf1)
    _printf_fp_hex                           0x00002f5b   Thumb Code     4  printf2.o(x$fpl$printf2)
    __I$use$fp                               0x00002f5e   Number         0  usenofp.o(x$fpl$usenofp)
    __stdin_name                             0x00002fc7   Data           4  sys_io_names.o(.constdata)
    __stdout_name                            0x00002fcb   Data           4  sys_io_names.o(.constdata)
    __stderr_name                            0x00002fcf   Data           4  sys_io_names.o(.constdata)
    Region$$Table$$Base                      0x00003098   Number         0  anon$$obj.o(Region$$Table)
    Region$$Table$$Limit                     0x000030b8   Number         0  anon$$obj.o(Region$$Table)
    __ctype                                  0x000030e1   Data           0  lc_ctype_c.o(locale$$data)
    __aeabi_stdin                            0x1fff8000   Data           4  stdio_streams.o(.data)
    __aeabi_stdout                           0x1fff8004   Data           4  stdio_streams.o(.data)
    __aeabi_stderr                           0x1fff8008   Data           4  stdio_streams.o(.data)
    HRC_VALUE                                0x1fff800c   Data           4  system_hc32f46x.o(.data.HRC_VALUE)
    SystemCoreClock                          0x1fff8010   Data           4  system_hc32f46x.o(.data.SystemCoreClock)
    test0_data                               0x1fff8014   Data           4  main.o(.data.test0_data)
    __stdin                                  0x1fff8018   Data          84  stdio_streams.o(.bss)
    __stdout                                 0x1fff806c   Data          84  stdio_streams.o(.bss)
    __stderr                                 0x1fff80c0   Data          84  stdio_streams.o(.bss)
    __libspace_start                         0x1fff8114   Data          96  libspace.o(.bss)
    __temporary_stack_top$libspace           0x1fff8174   Data           0  libspace.o(.bss)
    pxCurrentTCB                             0x1fff817c   Data           4  tasks.o(.bss.pxCurrentTCB)
    test_bss                                 0x1fff81ec   Data           4  main.o(.bss.test_bss)



==============================================================================

Memory Map of the image

  Image Entry point : 0x00000281

  Load Region LR_IROM1 (Base: 0x00000000, Size: 0x00003200, Max: 0x00080000, ABSOLUTE)

    Execution Region ER_IROM1 (Exec base: 0x00000000, Load base: 0x00000000, Size: 0x000031e4, Max: 0x00080000, ABSOLUTE)

    Exec Addr    Load Addr    Size         Type   Attr      Idx    E Section Name        Object

    0x00000000   0x00000000   0x00000280   Data   RO            3    RESET               startup_hc32f46x.o
    0x00000280   0x00000280   0x00000008   Code   RO          572  * !!!main             c_wu.l(__main.o)
    0x00000288   0x00000288   0x00000034   Code   RO         1098    !!!scatter          c_wu.l(__scatter.o)
    0x000002bc   0x000002bc   0x0000001a   Code   RO         1100    !!handler_copy      c_wu.l(__scatter_copy.o)
    0x000002d6   0x000002d6   0x00000002   PAD
    0x000002d8   0x000002d8   0x0000001c   Code   RO         1102    !!handler_zi        c_wu.l(__scatter_zi.o)
    0x000002f4   0x000002f4   0x00000000   Code   RO          658    .ARM.Collect$$_printf_percent$$00000000  c_wu.l(_printf_percent.o)
    0x000002f4   0x000002f4   0x00000006   Code   RO          647    .ARM.Collect$$_printf_percent$$00000001  c_wu.l(_printf_n.o)
    0x000002fa   0x000002fa   0x00000006   Code   RO          649    .ARM.Collect$$_printf_percent$$00000002  c_wu.l(_printf_p.o)
    0x00000300   0x00000300   0x00000006   Code   RO          654    .ARM.Collect$$_printf_percent$$00000003  c_wu.l(_printf_f.o)
    0x00000306   0x00000306   0x00000006   Code   RO          655    .ARM.Collect$$_printf_percent$$00000004  c_wu.l(_printf_e.o)
    0x0000030c   0x0000030c   0x00000006   Code   RO          656    .ARM.Collect$$_printf_percent$$00000005  c_wu.l(_printf_g.o)
    0x00000312   0x00000312   0x00000006   Code   RO          657    .ARM.Collect$$_printf_percent$$00000006  c_wu.l(_printf_a.o)
    0x00000318   0x00000318   0x0000000a   Code   RO          662    .ARM.Collect$$_printf_percent$$00000007  c_wu.l(_printf_ll.o)
    0x00000322   0x00000322   0x00000006   Code   RO          651    .ARM.Collect$$_printf_percent$$00000008  c_wu.l(_printf_i.o)
    0x00000328   0x00000328   0x00000006   Code   RO          652    .ARM.Collect$$_printf_percent$$00000009  c_wu.l(_printf_d.o)
    0x0000032e   0x0000032e   0x00000006   Code   RO          653    .ARM.Collect$$_printf_percent$$0000000A  c_wu.l(_printf_u.o)
    0x00000334   0x00000334   0x00000006   Code   RO          650    .ARM.Collect$$_printf_percent$$0000000B  c_wu.l(_printf_o.o)
    0x0000033a   0x0000033a   0x00000006   Code   RO          648    .ARM.Collect$$_printf_percent$$0000000C  c_wu.l(_printf_x.o)
    0x00000340   0x00000340   0x00000006   Code   RO          659    .ARM.Collect$$_printf_percent$$0000000D  c_wu.l(_printf_lli.o)
    0x00000346   0x00000346   0x00000006   Code   RO          660    .ARM.Collect$$_printf_percent$$0000000E  c_wu.l(_printf_lld.o)
    0x0000034c   0x0000034c   0x00000006   Code   RO          661    .ARM.Collect$$_printf_percent$$0000000F  c_wu.l(_printf_llu.o)
    0x00000352   0x00000352   0x00000006   Code   RO          666    .ARM.Collect$$_printf_percent$$00000010  c_wu.l(_printf_llo.o)
    0x00000358   0x00000358   0x00000006   Code   RO          667    .ARM.Collect$$_printf_percent$$00000011  c_wu.l(_printf_llx.o)
    0x0000035e   0x0000035e   0x0000000a   Code   RO          663    .ARM.Collect$$_printf_percent$$00000012  c_wu.l(_printf_l.o)
    0x00000368   0x00000368   0x00000006   Code   RO          645    .ARM.Collect$$_printf_percent$$00000013  c_wu.l(_printf_c.o)
    0x0000036e   0x0000036e   0x00000006   Code   RO          646    .ARM.Collect$$_printf_percent$$00000014  c_wu.l(_printf_s.o)
    0x00000374   0x00000374   0x00000006   Code   RO          664    .ARM.Collect$$_printf_percent$$00000015  c_wu.l(_printf_lc.o)
    0x0000037a   0x0000037a   0x00000006   Code   RO          665    .ARM.Collect$$_printf_percent$$00000016  c_wu.l(_printf_ls.o)
    0x00000380   0x00000380   0x00000004   Code   RO          718    .ARM.Collect$$_printf_percent$$00000017  c_wu.l(_printf_percent_end.o)
    0x00000384   0x00000384   0x00000002   Code   RO          867    .ARM.Collect$$libinit$$00000000  c_wu.l(libinit.o)
    0x00000386   0x00000386   0x00000004   Code   RO          868    .ARM.Collect$$libinit$$00000001  c_wu.l(libinit2.o)
    0x0000038a   0x0000038a   0x00000000   Code   RO          871    .ARM.Collect$$libinit$$00000004  c_wu.l(libinit2.o)
    0x0000038a   0x0000038a   0x00000008   Code   RO          872    .ARM.Collect$$libinit$$00000005  c_wu.l(libinit2.o)
    0x00000392   0x00000392   0x00000000   Code   RO          874    .ARM.Collect$$libinit$$0000000A  c_wu.l(libinit2.o)
    0x00000392   0x00000392   0x00000000   Code   RO          876    .ARM.Collect$$libinit$$0000000C  c_wu.l(libinit2.o)
    0x00000392   0x00000392   0x00000000   Code   RO          878    .ARM.Collect$$libinit$$0000000E  c_wu.l(libinit2.o)
    0x00000392   0x00000392   0x00000006   Code   RO          879    .ARM.Collect$$libinit$$0000000F  c_wu.l(libinit2.o)
    0x00000398   0x00000398   0x00000000   Code   RO          881    .ARM.Collect$$libinit$$00000011  c_wu.l(libinit2.o)
    0x00000398   0x00000398   0x0000000c   Code   RO          882    .ARM.Collect$$libinit$$00000012  c_wu.l(libinit2.o)
    0x000003a4   0x000003a4   0x00000000   Code   RO          883    .ARM.Collect$$libinit$$00000013  c_wu.l(libinit2.o)
    0x000003a4   0x000003a4   0x00000000   Code   RO          885    .ARM.Collect$$libinit$$00000015  c_wu.l(libinit2.o)
    0x000003a4   0x000003a4   0x0000000a   Code   RO          886    .ARM.Collect$$libinit$$00000016  c_wu.l(libinit2.o)
    0x000003ae   0x000003ae   0x00000000   Code   RO          887    .ARM.Collect$$libinit$$00000017  c_wu.l(libinit2.o)
    0x000003ae   0x000003ae   0x00000000   Code   RO          889    .ARM.Collect$$libinit$$00000019  c_wu.l(libinit2.o)
    0x000003ae   0x000003ae   0x00000000   Code   RO          891    .ARM.Collect$$libinit$$0000001B  c_wu.l(libinit2.o)
    0x000003ae   0x000003ae   0x00000000   Code   RO          893    .ARM.Collect$$libinit$$0000001D  c_wu.l(libinit2.o)
    0x000003ae   0x000003ae   0x00000000   Code   RO          895    .ARM.Collect$$libinit$$0000001F  c_wu.l(libinit2.o)
    0x000003ae   0x000003ae   0x00000000   Code   RO          897    .ARM.Collect$$libinit$$00000021  c_wu.l(libinit2.o)
    0x000003ae   0x000003ae   0x00000000   Code   RO          899    .ARM.Collect$$libinit$$00000023  c_wu.l(libinit2.o)
    0x000003ae   0x000003ae   0x00000004   Code   RO          900    .ARM.Collect$$libinit$$00000024  c_wu.l(libinit2.o)
    0x000003b2   0x000003b2   0x00000000   Code   RO          901    .ARM.Collect$$libinit$$00000025  c_wu.l(libinit2.o)
    0x000003b2   0x000003b2   0x00000008   Code   RO          902    .ARM.Collect$$libinit$$00000026  c_wu.l(libinit2.o)
    0x000003ba   0x000003ba   0x00000000   Code   RO          907    .ARM.Collect$$libinit$$0000002E  c_wu.l(libinit2.o)
    0x000003ba   0x000003ba   0x00000000   Code   RO          909    .ARM.Collect$$libinit$$00000030  c_wu.l(libinit2.o)
    0x000003ba   0x000003ba   0x00000000   Code   RO          911    .ARM.Collect$$libinit$$00000032  c_wu.l(libinit2.o)
    0x000003ba   0x000003ba   0x00000002   Code   RO          912    .ARM.Collect$$libinit$$00000033  c_wu.l(libinit2.o)
    0x000003bc   0x000003bc   0x00000002   Code   RO         1079    .ARM.Collect$$libshutdown$$00000000  c_wu.l(libshutdown.o)
    0x000003be   0x000003be   0x00000000   Code   RO          914    .ARM.Collect$$libshutdown$$00000002  c_wu.l(libshutdown2.o)
    0x000003be   0x000003be   0x00000004   Code   RO          915    .ARM.Collect$$libshutdown$$00000003  c_wu.l(libshutdown2.o)
    0x000003c2   0x000003c2   0x00000000   Code   RO          916    .ARM.Collect$$libshutdown$$00000004  c_wu.l(libshutdown2.o)
    0x000003c2   0x000003c2   0x00000000   Code   RO          919    .ARM.Collect$$libshutdown$$00000007  c_wu.l(libshutdown2.o)
    0x000003c2   0x000003c2   0x00000000   Code   RO          922    .ARM.Collect$$libshutdown$$0000000A  c_wu.l(libshutdown2.o)
    0x000003c2   0x000003c2   0x00000000   Code   RO          924    .ARM.Collect$$libshutdown$$0000000C  c_wu.l(libshutdown2.o)
    0x000003c2   0x000003c2   0x00000000   Code   RO          927    .ARM.Collect$$libshutdown$$0000000F  c_wu.l(libshutdown2.o)
    0x000003c2   0x000003c2   0x00000002   Code   RO          928    .ARM.Collect$$libshutdown$$00000010  c_wu.l(libshutdown2.o)
    0x000003c4   0x000003c4   0x00000000   Code   RO          574    .ARM.Collect$$rtentry$$00000000  c_wu.l(__rtentry.o)
    0x000003c4   0x000003c4   0x00000000   Code   RO          685    .ARM.Collect$$rtentry$$00000002  c_wu.l(__rtentry2.o)
    0x000003c4   0x000003c4   0x00000006   Code   RO          697    .ARM.Collect$$rtentry$$00000004  c_wu.l(__rtentry4.o)
    0x000003ca   0x000003ca   0x00000000   Code   RO          687    .ARM.Collect$$rtentry$$00000009  c_wu.l(__rtentry2.o)
    0x000003ca   0x000003ca   0x00000004   Code   RO          688    .ARM.Collect$$rtentry$$0000000A  c_wu.l(__rtentry2.o)
    0x000003ce   0x000003ce   0x00000000   Code   RO          690    .ARM.Collect$$rtentry$$0000000C  c_wu.l(__rtentry2.o)
    0x000003ce   0x000003ce   0x00000008   Code   RO          691    .ARM.Collect$$rtentry$$0000000D  c_wu.l(__rtentry2.o)
    0x000003d6   0x000003d6   0x00000002   Code   RO          943    .ARM.Collect$$rtexit$$00000000  c_wu.l(rtexit.o)
    0x000003d8   0x000003d8   0x00000000   Code   RO         1009    .ARM.Collect$$rtexit$$00000002  c_wu.l(rtexit2.o)
    0x000003d8   0x000003d8   0x00000004   Code   RO         1010    .ARM.Collect$$rtexit$$00000003  c_wu.l(rtexit2.o)
    0x000003dc   0x000003dc   0x00000006   Code   RO         1011    .ARM.Collect$$rtexit$$00000004  c_wu.l(rtexit2.o)
    0x000003e2   0x000003e2   0x00000002   PAD
    0x000003e4   0x000003e4   0x00000004   Code   RO          997    .emb_text           c_wu.l(argv_veneer.o)
    0x000003e8   0x000003e8   0x00000074   Code   RO            4    .text               startup_hc32f46x.o
    0x0000045c   0x0000045c   0x00000018   Code   RO          558    .text               c_wu.l(printf.o)
    0x00000474   0x00000474   0x0000004e   Code   RO          568    .text               c_wu.l(rt_memclr_w.o)
    0x000004c2   0x000004c2   0x00000006   Code   RO          570    .text               c_wu.l(heapauxi.o)
    0x000004c8   0x000004c8   0x0000004e   Code   RO          581    .text               c_wu.l(_printf_pad.o)
    0x00000516   0x00000516   0x00000024   Code   RO          583    .text               c_wu.l(_printf_truncate.o)
    0x0000053a   0x0000053a   0x00000052   Code   RO          585    .text               c_wu.l(_printf_str.o)
    0x0000058c   0x0000058c   0x00000078   Code   RO          587    .text               c_wu.l(_printf_dec.o)
    0x00000604   0x00000604   0x00000028   Code   RO          589    .text               c_wu.l(_printf_charcount.o)
    0x0000062c   0x0000062c   0x00000024   Code   RO          591    .text               c_wu.l(_printf_char_file.o)
    0x00000650   0x00000650   0x000000bc   Code   RO          593    .text               c_wu.l(_printf_wctomb.o)
    0x0000070c   0x0000070c   0x0000007c   Code   RO          596    .text               c_wu.l(_printf_longlong_dec.o)
    0x00000788   0x00000788   0x00000070   Code   RO          602    .text               c_wu.l(_printf_oct_int_ll.o)
    0x000007f8   0x000007f8   0x00000094   Code   RO          622    .text               c_wu.l(_printf_hex_int_ll_ptr.o)
    0x0000088c   0x0000088c   0x00000188   Code   RO          642    .text               c_wu.l(__printf_flags_ss_wp.o)
    0x00000a14   0x00000a14   0x0000008a   Code   RO          701    .text               c_wu.l(lludiv10.o)
    0x00000a9e   0x00000a9e   0x000000b2   Code   RO          703    .text               c_wu.l(_printf_intcommon.o)
    0x00000b50   0x00000b50   0x0000041c   Code   RO          705    .text               c_wu.l(_printf_fp_dec.o)
    0x00000f6c   0x00000f6c   0x000002fc   Code   RO          709    .text               c_wu.l(_printf_fp_hex.o)
    0x00001268   0x00001268   0x00000030   Code   RO          712    .text               c_wu.l(_printf_char_common.o)
    0x00001298   0x00001298   0x0000002c   Code   RO          714    .text               c_wu.l(_printf_char.o)
    0x000012c4   0x000012c4   0x0000002c   Code   RO          716    .text               c_wu.l(_printf_wchar.o)
    0x000012f0   0x000012f0   0x00000008   Code   RO          719    .text               c_wu.l(ferror.o)
    0x000012f8   0x000012f8   0x00000138   Code   RO          725    .text               c_wu.l(initio.o)
    0x00001430   0x00001430   0x00000048   Code   RO          733    .text               c_wu.l(_c32rtomb.o)
    0x00001478   0x00001478   0x0000004a   Code   RO          740    .text               c_wu.l(sys_stackheap_outer.o)
    0x000014c2   0x000014c2   0x00000002   PAD
    0x000014c4   0x000014c4   0x00000010   Code   RO          742    .text               c_wu.l(rt_ctype_table.o)
    0x000014d4   0x000014d4   0x00000008   Code   RO          747    .text               c_wu.l(rt_locale_intlibspace.o)
    0x000014dc   0x000014dc   0x0000004e   Code   RO          751    .text               c_wu.l(h1_free.o)
    0x0000152a   0x0000152a   0x00000002   PAD
    0x0000152c   0x0000152c   0x00000080   Code   RO          805    .text               c_wu.l(_printf_fp_infnan.o)
    0x000015ac   0x000015ac   0x000000e4   Code   RO          809    .text               c_wu.l(bigflt0.o)
    0x00001690   0x00001690   0x000001d6   Code   RO          836    .text               c_wu.l(flsbuf.o)
    0x00001866   0x00001866   0x00000046   Code   RO          838    .text               c_wu.l(setvbuf.o)
    0x000018ac   0x000018ac   0x000000f0   Code   RO          841    .text               c_wu.l(fopen.o)
    0x0000199c   0x0000199c   0x0000004c   Code   RO          843    .text               c_wu.l(fclose.o)
    0x000019e8   0x000019e8   0x00000012   Code   RO          852    .text               c_wu.l(exit.o)
    0x000019fa   0x000019fa   0x0000000e   Code   RO          858    .text               c_wu.l(defsig_rtred_outer.o)
    0x00001a08   0x00001a08   0x00000066   Code   RO          936    .text               c_wu.l(sys_io.o)
    0x00001a6e   0x00001a6e   0x00000002   PAD
    0x00001a70   0x00001a70   0x00000008   Code   RO          940    .text               c_wu.l(libspace.o)
    0x00001a78   0x00001a78   0x00000008   Code   RO          950    .text               c_wu.l(rt_heap_descriptor_intlibspace.o)
    0x00001a80   0x00001a80   0x00000004   Code   RO          952    .text               c_wu.l(hguard.o)
    0x00001a84   0x00001a84   0x0000008a   Code   RO          954    .text               c_wu.l(init_alloc.o)
    0x00001b0e   0x00001b0e   0x0000005e   Code   RO          960    .text               c_wu.l(h1_alloc.o)
    0x00001b6c   0x00001b6c   0x000000f8   Code   RO          976    .text               c_wu.l(fseek.o)
    0x00001c64   0x00001c64   0x000000f0   Code   RO          978    .text               c_wu.l(stdio.o)
    0x00001d54   0x00001d54   0x0000000a   Code   RO          987    .text               c_wu.l(defsig_exit.o)
    0x00001d5e   0x00001d5e   0x00000002   PAD
    0x00001d60   0x00001d60   0x00000034   Code   RO          991    .text               c_wu.l(defsig_rtred_inner.o)
    0x00001d94   0x00001d94   0x00000004   PAD
    0x00001d98   0x00001d98   0x0000007c   Code   RO          995    .text               c_wu.l(strcmpv7em.o)
    0x00001e14   0x00001e14   0x0000000c   Code   RO         1001    .text               c_wu.l(sys_exit.o)
    0x00001e20   0x00001e20   0x00000002   Code   RO         1005    .text               c_wu.l(use_no_semi.o)
    0x00001e22   0x00001e22   0x00000000   Code   RO         1007    .text               c_wu.l(indicate_semi.o)
    0x00001e22   0x00001e22   0x00000000   Code   RO         1015    .text               c_wu.l(maybetermalloc1.o)
    0x00001e22   0x00001e22   0x0000000e   Code   RO         1017    .text               c_wu.l(h1_init.o)
    0x00001e30   0x00001e30   0x00000034   Code   RO         1019    .text               c_wu.l(h1_extend.o)
    0x00001e64   0x00001e64   0x00000042   Code   RO         1031    .text               c_wu.l(ftell.o)
    0x00001ea6   0x00001ea6   0x00000032   Code   RO         1039    .text               c_wu.l(defsig_general.o)
    0x00001ed8   0x00001ed8   0x0000000e   Code   RO         1041    .text               c_wu.l(defsig_rtmem_outer.o)
    0x00001ee6   0x00001ee6   0x0000003e   Code   RO         1045    .text               c_wu.l(strlen.o)
    0x00001f24   0x00001f24   0x00000108   Code   RO         1050    .text               c_wu.l(_get_argv.o)
    0x0000202c   0x0000202c   0x0000000e   Code   RO         1056    .text               c_wu.l(sys_wrch.o)
    0x0000203a   0x0000203a   0x00000018   Code   RO         1058    .text               c_wu.l(sys_command.o)
    0x00002052   0x00002052   0x00000002   PAD
    0x00002054   0x00002054   0x00000008   Code   RO         1067    .text               c_wu.l(rt_errno_addr_intlibspace.o)
    0x0000205c   0x0000205c   0x00000004   Code   RO         1069    .text               c_wu.l(hrguard.o)
    0x00002060   0x00002060   0x00000050   Code   RO         1073    .text               c_wu.l(defsig_rtmem_inner.o)
    0x000020b0   0x000020b0   0x0000002c   Code   RO           66    .text.Ddl_AssertHandler  hc32f46x_utility.o
    0x000020dc   0x000020dc   0x00000004   PAD
    0x000020e0   0x000020e0   0x00000064   Code   RO          539    .text.PendSV_Handler  port.o
    0x00002144   0x00002144   0x0000000c   PAD
    0x00002150   0x00002150   0x00000024   Code   RO          523    .text.SVC_Handler   port.o
    0x00002174   0x00002174   0x0000003e   Code   RO          541    .text.SysTick_Handler  port.o
    0x000021b2   0x000021b2   0x00000002   PAD
    0x000021b4   0x000021b4   0x0000001a   Code   RO           60    .text.SysTick_IncTick  hc32f46x_utility.o
    0x000021ce   0x000021ce   0x00000002   PAD
    0x000021d0   0x000021d0   0x0000000c   Code   RO           80    .text.SysTick_IrqHandler  app.o
    0x000021dc   0x000021dc   0x0000016e   Code   RO           13    .text.SystemCoreClockUpdate  system_hc32f46x.o
    0x0000234a   0x0000234a   0x00000002   PAD
    0x0000234c   0x0000234c   0x00000018   Code   RO           11    .text.SystemInit    system_hc32f46x.o
    0x00002364   0x00002364   0x00000016   Code   RO           82    .text.app           app.o
    0x0000237a   0x0000237a   0x00000002   PAD
    0x0000237c   0x0000237c   0x00000010   Code   RO           24    .text.main          main.o
    0x0000238c   0x0000238c   0x0000003e   Code   RO          281    .text.prvResetNextTaskUnblockTime  tasks.o
    0x000023ca   0x000023ca   0x00000002   PAD
    0x000023cc   0x000023cc   0x000000c2   Code   RO          305    .text.vTaskSwitchContext  tasks.o
    0x0000248e   0x0000248e   0x00000002   PAD
    0x00002490   0x00002490   0x0000026a   Code   RO          319    .text.xTaskIncrementTick  tasks.o
    0x000026fa   0x000026fa   0x0000003e   Code   RO          812    CL$$btod_d2e        c_wu.l(btod.o)
    0x00002738   0x00002738   0x00000046   Code   RO          814    CL$$btod_d2e_denorm_low  c_wu.l(btod.o)
    0x0000277e   0x0000277e   0x00000060   Code   RO          813    CL$$btod_d2e_norm_op1  c_wu.l(btod.o)
    0x000027de   0x000027de   0x00000338   Code   RO          822    CL$$btod_div_common  c_wu.l(btod.o)
    0x00002b16   0x00002b16   0x000000dc   Code   RO          819    CL$$btod_e2e        c_wu.l(btod.o)
    0x00002bf2   0x00002bf2   0x0000002a   Code   RO          816    CL$$btod_ediv       c_wu.l(btod.o)
    0x00002c1c   0x00002c1c   0x0000002a   Code   RO          815    CL$$btod_emul       c_wu.l(btod.o)
    0x00002c46   0x00002c46   0x00000244   Code   RO          821    CL$$btod_mult_common  c_wu.l(btod.o)
    0x00002e8a   0x00002e8a   0x00000030   Code   RO          934    i.__ARM_fpclassify  m_wm.l(fpclassify.o)
    0x00002eba   0x00002eba   0x0000000e   Code   RO          635    i._is_digit         c_wu.l(__printf_wp.o)
    0x00002ec8   0x00002ec8   0x0000001a   Code   RO          722    i.fputc             c_wu.l(fputc.o)
    0x00002ee2   0x00002ee2   0x00000002   PAD
    0x00002ee4   0x00002ee4   0x0000002c   Code   RO          850    locale$$code        c_wu.l(lc_numeric_c.o)
    0x00002f10   0x00002f10   0x0000002c   Code   RO          985    locale$$code        c_wu.l(lc_ctype_c.o)
    0x00002f3c   0x00002f3c   0x0000001a   Code   RO          999    x$fpl$fpinit        fz_wm.l(fpinit.o)
    0x00002f56   0x00002f56   0x00000004   Code   RO          676    x$fpl$printf1       fz_wm.l(printf1.o)
    0x00002f5a   0x00002f5a   0x00000004   Code   RO          678    x$fpl$printf2       fz_wm.l(printf2.o)
    0x00002f5e   0x00002f5e   0x00000000   Code   RO          933    x$fpl$usenofp       fz_wm.l(usenofp.o)
    0x00002f5e   0x00002f5e   0x00000002   PAD
    0x00002f60   0x00002f60   0x00000008   Data   RO          594    .constdata          c_wu.l(_printf_wctomb.o)
    0x00002f68   0x00002f68   0x00000028   Data   RO          623    .constdata          c_wu.l(_printf_hex_int_ll_ptr.o)
    0x00002f90   0x00002f90   0x00000011   Data   RO          643    .constdata          c_wu.l(__printf_flags_ss_wp.o)
    0x00002fa1   0x00002fa1   0x00000026   Data   RO          710    .constdata          c_wu.l(_printf_fp_hex.o)
    0x00002fc7   0x00002fc7   0x00000004   Data   RO          735    .constdata          c_wu.l(sys_io_names.o)
    0x00002fcb   0x00002fcb   0x00000004   Data   RO          736    .constdata          c_wu.l(sys_io_names.o)
    0x00002fcf   0x00002fcf   0x00000004   Data   RO          737    .constdata          c_wu.l(sys_io_names.o)
    0x00002fd3   0x00002fd3   0x00000001   PAD
    0x00002fd4   0x00002fd4   0x00000094   Data   RO          810    .constdata          c_wu.l(bigflt0.o)
    0x00003068   0x00003068   0x0000002d   Data   RO           72    .rodata.str1.1      hc32f46x_utility.o
    0x00003095   0x00003095   0x00000003   PAD
    0x00003098   0x00003098   0x00000020   Data   RO         1097    Region$$Table       anon$$obj.o
    0x000030b8   0x000030b8   0x0000001c   Data   RO          849    locale$$data        c_wu.l(lc_numeric_c.o)
    0x000030d4   0x000030d4   0x00000110   Data   RO          984    locale$$data        c_wu.l(lc_ctype_c.o)


    Execution Region RW_IRAM1 (Exec base: 0x1fff8000, Load base: 0x000031e8, Size: 0x00002210, Max: 0x0002f000, ABSOLUTE)

    Exec Addr    Load Addr    Size         Type   Attr      Idx    E Section Name        Object

    0x1fff8000   0x000031e8   0x00000004   Data   RW          671    .data               c_wu.l(stdio_streams.o)
    0x1fff8004   0x000031ec   0x00000004   Data   RW          672    .data               c_wu.l(stdio_streams.o)
    0x1fff8008   0x000031f0   0x00000004   Data   RW          673    .data               c_wu.l(stdio_streams.o)
    0x1fff800c   0x000031f4   0x00000004   Data   RW           15    .data.HRC_VALUE     system_hc32f46x.o
    0x1fff8010   0x000031f8   0x00000004   Data   RW           16    .data.SystemCoreClock  system_hc32f46x.o
    0x1fff8014   0x000031fc   0x00000004   Data   RW           26    .data.test0_data    main.o
    0x1fff8018        -       0x00000054   Zero   RW          668    .bss                c_wu.l(stdio_streams.o)
    0x1fff806c        -       0x00000054   Zero   RW          669    .bss                c_wu.l(stdio_streams.o)
    0x1fff80c0        -       0x00000054   Zero   RW          670    .bss                c_wu.l(stdio_streams.o)
    0x1fff8114        -       0x00000060   Zero   RW          941    .bss                c_wu.l(libspace.o)
    0x1fff8174        -       0x00000004   Zero   RW           71    .bss.m_u32TickCount  hc32f46x_utility.o
    0x1fff8178        -       0x00000004   Zero   RW           70    .bss.m_u32TickStep  hc32f46x_utility.o
    0x1fff817c        -       0x00000004   Zero   RW          393    .bss.pxCurrentTCB   tasks.o
    0x1fff8180        -       0x00000004   Zero   RW          404    .bss.pxDelayedTaskList  tasks.o
    0x1fff8184        -       0x00000004   Zero   RW          405    .bss.pxOverflowDelayedTaskList  tasks.o
    0x1fff8188        -       0x00000064   Zero   RW          395    .bss.pxReadyTasksLists  tasks.o
    0x1fff81ec        -       0x00000004   Zero   RW           27    .bss.test_bss       main.o
    0x1fff81f0        -       0x00000004   Zero   RW          402    .bss.uxSchedulerSuspended  tasks.o
    0x1fff81f4        -       0x00000004   Zero   RW          396    .bss.uxTopReadyPriority  tasks.o
    0x1fff81f8        -       0x00000004   Zero   RW          411    .bss.xNextTaskUnblockTime  tasks.o
    0x1fff81fc        -       0x00000004   Zero   RW          413    .bss.xNumOfOverflows  tasks.o
    0x1fff8200        -       0x00000004   Zero   RW          412    .bss.xPendedTicks   tasks.o
    0x1fff8204        -       0x00000004   Zero   RW          403    .bss.xTickCount     tasks.o
    0x1fff8208        -       0x00000004   Zero   RW          407    .bss.xYieldPending  tasks.o
    0x1fff820c   0x00003200   0x00000004   PAD
    0x1fff8210        -       0x00001000   Zero   RW            2    HEAP                startup_hc32f46x.o
    0x1fff9210        -       0x00001000   Zero   RW            1    STACK               startup_hc32f46x.o


==============================================================================

Image component sizes


      Code (inc. data)   RO Data    RW Data    ZI Data      Debug   Object Name

        34          0          0          0          0        476   app.o
        70          0         45          0          8      39883   hc32f46x_utility.o
        16          0          0          4          4        459   main.o
       198          8          0          0          0       3741   port.o
       116         38        640          0       8192        904   startup_hc32f46x.o
       390          6          0          8          0      13769   system_hc32f46x.o
       874          0          0          0        140      24173   tasks.o

    ----------------------------------------------------------------------
      1726         64        720         12       8348      83405   Object Totals
         0          0         32          0          0          0   (incl. Generated)
        28         12          3          0          4          0   (incl. Padding)

    ----------------------------------------------------------------------

      Code (inc. data)   RO Data    RW Data    ZI Data      Debug   Library Member Name

         8          0          0          0          0         68   __main.o
       392          4         17          0          0         92   __printf_flags_ss_wp.o
        14          0          0          0          0         68   __printf_wp.o
         0          0          0          0          0          0   __rtentry.o
        12          0          0          0          0          0   __rtentry2.o
         6          0          0          0          0          0   __rtentry4.o
        52          8          0          0          0          0   __scatter.o
        26          0          0          0          0          0   __scatter_copy.o
        28          0          0          0          0          0   __scatter_zi.o
        72          0          0          0          0         96   _c32rtomb.o
       264          0          0          0          0         96   _get_argv.o
         6          0          0          0          0          0   _printf_a.o
         6          0          0          0          0          0   _printf_c.o
        44          0          0          0          0        108   _printf_char.o
        48          6          0          0          0         96   _printf_char_common.o
        36          4          0          0          0         80   _printf_char_file.o
        40          0          0          0          0         68   _printf_charcount.o
         6          0          0          0          0          0   _printf_d.o
       120         16          0          0          0         92   _printf_dec.o
         6          0          0          0          0          0   _printf_e.o
         6          0          0          0          0          0   _printf_f.o
      1052          0          0          0          0        148   _printf_fp_dec.o
       764          8         38          0          0        100   _printf_fp_hex.o
       128         16          0          0          0         84   _printf_fp_infnan.o
         6          0          0          0          0          0   _printf_g.o
       148          4         40          0          0        160   _printf_hex_int_ll_ptr.o
         6          0          0          0          0          0   _printf_i.o
       178          0          0          0          0         88   _printf_intcommon.o
        10          0          0          0          0          0   _printf_l.o
         6          0          0          0          0          0   _printf_lc.o
        10          0          0          0          0          0   _printf_ll.o
         6          0          0          0          0          0   _printf_lld.o
         6          0          0          0          0          0   _printf_lli.o
         6          0          0          0          0          0   _printf_llo.o
         6          0          0          0          0          0   _printf_llu.o
         6          0          0          0          0          0   _printf_llx.o
       124         16          0          0          0         92   _printf_longlong_dec.o
         6          0          0          0          0          0   _printf_ls.o
         6          0          0          0          0          0   _printf_n.o
         6          0          0          0          0          0   _printf_o.o
       112          8          0          0          0        124   _printf_oct_int_ll.o
         6          0          0          0          0          0   _printf_p.o
        78          0          0          0          0        108   _printf_pad.o
         0          0          0          0          0          0   _printf_percent.o
         4          0          0          0          0          0   _printf_percent_end.o
         6          0          0          0          0          0   _printf_s.o
        82          0          0          0          0         80   _printf_str.o
        36          0          0          0          0         84   _printf_truncate.o
         6          0          0          0          0          0   _printf_u.o
        44          0          0          0          0        108   _printf_wchar.o
       188          6          8          0          0         92   _printf_wctomb.o
         6          0          0          0          0          0   _printf_x.o
         4          0          0          0          0         68   argv_veneer.o
       228          4        148          0          0         96   bigflt0.o
      1936        128          0          0          0        672   btod.o
        10          0          0          0          0         68   defsig_exit.o
        50          0          0          0          0         88   defsig_general.o
        80         58          0          0          0         76   defsig_rtmem_inner.o
        14          0          0          0          0         80   defsig_rtmem_outer.o
        52         38          0          0          0         76   defsig_rtred_inner.o
        14          0          0          0          0         80   defsig_rtred_outer.o
        18          0          0          0          0         80   exit.o
        76          0          0          0          0         88   fclose.o
         8          0          0          0          0         68   ferror.o
       470          0          0          0          0         88   flsbuf.o
       240          6          0          0          0        128   fopen.o
        26          0          0          0          0         68   fputc.o
       248          6          0          0          0         84   fseek.o
        66          0          0          0          0         76   ftell.o
        94          0          0          0          0         80   h1_alloc.o
        52          0          0          0          0         68   h1_extend.o
        78          0          0          0          0         80   h1_free.o
        14          0          0          0          0         84   h1_init.o
         6          0          0          0          0        152   heapauxi.o
         4          0          0          0          0        136   hguard.o
         4          0          0          0          0        136   hrguard.o
         0          0          0          0          0          0   indicate_semi.o
       138          0          0          0          0        168   init_alloc.o
       312         46          0          0          0        112   initio.o
        44         10        272          0          0         76   lc_ctype_c.o
        44         10         28          0          0         76   lc_numeric_c.o
         2          0          0          0          0          0   libinit.o
        54          0          0          0          0          0   libinit2.o
         2          0          0          0          0          0   libshutdown.o
         6          0          0          0          0          0   libshutdown2.o
         8          4          0          0         96         68   libspace.o
       138          0          0          0          0         80   lludiv10.o
         0          0          0          0          0          0   maybetermalloc1.o
        24          4          0          0          0         84   printf.o
        16          4          0          0          0         76   rt_ctype_table.o
         8          4          0          0          0         68   rt_errno_addr_intlibspace.o
         8          4          0          0          0         68   rt_heap_descriptor_intlibspace.o
         8          4          0          0          0         68   rt_locale_intlibspace.o
        78          0          0          0          0         80   rt_memclr_w.o
         2          0          0          0          0          0   rtexit.o
        10          0          0          0          0          0   rtexit2.o
        70          0          0          0          0         80   setvbuf.o
       240          6          0          0          0        156   stdio.o
         0          0          0         12        252          0   stdio_streams.o
       124          0          0          0          0         88   strcmpv7em.o
        62          0          0          0          0         76   strlen.o
        24          0          0          0          0         76   sys_command.o
        12          4          0          0          0         68   sys_exit.o
       102          0          0          0          0        240   sys_io.o
         0          0         12          0          0          0   sys_io_names.o
        74          0          0          0          0         80   sys_stackheap_outer.o
        14          0          0          0          0         76   sys_wrch.o
         2          0          0          0          0         68   use_no_semi.o
        26          0          0          0          0        116   fpinit.o
         4          0          0          0          0        116   printf1.o
         4          0          0          0          0        116   printf2.o
         0          0          0          0          0          0   usenofp.o
        48          0          0          0          0        124   fpclassify.o

    ----------------------------------------------------------------------
      9762        440        564         12        348       7356   Library Totals
        22          4          1          0          0          0   (incl. Padding)

    ----------------------------------------------------------------------

      Code (inc. data)   RO Data    RW Data    ZI Data      Debug   Library Name

      9658        436        563         12        348       6884   c_wu.l
        34          0          0          0          0        348   fz_wm.l
        48          0          0          0          0        124   m_wm.l

    ----------------------------------------------------------------------
      9762        440        564         12        348       7356   Library Totals

    ----------------------------------------------------------------------

==============================================================================


      Code (inc. data)   RO Data    RW Data    ZI Data      Debug   

     11488        504       1284         24       8696      86685   Grand Totals
     11488        504       1284         24       8696      86685   ELF Image Totals
     11488        504       1284         24          0          0   ROM Totals

==============================================================================

    Total RO  Size (Code + RO Data)                12772 (  12.47kB)
    Total RW  Size (RW Data + ZI Data)              8720 (   8.52kB)
    Total ROM Size (Code + RO Data + RW Data)      12796 (  12.50kB)

==============================================================================

