Component: ARM Compiler 6.16 Tool: armlink [5dfeaa00]

==============================================================================

Image Symbol Table

    Local Symbols

    Symbol Name                              Value     Ov Type        Size  Object(Section)

    ../clib/../cmprslib/zerorunl.c           0x00000000   Number         0  __dczerorl.o ABSOLUTE
    ../clib/division.s                       0x00000000   Number         0  aeabi_sdiv.o ABSOLUTE
    ../clib/microlib/ctype/ctype.c           0x00000000   Number         0  ctype_o.o ABSOLUTE
    ../clib/microlib/ctype/ctype.c           0x00000000   Number         0  isalnum_o.o ABSOLUTE
    ../clib/microlib/ctype/ctype.c           0x00000000   Number         0  isalpha_o.o ABSOLUTE
    ../clib/microlib/ctype/ctype.c           0x00000000   Number         0  isblank_o.o ABSOLUTE
    ../clib/microlib/ctype/ctype.c           0x00000000   Number         0  iscntrl_o.o ABSOLUTE
    ../clib/microlib/ctype/ctype.c           0x00000000   Number         0  isdigit_o.o ABSOLUTE
    ../clib/microlib/ctype/ctype.c           0x00000000   Number         0  isgraph_o.o ABSOLUTE
    ../clib/microlib/ctype/ctype.c           0x00000000   Number         0  islower_o.o ABSOLUTE
    ../clib/microlib/ctype/ctype.c           0x00000000   Number         0  isprint_o.o ABSOLUTE
    ../clib/microlib/ctype/ctype.c           0x00000000   Number         0  ispunct_o.o ABSOLUTE
    ../clib/microlib/ctype/ctype.c           0x00000000   Number         0  isspace_o.o ABSOLUTE
    ../clib/microlib/ctype/ctype.c           0x00000000   Number         0  isupper_o.o ABSOLUTE
    ../clib/microlib/ctype/ctype.c           0x00000000   Number         0  isxdigit_o.o ABSOLUTE
    ../clib/microlib/division.c              0x00000000   Number         0  uidiv.o ABSOLUTE
    ../clib/microlib/division.c              0x00000000   Number         0  uldiv.o ABSOLUTE
    ../clib/microlib/init/entry.s            0x00000000   Number         0  entry.o ABSOLUTE
    ../clib/microlib/init/entry.s            0x00000000   Number         0  entry2.o ABSOLUTE
    ../clib/microlib/init/entry.s            0x00000000   Number         0  entry5.o ABSOLUTE
    ../clib/microlib/init/entry.s            0x00000000   Number         0  entry7a.o ABSOLUTE
    ../clib/microlib/init/entry.s            0x00000000   Number         0  entry7b.o ABSOLUTE
    ../clib/microlib/init/entry.s            0x00000000   Number         0  entry8a.o ABSOLUTE
    ../clib/microlib/init/entry.s            0x00000000   Number         0  entry8b.o ABSOLUTE
    ../clib/microlib/init/entry.s            0x00000000   Number         0  entry9a.o ABSOLUTE
    ../clib/microlib/init/entry.s            0x00000000   Number         0  entry9b.o ABSOLUTE
    ../clib/microlib/init/entry.s            0x00000000   Number         0  entry10a.o ABSOLUTE
    ../clib/microlib/init/entry.s            0x00000000   Number         0  entry10b.o ABSOLUTE
    ../clib/microlib/init/entry.s            0x00000000   Number         0  entry11a.o ABSOLUTE
    ../clib/microlib/init/entry.s            0x00000000   Number         0  entry11b.o ABSOLUTE
    ../clib/microlib/longlong.c              0x00000000   Number         0  llshl.o ABSOLUTE
    ../clib/microlib/longlong.c              0x00000000   Number         0  llushr.o ABSOLUTE
    ../clib/microlib/longlong.c              0x00000000   Number         0  llsshr.o ABSOLUTE
    ../clib/microlib/printf/printf.c         0x00000000   Number         0  printfb.o ABSOLUTE
    ../clib/microlib/printf/printf.c         0x00000000   Number         0  printf0.o ABSOLUTE
    ../clib/microlib/printf/printf.c         0x00000000   Number         0  printf1.o ABSOLUTE
    ../clib/microlib/printf/printf.c         0x00000000   Number         0  printf2.o ABSOLUTE
    ../clib/microlib/printf/printf.c         0x00000000   Number         0  printf3.o ABSOLUTE
    ../clib/microlib/printf/printf.c         0x00000000   Number         0  printf4.o ABSOLUTE
    ../clib/microlib/printf/printf.c         0x00000000   Number         0  printf5.o ABSOLUTE
    ../clib/microlib/printf/printf.c         0x00000000   Number         0  printf6.o ABSOLUTE
    ../clib/microlib/printf/printf.c         0x00000000   Number         0  printf7.o ABSOLUTE
    ../clib/microlib/printf/printf.c         0x00000000   Number         0  printf8.o ABSOLUTE
    ../clib/microlib/printf/printf.c         0x00000000   Number         0  printfa.o ABSOLUTE
    ../clib/microlib/printf/stubs.s          0x00000000   Number         0  printfstubs.o ABSOLUTE
    ../clib/microlib/stdio/fputs.c           0x00000000   Number         0  fputs.o ABSOLUTE
    ../clib/microlib/stdio/fputs.c           0x00000000   Number         0  fputs_e.o ABSOLUTE
    ../clib/microlib/stdio/fwrite.c          0x00000000   Number         0  fwrite.o ABSOLUTE
    ../clib/microlib/stdio/fwrite.c          0x00000000   Number         0  fwrite_e.o ABSOLUTE
    ../clib/microlib/stdio/putc.c            0x00000000   Number         0  putc.o ABSOLUTE
    ../clib/microlib/stdio/puts.c            0x00000000   Number         0  puts.o ABSOLUTE
    ../clib/microlib/stdio/puts.c            0x00000000   Number         0  puts_e.o ABSOLUTE
    ../clib/microlib/stdio/streams.c         0x00000000   Number         0  stdout.o ABSOLUTE
    ../clib/microlib/stdio/streams.c         0x00000000   Number         0  stderr.o ABSOLUTE
    ../clib/microlib/string/memcpy.c         0x00000000   Number         0  memcpya.o ABSOLUTE
    ../clib/microlib/string/memcpy.c         0x00000000   Number         0  memcpyb.o ABSOLUTE
    ../clib/microlib/string/memset.c         0x00000000   Number         0  memseta.o ABSOLUTE
    ../clib/microlib/string/strcmp.c         0x00000000   Number         0  strcmp.o ABSOLUTE
    ../clib/microlib/string/strcpy.c         0x00000000   Number         0  strcpy.o ABSOLUTE
    ../clib/microlib/string/strlen.c         0x00000000   Number         0  strlen.o ABSOLUTE
    ../clib/microlib/string/strstr.c         0x00000000   Number         0  strstr.o ABSOLUTE
    ../clib/microlib/stubs.s                 0x00000000   Number         0  iusefp.o ABSOLUTE
    ../common/startup_pt32z192.s             0x00000000   Number         0  startup_pt32z192.o ABSOLUTE
    ../fplib/microlib/fpadd.c                0x00000000   Number         0  dadd.o ABSOLUTE
    ../fplib/microlib/fpdiv.c                0x00000000   Number         0  ddiv.o ABSOLUTE
    ../fplib/microlib/fpepilogue.c           0x00000000   Number         0  depilogue.o ABSOLUTE
    ../fplib/microlib/fpfix.c                0x00000000   Number         0  dfixul.o ABSOLUTE
    ../fplib/microlib/fpmul.c                0x00000000   Number         0  dmul.o ABSOLUTE
    ..\application\HardFaultHandlerMDK\HardFaultHandler.S 0x00000000   Number         0  hardfaulthandler.o ABSOLUTE
    EventRecorder.c                          0x00000000   Number         0  eventrecorder.o ABSOLUTE
    SEGGER_HardFaultHandler.c                0x00000000   Number         0  segger_hardfaulthandler.o ABSOLUTE
    SEGGER_RTT.c                             0x00000000   Number         0  segger_rtt.o ABSOLUTE
    SEGGER_RTT_printf.c                      0x00000000   Number         0  segger_rtt_printf.o ABSOLUTE
    ansi.c                                   0x00000000   Number         0  ansi.o ABSOLUTE
    ansi_port.c                              0x00000000   Number         0  ansi_port.o ABSOLUTE
    app.c                                    0x00000000   Number         0  app.o ABSOLUTE
    bsp.c                                    0x00000000   Number         0  bsp.o ABSOLUTE
    cdrcmple.s                               0x00000000   Number         0  cdrcmple.o ABSOLUTE
    dc.s                                     0x00000000   Number         0  dc.o ABSOLUTE
    fifo.c                                   0x00000000   Number         0  fifo.o ABSOLUTE
    handlers.s                               0x00000000   Number         0  handlers.o ABSOLUTE
    init.s                                   0x00000000   Number         0  init.o ABSOLUTE
    main.c                                   0x00000000   Number         0  main.o ABSOLUTE
    nr_micro_shell.c                         0x00000000   Number         0  nr_micro_shell.o ABSOLUTE
    nr_micro_shell_commands.c                0x00000000   Number         0  nr_micro_shell_commands.o ABSOLUTE
    pt32z192xx_adc.c                         0x00000000   Number         0  pt32z192xx_adc.o ABSOLUTE
    pt32z192xx_dma.c                         0x00000000   Number         0  pt32z192xx_dma.o ABSOLUTE
    pt32z192xx_dsp.c                         0x00000000   Number         0  pt32z192xx_dsp.o ABSOLUTE
    pt32z192xx_gpio.c                        0x00000000   Number         0  pt32z192xx_gpio.o ABSOLUTE
    pt32z192xx_i2c.c                         0x00000000   Number         0  pt32z192xx_i2c.o ABSOLUTE
    pt32z192xx_it.c                          0x00000000   Number         0  pt32z192xx_it.o ABSOLUTE
    pt32z192xx_misc.c                        0x00000000   Number         0  pt32z192xx_misc.o ABSOLUTE
    pt32z192xx_pwm.c                         0x00000000   Number         0  pt32z192xx_pwm.o ABSOLUTE
    pt32z192xx_qspi.c                        0x00000000   Number         0  pt32z192xx_qspi.o ABSOLUTE
    pt32z192xx_retarget.c                    0x00000000   Number         0  pt32z192xx_retarget.o ABSOLUTE
    pt32z192xx_serial.c                      0x00000000   Number         0  pt32z192xx_serial.o ABSOLUTE
    pt32z192xx_spi.c                         0x00000000   Number         0  pt32z192xx_spi.o ABSOLUTE
    pt32z192xx_sys.c                         0x00000000   Number         0  pt32z192xx_sys.o ABSOLUTE
    pt32z192xx_tim.c                         0x00000000   Number         0  pt32z192xx_tim.o ABSOLUTE
    pt32z192xx_uart.c                        0x00000000   Number         0  pt32z192xx_uart.o ABSOLUTE
    pt32z192xx_wdg.c                         0x00000000   Number         0  pt32z192xx_wdg.o ABSOLUTE
    retarget_io.c                            0x00000000   Number         0  retarget_io.o ABSOLUTE
    system_pt32z192xx.c                      0x00000000   Number         0  system_pt32z192xx.o ABSOLUTE
    RESET                                    0x20000000   Section      304  startup_pt32z192.o(RESET)
    .ARM.Collect$$$$00000000                 0x20000130   Section        0  entry.o(.ARM.Collect$$$$00000000)
    .ARM.Collect$$$$00000001                 0x20000130   Section        4  entry2.o(.ARM.Collect$$$$00000001)
    .ARM.Collect$$$$00000004                 0x20000134   Section        4  entry5.o(.ARM.Collect$$$$00000004)
    .ARM.Collect$$$$00000008                 0x20000138   Section        0  entry7b.o(.ARM.Collect$$$$00000008)
    .ARM.Collect$$$$0000000A                 0x20000138   Section        0  entry8b.o(.ARM.Collect$$$$0000000A)
    .ARM.Collect$$$$0000000B                 0x20000138   Section        8  entry9a.o(.ARM.Collect$$$$0000000B)
    __lit__00000000                          0x20000140   Data           4  entry2.o(.ARM.Collect$$$$00002712)
    .ARM.Collect$$$$0000000D                 0x20000140   Section        0  entry10a.o(.ARM.Collect$$$$0000000D)
    .ARM.Collect$$$$0000000F                 0x20000140   Section        0  entry11a.o(.ARM.Collect$$$$0000000F)
    .ARM.Collect$$$$00002712                 0x20000140   Section        4  entry2.o(.ARM.Collect$$$$00002712)
    .text                                    0x20000144   Section       52  startup_pt32z192.o(.text)
    .text                                    0x20000178   Section        0  ctype_o.o(.text)
    .text                                    0x20000180   Section        0  memcpya.o(.text)
    .text                                    0x200001a4   Section        0  memseta.o(.text)
    .text                                    0x200001c8   Section        0  strstr.o(.text)
    .text                                    0x200001ec   Section        0  strlen.o(.text)
    .text                                    0x200001fa   Section        0  strcmp.o(.text)
    .text                                    0x20000216   Section        0  strcpy.o(.text)
    .text                                    0x20000228   Section        0  uidiv.o(.text)
    .text                                    0x20000254   Section       36  init.o(.text)
    .text                                    0x20000278   Section        0  __dczerorl.o(.text)
    [Anonymous Symbol]                       0x200002b4   Section        0  pt32z192xx_adc.o(.text.ADC_ChannelConfig)
    [Anonymous Symbol]                       0x200002d0   Section        0  pt32z192xx_adc.o(.text.ADC_Cmd)
    [Anonymous Symbol]                       0x200002e0   Section        0  pt32z192xx_it.o(.text.ADC_Handler)
    [Anonymous Symbol]                       0x200002e4   Section        0  pt32z192xx_adc.o(.text.ADC_Init)
    [Anonymous Symbol]                       0x2000031c   Section        0  pt32z192xx_adc.o(.text.ADC_StartOfConversion)
    [Anonymous Symbol]                       0x20000328   Section        0  pt32z192xx_dma.o(.text.DMA_AutoRepeat_Cmd)
    [Anonymous Symbol]                       0x2000034c   Section        0  pt32z192xx_dma.o(.text.DMA_Cmd)
    [Anonymous Symbol]                       0x20000370   Section        0  pt32z192xx_dma.o(.text.DMA_Config)
    [Anonymous Symbol]                       0x200003b4   Section        0  pt32z192xx_dma.o(.text.DMA_DirectionConfig)
    [Anonymous Symbol]                       0x200003d0   Section        0  pt32z192xx_it.o(.text.DMA_Handler)
    [Anonymous Symbol]                       0x200003d4   Section        0  pt32z192xx_dma.o(.text.DMA_PeripheralConfig)
    [Anonymous Symbol]                       0x20000400   Section        0  eventrecorder.o(.text.EventRecord2)
    EventRecordItem                          0x20000491   Thumb Code   680  eventrecorder.o(.text.EventRecordItem)
    [Anonymous Symbol]                       0x20000490   Section        0  eventrecorder.o(.text.EventRecordItem)
    [Anonymous Symbol]                       0x20000738   Section        0  eventrecorder.o(.text.EventRecorderInitialize)
    [Anonymous Symbol]                       0x200011a0   Section        0  eventrecorder.o(.text.EventRecorderStart)
    [Anonymous Symbol]                       0x20001200   Section        0  eventrecorder.o(.text.EventRecorderTimerGetCount)
    [Anonymous Symbol]                       0x2000120c   Section        0  eventrecorder.o(.text.EventRecorderTimerGetFreq)
    [Anonymous Symbol]                       0x20001218   Section        0  eventrecorder.o(.text.EventRecorderTimerSetup)
    [Anonymous Symbol]                       0x2000123c   Section        0  pt32z192xx_it.o(.text.FLASH_Handler)
    [Anonymous Symbol]                       0x20001240   Section        0  pt32z192xx_gpio.o(.text.GPIO_ClearITPendingBit)
    [Anonymous Symbol]                       0x20001244   Section        0  pt32z192xx_gpio.o(.text.GPIO_ITConfig)
    [Anonymous Symbol]                       0x20001250   Section        0  pt32z192xx_gpio.o(.text.GPIO_Init)
    [Anonymous Symbol]                       0x200012b4   Section        0  pt32z192xx_gpio.o(.text.GPIO_PinAFConfig)
    [Anonymous Symbol]                       0x200012c4   Section        0  pt32z192xx_gpio.o(.text.GPIO_SetBits)
    [Anonymous Symbol]                       0x200012cc   Section        0  pt32z192xx_gpio.o(.text.GPIO_TriTypeConfig)
    [Anonymous Symbol]                       0x20001300   Section        0  segger_hardfaulthandler.o(.text.HardFaultHandler)
    [Anonymous Symbol]                       0x200013a8   Section        0  pt32z192xx_it.o(.text.NMI_Handler)
    [Anonymous Symbol]                       0x200013ac   Section        0  pt32z192xx_misc.o(.text.NVIC_Init)
    [Anonymous Symbol]                       0x20001418   Section        0  pt32z192xx_it.o(.text.PA_Handler)
    [Anonymous Symbol]                       0x2000141c   Section        0  pt32z192xx_it.o(.text.PB_Handler)
    [Anonymous Symbol]                       0x20001420   Section        0  pt32z192xx_it.o(.text.PC_Handler)
    [Anonymous Symbol]                       0x20001470   Section        0  pt32z192xx_it.o(.text.PD_Handler)
    [Anonymous Symbol]                       0x20001474   Section        0  pt32z192xx_pwm.o(.text.PMW_TimeBaseInit)
    [Anonymous Symbol]                       0x20001490   Section        0  pt32z192xx_pwm.o(.text.PWM_BKI_LevelConfig)
    [Anonymous Symbol]                       0x2000149c   Section        0  pt32z192xx_pwm.o(.text.PWM_BreakInput_Cmd)
    [Anonymous Symbol]                       0x200014b0   Section        0  pt32z192xx_pwm.o(.text.PWM_ClearFlag)
    [Anonymous Symbol]                       0x200014b4   Section        0  pt32z192xx_pwm.o(.text.PWM_Cmd)
    [Anonymous Symbol]                       0x200014c4   Section        0  pt32z192xx_pwm.o(.text.PWM_GetFlagStatus)
    [Anonymous Symbol]                       0x200014d0   Section        0  pt32z192xx_pwm.o(.text.PWM_IntConfig)
    [Anonymous Symbol]                       0x20001544   Section        0  bsp.o(.text.PWM_Mode_Config)
    [Anonymous Symbol]                       0x2000161c   Section        0  pt32z192xx_pwm.o(.text.PWM_OutputInit)
    [Anonymous Symbol]                       0x20001684   Section        0  pt32z192xx_it.o(.text.PendSV_Handler)
    [Anonymous Symbol]                       0x20001688   Section        0  pt32z192xx_it.o(.text.RTC_Handler)
    [Anonymous Symbol]                       0x2000168c   Section        0  segger_rtt.o(.text.SEGGER_RTT_Init)
    [Anonymous Symbol]                       0x200016fc   Section        0  segger_rtt.o(.text.SEGGER_RTT_Write)
    [Anonymous Symbol]                       0x200017b0   Section        0  segger_rtt.o(.text.SEGGER_RTT_WriteNoLock)
    [Anonymous Symbol]                       0x20001928   Section        0  segger_rtt_printf.o(.text.SEGGER_RTT_printf)
    [Anonymous Symbol]                       0x20001948   Section        0  segger_rtt_printf.o(.text.SEGGER_RTT_vprintf)
    [Anonymous Symbol]                       0x20002334   Section        0  pt32z192xx_serial.o(.text.SERIAL_PutChar)
    [Anonymous Symbol]                       0x2000235c   Section        0  pt32z192xx_it.o(.text.SPI0_Handler)
    [Anonymous Symbol]                       0x20002360   Section        0  pt32z192xx_it.o(.text.SPI1_Handler)
    [Anonymous Symbol]                       0x20002364   Section        0  pt32z192xx_it.o(.text.SVC_Handler)
    [Anonymous Symbol]                       0x20002368   Section        0  pt32z192xx_it.o(.text.SysTick_Handler)
    [Anonymous Symbol]                       0x2000238c   Section        0  system_pt32z192xx.o(.text.SystemInit)
    [Anonymous Symbol]                       0x2000250c   Section        0  pt32z192xx_it.o(.text.TMR0_Handler)
    [Anonymous Symbol]                       0x20002530   Section        0  pt32z192xx_it.o(.text.TMR1_Handler)
    [Anonymous Symbol]                       0x20002534   Section        0  pt32z192xx_it.o(.text.TMR2_Handler)
    [Anonymous Symbol]                       0x20002538   Section        0  pt32z192xx_it.o(.text.TMR3_Handler)
    [Anonymous Symbol]                       0x2000253c   Section        0  pt32z192xx_it.o(.text.TMR4_Handler)
    [Anonymous Symbol]                       0x20002540   Section        0  pt32z192xx_it.o(.text.TMR5_Handler)
    [Anonymous Symbol]                       0x20002544   Section        0  pt32z192xx_it.o(.text.UART0_Handler)
    [Anonymous Symbol]                       0x20002548   Section        0  pt32z192xx_it.o(.text.UART1_Handler)
    [Anonymous Symbol]                       0x2000254c   Section        0  pt32z192xx_it.o(.text.UART2_Handler)
    [Anonymous Symbol]                       0x200025a0   Section        0  pt32z192xx_uart.o(.text.UART_Cmd)
    [Anonymous Symbol]                       0x200025b0   Section        0  pt32z192xx_uart.o(.text.UART_ITConfig)
    [Anonymous Symbol]                       0x200025c0   Section        0  pt32z192xx_uart.o(.text.UART_Init)
    _PrintUnsigned                           0x2000265d   Thumb Code   508  segger_rtt_printf.o(.text._PrintUnsigned)
    [Anonymous Symbol]                       0x2000265c   Section        0  segger_rtt_printf.o(.text._PrintUnsigned)
    _PrintUnsigned._aV2C                     0x20002858   Number         0  segger_rtt_printf.o(.text._PrintUnsigned)
    [Anonymous Symbol]                       0x20002868   Section        0  nr_micro_shell.o(.text._shell_init)
    [Anonymous Symbol]                       0x20002974   Section        0  ansi.o(.text.ansi_clear_current_line)
    [Anonymous Symbol]                       0x20002984   Section        0  ansi.o(.text.ansi_get_char)
    [Anonymous Symbol]                       0x20002ab8   Section        0  ansi.o(.text.ansi_init)
    [Anonymous Symbol]                       0x20002acc   Section        0  app.o(.text.app)
    [Anonymous Symbol]                       0x20002ae0   Section        0  bsp.o(.text.bsp_init)
    [Anonymous Symbol]                       0x20002d58   Section        0  pt32z192xx_retarget.o(.text.fputc)
    [Anonymous Symbol]                       0x20002d64   Section        0  main.o(.text.main)
    [Anonymous Symbol]                       0x20002da8   Section        0  ansi_port.o(.text.nr_ansi_common_char_slover)
    [Anonymous Symbol]                       0x20002e60   Section        0  ansi_port.o(.text.nr_ansi_ctrl_common_slover)
    [Anonymous Symbol]                       0x20002e94   Section        0  ansi_port.o(.text.nr_ansi_in__)
    [Anonymous Symbol]                       0x20002f20   Section        0  ansi_port.o(.text.nr_ansi_in_backspace)
    [Anonymous Symbol]                       0x20002fa0   Section        0  ansi_port.o(.text.nr_ansi_in_down)
    [Anonymous Symbol]                       0x20003020   Section        0  ansi_port.o(.text.nr_ansi_in_enter)
    [Anonymous Symbol]                       0x20003054   Section        0  ansi_port.o(.text.nr_ansi_in_left)
    [Anonymous Symbol]                       0x20003074   Section        0  ansi_port.o(.text.nr_ansi_in_newline)
    [Anonymous Symbol]                       0x20003098   Section        0  ansi_port.o(.text.nr_ansi_in_right)
    [Anonymous Symbol]                       0x200030bc   Section        0  ansi_port.o(.text.nr_ansi_in_tab)
    [Anonymous Symbol]                       0x200031a0   Section        0  ansi_port.o(.text.nr_ansi_in_up)
    [Anonymous Symbol]                       0x2000321c   Section        0  bsp.o(.text.read_uid)
    [Anonymous Symbol]                       0x20003310   Section        0  nr_micro_shell.o(.text.shell_cmd_complete)
    [Anonymous Symbol]                       0x20003374   Section        0  nr_micro_shell.o(.text.shell_his_copy_queue_item)
    [Anonymous Symbol]                       0x20003508   Section        0  nr_micro_shell.o(.text.shell_his_queue_add_cmd)
    [Anonymous Symbol]                       0x200035b0   Section        0  nr_micro_shell.o(.text.shell_his_queue_search_cmd)
    [Anonymous Symbol]                       0x20003660   Section        0  nr_micro_shell_commands.o(.text.shell_ls_cmd)
    [Anonymous Symbol]                       0x200037a4   Section        0  nr_micro_shell.o(.text.shell_parser)
    [Anonymous Symbol]                       0x20003c3c   Section        0  nr_micro_shell_commands.o(.text.shell_test_cmd)
    OSKERNEL                                 0x20003c88   Section       18  hardfaulthandler.o(OSKERNEL)
    i.__0printf$3                            0x20003c9c   Section        0  printf3.o(i.__0printf$3)
    i.__scatterload_copy                     0x20003cbc   Section       14  handlers.o(i.__scatterload_copy)
    i.__scatterload_null                     0x20003cca   Section        2  handlers.o(i.__scatterload_null)
    i.__scatterload_zeroinit                 0x20003ccc   Section       14  handlers.o(i.__scatterload_zeroinit)
    _printf_core                             0x20003cdd   Thumb Code   436  printf3.o(i._printf_core)
    i._printf_core                           0x20003cdc   Section        0  printf3.o(i._printf_core)
    i.putc                                   0x20003e94   Section        0  putc.o(i.putc)
    i.puts                                   0x20003e98   Section        0  puts.o(i.puts)
    .constdata                               0x20003ebc   Section      129  ctype_o.o(.constdata)
    table                                    0x20003f40   Data           4  ctype_o.o(.constdata)
    .constdata                               0x20003f40   Section        4  ctype_o.o(.constdata)
    __tagsym$$used.0                         0x20003f44   Number         0  eventrecorder.o(.rodata.EventRecorderInfo)
    __tagsym$$used.0                         0x20003fd4   Number         0  nr_micro_shell.o(.rodata.nr_shell_cmd0.end)
    __tagsym$$used.1                         0x20003fe8   Number         0  nr_micro_shell.o(.rodata.nr_shell_cmd1.end)
    .L.str.4                                 0x20004038   Data          23  bsp.o(.rodata.str1.1)
    [Anonymous Symbol]                       0x20004038   Section        0  bsp.o(.rodata.str1.1)
    .L.str.1                                 0x2000404f   Data          45  bsp.o(.rodata.str1.1)
    .L.str.9                                 0x2000407c   Data           6  bsp.o(.rodata.str1.1)
    .L.str.5                                 0x20004082   Data          12  bsp.o(.rodata.str1.1)
    .L.str.6                                 0x2000408e   Data           9  bsp.o(.rodata.str1.1)
    .L.str.3                                 0x20004097   Data           5  bsp.o(.rodata.str1.1)
    .L.str.2                                 0x2000409c   Data           8  bsp.o(.rodata.str1.1)
    .L.str                                   0x200040a4   Data          17  main.o(.rodata.str1.1)
    [Anonymous Symbol]                       0x200040a4   Section        0  main.o(.rodata.str1.1)
    .L.str                                   0x200040b5   Data           9  segger_rtt.o(.rodata.str1.1)
    [Anonymous Symbol]                       0x200040b5   Section        0  segger_rtt.o(.rodata.str1.1)
    .Lstr.15                                 0x200040be   Data          17  nr_micro_shell_commands.o(.rodata.str1.1)
    [Anonymous Symbol]                       0x200040be   Section        0  nr_micro_shell_commands.o(.rodata.str1.1)
    .L.str.2                                 0x200040cf   Data           6  ansi_port.o(.rodata.str1.1)
    [Anonymous Symbol]                       0x200040cf   Section        0  ansi_port.o(.rodata.str1.1)
    .L.str.3                                 0x200040d5   Data           4  ansi_port.o(.rodata.str1.1)
    .L.str.11                                0x200040d9   Data           3  ansi_port.o(.rodata.str1.1)
    .L.str.7                                 0x200040d9   Data           3  ansi_port.o(.rodata.str1.1)
    .Lstr                                    0x200040dc   Data          41  nr_micro_shell.o(.rodata.str1.1)
    [Anonymous Symbol]                       0x200040dc   Section        0  nr_micro_shell.o(.rodata.str1.1)
    .Lstr.16                                 0x20004105   Data          41  nr_micro_shell.o(.rodata.str1.1)
    .Lstr.19                                 0x2000412e   Data          41  nr_micro_shell.o(.rodata.str1.1)
    .Lstr.17                                 0x20004157   Data          41  nr_micro_shell.o(.rodata.str1.1)
    .Lstr.18                                 0x20004180   Data          41  nr_micro_shell.o(.rodata.str1.1)
    .Lstr.20                                 0x200041a9   Data          41  nr_micro_shell.o(.rodata.str1.1)
    .Lstr.8                                  0x200041d0   Data           2  nr_micro_shell.o(.rodata.str1.1)
    .data                                    0x20010000   Section        4  stdout.o(.data)
    .L_MergedGlobals                         0x20010140   Data          17  segger_rtt.o(.bss..L_MergedGlobals)
    _ActiveTerminal                          0x20010140   Data           1  segger_rtt.o(.bss..L_MergedGlobals)
    [Anonymous Symbol]                       0x20010140   Section        0  segger_rtt.o(.bss..L_MergedGlobals)
    _acDownBuffer                            0x20010141   Data          16  segger_rtt.o(.bss..L_MergedGlobals)
    .L_MergedGlobals                         0x20010154   Data          68  segger_hardfaulthandler.o(.bss..L_MergedGlobals)
    _Continue                                0x20010154   Data           4  segger_hardfaulthandler.o(.bss..L_MergedGlobals)
    [Anonymous Symbol]                       0x20010154   Section        0  segger_hardfaulthandler.o(.bss..L_MergedGlobals)
    HardFaultRegs                            0x20010158   Data          64  segger_hardfaulthandler.o(.bss..L_MergedGlobals)
    _acUpBuffer                              0x20010244   Data        1024  segger_rtt.o(.bss._acUpBuffer)
    [Anonymous Symbol]                       0x20010244   Section        0  segger_rtt.o(.bss._acUpBuffer)
    EventBuffer                              0x20010680   Data        1024  eventrecorder.o(.bss.noinit)
    [Anonymous Symbol]                       0x20010680   Section        0  eventrecorder.o(.bss.noinit)
    EventFilter                              0x20010a80   Data         128  eventrecorder.o(.bss.noinit)
    EventStatus                              0x20010b00   Data          36  eventrecorder.o(.bss.noinit)
    nr_shell_strtok.last                     0x20010ba8   Data           4  nr_micro_shell.o(.bss.nr_shell_strtok.last)
    [Anonymous Symbol]                       0x20010ba8   Section        0  nr_micro_shell.o(.bss.nr_shell_strtok.last)
    STACK                                    0x20010bb0   Section     4096  startup_pt32z192.o(STACK)

    Global Symbols

    Symbol Name                              Value     Ov Type        Size  Object(Section)

    BuildAttributes$$THM_ISAv4$P$D$K$B$S$PE$A:L22UL41UL21$X:L11$S22US41US21$IEEE1$IW$~IW$USESV6$~STKCKD$USESV7$~SHL$OTIME$ROPI$EBA8$MICROLIB$REQ8$PRES8$EABIv2 0x00000000   Number         0  anon$$obj.o ABSOLUTE
    _printf_a                                0x00000000   Number         0  printfstubs.o ABSOLUTE
    _printf_c                                0x00000000   Number         0  printfstubs.o ABSOLUTE
    _printf_charcount                        0x00000000   Number         0  printfstubs.o ABSOLUTE
    _printf_d                                0x00000000   Number         0  printfstubs.o ABSOLUTE
    _printf_e                                0x00000000   Number         0  printfstubs.o ABSOLUTE
    _printf_f                                0x00000000   Number         0  printfstubs.o ABSOLUTE
    _printf_flags                            0x00000000   Number         0  printfstubs.o ABSOLUTE
    _printf_fp_dec                           0x00000000   Number         0  printfstubs.o ABSOLUTE
    _printf_fp_hex                           0x00000000   Number         0  printfstubs.o ABSOLUTE
    _printf_g                                0x00000000   Number         0  printfstubs.o ABSOLUTE
    _printf_i                                0x00000000   Number         0  printfstubs.o ABSOLUTE
    _printf_int_dec                          0x00000000   Number         0  printfstubs.o ABSOLUTE
    _printf_l                                0x00000000   Number         0  printfstubs.o ABSOLUTE
    _printf_lc                               0x00000000   Number         0  printfstubs.o ABSOLUTE
    _printf_ll                               0x00000000   Number         0  printfstubs.o ABSOLUTE
    _printf_lld                              0x00000000   Number         0  printfstubs.o ABSOLUTE
    _printf_lli                              0x00000000   Number         0  printfstubs.o ABSOLUTE
    _printf_llo                              0x00000000   Number         0  printfstubs.o ABSOLUTE
    _printf_llu                              0x00000000   Number         0  printfstubs.o ABSOLUTE
    _printf_llx                              0x00000000   Number         0  printfstubs.o ABSOLUTE
    _printf_longlong_dec                     0x00000000   Number         0  printfstubs.o ABSOLUTE
    _printf_longlong_hex                     0x00000000   Number         0  printfstubs.o ABSOLUTE
    _printf_longlong_oct                     0x00000000   Number         0  printfstubs.o ABSOLUTE
    _printf_ls                               0x00000000   Number         0  printfstubs.o ABSOLUTE
    _printf_mbtowc                           0x00000000   Number         0  printfstubs.o ABSOLUTE
    _printf_n                                0x00000000   Number         0  printfstubs.o ABSOLUTE
    _printf_o                                0x00000000   Number         0  printfstubs.o ABSOLUTE
    _printf_p                                0x00000000   Number         0  printfstubs.o ABSOLUTE
    _printf_percent                          0x00000000   Number         0  printfstubs.o ABSOLUTE
    _printf_pre_padding                      0x00000000   Number         0  printfstubs.o ABSOLUTE
    _printf_return_value                     0x00000000   Number         0  printfstubs.o ABSOLUTE
    _printf_s                                0x00000000   Number         0  printfstubs.o ABSOLUTE
    _printf_sizespec                         0x00000000   Number         0  printfstubs.o ABSOLUTE
    _printf_str                              0x00000000   Number         0  printfstubs.o ABSOLUTE
    _printf_truncate_signed                  0x00000000   Number         0  printfstubs.o ABSOLUTE
    _printf_truncate_unsigned                0x00000000   Number         0  printfstubs.o ABSOLUTE
    _printf_u                                0x00000000   Number         0  printfstubs.o ABSOLUTE
    _printf_wc                               0x00000000   Number         0  printfstubs.o ABSOLUTE
    _printf_wctomb                           0x00000000   Number         0  printfstubs.o ABSOLUTE
    _printf_widthprec                        0x00000000   Number         0  printfstubs.o ABSOLUTE
    _printf_x                                0x00000000   Number         0  printfstubs.o ABSOLUTE
    __cpp_initialize__aeabi_                  - Undefined Weak Reference
    __cxa_finalize                            - Undefined Weak Reference
    _clock_init                               - Undefined Weak Reference
    _microlib_exit                            - Undefined Weak Reference
    __Vectors_Size                           0x00000130   Number         0  startup_pt32z192.o ABSOLUTE
    __Vectors                                0x20000000   Data           4  startup_pt32z192.o(RESET)
    __Vectors_End                            0x20000130   Data           0  startup_pt32z192.o(RESET)
    __main                                   0x20000131   Thumb Code     0  entry.o(.ARM.Collect$$$$00000000)
    _main_stk                                0x20000131   Thumb Code     0  entry2.o(.ARM.Collect$$$$00000001)
    _main_scatterload                        0x20000135   Thumb Code     0  entry5.o(.ARM.Collect$$$$00000004)
    __main_after_scatterload                 0x20000139   Thumb Code     0  entry5.o(.ARM.Collect$$$$00000004)
    _main_clock                              0x20000139   Thumb Code     0  entry7b.o(.ARM.Collect$$$$00000008)
    _main_cpp_init                           0x20000139   Thumb Code     0  entry8b.o(.ARM.Collect$$$$0000000A)
    _main_init                               0x20000139   Thumb Code     0  entry9a.o(.ARM.Collect$$$$0000000B)
    __rt_final_cpp                           0x20000141   Thumb Code     0  entry10a.o(.ARM.Collect$$$$0000000D)
    __rt_final_exit                          0x20000141   Thumb Code     0  entry11a.o(.ARM.Collect$$$$0000000F)
    Reset_Handler                            0x20000145   Thumb Code    14  startup_pt32z192.o(.text)
    MemManage_Handler                        0x20000157   Thumb Code     2  startup_pt32z192.o(.text)
    BusFault_Handler                         0x20000159   Thumb Code     2  startup_pt32z192.o(.text)
    UsageFault_Handler                       0x2000015b   Thumb Code     2  startup_pt32z192.o(.text)
    DebugMon_Handler                         0x2000015f   Thumb Code     2  startup_pt32z192.o(.text)
    AES_Handler                              0x20000165   Thumb Code     0  startup_pt32z192.o(.text)
    I2C_Handler                              0x20000165   Thumb Code     0  startup_pt32z192.o(.text)
    QSPI_Handler                             0x20000165   Thumb Code     0  startup_pt32z192.o(.text)
    RCC_Handler                              0x20000165   Thumb Code     0  startup_pt32z192.o(.text)
    USB11_Handler                            0x20000165   Thumb Code     0  startup_pt32z192.o(.text)
    WDG_Handler                              0x20000165   Thumb Code     0  startup_pt32z192.o(.text)
    __rt_ctype_table                         0x20000179   Thumb Code     4  ctype_o.o(.text)
    __aeabi_memcpy                           0x20000181   Thumb Code    36  memcpya.o(.text)
    __aeabi_memcpy4                          0x20000181   Thumb Code     0  memcpya.o(.text)
    __aeabi_memcpy8                          0x20000181   Thumb Code     0  memcpya.o(.text)
    __aeabi_memset                           0x200001a5   Thumb Code    14  memseta.o(.text)
    __aeabi_memset4                          0x200001a5   Thumb Code     0  memseta.o(.text)
    __aeabi_memset8                          0x200001a5   Thumb Code     0  memseta.o(.text)
    __aeabi_memclr                           0x200001b3   Thumb Code     4  memseta.o(.text)
    __aeabi_memclr4                          0x200001b3   Thumb Code     0  memseta.o(.text)
    __aeabi_memclr8                          0x200001b3   Thumb Code     0  memseta.o(.text)
    _memset$wrapper                          0x200001b7   Thumb Code    18  memseta.o(.text)
    strstr                                   0x200001c9   Thumb Code    36  strstr.o(.text)
    strlen                                   0x200001ed   Thumb Code    14  strlen.o(.text)
    strcmp                                   0x200001fb   Thumb Code    28  strcmp.o(.text)
    strcpy                                   0x20000217   Thumb Code    18  strcpy.o(.text)
    __aeabi_uidiv                            0x20000229   Thumb Code     0  uidiv.o(.text)
    __aeabi_uidivmod                         0x20000229   Thumb Code    44  uidiv.o(.text)
    __scatterload                            0x20000255   Thumb Code    28  init.o(.text)
    __scatterload_rt2                        0x20000255   Thumb Code     0  init.o(.text)
    __decompress                             0x20000279   Thumb Code     0  __dczerorl.o(.text)
    __decompress0                            0x20000279   Thumb Code    58  __dczerorl.o(.text)
    ADC_ChannelConfig                        0x200002b5   Thumb Code    26  pt32z192xx_adc.o(.text.ADC_ChannelConfig)
    ADC_Cmd                                  0x200002d1   Thumb Code    16  pt32z192xx_adc.o(.text.ADC_Cmd)
    ADC_Handler                              0x200002e1   Thumb Code     2  pt32z192xx_it.o(.text.ADC_Handler)
    ADC_Init                                 0x200002e5   Thumb Code    56  pt32z192xx_adc.o(.text.ADC_Init)
    ADC_StartOfConversion                    0x2000031d   Thumb Code    10  pt32z192xx_adc.o(.text.ADC_StartOfConversion)
    DMA_AutoRepeat_Cmd                       0x20000329   Thumb Code    36  pt32z192xx_dma.o(.text.DMA_AutoRepeat_Cmd)
    DMA_Cmd                                  0x2000034d   Thumb Code    34  pt32z192xx_dma.o(.text.DMA_Cmd)
    DMA_Config                               0x20000371   Thumb Code    66  pt32z192xx_dma.o(.text.DMA_Config)
    DMA_DirectionConfig                      0x200003b5   Thumb Code    26  pt32z192xx_dma.o(.text.DMA_DirectionConfig)
    DMA_Handler                              0x200003d1   Thumb Code     2  pt32z192xx_it.o(.text.DMA_Handler)
    DMA_PeripheralConfig                     0x200003d5   Thumb Code    42  pt32z192xx_dma.o(.text.DMA_PeripheralConfig)
    EventRecord2                             0x20000401   Thumb Code   144  eventrecorder.o(.text.EventRecord2)
    EventRecorderInitialize                  0x20000739   Thumb Code  2664  eventrecorder.o(.text.EventRecorderInitialize)
    EventRecorderStart                       0x200011a1   Thumb Code    94  eventrecorder.o(.text.EventRecorderStart)
    EventRecorderTimerGetCount               0x20001201   Thumb Code    12  eventrecorder.o(.text.EventRecorderTimerGetCount)
    EventRecorderTimerGetFreq                0x2000120d   Thumb Code    12  eventrecorder.o(.text.EventRecorderTimerGetFreq)
    EventRecorderTimerSetup                  0x20001219   Thumb Code    36  eventrecorder.o(.text.EventRecorderTimerSetup)
    FLASH_Handler                            0x2000123d   Thumb Code     2  pt32z192xx_it.o(.text.FLASH_Handler)
    GPIO_ClearITPendingBit                   0x20001241   Thumb Code     4  pt32z192xx_gpio.o(.text.GPIO_ClearITPendingBit)
    GPIO_ITConfig                            0x20001245   Thumb Code    12  pt32z192xx_gpio.o(.text.GPIO_ITConfig)
    GPIO_Init                                0x20001251   Thumb Code   100  pt32z192xx_gpio.o(.text.GPIO_Init)
    GPIO_PinAFConfig                         0x200012b5   Thumb Code    14  pt32z192xx_gpio.o(.text.GPIO_PinAFConfig)
    GPIO_SetBits                             0x200012c5   Thumb Code     8  pt32z192xx_gpio.o(.text.GPIO_SetBits)
    GPIO_TriTypeConfig                       0x200012cd   Thumb Code    52  pt32z192xx_gpio.o(.text.GPIO_TriTypeConfig)
    HardFaultHandler                         0x20001301   Thumb Code   168  segger_hardfaulthandler.o(.text.HardFaultHandler)
    NMI_Handler                              0x200013a9   Thumb Code     2  pt32z192xx_it.o(.text.NMI_Handler)
    NVIC_Init                                0x200013ad   Thumb Code   108  pt32z192xx_misc.o(.text.NVIC_Init)
    PA_Handler                               0x20001419   Thumb Code     2  pt32z192xx_it.o(.text.PA_Handler)
    PB_Handler                               0x2000141d   Thumb Code     2  pt32z192xx_it.o(.text.PB_Handler)
    PC_Handler                               0x20001421   Thumb Code    52  pt32z192xx_it.o(.text.PC_Handler)
    PD_Handler                               0x20001471   Thumb Code     2  pt32z192xx_it.o(.text.PD_Handler)
    PMW_TimeBaseInit                         0x20001475   Thumb Code    26  pt32z192xx_pwm.o(.text.PMW_TimeBaseInit)
    PWM_BKI_LevelConfig                      0x20001491   Thumb Code    12  pt32z192xx_pwm.o(.text.PWM_BKI_LevelConfig)
    PWM_BreakInput_Cmd                       0x2000149d   Thumb Code    18  pt32z192xx_pwm.o(.text.PWM_BreakInput_Cmd)
    PWM_ClearFlag                            0x200014b1   Thumb Code     4  pt32z192xx_pwm.o(.text.PWM_ClearFlag)
    PWM_Cmd                                  0x200014b5   Thumb Code    16  pt32z192xx_pwm.o(.text.PWM_Cmd)
    PWM_GetFlagStatus                        0x200014c5   Thumb Code    10  pt32z192xx_pwm.o(.text.PWM_GetFlagStatus)
    PWM_IntConfig                            0x200014d1   Thumb Code   116  pt32z192xx_pwm.o(.text.PWM_IntConfig)
    PWM_Mode_Config                          0x20001545   Thumb Code   214  bsp.o(.text.PWM_Mode_Config)
    PWM_OutputInit                           0x2000161d   Thumb Code   104  pt32z192xx_pwm.o(.text.PWM_OutputInit)
    PendSV_Handler                           0x20001685   Thumb Code     2  pt32z192xx_it.o(.text.PendSV_Handler)
    RTC_Handler                              0x20001689   Thumb Code     2  pt32z192xx_it.o(.text.RTC_Handler)
    SEGGER_RTT_Init                          0x2000168d   Thumb Code   112  segger_rtt.o(.text.SEGGER_RTT_Init)
    SEGGER_RTT_Write                         0x200016fd   Thumb Code   178  segger_rtt.o(.text.SEGGER_RTT_Write)
    SEGGER_RTT_WriteNoLock                   0x200017b1   Thumb Code   376  segger_rtt.o(.text.SEGGER_RTT_WriteNoLock)
    SEGGER_RTT_printf                        0x20001929   Thumb Code    30  segger_rtt_printf.o(.text.SEGGER_RTT_printf)
    SEGGER_RTT_vprintf                       0x20001949   Thumb Code  2538  segger_rtt_printf.o(.text.SEGGER_RTT_vprintf)
    SERIAL_PutChar                           0x20002335   Thumb Code    40  pt32z192xx_serial.o(.text.SERIAL_PutChar)
    SPI0_Handler                             0x2000235d   Thumb Code     2  pt32z192xx_it.o(.text.SPI0_Handler)
    SPI1_Handler                             0x20002361   Thumb Code     2  pt32z192xx_it.o(.text.SPI1_Handler)
    SVC_Handler                              0x20002365   Thumb Code     2  pt32z192xx_it.o(.text.SVC_Handler)
    SysTick_Handler                          0x20002369   Thumb Code    34  pt32z192xx_it.o(.text.SysTick_Handler)
    SystemInit                               0x2000238d   Thumb Code   384  system_pt32z192xx.o(.text.SystemInit)
    TMR0_Handler                             0x2000250d   Thumb Code    36  pt32z192xx_it.o(.text.TMR0_Handler)
    TMR1_Handler                             0x20002531   Thumb Code     2  pt32z192xx_it.o(.text.TMR1_Handler)
    TMR2_Handler                             0x20002535   Thumb Code     2  pt32z192xx_it.o(.text.TMR2_Handler)
    TMR3_Handler                             0x20002539   Thumb Code     2  pt32z192xx_it.o(.text.TMR3_Handler)
    TMR4_Handler                             0x2000253d   Thumb Code     2  pt32z192xx_it.o(.text.TMR4_Handler)
    TMR5_Handler                             0x20002541   Thumb Code     2  pt32z192xx_it.o(.text.TMR5_Handler)
    UART0_Handler                            0x20002545   Thumb Code     2  pt32z192xx_it.o(.text.UART0_Handler)
    UART1_Handler                            0x20002549   Thumb Code     2  pt32z192xx_it.o(.text.UART1_Handler)
    UART2_Handler                            0x2000254d   Thumb Code    68  pt32z192xx_it.o(.text.UART2_Handler)
    UART_Cmd                                 0x200025a1   Thumb Code    16  pt32z192xx_uart.o(.text.UART_Cmd)
    UART_ITConfig                            0x200025b1   Thumb Code    16  pt32z192xx_uart.o(.text.UART_ITConfig)
    UART_Init                                0x200025c1   Thumb Code   154  pt32z192xx_uart.o(.text.UART_Init)
    _shell_init                              0x20002869   Thumb Code   148  nr_micro_shell.o(.text._shell_init)
    ansi_clear_current_line                  0x20002975   Thumb Code    14  ansi.o(.text.ansi_clear_current_line)
    ansi_get_char                            0x20002985   Thumb Code   306  ansi.o(.text.ansi_get_char)
    ansi_init                                0x20002ab9   Thumb Code    18  ansi.o(.text.ansi_init)
    app                                      0x20002acd   Thumb Code    20  app.o(.text.app)
    bsp_init                                 0x20002ae1   Thumb Code   576  bsp.o(.text.bsp_init)
    fputc                                    0x20002d59   Thumb Code    10  pt32z192xx_retarget.o(.text.fputc)
    main                                     0x20002d65   Thumb Code    66  main.o(.text.main)
    nr_ansi_common_char_slover               0x20002da9   Thumb Code   176  ansi_port.o(.text.nr_ansi_common_char_slover)
    nr_ansi_ctrl_common_slover               0x20002e61   Thumb Code    50  ansi_port.o(.text.nr_ansi_ctrl_common_slover)
    nr_ansi_in__                             0x20002e95   Thumb Code   138  ansi_port.o(.text.nr_ansi_in__)
    nr_ansi_in_backspace                     0x20002f21   Thumb Code   120  ansi_port.o(.text.nr_ansi_in_backspace)
    nr_ansi_in_down                          0x20002fa1   Thumb Code   126  ansi_port.o(.text.nr_ansi_in_down)
    nr_ansi_in_enter                         0x20003021   Thumb Code    52  ansi_port.o(.text.nr_ansi_in_enter)
    nr_ansi_in_left                          0x20003055   Thumb Code    24  ansi_port.o(.text.nr_ansi_in_left)
    nr_ansi_in_newline                       0x20003075   Thumb Code    36  ansi_port.o(.text.nr_ansi_in_newline)
    nr_ansi_in_right                         0x20003099   Thumb Code    28  ansi_port.o(.text.nr_ansi_in_right)
    nr_ansi_in_tab                           0x200030bd   Thumb Code   226  ansi_port.o(.text.nr_ansi_in_tab)
    nr_ansi_in_up                            0x200031a1   Thumb Code   124  ansi_port.o(.text.nr_ansi_in_up)
    read_uid                                 0x2000321d   Thumb Code   208  bsp.o(.text.read_uid)
    shell_cmd_complete                       0x20003311   Thumb Code   100  nr_micro_shell.o(.text.shell_cmd_complete)
    shell_his_copy_queue_item                0x20003375   Thumb Code   402  nr_micro_shell.o(.text.shell_his_copy_queue_item)
    shell_his_queue_add_cmd                  0x20003509   Thumb Code   168  nr_micro_shell.o(.text.shell_his_queue_add_cmd)
    shell_his_queue_search_cmd               0x200035b1   Thumb Code   174  nr_micro_shell.o(.text.shell_his_queue_search_cmd)
    shell_ls_cmd                             0x20003661   Thumb Code   168  nr_micro_shell_commands.o(.text.shell_ls_cmd)
    shell_parser                             0x200037a5   Thumb Code  1124  nr_micro_shell.o(.text.shell_parser)
    shell_test_cmd                           0x20003c3d   Thumb Code    44  nr_micro_shell_commands.o(.text.shell_test_cmd)
    HardFault_Handler                        0x20003c89   Thumb Code     0  hardfaulthandler.o(OSKERNEL)
    __0printf$3                              0x20003c9d   Thumb Code    22  printf3.o(i.__0printf$3)
    __1printf$3                              0x20003c9d   Thumb Code     0  printf3.o(i.__0printf$3)
    __2printf                                0x20003c9d   Thumb Code     0  printf3.o(i.__0printf$3)
    __scatterload_copy                       0x20003cbd   Thumb Code    14  handlers.o(i.__scatterload_copy)
    __scatterload_null                       0x20003ccb   Thumb Code     2  handlers.o(i.__scatterload_null)
    __scatterload_zeroinit                   0x20003ccd   Thumb Code    14  handlers.o(i.__scatterload_zeroinit)
    putc                                     0x20003e95   Thumb Code     4  putc.o(i.putc)
    puts                                     0x20003e99   Thumb Code    30  puts.o(i.puts)
    __ctype_table                            0x20003ebc   Data         129  ctype_o.o(.constdata)
    EventRecorderInfo                        0x20003f44   Data          24  eventrecorder.o(.rodata.EventRecorderInfo)
    nr_ansi_in_cmd                           0x20003f5c   Data          21  ansi.o(.rodata.nr_ansi_in_cmd)
    nr_ansi_in_cmd_fun                       0x20003f74   Data          80  ansi.o(.rodata.nr_ansi_in_cmd_fun)
    nr_ansi_in_special_symbol_fun            0x20003fc4   Data          16  ansi.o(.rodata.nr_ansi_in_special_symbol_fun)
    _nr_cmd_start_                           0x20003fd4   Data          20  nr_micro_shell.o(.rodata.nr_shell_cmd0.end)
    _nr_cmd_end_                             0x20003fe8   Data          20  nr_micro_shell.o(.rodata.nr_shell_cmd1.end)
    static_cmd                               0x20003ffc   Data          60  nr_micro_shell_commands.o(.rodata.static_cmd)
    Region$$Table$$Base                      0x200041d4   Number         0  anon$$obj.o(Region$$Table)
    Region$$Table$$Limit                     0x200041f4   Number         0  anon$$obj.o(Region$$Table)
    __stdout                                 0x20010000   Data           4  stdout.o(.data)
    SystemCoreClock                          0x20010004   Data           4  system_pt32z192xx.o(.data.SystemCoreClock)
    VCO_VALUE                                0x20010008   Data           4  system_pt32z192xx.o(.data.VCO_VALUE)
    nr_shell                                 0x2001000c   Data         308  nr_micro_shell.o(.data.nr_shell)
    TimingDelay                              0x20010198   Data           4  app.o(.bss.TimingDelay)
    _SEGGER_RTT                              0x2001019c   Data         168  segger_rtt.o(.bss._SEGGER_RTT)
    key_flag                                 0x20010644   Data           4  app.o(.bss.key_flag)
    m_AdcValue                               0x20010648   Data           2  bsp.o(.bss.m_AdcValue)
    nr_ansi                                  0x20010b24   Data         132  ansi.o(.bss.nr_ansi)
    timeval                                  0x20010bac   Data           4  app.o(.bss.timeval)
    __initial_sp                             0x20011bb0   Data           0  startup_pt32z192.o(STACK)



==============================================================================

Memory Map of the image

  Image Entry point : 0x20000131

  Load Region LR_IROM1 (Base: 0x20000000, Size: 0x00004340, Max: 0x00010000, ABSOLUTE, COMPRESSED[0x00004240])

    Execution Region ER_IROM1 (Exec base: 0x20000000, Load base: 0x20000000, Size: 0x000041f4, Max: 0x00010000, ABSOLUTE)

    Exec Addr    Load Addr    Size         Type   Attr      Idx    E Section Name        Object

    0x20000000   0x20000000   0x00000130   Data   RO          150    RESET               startup_pt32z192.o
    0x20000130   0x20000130   0x00000000   Code   RO         1076  * .ARM.Collect$$$$00000000  mc_w.l(entry.o)
    0x20000130   0x20000130   0x00000004   Code   RO         1398    .ARM.Collect$$$$00000001  mc_w.l(entry2.o)
    0x20000134   0x20000134   0x00000004   Code   RO         1401    .ARM.Collect$$$$00000004  mc_w.l(entry5.o)
    0x20000138   0x20000138   0x00000000   Code   RO         1403    .ARM.Collect$$$$00000008  mc_w.l(entry7b.o)
    0x20000138   0x20000138   0x00000000   Code   RO         1405    .ARM.Collect$$$$0000000A  mc_w.l(entry8b.o)
    0x20000138   0x20000138   0x00000008   Code   RO         1406    .ARM.Collect$$$$0000000B  mc_w.l(entry9a.o)
    0x20000140   0x20000140   0x00000000   Code   RO         1408    .ARM.Collect$$$$0000000D  mc_w.l(entry10a.o)
    0x20000140   0x20000140   0x00000000   Code   RO         1410    .ARM.Collect$$$$0000000F  mc_w.l(entry11a.o)
    0x20000140   0x20000140   0x00000004   Code   RO         1399    .ARM.Collect$$$$00002712  mc_w.l(entry2.o)
    0x20000144   0x20000144   0x00000034   Code   RO          151    .text               startup_pt32z192.o
    0x20000178   0x20000178   0x00000008   Code   RO         1095    .text               mc_w.l(ctype_o.o)
    0x20000180   0x20000180   0x00000024   Code   RO         1123    .text               mc_w.l(memcpya.o)
    0x200001a4   0x200001a4   0x00000024   Code   RO         1125    .text               mc_w.l(memseta.o)
    0x200001c8   0x200001c8   0x00000024   Code   RO         1127    .text               mc_w.l(strstr.o)
    0x200001ec   0x200001ec   0x0000000e   Code   RO         1129    .text               mc_w.l(strlen.o)
    0x200001fa   0x200001fa   0x0000001c   Code   RO         1131    .text               mc_w.l(strcmp.o)
    0x20000216   0x20000216   0x00000012   Code   RO         1133    .text               mc_w.l(strcpy.o)
    0x20000228   0x20000228   0x0000002c   Code   RO         1421    .text               mc_w.l(uidiv.o)
    0x20000254   0x20000254   0x00000024   Code   RO         1436    .text               mc_w.l(init.o)
    0x20000278   0x20000278   0x0000003a   Code   RO         1454    .text               mc_w.l(__dczerorl.o)
    0x200002b2   0x200002b2   0x00000002   PAD
    0x200002b4   0x200002b4   0x0000001a   Code   RO          166    .text.ADC_ChannelConfig  pt32z192xx_adc.o
    0x200002ce   0x200002ce   0x00000002   PAD
    0x200002d0   0x200002d0   0x00000010   Code   RO          162    .text.ADC_Cmd       pt32z192xx_adc.o
    0x200002e0   0x200002e0   0x00000002   Code   RO           90    .text.ADC_Handler   pt32z192xx_it.o
    0x200002e2   0x200002e2   0x00000002   PAD
    0x200002e4   0x200002e4   0x00000038   Code   RO          158    .text.ADC_Init      pt32z192xx_adc.o
    0x2000031c   0x2000031c   0x0000000a   Code   RO          172    .text.ADC_StartOfConversion  pt32z192xx_adc.o
    0x20000326   0x20000326   0x00000002   PAD
    0x20000328   0x20000328   0x00000024   Code   RO          761    .text.DMA_AutoRepeat_Cmd  pt32z192xx_dma.o
    0x2000034c   0x2000034c   0x00000022   Code   RO          755    .text.DMA_Cmd       pt32z192xx_dma.o
    0x2000036e   0x2000036e   0x00000002   PAD
    0x20000370   0x20000370   0x00000042   Code   RO          753    .text.DMA_Config    pt32z192xx_dma.o
    0x200003b2   0x200003b2   0x00000002   PAD
    0x200003b4   0x200003b4   0x0000001a   Code   RO          759    .text.DMA_DirectionConfig  pt32z192xx_dma.o
    0x200003ce   0x200003ce   0x00000002   PAD
    0x200003d0   0x200003d0   0x00000002   Code   RO          126    .text.DMA_Handler   pt32z192xx_it.o
    0x200003d2   0x200003d2   0x00000002   PAD
    0x200003d4   0x200003d4   0x0000002a   Code   RO          787    .text.DMA_PeripheralConfig  pt32z192xx_dma.o
    0x200003fe   0x200003fe   0x00000002   PAD
    0x20000400   0x20000400   0x00000090   Code   RO         1044    .text.EventRecord2  eventrecorder.o
    0x20000490   0x20000490   0x000002a8   Code   RO         1032    .text.EventRecordItem  eventrecorder.o
    0x20000738   0x20000738   0x00000a68   Code   RO         1028    .text.EventRecorderInitialize  eventrecorder.o
    0x200011a0   0x200011a0   0x0000005e   Code   RO         1034    .text.EventRecorderStart  eventrecorder.o
    0x200011fe   0x200011fe   0x00000002   PAD
    0x20001200   0x20001200   0x0000000c   Code   RO         1026    .text.EventRecorderTimerGetCount  eventrecorder.o
    0x2000120c   0x2000120c   0x0000000c   Code   RO         1024    .text.EventRecorderTimerGetFreq  eventrecorder.o
    0x20001218   0x20001218   0x00000024   Code   RO         1022    .text.EventRecorderTimerSetup  eventrecorder.o
    0x2000123c   0x2000123c   0x00000002   Code   RO           76    .text.FLASH_Handler  pt32z192xx_it.o
    0x2000123e   0x2000123e   0x00000002   PAD
    0x20001240   0x20001240   0x00000004   Code   RO          326    .text.GPIO_ClearITPendingBit  pt32z192xx_gpio.o
    0x20001244   0x20001244   0x0000000c   Code   RO          316    .text.GPIO_ITConfig  pt32z192xx_gpio.o
    0x20001250   0x20001250   0x00000064   Code   RO          288    .text.GPIO_Init     pt32z192xx_gpio.o
    0x200012b4   0x200012b4   0x0000000e   Code   RO          314    .text.GPIO_PinAFConfig  pt32z192xx_gpio.o
    0x200012c2   0x200012c2   0x00000002   PAD
    0x200012c4   0x200012c4   0x00000008   Code   RO          304    .text.GPIO_SetBits  pt32z192xx_gpio.o
    0x200012cc   0x200012cc   0x00000034   Code   RO          318    .text.GPIO_TriTypeConfig  pt32z192xx_gpio.o
    0x20001300   0x20001300   0x000000a8   Code   RO          886    .text.HardFaultHandler  segger_hardfaulthandler.o
    0x200013a8   0x200013a8   0x00000002   Code   RO           64    .text.NMI_Handler   pt32z192xx_it.o
    0x200013aa   0x200013aa   0x00000002   PAD
    0x200013ac   0x200013ac   0x0000006c   Code   RO          390    .text.NVIC_Init     pt32z192xx_misc.o
    0x20001418   0x20001418   0x00000002   Code   RO           78    .text.PA_Handler    pt32z192xx_it.o
    0x2000141a   0x2000141a   0x00000002   PAD
    0x2000141c   0x2000141c   0x00000002   Code   RO           80    .text.PB_Handler    pt32z192xx_it.o
    0x2000141e   0x2000141e   0x00000002   PAD
    0x20001420   0x20001420   0x00000050   Code   RO           82    .text.PC_Handler    pt32z192xx_it.o
    0x20001470   0x20001470   0x00000002   Code   RO           84    .text.PD_Handler    pt32z192xx_it.o
    0x20001472   0x20001472   0x00000002   PAD
    0x20001474   0x20001474   0x0000001a   Code   RO          402    .text.PMW_TimeBaseInit  pt32z192xx_pwm.o
    0x2000148e   0x2000148e   0x00000002   PAD
    0x20001490   0x20001490   0x0000000c   Code   RO          434    .text.PWM_BKI_LevelConfig  pt32z192xx_pwm.o
    0x2000149c   0x2000149c   0x00000012   Code   RO          432    .text.PWM_BreakInput_Cmd  pt32z192xx_pwm.o
    0x200014ae   0x200014ae   0x00000002   PAD
    0x200014b0   0x200014b0   0x00000004   Code   RO          440    .text.PWM_ClearFlag  pt32z192xx_pwm.o
    0x200014b4   0x200014b4   0x00000010   Code   RO          430    .text.PWM_Cmd       pt32z192xx_pwm.o
    0x200014c4   0x200014c4   0x0000000a   Code   RO          438    .text.PWM_GetFlagStatus  pt32z192xx_pwm.o
    0x200014ce   0x200014ce   0x00000002   PAD
    0x200014d0   0x200014d0   0x00000074   Code   RO          436    .text.PWM_IntConfig  pt32z192xx_pwm.o
    0x20001544   0x20001544   0x000000d6   Code   RO           38    .text.PWM_Mode_Config  bsp.o
    0x2000161a   0x2000161a   0x00000002   PAD
    0x2000161c   0x2000161c   0x00000068   Code   RO          404    .text.PWM_OutputInit  pt32z192xx_pwm.o
    0x20001684   0x20001684   0x00000002   Code   RO           68    .text.PendSV_Handler  pt32z192xx_it.o
    0x20001686   0x20001686   0x00000002   PAD
    0x20001688   0x20001688   0x00000002   Code   RO          120    .text.RTC_Handler   pt32z192xx_it.o
    0x2000168a   0x2000168a   0x00000002   PAD
    0x2000168c   0x2000168c   0x00000070   Code   RO          849    .text.SEGGER_RTT_Init  segger_rtt.o
    0x200016fc   0x200016fc   0x000000b2   Code   RO          813    .text.SEGGER_RTT_Write  segger_rtt.o
    0x200017ae   0x200017ae   0x00000002   PAD
    0x200017b0   0x200017b0   0x00000178   Code   RO          809    .text.SEGGER_RTT_WriteNoLock  segger_rtt.o
    0x20001928   0x20001928   0x0000001e   Code   RO          876    .text.SEGGER_RTT_printf  segger_rtt_printf.o
    0x20001946   0x20001946   0x00000002   PAD
    0x20001948   0x20001948   0x000009ea   Code   RO          872    .text.SEGGER_RTT_vprintf  segger_rtt_printf.o
    0x20002332   0x20002332   0x00000002   PAD
    0x20002334   0x20002334   0x00000028   Code   RO          742    .text.SERIAL_PutChar  pt32z192xx_serial.o
    0x2000235c   0x2000235c   0x00000002   Code   RO           92    .text.SPI0_Handler  pt32z192xx_it.o
    0x2000235e   0x2000235e   0x00000002   PAD
    0x20002360   0x20002360   0x00000002   Code   RO           94    .text.SPI1_Handler  pt32z192xx_it.o
    0x20002362   0x20002362   0x00000002   PAD
    0x20002364   0x20002364   0x00000002   Code   RO           66    .text.SVC_Handler   pt32z192xx_it.o
    0x20002366   0x20002366   0x00000002   PAD
    0x20002368   0x20002368   0x00000022   Code   RO           70    .text.SysTick_Handler  pt32z192xx_it.o
    0x2000238a   0x2000238a   0x00000002   PAD
    0x2000238c   0x2000238c   0x00000180   Code   RO          138    .text.SystemInit    system_pt32z192xx.o
    0x2000250c   0x2000250c   0x00000024   Code   RO          108    .text.TMR0_Handler  pt32z192xx_it.o
    0x20002530   0x20002530   0x00000002   Code   RO          110    .text.TMR1_Handler  pt32z192xx_it.o
    0x20002532   0x20002532   0x00000002   PAD
    0x20002534   0x20002534   0x00000002   Code   RO          112    .text.TMR2_Handler  pt32z192xx_it.o
    0x20002536   0x20002536   0x00000002   PAD
    0x20002538   0x20002538   0x00000002   Code   RO          114    .text.TMR3_Handler  pt32z192xx_it.o
    0x2000253a   0x2000253a   0x00000002   PAD
    0x2000253c   0x2000253c   0x00000002   Code   RO          116    .text.TMR4_Handler  pt32z192xx_it.o
    0x2000253e   0x2000253e   0x00000002   PAD
    0x20002540   0x20002540   0x00000002   Code   RO          118    .text.TMR5_Handler  pt32z192xx_it.o
    0x20002542   0x20002542   0x00000002   PAD
    0x20002544   0x20002544   0x00000002   Code   RO           96    .text.UART0_Handler  pt32z192xx_it.o
    0x20002546   0x20002546   0x00000002   PAD
    0x20002548   0x20002548   0x00000002   Code   RO           98    .text.UART1_Handler  pt32z192xx_it.o
    0x2000254a   0x2000254a   0x00000002   PAD
    0x2000254c   0x2000254c   0x00000054   Code   RO          100    .text.UART2_Handler  pt32z192xx_it.o
    0x200025a0   0x200025a0   0x00000010   Code   RO          574    .text.UART_Cmd      pt32z192xx_uart.o
    0x200025b0   0x200025b0   0x00000010   Code   RO          602    .text.UART_ITConfig  pt32z192xx_uart.o
    0x200025c0   0x200025c0   0x0000009a   Code   RO          570    .text.UART_Init     pt32z192xx_uart.o
    0x2000265a   0x2000265a   0x00000002   PAD
    0x2000265c   0x2000265c   0x0000020c   Code   RO          874    .text._PrintUnsigned  segger_rtt_printf.o
    0x20002868   0x20002868   0x0000010c   Code   RO          967    .text._shell_init   nr_micro_shell.o
    0x20002974   0x20002974   0x0000000e   Code   RO          917    .text.ansi_clear_current_line  ansi.o
    0x20002982   0x20002982   0x00000002   PAD
    0x20002984   0x20002984   0x00000132   Code   RO          919    .text.ansi_get_char  ansi.o
    0x20002ab6   0x20002ab6   0x00000002   PAD
    0x20002ab8   0x20002ab8   0x00000012   Code   RO          915    .text.ansi_init     ansi.o
    0x20002aca   0x20002aca   0x00000002   PAD
    0x20002acc   0x20002acc   0x00000014   Code   RO            6    .text.app           app.o
    0x20002ae0   0x20002ae0   0x00000278   Code   RO           22    .text.bsp_init      bsp.o
    0x20002d58   0x20002d58   0x0000000a   Code   RO          728    .text.fputc         pt32z192xx_retarget.o
    0x20002d62   0x20002d62   0x00000002   PAD
    0x20002d64   0x20002d64   0x00000042   Code   RO           54    .text.main          main.o
    0x20002da6   0x20002da6   0x00000002   PAD
    0x20002da8   0x20002da8   0x000000b8   Code   RO          936    .text.nr_ansi_common_char_slover  ansi_port.o
    0x20002e60   0x20002e60   0x00000032   Code   RO          938    .text.nr_ansi_ctrl_common_slover  ansi_port.o
    0x20002e92   0x20002e92   0x00000002   PAD
    0x20002e94   0x20002e94   0x0000008a   Code   RO          956    .text.nr_ansi_in__  ansi_port.o
    0x20002f1e   0x20002f1e   0x00000002   PAD
    0x20002f20   0x20002f20   0x00000080   Code   RO          944    .text.nr_ansi_in_backspace  ansi_port.o
    0x20002fa0   0x20002fa0   0x0000007e   Code   RO          948    .text.nr_ansi_in_down  ansi_port.o
    0x2000301e   0x2000301e   0x00000002   PAD
    0x20003020   0x20003020   0x00000034   Code   RO          940    .text.nr_ansi_in_enter  ansi_port.o
    0x20003054   0x20003054   0x00000020   Code   RO          950    .text.nr_ansi_in_left  ansi_port.o
    0x20003074   0x20003074   0x00000024   Code   RO          942    .text.nr_ansi_in_newline  ansi_port.o
    0x20003098   0x20003098   0x00000024   Code   RO          952    .text.nr_ansi_in_right  ansi_port.o
    0x200030bc   0x200030bc   0x000000e2   Code   RO          954    .text.nr_ansi_in_tab  ansi_port.o
    0x2000319e   0x2000319e   0x00000002   PAD
    0x200031a0   0x200031a0   0x0000007c   Code   RO          946    .text.nr_ansi_in_up  ansi_port.o
    0x2000321c   0x2000321c   0x000000f4   Code   RO           40    .text.read_uid      bsp.o
    0x20003310   0x20003310   0x00000064   Code   RO          979    .text.shell_cmd_complete  nr_micro_shell.o
    0x20003374   0x20003374   0x00000192   Code   RO          981    .text.shell_his_copy_queue_item  nr_micro_shell.o
    0x20003506   0x20003506   0x00000002   PAD
    0x20003508   0x20003508   0x000000a8   Code   RO          971    .text.shell_his_queue_add_cmd  nr_micro_shell.o
    0x200035b0   0x200035b0   0x000000ae   Code   RO          977    .text.shell_his_queue_search_cmd  nr_micro_shell.o
    0x2000365e   0x2000365e   0x00000002   PAD
    0x20003660   0x20003660   0x00000144   Code   RO          899    .text.shell_ls_cmd  nr_micro_shell_commands.o
    0x200037a4   0x200037a4   0x00000498   Code   RO          975    .text.shell_parser  nr_micro_shell.o
    0x20003c3c   0x20003c3c   0x0000004c   Code   RO          901    .text.shell_test_cmd  nr_micro_shell_commands.o
    0x20003c88   0x20003c88   0x00000012   Code   RO          895    OSKERNEL            hardfaulthandler.o
    0x20003c9a   0x20003c9a   0x00000002   PAD
    0x20003c9c   0x20003c9c   0x00000020   Code   RO         1226    i.__0printf$3       mc_w.l(printf3.o)
    0x20003cbc   0x20003cbc   0x0000000e   Code   RO         1448    i.__scatterload_copy  mc_w.l(handlers.o)
    0x20003cca   0x20003cca   0x00000002   Code   RO         1449    i.__scatterload_null  mc_w.l(handlers.o)
    0x20003ccc   0x20003ccc   0x0000000e   Code   RO         1450    i.__scatterload_zeroinit  mc_w.l(handlers.o)
    0x20003cda   0x20003cda   0x00000002   PAD
    0x20003cdc   0x20003cdc   0x000001b8   Code   RO         1233    i._printf_core      mc_w.l(printf3.o)
    0x20003e94   0x20003e94   0x00000004   Code   RO         1085    i.putc              mc_w.l(putc.o)
    0x20003e98   0x20003e98   0x00000024   Code   RO         1081    i.puts              mc_w.l(puts.o)
    0x20003ebc   0x20003ebc   0x00000081   Data   RO         1096    .constdata          mc_w.l(ctype_o.o)
    0x20003f3d   0x20003f3d   0x00000003   PAD
    0x20003f40   0x20003f40   0x00000004   Data   RO         1097    .constdata          mc_w.l(ctype_o.o)
    0x20003f44   0x20003f44   0x00000018   Data   RO         1049    .rodata.EventRecorderInfo  eventrecorder.o
    0x20003f5c   0x20003f5c   0x00000015   Data   RO          921    .rodata.nr_ansi_in_cmd  ansi.o
    0x20003f71   0x20003f71   0x00000003   PAD
    0x20003f74   0x20003f74   0x00000050   Data   RO          922    .rodata.nr_ansi_in_cmd_fun  ansi.o
    0x20003fc4   0x20003fc4   0x00000010   Data   RO          924    .rodata.nr_ansi_in_special_symbol_fun  ansi.o
    0x20003fd4   0x20003fd4   0x00000014   Data   RO          983    .rodata.nr_shell_cmd0.end  nr_micro_shell.o
    0x20003fe8   0x20003fe8   0x00000014   Data   RO          984    .rodata.nr_shell_cmd1.end  nr_micro_shell.o
    0x20003ffc   0x20003ffc   0x0000003c   Data   RO          903    .rodata.static_cmd  nr_micro_shell_commands.o
    0x20004038   0x20004038   0x0000006c   Data   RO           45    .rodata.str1.1      bsp.o
    0x200040a4   0x200040a4   0x00000011   Data   RO           56    .rodata.str1.1      main.o
    0x200040b5   0x200040b5   0x00000009   Data   RO          861    .rodata.str1.1      segger_rtt.o
    0x200040be   0x200040be   0x00000011   Data   RO          904    .rodata.str1.1      nr_micro_shell_commands.o
    0x200040cf   0x200040cf   0x0000000d   Data   RO          958    .rodata.str1.1      ansi_port.o
    0x200040dc   0x200040dc   0x000000f6   Data   RO          986    .rodata.str1.1      nr_micro_shell.o
    0x200041d2   0x200041d2   0x00000002   PAD
    0x200041d4   0x200041d4   0x00000020   Data   RO         1447    Region$$Table       anon$$obj.o


    Execution Region RW_IRAM1 (Exec base: 0x20010000, Load base: 0x20004200, Size: 0x00001bb0, Max: 0x00010000, ABSOLUTE, COMPRESSED[0x00000040])

    Exec Addr    Load Addr    Size         Type   Attr      Idx    E Section Name        Object

    0x20010000   COMPRESSED   0x00000004   Data   RW         1093    .data               mc_w.l(stdout.o)
    0x20010004   COMPRESSED   0x00000004   Data   RW          140    .data.SystemCoreClock  system_pt32z192xx.o
    0x20010008   COMPRESSED   0x00000004   Data   RW          141    .data.VCO_VALUE     system_pt32z192xx.o
    0x2001000c   COMPRESSED   0x00000134   Data   RW          985    .data.nr_shell      nr_micro_shell.o
    0x20010140        -       0x00000011   Zero   RW          863    .bss..L_MergedGlobals  segger_rtt.o
    0x20010151   COMPRESSED   0x00000003   PAD
    0x20010154        -       0x00000044   Zero   RW          888    .bss..L_MergedGlobals  segger_hardfaulthandler.o
    0x20010198        -       0x00000004   Zero   RW            8    .bss.TimingDelay    app.o
    0x2001019c        -       0x000000a8   Zero   RW          859    .bss._SEGGER_RTT    segger_rtt.o
    0x20010244        -       0x00000400   Zero   RW          862    .bss._acUpBuffer    segger_rtt.o
    0x20010644        -       0x00000004   Zero   RW           10    .bss.key_flag       app.o
    0x20010648        -       0x00000002   Zero   RW           44    .bss.m_AdcValue     bsp.o
    0x2001064a   COMPRESSED   0x00000036   PAD
    0x20010680        -       0x000004a4   Zero   RW         1048    .bss.noinit         eventrecorder.o
    0x20010b24        -       0x00000084   Zero   RW          925    .bss.nr_ansi        ansi.o
    0x20010ba8        -       0x00000004   Zero   RW          987    .bss.nr_shell_strtok.last  nr_micro_shell.o
    0x20010bac        -       0x00000004   Zero   RW            9    .bss.timeval        app.o
    0x20010bb0        -       0x00001000   Zero   RW          148    STACK               startup_pt32z192.o


==============================================================================

Image component sizes


      Code (inc. data)   RO Data    RW Data    ZI Data      Debug   Object Name

       338          6        117          0        132       3099   ansi.o
      1132         32         13          0          0       5133   ansi_port.o
        20          0          0          0         12       1324   app.o
      1090         92        108          0          2       9069   bsp.o
      3642          0         24          0       1188      18164   eventrecorder.o
        18          0          0          0          0        304   hardfaulthandler.o
        66          0         17          0          0        496   main.o
      2288        172        286        308          4       8523   nr_micro_shell.o
       400        188         77          0          0       1506   nr_micro_shell_commands.o
       108          0          0          0          0       3546   pt32z192xx_adc.o
       204          0          0          0          0       5409   pt32z192xx_dma.o
       190          6          0          0          0       7357   pt32z192xx_gpio.o
       272         44          0          0          0       4968   pt32z192xx_it.o
       108          0          0          0          0       2457   pt32z192xx_misc.o
       306          4          0          0          0       8637   pt32z192xx_pwm.o
        10          0          0          0          0       1249   pt32z192xx_retarget.o
        40          0          0          0          0       1082   pt32z192xx_serial.o
       186          0          0          0          0       6289   pt32z192xx_uart.o
       168          0          0          0         68       2747   segger_hardfaulthandler.o
       666          0          9          0       1209      29955   segger_rtt.o
      3092        746          0          0          0       9877   segger_rtt_printf.o
        52         18        304          0       4096        804   startup_pt32z192.o
       384          0          0          8          0       2257   system_pt32z192xx.o

    ----------------------------------------------------------------------
     14876       1308        992        316       6768     134252   Object Totals
         0          0         32          0          0          0   (incl. Generated)
        96          0          5          0         57          0   (incl. Padding)

    ----------------------------------------------------------------------

      Code (inc. data)   RO Data    RW Data    ZI Data      Debug   Library Member Name

        58          0          0          0          0          0   __dczerorl.o
         8          4        133          0          0         68   ctype_o.o
         0          0          0          0          0          0   entry.o
         0          0          0          0          0          0   entry10a.o
         0          0          0          0          0          0   entry11a.o
         8          4          0          0          0          0   entry2.o
         4          0          0          0          0          0   entry5.o
         0          0          0          0          0          0   entry7b.o
         0          0          0          0          0          0   entry8b.o
         8          4          0          0          0          0   entry9a.o
        30          0          0          0          0          0   handlers.o
        36          8          0          0          0         68   init.o
        36          0          0          0          0         68   memcpya.o
        36          0          0          0          0        108   memseta.o
       472         14          0          0          0        184   printf3.o
         4          0          0          0          0         68   putc.o
        36          6          0          0          0         80   puts.o
         0          0          0          4          0          0   stdout.o
        28          0          0          0          0         76   strcmp.o
        18          0          0          0          0         68   strcpy.o
        14          0          0          0          0         68   strlen.o
        36          0          0          0          0         80   strstr.o
        44          0          0          0          0         80   uidiv.o

    ----------------------------------------------------------------------
       880         40        136          4          0       1016   Library Totals
         4          0          3          0          0          0   (incl. Padding)

    ----------------------------------------------------------------------

      Code (inc. data)   RO Data    RW Data    ZI Data      Debug   Library Name

       876         40        133          4          0       1016   mc_w.l

    ----------------------------------------------------------------------
       880         40        136          4          0       1016   Library Totals

    ----------------------------------------------------------------------

==============================================================================


      Code (inc. data)   RO Data    RW Data    ZI Data      Debug   

     15756       1348       1128        320       6768     134684   Grand Totals
     15756       1348       1128         64       6768     134684   ELF Image Totals (compressed)
     15756       1348       1128         64          0          0   ROM Totals

==============================================================================

    Total RO  Size (Code + RO Data)                16884 (  16.49kB)
    Total RW  Size (RW Data + ZI Data)              7088 (   6.92kB)
    Total ROM Size (Code + RO Data + RW Data)      16948 (  16.55kB)

==============================================================================

