Component: ARM Compiler 6.16 Tool: armlink [5dfeaa00]

==============================================================================

Image Symbol Table

    Local Symbols

    Symbol Name                              Value     Ov Type        Size  Object(Section)

    ../clib/angel/boardlib.s                 0x00000000   Number         0  boardinit1.o ABSOLUTE
    ../clib/angel/boardlib.s                 0x00000000   Number         0  boardinit2.o ABSOLUTE
    ../clib/angel/boardlib.s                 0x00000000   Number         0  boardinit3.o ABSOLUTE
    ../clib/angel/boardlib.s                 0x00000000   Number         0  boardshut.o ABSOLUTE
    ../clib/angel/handlers.s                 0x00000000   Number         0  __scatter_copy.o ABSOLUTE
    ../clib/angel/handlers.s                 0x00000000   Number         0  __scatter_zi.o ABSOLUTE
    ../clib/angel/kernel.s                   0x00000000   Number         0  __rtentry.o ABSOLUTE
    ../clib/angel/kernel.s                   0x00000000   Number         0  __rtentry2.o ABSOLUTE
    ../clib/angel/kernel.s                   0x00000000   Number         0  __rtentry4.o ABSOLUTE
    ../clib/angel/kernel.s                   0x00000000   Number         0  rtexit.o ABSOLUTE
    ../clib/angel/kernel.s                   0x00000000   Number         0  rtexit2.o ABSOLUTE
    ../clib/angel/rt.s                       0x00000000   Number         0  rt_ctype_table.o ABSOLUTE
    ../clib/angel/rt.s                       0x00000000   Number         0  rt_locale.o ABSOLUTE
    ../clib/angel/rt.s                       0x00000000   Number         0  rt_locale_intlibspace.o ABSOLUTE
    ../clib/angel/rt.s                       0x00000000   Number         0  rt_ddtor_pointer_addr.o ABSOLUTE
    ../clib/angel/rt.s                       0x00000000   Number         0  rt_ddtor_pointer_addr_intlibspace.o ABSOLUTE
    ../clib/angel/rt.s                       0x00000000   Number         0  rt_raise.o ABSOLUTE
    ../clib/angel/rt.s                       0x00000000   Number         0  rt_heap_descriptor.o ABSOLUTE
    ../clib/angel/rt.s                       0x00000000   Number         0  rt_heap_descriptor_intlibspace.o ABSOLUTE
    ../clib/angel/rt.s                       0x00000000   Number         0  rt_errno_addr.o ABSOLUTE
    ../clib/angel/rt.s                       0x00000000   Number         0  rt_errno_addr_intlibspace.o ABSOLUTE
    ../clib/angel/scatter.s                  0x00000000   Number         0  __scatter.o ABSOLUTE
    ../clib/angel/startup.s                  0x00000000   Number         0  __main.o ABSOLUTE
    ../clib/angel/sys.s                      0x00000000   Number         0  libspace.o ABSOLUTE
    ../clib/angel/sys.s                      0x00000000   Number         0  mutex_dummy.o ABSOLUTE
    ../clib/angel/sys.s                      0x00000000   Number         0  sys_stackheap_outer.o ABSOLUTE
    ../clib/angel/sys.s                      0x00000000   Number         0  use_no_semi.o ABSOLUTE
    ../clib/angel/sys.s                      0x00000000   Number         0  indicate_semi.o ABSOLUTE
    ../clib/angel/sysapp.c                   0x00000000   Number         0  sys_io_names.o ABSOLUTE
    ../clib/angel/sysapp.c                   0x00000000   Number         0  sys_io.o ABSOLUTE
    ../clib/angel/sysapp.c                   0x00000000   Number         0  sys_io_hlt.o ABSOLUTE
    ../clib/angel/sysapp.c                   0x00000000   Number         0  sys_command.o ABSOLUTE
    ../clib/angel/sysapp.c                   0x00000000   Number         0  sys_exit.o ABSOLUTE
    ../clib/angel/sysapp.c                   0x00000000   Number         0  sys_command_hlt.o ABSOLUTE
    ../clib/angel/sysapp.c                   0x00000000   Number         0  sys_exit_hlt.o ABSOLUTE
    ../clib/angel/sysapp.c                   0x00000000   Number         0  sys_wrch.o ABSOLUTE
    ../clib/angel/sysapp.c                   0x00000000   Number         0  sys_wrch_hlt.o ABSOLUTE
    ../clib/arm_runtime.c                    0x00000000   Number         0  init_aeabi.o ABSOLUTE
    ../clib/arm_runtime.c                    0x00000000   Number         0  init_aeabi.o ABSOLUTE
    ../clib/armsys.c                         0x00000000   Number         0  argv_veneer.o ABSOLUTE
    ../clib/armsys.c                         0x00000000   Number         0  argv_veneer.o ABSOLUTE
    ../clib/armsys.c                         0x00000000   Number         0  _get_argv.o ABSOLUTE
    ../clib/armsys.c                         0x00000000   Number         0  _get_argv_nomalloc.o ABSOLUTE
    ../clib/armsys.c                         0x00000000   Number         0  no_argv.o ABSOLUTE
    ../clib/bigflt.c                         0x00000000   Number         0  bigflt0.o ABSOLUTE
    ../clib/btod.s                           0x00000000   Number         0  btod.o ABSOLUTE
    ../clib/btod_accurate.c                  0x00000000   Number         0  btod_accurate.o ABSOLUTE
[...]
    .constdata                               0x20004074   Section       17  __printf_flags_ss_wp.o(.constdata)
    .constdata                               0x20004085   Section        4  sys_io_names.o(.constdata)
    .constdata                               0x20004089   Section        4  sys_io_names.o(.constdata)
    .constdata                               0x2000408d   Section        4  sys_io_names.o(.constdata)
    lc_hextab                                0x20004091   Data          19  _printf_fp_hex.o(.constdata)
    .constdata                               0x20004091   Section       38  _printf_fp_hex.o(.constdata)
    uc_hextab                                0x200040a4   Data          19  _printf_fp_hex.o(.constdata)
    tenpwrs_x                                0x200040b8   Data          60  bigflt0.o(.constdata)
    .constdata                               0x200040b8   Section      148  bigflt0.o(.constdata)
    tenpwrs_i                                0x200040f4   Data          64  bigflt0.o(.constdata)
    _PrintUnsigned._aV2C                     0x2000414c   Data          16  segger_rtt_printf.o(.rodata._PrintUnsigned._aV2C)
    [Anonymous Symbol]                       0x2000414c   Section        0  segger_rtt_printf.o(.rodata._PrintUnsigned._aV2C)
    __tagsym$$used.0                         0x2000415c   Number         0  nr_micro_shell.o(.rodata.nr_shell_cmd0.end)
    __tagsym$$used.1                         0x20004170   Number         0  nr_micro_shell.o(.rodata.nr_shell_cmd1.end)
    s_AdcHclkPresTable                       0x20004184   Data          16  n32g4fr_rcc.o(.rodata.s_AdcHclkPresTable)
    [Anonymous Symbol]                       0x20004184   Section        0  n32g4fr_rcc.o(.rodata.s_AdcHclkPresTable)
    s_AdcPllClkPresTable                     0x20004194   Data          32  n32g4fr_rcc.o(.rodata.s_AdcPllClkPresTable)
    [Anonymous Symbol]                       0x20004194   Section        0  n32g4fr_rcc.o(.rodata.s_AdcPllClkPresTable)
    s_ApbAhbPresTable                        0x200041b4   Data          16  n32g4fr_rcc.o(.rodata.s_ApbAhbPresTable)
    [Anonymous Symbol]                       0x200041b4   Section        0  n32g4fr_rcc.o(.rodata.s_ApbAhbPresTable)
    .L.str                                   0x200041c4   Data          11  app.o(.rodata.str1.1)
    [Anonymous Symbol]                       0x200041c4   Section        0  app.o(.rodata.str1.1)
    .L.str                                   0x200041cf   Data          19  n32g4fr_it.o(.rodata.str1.1)
    [Anonymous Symbol]                       0x200041cf   Section        0  n32g4fr_it.o(.rodata.str1.1)
    .L.str.2                                 0x200041e2   Data           7  segger_rtt.o(.rodata.str1.1)
    [Anonymous Symbol]                       0x200041e2   Section        0  segger_rtt.o(.rodata.str1.1)
    .L.str.1                                 0x200041e9   Data           4  segger_rtt.o(.rodata.str1.1)
    .L.str                                   0x200041ed   Data           9  segger_rtt.o(.rodata.str1.1)
    locale$$data                             0x20004218   Section      272  lc_ctype_c.o(locale$$data)
    __lcctype_c_name                         0x2000421c   Data           2  lc_ctype_c.o(locale$$data)
    __lcctype_c_start                        0x20004224   Data           0  lc_ctype_c.o(locale$$data)
    __lcctype_c_end                          0x20004328   Data           0  lc_ctype_c.o(locale$$data)
    locale$$data                             0x20004328   Section       28  lc_numeric_c.o(locale$$data)
    __lcnum_c_name                           0x2000432c   Data           2  lc_numeric_c.o(locale$$data)
    __lcnum_c_start                          0x20004334   Data           0  lc_numeric_c.o(locale$$data)
    __lcnum_c_point                          0x20004340   Data           0  lc_numeric_c.o(locale$$data)
    __lcnum_c_thousands                      0x20004342   Data           0  lc_numeric_c.o(locale$$data)
    __lcnum_c_grouping                       0x20004343   Data           0  lc_numeric_c.o(locale$$data)
    __lcnum_c_end                            0x20004344   Data           0  lc_numeric_c.o(locale$$data)
    .init_array                              0x20004348   Section        0  init_aeabi.o(.init_array)
    .data                                    0x20010000   Section        4  stdio_streams.o(.data)
    .data                                    0x20010004   Section        4  stdio_streams.o(.data)
    .data                                    0x20010008   Section        4  stdio_streams.o(.data)
    .bss                                     0x20010028   Section       84  stdio_streams.o(.bss)
    .bss                                     0x2001007c   Section       84  stdio_streams.o(.bss)
    .bss                                     0x200100d0   Section       84  stdio_streams.o(.bss)
    .bss                                     0x20010124   Section       96  libspace.o(.bss)
    HardFaultRegs                            0x200120c4   Data          64  segger_hardfaulthandler.o(.bss.HardFaultRegs)
    [Anonymous Symbol]                       0x200120c4   Section        0  segger_hardfaulthandler.o(.bss.HardFaultRegs)
    _Continue                                0x20012104   Data           4  segger_hardfaulthandler.o(.bss._Continue)
    [Anonymous Symbol]                       0x20012104   Section        0  segger_hardfaulthandler.o(.bss._Continue)
    _acDownBuffer                            0x200121b0   Data          16  segger_rtt.o(.bss._acDownBuffer)
    [Anonymous Symbol]                       0x200121b0   Section        0  segger_rtt.o(.bss._acDownBuffer)
    _acUpBuffer                              0x200121c0   Data        1024  segger_rtt.o(.bss._acUpBuffer)
    [Anonymous Symbol]                       0x200121c0   Section        0  segger_rtt.o(.bss._acUpBuffer)
    Heap_Mem                                 0x200125d0   Data         256  startup_n32g4fr.o(HEAP)
    HEAP                                     0x200125d0   Section      256  startup_n32g4fr.o(HEAP)
    Stack_Mem                                0x200126d0   Data        4096  startup_n32g4fr.o(STACK)
    STACK                                    0x200126d0   Section     4096  startup_n32g4fr.o(STACK)
    __initial_sp                             0x200136d0   Data           0  startup_n32g4fr.o(STACK)

    Global Symbols

    Symbol Name                              Value     Ov Type        Size  Object(Section)

    BuildAttributes$$THM_ISAv4$E$P$D$K$B$S$7EM$VFPi3$EXTD16$VFPS$VFMA$PE$A:L22UL41UL21$X:L11$S22US41US21$IEEE1$IW$~IW$USESV6$~STKCKD$USESV7$~SHL$OTIME$ROPI$IEEEJ$EBA8$UX$STANDARDLIB$REQ8$PRES8$EABIv2 0x00000000   Number         0  anon$$obj.o ABSOLUTE
    _printf_flags                            0x00000000   Number         0  printf_stubs.o ABSOLUTE
    _printf_return_value                     0x00000000   Number         0  printf_stubs.o ABSOLUTE
    _printf_sizespec                         0x00000000   Number         0  printf_stubs.o ABSOLUTE
    _printf_widthprec                        0x00000000   Number         0  printf_stubs.o ABSOLUTE
    __ARM_exceptions_init                     - Undefined Weak Reference
    __alloca_initialize                       - Undefined Weak Reference
    __arm_preinit_                            - Undefined Weak Reference
    __sigvec_lookup                           - Undefined Weak Reference
    __user_heap_extent                        - Undefined Weak Reference
    _atexit_init                              - Undefined Weak Reference
    _call_atexit_fns                          - Undefined Weak Reference
    _clock_init                               - Undefined Weak Reference
    _fp_trap_init                             - Undefined Weak Reference
    _fp_trap_shutdown                         - Undefined Weak Reference
    _get_lc_collate                           - Undefined Weak Reference
    _get_lc_monetary                          - Undefined Weak Reference
    _get_lc_time                              - Undefined Weak Reference
    _getenv_init                              - Undefined Weak Reference
    _handle_redirection                       - Undefined Weak Reference
    _mutex_acquire                            - Undefined Weak Reference
    _mutex_free                               - Undefined Weak Reference
    _mutex_release                            - Undefined Weak Reference
    _printf_mbtowc                            - Undefined Weak Reference
    _printf_wc                                - Undefined Weak Reference
    _rand_init                                - Undefined Weak Reference
    _signal_finish                            - Undefined Weak Reference
    _signal_init                              - Undefined Weak Reference
    __Vectors_Size                           0x00000198   Number         0  startup_n32g4fr.o ABSOLUTE
    __Vectors                                0x20000000   Data           4  startup_n32g4fr.o(RESET)
    __dso_handle                             0x20000000   Number         0  startup_n32g4fr.o(RESET)
    __Vectors_End                            0x20000198   Data           0  startup_n32g4fr.o(RESET)
    __main                                   0x20000199   Thumb Code     8  __main.o(!!!main)
    __scatterload                            0x200001a1   Thumb Code     0  __scatter.o(!!!scatter)
    __scatterload_rt2                        0x200001a1   Thumb Code    44  __scatter.o(!!!scatter)
    __scatterload_rt2_thumb_only             0x200001a1   Thumb Code     0  __scatter.o(!!!scatter)
    __scatterload_null                       0x200001af   Thumb Code     0  __scatter.o(!!!scatter)
    __scatterload_copy                       0x200001d5   Thumb Code    26  __scatter_copy.o(!!handler_copy)
    __scatterload_zeroinit                   0x200001f1   Thumb Code    28  __scatter_zi.o(!!handler_zi)
    _printf_n                                0x2000020d   Thumb Code     0  _printf_n.o(.ARM.Collect$$_printf_percent$$00000001)
    _printf_percent                          0x2000020d   Thumb Code     0  _printf_percent.o(.ARM.Collect$$_printf_percent$$00000000)
    _printf_p                                0x20000213   Thumb Code     0  _printf_p.o(.ARM.Collect$$_printf_percent$$00000002)
    _printf_f                                0x20000219   Thumb Code     0  _printf_f.o(.ARM.Collect$$_printf_percent$$00000003)
    _printf_e                                0x2000021f   Thumb Code     0  _printf_e.o(.ARM.Collect$$_printf_percent$$00000004)
    _printf_g                                0x20000225   Thumb Code     0  _printf_g.o(.ARM.Collect$$_printf_percent$$00000005)
    _printf_a                                0x2000022b   Thumb Code     0  _printf_a.o(.ARM.Collect$$_printf_percent$$00000006)
    _printf_ll                               0x20000231   Thumb Code     0  _printf_ll.o(.ARM.Collect$$_printf_percent$$00000007)
    _printf_i                                0x2000023b   Thumb Code     0  _printf_i.o(.ARM.Collect$$_printf_percent$$00000008)
    _printf_d                                0x20000241   Thumb Code     0  _printf_d.o(.ARM.Collect$$_printf_percent$$00000009)
    _printf_u                                0x20000247   Thumb Code     0  _printf_u.o(.ARM.Collect$$_printf_percent$$0000000A)
    _printf_o                                0x2000024d   Thumb Code     0  _printf_o.o(.ARM.Collect$$_printf_percent$$0000000B)
    _printf_x                                0x20000253   Thumb Code     0  _printf_x.o(.ARM.Collect$$_printf_percent$$0000000C)
    _printf_lli                              0x20000259   Thumb Code     0  _printf_lli.o(.ARM.Collect$$_printf_percent$$0000000D)
    _printf_lld                              0x2000025f   Thumb Code     0  _printf_lld.o(.ARM.Collect$$_printf_percent$$0000000E)
    _printf_llu                              0x20000265   Thumb Code     0  _printf_llu.o(.ARM.Collect$$_printf_percent$$0000000F)
    _printf_llo                              0x2000026b   Thumb Code     0  _printf_llo.o(.ARM.Collect$$_printf_percent$$00000010)
    _printf_llx                              0x20000271   Thumb Code     0  _printf_llx.o(.ARM.Collect$$_printf_percent$$00000011)
    _printf_l                                0x20000277   Thumb Code     0  _printf_l.o(.ARM.Collect$$_printf_percent$$00000012)
    _printf_c                                0x20000281   Thumb Code     0  _printf_c.o(.ARM.Collect$$_printf_percent$$00000013)
    _printf_s                                0x20000287   Thumb Code     0  _printf_s.o(.ARM.Collect$$_printf_percent$$00000014)
    _printf_lc                               0x2000028d   Thumb Code     0  _printf_lc.o(.ARM.Collect$$_printf_percent$$00000015)
    _printf_ls                               0x20000293   Thumb Code     0  _printf_ls.o(.ARM.Collect$$_printf_percent$$00000016)
    _printf_percent_end                      0x20000299   Thumb Code     0  _printf_percent_end.o(.ARM.Collect$$_printf_percent$$00000017)
    __rt_lib_init                            0x2000029d   Thumb Code     0  libinit.o(.ARM.Collect$$libinit$$00000000)
    __rt_lib_init_fp_1                       0x2000029f   Thumb Code     0  libinit2.o(.ARM.Collect$$libinit$$00000001)
    __rt_lib_init_heap_2                     0x200002a3   Thumb Code     0  libinit2.o(.ARM.Collect$$libinit$$00000005)
    __rt_lib_init_preinit_1                  0x200002a3   Thumb Code     0  libinit2.o(.ARM.Collect$$libinit$$00000004)
    __rt_lib_init_heap_1                     0x200002ab   Thumb Code     0  libinit2.o(.ARM.Collect$$libinit$$0000000A)
    __rt_lib_init_lc_common                  0x200002ab   Thumb Code     0  libinit2.o(.ARM.Collect$$libinit$$0000000F)
    __rt_lib_init_rand_1                     0x200002ab   Thumb Code     0  libinit2.o(.ARM.Collect$$libinit$$0000000E)
    __rt_lib_init_user_alloc_1               0x200002ab   Thumb Code     0  libinit2.o(.ARM.Collect$$libinit$$0000000C)
    __rt_lib_init_lc_collate_1               0x200002b1   Thumb Code     0  libinit2.o(.ARM.Collect$$libinit$$00000011)
    __rt_lib_init_lc_ctype_2                 0x200002b1   Thumb Code     0  libinit2.o(.ARM.Collect$$libinit$$00000012)
    __rt_lib_init_lc_ctype_1                 0x200002bd   Thumb Code     0  libinit2.o(.ARM.Collect$$libinit$$00000013)
    __rt_lib_init_lc_monetary_1              0x200002bd   Thumb Code     0  libinit2.o(.ARM.Collect$$libinit$$00000015)
    __rt_lib_init_lc_numeric_2               0x200002bd   Thumb Code     0  libinit2.o(.ARM.Collect$$libinit$$00000016)
    __rt_lib_init_atexit_1                   0x200002c7   Thumb Code     0  libinit2.o(.ARM.Collect$$libinit$$0000001B)
    __rt_lib_init_clock_1                    0x200002c7   Thumb Code     0  libinit2.o(.ARM.Collect$$libinit$$00000021)
    __rt_lib_init_fp_trap_1                  0x200002c7   Thumb Code     0  libinit2.o(.ARM.Collect$$libinit$$0000001F)
    __rt_lib_init_getenv_1                   0x200002c7   Thumb Code     0  libinit2.o(.ARM.Collect$$libinit$$00000023)
    __rt_lib_init_lc_numeric_1               0x200002c7   Thumb Code     0  libinit2.o(.ARM.Collect$$libinit$$00000017)
    __rt_lib_init_lc_time_1                  0x200002c7   Thumb Code     0  libinit2.o(.ARM.Collect$$libinit$$00000019)
    __rt_lib_init_signal_1                   0x200002c7   Thumb Code     0  libinit2.o(.ARM.Collect$$libinit$$0000001D)
    __rt_lib_init_stdio_2                    0x200002c7   Thumb Code     0  libinit2.o(.ARM.Collect$$libinit$$00000024)
    __rt_lib_init_alloca_1                   0x200002cb   Thumb Code     0  libinit2.o(.ARM.Collect$$libinit$$0000002E)
    __rt_lib_init_argv_1                     0x200002cb   Thumb Code     0  libinit2.o(.ARM.Collect$$libinit$$0000002C)
    __rt_lib_init_cpp_2                      0x200002cb   Thumb Code     0  libinit2.o(.ARM.Collect$$libinit$$00000031)
    __rt_lib_init_exceptions_1               0x200002cb   Thumb Code     0  libinit2.o(.ARM.Collect$$libinit$$00000030)
    __rt_lib_init_stdio_1                    0x200002cb   Thumb Code     0  libinit2.o(.ARM.Collect$$libinit$$00000025)
    __rt_lib_init_cpp_1                      0x200002cf   Thumb Code     0  libinit2.o(.ARM.Collect$$libinit$$00000032)
    __rt_lib_init_return                     0x200002cf   Thumb Code     0  libinit2.o(.ARM.Collect$$libinit$$00000033)
    __rt_lib_shutdown                        0x200002d1   Thumb Code     0  libshutdown.o(.ARM.Collect$$libshutdown$$00000000)
    __rt_lib_shutdown_cpp_2                  0x200002d3   Thumb Code     0  libshutdown2.o(.ARM.Collect$$libshutdown$$00000001)
    __rt_lib_shutdown_cpp_1                  0x200002d9   Thumb Code     0  libshutdown2.o(.ARM.Collect$$libshutdown$$00000002)
    __rt_lib_shutdown_stdio_2                0x200002d9   Thumb Code     0  libshutdown2.o(.ARM.Collect$$libshutdown$$00000003)
    __rt_lib_shutdown_fp_trap_1              0x200002dd   Thumb Code     0  libshutdown2.o(.ARM.Collect$$libshutdown$$00000007)
    __rt_lib_shutdown_heap_1                 0x200002dd   Thumb Code     0  libshutdown2.o(.ARM.Collect$$libshutdown$$0000000F)
    __rt_lib_shutdown_return                 0x200002dd   Thumb Code     0  libshutdown2.o(.ARM.Collect$$libshutdown$$00000010)
    __rt_lib_shutdown_signal_1               0x200002dd   Thumb Code     0  libshutdown2.o(.ARM.Collect$$libshutdown$$0000000A)
    __rt_lib_shutdown_stdio_1                0x200002dd   Thumb Code     0  libshutdown2.o(.ARM.Collect$$libshutdown$$00000004)
    __rt_lib_shutdown_user_alloc_1           0x200002dd   Thumb Code     0  libshutdown2.o(.ARM.Collect$$libshutdown$$0000000C)
    __rt_entry                               0x200002df   Thumb Code     0  __rtentry.o(.ARM.Collect$$rtentry$$00000000)
    __rt_entry_presh_1                       0x200002df   Thumb Code     0  __rtentry2.o(.ARM.Collect$$rtentry$$00000002)
    __rt_entry_sh                            0x200002df   Thumb Code     0  __rtentry4.o(.ARM.Collect$$rtentry$$00000004)
    __rt_entry_li                            0x200002e5   Thumb Code     0  __rtentry2.o(.ARM.Collect$$rtentry$$0000000A)
    __rt_entry_postsh_1                      0x200002e5   Thumb Code     0  __rtentry2.o(.ARM.Collect$$rtentry$$00000009)
    __rt_entry_main                          0x200002e9   Thumb Code     0  __rtentry2.o(.ARM.Collect$$rtentry$$0000000D)
    __rt_entry_postli_1                      0x200002e9   Thumb Code     0  __rtentry2.o(.ARM.Collect$$rtentry$$0000000C)
    __rt_exit                                0x200002f1   Thumb Code     0  rtexit.o(.ARM.Collect$$rtexit$$00000000)
    __rt_exit_ls                             0x200002f3   Thumb Code     0  rtexit2.o(.ARM.Collect$$rtexit$$00000003)
    __rt_exit_prels_1                        0x200002f3   Thumb Code     0  rtexit2.o(.ARM.Collect$$rtexit$$00000002)
    __rt_exit_exit                           0x200002f7   Thumb Code     0  rtexit2.o(.ARM.Collect$$rtexit$$00000004)
    Reset_Handler                            0x200002fd   Thumb Code     8  startup_n32g4fr.o(.text)
    PendSV_Handler                           0x20000313   Thumb Code     2  startup_n32g4fr.o(.text)
    ADC1_2_IRQHandler                        0x20000317   Thumb Code     0  startup_n32g4fr.o(.text)
    ADC3_4_IRQHandler                        0x20000317   Thumb Code     0  startup_n32g4fr.o(.text)
    CAN1_RX1_IRQHandler                      0x20000317   Thumb Code     0  startup_n32g4fr.o(.text)
    CAN1_SCE_IRQHandler                      0x20000317   Thumb Code     0  startup_n32g4fr.o(.text)
    CAN2_RX0_IRQHandler                      0x20000317   Thumb Code     0  startup_n32g4fr.o(.text)
    CAN2_RX1_IRQHandler                      0x20000317   Thumb Code     0  startup_n32g4fr.o(.text)
    CAN2_SCE_IRQHandler                      0x20000317   Thumb Code     0  startup_n32g4fr.o(.text)
    CAN2_TX_IRQHandler                       0x20000317   Thumb Code     0  startup_n32g4fr.o(.text)
    COMP7_IRQHandler                         0x20000317   Thumb Code     0  startup_n32g4fr.o(.text)
    COMP_1_2_3_IRQHandler                    0x20000317   Thumb Code     0  startup_n32g4fr.o(.text)
    COMP_4_5_6_IRQHandler                    0x20000317   Thumb Code     0  startup_n32g4fr.o(.text)
    DMA1_Channel1_IRQHandler                 0x20000317   Thumb Code     0  startup_n32g4fr.o(.text)
    DMA1_Channel2_IRQHandler                 0x20000317   Thumb Code     0  startup_n32g4fr.o(.text)
    DMA1_Channel3_IRQHandler                 0x20000317   Thumb Code     0  startup_n32g4fr.o(.text)
    DMA1_Channel4_IRQHandler                 0x20000317   Thumb Code     0  startup_n32g4fr.o(.text)
    DMA1_Channel5_IRQHandler                 0x20000317   Thumb Code     0  startup_n32g4fr.o(.text)
    DMA1_Channel6_IRQHandler                 0x20000317   Thumb Code     0  startup_n32g4fr.o(.text)
    DMA1_Channel7_IRQHandler                 0x20000317   Thumb Code     0  startup_n32g4fr.o(.text)
    DMA1_Channel8_IRQHandler                 0x20000317   Thumb Code     0  startup_n32g4fr.o(.text)
    DMA2_Channel1_IRQHandler                 0x20000317   Thumb Code     0  startup_n32g4fr.o(.text)
    DMA2_Channel2_IRQHandler                 0x20000317   Thumb Code     0  startup_n32g4fr.o(.text)
    DMA2_Channel3_IRQHandler                 0x20000317   Thumb Code     0  startup_n32g4fr.o(.text)
    DMA2_Channel4_IRQHandler                 0x20000317   Thumb Code     0  startup_n32g4fr.o(.text)
    DMA2_Channel5_IRQHandler                 0x20000317   Thumb Code     0  startup_n32g4fr.o(.text)
    DMA2_Channel6_IRQHandler                 0x20000317   Thumb Code     0  startup_n32g4fr.o(.text)
    DMA2_Channel7_IRQHandler                 0x20000317   Thumb Code     0  startup_n32g4fr.o(.text)
    DMA2_Channel8_IRQHandler                 0x20000317   Thumb Code     0  startup_n32g4fr.o(.text)
    DVP_IRQHandler                           0x20000317   Thumb Code     0  startup_n32g4fr.o(.text)
    ETH_IRQHandler                           0x20000317   Thumb Code     0  startup_n32g4fr.o(.text)
    ETH_WKUP_IRQHandler                      0x20000317   Thumb Code     0  startup_n32g4fr.o(.text)
    EXTI0_IRQHandler                         0x20000317   Thumb Code     0  startup_n32g4fr.o(.text)
    EXTI15_10_IRQHandler                     0x20000317   Thumb Code     0  startup_n32g4fr.o(.text)
    EXTI1_IRQHandler                         0x20000317   Thumb Code     0  startup_n32g4fr.o(.text)
    EXTI2_IRQHandler                         0x20000317   Thumb Code     0  startup_n32g4fr.o(.text)
    EXTI3_IRQHandler                         0x20000317   Thumb Code     0  startup_n32g4fr.o(.text)
    EXTI4_IRQHandler                         0x20000317   Thumb Code     0  startup_n32g4fr.o(.text)
    EXTI9_5_IRQHandler                       0x20000317   Thumb Code     0  startup_n32g4fr.o(.text)
    FLASH_IRQHandler                         0x20000317   Thumb Code     0  startup_n32g4fr.o(.text)
    I2C1_ER_IRQHandler                       0x20000317   Thumb Code     0  startup_n32g4fr.o(.text)
    I2C1_EV_IRQHandler                       0x20000317   Thumb Code     0  startup_n32g4fr.o(.text)
    I2C2_ER_IRQHandler                       0x20000317   Thumb Code     0  startup_n32g4fr.o(.text)
    I2C2_EV_IRQHandler                       0x20000317   Thumb Code     0  startup_n32g4fr.o(.text)
    I2C3_ER_IRQHandler                       0x20000317   Thumb Code     0  startup_n32g4fr.o(.text)
    I2C3_EV_IRQHandler                       0x20000317   Thumb Code     0  startup_n32g4fr.o(.text)
    I2C4_ER_IRQHandler                       0x20000317   Thumb Code     0  startup_n32g4fr.o(.text)
    I2C4_EV_IRQHandler                       0x20000317   Thumb Code     0  startup_n32g4fr.o(.text)
    MMU_IRQHandler                           0x20000317   Thumb Code     0  startup_n32g4fr.o(.text)
    PVD_IRQHandler                           0x20000317   Thumb Code     0  startup_n32g4fr.o(.text)
    QSPI_IRQHandler                          0x20000317   Thumb Code     0  startup_n32g4fr.o(.text)
    RCC_IRQHandler                           0x20000317   Thumb Code     0  startup_n32g4fr.o(.text)
    RSRAM_IRQHandler                         0x20000317   Thumb Code     0  startup_n32g4fr.o(.text)
    RTCAlarm_IRQHandler                      0x20000317   Thumb Code     0  startup_n32g4fr.o(.text)
    RTC_WKUP_IRQHandler                      0x20000317   Thumb Code     0  startup_n32g4fr.o(.text)
    SAC_IRQHandler                           0x20000317   Thumb Code     0  startup_n32g4fr.o(.text)
    SDIO_IRQHandler                          0x20000317   Thumb Code     0  startup_n32g4fr.o(.text)
    SPI1_IRQHandler                          0x20000317   Thumb Code     0  startup_n32g4fr.o(.text)
    SPI2_IRQHandler                          0x20000317   Thumb Code     0  startup_n32g4fr.o(.text)
    SPI3_IRQHandler                          0x20000317   Thumb Code     0  startup_n32g4fr.o(.text)
    TAMPER_IRQHandler                        0x20000317   Thumb Code     0  startup_n32g4fr.o(.text)
    TIM1_BRK_IRQHandler                      0x20000317   Thumb Code     0  startup_n32g4fr.o(.text)
    TIM1_CC_IRQHandler                       0x20000317   Thumb Code     0  startup_n32g4fr.o(.text)
    TIM1_TRG_COM_IRQHandler                  0x20000317   Thumb Code     0  startup_n32g4fr.o(.text)
    TIM1_UP_IRQHandler                       0x20000317   Thumb Code     0  startup_n32g4fr.o(.text)
    TIM2_IRQHandler                          0x20000317   Thumb Code     0  startup_n32g4fr.o(.text)
    TIM3_IRQHandler                          0x20000317   Thumb Code     0  startup_n32g4fr.o(.text)
    TIM4_IRQHandler                          0x20000317   Thumb Code     0  startup_n32g4fr.o(.text)
    TIM5_IRQHandler                          0x20000317   Thumb Code     0  startup_n32g4fr.o(.text)
    TIM6_IRQHandler                          0x20000317   Thumb Code     0  startup_n32g4fr.o(.text)
    TIM7_IRQHandler                          0x20000317   Thumb Code     0  startup_n32g4fr.o(.text)
    TIM8_BRK_IRQHandler                      0x20000317   Thumb Code     0  startup_n32g4fr.o(.text)
    TIM8_CC_IRQHandler                       0x20000317   Thumb Code     0  startup_n32g4fr.o(.text)
    TIM8_TRG_COM_IRQHandler                  0x20000317   Thumb Code     0  startup_n32g4fr.o(.text)
    TIM8_UP_IRQHandler                       0x20000317   Thumb Code     0  startup_n32g4fr.o(.text)
    TSC_IRQHandler                           0x20000317   Thumb Code     0  startup_n32g4fr.o(.text)
    UART4_IRQHandler                         0x20000317   Thumb Code     0  startup_n32g4fr.o(.text)
    UART5_IRQHandler                         0x20000317   Thumb Code     0  startup_n32g4fr.o(.text)
    UART6_IRQHandler                         0x20000317   Thumb Code     0  startup_n32g4fr.o(.text)
    UART7_IRQHandler                         0x20000317   Thumb Code     0  startup_n32g4fr.o(.text)
    USART1_IRQHandler                        0x20000317   Thumb Code     0  startup_n32g4fr.o(.text)
    USART2_IRQHandler                        0x20000317   Thumb Code     0  startup_n32g4fr.o(.text)
    USBWakeUp_IRQHandler                     0x20000317   Thumb Code     0  startup_n32g4fr.o(.text)
    USB_HP_CAN1_TX_IRQHandler                0x20000317   Thumb Code     0  startup_n32g4fr.o(.text)
    USB_LP_CAN1_RX0_IRQHandler               0x20000317   Thumb Code     0  startup_n32g4fr.o(.text)
    WWDG_IRQHandler                          0x20000317   Thumb Code     0  startup_n32g4fr.o(.text)
    XFMC_IRQHandler                          0x20000317   Thumb Code     0  startup_n32g4fr.o(.text)
    __user_initial_stackheap                 0x20000319   Thumb Code     0  startup_n32g4fr.o(.text)
    __rt_ctype_table                         0x2000033d   Thumb Code    16  rt_ctype_table.o(.text)
    printf                                   0x2000034d   Thumb Code    20  printf.o(.text)
    __cxa_atexit                             0x20000365   Thumb Code    10  cxa_atexit.o(.text)
    strcpy                                   0x2000036f   Thumb Code    72  strcpy.o(.text)
    strlen                                   0x200003b7   Thumb Code    62  strlen.o(.text)
    __aeabi_memcpy                           0x200003f5   Thumb Code     0  rt_memcpy_v6.o(.text)
    __rt_memcpy                              0x200003f5   Thumb Code   138  rt_memcpy_v6.o(.text)
    _memcpy_lastbytes                        0x2000045b   Thumb Code     0  rt_memcpy_v6.o(.text)
    __aeabi_memclr                           0x2000047f   Thumb Code     0  rt_memclr.o(.text)
    __rt_memclr                              0x2000047f   Thumb Code     0  rt_memclr.o(.text)
    _memset                                  0x20000483   Thumb Code    64  rt_memclr.o(.text)
    strcmp                                   0x200004c9   Thumb Code   124  strcmpv7em.o(.text)
    __use_two_region_memory                  0x20000545   Thumb Code     2  heapauxi.o(.text)
    __rt_heap_escrow                         0x20000547   Thumb Code     2  heapauxi.o(.text)
    __rt_heap_expand                         0x20000549   Thumb Code     2  heapauxi.o(.text)
    __cpp_initialize__aeabi_                 0x2000054d   Thumb Code    28  init_aeabi.o(.text)
    __rt_locale                              0x20000571   Thumb Code     8  rt_locale_intlibspace.o(.text)
    _printf_pre_padding                      0x20000579   Thumb Code    44  _printf_pad.o(.text)
    _printf_post_padding                     0x200005a5   Thumb Code    34  _printf_pad.o(.text)
    _printf_truncate_signed                  0x200005c7   Thumb Code    18  _printf_truncate.o(.text)
    _printf_truncate_unsigned                0x200005d9   Thumb Code    18  _printf_truncate.o(.text)
    _printf_str                              0x200005eb   Thumb Code    82  _printf_str.o(.text)
    _printf_int_dec                          0x2000063d   Thumb Code   104  _printf_dec.o(.text)
    _printf_charcount                        0x200006b5   Thumb Code    40  _printf_charcount.o(.text)
    _printf_char_file                        0x200006dd   Thumb Code    32  _printf_char_file.o(.text)
    _printf_wctomb                           0x20000701   Thumb Code   182  _printf_wctomb.o(.text)
    _printf_longlong_dec                     0x200007bd   Thumb Code   108  _printf_longlong_dec.o(.text)
    _printf_longlong_oct                     0x20000839   Thumb Code    68  _printf_oct_int_ll.o(.text)
    _printf_int_oct                          0x2000087d   Thumb Code    24  _printf_oct_int_ll.o(.text)
    _printf_ll_oct                           0x20000895   Thumb Code    12  _printf_oct_int_ll.o(.text)
    _printf_longlong_hex                     0x200008a9   Thumb Code    86  _printf_hex_int_ll_ptr.o(.text)
    _printf_int_hex                          0x200008ff   Thumb Code    28  _printf_hex_int_ll_ptr.o(.text)
    _printf_ll_hex                           0x2000091b   Thumb Code    12  _printf_hex_int_ll_ptr.o(.text)
    _printf_hex_ptr                          0x20000927   Thumb Code    18  _printf_hex_int_ll_ptr.o(.text)
    __printf                                 0x2000093d   Thumb Code   388  __printf_flags_ss_wp.o(.text)
    _initio                                  0x20000ac5   Thumb Code   210  initio.o(.text)
    _terminateio                             0x20000b97   Thumb Code    56  initio.o(.text)
    __aeabi_atexit                           0x20000bfd   Thumb Code    46  aeabi_atexit.o(.text)
    __aeabi_memcpy4                          0x20000c2b   Thumb Code     0  rt_memcpy_w.o(.text)
    __aeabi_memcpy8                          0x20000c2b   Thumb Code     0  rt_memcpy_w.o(.text)
    __rt_memcpy_w                            0x20000c2b   Thumb Code   100  rt_memcpy_w.o(.text)
    _memcpy_lastbytes_aligned                0x20000c73   Thumb Code     0  rt_memcpy_w.o(.text)
    __aeabi_memclr4                          0x20000c8f   Thumb Code     0  rt_memclr_w.o(.text)
    __aeabi_memclr8                          0x20000c8f   Thumb Code     0  rt_memclr_w.o(.text)
    __rt_memclr_w                            0x20000c8f   Thumb Code     0  rt_memclr_w.o(.text)
    _memset_w                                0x20000c93   Thumb Code    74  rt_memclr_w.o(.text)
    __user_libspace                          0x20000cdd   Thumb Code     8  libspace.o(.text)
    __user_perproc_libspace                  0x20000cdd   Thumb Code     0  libspace.o(.text)
    __user_perthread_libspace                0x20000cdd   Thumb Code     0  libspace.o(.text)
    __rt_ddtor_pointer_addr                  0x20000ce5   Thumb Code     8  rt_ddtor_pointer_addr_intlibspace.o(.text)
    malloc                                   0x20000ced   Thumb Code    94  h1_alloc.o(.text)
    free                                     0x20000d4b   Thumb Code    78  h1_free.o(.text)
    _ll_udiv10                               0x20000d99   Thumb Code   138  lludiv10.o(.text)
    _printf_int_common                       0x20000e23   Thumb Code   178  _printf_intcommon.o(.text)
    _printf_fp_dec_real                      0x20001085   Thumb Code   620  _printf_fp_dec.o(.text)
    _printf_fp_hex_real                      0x200012f1   Thumb Code   756  _printf_fp_hex.o(.text)
    _printf_char_common                      0x200015f7   Thumb Code    32  _printf_char_common.o(.text)
    _printf_cs_common                        0x2000161d   Thumb Code    20  _printf_char.o(.text)
    _printf_char                             0x20001631   Thumb Code    16  _printf_char.o(.text)
    _printf_string                           0x20001641   Thumb Code     8  _printf_char.o(.text)
    _printf_lcs_common                       0x20001649   Thumb Code    20  _printf_wchar.o(.text)
    _printf_wchar                            0x2000165d   Thumb Code    16  _printf_wchar.o(.text)
    _printf_wstring                          0x2000166d   Thumb Code     8  _printf_wchar.o(.text)
    ferror                                   0x20001675   Thumb Code     8  ferror.o(.text)
    setvbuf                                  0x2000167d   Thumb Code    70  setvbuf.o(.text)
    freopen                                  0x200016c5   Thumb Code   160  fopen.o(.text)
    fopen                                    0x20001765   Thumb Code    74  fopen.o(.text)
    _fclose_internal                         0x200017b5   Thumb Code    76  fclose.o(.text)
    fclose                                   0x200017b5   Thumb Code     0  fclose.o(.text)
    _c16rtomb                                0x20001801   Thumb Code    72  _c16rtomb.o(.text)
    _wcrtomb                                 0x20001801   Thumb Code     0  _c16rtomb.o(.text)
    __cxa_finalize                           0x20001849   Thumb Code    66  cxa_finalize.o(.text)
    __rt_SIGRTRED                            0x2000188b   Thumb Code    14  defsig_rtred_outer.o(.text)
    _sys_open                                0x20001899   Thumb Code    20  sys_io.o(.text)
    _sys_close                               0x200018ad   Thumb Code    12  sys_io.o(.text)
    _sys_write                               0x200018b9   Thumb Code    16  sys_io.o(.text)
    _sys_read                                0x200018c9   Thumb Code    14  sys_io.o(.text)
    _sys_istty                               0x200018d7   Thumb Code    12  sys_io.o(.text)
    _sys_seek                                0x200018e3   Thumb Code    14  sys_io.o(.text)
    _sys_ensure                              0x200018f1   Thumb Code     2  sys_io.o(.text)
    _sys_flen                                0x200018f3   Thumb Code    12  sys_io.o(.text)
    __user_setup_stackheap                   0x200018ff   Thumb Code    74  sys_stackheap_outer.o(.text)
    __rt_heap_descriptor                     0x20001949   Thumb Code     8  rt_heap_descriptor_intlibspace.o(.text)
    __use_no_heap                            0x20001951   Thumb Code     2  hguard.o(.text)
    __heap$guard                             0x20001953   Thumb Code     2  hguard.o(.text)
    _terminate_user_alloc                    0x20001955   Thumb Code     2  init_alloc.o(.text)
    _init_user_alloc                         0x20001957   Thumb Code     2  init_alloc.o(.text)
    __Heap_Full                              0x20001959   Thumb Code    34  init_alloc.o(.text)
    __Heap_Broken                            0x2000197b   Thumb Code     6  init_alloc.o(.text)
    _init_alloc                              0x20001981   Thumb Code    94  init_alloc.o(.text)
    __Heap_Initialize                        0x200019df   Thumb Code    10  h1_init.o(.text)
    __Heap_DescSize                          0x200019e9   Thumb Code     4  h1_init.o(.text)
    _printf_fp_infnan                        0x200019ed   Thumb Code   112  _printf_fp_infnan.o(.text)
    _btod_etento                             0x20001a6d   Thumb Code   224  bigflt0.o(.text)
    _fseek                                   0x20001b51   Thumb Code   242  fseek.o(.text)
    fseek                                    0x20001b51   Thumb Code     0  fseek.o(.text)
    _seterr                                  0x20001c49   Thumb Code    20  stdio.o(.text)
    _writebuf                                0x20001c5d   Thumb Code    84  stdio.o(.text)
    _fflush                                  0x20001cb1   Thumb Code    70  stdio.o(.text)
    _deferredlazyseek                        0x20001cf7   Thumb Code    60  stdio.o(.text)
    exit                                     0x20001d39   Thumb Code    18  exit.o(.text)
    __sig_exit                               0x20001d4b   Thumb Code    10  defsig_exit.o(.text)
    __rt_SIGRTRED_inner                      0x20001d55   Thumb Code    14  defsig_rtred_inner.o(.text)
    _sys_exit                                0x20001d89   Thumb Code     8  sys_exit.o(.text)
    __I$use$semihosting                      0x20001d95   Thumb Code     0  use_no_semi.o(.text)
    __use_no_semihosting_swi                 0x20001d95   Thumb Code     2  use_no_semi.o(.text)
    __Heap_ProvideMemory                     0x20001d97   Thumb Code    52  h1_extend.o(.text)
    __semihosting_library_function           0x20001d97   Thumb Code     0  indicate_semi.o(.text)
    _maybe_terminate_alloc                   0x20001d97   Thumb Code     0  maybetermalloc1.o(.text)
    _ftell_internal                          0x20001dcb   Thumb Code    66  ftell.o(.text)
    ftell                                    0x20001dcb   Thumb Code     0  ftell.o(.text)
    __default_signal_display                 0x20001e0d   Thumb Code    50  defsig_general.o(.text)
    __rt_SIGRTMEM                            0x20001e3f   Thumb Code    14  defsig_rtmem_outer.o(.text)
    _ttywrch                                 0x20001e4d   Thumb Code    14  sys_wrch.o(.text)
    __aeabi_errno_addr                       0x20001e5d   Thumb Code     8  rt_errno_addr_intlibspace.o(.text)
    __errno$intlibspace                      0x20001e5d   Thumb Code     0  rt_errno_addr_intlibspace.o(.text)
    __rt_errno_addr$intlibspace              0x20001e5d   Thumb Code     0  rt_errno_addr_intlibspace.o(.text)
    __rt_SIGRTMEM_inner                      0x20001e65   Thumb Code    22  defsig_rtmem_inner.o(.text)
    BusFault_Handler                         0x20001eb5   Thumb Code     4  n32g4fr_it.o(.text.BusFault_Handler)
    DebugMon_Handler                         0x20001eb9   Thumb Code     2  n32g4fr_it.o(.text.DebugMon_Handler)
    FIFO_GetDataCount                        0x20001ebd   Thumb Code    12  fifo.o(.text.FIFO_GetDataCount)
    FIFO_ReadData                            0x20001ec9   Thumb Code   156  fifo.o(.text.FIFO_ReadData)
    GPIO_InitPeripheral                      0x20001f65   Thumb Code   390  n32g4fr_gpio.o(.text.GPIO_InitPeripheral)
    HardFaultHandler                         0x200020ed   Thumb Code   276  segger_hardfaulthandler.o(.text.HardFaultHandler)
    MemManage_Handler                        0x20002201   Thumb Code     4  n32g4fr_it.o(.text.MemManage_Handler)
    NMI_Handler                              0x20002205   Thumb Code     2  n32g4fr_it.o(.text.NMI_Handler)
    NVIC_Init                                0x20002209   Thumb Code   170  misc.o(.text.NVIC_Init)
    NVIC_PriorityGroupConfig                 0x200022b5   Thumb Code    28  misc.o(.text.NVIC_PriorityGroupConfig)
    RCC_EnableAPB1PeriphClk                  0x200022d1   Thumb Code    56  n32g4fr_rcc.o(.text.RCC_EnableAPB1PeriphClk)
    RCC_EnableAPB2PeriphClk                  0x20002309   Thumb Code    56  n32g4fr_rcc.o(.text.RCC_EnableAPB2PeriphClk)
    RCC_GetClocksFreqValue                   0x20002341   Thumb Code   452  n32g4fr_rcc.o(.text.RCC_GetClocksFreqValue)
    SEGGER_RTT_Write                         0x20002505   Thumb Code    76  segger_rtt.o(.text.SEGGER_RTT_Write)
    SEGGER_RTT_WriteNoLock                   0x20002551   Thumb Code   176  segger_rtt.o(.text.SEGGER_RTT_WriteNoLock)
    SEGGER_RTT_printf                        0x20002601   Thumb Code    42  segger_rtt_printf.o(.text.SEGGER_RTT_printf)
    SEGGER_RTT_vprintf                       0x2000262d   Thumb Code   828  segger_rtt_printf.o(.text.SEGGER_RTT_vprintf)
    SVC_Handler                              0x20002969   Thumb Code     2  n32g4fr_it.o(.text.SVC_Handler)
    SysTick_Handler                          0x20002ab5   Thumb Code     2  n32g4fr_it.o(.text.SysTick_Handler)
    SystemInit                               0x20002ab9   Thumb Code   190  system_n32g4fr.o(.text.SystemInit)
    USART3_IRQHandler                        0x20002b79   Thumb Code    68  n32g4fr_it.o(.text.USART3_IRQHandler)
    USART_ConfigInt                          0x20002bbd   Thumb Code   146  n32g4fr_usart.o(.text.USART_ConfigInt)
    USART_Enable                             0x20002c51   Thumb Code    44  n32g4fr_usart.o(.text.USART_Enable)
    USART_GetFlagStatus                      0x20002c7d   Thumb Code    68  n32g4fr_usart.o(.text.USART_GetFlagStatus)
    USART_GetIntStatus                       0x20002cc1   Thumb Code   176  n32g4fr_usart.o(.text.USART_GetIntStatus)
    USART_Init                               0x20002d71   Thumb Code   292  n32g4fr_usart.o(.text.USART_Init)
    USART_ReceiveData                        0x20002e95   Thumb Code    16  n32g4fr_usart.o(.text.USART_ReceiveData)
    USART_SendData                           0x20002ea5   Thumb Code    24  n32g4fr_usart.o(.text.USART_SendData)
    UsageFault_Handler                       0x20002ebd   Thumb Code     4  n32g4fr_it.o(.text.UsageFault_Handler)
    loop()                                   0x20003505   Thumb Code     8  main.o(.text._Z4loopv)
    setup()                                  0x2000350d   Thumb Code     2  main.o(.text._Z5setupv)
    Clk::Clk()                               0x20003511   Thumb Code    36  clk.o(.text._ZN3ClkC2Ev)
    Clk::Clk__sub_object()                   0x20003511   Thumb Code    36  clk.o(.text._ZN3ClkC2Ev)
    Clk::~Clk()                              0x20003535   Thumb Code    10  clk.o(.text._ZN3ClkD2Ev)
    Clk::~Clk__sub_object()                  0x20003535   Thumb Code    10  clk.o(.text._ZN3ClkD2Ev)
    Uart::init(unsigned int)                 0x20003541   Thumb Code    78  uart.o(.text._ZN4Uart4initEj)
    Uart::init_pin()                         0x20003591   Thumb Code    78  uart.o(.text._ZN4Uart8init_pinEv)
    Uart::init_nvic()                        0x200035e1   Thumb Code    42  uart.o(.text._ZN4Uart9init_nvicEv)
    Uart::Uart()                             0x2000360d   Thumb Code    36  uart.o(.text._ZN4UartC2Ev)
    Uart::Uart__sub_object()                 0x2000360d   Thumb Code    36  uart.o(.text._ZN4UartC2Ev)
    Uart::~Uart()                            0x20003631   Thumb Code    10  uart.o(.text._ZN4UartD2Ev)
    Uart::~Uart__sub_object()                0x20003631   Thumb Code    10  uart.o(.text._ZN4UartD2Ev)
    Hardware::Hardware()                     0x2000363d   Thumb Code    28  hardware.o(.text._ZN8HardwareC2Ev)
    Hardware::Hardware__sub_object()         0x2000363d   Thumb Code    28  hardware.o(.text._ZN8HardwareC2Ev)
    Hardware::~Hardware()                    0x20003659   Thumb Code    28  hardware.o(.text._ZN8HardwareD2Ev)
    Hardware::~Hardware__sub_object()        0x20003659   Thumb Code    28  hardware.o(.text._ZN8HardwareD2Ev)
    app                                      0x200036a1   Thumb Code    96  app.o(.text.app)
    error_process                            0x20003701   Thumb Code    34  app.o(.text.error_process)
    fputc                                    0x20003725   Thumb Code    52  bsp.o(.text.fputc)
    idle_process                             0x20003759   Thumb Code    24  app.o(.text.idle_process)
    main                                     0x20003771   Thumb Code    20  main.o(.text.main)
    sent_sample_data                         0x20003785   Thumb Code    76  app.o(.text.sent_sample_data)
    uart_post_process                        0x200037d1   Thumb Code    22  app.o(.text.uart_post_process)
    _btod_d2e                                0x200037e7   Thumb Code    62  btod.o(CL$$btod_d2e)
    _d2e_denorm_low                          0x20003825   Thumb Code    70  btod.o(CL$$btod_d2e_denorm_low)
    _d2e_norm_op1                            0x2000386b   Thumb Code    96  btod.o(CL$$btod_d2e_norm_op1)
    __btod_div_common                        0x200038cd   Thumb Code   696  btod.o(CL$$btod_div_common)
    _e2e                                     0x20003c05   Thumb Code   220  btod.o(CL$$btod_e2e)
    _btod_ediv                               0x20003ce1   Thumb Code    42  btod.o(CL$$btod_ediv)
    _btod_emul                               0x20003d0b   Thumb Code    42  btod.o(CL$$btod_emul)
    __btod_mult_common                       0x20003d35   Thumb Code   580  btod.o(CL$$btod_mult_common)
    HardFault_Handler                        0x20003f79   Thumb Code     0  hardfaulthandler.o(OSKERNEL)
    __ARM_fpclassify                         0x20003f8b   Thumb Code    48  fpclassify.o(i.__ARM_fpclassify)
    _is_digit                                0x20003fbb   Thumb Code    14  __printf_wp.o(i._is_digit)
    _get_lc_ctype                            0x20003fc9   Thumb Code    44  lc_ctype_c.o(locale$$code)
    _get_lc_numeric                          0x20003ff5   Thumb Code    44  lc_numeric_c.o(locale$$code)
    _fp_init                                 0x20004021   Thumb Code    26  fpinit.o(x$fpl$fpinit)
    __fplib_config_fpu_vfp                   0x20004039   Thumb Code     0  fpinit.o(x$fpl$fpinit)
    __fplib_config_pureend_doubles           0x20004039   Thumb Code     0  fpinit.o(x$fpl$fpinit)
    _printf_fp_dec                           0x2000403b   Thumb Code     4  printf1.o(x$fpl$printf1)
    _printf_fp_hex                           0x2000403f   Thumb Code     4  printf2.o(x$fpl$printf2)
    __I$use$fp                               0x20004042   Number         0  usenofp.o(x$fpl$usenofp)
    __stdin_name                             0x20004085   Data           4  sys_io_names.o(.constdata)
    __stdout_name                            0x20004089   Data           4  sys_io_names.o(.constdata)
    __stderr_name                            0x2000408d   Data           4  sys_io_names.o(.constdata)
    _nr_cmd_start_                           0x2000415c   Data          20  nr_micro_shell.o(.rodata.nr_shell_cmd0.end)
    _nr_cmd_end_                             0x20004170   Data          20  nr_micro_shell.o(.rodata.nr_shell_cmd1.end)
    Region$$Table$$Base                      0x200041f8   Number         0  anon$$obj.o(Region$$Table)
    Region$$Table$$Limit                     0x20004218   Number         0  anon$$obj.o(Region$$Table)
    __ctype                                  0x20004225   Data           0  lc_ctype_c.o(locale$$data)
    SHT$$INIT_ARRAY$$Base                    0x20004344   Number         0  main.o(.init_array)
    SHT$$INIT_ARRAY$$Limit                   0x20004348   Number         0  init_aeabi.o(.init_array)
    __aeabi_stdin                            0x20010000   Data           4  stdio_streams.o(.data)
    __aeabi_stdout                           0x20010004   Data           4  stdio_streams.o(.data)
    __aeabi_stderr                           0x20010008   Data           4  stdio_streams.o(.data)
    FIFO_Data                                0x2001000c   Data          20  fifo.o(.data.FIFO_Data)
    SystemCoreClock                          0x20010020   Data           4  system_n32g4fr.o(.data.SystemCoreClock)
    __stdin                                  0x20010028   Data          84  stdio_streams.o(.bss)
    __stdout                                 0x2001007c   Data          84  stdio_streams.o(.bss)
    __stderr                                 0x200100d0   Data          84  stdio_streams.o(.bss)
    __libspace_start                         0x20010124   Data          96  libspace.o(.bss)
    FIFO_DataBuffer                          0x20010184   Data        8000  fifo.o(.bss.FIFO_DataBuffer)
    __temporary_stack_top$libspace           0x20010184   Data           0  libspace.o(.bss)
    _SEGGER_RTT                              0x20012108   Data         168  segger_rtt.o(.bss._SEGGER_RTT)
    hardware_n32_ch2840adx                   0x200125c0   Data           8  main.o(.bss.hardware_n32_ch2840adx)
    key_flag                                 0x200125c8   Data           4  app.o(.bss.key_flag)
    next_state                               0x200125cc   Data           1  app.o(.bss.next_state)
    state                                    0x200125cd   Data           1  app.o(.bss.state)



==============================================================================

Memory Map of the image

  Image Entry point : 0x20000199

  Load Region LR_IROM1 (Base: 0x20000000, Size: 0x00004370, Max: 0x00010000, ABSOLUTE)

    Execution Region ER_IROM1 (Exec base: 0x20000000, Load base: 0x20000000, Size: 0x00004348, Max: 0x00010000, ABSOLUTE)

    Exec Addr    Load Addr    Size         Type   Attr      Idx    E Section Name        Object

    0x20000000   0x20000000   0x00000198   Data   RO          292    RESET               startup_n32g4fr.o
    0x20000198   0x20000198   0x00000008   Code   RO         1797  * !!!main             c_w.l(__main.o)
    0x200001a0   0x200001a0   0x00000034   Code   RO         2301    !!!scatter          c_w.l(__scatter.o)
    0x200001d4   0x200001d4   0x0000001a   Code   RO         2303    !!handler_copy      c_w.l(__scatter_copy.o)
    0x200001ee   0x200001ee   0x00000002   PAD
    0x200001f0   0x200001f0   0x0000001c   Code   RO         2305    !!handler_zi        c_w.l(__scatter_zi.o)
    0x2000020c   0x2000020c   0x00000000   Code   RO         1890    .ARM.Collect$$_printf_percent$$00000000  c_w.l(_printf_percent.o)
    0x2000020c   0x2000020c   0x00000006   Code   RO         1879    .ARM.Collect$$_printf_percent$$00000001  c_w.l(_printf_n.o)
    0x20000212   0x20000212   0x00000006   Code   RO         1881    .ARM.Collect$$_printf_percent$$00000002  c_w.l(_printf_p.o)
    0x20000218   0x20000218   0x00000006   Code   RO         1886    .ARM.Collect$$_printf_percent$$00000003  c_w.l(_printf_f.o)
    0x2000021e   0x2000021e   0x00000006   Code   RO         1887    .ARM.Collect$$_printf_percent$$00000004  c_w.l(_printf_e.o)
    0x20000224   0x20000224   0x00000006   Code   RO         1888    .ARM.Collect$$_printf_percent$$00000005  c_w.l(_printf_g.o)
    0x2000022a   0x2000022a   0x00000006   Code   RO         1889    .ARM.Collect$$_printf_percent$$00000006  c_w.l(_printf_a.o)
    0x20000230   0x20000230   0x0000000a   Code   RO         1894    .ARM.Collect$$_printf_percent$$00000007  c_w.l(_printf_ll.o)
    0x2000023a   0x2000023a   0x00000006   Code   RO         1883    .ARM.Collect$$_printf_percent$$00000008  c_w.l(_printf_i.o)
    0x20000240   0x20000240   0x00000006   Code   RO         1884    .ARM.Collect$$_printf_percent$$00000009  c_w.l(_printf_d.o)
    0x20000246   0x20000246   0x00000006   Code   RO         1885    .ARM.Collect$$_printf_percent$$0000000A  c_w.l(_printf_u.o)
    0x2000024c   0x2000024c   0x00000006   Code   RO         1882    .ARM.Collect$$_printf_percent$$0000000B  c_w.l(_printf_o.o)
    0x20000252   0x20000252   0x00000006   Code   RO         1880    .ARM.Collect$$_printf_percent$$0000000C  c_w.l(_printf_x.o)
    0x20000258   0x20000258   0x00000006   Code   RO         1891    .ARM.Collect$$_printf_percent$$0000000D  c_w.l(_printf_lli.o)
    0x2000025e   0x2000025e   0x00000006   Code   RO         1892    .ARM.Collect$$_printf_percent$$0000000E  c_w.l(_printf_lld.o)
    0x20000264   0x20000264   0x00000006   Code   RO         1893    .ARM.Collect$$_printf_percent$$0000000F  c_w.l(_printf_llu.o)
    0x2000026a   0x2000026a   0x00000006   Code   RO         1898    .ARM.Collect$$_printf_percent$$00000010  c_w.l(_printf_llo.o)
    0x20000270   0x20000270   0x00000006   Code   RO         1899    .ARM.Collect$$_printf_percent$$00000011  c_w.l(_printf_llx.o)
    0x20000276   0x20000276   0x0000000a   Code   RO         1895    .ARM.Collect$$_printf_percent$$00000012  c_w.l(_printf_l.o)
    0x20000280   0x20000280   0x00000006   Code   RO         1877    .ARM.Collect$$_printf_percent$$00000013  c_w.l(_printf_c.o)
    0x20000286   0x20000286   0x00000006   Code   RO         1878    .ARM.Collect$$_printf_percent$$00000014  c_w.l(_printf_s.o)
    0x2000028c   0x2000028c   0x00000006   Code   RO         1896    .ARM.Collect$$_printf_percent$$00000015  c_w.l(_printf_lc.o)
    0x20000292   0x20000292   0x00000006   Code   RO         1897    .ARM.Collect$$_printf_percent$$00000016  c_w.l(_printf_ls.o)
    0x20000298   0x20000298   0x00000004   Code   RO         2081    .ARM.Collect$$_printf_percent$$00000017  c_w.l(_printf_percent_end.o)
    0x2000029c   0x2000029c   0x00000002   Code   RO         2212    .ARM.Collect$$libinit$$00000000  c_w.l(libinit.o)
    0x2000029e   0x2000029e   0x00000004   Code   RO         1917    .ARM.Collect$$libinit$$00000001  c_w.l(libinit2.o)
    0x200002a2   0x200002a2   0x00000000   Code   RO         1920    .ARM.Collect$$libinit$$00000004  c_w.l(libinit2.o)
    0x200002a2   0x200002a2   0x00000008   Code   RO         1921    .ARM.Collect$$libinit$$00000005  c_w.l(libinit2.o)
    0x200002aa   0x200002aa   0x00000000   Code   RO         1923    .ARM.Collect$$libinit$$0000000A  c_w.l(libinit2.o)
    0x200002aa   0x200002aa   0x00000000   Code   RO         1925    .ARM.Collect$$libinit$$0000000C  c_w.l(libinit2.o)
    0x200002aa   0x200002aa   0x00000000   Code   RO         1927    .ARM.Collect$$libinit$$0000000E  c_w.l(libinit2.o)
    0x200002aa   0x200002aa   0x00000006   Code   RO         1928    .ARM.Collect$$libinit$$0000000F  c_w.l(libinit2.o)
    0x200002b0   0x200002b0   0x00000000   Code   RO         1930    .ARM.Collect$$libinit$$00000011  c_w.l(libinit2.o)
    0x200002b0   0x200002b0   0x0000000c   Code   RO         1931    .ARM.Collect$$libinit$$00000012  c_w.l(libinit2.o)
    0x200002bc   0x200002bc   0x00000000   Code   RO         1932    .ARM.Collect$$libinit$$00000013  c_w.l(libinit2.o)
    0x200002bc   0x200002bc   0x00000000   Code   RO         1934    .ARM.Collect$$libinit$$00000015  c_w.l(libinit2.o)
    0x200002bc   0x200002bc   0x0000000a   Code   RO         1935    .ARM.Collect$$libinit$$00000016  c_w.l(libinit2.o)
    0x200002c6   0x200002c6   0x00000000   Code   RO         1936    .ARM.Collect$$libinit$$00000017  c_w.l(libinit2.o)
    0x200002c6   0x200002c6   0x00000000   Code   RO         1938    .ARM.Collect$$libinit$$00000019  c_w.l(libinit2.o)
    0x200002c6   0x200002c6   0x00000000   Code   RO         1940    .ARM.Collect$$libinit$$0000001B  c_w.l(libinit2.o)
    0x200002c6   0x200002c6   0x00000000   Code   RO         1942    .ARM.Collect$$libinit$$0000001D  c_w.l(libinit2.o)
    0x200002c6   0x200002c6   0x00000000   Code   RO         1944    .ARM.Collect$$libinit$$0000001F  c_w.l(libinit2.o)
    0x200002c6   0x200002c6   0x00000000   Code   RO         1946    .ARM.Collect$$libinit$$00000021  c_w.l(libinit2.o)
    0x200002c6   0x200002c6   0x00000000   Code   RO         1948    .ARM.Collect$$libinit$$00000023  c_w.l(libinit2.o)
    0x200002c6   0x200002c6   0x00000004   Code   RO         1949    .ARM.Collect$$libinit$$00000024  c_w.l(libinit2.o)
    0x200002ca   0x200002ca   0x00000000   Code   RO         1950    .ARM.Collect$$libinit$$00000025  c_w.l(libinit2.o)
    0x200002ca   0x200002ca   0x00000000   Code   RO         1954    .ARM.Collect$$libinit$$0000002C  c_w.l(libinit2.o)
    0x200002ca   0x200002ca   0x00000000   Code   RO         1956    .ARM.Collect$$libinit$$0000002E  c_w.l(libinit2.o)
    0x200002ca   0x200002ca   0x00000000   Code   RO         1958    .ARM.Collect$$libinit$$00000030  c_w.l(libinit2.o)
    0x200002ca   0x200002ca   0x00000004   Code   RO         1959    .ARM.Collect$$libinit$$00000031  c_w.l(libinit2.o)
    0x200002ce   0x200002ce   0x00000000   Code   RO         1960    .ARM.Collect$$libinit$$00000032  c_w.l(libinit2.o)
    0x200002ce   0x200002ce   0x00000002   Code   RO         1961    .ARM.Collect$$libinit$$00000033  c_w.l(libinit2.o)
    0x200002d0   0x200002d0   0x00000002   Code   RO         2298    .ARM.Collect$$libshutdown$$00000000  c_w.l(libshutdown.o)
    0x200002d2   0x200002d2   0x00000006   Code   RO         2108    .ARM.Collect$$libshutdown$$00000001  c_w.l(libshutdown2.o)
    0x200002d8   0x200002d8   0x00000000   Code   RO         2109    .ARM.Collect$$libshutdown$$00000002  c_w.l(libshutdown2.o)
    0x200002d8   0x200002d8   0x00000004   Code   RO         2110    .ARM.Collect$$libshutdown$$00000003  c_w.l(libshutdown2.o)
    0x200002dc   0x200002dc   0x00000000   Code   RO         2111    .ARM.Collect$$libshutdown$$00000004  c_w.l(libshutdown2.o)
    0x200002dc   0x200002dc   0x00000000   Code   RO         2114    .ARM.Collect$$libshutdown$$00000007  c_w.l(libshutdown2.o)
    0x200002dc   0x200002dc   0x00000000   Code   RO         2117    .ARM.Collect$$libshutdown$$0000000A  c_w.l(libshutdown2.o)
    0x200002dc   0x200002dc   0x00000000   Code   RO         2119    .ARM.Collect$$libshutdown$$0000000C  c_w.l(libshutdown2.o)
    0x200002dc   0x200002dc   0x00000000   Code   RO         2122    .ARM.Collect$$libshutdown$$0000000F  c_w.l(libshutdown2.o)
    0x200002dc   0x200002dc   0x00000002   Code   RO         2123    .ARM.Collect$$libshutdown$$00000010  c_w.l(libshutdown2.o)
    0x200002de   0x200002de   0x00000000   Code   RO         1805    .ARM.Collect$$rtentry$$00000000  c_w.l(__rtentry.o)
    0x200002de   0x200002de   0x00000000   Code   RO         1983    .ARM.Collect$$rtentry$$00000002  c_w.l(__rtentry2.o)
    0x200002de   0x200002de   0x00000006   Code   RO         1995    .ARM.Collect$$rtentry$$00000004  c_w.l(__rtentry4.o)
    0x200002e4   0x200002e4   0x00000000   Code   RO         1985    .ARM.Collect$$rtentry$$00000009  c_w.l(__rtentry2.o)
    0x200002e4   0x200002e4   0x00000004   Code   RO         1986    .ARM.Collect$$rtentry$$0000000A  c_w.l(__rtentry2.o)
    0x200002e8   0x200002e8   0x00000000   Code   RO         1988    .ARM.Collect$$rtentry$$0000000C  c_w.l(__rtentry2.o)
    0x200002e8   0x200002e8   0x00000008   Code   RO         1989    .ARM.Collect$$rtentry$$0000000D  c_w.l(__rtentry2.o)
    0x200002f0   0x200002f0   0x00000002   Code   RO         2229    .ARM.Collect$$rtexit$$00000000  c_w.l(rtexit.o)
    0x200002f2   0x200002f2   0x00000000   Code   RO         2259    .ARM.Collect$$rtexit$$00000002  c_w.l(rtexit2.o)
    0x200002f2   0x200002f2   0x00000004   Code   RO         2260    .ARM.Collect$$rtexit$$00000003  c_w.l(rtexit2.o)
    0x200002f6   0x200002f6   0x00000006   Code   RO         2261    .ARM.Collect$$rtexit$$00000004  c_w.l(rtexit2.o)
    0x200002fc   0x200002fc   0x00000040   Code   RO          293    .text               startup_n32g4fr.o
    0x2000033c   0x2000033c   0x00000010   Code   RO         1765    .text               c_w.l(rt_ctype_table.o)
    0x2000034c   0x2000034c   0x00000018   Code   RO         1767    .text               c_w.l(printf.o)
    0x20000364   0x20000364   0x0000000a   Code   RO         1780    .text               c_w.l(cxa_atexit.o)
    0x2000036e   0x2000036e   0x00000048   Code   RO         1785    .text               c_w.l(strcpy.o)
    0x200003b6   0x200003b6   0x0000003e   Code   RO         1787    .text               c_w.l(strlen.o)
    0x200003f4   0x200003f4   0x0000008a   Code   RO         1789    .text               c_w.l(rt_memcpy_v6.o)
    0x2000047e   0x2000047e   0x00000044   Code   RO         1791    .text               c_w.l(rt_memclr.o)
    0x200004c2   0x200004c2   0x00000006   PAD
    0x200004c8   0x200004c8   0x0000007c   Code   RO         1793    .text               c_w.l(strcmpv7em.o)
    0x20000544   0x20000544   0x00000006   Code   RO         1795    .text               c_w.l(heapauxi.o)
    0x2000054a   0x2000054a   0x00000002   PAD
    0x2000054c   0x2000054c   0x00000024   Code   RO         1802    .text               c_w.l(init_aeabi.o)
    0x20000570   0x20000570   0x00000008   Code   RO         1809    .text               c_w.l(rt_locale_intlibspace.o)
    0x20000578   0x20000578   0x0000004e   Code   RO         1813    .text               c_w.l(_printf_pad.o)
    0x200005c6   0x200005c6   0x00000024   Code   RO         1815    .text               c_w.l(_printf_truncate.o)
    0x200005ea   0x200005ea   0x00000052   Code   RO         1817    .text               c_w.l(_printf_str.o)
    0x2000063c   0x2000063c   0x00000078   Code   RO         1819    .text               c_w.l(_printf_dec.o)
    0x200006b4   0x200006b4   0x00000028   Code   RO         1821    .text               c_w.l(_printf_charcount.o)
    0x200006dc   0x200006dc   0x00000024   Code   RO         1823    .text               c_w.l(_printf_char_file.o)
    0x20000700   0x20000700   0x000000bc   Code   RO         1825    .text               c_w.l(_printf_wctomb.o)
    0x200007bc   0x200007bc   0x0000007c   Code   RO         1828    .text               c_w.l(_printf_longlong_dec.o)
    0x20000838   0x20000838   0x00000070   Code   RO         1834    .text               c_w.l(_printf_oct_int_ll.o)
    0x200008a8   0x200008a8   0x00000094   Code   RO         1854    .text               c_w.l(_printf_hex_int_ll_ptr.o)
    0x2000093c   0x2000093c   0x00000188   Code   RO         1874    .text               c_w.l(__printf_flags_ss_wp.o)
    0x20000ac4   0x20000ac4   0x00000138   Code   RO         1900    .text               c_w.l(initio.o)
    0x20000bfc   0x20000bfc   0x0000002e   Code   RO         1910    .text               c_w.l(aeabi_atexit.o)
    0x20000c2a   0x20000c2a   0x00000064   Code   RO         1913    .text               c_w.l(rt_memcpy_w.o)
    0x20000c8e   0x20000c8e   0x0000004e   Code   RO         1915    .text               c_w.l(rt_memclr_w.o)
    0x20000cdc   0x20000cdc   0x00000008   Code   RO         1977    .text               c_w.l(libspace.o)
    0x20000ce4   0x20000ce4   0x00000008   Code   RO         2000    .text               c_w.l(rt_ddtor_pointer_addr_intlibspace.o)
    0x20000cec   0x20000cec   0x0000005e   Code   RO         2006    .text               c_w.l(h1_alloc.o)
    0x20000d4a   0x20000d4a   0x0000004e   Code   RO         2008    .text               c_w.l(h1_free.o)
    0x20000d98   0x20000d98   0x0000008a   Code   RO         2064    .text               c_w.l(lludiv10.o)
    0x20000e22   0x20000e22   0x000000b2   Code   RO         2066    .text               c_w.l(_printf_intcommon.o)
    0x20000ed4   0x20000ed4   0x0000041c   Code   RO         2068    .text               c_w.l(_printf_fp_dec.o)
    0x200012f0   0x200012f0   0x000002fc   Code   RO         2072    .text               c_w.l(_printf_fp_hex.o)
    0x200015ec   0x200015ec   0x00000030   Code   RO         2075    .text               c_w.l(_printf_char_common.o)
    0x2000161c   0x2000161c   0x0000002c   Code   RO         2077    .text               c_w.l(_printf_char.o)
    0x20001648   0x20001648   0x0000002c   Code   RO         2079    .text               c_w.l(_printf_wchar.o)
    0x20001674   0x20001674   0x00000008   Code   RO         2082    .text               c_w.l(ferror.o)
    0x2000167c   0x2000167c   0x00000046   Code   RO         2084    .text               c_w.l(setvbuf.o)
    0x200016c2   0x200016c2   0x00000002   PAD
    0x200016c4   0x200016c4   0x000000f0   Code   RO         2087    .text               c_w.l(fopen.o)
    0x200017b4   0x200017b4   0x0000004c   Code   RO         2089    .text               c_w.l(fclose.o)
    0x20001800   0x20001800   0x00000048   Code   RO         2097    .text               c_w.l(_c16rtomb.o)
    0x20001848   0x20001848   0x00000042   Code   RO         2099    .text               c_w.l(cxa_finalize.o)
    0x2000188a   0x2000188a   0x0000000e   Code   RO         2102    .text               c_w.l(defsig_rtred_outer.o)
    0x20001898   0x20001898   0x00000066   Code   RO         2126    .text               c_w.l(sys_io.o)
    0x200018fe   0x200018fe   0x0000004a   Code   RO         2130    .text               c_w.l(sys_stackheap_outer.o)
    0x20001948   0x20001948   0x00000008   Code   RO         2137    .text               c_w.l(rt_heap_descriptor_intlibspace.o)
    0x20001950   0x20001950   0x00000004   Code   RO         2139    .text               c_w.l(hguard.o)
    0x20001954   0x20001954   0x0000008a   Code   RO         2141    .text               c_w.l(init_alloc.o)
    0x200019de   0x200019de   0x0000000e   Code   RO         2145    .text               c_w.l(h1_init.o)
    0x200019ec   0x200019ec   0x00000080   Code   RO         2157    .text               c_w.l(_printf_fp_infnan.o)
    0x20001a6c   0x20001a6c   0x000000e4   Code   RO         2161    .text               c_w.l(bigflt0.o)
    0x20001b50   0x20001b50   0x000000f8   Code   RO         2188    .text               c_w.l(fseek.o)
    0x20001c48   0x20001c48   0x000000f0   Code   RO         2190    .text               c_w.l(stdio.o)
    0x20001d38   0x20001d38   0x00000012   Code   RO         2195    .text               c_w.l(exit.o)
    0x20001d4a   0x20001d4a   0x0000000a   Code   RO         2197    .text               c_w.l(defsig_exit.o)
    0x20001d54   0x20001d54   0x00000034   Code   RO         2199    .text               c_w.l(defsig_rtred_inner.o)
    0x20001d88   0x20001d88   0x0000000c   Code   RO         2220    .text               c_w.l(sys_exit.o)
    0x20001d94   0x20001d94   0x00000002   Code   RO         2226    .text               c_w.l(use_no_semi.o)
    0x20001d96   0x20001d96   0x00000000   Code   RO         2228    .text               c_w.l(indicate_semi.o)
    0x20001d96   0x20001d96   0x00000000   Code   RO         2233    .text               c_w.l(maybetermalloc1.o)
    0x20001d96   0x20001d96   0x00000034   Code   RO         2235    .text               c_w.l(h1_extend.o)
    0x20001dca   0x20001dca   0x00000042   Code   RO         2241    .text               c_w.l(ftell.o)
    0x20001e0c   0x20001e0c   0x00000032   Code   RO         2245    .text               c_w.l(defsig_general.o)
    0x20001e3e   0x20001e3e   0x0000000e   Code   RO         2247    .text               c_w.l(defsig_rtmem_outer.o)
    0x20001e4c   0x20001e4c   0x0000000e   Code   RO         2254    .text               c_w.l(sys_wrch.o)
    0x20001e5a   0x20001e5a   0x00000002   PAD
    0x20001e5c   0x20001e5c   0x00000008   Code   RO         2268    .text               c_w.l(rt_errno_addr_intlibspace.o)
    0x20001e64   0x20001e64   0x00000050   Code   RO         2274    .text               c_w.l(defsig_rtmem_inner.o)
    0x20001eb4   0x20001eb4   0x00000004   Code   RO          304    .text.BusFault_Handler  n32g4fr_it.o
    0x20001eb8   0x20001eb8   0x00000002   Code   RO          310    .text.DebugMon_Handler  n32g4fr_it.o
    0x20001eba   0x20001eba   0x00000002   PAD
    0x20001ebc   0x20001ebc   0x0000000c   Code   RO          121    .text.FIFO_GetDataCount  fifo.o
    0x20001ec8   0x20001ec8   0x0000009c   Code   RO          113    .text.FIFO_ReadData  fifo.o
    0x20001f64   0x20001f64   0x00000186   Code   RO          749    .text.GPIO_InitPeripheral  n32g4fr_gpio.o
    0x200020ea   0x200020ea   0x00000002   PAD
    0x200020ec   0x200020ec   0x00000114   Code   RO         1648    .text.HardFaultHandler  segger_hardfaulthandler.o
    0x20002200   0x20002200   0x00000004   Code   RO          302    .text.MemManage_Handler  n32g4fr_it.o
    0x20002204   0x20002204   0x00000002   Code   RO          300    .text.NMI_Handler   n32g4fr_it.o
    0x20002206   0x20002206   0x00000002   PAD
    0x20002208   0x20002208   0x000000aa   Code   RO          328    .text.NVIC_Init     misc.o
    0x200022b2   0x200022b2   0x00000002   PAD
    0x200022b4   0x200022b4   0x0000001c   Code   RO          326    .text.NVIC_PriorityGroupConfig  misc.o
    0x200022d0   0x200022d0   0x00000038   Code   RO         1028    .text.RCC_EnableAPB1PeriphClk  n32g4fr_rcc.o
    0x20002308   0x20002308   0x00000038   Code   RO         1026    .text.RCC_EnableAPB2PeriphClk  n32g4fr_rcc.o
    0x20002340   0x20002340   0x000001c4   Code   RO         1022    .text.RCC_GetClocksFreqValue  n32g4fr_rcc.o
    0x20002504   0x20002504   0x0000004c   Code   RO         1685    .text.SEGGER_RTT_Write  segger_rtt.o
    0x20002550   0x20002550   0x000000b0   Code   RO         1681    .text.SEGGER_RTT_WriteNoLock  segger_rtt.o
    0x20002600   0x20002600   0x0000002a   Code   RO         1754    .text.SEGGER_RTT_printf  segger_rtt_printf.o
    0x2000262a   0x2000262a   0x00000002   PAD
    0x2000262c   0x2000262c   0x0000033c   Code   RO         1746    .text.SEGGER_RTT_vprintf  segger_rtt_printf.o
    0x20002968   0x20002968   0x00000002   Code   RO          308    .text.SVC_Handler   n32g4fr_it.o
    0x2000296a   0x2000296a   0x00000002   PAD
    0x2000296c   0x2000296c   0x00000148   Code   RO          278    .text.SetSysClock   system_n32g4fr.o
    0x20002ab4   0x20002ab4   0x00000002   Code   RO          312    .text.SysTick_Handler  n32g4fr_it.o
    0x20002ab6   0x20002ab6   0x00000002   PAD
    0x20002ab8   0x20002ab8   0x000000be   Code   RO          276    .text.SystemInit    system_n32g4fr.o
    0x20002b76   0x20002b76   0x00000002   PAD
    0x20002b78   0x20002b78   0x00000044   Code   RO          316    .text.USART3_IRQHandler  n32g4fr_it.o
    0x20002bbc   0x20002bbc   0x00000092   Code   RO         1543    .text.USART_ConfigInt  n32g4fr_usart.o
    0x20002c4e   0x20002c4e   0x00000002   PAD
    0x20002c50   0x20002c50   0x0000002c   Code   RO         1541    .text.USART_Enable  n32g4fr_usart.o
    0x20002c7c   0x20002c7c   0x00000044   Code   RO         1577    .text.USART_GetFlagStatus  n32g4fr_usart.o
    0x20002cc0   0x20002cc0   0x000000b0   Code   RO         1581    .text.USART_GetIntStatus  n32g4fr_usart.o
    0x20002d70   0x20002d70   0x00000124   Code   RO         1533    .text.USART_Init    n32g4fr_usart.o
    0x20002e94   0x20002e94   0x00000010   Code   RO         1559    .text.USART_ReceiveData  n32g4fr_usart.o
    0x20002ea4   0x20002ea4   0x00000018   Code   RO         1557    .text.USART_SendData  n32g4fr_usart.o
    0x20002ebc   0x20002ebc   0x00000004   Code   RO          306    .text.UsageFault_Handler  n32g4fr_it.o
    0x20002ec0   0x20002ec0   0x0000009c   Code   RO         1663    .text._DoInit       segger_rtt.o
    0x20002f5c   0x20002f5c   0x00000008   Code   RO           33    .text._GLOBAL__sub_I_main.cpp  main.o
    0x20002f64   0x20002f64   0x0000003e   Code   RO         1675    .text._GetAvailWriteSpace  segger_rtt.o
    0x20002fa2   0x20002fa2   0x00000002   PAD
    0x20002fa4   0x20002fa4   0x000001cc   Code   RO         1750    .text._PrintInt     segger_rtt_printf.o
    0x20003170   0x20003170   0x000001ac   Code   RO         1752    .text._PrintUnsigned  segger_rtt_printf.o
    0x2000331c   0x2000331c   0x00000076   Code   RO         1748    .text._StoreChar    segger_rtt_printf.o
    0x20003392   0x20003392   0x00000002   PAD
    0x20003394   0x20003394   0x000000e4   Code   RO         1679    .text._WriteBlocking  segger_rtt.o
    0x20003478   0x20003478   0x0000008c   Code   RO         1677    .text._WriteNoCheck  segger_rtt.o
    0x20003504   0x20003504   0x00000008   Code   RO           29    .text._Z4loopv      main.o
    0x2000350c   0x2000350c   0x00000002   Code   RO           27    .text._Z5setupv     main.o
    0x2000350e   0x2000350e   0x00000002   PAD
    0x20003510   0x20003510   0x00000024   Code   RO           96    .text._ZN3ClkC2Ev   clk.o
    0x20003534   0x20003534   0x0000000a   Code   RO           98    .text._ZN3ClkD2Ev   clk.o
    0x2000353e   0x2000353e   0x00000002   PAD
    0x20003540   0x20003540   0x0000004e   Code   RO           81    .text._ZN4Uart4initEj  uart.o
    0x2000358e   0x2000358e   0x00000002   PAD
    0x20003590   0x20003590   0x0000004e   Code   RO           79    .text._ZN4Uart8init_pinEv  uart.o
    0x200035de   0x200035de   0x00000002   PAD
    0x200035e0   0x200035e0   0x0000002a   Code   RO           83    .text._ZN4Uart9init_nvicEv  uart.o
    0x2000360a   0x2000360a   0x00000002   PAD
    0x2000360c   0x2000360c   0x00000024   Code   RO           77    .text._ZN4UartC2Ev  uart.o
    0x20003630   0x20003630   0x0000000a   Code   RO           85    .text._ZN4UartD2Ev  uart.o
    0x2000363a   0x2000363a   0x00000002   PAD
    0x2000363c   0x2000363c   0x0000001c   Code   RO           45    .text._ZN8HardwareC2Ev  hardware.o
    0x20003658   0x20003658   0x0000001c   Code   RO           47    .text._ZN8HardwareD2Ev  hardware.o
    0x20003674   0x20003674   0x0000002c   Code   RO           25    .text.__cxx_global_var_init  main.o
    0x200036a0   0x200036a0   0x00000060   Code   RO           10    .text.app           app.o
    0x20003700   0x20003700   0x00000022   Code   RO            2    .text.error_process  app.o
    0x20003722   0x20003722   0x00000002   PAD
    0x20003724   0x20003724   0x00000034   Code   RO          162    .text.fputc         bsp.o
    0x20003758   0x20003758   0x00000018   Code   RO            6    .text.idle_process  app.o
    0x20003770   0x20003770   0x00000014   Code   RO           31    .text.main          main.o
    0x20003784   0x20003784   0x0000004c   Code   RO            8    .text.sent_sample_data  app.o
    0x200037d0   0x200037d0   0x00000016   Code   RO            4    .text.uart_post_process  app.o
    0x200037e6   0x200037e6   0x0000003e   Code   RO         2164    CL$$btod_d2e        c_w.l(btod.o)
    0x20003824   0x20003824   0x00000046   Code   RO         2166    CL$$btod_d2e_denorm_low  c_w.l(btod.o)
    0x2000386a   0x2000386a   0x00000060   Code   RO         2165    CL$$btod_d2e_norm_op1  c_w.l(btod.o)
    0x200038ca   0x200038ca   0x00000002   PAD
    0x200038cc   0x200038cc   0x00000338   Code   RO         2174    CL$$btod_div_common  c_w.l(btod.o)
    0x20003c04   0x20003c04   0x000000dc   Code   RO         2171    CL$$btod_e2e        c_w.l(btod.o)
    0x20003ce0   0x20003ce0   0x0000002a   Code   RO         2168    CL$$btod_ediv       c_w.l(btod.o)
    0x20003d0a   0x20003d0a   0x0000002a   Code   RO         2167    CL$$btod_emul       c_w.l(btod.o)
    0x20003d34   0x20003d34   0x00000244   Code   RO         2173    CL$$btod_mult_common  c_w.l(btod.o)
    0x20003f78   0x20003f78   0x00000012   Code   RO         1657    OSKERNEL            hardfaulthandler.o
    0x20003f8a   0x20003f8a   0x00000030   Code   RO         2216    i.__ARM_fpclassify  m_wm.l(fpclassify.o)
    0x20003fba   0x20003fba   0x0000000e   Code   RO         1867    i._is_digit         c_w.l(__printf_wp.o)
    0x20003fc8   0x20003fc8   0x0000002c   Code   RO         1905    locale$$code        c_w.l(lc_ctype_c.o)
    0x20003ff4   0x20003ff4   0x0000002c   Code   RO         2193    locale$$code        c_w.l(lc_numeric_c.o)
    0x20004020   0x20004020   0x0000001a   Code   RO         2124    x$fpl$fpinit        fz_wm.l(fpinit.o)
    0x2000403a   0x2000403a   0x00000004   Code   RO         1966    x$fpl$printf1       fz_wm.l(printf1.o)
    0x2000403e   0x2000403e   0x00000004   Code   RO         1968    x$fpl$printf2       fz_wm.l(printf2.o)
    0x20004042   0x20004042   0x00000000   Code   RO         2215    x$fpl$usenofp       fz_wm.l(usenofp.o)
    0x20004042   0x20004042   0x00000002   PAD
    0x20004044   0x20004044   0x00000008   Data   RO         1826    .constdata          c_w.l(_printf_wctomb.o)
    0x2000404c   0x2000404c   0x00000028   Data   RO         1855    .constdata          c_w.l(_printf_hex_int_ll_ptr.o)
    0x20004074   0x20004074   0x00000011   Data   RO         1875    .constdata          c_w.l(__printf_flags_ss_wp.o)
    0x20004085   0x20004085   0x00000004   Data   RO         1974    .constdata          c_w.l(sys_io_names.o)
    0x20004089   0x20004089   0x00000004   Data   RO         1975    .constdata          c_w.l(sys_io_names.o)
    0x2000408d   0x2000408d   0x00000004   Data   RO         1976    .constdata          c_w.l(sys_io_names.o)
    0x20004091   0x20004091   0x00000026   Data   RO         2073    .constdata          c_w.l(_printf_fp_hex.o)
    0x200040b7   0x200040b7   0x00000001   PAD
    0x200040b8   0x200040b8   0x00000094   Data   RO         2162    .constdata          c_w.l(bigflt0.o)
    0x2000414c   0x2000414c   0x00000010   Data   RO         1756    .rodata._PrintUnsigned._aV2C  segger_rtt_printf.o
    0x2000415c   0x2000415c   0x00000014   Data   RO          245    .rodata.nr_shell_cmd0.end  nr_micro_shell.o
    0x20004170   0x20004170   0x00000014   Data   RO          246    .rodata.nr_shell_cmd1.end  nr_micro_shell.o
    0x20004184   0x20004184   0x00000010   Data   RO         1053    .rodata.s_AdcHclkPresTable  n32g4fr_rcc.o
    0x20004194   0x20004194   0x00000020   Data   RO         1054    .rodata.s_AdcPllClkPresTable  n32g4fr_rcc.o
    0x200041b4   0x200041b4   0x00000010   Data   RO         1052    .rodata.s_ApbAhbPresTable  n32g4fr_rcc.o
    0x200041c4   0x200041c4   0x0000000b   Data   RO           14    .rodata.str1.1      app.o
    0x200041cf   0x200041cf   0x00000013   Data   RO          318    .rodata.str1.1      n32g4fr_it.o
    0x200041e2   0x200041e2   0x00000014   Data   RO         1736    .rodata.str1.1      segger_rtt.o
    0x200041f6   0x200041f6   0x00000002   PAD
    0x200041f8   0x200041f8   0x00000020   Data   RO         2300    Region$$Table       anon$$obj.o
    0x20004218   0x20004218   0x00000110   Data   RO         1904    locale$$data        c_w.l(lc_ctype_c.o)
    0x20004328   0x20004328   0x0000001c   Data   RO         2192    locale$$data        c_w.l(lc_numeric_c.o)
    0x20004344   0x20004344   0x00000004   Data   RO           36    .init_array         main.o
    0x20004348   0x20004344   0x00000000   Data   RO         1800    .init_array         c_w.l(init_aeabi.o)


    Execution Region RW_IRAM1 (Exec base: 0x20010000, Load base: 0x20004348, Size: 0x000036d0, Max: 0x00010000, ABSOLUTE)

    Exec Addr    Load Addr    Size         Type   Attr      Idx    E Section Name        Object

    0x20010000   0x20004348   0x00000004   Data   RW         1774    .data               c_w.l(stdio_streams.o)
    0x20010004   0x2000434c   0x00000004   Data   RW         1775    .data               c_w.l(stdio_streams.o)
    0x20010008   0x20004350   0x00000004   Data   RW         1776    .data               c_w.l(stdio_streams.o)
    0x2001000c   0x20004354   0x00000014   Data   RW          124    .data.FIFO_Data     fifo.o
    0x20010020   0x20004368   0x00000004   Data   RW          282    .data.SystemCoreClock  system_n32g4fr.o
    0x20010024   0x2000436c   0x00000004   PAD
    0x20010028        -       0x00000054   Zero   RW         1771    .bss                c_w.l(stdio_streams.o)
    0x2001007c        -       0x00000054   Zero   RW         1772    .bss                c_w.l(stdio_streams.o)
    0x200100d0        -       0x00000054   Zero   RW         1773    .bss                c_w.l(stdio_streams.o)
    0x20010124        -       0x00000060   Zero   RW         1978    .bss                c_w.l(libspace.o)
    0x20010184        -       0x00001f40   Zero   RW          123    .bss.FIFO_DataBuffer  fifo.o
    0x200120c4        -       0x00000040   Zero   RW         1650    .bss.HardFaultRegs  segger_hardfaulthandler.o
    0x20012104        -       0x00000004   Zero   RW         1651    .bss._Continue      segger_hardfaulthandler.o
    0x20012108        -       0x000000a8   Zero   RW         1733    .bss._SEGGER_RTT    segger_rtt.o
    0x200121b0        -       0x00000010   Zero   RW         1738    .bss._acDownBuffer  segger_rtt.o
    0x200121c0        -       0x00000400   Zero   RW         1737    .bss._acUpBuffer    segger_rtt.o
    0x200125c0        -       0x00000008   Zero   RW           35    .bss.hardware_n32_ch2840adx  main.o
    0x200125c8        -       0x00000004   Zero   RW           16    .bss.key_flag       app.o
    0x200125cc        -       0x00000001   Zero   RW           13    .bss.next_state     app.o
    0x200125cd        -       0x00000001   Zero   RW           12    .bss.state          app.o
    0x200125ce   0x2000436c   0x00000002   PAD
    0x200125d0        -       0x00000100   Zero   RW          291    HEAP                startup_n32g4fr.o
    0x200126d0        -       0x00001000   Zero   RW          290    STACK               startup_n32g4fr.o


==============================================================================

Image component sizes


      Code (inc. data)   RO Data    RW Data    ZI Data      Debug   Object Name

       252          4         11          0          6       1612   app.o
        52          0          0          0          0       2879   bsp.o
        46          0          0          0          0       9938   clk.o
       168          0          0         20       8000       2370   fifo.o
        18          0          0          0          0        304   hardfaulthandler.o
        56          0          0          0          0      10323   hardware.o
        82          0          4          0          8      10637   main.o
       198          0          0          0          0       2901   misc.o
       390          0          0          0          0       6239   n32g4fr_gpio.o
        88          0         19          0          0       1750   n32g4fr_it.o
       564          0         64          0          0       8685   n32g4fr_rcc.o
       766          0          0          0          0       6783   n32g4fr_usart.o
         0          0         40          0          0       4880   nr_micro_shell.o
       276          0          0          0         68       2686   segger_hardfaulthandler.o
       838          0         20          0       1208      13103   segger_rtt.o
      1876         14         16          0          0       3796   segger_rtt_printf.o
        64         26        408          0       4352        852   startup_n32g4fr.o
       518          0          0          4          0       2896   system_n32g4fr.o
       244          0          0          0          0      13519   uart.o

    ----------------------------------------------------------------------
      6532         44        616         24      13648     106153   Object Totals
         0          0         32          0          0          0   (incl. Generated)
        36          0          2          0          6          0   (incl. Padding)

    ----------------------------------------------------------------------

      Code (inc. data)   RO Data    RW Data    ZI Data      Debug   Library Member Name

         8          0          0          0          0         68   __main.o
       392          4         17          0          0         92   __printf_flags_ss_wp.o
        14          0          0          0          0         68   __printf_wp.o
         0          0          0          0          0          0   __rtentry.o
        12          0          0          0          0          0   __rtentry2.o
         6          0          0          0          0          0   __rtentry4.o
        52          8          0          0          0          0   __scatter.o
        26          0          0          0          0          0   __scatter_copy.o
        28          0          0          0          0          0   __scatter_zi.o
        72          0          0          0          0         96   _c16rtomb.o
         6          0          0          0          0          0   _printf_a.o
         6          0          0          0          0          0   _printf_c.o
        44          0          0          0          0        108   _printf_char.o
        48          6          0          0          0         96   _printf_char_common.o
        36          4          0          0          0         80   _printf_char_file.o
        40          0          0          0          0         68   _printf_charcount.o
         6          0          0          0          0          0   _printf_d.o
       120         16          0          0          0         92   _printf_dec.o
         6          0          0          0          0          0   _printf_e.o
         6          0          0          0          0          0   _printf_f.o
      1052          0          0          0          0        148   _printf_fp_dec.o
       764          8         38          0          0        100   _printf_fp_hex.o
       128         16          0          0          0         84   _printf_fp_infnan.o
         6          0          0          0          0          0   _printf_g.o
       148          4         40          0          0        160   _printf_hex_int_ll_ptr.o
         6          0          0          0          0          0   _printf_i.o
       178          0          0          0          0         88   _printf_intcommon.o
        10          0          0          0          0          0   _printf_l.o
         6          0          0          0          0          0   _printf_lc.o
        10          0          0          0          0          0   _printf_ll.o
         6          0          0          0          0          0   _printf_lld.o
         6          0          0          0          0          0   _printf_lli.o
         6          0          0          0          0          0   _printf_llo.o
         6          0          0          0          0          0   _printf_llu.o
         6          0          0          0          0          0   _printf_llx.o
       124         16          0          0          0         92   _printf_longlong_dec.o
         6          0          0          0          0          0   _printf_ls.o
         6          0          0          0          0          0   _printf_n.o
         6          0          0          0          0          0   _printf_o.o
       112          8          0          0          0        124   _printf_oct_int_ll.o
         6          0          0          0          0          0   _printf_p.o
        78          0          0          0          0        108   _printf_pad.o
         0          0          0          0          0          0   _printf_percent.o
         4          0          0          0          0          0   _printf_percent_end.o
         6          0          0          0          0          0   _printf_s.o
        82          0          0          0          0         80   _printf_str.o
        36          0          0          0          0         84   _printf_truncate.o
         6          0          0          0          0          0   _printf_u.o
        44          0          0          0          0        108   _printf_wchar.o
       188          6          8          0          0         92   _printf_wctomb.o
         6          0          0          0          0          0   _printf_x.o
        46          0          0          0          0         84   aeabi_atexit.o
       228          4        148          0          0         96   bigflt0.o
      1936        128          0          0          0        668   btod.o
        10          0          0          0          0         68   cxa_atexit.o
        66          0          0          0          0         84   cxa_finalize.o
        10          0          0          0          0         68   defsig_exit.o
        50          0          0          0          0         88   defsig_general.o
        80         58          0          0          0         76   defsig_rtmem_inner.o
        14          0          0          0          0         80   defsig_rtmem_outer.o
        52         38          0          0          0         76   defsig_rtred_inner.o
        14          0          0          0          0         80   defsig_rtred_outer.o
        18          0          0          0          0         80   exit.o
        76          0          0          0          0         88   fclose.o
         8          0          0          0          0         68   ferror.o
       240          6          0          0          0        128   fopen.o
       248          6          0          0          0         84   fseek.o
        66          0          0          0          0         76   ftell.o
        94          0          0          0          0         80   h1_alloc.o
        52          0          0          0          0         68   h1_extend.o
        78          0          0          0          0         80   h1_free.o
        14          0          0          0          0         84   h1_init.o
         6          0          0          0          0        152   heapauxi.o
         4          0          0          0          0        136   hguard.o
         0          0          0          0          0          0   indicate_semi.o
        36          8          0          0          0         80   init_aeabi.o
       138          0          0          0          0        168   init_alloc.o
       312         46          0          0          0        112   initio.o
        44         10        272          0          0         76   lc_ctype_c.o
        44         10         28          0          0         76   lc_numeric_c.o
         2          0          0          0          0          0   libinit.o
        50          0          0          0          0          0   libinit2.o
         2          0          0          0          0          0   libshutdown.o
        12          0          0          0          0          0   libshutdown2.o
         8          4          0          0         96         68   libspace.o
       138          0          0          0          0         80   lludiv10.o
         0          0          0          0          0          0   maybetermalloc1.o
        24          4          0          0          0         84   printf.o
        16          4          0          0          0         76   rt_ctype_table.o
         8          4          0          0          0         68   rt_ddtor_pointer_addr_intlibspace.o
         8          4          0          0          0         68   rt_errno_addr_intlibspace.o
         8          4          0          0          0         68   rt_heap_descriptor_intlibspace.o
         8          4          0          0          0         68   rt_locale_intlibspace.o
        68          0          0          0          0         68   rt_memclr.o
        78          0          0          0          0         80   rt_memclr_w.o
       138          0          0          0          0         68   rt_memcpy_v6.o
       100          0          0          0          0         80   rt_memcpy_w.o
         2          0          0          0          0          0   rtexit.o
        10          0          0          0          0          0   rtexit2.o
        70          0          0          0          0         80   setvbuf.o
       240          6          0          0          0        156   stdio.o
         0          0          0         12        252          0   stdio_streams.o
       124          0          0          0          0         88   strcmpv7em.o
        72          0          0          0          0         80   strcpy.o
        62          0          0          0          0         76   strlen.o
        12          4          0          0          0         68   sys_exit.o
       102          0          0          0          0        240   sys_io.o
         0          0         12          0          0          0   sys_io_names.o
        74          0          0          0          0         80   sys_stackheap_outer.o
        14          0          0          0          0         76   sys_wrch.o
         2          0          0          0          0         68   use_no_semi.o
        26          0          0          0          0        116   fpinit.o
         4          0          0          0          0        116   printf1.o
         4          0          0          0          0        116   printf2.o
         0          0          0          0          0          0   usenofp.o
        48          0          0          0          0        124   fpclassify.o

    ----------------------------------------------------------------------
      9512        448        564         12        348       7500   Library Totals
        18          0          1          0          0          0   (incl. Padding)

    ----------------------------------------------------------------------

      Code (inc. data)   RO Data    RW Data    ZI Data      Debug   Library Name

      9412        448        563         12        348       7028   c_w.l
        34          0          0          0          0        348   fz_wm.l
        48          0          0          0          0        124   m_wm.l

    ----------------------------------------------------------------------
      9512        448        564         12        348       7500   Library Totals

    ----------------------------------------------------------------------

==============================================================================


      Code (inc. data)   RO Data    RW Data    ZI Data      Debug   

     16044        492       1180         36      13996     109253   Grand Totals
     16044        492       1180         36      13996     109253   ELF Image Totals
     16044        492       1180         36          0          0   ROM Totals

==============================================================================

    Total RO  Size (Code + RO Data)                17224 (  16.82kB)
    Total RW  Size (RW Data + ZI Data)             14032 (  13.70kB)
    Total ROM Size (Code + RO Data + RW Data)      17260 (  16.86kB)

==============================================================================

