Component: ARM Compiler 6.14.1 Tool: armlink [5db06d00]

==============================================================================

Image Symbol Table

    Local Symbols

    Symbol Name                              Value     Ov Type        Size  Object(Section)

    ../clib/microlib/division.c              0x00000000   Number         0  uldiv.o ABSOLUTE
    ../clib/microlib/division.c              0x00000000   Number         0  uidiv.o ABSOLUTE
    ../clib/microlib/init/entry.s            0x00000000   Number         0  entry.o ABSOLUTE
    ../clib/microlib/init/entry.s            0x00000000   Number         0  entry2.o ABSOLUTE
    ../clib/microlib/init/entry.s            0x00000000   Number         0  entry5.o ABSOLUTE
    ../clib/microlib/init/entry.s            0x00000000   Number         0  entry7a.o ABSOLUTE
    ../clib/microlib/init/entry.s            0x00000000   Number         0  entry7b.o ABSOLUTE
    ../clib/microlib/init/entry.s            0x00000000   Number         0  entry8a.o ABSOLUTE
    ../clib/microlib/init/entry.s            0x00000000   Number         0  entry8b.o ABSOLUTE
    ../clib/microlib/init/entry.s            0x00000000   Number         0  entry9a.o ABSOLUTE
    ../clib/microlib/init/entry.s            0x00000000   Number         0  entry9b.o ABSOLUTE
    ../clib/microlib/init/entry.s            0x00000000   Number         0  entry10a.o ABSOLUTE
    ../clib/microlib/init/entry.s            0x00000000   Number         0  entry10b.o ABSOLUTE
    ../clib/microlib/init/entry.s            0x00000000   Number         0  entry11a.o ABSOLUTE
    ../clib/microlib/init/entry.s            0x00000000   Number         0  entry11b.o ABSOLUTE
    ../clib/microlib/longlong.c              0x00000000   Number         0  llshl.o ABSOLUTE
    ../clib/microlib/longlong.c              0x00000000   Number         0  llushr.o ABSOLUTE
    ../clib/microlib/longlong.c              0x00000000   Number         0  llsshr.o ABSOLUTE
    ../clib/microlib/printf/printf.c         0x00000000   Number         0  printfb.o ABSOLUTE
    ../clib/microlib/printf/printf.c         0x00000000   Number         0  printf0.o ABSOLUTE
    ../clib/microlib/printf/printf.c         0x00000000   Number         0  printf1.o ABSOLUTE
    ../clib/microlib/printf/printf.c         0x00000000   Number         0  printf2.o ABSOLUTE
    ../clib/microlib/printf/printf.c         0x00000000   Number         0  printf3.o ABSOLUTE
    ../clib/microlib/printf/printf.c         0x00000000   Number         0  printf4.o ABSOLUTE
    ../clib/microlib/printf/printf.c         0x00000000   Number         0  printf5.o ABSOLUTE
    ../clib/microlib/printf/printf.c         0x00000000   Number         0  printf6.o ABSOLUTE
    ../clib/microlib/printf/printf.c         0x00000000   Number         0  printf7.o ABSOLUTE
    ../clib/microlib/printf/printf.c         0x00000000   Number         0  printf8.o ABSOLUTE
    ../clib/microlib/printf/printf.c         0x00000000   Number         0  printfa.o ABSOLUTE
    ../clib/microlib/printf/stubs.s          0x00000000   Number         0  printfstubs.o ABSOLUTE
    ../clib/microlib/stdio/fputs.c           0x00000000   Number         0  fputs.o ABSOLUTE
    ../clib/microlib/stdio/fputs.c           0x00000000   Number         0  fputs_e.o ABSOLUTE
    ../clib/microlib/stdio/streams.c         0x00000000   Number         0  stdout.o ABSOLUTE
    ../clib/microlib/stdio/streams.c         0x00000000   Number         0  stderr.o ABSOLUTE
    ../clib/microlib/string/memcpy.c         0x00000000   Number         0  memcpya.o ABSOLUTE
    ../clib/microlib/string/memcpy.c         0x00000000   Number         0  memcpyb.o ABSOLUTE
    ../clib/microlib/string/memset.c         0x00000000   Number         0  memseta.o ABSOLUTE
    ../clib/microlib/string/strcmp.c         0x00000000   Number         0  strcmp.o ABSOLUTE
    ../clib/microlib/string/strlen.c         0x00000000   Number         0  strlen.o ABSOLUTE
    ../clib/microlib/string/strncmp.c        0x00000000   Number         0  strncmp.o ABSOLUTE
    ../clib/microlib/stubs.s                 0x00000000   Number         0  iusefp.o ABSOLUTE
    ../fplib/microlib/fpadd.c                0x00000000   Number         0  dadd.o ABSOLUTE
    ../fplib/microlib/fpdiv.c                0x00000000   Number         0  ddiv.o ABSOLUTE
    ../fplib/microlib/fpepilogue.c           0x00000000   Number         0  depilogue.o ABSOLUTE
    ../fplib/microlib/fpfix.c                0x00000000   Number         0  dfixul.o ABSOLUTE
    ../fplib/microlib/fpmul.c                0x00000000   Number         0  dmul.o ABSOLUTE
    ..\application\HardFaultHandlerMDK\HardFaultHandler.S 0x00000000   Number         0  hardfaulthandler.o ABSOLUTE
    EventRecorder.c                          0x00000000   Number         0  eventrecorder.o ABSOLUTE
    SEGGER_HardFaultHandler.c                0x00000000   Number         0  segger_hardfaulthandler.o ABSOLUTE
[...]
    IRQ046_Handler                           0x200020b9   Thumb Code    12  hc32f46x_interrupts.o(.text.IRQ046_Handler)
    IRQ047_Handler                           0x200020c5   Thumb Code    12  hc32f46x_interrupts.o(.text.IRQ047_Handler)
    IRQ048_Handler                           0x200020d1   Thumb Code    12  hc32f46x_interrupts.o(.text.IRQ048_Handler)
    IRQ049_Handler                           0x200020dd   Thumb Code    12  hc32f46x_interrupts.o(.text.IRQ049_Handler)
    IRQ050_Handler                           0x200020e9   Thumb Code    12  hc32f46x_interrupts.o(.text.IRQ050_Handler)
    IRQ051_Handler                           0x200020f5   Thumb Code    12  hc32f46x_interrupts.o(.text.IRQ051_Handler)
    IRQ052_Handler                           0x20002101   Thumb Code    12  hc32f46x_interrupts.o(.text.IRQ052_Handler)
    IRQ053_Handler                           0x2000210d   Thumb Code    12  hc32f46x_interrupts.o(.text.IRQ053_Handler)
    IRQ054_Handler                           0x20002119   Thumb Code    12  hc32f46x_interrupts.o(.text.IRQ054_Handler)
    IRQ055_Handler                           0x20002125   Thumb Code    12  hc32f46x_interrupts.o(.text.IRQ055_Handler)
    IRQ056_Handler                           0x20002131   Thumb Code    12  hc32f46x_interrupts.o(.text.IRQ056_Handler)
    IRQ057_Handler                           0x2000213d   Thumb Code    12  hc32f46x_interrupts.o(.text.IRQ057_Handler)
    IRQ058_Handler                           0x20002149   Thumb Code    12  hc32f46x_interrupts.o(.text.IRQ058_Handler)
    IRQ059_Handler                           0x20002155   Thumb Code    12  hc32f46x_interrupts.o(.text.IRQ059_Handler)
    IRQ060_Handler                           0x20002161   Thumb Code    12  hc32f46x_interrupts.o(.text.IRQ060_Handler)
    IRQ061_Handler                           0x2000216d   Thumb Code    12  hc32f46x_interrupts.o(.text.IRQ061_Handler)
    IRQ062_Handler                           0x20002179   Thumb Code    12  hc32f46x_interrupts.o(.text.IRQ062_Handler)
    IRQ063_Handler                           0x20002185   Thumb Code    16  hc32f46x_interrupts.o(.text.IRQ063_Handler)
    IRQ064_Handler                           0x20002195   Thumb Code    16  hc32f46x_interrupts.o(.text.IRQ064_Handler)
    IRQ065_Handler                           0x200021a5   Thumb Code    16  hc32f46x_interrupts.o(.text.IRQ065_Handler)
    IRQ066_Handler                           0x200021b5   Thumb Code    16  hc32f46x_interrupts.o(.text.IRQ066_Handler)
    IRQ067_Handler                           0x200021c5   Thumb Code    16  hc32f46x_interrupts.o(.text.IRQ067_Handler)
    IRQ068_Handler                           0x200021d5   Thumb Code    16  hc32f46x_interrupts.o(.text.IRQ068_Handler)
    IRQ069_Handler                           0x200021e5   Thumb Code    16  hc32f46x_interrupts.o(.text.IRQ069_Handler)
    IRQ070_Handler                           0x200021f5   Thumb Code    16  hc32f46x_interrupts.o(.text.IRQ070_Handler)
    IRQ071_Handler                           0x20002205   Thumb Code    16  hc32f46x_interrupts.o(.text.IRQ071_Handler)
    IRQ072_Handler                           0x20002215   Thumb Code    16  hc32f46x_interrupts.o(.text.IRQ072_Handler)
    IRQ073_Handler                           0x20002225   Thumb Code    16  hc32f46x_interrupts.o(.text.IRQ073_Handler)
    IRQ074_Handler                           0x20002235   Thumb Code    16  hc32f46x_interrupts.o(.text.IRQ074_Handler)
    IRQ075_Handler                           0x20002245   Thumb Code    16  hc32f46x_interrupts.o(.text.IRQ075_Handler)
    IRQ076_Handler                           0x20002255   Thumb Code    16  hc32f46x_interrupts.o(.text.IRQ076_Handler)
    IRQ077_Handler                           0x20002265   Thumb Code    16  hc32f46x_interrupts.o(.text.IRQ077_Handler)
    IRQ078_Handler                           0x20002275   Thumb Code    16  hc32f46x_interrupts.o(.text.IRQ078_Handler)
    IRQ079_Handler                           0x20002285   Thumb Code    16  hc32f46x_interrupts.o(.text.IRQ079_Handler)
    IRQ080_Handler                           0x20002295   Thumb Code    16  hc32f46x_interrupts.o(.text.IRQ080_Handler)
    IRQ081_Handler                           0x200022a5   Thumb Code    16  hc32f46x_interrupts.o(.text.IRQ081_Handler)
    IRQ082_Handler                           0x200022b5   Thumb Code    16  hc32f46x_interrupts.o(.text.IRQ082_Handler)
    IRQ083_Handler                           0x200022c5   Thumb Code    16  hc32f46x_interrupts.o(.text.IRQ083_Handler)
    IRQ084_Handler                           0x200022d5   Thumb Code    16  hc32f46x_interrupts.o(.text.IRQ084_Handler)
    IRQ085_Handler                           0x200022e5   Thumb Code    16  hc32f46x_interrupts.o(.text.IRQ085_Handler)
    IRQ086_Handler                           0x200022f5   Thumb Code    16  hc32f46x_interrupts.o(.text.IRQ086_Handler)
    IRQ087_Handler                           0x20002305   Thumb Code    16  hc32f46x_interrupts.o(.text.IRQ087_Handler)
    IRQ088_Handler                           0x20002315   Thumb Code    16  hc32f46x_interrupts.o(.text.IRQ088_Handler)
    IRQ089_Handler                           0x20002325   Thumb Code    16  hc32f46x_interrupts.o(.text.IRQ089_Handler)
    IRQ090_Handler                           0x20002335   Thumb Code    16  hc32f46x_interrupts.o(.text.IRQ090_Handler)
    IRQ091_Handler                           0x20002345   Thumb Code    16  hc32f46x_interrupts.o(.text.IRQ091_Handler)
    IRQ092_Handler                           0x20002355   Thumb Code    16  hc32f46x_interrupts.o(.text.IRQ092_Handler)
    IRQ093_Handler                           0x20002365   Thumb Code    16  hc32f46x_interrupts.o(.text.IRQ093_Handler)
    IRQ094_Handler                           0x20002375   Thumb Code    16  hc32f46x_interrupts.o(.text.IRQ094_Handler)
    IRQ095_Handler                           0x20002385   Thumb Code    16  hc32f46x_interrupts.o(.text.IRQ095_Handler)
    IRQ096_Handler                           0x20002395   Thumb Code    16  hc32f46x_interrupts.o(.text.IRQ096_Handler)
    IRQ097_Handler                           0x200023a5   Thumb Code    16  hc32f46x_interrupts.o(.text.IRQ097_Handler)
    IRQ098_Handler                           0x200023b5   Thumb Code    16  hc32f46x_interrupts.o(.text.IRQ098_Handler)
    IRQ099_Handler                           0x200023c5   Thumb Code    16  hc32f46x_interrupts.o(.text.IRQ099_Handler)
    IRQ100_Handler                           0x200023d5   Thumb Code    16  hc32f46x_interrupts.o(.text.IRQ100_Handler)
    IRQ101_Handler                           0x200023e5   Thumb Code    16  hc32f46x_interrupts.o(.text.IRQ101_Handler)
    IRQ102_Handler                           0x200023f5   Thumb Code    16  hc32f46x_interrupts.o(.text.IRQ102_Handler)
    IRQ103_Handler                           0x20002405   Thumb Code    16  hc32f46x_interrupts.o(.text.IRQ103_Handler)
    IRQ104_Handler                           0x20002415   Thumb Code    16  hc32f46x_interrupts.o(.text.IRQ104_Handler)
    IRQ105_Handler                           0x20002425   Thumb Code    16  hc32f46x_interrupts.o(.text.IRQ105_Handler)
    IRQ106_Handler                           0x20002435   Thumb Code    16  hc32f46x_interrupts.o(.text.IRQ106_Handler)
    IRQ107_Handler                           0x20002445   Thumb Code    16  hc32f46x_interrupts.o(.text.IRQ107_Handler)
    IRQ108_Handler                           0x20002455   Thumb Code    16  hc32f46x_interrupts.o(.text.IRQ108_Handler)
    IRQ109_Handler                           0x20002465   Thumb Code    16  hc32f46x_interrupts.o(.text.IRQ109_Handler)
    IRQ110_Handler                           0x20002475   Thumb Code    16  hc32f46x_interrupts.o(.text.IRQ110_Handler)
    IRQ111_Handler                           0x20002485   Thumb Code    16  hc32f46x_interrupts.o(.text.IRQ111_Handler)
    IRQ112_Handler                           0x20002495   Thumb Code    16  hc32f46x_interrupts.o(.text.IRQ112_Handler)
    IRQ113_Handler                           0x200024a5   Thumb Code    16  hc32f46x_interrupts.o(.text.IRQ113_Handler)
    IRQ114_Handler                           0x200024b5   Thumb Code    16  hc32f46x_interrupts.o(.text.IRQ114_Handler)
    IRQ115_Handler                           0x200024c5   Thumb Code    16  hc32f46x_interrupts.o(.text.IRQ115_Handler)
    IRQ116_Handler                           0x200024d5   Thumb Code    16  hc32f46x_interrupts.o(.text.IRQ116_Handler)
    IRQ117_Handler                           0x200024e5   Thumb Code    16  hc32f46x_interrupts.o(.text.IRQ117_Handler)
    IRQ118_Handler                           0x200024f5   Thumb Code    16  hc32f46x_interrupts.o(.text.IRQ118_Handler)
    IRQ119_Handler                           0x20002505   Thumb Code    16  hc32f46x_interrupts.o(.text.IRQ119_Handler)
    IRQ120_Handler                           0x20002515   Thumb Code    16  hc32f46x_interrupts.o(.text.IRQ120_Handler)
    IRQ121_Handler                           0x20002525   Thumb Code    16  hc32f46x_interrupts.o(.text.IRQ121_Handler)
    IRQ122_Handler                           0x20002535   Thumb Code    16  hc32f46x_interrupts.o(.text.IRQ122_Handler)
    IRQ123_Handler                           0x20002545   Thumb Code    16  hc32f46x_interrupts.o(.text.IRQ123_Handler)
    IRQ124_Handler                           0x20002555   Thumb Code    16  hc32f46x_interrupts.o(.text.IRQ124_Handler)
    IRQ125_Handler                           0x20002565   Thumb Code    16  hc32f46x_interrupts.o(.text.IRQ125_Handler)
    IRQ126_Handler                           0x20002575   Thumb Code    16  hc32f46x_interrupts.o(.text.IRQ126_Handler)
    IRQ127_Handler                           0x20002585   Thumb Code    16  hc32f46x_interrupts.o(.text.IRQ127_Handler)
    IRQ128_Handler                           0x20002595   Thumb Code   244  hc32f46x_interrupts.o(.text.IRQ128_Handler)
    IRQ129_Handler                           0x20002689   Thumb Code   852  hc32f46x_interrupts.o(.text.IRQ129_Handler)
    IRQ130_Handler                           0x200029dd   Thumb Code   176  hc32f46x_interrupts.o(.text.IRQ130_Handler)
    IRQ131_Handler                           0x20002a8d   Thumb Code   524  hc32f46x_interrupts.o(.text.IRQ131_Handler)
    IRQ132_Handler                           0x20002c99   Thumb Code   268  hc32f46x_interrupts.o(.text.IRQ132_Handler)
    IRQ136_Handler                           0x20002da5   Thumb Code   636  hc32f46x_interrupts.o(.text.IRQ136_Handler)
    IRQ137_Handler                           0x20003021   Thumb Code   572  hc32f46x_interrupts.o(.text.IRQ137_Handler)
    IRQ138_Handler                           0x2000325d   Thumb Code   396  hc32f46x_interrupts.o(.text.IRQ138_Handler)
    IRQ139_Handler                           0x200033e9   Thumb Code   204  hc32f46x_interrupts.o(.text.IRQ139_Handler)
    IRQ140_Handler                           0x200034b5   Thumb Code   396  hc32f46x_interrupts.o(.text.IRQ140_Handler)
    IRQ141_Handler                           0x20003641   Thumb Code   452  hc32f46x_interrupts.o(.text.IRQ141_Handler)
    IRQ142_Handler                           0x20003805   Thumb Code   240  hc32f46x_interrupts.o(.text.IRQ142_Handler)
    IRQ143_Handler                           0x200038f5   Thumb Code   188  hc32f46x_interrupts.o(.text.IRQ143_Handler)
    MemManage_Handler                        0x200039b1   Thumb Code     8  hc32f46x_interrupts.o(.text.MemManage_Handler)
    NMI_Handler                              0x200039b9   Thumb Code     8  hc32f46x_interrupts.o(.text.NMI_Handler)
    PORT_GetBit                              0x200039c1   Thumb Code   128  hc32f46x_gpio.o(.text.PORT_GetBit)
    PORT_Init                                0x20003a41   Thumb Code   388  hc32f46x_gpio.o(.text.PORT_Init)
    PORT_SetBits                             0x20003bc5   Thumb Code    40  hc32f46x_gpio.o(.text.PORT_SetBits)
    PORT_SetFunc                             0x20003bed   Thumb Code   156  hc32f46x_gpio.o(.text.PORT_SetFunc)
    PWC_Fcg0PeriphClockCmd                   0x20003c89   Thumb Code    76  hc32f46x_pwc.o(.text.PWC_Fcg0PeriphClockCmd)
    PWC_Fcg1PeriphClockCmd                   0x20003cd5   Thumb Code    64  hc32f46x_pwc.o(.text.PWC_Fcg1PeriphClockCmd)
    PWC_Fcg2PeriphClockCmd                   0x20003d15   Thumb Code    64  hc32f46x_pwc.o(.text.PWC_Fcg2PeriphClockCmd)
    PWC_Fcg3PeriphClockCmd                   0x20003d55   Thumb Code    68  hc32f46x_pwc.o(.text.PWC_Fcg3PeriphClockCmd)
    PendSV_Handler                           0x20003d99   Thumb Code     8  hc32f46x_interrupts.o(.text.PendSV_Handler)
    SEGGER_RTT_ConfigUpBuffer                0x20003da1   Thumb Code    92  segger_rtt.o(.text.SEGGER_RTT_ConfigUpBuffer)
    SEGGER_RTT_Init                          0x20003dfd   Thumb Code     4  segger_rtt.o(.text.SEGGER_RTT_Init)
    SEGGER_RTT_Write                         0x20003e01   Thumb Code    48  segger_rtt.o(.text.SEGGER_RTT_Write)
    SEGGER_RTT_WriteNoLock                   0x20003e31   Thumb Code    92  segger_rtt.o(.text.SEGGER_RTT_WriteNoLock)
    SEGGER_RTT_printf                        0x20003e8d   Thumb Code    26  segger_rtt_printf.o(.text.SEGGER_RTT_printf)
    SEGGER_RTT_vprintf                       0x20003ea9   Thumb Code   700  segger_rtt_printf.o(.text.SEGGER_RTT_vprintf)
    SVC_Handler                              0x20004165   Thumb Code     8  hc32f46x_interrupts.o(.text.SVC_Handler)
    SysClkIni                                0x2000416d   Thumb Code   112  myclk.o(.text.SysClkIni)
    SysTick_GetTick                          0x200041dd   Thumb Code     8  hc32f46x_utility.o(.text.SysTick_GetTick)
    SysTick_Handler                          0x200041e5   Thumb Code     8  hc32f46x_interrupts.o(.text.SysTick_Handler)
    SysTick_IncTick                          0x200041ed   Thumb Code    12  hc32f46x_utility.o(.text.SysTick_IncTick)
    SysTick_Init                             0x200041f9   Thumb Code    72  hc32f46x_utility.o(.text.SysTick_Init)
    SysTick_IrqHandler                       0x20004241   Thumb Code     4  app.o(.text.SysTick_IrqHandler)
    SystemCoreClockUpdate                    0x20004245   Thumb Code   124  system_hc32f46x.o(.text.SystemCoreClockUpdate)
    SystemInit                               0x200042c1   Thumb Code    20  system_hc32f46x.o(.text.SystemInit)
    TIMER0_BaseInit                          0x200042d5   Thumb Code   428  hc32f46x_timer0.o(.text.TIMER0_BaseInit)
    TIMER0_Cmd                               0x20004481   Thumb Code   144  hc32f46x_timer0.o(.text.TIMER0_Cmd)
    TIMER0_IntCmd                            0x20004551   Thumb Code   152  hc32f46x_timer0.o(.text.TIMER0_IntCmd)
    TIMERA_BaseInit                          0x200045e9   Thumb Code   232  hc32f46x_timera.o(.text.TIMERA_BaseInit)
    TIMERA_ClearFlag                         0x200046d1   Thumb Code   164  hc32f46x_timera.o(.text.TIMERA_ClearFlag)
    TIMERA_Cmd                               0x20004775   Thumb Code    52  hc32f46x_timera.o(.text.TIMERA_Cmd)
    TIMERA_CompareCmd                        0x200047a9   Thumb Code    72  hc32f46x_timera.o(.text.TIMERA_CompareCmd)
    TIMERA_CompareInit                       0x200047f1   Thumb Code   432  hc32f46x_timera.o(.text.TIMERA_CompareInit)
    TIMERA_GetFlag                           0x200049a1   Thumb Code   164  hc32f46x_timera.o(.text.TIMERA_GetFlag)
    TIMERA_IrqCmd                            0x20004a45   Thumb Code   188  hc32f46x_timera.o(.text.TIMERA_IrqCmd)
    Timera_Config                            0x20004bc9   Thumb Code   312  timera_pwm.o(.text.Timera_Config)
    USART_ClearStatus                        0x20004d01   Thumb Code    84  hc32f46x_usart.o(.text.USART_ClearStatus)
    USART_FuncCmd                            0x20004d55   Thumb Code   212  hc32f46x_usart.o(.text.USART_FuncCmd)
    USART_GetStatus                          0x20004e29   Thumb Code   104  hc32f46x_usart.o(.text.USART_GetStatus)
    USART_RecData                            0x20004e91   Thumb Code    68  hc32f46x_usart.o(.text.USART_RecData)
    USART_SetBaudrate                        0x20004ed5   Thumb Code   644  hc32f46x_usart.o(.text.USART_SetBaudrate)
    USART_UART_Init                          0x20005159   Thumb Code   400  hc32f46x_usart.o(.text.USART_UART_Init)
    UsageFault_Handler                       0x200052e9   Thumb Code     8  hc32f46x_interrupts.o(.text.UsageFault_Handler)
    UsartRxErrProcess                        0x20005349   Thumb Code    72  myusart.o(.text.UsartRxErrProcess)
    User_Shell_Init                          0x200053a9   Thumb Code    28  shell_port.o(.text.User_Shell_Init)
    adc_clk_test                             0x20005675   Thumb Code    48  myadc.o(.text.adc_clk_test)
    app                                      0x200056a5   Thumb Code    40  app.o(.text.app)
    clk_test                                 0x200056cd   Thumb Code   316  myclk.o(.text.clk_test)
    enIrqRegistration                        0x20005809   Thumb Code   160  hc32f46x_interrupts.o(.text.enIrqRegistration)
    en_fsk_pwm                               0x200058a9   Thumb Code    72  app.o(.text.en_fsk_pwm)
    en_sample                                0x200058f1   Thumb Code    56  app.o(.text.en_sample)
    enable_flash_cache                       0x20005929   Thumb Code    40  app.o(.text.enable_flash_cache)
    error_process                            0x20005951   Thumb Code    20  app.o(.text.error_process)
    fputc                                    0x20005965   Thumb Code    68  retarget_io.o(.text.fputc)
    gpio_init                                0x200059a9   Thumb Code    46  app.o(.text.gpio_init)
    hexdump                                  0x200059d9   Thumb Code   368  app.o(.text.hexdump)
    idle_process                             0x20005b49   Thumb Code    36  app.o(.text.idle_process)
    init_all                                 0x20005b6d   Thumb Code   208  app.o(.text.init_all)
    led_init                                 0x20005c3d   Thumb Code    62  myled.o(.text.led_init)
    main                                     0x20005c7b   Thumb Code    10  main.o(.text.main)
    memory_init                              0x20005c85   Thumb Code    76  app.o(.text.memory_init)
    quit_shell                               0x20005cd1   Thumb Code     4  shell_port.o(.text.quit_shell)
    read_uid                                 0x20005cd5   Thumb Code   100  app.o(.text.read_uid)
    segger_init                              0x20005d39   Thumb Code   172  app.o(.text.segger_init)
    sent_sample_data                         0x20005de5   Thumb Code    64  app.o(.text.sent_sample_data)
    set_fsk_wave_duty                        0x20005e25   Thumb Code   152  app.o(.text.set_fsk_wave_duty)
    set_if_adc_avg                           0x20005ebd   Thumb Code    28  app.o(.text.set_if_adc_avg)
    set_samplerate                           0x20005ed9   Thumb Code    84  app.o(.text.set_samplerate)
    shellBackspace                           0x20005f2d   Thumb Code     6  shell.o(.text.shellBackspace)
    shellCheckPermission                     0x20005f33   Thumb Code    48  shell.o(.text.shellCheckPermission)
    shellClear                               0x20005f65   Thumb Code    24  shell.o(.text.shellClear)
    shellClearCommandLine                    0x20005f7d   Thumb Code    48  shell.o(.text.shellClearCommandLine)
    shellCmds                                0x20005fad   Thumb Code    18  shell.o(.text.shellCmds)
    shellDelete                              0x20005fbf   Thumb Code     8  shell.o(.text.shellDelete)
    shellDeleteByte                          0x20005fc7   Thumb Code   218  shell.o(.text.shellDeleteByte)
    shellDeleteCommandLine                   0x200060a1   Thumb Code    32  shell.o(.text.shellDeleteCommandLine)
    shellDown                                0x200060c1   Thumb Code     8  shell.o(.text.shellDown)
    shellEnter                               0x200060c9   Thumb Code    18  shell.o(.text.shellEnter)
    shellExec                                0x200060dd   Thumb Code   360  shell.o(.text.shellExec)
    shellExecute                             0x20006245   Thumb Code    92  shell.o(.text.shellExecute)
    shellExtParsePara                        0x200062d5   Thumb Code   398  shell_ext.o(.text.shellExtParsePara)
    shellExtRun                              0x20006465   Thumb Code   190  shell_ext.o(.text.shellExtRun)
    shellGetCurrent                          0x2000655d   Thumb Code    32  shell.o(.text.shellGetCurrent)
    shellGetVarValue                         0x2000657d   Thumb Code    60  shell.o(.text.shellGetVarValue)
    shellHandler                             0x200065b9   Thumb Code   252  shell.o(.text.shellHandler)
    shellHelp                                0x200066b5   Thumb Code    40  shell.o(.text.shellHelp)
    shellInit                                0x2000676d   Thumb Code   140  shell.o(.text.shellInit)
    shellInsertByte                          0x200067f9   Thumb Code   208  shell.o(.text.shellInsertByte)
    shellKeys                                0x200068c9   Thumb Code    18  shell.o(.text.shellKeys)
    shellLeft                                0x200068db   Thumb Code    32  shell.o(.text.shellLeft)
    shellListAll                             0x200068fb   Thumb Code    18  shell.o(.text.shellListAll)
    shellListCommand                         0x2000690d   Thumb Code    80  shell.o(.text.shellListCommand)
    shellListItem                            0x2000695d   Thumb Code   292  shell.o(.text.shellListItem)
    shellListKey                             0x20006a81   Thumb Code    84  shell.o(.text.shellListKey)
    shellListUser                            0x20006ad5   Thumb Code    84  shell.o(.text.shellListUser)
    shellListVar                             0x20006b29   Thumb Code    84  shell.o(.text.shellListVar)
    shellNormalInput                         0x20006b7d   Thumb Code    16  shell.o(.text.shellNormalInput)
    shellRight                               0x20006b8d   Thumb Code    34  shell.o(.text.shellRight)
    shellRunCommand                          0x20006baf   Thumb Code   192  shell.o(.text.shellRunCommand)
    shellSeekCommand                         0x20006c6f   Thumb Code   108  shell.o(.text.shellSeekCommand)
    shellSetVar                              0x20006d39   Thumb Code   108  shell.o(.text.shellSetVar)
    shellSetVarValue                         0x20006da5   Thumb Code   156  shell.o(.text.shellSetVarValue)
    shellTab                                 0x20006f21   Thumb Code   344  shell.o(.text.shellTab)
    shellTask                                0x20007079   Thumb Code    32  shell.o(.text.shellTask)
    shellToDec                               0x20007099   Thumb Code    72  shell.o(.text.shellToDec)
    shellToHex                               0x200070e1   Thumb Code    44  shell.o(.text.shellToHex)
    shellUp                                  0x2000710d   Thumb Code     6  shell.o(.text.shellUp)
    shellUsers                               0x20007113   Thumb Code    18  shell.o(.text.shellUsers)
    shellVars                                0x20007125   Thumb Code    18  shell.o(.text.shellVars)
    shellWrite                               0x20007137   Thumb Code    10  shell_port.o(.text.shellWrite)
    shellWriteString                         0x200072a5   Thumb Code    32  shell.o(.text.shellWriteString)
    shell_uart_write_data                    0x200072c5   Thumb Code    28  shell_port.o(.text.shell_uart_write_data)
    tick_init                                0x200072e1   Thumb Code    20  app.o(.text.tick_init)
    timer0_init                              0x200072f5   Thumb Code   260  mytimer.o(.text.timer0_init)
    tuya_UsartRxErrProcess                   0x200073f9   Thumb Code    72  myusart.o(.text.tuya_UsartRxErrProcess)
    uart_transmit_output_shell               0x20007445   Thumb Code    16  shell_port.o(.text.uart_transmit_output_shell)
    usart_init                               0x20007455   Thumb Code   356  myusart.o(.text.usart_init)
    HardFault_Handler                        0x200075b9   Thumb Code     0  hardfaulthandler.o(OSKERNEL)
    __0printf                                0x200075cd   Thumb Code    22  printfa.o(i.__0printf)
    __1printf                                0x200075cd   Thumb Code     0  printfa.o(i.__0printf)
    __2printf                                0x200075cd   Thumb Code     0  printfa.o(i.__0printf)
    __c89printf                              0x200075cd   Thumb Code     0  printfa.o(i.__0printf)
    printf                                   0x200075cd   Thumb Code     0  printfa.o(i.__0printf)
    __scatterload_copy                       0x200075ed   Thumb Code    14  handlers.o(i.__scatterload_copy)
    __scatterload_null                       0x200075fb   Thumb Code     2  handlers.o(i.__scatterload_null)
    __scatterload_zeroinit                   0x200075fd   Thumb Code    14  handlers.o(i.__scatterload_zeroinit)
    shellCmdDefaultUser                      0x20007ebe   Data           5  shell.o(.rodata.shellCmdDefaultUser)
    shellCmdclear                            0x20007ec3   Data           6  shell.o(.rodata.shellCmdclear)
    shellCmdcmds                             0x20007ec9   Data           5  shell.o(.rodata.shellCmdcmds)
    shellCmdexec                             0x20007ece   Data           5  shell.o(.rodata.shellCmdexec)
    shellCmdexit                             0x20007ed3   Data           5  shell_port.o(.rodata.shellCmdexit)
    shellCmdfsk_pwm_en                       0x20007ed8   Data          11  app.o(.rodata.shellCmdfsk_pwm_en)
    shellCmdfsk_pwm_saw_duty                 0x20007ee3   Data          17  app.o(.rodata.shellCmdfsk_pwm_saw_duty)
    shellCmdhelp                             0x20007ef4   Data           5  shell.o(.rodata.shellCmdhelp)
    shellCmdhexdump                          0x20007ef9   Data           8  app.o(.rodata.shellCmdhexdump)
    shellCmdif_adc_avg                       0x20007f01   Data          11  app.o(.rodata.shellCmdif_adc_avg)
    shellCmdkeys                             0x20007f0c   Data           5  shell.o(.rodata.shellCmdkeys)
    shellCmdsetVar                           0x20007f11   Data           7  shell.o(.rodata.shellCmdsetVar)
    shellCmdtimer0_duty                      0x20007f18   Data          12  app.o(.rodata.shellCmdtimer0_duty)
    shellCmdtimer0_en                        0x20007f24   Data          10  app.o(.rodata.shellCmdtimer0_en)
    shellCmdusers                            0x20007f2e   Data           6  shell.o(.rodata.shellCmdusers)
    shellCmdvars                             0x20007f34   Data           5  shell.o(.rodata.shellCmdvars)
    shellDesDefaultUser                      0x20007f39   Data          13  shell.o(.rodata.shellDesDefaultUser)
    shellDesc0x08000000                      0x20007f46   Data          10  shell.o(.rodata.shellDesc0x08000000)
    shellDesc0x09000000                      0x20007f50   Data           4  shell.o(.rodata.shellDesc0x09000000)
    shellDesc0x0A000000                      0x20007f54   Data           6  shell.o(.rodata.shellDesc0x0A000000)
    shellDesc0x0D000000                      0x20007f5a   Data           6  shell.o(.rodata.shellDesc0x0D000000)
    shellDesc0x1B5B337E                      0x20007f60   Data           7  shell.o(.rodata.shellDesc0x1B5B337E)
    shellDesc0x1B5B4100                      0x20007f67   Data           3  shell.o(.rodata.shellDesc0x1B5B4100)
    shellDesc0x1B5B4200                      0x20007f6a   Data           5  shell.o(.rodata.shellDesc0x1B5B4200)
    shellDesc0x1B5B4300                      0x20007f6f   Data           6  shell.o(.rodata.shellDesc0x1B5B4300)
    shellDesc0x1B5B4400                      0x20007f75   Data           5  shell.o(.rodata.shellDesc0x1B5B4400)
    shellDesc0x7F000000                      0x20007f7a   Data          10  shell.o(.rodata.shellDesc0x7F000000)
    shellDescclear                           0x20007f84   Data          14  shell.o(.rodata.shellDescclear)
    shellDesccmds                            0x20007f92   Data          13  shell.o(.rodata.shellDesccmds)
    shellDescexec                            0x20007f9f   Data          27  shell.o(.rodata.shellDescexec)
    shellDescexit                            0x20007fba   Data           5  shell_port.o(.rodata.shellDescexit)
    shellDescfsk_pwm_en                      0x20007fbf   Data          33  app.o(.rodata.shellDescfsk_pwm_en)
    shellDescfsk_pwm_saw_duty                0x20007fe0   Data          26  app.o(.rodata.shellDescfsk_pwm_saw_duty)
    shellDeschelp                            0x20007ffa   Data          30  shell.o(.rodata.shellDeschelp)
    shellDeschexdump                         0x20008018   Data          20  app.o(.rodata.shellDeschexdump)
    shellDescif_adc_avg                      0x2000802c   Data          36  app.o(.rodata.shellDescif_adc_avg)
    shellDesckeys                            0x20008050   Data          13  shell.o(.rodata.shellDesckeys)
    shellDescsetVar                          0x2000805d   Data           8  shell.o(.rodata.shellDescsetVar)
    shellDesctimer0_duty                     0x20008065   Data          26  app.o(.rodata.shellDesctimer0_duty)
    shellDesctimer0_en                       0x2000807f   Data          32  app.o(.rodata.shellDesctimer0_en)
    shellDescusers                           0x2000809f   Data          14  shell.o(.rodata.shellDescusers)
    shellDescvars                            0x200080ad   Data          13  shell.o(.rodata.shellDescvars)
    shellPasswordDefaultUser                 0x200080ba   Data           1  shell.o(.rodata.shellPasswordDefaultUser)
    Region$$Table$$Base                      0x20008438   Number         0  anon$$obj.o(Region$$Table)
    Region$$Table$$Limit                     0x20008468   Number         0  anon$$obj.o(Region$$Table)
    shellCommand$$Base                       0x20008468   Number         0  app.o(shellCommand)
    shellCommandhexdump                      0x20008468   Data          16  app.o(shellCommand)
    shellCommandtimer0_en                    0x20008478   Data          16  app.o(shellCommand)
    shellCommandfsk_pwm_en                   0x20008488   Data          16  app.o(shellCommand)
    shellCommandtimer0_duty                  0x20008498   Data          16  app.o(shellCommand)
    shellCommandfsk_pwm_saw_duty             0x200084a8   Data          16  app.o(shellCommand)
    shellCommandif_adc_avg                   0x200084b8   Data          16  app.o(shellCommand)
    shellUserDefault                         0x200084c8   Data          16  shell.o(shellCommand)
    shellCommandsetVar                       0x200084d8   Data          16  shell.o(shellCommand)
    shellKey0x1B5B4100                       0x200084e8   Data          16  shell.o(shellCommand)
    shellKey0x1B5B4200                       0x200084f8   Data          16  shell.o(shellCommand)
    shellKey0x1B5B4300                       0x20008508   Data          16  shell.o(shellCommand)
    shellKey0x1B5B4400                       0x20008518   Data          16  shell.o(shellCommand)
    shellKey0x09000000                       0x20008528   Data          16  shell.o(shellCommand)
    shellKey0x08000000                       0x20008538   Data          16  shell.o(shellCommand)
    shellKey0x7F000000                       0x20008548   Data          16  shell.o(shellCommand)
    shellKey0x1B5B337E                       0x20008558   Data          16  shell.o(shellCommand)
    shellKey0x0A000000                       0x20008568   Data          16  shell.o(shellCommand)
    shellKey0x0D000000                       0x20008578   Data          16  shell.o(shellCommand)
    shellCommandhelp                         0x20008588   Data          16  shell.o(shellCommand)
    shellCommandusers                        0x20008598   Data          16  shell.o(shellCommand)
    shellCommandcmds                         0x200085a8   Data          16  shell.o(shellCommand)
    shellCommandvars                         0x200085b8   Data          16  shell.o(shellCommand)
    shellCommandkeys                         0x200085c8   Data          16  shell.o(shellCommand)
    shellCommandclear                        0x200085d8   Data          16  shell.o(shellCommand)
    shellCommandexec                         0x200085e8   Data          16  shell.o(shellCommand)
    shellCommandexit                         0x200085f8   Data          16  shell_port.o(shellCommand)
    shellCommand$$Limit                      0x20008608   Number         0  shell_port.o(shellCommand)
    __stdout                                 0x20010000   Data           4  stdout.o(.data)
    HRC_VALUE                                0x20010004   Data           4  system_hc32f46x.o(.data..L_MergedGlobals)
    SystemCoreClock                          0x20010008   Data           4  system_hc32f46x.o(.data..L_MergedGlobals)
    FIFO_Data                                0x2001000c   Data          20  fifo.o(.data.FIFO_Data)
    m_au16Adc2SaValue                        0x20010028   Data          18  myadc.o(.bss..L_MergedGlobals)
    m_au16Adc1SaValue                        0x2001003a   Data          34  myadc.o(.bss..L_MergedGlobals)
    state                                    0x2001005c   Data           4  app.o(.bss..L_MergedGlobals)
    next_state                               0x20010060   Data           4  app.o(.bss..L_MergedGlobals)
    FIFO_DataBuffer                          0x200100ca   Data        8000  fifo.o(.bss.FIFO_DataBuffer)
    IrqHandler                               0x2001200c   Data         512  hc32f46x_interrupts.o(.bss.IrqHandler)
    JS_RTT_UpBuffer                          0x2001220c   Data       16384  app.o(.bss.JS_RTT_UpBuffer)
    Timer_Counter                            0x2001620c   Data           4  mytimer.o(.bss.Timer_Counter)
    _SEGGER_RTT                              0x20016210   Data         120  segger_rtt.o(.bss._SEGGER_RTT)
    shell                                    0x20017288   Data         108  shell_port.o(.bss.shell)
    shell_buffer                             0x20017314   Data         512  shell_port.o(.bss.shell_buffer)
    __initial_sp                             0x20017b18   Data           0  startup_hc32f46x.o(STACK)
    EventRecord2                             0x200f0059   Thumb Code    58  eventrecorder.o(.text.EventRecord2)
    EventRecordData                          0x200f0095   Thumb Code   264  eventrecorder.o(.text.EventRecordData)
    EventRecorderEnable                      0x200f0299   Thumb Code   100  eventrecorder.o(.text.EventRecorderEnable)
    EventRecorderInitialize                  0x200f02fd   Thumb Code   300  eventrecorder.o(.text.EventRecorderInitialize)
    EventRecorderStart                       0x200f0429   Thumb Code    40  eventrecorder.o(.text.EventRecorderStart)
    EventRecorderTimerGetCount               0x200f0451   Thumb Code    12  eventrecorder.o(.text.EventRecorderTimerGetCount)
    EventRecorderTimerGetFreq                0x200f045d   Thumb Code    12  eventrecorder.o(.text.EventRecorderTimerGetFreq)
    EventRecorderTimerSetup                  0x200f0469   Thumb Code    32  eventrecorder.o(.text.EventRecorderTimerSetup)
    EventRecorderInfo                        0x200f0488   Data          24  eventrecorder.o(.rodata.EventRecorderInfo)



==============================================================================

Memory Map of the image

  Image Entry point : 0x20000281

  Load Region LR_IROM1 (Base: 0x20000000, Size: 0x00008b00, Max: 0x00010000, ABSOLUTE)

    Execution Region ER_IROM1 (Exec base: 0x20000000, Load base: 0x20000000, Size: 0x00008608, Max: 0x00010000, ABSOLUTE)

    Exec Addr    Load Addr    Size         Type   Attr      Idx    E Section Name        Object

    0x20000000   0x20000000   0x00000280   Data   RO            3    RESET               startup_hc32f46x.o
    0x20000280   0x20000280   0x00000000   Code   RO         1557  * .ARM.Collect$$$$00000000  mc_w.l(entry.o)
    0x20000280   0x20000280   0x00000004   Code   RO         1841    .ARM.Collect$$$$00000001  mc_w.l(entry2.o)
    0x20000284   0x20000284   0x00000004   Code   RO         1844    .ARM.Collect$$$$00000004  mc_w.l(entry5.o)
    0x20000288   0x20000288   0x00000000   Code   RO         1846    .ARM.Collect$$$$00000008  mc_w.l(entry7b.o)
    0x20000288   0x20000288   0x00000000   Code   RO         1848    .ARM.Collect$$$$0000000A  mc_w.l(entry8b.o)
    0x20000288   0x20000288   0x00000008   Code   RO         1849    .ARM.Collect$$$$0000000B  mc_w.l(entry9a.o)
    0x20000290   0x20000290   0x00000000   Code   RO         1851    .ARM.Collect$$$$0000000D  mc_w.l(entry10a.o)
    0x20000290   0x20000290   0x00000000   Code   RO         1853    .ARM.Collect$$$$0000000F  mc_w.l(entry11a.o)
    0x20000290   0x20000290   0x00000004   Code   RO         1842    .ARM.Collect$$$$00002712  mc_w.l(entry2.o)
    0x20000294   0x20000294   0x0000005c   Code   RO            4    .text               startup_hc32f46x.o
    0x200002f0   0x200002f0   0x00000062   Code   RO         1566    .text               mc_w.l(uldiv.o)
    0x20000352   0x20000352   0x00000024   Code   RO         1568    .text               mc_w.l(memcpya.o)
    0x20000376   0x20000376   0x00000024   Code   RO         1570    .text               mc_w.l(memseta.o)
    0x2000039a   0x2000039a   0x0000000e   Code   RO         1572    .text               mc_w.l(strlen.o)
    0x200003a8   0x200003a8   0x0000001c   Code   RO         1574    .text               mc_w.l(strcmp.o)
    0x200003c4   0x200003c4   0x0000001e   Code   RO         1576    .text               mc_w.l(strncmp.o)
    0x200003e2   0x200003e2   0x0000002c   Code   RO         1855    .text               mc_w.l(uidiv.o)
    0x2000040e   0x2000040e   0x0000001e   Code   RO         1857    .text               mc_w.l(llshl.o)
    0x2000042c   0x2000042c   0x00000020   Code   RO         1859    .text               mc_w.l(llushr.o)
    0x2000044c   0x2000044c   0x00000000   Code   RO         1861    .text               mc_w.l(iusefp.o)
    0x2000044c   0x2000044c   0x0000014e   Code   RO         1862    .text               mf_w.l(dadd.o)
    0x2000059a   0x2000059a   0x000000e4   Code   RO         1864    .text               mf_w.l(dmul.o)
    0x2000067e   0x2000067e   0x000000de   Code   RO         1866    .text               mf_w.l(ddiv.o)
    0x2000075c   0x2000075c   0x00000030   Code   RO         1868    .text               mf_w.l(dfixul.o)
    0x2000078c   0x2000078c   0x00000030   Code   RO         1870    .text               mf_w.l(cdrcmple.o)
    0x200007bc   0x200007bc   0x00000024   Code   RO         1872    .text               mc_w.l(init.o)
    0x200007e0   0x200007e0   0x00000024   Code   RO         1874    .text               mc_w.l(llsshr.o)
    0x20000804   0x20000804   0x000000ba   Code   RO         1876    .text               mf_w.l(depilogue.o)
    0x200008be   0x200008be   0x00000002   PAD
    0x200008c0   0x200008c0   0x00000094   Code   RO           82    .text.ADC_AddAdcChannel  hc32f46x_adc.o
    0x20000954   0x20000954   0x00000050   Code   RO           90    .text.ADC_AddAvgChannel  hc32f46x_adc.o
    0x200009a4   0x200009a4   0x00000014   Code   RO          108    .text.ADC_AddPgaChannel  hc32f46x_adc.o
    0x200009b8   0x200009b8   0x00000044   Code   RO           88    .text.ADC_ConfigAvg  hc32f46x_adc.o
    0x200009fc   0x200009fc   0x0000003c   Code   RO          104    .text.ADC_ConfigPga  hc32f46x_adc.o
    0x20000a38   0x20000a38   0x0000005c   Code   RO          142    .text.ADC_GetChannelPinNum  hc32f46x_adc.o
    0x20000a94   0x20000a94   0x000000c0   Code   RO           72    .text.ADC_Init      hc32f46x_adc.o
    0x20000b54   0x20000b54   0x00000028   Code   RO          106    .text.ADC_PgaCmd    hc32f46x_adc.o
    0x20000b7c   0x20000b7c   0x00000030   Code   RO          116    .text.ADC_StartConvert  hc32f46x_adc.o
    0x20000bac   0x20000bac   0x00000094   Code   RO         1014    .text.AdcChannelConfig  myadc.o
    0x20000c40   0x20000c40   0x00000038   Code   RO         1010    .text.AdcClockConfig  myadc.o
    0x20000c78   0x20000c78   0x0000013c   Code   RO         1018    .text.AdcConfig     myadc.o
    0x20000db4   0x20000db4   0x0000004c   Code   RO         1012    .text.AdcInitConfig  myadc.o
    0x20000e00   0x20000e00   0x000000bc   Code   RO         1016    .text.AdcSetChannelPinMode  myadc.o
    0x20000ebc   0x20000ebc   0x0000004c   Code   RO          761    .text.AsyncDelay    hc32f46x_timer0.o
    0x20000f08   0x20000f08   0x00000008   Code   RO          356    .text.BusFault_Handler  hc32f46x_interrupts.o
    0x20000f10   0x20000f10   0x000000c4   Code   RO          195    .text.CLK_GetClockFreq  hc32f46x_clk.o
    0x20000fd4   0x20000fd4   0x00000044   Code   RO          161    .text.CLK_GetFlagStatus  hc32f46x_clk.o
    0x20001018   0x20001018   0x000000bc   Code   RO          197    .text.CLK_GetPllClockFreq  hc32f46x_clk.o
    0x200010d4   0x200010d4   0x0000007c   Code   RO          183    .text.CLK_MpllCmd   hc32f46x_clk.o
    0x20001150   0x20001150   0x0000013c   Code   RO          181    .text.CLK_MpllConfig  hc32f46x_clk.o
    0x2000128c   0x2000128c   0x00000048   Code   RO          201    .text.CLK_SetPeriClkSource  hc32f46x_clk.o
    0x200012d4   0x200012d4   0x00000040   Code   RO          179    .text.CLK_SetPllSource  hc32f46x_clk.o
    0x20001314   0x20001314   0x000000c8   Code   RO          189    .text.CLK_SetSysClkSource  hc32f46x_clk.o
    0x200013dc   0x200013dc   0x00000130   Code   RO          193    .text.CLK_SysClkConfig  hc32f46x_clk.o
    0x2000150c   0x2000150c   0x0000007c   Code   RO          187    .text.CLK_UpllCmd   hc32f46x_clk.o
    0x20001588   0x20001588   0x0000014c   Code   RO          185    .text.CLK_UpllConfig  hc32f46x_clk.o
    0x200016d4   0x200016d4   0x00000098   Code   RO          159    .text.CLK_XtalCmd   hc32f46x_clk.o
    0x2000176c   0x2000176c   0x0000004c   Code   RO          153    .text.CLK_XtalConfig  hc32f46x_clk.o
    0x200017b8   0x200017b8   0x00000158   Code   RO          921    .text.DMA_ChannelCfg  hc32f46x_dmac.o
    0x20001910   0x20001910   0x00000160   Code   RO          881    .text.DMA_ChannelCmd  hc32f46x_dmac.o
    0x20001a70   0x20001a70   0x00000074   Code   RO          879    .text.DMA_ClearIrqFlag  hc32f46x_dmac.o
    0x20001ae4   0x20001ae4   0x0000003c   Code   RO          871    .text.DMA_Cmd       hc32f46x_dmac.o
    0x20001b20   0x20001b20   0x000000fc   Code   RO          923    .text.DMA_InitChannel  hc32f46x_dmac.o
    0x20001c1c   0x20001c1c   0x00000038   Code   RO          917    .text.DMA_SetTriggerSrc  hc32f46x_dmac.o
    0x20001c54   0x20001c54   0x00000040   Code   RO           61    .text.Ddl_AssertHandler  hc32f46x_utility.o
    0x20001c94   0x20001c94   0x00000008   Code   RO          362    .text.DebugMon_Handler  hc32f46x_interrupts.o
    0x20001c9c   0x20001c9c   0x00000028   Code   RO          240    .text.EFM_FlashCmd  hc32f46x_efm.o
    0x20001cc4   0x20001cc4   0x0000003c   Code   RO          256    .text.EFM_GetFlagStatus  hc32f46x_efm.o
    0x20001d00   0x20001d00   0x00000020   Code   RO          244    .text.EFM_InstructionCacheCmd  hc32f46x_efm.o
    0x20001d20   0x20001d20   0x00000014   Code   RO          238    .text.EFM_Lock      hc32f46x_efm.o
    0x20001d34   0x20001d34   0x00000024   Code   RO          242    .text.EFM_SetLatency  hc32f46x_efm.o
    0x20001d58   0x20001d58   0x00000014   Code   RO          236    .text.EFM_Unlock    hc32f46x_efm.o
    0x20001d6c   0x20001d6c   0x00000004   Code   RO         1487    .text.FIFO_GetDataCount  fifo.o
    0x20001d70   0x20001d70   0x0000000c   Code   RO         1473    .text.FIFO_Init     fifo.o
    0x20001d7c   0x20001d7c   0x0000000a   Code   RO         1485    .text.FIFO_IsDataEmpty  fifo.o
    0x20001d86   0x20001d86   0x00000048   Code   RO         1479    .text.FIFO_ReadData  fifo.o
    0x20001dce   0x20001dce   0x00000036   Code   RO         1475    .text.FIFO_WriteData  fifo.o
    0x20001e04   0x20001e04   0x0000000e   Code   RO         1477    .text.FIFO_WriteOneData  fifo.o
    0x20001e12   0x20001e12   0x00000002   PAD
    0x20001e14   0x20001e14   0x0000007c   Code   RO         1460    .text.HardFaultHandler  segger_hardfaulthandler.o
    0x20001e90   0x20001e90   0x0000000c   Code   RO          368    .text.IRQ000_Handler  hc32f46x_interrupts.o
    0x20001e9c   0x20001e9c   0x0000000c   Code   RO          370    .text.IRQ001_Handler  hc32f46x_interrupts.o
    0x20001ea8   0x20001ea8   0x0000000c   Code   RO          372    .text.IRQ002_Handler  hc32f46x_interrupts.o
    0x20001eb4   0x20001eb4   0x0000000c   Code   RO          374    .text.IRQ003_Handler  hc32f46x_interrupts.o
    0x20001ec0   0x20001ec0   0x0000000c   Code   RO          376    .text.IRQ004_Handler  hc32f46x_interrupts.o
    0x20001ecc   0x20001ecc   0x0000000c   Code   RO          378    .text.IRQ005_Handler  hc32f46x_interrupts.o
    0x20001ed8   0x20001ed8   0x0000000c   Code   RO          380    .text.IRQ006_Handler  hc32f46x_interrupts.o
    0x20001ee4   0x20001ee4   0x0000000c   Code   RO          382    .text.IRQ007_Handler  hc32f46x_interrupts.o
    0x20001ef0   0x20001ef0   0x0000000c   Code   RO          384    .text.IRQ008_Handler  hc32f46x_interrupts.o
    0x20001efc   0x20001efc   0x0000000c   Code   RO          386    .text.IRQ009_Handler  hc32f46x_interrupts.o
    0x20001f08   0x20001f08   0x0000000c   Code   RO          388    .text.IRQ010_Handler  hc32f46x_interrupts.o
    0x20001f14   0x20001f14   0x0000000c   Code   RO          390    .text.IRQ011_Handler  hc32f46x_interrupts.o
    0x20001f20   0x20001f20   0x0000000c   Code   RO          392    .text.IRQ012_Handler  hc32f46x_interrupts.o
    0x20001f2c   0x20001f2c   0x0000000c   Code   RO          394    .text.IRQ013_Handler  hc32f46x_interrupts.o
    0x20001f38   0x20001f38   0x0000000c   Code   RO          396    .text.IRQ014_Handler  hc32f46x_interrupts.o
    0x20001f44   0x20001f44   0x0000000c   Code   RO          398    .text.IRQ015_Handler  hc32f46x_interrupts.o
    0x20001f50   0x20001f50   0x0000000c   Code   RO          400    .text.IRQ016_Handler  hc32f46x_interrupts.o
    0x20001f5c   0x20001f5c   0x0000000c   Code   RO          402    .text.IRQ017_Handler  hc32f46x_interrupts.o
    0x20001f68   0x20001f68   0x0000000c   Code   RO          404    .text.IRQ018_Handler  hc32f46x_interrupts.o
    0x20001f74   0x20001f74   0x0000000c   Code   RO          406    .text.IRQ019_Handler  hc32f46x_interrupts.o
    0x20001f80   0x20001f80   0x0000000c   Code   RO          408    .text.IRQ020_Handler  hc32f46x_interrupts.o
    0x20001f8c   0x20001f8c   0x0000000c   Code   RO          410    .text.IRQ021_Handler  hc32f46x_interrupts.o
    0x20001f98   0x20001f98   0x0000000c   Code   RO          412    .text.IRQ022_Handler  hc32f46x_interrupts.o
    0x20001fa4   0x20001fa4   0x0000000c   Code   RO          414    .text.IRQ023_Handler  hc32f46x_interrupts.o
    0x20001fb0   0x20001fb0   0x0000000c   Code   RO          416    .text.IRQ024_Handler  hc32f46x_interrupts.o
    0x20001fbc   0x20001fbc   0x0000000c   Code   RO          418    .text.IRQ025_Handler  hc32f46x_interrupts.o
    0x20001fc8   0x20001fc8   0x0000000c   Code   RO          420    .text.IRQ026_Handler  hc32f46x_interrupts.o
    0x20001fd4   0x20001fd4   0x0000000c   Code   RO          422    .text.IRQ027_Handler  hc32f46x_interrupts.o
    0x20001fe0   0x20001fe0   0x0000000c   Code   RO          424    .text.IRQ028_Handler  hc32f46x_interrupts.o
    0x20001fec   0x20001fec   0x0000000c   Code   RO          426    .text.IRQ029_Handler  hc32f46x_interrupts.o
    0x20001ff8   0x20001ff8   0x0000000c   Code   RO          428    .text.IRQ030_Handler  hc32f46x_interrupts.o
    0x20002004   0x20002004   0x0000000c   Code   RO          430    .text.IRQ031_Handler  hc32f46x_interrupts.o
    0x20002010   0x20002010   0x0000000c   Code   RO          432    .text.IRQ032_Handler  hc32f46x_interrupts.o
    0x2000201c   0x2000201c   0x0000000c   Code   RO          434    .text.IRQ033_Handler  hc32f46x_interrupts.o
    0x20002028   0x20002028   0x0000000c   Code   RO          436    .text.IRQ034_Handler  hc32f46x_interrupts.o
    0x20002034   0x20002034   0x0000000c   Code   RO          438    .text.IRQ035_Handler  hc32f46x_interrupts.o
    0x20002040   0x20002040   0x0000000c   Code   RO          440    .text.IRQ036_Handler  hc32f46x_interrupts.o
    0x2000204c   0x2000204c   0x0000000c   Code   RO          442    .text.IRQ037_Handler  hc32f46x_interrupts.o
    0x20002058   0x20002058   0x0000000c   Code   RO          444    .text.IRQ038_Handler  hc32f46x_interrupts.o
    0x20002064   0x20002064   0x0000000c   Code   RO          446    .text.IRQ039_Handler  hc32f46x_interrupts.o
    0x20002070   0x20002070   0x0000000c   Code   RO          448    .text.IRQ040_Handler  hc32f46x_interrupts.o
    0x2000207c   0x2000207c   0x0000000c   Code   RO          450    .text.IRQ041_Handler  hc32f46x_interrupts.o
    0x20002088   0x20002088   0x0000000c   Code   RO          452    .text.IRQ042_Handler  hc32f46x_interrupts.o
    0x20002094   0x20002094   0x0000000c   Code   RO          454    .text.IRQ043_Handler  hc32f46x_interrupts.o
    0x200020a0   0x200020a0   0x0000000c   Code   RO          456    .text.IRQ044_Handler  hc32f46x_interrupts.o
    0x200020ac   0x200020ac   0x0000000c   Code   RO          458    .text.IRQ045_Handler  hc32f46x_interrupts.o
    0x200020b8   0x200020b8   0x0000000c   Code   RO          460    .text.IRQ046_Handler  hc32f46x_interrupts.o
    0x200020c4   0x200020c4   0x0000000c   Code   RO          462    .text.IRQ047_Handler  hc32f46x_interrupts.o
    0x200020d0   0x200020d0   0x0000000c   Code   RO          464    .text.IRQ048_Handler  hc32f46x_interrupts.o
    0x200020dc   0x200020dc   0x0000000c   Code   RO          466    .text.IRQ049_Handler  hc32f46x_interrupts.o
    0x200020e8   0x200020e8   0x0000000c   Code   RO          468    .text.IRQ050_Handler  hc32f46x_interrupts.o
    0x200020f4   0x200020f4   0x0000000c   Code   RO          470    .text.IRQ051_Handler  hc32f46x_interrupts.o
    0x20002100   0x20002100   0x0000000c   Code   RO          472    .text.IRQ052_Handler  hc32f46x_interrupts.o
    0x2000210c   0x2000210c   0x0000000c   Code   RO          474    .text.IRQ053_Handler  hc32f46x_interrupts.o
    0x20002118   0x20002118   0x0000000c   Code   RO          476    .text.IRQ054_Handler  hc32f46x_interrupts.o
    0x20002124   0x20002124   0x0000000c   Code   RO          478    .text.IRQ055_Handler  hc32f46x_interrupts.o
    0x20002130   0x20002130   0x0000000c   Code   RO          480    .text.IRQ056_Handler  hc32f46x_interrupts.o
    0x2000213c   0x2000213c   0x0000000c   Code   RO          482    .text.IRQ057_Handler  hc32f46x_interrupts.o
    0x20002148   0x20002148   0x0000000c   Code   RO          484    .text.IRQ058_Handler  hc32f46x_interrupts.o
    0x20002154   0x20002154   0x0000000c   Code   RO          486    .text.IRQ059_Handler  hc32f46x_interrupts.o
    0x20002160   0x20002160   0x0000000c   Code   RO          488    .text.IRQ060_Handler  hc32f46x_interrupts.o
    0x2000216c   0x2000216c   0x0000000c   Code   RO          490    .text.IRQ061_Handler  hc32f46x_interrupts.o
    0x20002178   0x20002178   0x0000000c   Code   RO          492    .text.IRQ062_Handler  hc32f46x_interrupts.o
    0x20002184   0x20002184   0x00000010   Code   RO          494    .text.IRQ063_Handler  hc32f46x_interrupts.o
    0x20002194   0x20002194   0x00000010   Code   RO          496    .text.IRQ064_Handler  hc32f46x_interrupts.o
    0x200021a4   0x200021a4   0x00000010   Code   RO          498    .text.IRQ065_Handler  hc32f46x_interrupts.o
    0x200021b4   0x200021b4   0x00000010   Code   RO          500    .text.IRQ066_Handler  hc32f46x_interrupts.o
    0x200021c4   0x200021c4   0x00000010   Code   RO          502    .text.IRQ067_Handler  hc32f46x_interrupts.o
    0x200021d4   0x200021d4   0x00000010   Code   RO          504    .text.IRQ068_Handler  hc32f46x_interrupts.o
    0x200021e4   0x200021e4   0x00000010   Code   RO          506    .text.IRQ069_Handler  hc32f46x_interrupts.o
    0x200021f4   0x200021f4   0x00000010   Code   RO          508    .text.IRQ070_Handler  hc32f46x_interrupts.o
    0x20002204   0x20002204   0x00000010   Code   RO          510    .text.IRQ071_Handler  hc32f46x_interrupts.o
    0x20002214   0x20002214   0x00000010   Code   RO          512    .text.IRQ072_Handler  hc32f46x_interrupts.o
    0x20002224   0x20002224   0x00000010   Code   RO          514    .text.IRQ073_Handler  hc32f46x_interrupts.o
    0x20002234   0x20002234   0x00000010   Code   RO          516    .text.IRQ074_Handler  hc32f46x_interrupts.o
    0x20002244   0x20002244   0x00000010   Code   RO          518    .text.IRQ075_Handler  hc32f46x_interrupts.o
    0x20002254   0x20002254   0x00000010   Code   RO          520    .text.IRQ076_Handler  hc32f46x_interrupts.o
    0x20002264   0x20002264   0x00000010   Code   RO          522    .text.IRQ077_Handler  hc32f46x_interrupts.o
    0x20002274   0x20002274   0x00000010   Code   RO          524    .text.IRQ078_Handler  hc32f46x_interrupts.o
    0x20002284   0x20002284   0x00000010   Code   RO          526    .text.IRQ079_Handler  hc32f46x_interrupts.o
    0x20002294   0x20002294   0x00000010   Code   RO          528    .text.IRQ080_Handler  hc32f46x_interrupts.o
    0x200022a4   0x200022a4   0x00000010   Code   RO          530    .text.IRQ081_Handler  hc32f46x_interrupts.o
    0x200022b4   0x200022b4   0x00000010   Code   RO          532    .text.IRQ082_Handler  hc32f46x_interrupts.o
    0x200022c4   0x200022c4   0x00000010   Code   RO          534    .text.IRQ083_Handler  hc32f46x_interrupts.o
    0x200022d4   0x200022d4   0x00000010   Code   RO          536    .text.IRQ084_Handler  hc32f46x_interrupts.o
    0x200022e4   0x200022e4   0x00000010   Code   RO          538    .text.IRQ085_Handler  hc32f46x_interrupts.o
    0x200022f4   0x200022f4   0x00000010   Code   RO          540    .text.IRQ086_Handler  hc32f46x_interrupts.o
    0x20002304   0x20002304   0x00000010   Code   RO          542    .text.IRQ087_Handler  hc32f46x_interrupts.o
    0x20002314   0x20002314   0x00000010   Code   RO          544    .text.IRQ088_Handler  hc32f46x_interrupts.o
    0x20002324   0x20002324   0x00000010   Code   RO          546    .text.IRQ089_Handler  hc32f46x_interrupts.o
    0x20002334   0x20002334   0x00000010   Code   RO          548    .text.IRQ090_Handler  hc32f46x_interrupts.o
    0x20002344   0x20002344   0x00000010   Code   RO          550    .text.IRQ091_Handler  hc32f46x_interrupts.o
    0x20002354   0x20002354   0x00000010   Code   RO          552    .text.IRQ092_Handler  hc32f46x_interrupts.o
    0x20002364   0x20002364   0x00000010   Code   RO          554    .text.IRQ093_Handler  hc32f46x_interrupts.o
    0x20002374   0x20002374   0x00000010   Code   RO          556    .text.IRQ094_Handler  hc32f46x_interrupts.o
    0x20002384   0x20002384   0x00000010   Code   RO          558    .text.IRQ095_Handler  hc32f46x_interrupts.o
    0x20002394   0x20002394   0x00000010   Code   RO          560    .text.IRQ096_Handler  hc32f46x_interrupts.o
    0x200023a4   0x200023a4   0x00000010   Code   RO          562    .text.IRQ097_Handler  hc32f46x_interrupts.o
    0x200023b4   0x200023b4   0x00000010   Code   RO          564    .text.IRQ098_Handler  hc32f46x_interrupts.o
    0x200023c4   0x200023c4   0x00000010   Code   RO          566    .text.IRQ099_Handler  hc32f46x_interrupts.o
    0x200023d4   0x200023d4   0x00000010   Code   RO          568    .text.IRQ100_Handler  hc32f46x_interrupts.o
    0x200023e4   0x200023e4   0x00000010   Code   RO          570    .text.IRQ101_Handler  hc32f46x_interrupts.o
    0x200023f4   0x200023f4   0x00000010   Code   RO          572    .text.IRQ102_Handler  hc32f46x_interrupts.o
    0x20002404   0x20002404   0x00000010   Code   RO          574    .text.IRQ103_Handler  hc32f46x_interrupts.o
    0x20002414   0x20002414   0x00000010   Code   RO          576    .text.IRQ104_Handler  hc32f46x_interrupts.o
    0x20002424   0x20002424   0x00000010   Code   RO          578    .text.IRQ105_Handler  hc32f46x_interrupts.o
    0x20002434   0x20002434   0x00000010   Code   RO          580    .text.IRQ106_Handler  hc32f46x_interrupts.o
    0x20002444   0x20002444   0x00000010   Code   RO          582    .text.IRQ107_Handler  hc32f46x_interrupts.o
    0x20002454   0x20002454   0x00000010   Code   RO          584    .text.IRQ108_Handler  hc32f46x_interrupts.o
    0x20002464   0x20002464   0x00000010   Code   RO          586    .text.IRQ109_Handler  hc32f46x_interrupts.o
    0x20002474   0x20002474   0x00000010   Code   RO          588    .text.IRQ110_Handler  hc32f46x_interrupts.o
    0x20002484   0x20002484   0x00000010   Code   RO          590    .text.IRQ111_Handler  hc32f46x_interrupts.o
    0x20002494   0x20002494   0x00000010   Code   RO          592    .text.IRQ112_Handler  hc32f46x_interrupts.o
    0x200024a4   0x200024a4   0x00000010   Code   RO          594    .text.IRQ113_Handler  hc32f46x_interrupts.o
    0x200024b4   0x200024b4   0x00000010   Code   RO          596    .text.IRQ114_Handler  hc32f46x_interrupts.o
    0x200024c4   0x200024c4   0x00000010   Code   RO          598    .text.IRQ115_Handler  hc32f46x_interrupts.o
    0x200024d4   0x200024d4   0x00000010   Code   RO          600    .text.IRQ116_Handler  hc32f46x_interrupts.o
    0x200024e4   0x200024e4   0x00000010   Code   RO          602    .text.IRQ117_Handler  hc32f46x_interrupts.o
    0x200024f4   0x200024f4   0x00000010   Code   RO          604    .text.IRQ118_Handler  hc32f46x_interrupts.o
    0x20002504   0x20002504   0x00000010   Code   RO          606    .text.IRQ119_Handler  hc32f46x_interrupts.o
    0x20002514   0x20002514   0x00000010   Code   RO          608    .text.IRQ120_Handler  hc32f46x_interrupts.o
    0x20002524   0x20002524   0x00000010   Code   RO          610    .text.IRQ121_Handler  hc32f46x_interrupts.o
    0x20002534   0x20002534   0x00000010   Code   RO          612    .text.IRQ122_Handler  hc32f46x_interrupts.o
    0x20002544   0x20002544   0x00000010   Code   RO          614    .text.IRQ123_Handler  hc32f46x_interrupts.o
    0x20002554   0x20002554   0x00000010   Code   RO          616    .text.IRQ124_Handler  hc32f46x_interrupts.o
    0x20002564   0x20002564   0x00000010   Code   RO          618    .text.IRQ125_Handler  hc32f46x_interrupts.o
    0x20002574   0x20002574   0x00000010   Code   RO          620    .text.IRQ126_Handler  hc32f46x_interrupts.o
    0x20002584   0x20002584   0x00000010   Code   RO          622    .text.IRQ127_Handler  hc32f46x_interrupts.o
    0x20002594   0x20002594   0x000000f4   Code   RO          624    .text.IRQ128_Handler  hc32f46x_interrupts.o
    0x20002688   0x20002688   0x00000354   Code   RO          626    .text.IRQ129_Handler  hc32f46x_interrupts.o
    0x200029dc   0x200029dc   0x000000b0   Code   RO          628    .text.IRQ130_Handler  hc32f46x_interrupts.o
    0x20002a8c   0x20002a8c   0x0000020c   Code   RO          630    .text.IRQ131_Handler  hc32f46x_interrupts.o
    0x20002c98   0x20002c98   0x0000010c   Code   RO          632    .text.IRQ132_Handler  hc32f46x_interrupts.o
    0x20002da4   0x20002da4   0x0000027c   Code   RO          634    .text.IRQ136_Handler  hc32f46x_interrupts.o
    0x20003020   0x20003020   0x0000023c   Code   RO          636    .text.IRQ137_Handler  hc32f46x_interrupts.o
    0x2000325c   0x2000325c   0x0000018c   Code   RO          638    .text.IRQ138_Handler  hc32f46x_interrupts.o
    0x200033e8   0x200033e8   0x000000cc   Code   RO          640    .text.IRQ139_Handler  hc32f46x_interrupts.o
    0x200034b4   0x200034b4   0x0000018c   Code   RO          642    .text.IRQ140_Handler  hc32f46x_interrupts.o
    0x20003640   0x20003640   0x000001c4   Code   RO          644    .text.IRQ141_Handler  hc32f46x_interrupts.o
    0x20003804   0x20003804   0x000000f0   Code   RO          646    .text.IRQ142_Handler  hc32f46x_interrupts.o
    0x200038f4   0x200038f4   0x000000bc   Code   RO          648    .text.IRQ143_Handler  hc32f46x_interrupts.o
    0x200039b0   0x200039b0   0x00000008   Code   RO          354    .text.MemManage_Handler  hc32f46x_interrupts.o
    0x200039b8   0x200039b8   0x00000008   Code   RO          352    .text.NMI_Handler   hc32f46x_interrupts.o
    0x200039c0   0x200039c0   0x00000080   Code   RO          303    .text.PORT_GetBit   hc32f46x_gpio.o
    0x20003a40   0x20003a40   0x00000184   Code   RO          289    .text.PORT_Init     hc32f46x_gpio.o
    0x20003bc4   0x20003bc4   0x00000028   Code   RO          311    .text.PORT_SetBits  hc32f46x_gpio.o
    0x20003bec   0x20003bec   0x0000009c   Code   RO          319    .text.PORT_SetFunc  hc32f46x_gpio.o
    0x20003c88   0x20003c88   0x0000004c   Code   RO          681    .text.PWC_Fcg0PeriphClockCmd  hc32f46x_pwc.o
    0x20003cd4   0x20003cd4   0x00000040   Code   RO          683    .text.PWC_Fcg1PeriphClockCmd  hc32f46x_pwc.o
    0x20003d14   0x20003d14   0x00000040   Code   RO          685    .text.PWC_Fcg2PeriphClockCmd  hc32f46x_pwc.o
    0x20003d54   0x20003d54   0x00000044   Code   RO          687    .text.PWC_Fcg3PeriphClockCmd  hc32f46x_pwc.o
    0x20003d98   0x20003d98   0x00000008   Code   RO          364    .text.PendSV_Handler  hc32f46x_interrupts.o
    0x20003da0   0x20003da0   0x0000005c   Code   RO         1407    .text.SEGGER_RTT_ConfigUpBuffer  segger_rtt.o
    0x20003dfc   0x20003dfc   0x00000004   Code   RO         1419    .text.SEGGER_RTT_Init  segger_rtt.o
    0x20003e00   0x20003e00   0x00000030   Code   RO         1383    .text.SEGGER_RTT_Write  segger_rtt.o
    0x20003e30   0x20003e30   0x0000005c   Code   RO         1379    .text.SEGGER_RTT_WriteNoLock  segger_rtt.o
    0x20003e8c   0x20003e8c   0x0000001a   Code   RO         1450    .text.SEGGER_RTT_printf  segger_rtt_printf.o
    0x20003ea6   0x20003ea6   0x00000002   PAD
    0x20003ea8   0x20003ea8   0x000002bc   Code   RO         1444    .text.SEGGER_RTT_vprintf  segger_rtt_printf.o
    0x20004164   0x20004164   0x00000008   Code   RO          360    .text.SVC_Handler   hc32f46x_interrupts.o
    0x2000416c   0x2000416c   0x00000070   Code   RO         1085    .text.SysClkIni     myclk.o
    0x200041dc   0x200041dc   0x00000008   Code   RO           53    .text.SysTick_GetTick  hc32f46x_utility.o
    0x200041e4   0x200041e4   0x00000008   Code   RO          366    .text.SysTick_Handler  hc32f46x_interrupts.o
    0x200041ec   0x200041ec   0x0000000c   Code   RO           55    .text.SysTick_IncTick  hc32f46x_utility.o
    0x200041f8   0x200041f8   0x00000048   Code   RO           49    .text.SysTick_Init  hc32f46x_utility.o
    0x20004240   0x20004240   0x00000004   Code   RO         1103    .text.SysTick_IrqHandler  app.o
    0x20004244   0x20004244   0x0000007c   Code   RO           13    .text.SystemCoreClockUpdate  system_hc32f46x.o
    0x200042c0   0x200042c0   0x00000014   Code   RO           11    .text.SystemInit    system_hc32f46x.o
    0x200042d4   0x200042d4   0x000001ac   Code   RO          777    .text.TIMER0_BaseInit  hc32f46x_timer0.o
    0x20004480   0x20004480   0x00000090   Code   RO          763    .text.TIMER0_Cmd    hc32f46x_timer0.o
    0x20004510   0x20004510   0x00000040   Code   RO          785    .text.TIMER0_GetClkMode  hc32f46x_timer0.o
    0x20004550   0x20004550   0x00000098   Code   RO          767    .text.TIMER0_IntCmd  hc32f46x_timer0.o
    0x200045e8   0x200045e8   0x000000e8   Code   RO          939    .text.TIMERA_BaseInit  hc32f46x_timera.o
    0x200046d0   0x200046d0   0x000000a4   Code   RO          995    .text.TIMERA_ClearFlag  hc32f46x_timera.o
    0x20004774   0x20004774   0x00000034   Code   RO          951    .text.TIMERA_Cmd    hc32f46x_timera.o
    0x200047a8   0x200047a8   0x00000048   Code   RO          965    .text.TIMERA_CompareCmd  hc32f46x_timera.o
    0x200047f0   0x200047f0   0x000001b0   Code   RO          953    .text.TIMERA_CompareInit  hc32f46x_timera.o
    0x200049a0   0x200049a0   0x000000a4   Code   RO          993    .text.TIMERA_GetFlag  hc32f46x_timera.o
    0x20004a44   0x20004a44   0x000000bc   Code   RO          989    .text.TIMERA_IrqCmd  hc32f46x_timera.o
    0x20004b00   0x20004b00   0x0000002c   Code   RO         1069    .text.Timer0A_CallBack  mytimer.o
    0x20004b2c   0x20004b2c   0x0000003c   Code   RO         1073    .text.Timer0B_CallBack  mytimer.o
    0x20004b68   0x20004b68   0x00000060   Code   RO         1161    .text.TimeraUnit1_IrqCallback  timera_pwm.o
    0x20004bc8   0x20004bc8   0x00000138   Code   RO         1159    .text.Timera_Config  timera_pwm.o
    0x20004d00   0x20004d00   0x00000054   Code   RO          806    .text.USART_ClearStatus  hc32f46x_usart.o
    0x20004d54   0x20004d54   0x000000d4   Code   RO          808    .text.USART_FuncCmd  hc32f46x_usart.o
    0x20004e28   0x20004e28   0x00000068   Code   RO          804    .text.USART_GetStatus  hc32f46x_usart.o
    0x20004e90   0x20004e90   0x00000044   Code   RO          856    .text.USART_RecData  hc32f46x_usart.o
    0x20004ed4   0x20004ed4   0x00000284   Code   RO          858    .text.USART_SetBaudrate  hc32f46x_usart.o
    0x20005158   0x20005158   0x00000190   Code   RO          796    .text.USART_UART_Init  hc32f46x_usart.o
    0x200052e8   0x200052e8   0x00000008   Code   RO          358    .text.UsageFault_Handler  hc32f46x_interrupts.o
    0x200052f0   0x200052f0   0x00000058   Code   RO          860    .text.UsartGetClk   hc32f46x_usart.o
    0x20005348   0x20005348   0x00000048   Code   RO         1045    .text.UsartRxErrProcess  myusart.o
    0x20005390   0x20005390   0x00000018   Code   RO         1055    .text.UsartRxIrqCallback  myusart.o
    0x200053a8   0x200053a8   0x0000001c   Code   RO         1338    .text.User_Shell_Init  shell_port.o
    0x200053c4   0x200053c4   0x00000070   Code   RO         1361    .text._DoInit       segger_rtt.o
    0x20005434   0x20005434   0x00000014   Code   RO         1373    .text._GetAvailWriteSpace  segger_rtt.o
    0x20005448   0x20005448   0x000000e4   Code   RO         1448    .text._PrintUnsigned  segger_rtt_printf.o
    0x2000552c   0x2000552c   0x00000040   Code   RO         1446    .text._StoreChar    segger_rtt_printf.o
    0x2000556c   0x2000556c   0x00000068   Code   RO         1377    .text._WriteBlocking  segger_rtt.o
    0x200055d4   0x200055d4   0x00000048   Code   RO         1375    .text._WriteNoCheck  segger_rtt.o
    0x2000561c   0x2000561c   0x00000018   Code   RO         1053    .text.__NVIC_EnableIRQ  myusart.o
    0x20005634   0x20005634   0x0000001c   Code   RO         1071    .text.__NVIC_EnableIRQ  mytimer.o
    0x20005650   0x20005650   0x00000024   Code   RO         1344    .text.__NVIC_SystemReset  shell_port.o
    0x20005674   0x20005674   0x00000030   Code   RO         1020    .text.adc_clk_test  myadc.o
    0x200056a4   0x200056a4   0x00000028   Code   RO         1133    .text.app           app.o
    0x200056cc   0x200056cc   0x0000013c   Code   RO         1087    .text.clk_test      myclk.o
    0x20005808   0x20005808   0x000000a0   Code   RO          332    .text.enIrqRegistration  hc32f46x_interrupts.o
    0x200058a8   0x200058a8   0x00000048   Code   RO         1101    .text.en_fsk_pwm    app.o
    0x200058f0   0x200058f0   0x00000038   Code   RO         1099    .text.en_sample     app.o
    0x20005928   0x20005928   0x00000028   Code   RO         1117    .text.enable_flash_cache  app.o
    0x20005950   0x20005950   0x00000014   Code   RO         1125    .text.error_process  app.o
    0x20005964   0x20005964   0x00000044   Code   RO         1539    .text.fputc         retarget_io.o
    0x200059a8   0x200059a8   0x0000002e   Code   RO         1121    .text.gpio_init     app.o
    0x200059d6   0x200059d6   0x00000002   PAD
    0x200059d8   0x200059d8   0x00000170   Code   RO         1097    .text.hexdump       app.o
    0x20005b48   0x20005b48   0x00000024   Code   RO         1129    .text.idle_process  app.o
    0x20005b6c   0x20005b6c   0x000000d0   Code   RO         1131    .text.init_all      app.o
    0x20005c3c   0x20005c3c   0x0000003e   Code   RO         1031    .text.led_init      myled.o
    0x20005c7a   0x20005c7a   0x0000000a   Code   RO           24    .text.main          main.o
    0x20005c84   0x20005c84   0x0000004c   Code   RO         1119    .text.memory_init   app.o
    0x20005cd0   0x20005cd0   0x00000004   Code   RO         1342    .text.quit_shell    shell_port.o
    0x20005cd4   0x20005cd4   0x00000064   Code   RO         1115    .text.read_uid      app.o
    0x20005d38   0x20005d38   0x000000ac   Code   RO         1113    .text.segger_init   app.o
    0x20005de4   0x20005de4   0x00000040   Code   RO         1123    .text.sent_sample_data  app.o
    0x20005e24   0x20005e24   0x00000098   Code   RO         1109    .text.set_fsk_wave_duty  app.o
    0x20005ebc   0x20005ebc   0x0000001c   Code   RO         1111    .text.set_if_adc_avg  app.o
    0x20005ed8   0x20005ed8   0x00000054   Code   RO         1107    .text.set_samplerate  app.o
    0x20005f2c   0x20005f2c   0x00000006   Code   RO         1250    .text.shellBackspace  shell.o
    0x20005f32   0x20005f32   0x00000030   Code   RO         1188    .text.shellCheckPermission  shell.o
    0x20005f62   0x20005f62   0x00000002   PAD
    0x20005f64   0x20005f64   0x00000018   Code   RO         1270    .text.shellClear    shell.o
    0x20005f7c   0x20005f7c   0x00000030   Code   RO         1210    .text.shellClearCommandLine  shell.o
    0x20005fac   0x20005fac   0x00000012   Code   RO         1264    .text.shellCmds     shell.o
    0x20005fbe   0x20005fbe   0x00000008   Code   RO         1252    .text.shellDelete   shell.o
    0x20005fc6   0x20005fc6   0x000000da   Code   RO         1214    .text.shellDeleteByte  shell.o
    0x200060a0   0x200060a0   0x00000020   Code   RO         1208    .text.shellDeleteCommandLine  shell.o
    0x200060c0   0x200060c0   0x00000008   Code   RO         1238    .text.shellDown     shell.o
    0x200060c8   0x200060c8   0x00000012   Code   RO         1254    .text.shellEnter    shell.o
    0x200060da   0x200060da   0x00000002   PAD
    0x200060dc   0x200060dc   0x00000168   Code   RO         1232    .text.shellExec     shell.o
    0x20006244   0x20006244   0x0000005c   Code   RO         1274    .text.shellExecute  shell.o
    0x200062a0   0x200062a0   0x00000034   Code   RO         1322    .text.shellExtParseChar  shell_ext.o
    0x200062d4   0x200062d4   0x0000018e   Code   RO         1320    .text.shellExtParsePara  shell_ext.o
    0x20006462   0x20006462   0x00000002   PAD
    0x20006464   0x20006464   0x000000be   Code   RO         1324    .text.shellExtRun   shell_ext.o
    0x20006522   0x20006522   0x00000002   PAD
    0x20006524   0x20006524   0x00000038   Code   RO         1196    .text.shellGetCommandName  shell.o
    0x2000655c   0x2000655c   0x00000020   Code   RO         1182    .text.shellGetCurrent  shell.o
    0x2000657c   0x2000657c   0x0000003c   Code   RO         1216    .text.shellGetVarValue  shell.o
    0x200065b8   0x200065b8   0x000000fc   Code   RO         1258    .text.shellHandler  shell.o
    0x200066b4   0x200066b4   0x00000028   Code   RO         1256    .text.shellHelp     shell.o
    0x200066dc   0x200066dc   0x0000008e   Code   RO         1236    .text.shellHistory  shell.o
    0x2000676a   0x2000676a   0x00000002   PAD
    0x2000676c   0x2000676c   0x0000008c   Code   RO         1172    .text.shellInit     shell.o
    0x200067f8   0x200067f8   0x000000d0   Code   RO         1212    .text.shellInsertByte  shell.o
    0x200068c8   0x200068c8   0x00000012   Code   RO         1268    .text.shellKeys     shell.o
    0x200068da   0x200068da   0x00000020   Code   RO         1242    .text.shellLeft     shell.o
    0x200068fa   0x200068fa   0x00000012   Code   RO         1206    .text.shellListAll  shell.o
    0x2000690c   0x2000690c   0x00000050   Code   RO         1198    .text.shellListCommand  shell.o
    0x2000695c   0x2000695c   0x00000124   Code   RO         1194    .text.shellListItem  shell.o
    0x20006a80   0x20006a80   0x00000054   Code   RO         1204    .text.shellListKey  shell.o
    0x20006ad4   0x20006ad4   0x00000054   Code   RO         1202    .text.shellListUser  shell.o
    0x20006b28   0x20006b28   0x00000054   Code   RO         1200    .text.shellListVar  shell.o
    0x20006b7c   0x20006b7c   0x00000010   Code   RO         1230    .text.shellNormalInput  shell.o
    0x20006b8c   0x20006b8c   0x00000022   Code   RO         1240    .text.shellRight    shell.o
    0x20006bae   0x20006bae   0x000000c0   Code   RO         1226    .text.shellRunCommand  shell.o
    0x20006c6e   0x20006c6e   0x0000006c   Code   RO         1176    .text.shellSeekCommand  shell.o
    0x20006cda   0x20006cda   0x00000002   PAD
    0x20006cdc   0x20006cdc   0x0000005c   Code   RO         1174    .text.shellSetUser  shell.o
    0x20006d38   0x20006d38   0x0000006c   Code   RO         1224    .text.shellSetVar   shell.o
    0x20006da4   0x20006da4   0x0000009c   Code   RO         1218    .text.shellSetVarValue  shell.o
    0x20006e40   0x20006e40   0x000000ac   Code   RO         1222    .text.shellShowVar  shell.o
    0x20006eec   0x20006eec   0x0000001a   Code   RO         1246    .text.shellStringCompare  shell.o
    0x20006f06   0x20006f06   0x00000018   Code   RO         1220    .text.shellStringCopy  shell.o
    0x20006f1e   0x20006f1e   0x00000002   PAD
    0x20006f20   0x20006f20   0x00000158   Code   RO         1244    .text.shellTab      shell.o
    0x20007078   0x20007078   0x00000020   Code   RO         1260    .text.shellTask     shell.o
    0x20007098   0x20007098   0x00000048   Code   RO         1192    .text.shellToDec    shell.o
    0x200070e0   0x200070e0   0x0000002c   Code   RO         1190    .text.shellToHex    shell.o
    0x2000710c   0x2000710c   0x00000006   Code   RO         1234    .text.shellUp       shell.o
    0x20007112   0x20007112   0x00000012   Code   RO         1262    .text.shellUsers    shell.o
    0x20007124   0x20007124   0x00000012   Code   RO         1266    .text.shellVars     shell.o
    0x20007136   0x20007136   0x0000000a   Code   RO         1334    .text.shellWrite    shell_port.o
    0x20007140   0x20007140   0x0000005c   Code   RO         1248    .text.shellWriteCommandHelp  shell.o
    0x2000719c   0x2000719c   0x0000008c   Code   RO         1178    .text.shellWritePrompt  shell.o
    0x20007228   0x20007228   0x0000007c   Code   RO         1228    .text.shellWriteReturnValue  shell.o
    0x200072a4   0x200072a4   0x00000020   Code   RO         1184    .text.shellWriteString  shell.o
    0x200072c4   0x200072c4   0x0000001c   Code   RO         1336    .text.shell_uart_write_data  shell_port.o
    0x200072e0   0x200072e0   0x00000014   Code   RO         1105    .text.tick_init     app.o
    0x200072f4   0x200072f4   0x00000104   Code   RO         1067    .text.timer0_init   mytimer.o
    0x200073f8   0x200073f8   0x00000048   Code   RO         1047    .text.tuya_UsartRxErrProcess  myusart.o
    0x20007440   0x20007440   0x00000002   Code   RO         1051    .text.tuya_UsartRxIrqCallback  myusart.o
    0x20007442   0x20007442   0x00000002   PAD
    0x20007444   0x20007444   0x00000010   Code   RO         1340    .text.uart_transmit_output_shell  shell_port.o
    0x20007454   0x20007454   0x00000164   Code   RO         1049    .text.usart_init    myusart.o
    0x200075b8   0x200075b8   0x00000012   Code   RO         1469    OSKERNEL            hardfaulthandler.o
    0x200075ca   0x200075ca   0x00000002   PAD
    0x200075cc   0x200075cc   0x00000020   Code   RO         1813    i.__0printf         mc_w.l(printfa.o)
    0x200075ec   0x200075ec   0x0000000e   Code   RO         1880    i.__scatterload_copy  mc_w.l(handlers.o)
    0x200075fa   0x200075fa   0x00000002   Code   RO         1881    i.__scatterload_null  mc_w.l(handlers.o)
    0x200075fc   0x200075fc   0x0000000e   Code   RO         1882    i.__scatterload_zeroinit  mc_w.l(handlers.o)
    0x2000760a   0x2000760a   0x00000002   PAD
    0x2000760c   0x2000760c   0x00000184   Code   RO         1820    i._fp_digits        mc_w.l(printfa.o)
    0x20007790   0x20007790   0x000006dc   Code   RO         1821    i._printf_core      mc_w.l(printfa.o)
    0x20007e6c   0x20007e6c   0x00000024   Code   RO         1822    i._printf_post_padding  mc_w.l(printfa.o)
    0x20007e90   0x20007e90   0x0000002e   Code   RO         1823    i._printf_pre_padding  mc_w.l(printfa.o)
    0x20007ebe   0x20007ebe   0x00000005   Data   RO         1276    .rodata.shellCmdDefaultUser  shell.o
    0x20007ec3   0x20007ec3   0x00000006   Data   RO         1304    .rodata.shellCmdclear  shell.o
    0x20007ec9   0x20007ec9   0x00000005   Data   RO         1298    .rodata.shellCmdcmds  shell.o
    0x20007ece   0x20007ece   0x00000005   Data   RO         1306    .rodata.shellCmdexec  shell.o
    0x20007ed3   0x20007ed3   0x00000005   Data   RO         1348    .rodata.shellCmdexit  shell_port.o
    0x20007ed8   0x20007ed8   0x0000000b   Data   RO         1141    .rodata.shellCmdfsk_pwm_en  app.o
    0x20007ee3   0x20007ee3   0x00000011   Data   RO         1145    .rodata.shellCmdfsk_pwm_saw_duty  app.o
    0x20007ef4   0x20007ef4   0x00000005   Data   RO         1294    .rodata.shellCmdhelp  shell.o
    0x20007ef9   0x20007ef9   0x00000008   Data   RO         1136    .rodata.shellCmdhexdump  app.o
    0x20007f01   0x20007f01   0x0000000b   Data   RO         1147    .rodata.shellCmdif_adc_avg  app.o
    0x20007f0c   0x20007f0c   0x00000005   Data   RO         1302    .rodata.shellCmdkeys  shell.o
    0x20007f11   0x20007f11   0x00000007   Data   RO         1282    .rodata.shellCmdsetVar  shell.o
    0x20007f18   0x20007f18   0x0000000c   Data   RO         1143    .rodata.shellCmdtimer0_duty  app.o
    0x20007f24   0x20007f24   0x0000000a   Data   RO         1139    .rodata.shellCmdtimer0_en  app.o
    0x20007f2e   0x20007f2e   0x00000006   Data   RO         1296    .rodata.shellCmdusers  shell.o
    0x20007f34   0x20007f34   0x00000005   Data   RO         1300    .rodata.shellCmdvars  shell.o
    0x20007f39   0x20007f39   0x0000000d   Data   RO         1278    .rodata.shellDesDefaultUser  shell.o
    0x20007f46   0x20007f46   0x0000000a   Data   RO         1289    .rodata.shellDesc0x08000000  shell.o
    0x20007f50   0x20007f50   0x00000004   Data   RO         1288    .rodata.shellDesc0x09000000  shell.o
    0x20007f54   0x20007f54   0x00000006   Data   RO         1292    .rodata.shellDesc0x0A000000  shell.o
    0x20007f5a   0x20007f5a   0x00000006   Data   RO         1293    .rodata.shellDesc0x0D000000  shell.o
    0x20007f60   0x20007f60   0x00000007   Data   RO         1291    .rodata.shellDesc0x1B5B337E  shell.o
    0x20007f67   0x20007f67   0x00000003   Data   RO         1284    .rodata.shellDesc0x1B5B4100  shell.o
    0x20007f6a   0x20007f6a   0x00000005   Data   RO         1285    .rodata.shellDesc0x1B5B4200  shell.o
    0x20007f6f   0x20007f6f   0x00000006   Data   RO         1286    .rodata.shellDesc0x1B5B4300  shell.o
    0x20007f75   0x20007f75   0x00000005   Data   RO         1287    .rodata.shellDesc0x1B5B4400  shell.o
    0x20007f7a   0x20007f7a   0x0000000a   Data   RO         1290    .rodata.shellDesc0x7F000000  shell.o
    0x20007f84   0x20007f84   0x0000000e   Data   RO         1305    .rodata.shellDescclear  shell.o
    0x20007f92   0x20007f92   0x0000000d   Data   RO         1299    .rodata.shellDesccmds  shell.o
    0x20007f9f   0x20007f9f   0x0000001b   Data   RO         1307    .rodata.shellDescexec  shell.o
    0x20007fba   0x20007fba   0x00000005   Data   RO         1349    .rodata.shellDescexit  shell_port.o
    0x20007fbf   0x20007fbf   0x00000021   Data   RO         1142    .rodata.shellDescfsk_pwm_en  app.o
    0x20007fe0   0x20007fe0   0x0000001a   Data   RO         1146    .rodata.shellDescfsk_pwm_saw_duty  app.o
    0x20007ffa   0x20007ffa   0x0000001e   Data   RO         1295    .rodata.shellDeschelp  shell.o
    0x20008018   0x20008018   0x00000014   Data   RO         1137    .rodata.shellDeschexdump  app.o
    0x2000802c   0x2000802c   0x00000024   Data   RO         1148    .rodata.shellDescif_adc_avg  app.o
    0x20008050   0x20008050   0x0000000d   Data   RO         1303    .rodata.shellDesckeys  shell.o
    0x2000805d   0x2000805d   0x00000008   Data   RO         1283    .rodata.shellDescsetVar  shell.o
    0x20008065   0x20008065   0x0000001a   Data   RO         1144    .rodata.shellDesctimer0_duty  app.o
    0x2000807f   0x2000807f   0x00000020   Data   RO         1140    .rodata.shellDesctimer0_en  app.o
    0x2000809f   0x2000809f   0x0000000e   Data   RO         1297    .rodata.shellDescusers  shell.o
    0x200080ad   0x200080ad   0x0000000d   Data   RO         1301    .rodata.shellDescvars  shell.o
    0x200080ba   0x200080ba   0x00000001   Data   RO         1277    .rodata.shellPasswordDefaultUser  shell.o
    0x200080bb   0x200080bb   0x0000001d   Data   RO          144    .rodata.str1.1      hc32f46x_adc.o
    0x200080d8   0x200080d8   0x0000001d   Data   RO          227    .rodata.str1.1      hc32f46x_clk.o
    0x200080f5   0x200080f5   0x0000001d   Data   RO          280    .rodata.str1.1      hc32f46x_efm.o
    0x20008112   0x20008112   0x0000001e   Data   RO          323    .rodata.str1.1      hc32f46x_gpio.o
    0x20008130   0x20008130   0x0000001d   Data   RO          746    .rodata.str1.1      hc32f46x_pwc.o
    0x2000814d   0x2000814d   0x00000020   Data   RO          787    .rodata.str1.1      hc32f46x_timer0.o
    0x2000816d   0x2000816d   0x0000001f   Data   RO          862    .rodata.str1.1      hc32f46x_usart.o
    0x2000818c   0x2000818c   0x0000001e   Data   RO          927    .rodata.str1.1      hc32f46x_dmac.o
    0x200081aa   0x200081aa   0x00000020   Data   RO         1001    .rodata.str1.1      hc32f46x_timera.o
    0x200081ca   0x200081ca   0x0000001f   Data   RO         1076    .rodata.str1.1      mytimer.o
    0x200081e9   0x200081e9   0x0000001e   Data   RO         1089    .rodata.str1.1      myclk.o
    0x20008207   0x20008207   0x00000049   Data   RO         1135    .rodata.str1.1      app.o
    0x20008250   0x20008250   0x00000020   Data   RO         1163    .rodata.str1.1      timera_pwm.o
    0x20008270   0x20008270   0x000001b0   Data   RO         1281    .rodata.str1.1      shell.o
    0x20008420   0x20008420   0x00000009   Data   RO         1433    .rodata.str1.1      segger_rtt.o
    0x20008429   0x20008429   0x00000003   PAD
    0x2000842c   0x2000842c   0x0000000c   Data   RO         1309    .rodata.str1.4      shell.o
    0x20008438   0x20008438   0x00000030   Data   RO         1879    Region$$Table       anon$$obj.o
    0x20008468   0x20008468   0x00000060   Data   RO         1138    shellCommand        app.o
    0x200084c8   0x200084c8   0x00000130   Data   RO         1279    shellCommand        shell.o
    0x200085f8   0x200085f8   0x00000010   Data   RO         1350    shellCommand        shell_port.o


    Execution Region RW_IRAM1 (Exec base: 0x20010000, Load base: 0x20008608, Size: 0x00007b18, Max: 0x00010000, ABSOLUTE)

    Exec Addr    Load Addr    Size         Type   Attr      Idx    E Section Name        Object

    0x20010000   0x20008608   0x00000004   Data   RW         1564    .data               mc_w.l(stdout.o)
    0x20010004   0x2000860c   0x00000008   Data   RW           15    .data..L_MergedGlobals  system_hc32f46x.o
    0x2001000c   0x20008614   0x00000014   Data   RW         1490    .data.FIFO_Data     fifo.o
    0x20010020        -       0x00000008   Zero   RW           63    .bss..L_MergedGlobals  hc32f46x_utility.o
    0x20010028        -       0x00000034   Zero   RW         1022    .bss..L_MergedGlobals  myadc.o
    0x2001005c        -       0x00000008   Zero   RW         1150    .bss..L_MergedGlobals  app.o
    0x20010064        -       0x00000011   Zero   RW         1435    .bss..L_MergedGlobals  segger_rtt.o
    0x20010075   0x20008628   0x00000003   PAD
    0x20010078        -       0x00000044   Zero   RW         1462    .bss..L_MergedGlobals  segger_hardfaulthandler.o
    0x200100bc        -       0x0000000c   Zero   RW         1549    .bss..L_MergedGlobals  retarget_io.o
    0x200100c8        -       0x00000001   Zero   RW          928    .bss.DmaChEnState   hc32f46x_dmac.o
    0x200100c9   0x20008628   0x00000001   PAD
    0x200100ca        -       0x00001f40   Zero   RW         1489    .bss.FIFO_DataBuffer  fifo.o
    0x2001200a   0x20008628   0x00000002   PAD
    0x2001200c        -       0x00000200   Zero   RW          650    .bss.IrqHandler     hc32f46x_interrupts.o
    0x2001220c        -       0x00004000   Zero   RW         1149    .bss.JS_RTT_UpBuffer  app.o
    0x2001620c        -       0x00000004   Zero   RW         1075    .bss.Timer_Counter  mytimer.o
    0x20016210        -       0x00000078   Zero   RW         1431    .bss._SEGGER_RTT    segger_rtt.o
    0x20016288        -       0x00001000   Zero   RW         1434    .bss._acUpBuffer    segger_rtt.o
    0x20017288        -       0x0000006c   Zero   RW         1346    .bss.shell          shell_port.o
    0x200172f4        -       0x00000009   Zero   RW         1308    .bss.shellGetCommandName.buffer  shell.o
    0x200172fd   0x20008628   0x00000003   PAD
    0x20017300        -       0x00000014   Zero   RW         1280    .bss.shellList      shell.o
    0x20017314        -       0x00000200   Zero   RW         1347    .bss.shell_buffer   shell_port.o
    0x20017514   0x20008628   0x00000004   PAD
    0x20017518        -       0x00000600   Zero   RW            1    STACK               startup_hc32f46x.o


    Execution Region RW_IRAM2 (Exec base: 0x200f0000, Load base: 0x20008640, Size: 0x00000964, Max: 0x00001000, ABSOLUTE, UNINIT)

    Exec Addr    Load Addr    Size         Type   Attr      Idx    E Section Name        Object

    0x200f0000   0x20008640   0x00000020   Code   RO         1523    .text.EventCheckFilter  eventrecorder.o
    0x200f0020   0x20008660   0x00000038   Code   RO         1509    .text.EventGetTS    eventrecorder.o
    0x200f0058   0x20008698   0x0000003a   Code   RO         1525    .text.EventRecord2  eventrecorder.o
    0x200f0092   0x200086d2   0x00000002   PAD
    0x200f0094   0x200086d4   0x00000108   Code   RO         1521    .text.EventRecordData  eventrecorder.o
    0x200f019c   0x200087dc   0x000000fc   Code   RO         1511    .text.EventRecordItem  eventrecorder.o
    0x200f0298   0x200088d8   0x00000064   Code   RO         1507    .text.EventRecorderEnable  eventrecorder.o
    0x200f02fc   0x2000893c   0x0000012c   Code   RO         1505    .text.EventRecorderInitialize  eventrecorder.o
    0x200f0428   0x20008a68   0x00000028   Code   RO         1513    .text.EventRecorderStart  eventrecorder.o
    0x200f0450   0x20008a90   0x0000000c   Code   RO         1503    .text.EventRecorderTimerGetCount  eventrecorder.o
    0x200f045c   0x20008a9c   0x0000000c   Code   RO         1501    .text.EventRecorderTimerGetFreq  eventrecorder.o
    0x200f0468   0x20008aa8   0x00000020   Code   RO         1499    .text.EventRecorderTimerSetup  eventrecorder.o
    0x200f0488   0x20008ac8   0x00000018   Data   RO         1530    .rodata.EventRecorderInfo  eventrecorder.o
    0x200f04a0   0x20008ae0   0x00000020   PAD
    0x200f04c0        -       0x000004a4   Zero   RW         1529    .bss.noinit         eventrecorder.o


==============================================================================

Image component sizes


      Code (inc. data)   RO Data    RW Data    ZI Data      Debug   Object Name

      1586        464        411          0      16392      24817   app.o
      1158         64         24          0       1188      10258   eventrecorder.o
       166          0          0         20       8000       2578   fifo.o
        18          0          0          0          0        304   hardfaulthandler.o
       748         20         29          0          0      36777   hc32f46x_adc.o
      2216        150         29          0          0      35877   hc32f46x_clk.o
      1180         40         30          0          1      36266   hc32f46x_dmac.o
       208         24         29          0          0      12833   hc32f46x_efm.o
       712         24         30          0          0      25024   hc32f46x_gpio.o
      7168        624          0          0        512     123252   hc32f46x_interrupts.o
       272         36         29          0          0      56235   hc32f46x_pwc.o
       864         20         32          0          0      24925   hc32f46x_timer0.o
      1304         54         32          0          0      39051   hc32f46x_timera.o
      1600        100         31          0          0      30377   hc32f46x_usart.o
       156         64          0          0          8      40870   hc32f46x_utility.o
        10          0          0          0          0        371   main.o
       832         52          0          0         52      24976   myadc.o
       428        144         30          0          0       2799   myclk.o
        62          0          0          0          0       2203   myled.o
       392         24         31          0          4      15374   mytimer.o
       550         32          0          0          0      18472   myusart.o
        68         12          0          0         12       2244   retarget_io.o
       124          8          0          0         68       2701   segger_hardfaulthandler.o
       544         32          9          0       4233      17486   segger_rtt.o
      1018         36          0          0          0       4843   segger_rtt_printf.o
      4352        440       1005          0         29      24763   shell.o
       640          8          0          0          0       5719   shell_ext.o
       122         24         26          0        620       6145   shell_port.o
        92         26        640          0       1536        844   startup_hc32f46x.o
       144         30          0          8          0      13849   system_hc32f46x.o
       408         28         32          0          0      22756   timera_pwm.o

    ----------------------------------------------------------------------
     29168       2580       2530         28      32700     664989   Object Totals
         0          0         48          0          0          0   (incl. Generated)
        26          0          3          0         45          0   (incl. Padding)

    ----------------------------------------------------------------------

      Code (inc. data)   RO Data    RW Data    ZI Data      Debug   Library Member Name

         0          0          0          0          0          0   entry.o
         0          0          0          0          0          0   entry10a.o
         0          0          0          0          0          0   entry11a.o
         8          4          0          0          0          0   entry2.o
         4          0          0          0          0          0   entry5.o
         0          0          0          0          0          0   entry7b.o
         0          0          0          0          0          0   entry8b.o
         8          4          0          0          0          0   entry9a.o
        30          0          0          0          0          0   handlers.o
        36          8          0          0          0         68   init.o
         0          0          0          0          0          0   iusefp.o
        30          0          0          0          0         68   llshl.o
        36          0          0          0          0         68   llsshr.o
        32          0          0          0          0         68   llushr.o
        36          0          0          0          0         68   memcpya.o
        36          0          0          0          0        108   memseta.o
      2258         90          0          0          0        452   printfa.o
         0          0          0          4          0          0   stdout.o
        28          0          0          0          0         76   strcmp.o
        14          0          0          0          0         68   strlen.o
        30          0          0          0          0         80   strncmp.o
        44          0          0          0          0         80   uidiv.o
        98          0          0          0          0         92   uldiv.o
        48          0          0          0          0         68   cdrcmple.o
       334          0          0          0          0        148   dadd.o
       222          0          0          0          0        100   ddiv.o
       186          0          0          0          0        176   depilogue.o
        48          0          0          0          0         68   dfixul.o
       228          0          0          0          0         96   dmul.o

    ----------------------------------------------------------------------
      3798        106          0          4          0       1952   Library Totals
         4          0          0          0          0          0   (incl. Padding)

    ----------------------------------------------------------------------

      Code (inc. data)   RO Data    RW Data    ZI Data      Debug   Library Name

      2728        106          0          4          0       1296   mc_w.l
      1066          0          0          0          0        656   mf_w.l

    ----------------------------------------------------------------------
      3798        106          0          4          0       1952   Library Totals

    ----------------------------------------------------------------------

==============================================================================


      Code (inc. data)   RO Data    RW Data    ZI Data      Debug   

     32966       2686       2530         32      32700     665709   Grand Totals
     32966       2686       2530         32      32700     665709   ELF Image Totals
     32966       2686       2530         32          0          0   ROM Totals

==============================================================================

    Total RO  Size (Code + RO Data)                35496 (  34.66kB)
    Total RW  Size (RW Data + ZI Data)             32732 (  31.96kB)
    Total ROM Size (Code + RO Data + RW Data)      35528 (  34.70kB)

==============================================================================

