Component: ARM Compiler 6.16 Tool: armlink [5dfeaa00]

==============================================================================

Image Symbol Table

    Local Symbols

    Symbol Name                              Value     Ov Type        Size  Object(Section)

    ../clib/division.s                       0x00000000   Number         0  aeabi_sdiv.o ABSOLUTE
    ../clib/microlib/division.c              0x00000000   Number         0  uldiv.o ABSOLUTE
    ../clib/microlib/division.c              0x00000000   Number         0  uidiv.o ABSOLUTE
    ../clib/microlib/init/entry.s            0x00000000   Number         0  entry.o ABSOLUTE
    ../clib/microlib/init/entry.s            0x00000000   Number         0  entry2.o ABSOLUTE
    ../clib/microlib/init/entry.s            0x00000000   Number         0  entry5.o ABSOLUTE
    ../clib/microlib/init/entry.s            0x00000000   Number         0  entry7a.o ABSOLUTE
    ../clib/microlib/init/entry.s            0x00000000   Number         0  entry7b.o ABSOLUTE
    ../clib/microlib/init/entry.s            0x00000000   Number         0  entry8a.o ABSOLUTE
    ../clib/microlib/init/entry.s            0x00000000   Number         0  entry8b.o ABSOLUTE
    ../clib/microlib/init/entry.s            0x00000000   Number         0  entry9a.o ABSOLUTE
    ../clib/microlib/init/entry.s            0x00000000   Number         0  entry9b.o ABSOLUTE
    ../clib/microlib/init/entry.s            0x00000000   Number         0  entry10a.o ABSOLUTE
    ../clib/microlib/init/entry.s            0x00000000   Number         0  entry10b.o ABSOLUTE
    ../clib/microlib/init/entry.s            0x00000000   Number         0  entry11a.o ABSOLUTE
    ../clib/microlib/init/entry.s            0x00000000   Number         0  entry11b.o ABSOLUTE
    ../clib/microlib/longlong.c              0x00000000   Number         0  llshl.o ABSOLUTE
    ../clib/microlib/longlong.c              0x00000000   Number         0  llushr.o ABSOLUTE
    ../clib/microlib/longlong.c              0x00000000   Number         0  llsshr.o ABSOLUTE
    ../clib/microlib/printf/printf.c         0x00000000   Number         0  printfb.o ABSOLUTE
    ../clib/microlib/printf/printf.c         0x00000000   Number         0  printf0.o ABSOLUTE
    ../clib/microlib/printf/printf.c         0x00000000   Number         0  printf1.o ABSOLUTE
    ../clib/microlib/printf/printf.c         0x00000000   Number         0  printf2.o ABSOLUTE
    ../clib/microlib/printf/printf.c         0x00000000   Number         0  printf3.o ABSOLUTE
    ../clib/microlib/printf/printf.c         0x00000000   Number         0  printf4.o ABSOLUTE
    ../clib/microlib/printf/printf.c         0x00000000   Number         0  printf5.o ABSOLUTE
    ../clib/microlib/printf/printf.c         0x00000000   Number         0  printf6.o ABSOLUTE
    ../clib/microlib/printf/printf.c         0x00000000   Number         0  printf7.o ABSOLUTE
    ../clib/microlib/printf/printf.c         0x00000000   Number         0  printf8.o ABSOLUTE
    ../clib/microlib/printf/printf.c         0x00000000   Number         0  printfa.o ABSOLUTE
    ../clib/microlib/printf/stubs.s          0x00000000   Number         0  printfstubs.o ABSOLUTE
    ../clib/microlib/stdio/fputs.c           0x00000000   Number         0  fputs.o ABSOLUTE
    ../clib/microlib/stdio/fputs.c           0x00000000   Number         0  fputs_e.o ABSOLUTE
    ../clib/microlib/stdio/streams.c         0x00000000   Number         0  stdout.o ABSOLUTE
    ../clib/microlib/stdio/streams.c         0x00000000   Number         0  stderr.o ABSOLUTE
    ../clib/microlib/string/memcpy.c         0x00000000   Number         0  memcpya.o ABSOLUTE
    ../clib/microlib/string/memcpy.c         0x00000000   Number         0  memcpyb.o ABSOLUTE
    ../clib/microlib/string/memset.c         0x00000000   Number         0  memseta.o ABSOLUTE
    ../clib/microlib/string/strcmp.c         0x00000000   Number         0  strcmp.o ABSOLUTE
    ../clib/microlib/string/strlen.c         0x00000000   Number         0  strlen.o ABSOLUTE
    ../clib/microlib/string/strncmp.c        0x00000000   Number         0  strncmp.o ABSOLUTE
    ../clib/microlib/stubs.s                 0x00000000   Number         0  iusefp.o ABSOLUTE
    ../fplib/microlib/fpadd.c                0x00000000   Number         0  dadd.o ABSOLUTE
    ../fplib/microlib/fpdiv.c                0x00000000   Number         0  ddiv.o ABSOLUTE
    ../fplib/microlib/fpepilogue.c           0x00000000   Number         0  depilogue.o ABSOLUTE
    ../fplib/microlib/fpfix.c                0x00000000   Number         0  dfixul.o ABSOLUTE
    ../fplib/microlib/fpmul.c                0x00000000   Number         0  dmul.o ABSOLUTE
    ..\application\HardFaultHandlerMDK\HardFaultHandler.S 0x00000000   Number         0  hardfaulthandler.o ABSOLUTE
    EventRecorder.c                          0x00000000   Number         0  eventrecorder.o ABSOLUTE
[...]
    IRQ096_Handler                           0x20002235   Thumb Code    12  hc32f46x_interrupts.o(.text.IRQ096_Handler)
    IRQ097_Handler                           0x20002245   Thumb Code    12  hc32f46x_interrupts.o(.text.IRQ097_Handler)
    IRQ098_Handler                           0x20002255   Thumb Code    12  hc32f46x_interrupts.o(.text.IRQ098_Handler)
    IRQ099_Handler                           0x20002265   Thumb Code    12  hc32f46x_interrupts.o(.text.IRQ099_Handler)
    IRQ100_Handler                           0x20002275   Thumb Code    12  hc32f46x_interrupts.o(.text.IRQ100_Handler)
    IRQ101_Handler                           0x20002285   Thumb Code    12  hc32f46x_interrupts.o(.text.IRQ101_Handler)
    IRQ102_Handler                           0x20002295   Thumb Code    12  hc32f46x_interrupts.o(.text.IRQ102_Handler)
    IRQ103_Handler                           0x200022a5   Thumb Code    12  hc32f46x_interrupts.o(.text.IRQ103_Handler)
    IRQ104_Handler                           0x200022b5   Thumb Code    12  hc32f46x_interrupts.o(.text.IRQ104_Handler)
    IRQ105_Handler                           0x200022c5   Thumb Code    12  hc32f46x_interrupts.o(.text.IRQ105_Handler)
    IRQ106_Handler                           0x200022d5   Thumb Code    12  hc32f46x_interrupts.o(.text.IRQ106_Handler)
    IRQ107_Handler                           0x200022e5   Thumb Code    12  hc32f46x_interrupts.o(.text.IRQ107_Handler)
    IRQ108_Handler                           0x200022f5   Thumb Code    12  hc32f46x_interrupts.o(.text.IRQ108_Handler)
    IRQ109_Handler                           0x20002305   Thumb Code    12  hc32f46x_interrupts.o(.text.IRQ109_Handler)
    IRQ110_Handler                           0x20002315   Thumb Code    12  hc32f46x_interrupts.o(.text.IRQ110_Handler)
    IRQ111_Handler                           0x20002325   Thumb Code    12  hc32f46x_interrupts.o(.text.IRQ111_Handler)
    IRQ112_Handler                           0x20002335   Thumb Code    12  hc32f46x_interrupts.o(.text.IRQ112_Handler)
    IRQ113_Handler                           0x20002345   Thumb Code    12  hc32f46x_interrupts.o(.text.IRQ113_Handler)
    IRQ114_Handler                           0x20002355   Thumb Code    12  hc32f46x_interrupts.o(.text.IRQ114_Handler)
    IRQ115_Handler                           0x20002365   Thumb Code    12  hc32f46x_interrupts.o(.text.IRQ115_Handler)
    IRQ116_Handler                           0x20002375   Thumb Code    12  hc32f46x_interrupts.o(.text.IRQ116_Handler)
    IRQ117_Handler                           0x20002385   Thumb Code    12  hc32f46x_interrupts.o(.text.IRQ117_Handler)
    IRQ118_Handler                           0x20002395   Thumb Code    12  hc32f46x_interrupts.o(.text.IRQ118_Handler)
    IRQ119_Handler                           0x200023a5   Thumb Code    12  hc32f46x_interrupts.o(.text.IRQ119_Handler)
    IRQ120_Handler                           0x200023b5   Thumb Code    12  hc32f46x_interrupts.o(.text.IRQ120_Handler)
    IRQ121_Handler                           0x200023c5   Thumb Code    12  hc32f46x_interrupts.o(.text.IRQ121_Handler)
    IRQ122_Handler                           0x200023d5   Thumb Code    12  hc32f46x_interrupts.o(.text.IRQ122_Handler)
    IRQ123_Handler                           0x200023e5   Thumb Code    12  hc32f46x_interrupts.o(.text.IRQ123_Handler)
    IRQ124_Handler                           0x200023f5   Thumb Code    12  hc32f46x_interrupts.o(.text.IRQ124_Handler)
    IRQ125_Handler                           0x20002405   Thumb Code    12  hc32f46x_interrupts.o(.text.IRQ125_Handler)
    IRQ126_Handler                           0x20002415   Thumb Code    12  hc32f46x_interrupts.o(.text.IRQ126_Handler)
    IRQ127_Handler                           0x20002425   Thumb Code    12  hc32f46x_interrupts.o(.text.IRQ127_Handler)
    IRQ128_Handler                           0x20002435   Thumb Code   236  hc32f46x_interrupts.o(.text.IRQ128_Handler)
    IRQ129_Handler                           0x20002529   Thumb Code   816  hc32f46x_interrupts.o(.text.IRQ129_Handler)
    IRQ130_Handler                           0x20002895   Thumb Code   152  hc32f46x_interrupts.o(.text.IRQ130_Handler)
    IRQ131_Handler                           0x20002945   Thumb Code   488  hc32f46x_interrupts.o(.text.IRQ131_Handler)
    IRQ132_Handler                           0x20002b41   Thumb Code   248  hc32f46x_interrupts.o(.text.IRQ132_Handler)
    IRQ136_Handler                           0x20002c45   Thumb Code   528  hc32f46x_interrupts.o(.text.IRQ136_Handler)
    IRQ137_Handler                           0x20002e81   Thumb Code   476  hc32f46x_interrupts.o(.text.IRQ137_Handler)
    IRQ138_Handler                           0x20003071   Thumb Code   364  hc32f46x_interrupts.o(.text.IRQ138_Handler)
    IRQ139_Handler                           0x200031e9   Thumb Code   188  hc32f46x_interrupts.o(.text.IRQ139_Handler)
    IRQ140_Handler                           0x200032ad   Thumb Code   348  hc32f46x_interrupts.o(.text.IRQ140_Handler)
    IRQ141_Handler                           0x20003429   Thumb Code   408  hc32f46x_interrupts.o(.text.IRQ141_Handler)
    IRQ142_Handler                           0x200035ed   Thumb Code   196  hc32f46x_interrupts.o(.text.IRQ142_Handler)
    IRQ143_Handler                           0x200036c5   Thumb Code   172  hc32f46x_interrupts.o(.text.IRQ143_Handler)
    MemManage_Handler                        0x20003781   Thumb Code     8  hc32f46x_interrupts.o(.text.MemManage_Handler)
    NMI_Handler                              0x20003789   Thumb Code     8  hc32f46x_interrupts.o(.text.NMI_Handler)
    PORT_GetBit                              0x20003a75   Thumb Code   120  hc32f46x_gpio.o(.text.PORT_GetBit)
    PORT_Init                                0x20003af5   Thumb Code   356  hc32f46x_gpio.o(.text.PORT_Init)
    PORT_SetBits                             0x20003c5d   Thumb Code    24  hc32f46x_gpio.o(.text.PORT_SetBits)
    PORT_SetFunc                             0x20003c79   Thumb Code   148  hc32f46x_gpio.o(.text.PORT_SetFunc)
    PWC_Fcg0PeriphClockCmd                   0x20003d15   Thumb Code    72  hc32f46x_pwc.o(.text.PWC_Fcg0PeriphClockCmd)
    PWC_Fcg1PeriphClockCmd                   0x20003d69   Thumb Code    56  hc32f46x_pwc.o(.text.PWC_Fcg1PeriphClockCmd)
    PWC_Fcg2PeriphClockCmd                   0x20003da9   Thumb Code    56  hc32f46x_pwc.o(.text.PWC_Fcg2PeriphClockCmd)
    PWC_Fcg3PeriphClockCmd                   0x20003de9   Thumb Code    60  hc32f46x_pwc.o(.text.PWC_Fcg3PeriphClockCmd)
    PendSV_Handler                           0x20003e2d   Thumb Code     8  hc32f46x_interrupts.o(.text.PendSV_Handler)
    SEGGER_RTT_ConfigUpBuffer                0x20003e35   Thumb Code    88  segger_rtt.o(.text.SEGGER_RTT_ConfigUpBuffer)
    SEGGER_RTT_Init                          0x20003e8d   Thumb Code     4  segger_rtt.o(.text.SEGGER_RTT_Init)
    SEGGER_RTT_Write                         0x20003e91   Thumb Code    48  segger_rtt.o(.text.SEGGER_RTT_Write)
    SEGGER_RTT_WriteNoLock                   0x20003ec1   Thumb Code    76  segger_rtt.o(.text.SEGGER_RTT_WriteNoLock)
    SEGGER_RTT_printf                        0x20003f11   Thumb Code    26  segger_rtt_printf.o(.text.SEGGER_RTT_printf)
    SEGGER_RTT_vprintf                       0x20003f2d   Thumb Code   730  segger_rtt_printf.o(.text.SEGGER_RTT_vprintf)
    SVC_Handler                              0x20004207   Thumb Code     8  hc32f46x_interrupts.o(.text.SVC_Handler)
    SysClkIni                                0x2000420f   Thumb Code   128  myclk.o(.text.SysClkIni)
    SysTick_GetTick                          0x20004291   Thumb Code     8  hc32f46x_utility.o(.text.SysTick_GetTick)
    SysTick_Handler                          0x20004299   Thumb Code     8  hc32f46x_interrupts.o(.text.SysTick_Handler)
    SysTick_IncTick                          0x200042a1   Thumb Code    12  hc32f46x_utility.o(.text.SysTick_IncTick)
    SysTick_Init                             0x200042ad   Thumb Code    56  hc32f46x_utility.o(.text.SysTick_Init)
    SysTick_IrqHandler                       0x200042f5   Thumb Code     4  app.o(.text.SysTick_IrqHandler)
    SystemCoreClockUpdate                    0x200042f9   Thumb Code   104  system_hc32f46x.o(.text.SystemCoreClockUpdate)
    SystemInit                               0x20004375   Thumb Code    16  system_hc32f46x.o(.text.SystemInit)
    TIMER0_BaseInit                          0x20004389   Thumb Code   424  hc32f46x_timer0.o(.text.TIMER0_BaseInit)
    TIMER0_Cmd                               0x20004539   Thumb Code   132  hc32f46x_timer0.o(.text.TIMER0_Cmd)
    TIMER0_IntCmd                            0x200045f5   Thumb Code   132  hc32f46x_timer0.o(.text.TIMER0_IntCmd)
    TIMERA_BaseInit                          0x20004681   Thumb Code   172  hc32f46x_timera.o(.text.TIMERA_BaseInit)
    TIMERA_ClearFlag                         0x20004735   Thumb Code   160  hc32f46x_timera.o(.text.TIMERA_ClearFlag)
    TIMERA_Cmd                               0x200047d5   Thumb Code    48  hc32f46x_timera.o(.text.TIMERA_Cmd)
    TIMERA_CompareCmd                        0x20004805   Thumb Code    72  hc32f46x_timera.o(.text.TIMERA_CompareCmd)
    TIMERA_CompareInit                       0x2000484d   Thumb Code   364  hc32f46x_timera.o(.text.TIMERA_CompareInit)
    TIMERA_GetFlag                           0x200049b9   Thumb Code   152  hc32f46x_timera.o(.text.TIMERA_GetFlag)
    TIMERA_IrqCmd                            0x20004a55   Thumb Code   176  hc32f46x_timera.o(.text.TIMERA_IrqCmd)
    Timera_Config                            0x20004bd5   Thumb Code   300  timera_pwm.o(.text.Timera_Config)
    USART_ClearStatus                        0x20004d11   Thumb Code    84  hc32f46x_usart.o(.text.USART_ClearStatus)
    USART_FuncCmd                            0x20004d65   Thumb Code   212  hc32f46x_usart.o(.text.USART_FuncCmd)
    USART_GetStatus                          0x20004e39   Thumb Code   100  hc32f46x_usart.o(.text.USART_GetStatus)
    USART_RecData                            0x20004ea1   Thumb Code    48  hc32f46x_usart.o(.text.USART_RecData)
    USART_SetBaudrate                        0x20004ee5   Thumb Code   588  hc32f46x_usart.o(.text.USART_SetBaudrate)
    USART_UART_Init                          0x20005131   Thumb Code   356  hc32f46x_usart.o(.text.USART_UART_Init)
    UsageFault_Handler                       0x200052a9   Thumb Code     8  hc32f46x_interrupts.o(.text.UsageFault_Handler)
    UsartRxErrProcess                        0x20005309   Thumb Code    72  myusart.o(.text.UsartRxErrProcess)
    User_Shell_Init                          0x20005369   Thumb Code    16  shell_port.o(.text.User_Shell_Init)
    adc_clk_test                             0x20005645   Thumb Code    32  myadc.o(.text.adc_clk_test)
    app                                      0x20005675   Thumb Code    36  app.o(.text.app)
    clk_test                                 0x2000569d   Thumb Code   124  myclk.o(.text.clk_test)
    enIrqRegistration                        0x200057a9   Thumb Code   108  hc32f46x_interrupts.o(.text.enIrqRegistration)
    en_fsk_pwm                               0x20005841   Thumb Code    52  app.o(.text.en_fsk_pwm)
    en_sample                                0x20005889   Thumb Code    36  app.o(.text.en_sample)
    enable_flash_cache                       0x200058c1   Thumb Code    40  app.o(.text.enable_flash_cache)
    error_process                            0x200058e9   Thumb Code     8  app.o(.text.error_process)
    fputc                                    0x200058fd   Thumb Code    56  retarget_io.o(.text.fputc)
    gpio_init                                0x20005941   Thumb Code    46  app.o(.text.gpio_init)
    hexdump                                  0x20005971   Thumb Code   328  app.o(.text.hexdump)
    idle_process                             0x20005ad9   Thumb Code    28  app.o(.text.idle_process)
    init_all                                 0x20005afd   Thumb Code   140  app.o(.text.init_all)
    led_init                                 0x20005bcd   Thumb Code    62  myled.o(.text.led_init)
    main                                     0x20005c0b   Thumb Code    10  main.o(.text.main)
    memory_init                              0x20005c15   Thumb Code    56  app.o(.text.memory_init)
    quit_shell                               0x20005c55   Thumb Code     4  shell_port.o(.text.quit_shell)
    read_uid                                 0x20005c59   Thumb Code    52  app.o(.text.read_uid)
    segger_init                              0x20005cbd   Thumb Code    56  app.o(.text.segger_init)
    sent_sample_data                         0x20005d69   Thumb Code    60  app.o(.text.sent_sample_data)
    set_fsk_wave_duty                        0x20005da9   Thumb Code    80  app.o(.text.set_fsk_wave_duty)
    set_if_adc_avg                           0x20005e41   Thumb Code    24  app.o(.text.set_if_adc_avg)
    set_samplerate                           0x20005e5d   Thumb Code    44  app.o(.text.set_samplerate)
    shellBackspace                           0x20005eb1   Thumb Code     6  shell.o(.text.shellBackspace)
    shellCheckPermission                     0x20005eb7   Thumb Code    54  shell.o(.text.shellCheckPermission)
    shellClear                               0x20005eed   Thumb Code    20  shell.o(.text.shellClear)
    shellClearCommandLine                    0x20005f05   Thumb Code    40  shell.o(.text.shellClearCommandLine)
    shellCmds                                0x20005f2d   Thumb Code    18  shell.o(.text.shellCmds)
    shellDelete                              0x20005f3f   Thumb Code     8  shell.o(.text.shellDelete)
    shellDeleteByte                          0x20005f47   Thumb Code   204  shell.o(.text.shellDeleteByte)
    shellDeleteCommandLine                   0x20006015   Thumb Code    28  shell.o(.text.shellDeleteCommandLine)
    shellDown                                0x20006035   Thumb Code     8  shell.o(.text.shellDown)
    shellEnter                               0x2000603d   Thumb Code    18  shell.o(.text.shellEnter)
    shellExec                                0x20006051   Thumb Code   324  shell.o(.text.shellExec)
    shellExecute                             0x200061b5   Thumb Code    72  shell.o(.text.shellExecute)
    shellExtParsePara                        0x20006245   Thumb Code   398  shell_ext.o(.text.shellExtParsePara)
    shellExtRun                              0x200063d5   Thumb Code   190  shell_ext.o(.text.shellExtRun)
    shellGetCurrent                          0x200064cd   Thumb Code    32  shell.o(.text.shellGetCurrent)
    shellGetVarValue                         0x200064ed   Thumb Code    60  shell.o(.text.shellGetVarValue)
    shellHandler                             0x20006529   Thumb Code   236  shell.o(.text.shellHandler)
    shellHelp                                0x20006619   Thumb Code    40  shell.o(.text.shellHelp)
    shellInit                                0x200066d1   Thumb Code   124  shell.o(.text.shellInit)
    shellInsertByte                          0x2000675d   Thumb Code   188  shell.o(.text.shellInsertByte)
    shellKeys                                0x2000681d   Thumb Code    18  shell.o(.text.shellKeys)
    shellLeft                                0x2000682f   Thumb Code    32  shell.o(.text.shellLeft)
    shellListAll                             0x2000684f   Thumb Code    18  shell.o(.text.shellListAll)
    shellListCommand                         0x20006861   Thumb Code    48  shell.o(.text.shellListCommand)
    shellListItem                            0x200068a5   Thumb Code   228  shell.o(.text.shellListItem)
    shellListKey                             0x200069bd   Thumb Code    44  shell.o(.text.shellListKey)
    shellListUser                            0x200069f9   Thumb Code    44  shell.o(.text.shellListUser)
    shellListVar                             0x20006a35   Thumb Code    44  shell.o(.text.shellListVar)
    shellNormalInput                         0x20006a71   Thumb Code    16  shell.o(.text.shellNormalInput)
    shellRight                               0x20006a81   Thumb Code    34  shell.o(.text.shellRight)
    shellRunCommand                          0x20006aa3   Thumb Code   186  shell.o(.text.shellRunCommand)
    shellSeekCommand                         0x20006b5d   Thumb Code   106  shell.o(.text.shellSeekCommand)
    shellSetVar                              0x20006c25   Thumb Code    72  shell.o(.text.shellSetVar)
    shellSetVarValue                         0x20006c8d   Thumb Code   108  shell.o(.text.shellSetVarValue)
    shellTab                                 0x20006df5   Thumb Code   332  shell.o(.text.shellTab)
    shellTask                                0x20006f41   Thumb Code    32  shell.o(.text.shellTask)
    shellToDec                               0x20006f61   Thumb Code    72  shell.o(.text.shellToDec)
    shellToHex                               0x20006fa9   Thumb Code    44  shell.o(.text.shellToHex)
    shellUp                                  0x20006fd5   Thumb Code     6  shell.o(.text.shellUp)
    shellUsers                               0x20006fdb   Thumb Code    18  shell.o(.text.shellUsers)
    shellVars                                0x20006fed   Thumb Code    18  shell.o(.text.shellVars)
    shellWrite                               0x20006fff   Thumb Code    10  shell_port.o(.text.shellWrite)
    shellWriteString                         0x20007169   Thumb Code    32  shell.o(.text.shellWriteString)
    shell_uart_write_data                    0x20007189   Thumb Code    28  shell_port.o(.text.shell_uart_write_data)
    tick_init                                0x200071a5   Thumb Code    16  app.o(.text.tick_init)
    timer0_init                              0x200071b9   Thumb Code   224  mytimer.o(.text.timer0_init)
    tuya_UsartRxErrProcess                   0x200072a5   Thumb Code    72  myusart.o(.text.tuya_UsartRxErrProcess)
    uart_transmit_output_shell               0x200072f1   Thumb Code    12  shell_port.o(.text.uart_transmit_output_shell)
    usart_init                               0x20007301   Thumb Code   288  myusart.o(.text.usart_init)
    HardFault_Handler                        0x2000743d   Thumb Code     0  hardfaulthandler.o(OSKERNEL)
    __0printf                                0x20007451   Thumb Code    22  printfa.o(i.__0printf)
    __1printf                                0x20007451   Thumb Code     0  printfa.o(i.__0printf)
    __2printf                                0x20007451   Thumb Code     0  printfa.o(i.__0printf)
    __c89printf                              0x20007451   Thumb Code     0  printfa.o(i.__0printf)
    printf                                   0x20007451   Thumb Code     0  printfa.o(i.__0printf)
    __scatterload_copy                       0x20007471   Thumb Code    14  handlers.o(i.__scatterload_copy)
    __scatterload_null                       0x2000747f   Thumb Code     2  handlers.o(i.__scatterload_null)
    __scatterload_zeroinit                   0x20007481   Thumb Code    14  handlers.o(i.__scatterload_zeroinit)
    shellCmdDefaultUser                      0x20007d42   Data           5  shell.o(.rodata.shellCmdDefaultUser)
    shellCmdclear                            0x20007d47   Data           6  shell.o(.rodata.shellCmdclear)
    shellCmdcmds                             0x20007d4d   Data           5  shell.o(.rodata.shellCmdcmds)
    shellCmdexec                             0x20007d52   Data           5  shell.o(.rodata.shellCmdexec)
    shellCmdexit                             0x20007d57   Data           5  shell_port.o(.rodata.shellCmdexit)
    shellCmdfsk_pwm_en                       0x20007d5c   Data          11  app.o(.rodata.shellCmdfsk_pwm_en)
    shellCmdfsk_pwm_saw_duty                 0x20007d67   Data          17  app.o(.rodata.shellCmdfsk_pwm_saw_duty)
    shellCmdhelp                             0x20007d78   Data           5  shell.o(.rodata.shellCmdhelp)
    shellCmdhexdump                          0x20007d7d   Data           8  app.o(.rodata.shellCmdhexdump)
    shellCmdif_adc_avg                       0x20007d85   Data          11  app.o(.rodata.shellCmdif_adc_avg)
    shellCmdkeys                             0x20007d90   Data           5  shell.o(.rodata.shellCmdkeys)
    shellCmdsetVar                           0x20007d95   Data           7  shell.o(.rodata.shellCmdsetVar)
    shellCmdtimer0_duty                      0x20007d9c   Data          12  app.o(.rodata.shellCmdtimer0_duty)
    shellCmdtimer0_en                        0x20007da8   Data          10  app.o(.rodata.shellCmdtimer0_en)
    shellCmdusers                            0x20007db2   Data           6  shell.o(.rodata.shellCmdusers)
    shellCmdvars                             0x20007db8   Data           5  shell.o(.rodata.shellCmdvars)
    shellDesDefaultUser                      0x20007dbd   Data          13  shell.o(.rodata.shellDesDefaultUser)
    shellDesc0x08000000                      0x20007dca   Data          10  shell.o(.rodata.shellDesc0x08000000)
    shellDesc0x09000000                      0x20007dd4   Data           4  shell.o(.rodata.shellDesc0x09000000)
    shellDesc0x0A000000                      0x20007dd8   Data           6  shell.o(.rodata.shellDesc0x0A000000)
    shellDesc0x0D000000                      0x20007dde   Data           6  shell.o(.rodata.shellDesc0x0D000000)
    shellDesc0x1B5B337E                      0x20007de4   Data           7  shell.o(.rodata.shellDesc0x1B5B337E)
    shellDesc0x1B5B4100                      0x20007deb   Data           3  shell.o(.rodata.shellDesc0x1B5B4100)
    shellDesc0x1B5B4200                      0x20007dee   Data           5  shell.o(.rodata.shellDesc0x1B5B4200)
    shellDesc0x1B5B4300                      0x20007df3   Data           6  shell.o(.rodata.shellDesc0x1B5B4300)
    shellDesc0x1B5B4400                      0x20007df9   Data           5  shell.o(.rodata.shellDesc0x1B5B4400)
    shellDesc0x7F000000                      0x20007dfe   Data          10  shell.o(.rodata.shellDesc0x7F000000)
    shellDescclear                           0x20007e08   Data          14  shell.o(.rodata.shellDescclear)
    shellDesccmds                            0x20007e16   Data          13  shell.o(.rodata.shellDesccmds)
    shellDescexec                            0x20007e23   Data          27  shell.o(.rodata.shellDescexec)
    shellDescexit                            0x20007e3e   Data           5  shell_port.o(.rodata.shellDescexit)
    shellDescfsk_pwm_en                      0x20007e43   Data          33  app.o(.rodata.shellDescfsk_pwm_en)
    shellDescfsk_pwm_saw_duty                0x20007e64   Data          26  app.o(.rodata.shellDescfsk_pwm_saw_duty)
    shellDeschelp                            0x20007e7e   Data          30  shell.o(.rodata.shellDeschelp)
    shellDeschexdump                         0x20007e9c   Data          20  app.o(.rodata.shellDeschexdump)
    shellDescif_adc_avg                      0x20007eb0   Data          36  app.o(.rodata.shellDescif_adc_avg)
    shellDesckeys                            0x20007ed4   Data          13  shell.o(.rodata.shellDesckeys)
    shellDescsetVar                          0x20007ee1   Data           8  shell.o(.rodata.shellDescsetVar)
    shellDesctimer0_duty                     0x20007ee9   Data          26  app.o(.rodata.shellDesctimer0_duty)
    shellDesctimer0_en                       0x20007f03   Data          32  app.o(.rodata.shellDesctimer0_en)
    shellDescusers                           0x20007f23   Data          14  shell.o(.rodata.shellDescusers)
    shellDescvars                            0x20007f31   Data          13  shell.o(.rodata.shellDescvars)
    shellPasswordDefaultUser                 0x20007f3e   Data           1  shell.o(.rodata.shellPasswordDefaultUser)
    Region$$Table$$Base                      0x200082bc   Number         0  anon$$obj.o(Region$$Table)
    Region$$Table$$Limit                     0x200082ec   Number         0  anon$$obj.o(Region$$Table)
    shellCommand$$Base                       0x200082ec   Number         0  app.o(shellCommand)
    shellCommandhexdump                      0x200082ec   Data          16  app.o(shellCommand)
    shellCommandtimer0_en                    0x200082fc   Data          16  app.o(shellCommand)
    shellCommandfsk_pwm_en                   0x2000830c   Data          16  app.o(shellCommand)
    shellCommandtimer0_duty                  0x2000831c   Data          16  app.o(shellCommand)
    shellCommandfsk_pwm_saw_duty             0x2000832c   Data          16  app.o(shellCommand)
    shellCommandif_adc_avg                   0x2000833c   Data          16  app.o(shellCommand)
    shellUserDefault                         0x2000834c   Data          16  shell.o(shellCommand)
    shellCommandsetVar                       0x2000835c   Data          16  shell.o(shellCommand)
    shellKey0x1B5B4100                       0x2000836c   Data          16  shell.o(shellCommand)
    shellKey0x1B5B4200                       0x2000837c   Data          16  shell.o(shellCommand)
    shellKey0x1B5B4300                       0x2000838c   Data          16  shell.o(shellCommand)
    shellKey0x1B5B4400                       0x2000839c   Data          16  shell.o(shellCommand)
    shellKey0x09000000                       0x200083ac   Data          16  shell.o(shellCommand)
    shellKey0x08000000                       0x200083bc   Data          16  shell.o(shellCommand)
    shellKey0x7F000000                       0x200083cc   Data          16  shell.o(shellCommand)
    shellKey0x1B5B337E                       0x200083dc   Data          16  shell.o(shellCommand)
    shellKey0x0A000000                       0x200083ec   Data          16  shell.o(shellCommand)
    shellKey0x0D000000                       0x200083fc   Data          16  shell.o(shellCommand)
    shellCommandhelp                         0x2000840c   Data          16  shell.o(shellCommand)
    shellCommandusers                        0x2000841c   Data          16  shell.o(shellCommand)
    shellCommandcmds                         0x2000842c   Data          16  shell.o(shellCommand)
    shellCommandvars                         0x2000843c   Data          16  shell.o(shellCommand)
    shellCommandkeys                         0x2000844c   Data          16  shell.o(shellCommand)
    shellCommandclear                        0x2000845c   Data          16  shell.o(shellCommand)
    shellCommandexec                         0x2000846c   Data          16  shell.o(shellCommand)
    shellCommandexit                         0x2000847c   Data          16  shell_port.o(shellCommand)
    shellCommand$$Limit                      0x2000848c   Number         0  shell_port.o(shellCommand)
    __stdout                                 0x20010000   Data           4  stdout.o(.data)
    HRC_VALUE                                0x20010004   Data           4  system_hc32f46x.o(.data..L_MergedGlobals)
    SystemCoreClock                          0x20010008   Data           4  system_hc32f46x.o(.data..L_MergedGlobals)
    FIFO_Data                                0x2001000c   Data          20  fifo.o(.data.FIFO_Data)
    m_au16Adc2SaValue                        0x20010028   Data          18  myadc.o(.bss..L_MergedGlobals)
    m_au16Adc1SaValue                        0x2001003a   Data          34  myadc.o(.bss..L_MergedGlobals)
    state                                    0x2001005c   Data           4  app.o(.bss..L_MergedGlobals)
    next_state                               0x20010060   Data           4  app.o(.bss..L_MergedGlobals)
    FIFO_DataBuffer                          0x200100ca   Data        8000  fifo.o(.bss.FIFO_DataBuffer)
    IrqHandler                               0x2001200c   Data         512  hc32f46x_interrupts.o(.bss.IrqHandler)
    JS_RTT_UpBuffer                          0x2001220c   Data       16384  app.o(.bss.JS_RTT_UpBuffer)
    Timer_Counter                            0x2001620c   Data           4  mytimer.o(.bss.Timer_Counter)
    _SEGGER_RTT                              0x20016210   Data         120  segger_rtt.o(.bss._SEGGER_RTT)
    shell                                    0x20017288   Data         108  shell_port.o(.bss.shell)
    shell_buffer                             0x20017314   Data         512  shell_port.o(.bss.shell_buffer)
    __initial_sp                             0x2001d518   Data           0  startup_hc32f46x.o(STACK)
    EventRecord2                             0x200f0059   Thumb Code    58  eventrecorder.o(.text.EventRecord2)
    EventRecordData                          0x200f0095   Thumb Code   252  eventrecorder.o(.text.EventRecordData)
    EventRecorderEnable                      0x200f0295   Thumb Code    92  eventrecorder.o(.text.EventRecorderEnable)
    EventRecorderInitialize                  0x200f02f5   Thumb Code   272  eventrecorder.o(.text.EventRecorderInitialize)
    EventRecorderStart                       0x200f0421   Thumb Code    32  eventrecorder.o(.text.EventRecorderStart)
    EventRecorderTimerGetCount               0x200f0449   Thumb Code     8  eventrecorder.o(.text.EventRecorderTimerGetCount)
    EventRecorderTimerGetFreq                0x200f0455   Thumb Code     8  eventrecorder.o(.text.EventRecorderTimerGetFreq)
    EventRecorderTimerSetup                  0x200f0461   Thumb Code    24  eventrecorder.o(.text.EventRecorderTimerSetup)
    EventRecorderInfo                        0x200f0488   Data          24  eventrecorder.o(.rodata.EventRecorderInfo)



==============================================================================

Memory Map of the image

  Image Entry point : 0x20000281

  Load Region LR_IROM1 (Base: 0x20000000, Size: 0x00008980, Max: 0x00010000, ABSOLUTE)

    Execution Region ER_IROM1 (Exec base: 0x20000000, Load base: 0x20000000, Size: 0x0000848c, Max: 0x00010000, ABSOLUTE)

    Exec Addr    Load Addr    Size         Type   Attr      Idx    E Section Name        Object

    0x20000000   0x20000000   0x00000280   Data   RO            3    RESET               startup_hc32f46x.o
    0x20000280   0x20000280   0x00000000   Code   RO         1775  * .ARM.Collect$$$$00000000  mc_w.l(entry.o)
    0x20000280   0x20000280   0x00000004   Code   RO         2059    .ARM.Collect$$$$00000001  mc_w.l(entry2.o)
    0x20000284   0x20000284   0x00000004   Code   RO         2062    .ARM.Collect$$$$00000004  mc_w.l(entry5.o)
    0x20000288   0x20000288   0x00000000   Code   RO         2064    .ARM.Collect$$$$00000008  mc_w.l(entry7b.o)
    0x20000288   0x20000288   0x00000000   Code   RO         2066    .ARM.Collect$$$$0000000A  mc_w.l(entry8b.o)
    0x20000288   0x20000288   0x00000008   Code   RO         2067    .ARM.Collect$$$$0000000B  mc_w.l(entry9a.o)
    0x20000290   0x20000290   0x00000000   Code   RO         2069    .ARM.Collect$$$$0000000D  mc_w.l(entry10a.o)
    0x20000290   0x20000290   0x00000000   Code   RO         2071    .ARM.Collect$$$$0000000F  mc_w.l(entry11a.o)
    0x20000290   0x20000290   0x00000004   Code   RO         2060    .ARM.Collect$$$$00002712  mc_w.l(entry2.o)
    0x20000294   0x20000294   0x0000005c   Code   RO            4    .text               startup_hc32f46x.o
    0x200002f0   0x200002f0   0x00000062   Code   RO         1784    .text               mc_w.l(uldiv.o)
    0x20000352   0x20000352   0x00000024   Code   RO         1786    .text               mc_w.l(memcpya.o)
    0x20000376   0x20000376   0x00000024   Code   RO         1788    .text               mc_w.l(memseta.o)
    0x2000039a   0x2000039a   0x0000000e   Code   RO         1790    .text               mc_w.l(strlen.o)
    0x200003a8   0x200003a8   0x0000001c   Code   RO         1792    .text               mc_w.l(strcmp.o)
    0x200003c4   0x200003c4   0x0000001e   Code   RO         1794    .text               mc_w.l(strncmp.o)
    0x200003e2   0x200003e2   0x0000002c   Code   RO         2082    .text               mc_w.l(uidiv.o)
    0x2000040e   0x2000040e   0x0000001e   Code   RO         2084    .text               mc_w.l(llshl.o)
    0x2000042c   0x2000042c   0x00000020   Code   RO         2086    .text               mc_w.l(llushr.o)
    0x2000044c   0x2000044c   0x00000000   Code   RO         2088    .text               mc_w.l(iusefp.o)
    0x2000044c   0x2000044c   0x0000014e   Code   RO         2089    .text               mf_w.l(dadd.o)
    0x2000059a   0x2000059a   0x000000e4   Code   RO         2091    .text               mf_w.l(dmul.o)
    0x2000067e   0x2000067e   0x000000de   Code   RO         2093    .text               mf_w.l(ddiv.o)
    0x2000075c   0x2000075c   0x00000030   Code   RO         2095    .text               mf_w.l(dfixul.o)
    0x2000078c   0x2000078c   0x00000030   Code   RO         2097    .text               mf_w.l(cdrcmple.o)
    0x200007bc   0x200007bc   0x00000024   Code   RO         2099    .text               mc_w.l(init.o)
    0x200007e0   0x200007e0   0x00000024   Code   RO         2101    .text               mc_w.l(llsshr.o)
    0x20000804   0x20000804   0x000000ba   Code   RO         2103    .text               mf_w.l(depilogue.o)
    0x200008be   0x200008be   0x00000002   PAD
    0x200008c0   0x200008c0   0x00000090   Code   RO           82    .text.ADC_AddAdcChannel  hc32f46x_adc.o
    0x20000950   0x20000950   0x00000048   Code   RO           90    .text.ADC_AddAvgChannel  hc32f46x_adc.o
    0x20000998   0x20000998   0x00000014   Code   RO          108    .text.ADC_AddPgaChannel  hc32f46x_adc.o
    0x200009ac   0x200009ac   0x00000048   Code   RO           88    .text.ADC_ConfigAvg  hc32f46x_adc.o
    0x200009f4   0x200009f4   0x0000003c   Code   RO          104    .text.ADC_ConfigPga  hc32f46x_adc.o
    0x20000a30   0x20000a30   0x0000005c   Code   RO          142    .text.ADC_GetChannelPinNum  hc32f46x_adc.o
    0x20000a8c   0x20000a8c   0x000000c0   Code   RO           72    .text.ADC_Init      hc32f46x_adc.o
    0x20000b4c   0x20000b4c   0x0000002c   Code   RO          106    .text.ADC_PgaCmd    hc32f46x_adc.o
    0x20000b78   0x20000b78   0x00000030   Code   RO          116    .text.ADC_StartConvert  hc32f46x_adc.o
    0x20000ba8   0x20000ba8   0x00000094   Code   RO         1176    .text.AdcChannelConfig  myadc.o
    0x20000c3c   0x20000c3c   0x00000038   Code   RO         1172    .text.AdcClockConfig  myadc.o
    0x20000c74   0x20000c74   0x000000f8   Code   RO         1180    .text.AdcConfig     myadc.o
    0x20000d6c   0x20000d6c   0x0000004c   Code   RO         1174    .text.AdcInitConfig  myadc.o
    0x20000db8   0x20000db8   0x000000bc   Code   RO         1178    .text.AdcSetChannelPinMode  myadc.o
    0x20000e74   0x20000e74   0x0000004c   Code   RO          853    .text.AsyncDelay    hc32f46x_timer0.o
    0x20000ec0   0x20000ec0   0x00000008   Code   RO          410    .text.BusFault_Handler  hc32f46x_interrupts.o
    0x20000ec8   0x20000ec8   0x000000c4   Code   RO          199    .text.CLK_GetClockFreq  hc32f46x_clk.o
    0x20000f8c   0x20000f8c   0x00000040   Code   RO          165    .text.CLK_GetFlagStatus  hc32f46x_clk.o
    0x20000fcc   0x20000fcc   0x000000c0   Code   RO          201    .text.CLK_GetPllClockFreq  hc32f46x_clk.o
    0x2000108c   0x2000108c   0x00000064   Code   RO          187    .text.CLK_MpllCmd   hc32f46x_clk.o
    0x200010f0   0x200010f0   0x000000d8   Code   RO          185    .text.CLK_MpllConfig  hc32f46x_clk.o
    0x200011c8   0x200011c8   0x00000040   Code   RO          205    .text.CLK_SetPeriClkSource  hc32f46x_clk.o
    0x20001208   0x20001208   0x0000002c   Code   RO          183    .text.CLK_SetPllSource  hc32f46x_clk.o
    0x20001234   0x20001234   0x000000c8   Code   RO          193    .text.CLK_SetSysClkSource  hc32f46x_clk.o
    0x200012fc   0x200012fc   0x0000012c   Code   RO          197    .text.CLK_SysClkConfig  hc32f46x_clk.o
    0x20001428   0x20001428   0x00000078   Code   RO          191    .text.CLK_UpllCmd   hc32f46x_clk.o
    0x200014a0   0x200014a0   0x000000e4   Code   RO          189    .text.CLK_UpllConfig  hc32f46x_clk.o
    0x20001584   0x20001584   0x00000090   Code   RO          163    .text.CLK_XtalCmd   hc32f46x_clk.o
    0x20001614   0x20001614   0x00000048   Code   RO          157    .text.CLK_XtalConfig  hc32f46x_clk.o
    0x2000165c   0x2000165c   0x00000158   Code   RO         1035    .text.DMA_ChannelCfg  hc32f46x_dmac.o
    0x200017b4   0x200017b4   0x00000168   Code   RO          995    .text.DMA_ChannelCmd  hc32f46x_dmac.o
    0x2000191c   0x2000191c   0x00000074   Code   RO          993    .text.DMA_ClearIrqFlag  hc32f46x_dmac.o
    0x20001990   0x20001990   0x00000038   Code   RO          985    .text.DMA_Cmd       hc32f46x_dmac.o
    0x200019c8   0x200019c8   0x000000f4   Code   RO         1037    .text.DMA_InitChannel  hc32f46x_dmac.o
    0x20001abc   0x20001abc   0x00000038   Code   RO         1031    .text.DMA_SetTriggerSrc  hc32f46x_dmac.o
    0x20001af4   0x20001af4   0x00000040   Code   RO           61    .text.Ddl_AssertHandler  hc32f46x_utility.o
    0x20001b34   0x20001b34   0x00000008   Code   RO          416    .text.DebugMon_Handler  hc32f46x_interrupts.o
    0x20001b3c   0x20001b3c   0x00000028   Code   RO          274    .text.EFM_FlashCmd  hc32f46x_efm.o
    0x20001b64   0x20001b64   0x0000003c   Code   RO          290    .text.EFM_GetFlagStatus  hc32f46x_efm.o
    0x20001ba0   0x20001ba0   0x00000020   Code   RO          278    .text.EFM_InstructionCacheCmd  hc32f46x_efm.o
    0x20001bc0   0x20001bc0   0x00000014   Code   RO          272    .text.EFM_Lock      hc32f46x_efm.o
    0x20001bd4   0x20001bd4   0x00000024   Code   RO          276    .text.EFM_SetLatency  hc32f46x_efm.o
    0x20001bf8   0x20001bf8   0x00000014   Code   RO          270    .text.EFM_Unlock    hc32f46x_efm.o
    0x20001c0c   0x20001c0c   0x00000004   Code   RO         1703    .text.FIFO_GetDataCount  fifo.o
    0x20001c10   0x20001c10   0x0000000c   Code   RO         1689    .text.FIFO_Init     fifo.o
    0x20001c1c   0x20001c1c   0x0000000a   Code   RO         1701    .text.FIFO_IsDataEmpty  fifo.o
    0x20001c26   0x20001c26   0x00000048   Code   RO         1695    .text.FIFO_ReadData  fifo.o
    0x20001c6e   0x20001c6e   0x00000036   Code   RO         1691    .text.FIFO_WriteData  fifo.o
    0x20001ca4   0x20001ca4   0x0000000e   Code   RO         1693    .text.FIFO_WriteOneData  fifo.o
    0x20001cb2   0x20001cb2   0x00000002   PAD
    0x20001cb4   0x20001cb4   0x0000007c   Code   RO         1676    .text.HardFaultHandler  segger_hardfaulthandler.o
    0x20001d30   0x20001d30   0x0000000c   Code   RO          422    .text.IRQ000_Handler  hc32f46x_interrupts.o
    0x20001d3c   0x20001d3c   0x0000000c   Code   RO          424    .text.IRQ001_Handler  hc32f46x_interrupts.o
    0x20001d48   0x20001d48   0x0000000c   Code   RO          426    .text.IRQ002_Handler  hc32f46x_interrupts.o
    0x20001d54   0x20001d54   0x0000000c   Code   RO          428    .text.IRQ003_Handler  hc32f46x_interrupts.o
    0x20001d60   0x20001d60   0x0000000c   Code   RO          430    .text.IRQ004_Handler  hc32f46x_interrupts.o
    0x20001d6c   0x20001d6c   0x0000000c   Code   RO          432    .text.IRQ005_Handler  hc32f46x_interrupts.o
    0x20001d78   0x20001d78   0x0000000c   Code   RO          434    .text.IRQ006_Handler  hc32f46x_interrupts.o
    0x20001d84   0x20001d84   0x0000000c   Code   RO          436    .text.IRQ007_Handler  hc32f46x_interrupts.o
    0x20001d90   0x20001d90   0x0000000c   Code   RO          438    .text.IRQ008_Handler  hc32f46x_interrupts.o
    0x20001d9c   0x20001d9c   0x0000000c   Code   RO          440    .text.IRQ009_Handler  hc32f46x_interrupts.o
    0x20001da8   0x20001da8   0x0000000c   Code   RO          442    .text.IRQ010_Handler  hc32f46x_interrupts.o
    0x20001db4   0x20001db4   0x0000000c   Code   RO          444    .text.IRQ011_Handler  hc32f46x_interrupts.o
    0x20001dc0   0x20001dc0   0x0000000c   Code   RO          446    .text.IRQ012_Handler  hc32f46x_interrupts.o
    0x20001dcc   0x20001dcc   0x0000000c   Code   RO          448    .text.IRQ013_Handler  hc32f46x_interrupts.o
    0x20001dd8   0x20001dd8   0x0000000c   Code   RO          450    .text.IRQ014_Handler  hc32f46x_interrupts.o
    0x20001de4   0x20001de4   0x0000000c   Code   RO          452    .text.IRQ015_Handler  hc32f46x_interrupts.o
    0x20001df0   0x20001df0   0x0000000c   Code   RO          454    .text.IRQ016_Handler  hc32f46x_interrupts.o
    0x20001dfc   0x20001dfc   0x0000000c   Code   RO          456    .text.IRQ017_Handler  hc32f46x_interrupts.o
    0x20001e08   0x20001e08   0x0000000c   Code   RO          458    .text.IRQ018_Handler  hc32f46x_interrupts.o
    0x20001e14   0x20001e14   0x0000000c   Code   RO          460    .text.IRQ019_Handler  hc32f46x_interrupts.o
    0x20001e20   0x20001e20   0x0000000c   Code   RO          462    .text.IRQ020_Handler  hc32f46x_interrupts.o
    0x20001e2c   0x20001e2c   0x0000000c   Code   RO          464    .text.IRQ021_Handler  hc32f46x_interrupts.o
    0x20001e38   0x20001e38   0x0000000c   Code   RO          466    .text.IRQ022_Handler  hc32f46x_interrupts.o
    0x20001e44   0x20001e44   0x0000000c   Code   RO          468    .text.IRQ023_Handler  hc32f46x_interrupts.o
    0x20001e50   0x20001e50   0x0000000c   Code   RO          470    .text.IRQ024_Handler  hc32f46x_interrupts.o
    0x20001e5c   0x20001e5c   0x0000000c   Code   RO          472    .text.IRQ025_Handler  hc32f46x_interrupts.o
    0x20001e68   0x20001e68   0x0000000c   Code   RO          474    .text.IRQ026_Handler  hc32f46x_interrupts.o
    0x20001e74   0x20001e74   0x0000000c   Code   RO          476    .text.IRQ027_Handler  hc32f46x_interrupts.o
    0x20001e80   0x20001e80   0x0000000c   Code   RO          478    .text.IRQ028_Handler  hc32f46x_interrupts.o
    0x20001e8c   0x20001e8c   0x0000000c   Code   RO          480    .text.IRQ029_Handler  hc32f46x_interrupts.o
    0x20001e98   0x20001e98   0x0000000c   Code   RO          482    .text.IRQ030_Handler  hc32f46x_interrupts.o
    0x20001ea4   0x20001ea4   0x0000000c   Code   RO          484    .text.IRQ031_Handler  hc32f46x_interrupts.o
    0x20001eb0   0x20001eb0   0x0000000c   Code   RO          486    .text.IRQ032_Handler  hc32f46x_interrupts.o
    0x20001ebc   0x20001ebc   0x0000000c   Code   RO          488    .text.IRQ033_Handler  hc32f46x_interrupts.o
    0x20001ec8   0x20001ec8   0x0000000c   Code   RO          490    .text.IRQ034_Handler  hc32f46x_interrupts.o
    0x20001ed4   0x20001ed4   0x0000000c   Code   RO          492    .text.IRQ035_Handler  hc32f46x_interrupts.o
    0x20001ee0   0x20001ee0   0x0000000c   Code   RO          494    .text.IRQ036_Handler  hc32f46x_interrupts.o
    0x20001eec   0x20001eec   0x0000000c   Code   RO          496    .text.IRQ037_Handler  hc32f46x_interrupts.o
    0x20001ef8   0x20001ef8   0x0000000c   Code   RO          498    .text.IRQ038_Handler  hc32f46x_interrupts.o
    0x20001f04   0x20001f04   0x0000000c   Code   RO          500    .text.IRQ039_Handler  hc32f46x_interrupts.o
    0x20001f10   0x20001f10   0x0000000c   Code   RO          502    .text.IRQ040_Handler  hc32f46x_interrupts.o
    0x20001f1c   0x20001f1c   0x0000000c   Code   RO          504    .text.IRQ041_Handler  hc32f46x_interrupts.o
    0x20001f28   0x20001f28   0x0000000c   Code   RO          506    .text.IRQ042_Handler  hc32f46x_interrupts.o
    0x20001f34   0x20001f34   0x0000000c   Code   RO          508    .text.IRQ043_Handler  hc32f46x_interrupts.o
    0x20001f40   0x20001f40   0x0000000c   Code   RO          510    .text.IRQ044_Handler  hc32f46x_interrupts.o
    0x20001f4c   0x20001f4c   0x0000000c   Code   RO          512    .text.IRQ045_Handler  hc32f46x_interrupts.o
    0x20001f58   0x20001f58   0x0000000c   Code   RO          514    .text.IRQ046_Handler  hc32f46x_interrupts.o
    0x20001f64   0x20001f64   0x0000000c   Code   RO          516    .text.IRQ047_Handler  hc32f46x_interrupts.o
    0x20001f70   0x20001f70   0x0000000c   Code   RO          518    .text.IRQ048_Handler  hc32f46x_interrupts.o
    0x20001f7c   0x20001f7c   0x0000000c   Code   RO          520    .text.IRQ049_Handler  hc32f46x_interrupts.o
    0x20001f88   0x20001f88   0x0000000c   Code   RO          522    .text.IRQ050_Handler  hc32f46x_interrupts.o
    0x20001f94   0x20001f94   0x0000000c   Code   RO          524    .text.IRQ051_Handler  hc32f46x_interrupts.o
    0x20001fa0   0x20001fa0   0x0000000c   Code   RO          526    .text.IRQ052_Handler  hc32f46x_interrupts.o
    0x20001fac   0x20001fac   0x0000000c   Code   RO          528    .text.IRQ053_Handler  hc32f46x_interrupts.o
    0x20001fb8   0x20001fb8   0x0000000c   Code   RO          530    .text.IRQ054_Handler  hc32f46x_interrupts.o
    0x20001fc4   0x20001fc4   0x0000000c   Code   RO          532    .text.IRQ055_Handler  hc32f46x_interrupts.o
    0x20001fd0   0x20001fd0   0x0000000c   Code   RO          534    .text.IRQ056_Handler  hc32f46x_interrupts.o
    0x20001fdc   0x20001fdc   0x0000000c   Code   RO          536    .text.IRQ057_Handler  hc32f46x_interrupts.o
    0x20001fe8   0x20001fe8   0x0000000c   Code   RO          538    .text.IRQ058_Handler  hc32f46x_interrupts.o
    0x20001ff4   0x20001ff4   0x0000000c   Code   RO          540    .text.IRQ059_Handler  hc32f46x_interrupts.o
    0x20002000   0x20002000   0x0000000c   Code   RO          542    .text.IRQ060_Handler  hc32f46x_interrupts.o
    0x2000200c   0x2000200c   0x0000000c   Code   RO          544    .text.IRQ061_Handler  hc32f46x_interrupts.o
    0x20002018   0x20002018   0x0000000c   Code   RO          546    .text.IRQ062_Handler  hc32f46x_interrupts.o
    0x20002024   0x20002024   0x00000010   Code   RO          548    .text.IRQ063_Handler  hc32f46x_interrupts.o
    0x20002034   0x20002034   0x00000010   Code   RO          550    .text.IRQ064_Handler  hc32f46x_interrupts.o
    0x20002044   0x20002044   0x00000010   Code   RO          552    .text.IRQ065_Handler  hc32f46x_interrupts.o
    0x20002054   0x20002054   0x00000010   Code   RO          554    .text.IRQ066_Handler  hc32f46x_interrupts.o
    0x20002064   0x20002064   0x00000010   Code   RO          556    .text.IRQ067_Handler  hc32f46x_interrupts.o
    0x20002074   0x20002074   0x00000010   Code   RO          558    .text.IRQ068_Handler  hc32f46x_interrupts.o
    0x20002084   0x20002084   0x00000010   Code   RO          560    .text.IRQ069_Handler  hc32f46x_interrupts.o
    0x20002094   0x20002094   0x00000010   Code   RO          562    .text.IRQ070_Handler  hc32f46x_interrupts.o
    0x200020a4   0x200020a4   0x00000010   Code   RO          564    .text.IRQ071_Handler  hc32f46x_interrupts.o
    0x200020b4   0x200020b4   0x00000010   Code   RO          566    .text.IRQ072_Handler  hc32f46x_interrupts.o
    0x200020c4   0x200020c4   0x00000010   Code   RO          568    .text.IRQ073_Handler  hc32f46x_interrupts.o
    0x200020d4   0x200020d4   0x00000010   Code   RO          570    .text.IRQ074_Handler  hc32f46x_interrupts.o
    0x200020e4   0x200020e4   0x00000010   Code   RO          572    .text.IRQ075_Handler  hc32f46x_interrupts.o
    0x200020f4   0x200020f4   0x00000010   Code   RO          574    .text.IRQ076_Handler  hc32f46x_interrupts.o
    0x20002104   0x20002104   0x00000010   Code   RO          576    .text.IRQ077_Handler  hc32f46x_interrupts.o
    0x20002114   0x20002114   0x00000010   Code   RO          578    .text.IRQ078_Handler  hc32f46x_interrupts.o
    0x20002124   0x20002124   0x00000010   Code   RO          580    .text.IRQ079_Handler  hc32f46x_interrupts.o
    0x20002134   0x20002134   0x00000010   Code   RO          582    .text.IRQ080_Handler  hc32f46x_interrupts.o
    0x20002144   0x20002144   0x00000010   Code   RO          584    .text.IRQ081_Handler  hc32f46x_interrupts.o
    0x20002154   0x20002154   0x00000010   Code   RO          586    .text.IRQ082_Handler  hc32f46x_interrupts.o
    0x20002164   0x20002164   0x00000010   Code   RO          588    .text.IRQ083_Handler  hc32f46x_interrupts.o
    0x20002174   0x20002174   0x00000010   Code   RO          590    .text.IRQ084_Handler  hc32f46x_interrupts.o
    0x20002184   0x20002184   0x00000010   Code   RO          592    .text.IRQ085_Handler  hc32f46x_interrupts.o
    0x20002194   0x20002194   0x00000010   Code   RO          594    .text.IRQ086_Handler  hc32f46x_interrupts.o
    0x200021a4   0x200021a4   0x00000010   Code   RO          596    .text.IRQ087_Handler  hc32f46x_interrupts.o
    0x200021b4   0x200021b4   0x00000010   Code   RO          598    .text.IRQ088_Handler  hc32f46x_interrupts.o
    0x200021c4   0x200021c4   0x00000010   Code   RO          600    .text.IRQ089_Handler  hc32f46x_interrupts.o
    0x200021d4   0x200021d4   0x00000010   Code   RO          602    .text.IRQ090_Handler  hc32f46x_interrupts.o
    0x200021e4   0x200021e4   0x00000010   Code   RO          604    .text.IRQ091_Handler  hc32f46x_interrupts.o
    0x200021f4   0x200021f4   0x00000010   Code   RO          606    .text.IRQ092_Handler  hc32f46x_interrupts.o
    0x20002204   0x20002204   0x00000010   Code   RO          608    .text.IRQ093_Handler  hc32f46x_interrupts.o
    0x20002214   0x20002214   0x00000010   Code   RO          610    .text.IRQ094_Handler  hc32f46x_interrupts.o
    0x20002224   0x20002224   0x00000010   Code   RO          612    .text.IRQ095_Handler  hc32f46x_interrupts.o
    0x20002234   0x20002234   0x00000010   Code   RO          614    .text.IRQ096_Handler  hc32f46x_interrupts.o
    0x20002244   0x20002244   0x00000010   Code   RO          616    .text.IRQ097_Handler  hc32f46x_interrupts.o
    0x20002254   0x20002254   0x00000010   Code   RO          618    .text.IRQ098_Handler  hc32f46x_interrupts.o
    0x20002264   0x20002264   0x00000010   Code   RO          620    .text.IRQ099_Handler  hc32f46x_interrupts.o
    0x20002274   0x20002274   0x00000010   Code   RO          622    .text.IRQ100_Handler  hc32f46x_interrupts.o
    0x20002284   0x20002284   0x00000010   Code   RO          624    .text.IRQ101_Handler  hc32f46x_interrupts.o
    0x20002294   0x20002294   0x00000010   Code   RO          626    .text.IRQ102_Handler  hc32f46x_interrupts.o
    0x200022a4   0x200022a4   0x00000010   Code   RO          628    .text.IRQ103_Handler  hc32f46x_interrupts.o
    0x200022b4   0x200022b4   0x00000010   Code   RO          630    .text.IRQ104_Handler  hc32f46x_interrupts.o
    0x200022c4   0x200022c4   0x00000010   Code   RO          632    .text.IRQ105_Handler  hc32f46x_interrupts.o
    0x200022d4   0x200022d4   0x00000010   Code   RO          634    .text.IRQ106_Handler  hc32f46x_interrupts.o
    0x200022e4   0x200022e4   0x00000010   Code   RO          636    .text.IRQ107_Handler  hc32f46x_interrupts.o
    0x200022f4   0x200022f4   0x00000010   Code   RO          638    .text.IRQ108_Handler  hc32f46x_interrupts.o
    0x20002304   0x20002304   0x00000010   Code   RO          640    .text.IRQ109_Handler  hc32f46x_interrupts.o
    0x20002314   0x20002314   0x00000010   Code   RO          642    .text.IRQ110_Handler  hc32f46x_interrupts.o
    0x20002324   0x20002324   0x00000010   Code   RO          644    .text.IRQ111_Handler  hc32f46x_interrupts.o
    0x20002334   0x20002334   0x00000010   Code   RO          646    .text.IRQ112_Handler  hc32f46x_interrupts.o
    0x20002344   0x20002344   0x00000010   Code   RO          648    .text.IRQ113_Handler  hc32f46x_interrupts.o
    0x20002354   0x20002354   0x00000010   Code   RO          650    .text.IRQ114_Handler  hc32f46x_interrupts.o
    0x20002364   0x20002364   0x00000010   Code   RO          652    .text.IRQ115_Handler  hc32f46x_interrupts.o
    0x20002374   0x20002374   0x00000010   Code   RO          654    .text.IRQ116_Handler  hc32f46x_interrupts.o
    0x20002384   0x20002384   0x00000010   Code   RO          656    .text.IRQ117_Handler  hc32f46x_interrupts.o
    0x20002394   0x20002394   0x00000010   Code   RO          658    .text.IRQ118_Handler  hc32f46x_interrupts.o
    0x200023a4   0x200023a4   0x00000010   Code   RO          660    .text.IRQ119_Handler  hc32f46x_interrupts.o
    0x200023b4   0x200023b4   0x00000010   Code   RO          662    .text.IRQ120_Handler  hc32f46x_interrupts.o
    0x200023c4   0x200023c4   0x00000010   Code   RO          664    .text.IRQ121_Handler  hc32f46x_interrupts.o
    0x200023d4   0x200023d4   0x00000010   Code   RO          666    .text.IRQ122_Handler  hc32f46x_interrupts.o
    0x200023e4   0x200023e4   0x00000010   Code   RO          668    .text.IRQ123_Handler  hc32f46x_interrupts.o
    0x200023f4   0x200023f4   0x00000010   Code   RO          670    .text.IRQ124_Handler  hc32f46x_interrupts.o
    0x20002404   0x20002404   0x00000010   Code   RO          672    .text.IRQ125_Handler  hc32f46x_interrupts.o
    0x20002414   0x20002414   0x00000010   Code   RO          674    .text.IRQ126_Handler  hc32f46x_interrupts.o
    0x20002424   0x20002424   0x00000010   Code   RO          676    .text.IRQ127_Handler  hc32f46x_interrupts.o
    0x20002434   0x20002434   0x000000f4   Code   RO          678    .text.IRQ128_Handler  hc32f46x_interrupts.o
    0x20002528   0x20002528   0x0000036c   Code   RO          680    .text.IRQ129_Handler  hc32f46x_interrupts.o
    0x20002894   0x20002894   0x000000b0   Code   RO          682    .text.IRQ130_Handler  hc32f46x_interrupts.o
    0x20002944   0x20002944   0x000001fc   Code   RO          684    .text.IRQ131_Handler  hc32f46x_interrupts.o
    0x20002b40   0x20002b40   0x00000104   Code   RO          686    .text.IRQ132_Handler  hc32f46x_interrupts.o
    0x20002c44   0x20002c44   0x0000023c   Code   RO          688    .text.IRQ136_Handler  hc32f46x_interrupts.o
    0x20002e80   0x20002e80   0x000001f0   Code   RO          690    .text.IRQ137_Handler  hc32f46x_interrupts.o
    0x20003070   0x20003070   0x00000178   Code   RO          692    .text.IRQ138_Handler  hc32f46x_interrupts.o
    0x200031e8   0x200031e8   0x000000c4   Code   RO          694    .text.IRQ139_Handler  hc32f46x_interrupts.o
    0x200032ac   0x200032ac   0x0000017c   Code   RO          696    .text.IRQ140_Handler  hc32f46x_interrupts.o
    0x20003428   0x20003428   0x000001c4   Code   RO          698    .text.IRQ141_Handler  hc32f46x_interrupts.o
    0x200035ec   0x200035ec   0x000000d8   Code   RO          700    .text.IRQ142_Handler  hc32f46x_interrupts.o
    0x200036c4   0x200036c4   0x000000bc   Code   RO          702    .text.IRQ143_Handler  hc32f46x_interrupts.o
    0x20003780   0x20003780   0x00000008   Code   RO          408    .text.MemManage_Handler  hc32f46x_interrupts.o
    0x20003788   0x20003788   0x00000008   Code   RO          406    .text.NMI_Handler   hc32f46x_interrupts.o
    0x20003790   0x20003790   0x00000046   Code   RO          231    .text.OUTLINED_FUNCTION_0  hc32f46x_clk.o
    0x200037d6   0x200037d6   0x0000000c   Code   RO          367    .text.OUTLINED_FUNCTION_0  hc32f46x_gpio.o
    0x200037e2   0x200037e2   0x0000000c   Code   RO          879    .text.OUTLINED_FUNCTION_0  hc32f46x_timer0.o
    0x200037ee   0x200037ee   0x0000001a   Code   RO          962    .text.OUTLINED_FUNCTION_0  hc32f46x_usart.o
    0x20003808   0x20003808   0x0000000a   Code   RO         1139    .text.OUTLINED_FUNCTION_0  hc32f46x_timera.o
    0x20003812   0x20003812   0x00000018   Code   RO         1184    .text.OUTLINED_FUNCTION_0  myadc.o
    0x2000382a   0x2000382a   0x0000001a   Code   RO         1227    .text.OUTLINED_FUNCTION_0  myusart.o
    0x20003844   0x20003844   0x00000016   Code   RO         1247    .text.OUTLINED_FUNCTION_0  mytimer.o
    0x2000385a   0x2000385a   0x00000010   Code   RO         1263    .text.OUTLINED_FUNCTION_0  myclk.o
    0x2000386a   0x2000386a   0x0000000a   Code   RO         1311    .text.OUTLINED_FUNCTION_0  app.o
    0x20003874   0x20003874   0x00000006   Code   RO         1454    .text.OUTLINED_FUNCTION_0  shell.o
    0x2000387a   0x2000387a   0x0000000c   Code   RO         1666    .text.OUTLINED_FUNCTION_0  segger_rtt_printf.o
    0x20003886   0x20003886   0x00000008   Code   RO          146    .text.OUTLINED_FUNCTION_1  hc32f46x_adc.o
    0x2000388e   0x2000388e   0x0000000e   Code   RO          233    .text.OUTLINED_FUNCTION_1  hc32f46x_clk.o
    0x2000389c   0x2000389c   0x00000012   Code   RO          369    .text.OUTLINED_FUNCTION_1  hc32f46x_gpio.o
    0x200038ae   0x200038ae   0x0000000c   Code   RO          706    .text.OUTLINED_FUNCTION_1  hc32f46x_interrupts.o
    0x200038ba   0x200038ba   0x00000008   Code   RO          881    .text.OUTLINED_FUNCTION_1  hc32f46x_timer0.o
    0x200038c2   0x200038c2   0x00000014   Code   RO          964    .text.OUTLINED_FUNCTION_1  hc32f46x_usart.o
    0x200038d6   0x200038d6   0x00000008   Code   RO         1141    .text.OUTLINED_FUNCTION_1  hc32f46x_timera.o
    0x200038de   0x200038de   0x0000000a   Code   RO         1186    .text.OUTLINED_FUNCTION_1  myadc.o
    0x200038e8   0x200038e8   0x0000000c   Code   RO         1456    .text.OUTLINED_FUNCTION_1  shell.o
    0x200038f4   0x200038f4   0x00000010   Code   RO          253    .text.OUTLINED_FUNCTION_11  hc32f46x_clk.o
    0x20003904   0x20003904   0x0000000a   Code   RO         1063    .text.OUTLINED_FUNCTION_11  hc32f46x_dmac.o
    0x2000390e   0x2000390e   0x0000000e   Code   RO          257    .text.OUTLINED_FUNCTION_13  hc32f46x_clk.o
    0x2000391c   0x2000391c   0x0000002a   Code   RO          235    .text.OUTLINED_FUNCTION_2  hc32f46x_clk.o
    0x20003946   0x20003946   0x0000000a   Code   RO          883    .text.OUTLINED_FUNCTION_2  hc32f46x_timer0.o
    0x20003950   0x20003950   0x0000000a   Code   RO         1188    .text.OUTLINED_FUNCTION_2  myadc.o
    0x2000395a   0x2000395a   0x00000008   Code   RO         1458    .text.OUTLINED_FUNCTION_2  shell.o
    0x20003962   0x20003962   0x0000000c   Code   RO         1633    .text.OUTLINED_FUNCTION_2  segger_rtt.o
    0x2000396e   0x2000396e   0x00000008   Code   RO          373    .text.OUTLINED_FUNCTION_3  hc32f46x_gpio.o
    0x20003976   0x20003976   0x0000000a   Code   RO          710    .text.OUTLINED_FUNCTION_3  hc32f46x_interrupts.o
    0x20003980   0x20003980   0x0000000c   Code   RO          968    .text.OUTLINED_FUNCTION_3  hc32f46x_usart.o
    0x2000398c   0x2000398c   0x0000000a   Code   RO         1190    .text.OUTLINED_FUNCTION_3  myadc.o
    0x20003996   0x20003996   0x00000008   Code   RO         1460    .text.OUTLINED_FUNCTION_3  shell.o
    0x2000399e   0x2000399e   0x0000000a   Code   RO          375    .text.OUTLINED_FUNCTION_4  hc32f46x_gpio.o
    0x200039a8   0x200039a8   0x0000000a   Code   RO          712    .text.OUTLINED_FUNCTION_4  hc32f46x_interrupts.o
    0x200039b2   0x200039b2   0x0000000c   Code   RO         1049    .text.OUTLINED_FUNCTION_4  hc32f46x_dmac.o
    0x200039be   0x200039be   0x0000000c   Code   RO         1462    .text.OUTLINED_FUNCTION_4  shell.o
    0x200039ca   0x200039ca   0x00000006   Code   RO         1637    .text.OUTLINED_FUNCTION_4  segger_rtt.o
    0x200039d0   0x200039d0   0x00000012   Code   RO          241    .text.OUTLINED_FUNCTION_5  hc32f46x_clk.o
    0x200039e2   0x200039e2   0x0000000a   Code   RO          714    .text.OUTLINED_FUNCTION_5  hc32f46x_interrupts.o
    0x200039ec   0x200039ec   0x0000000a   Code   RO          972    .text.OUTLINED_FUNCTION_5  hc32f46x_usart.o
    0x200039f6   0x200039f6   0x0000000a   Code   RO         1464    .text.OUTLINED_FUNCTION_5  shell.o
    0x20003a00   0x20003a00   0x0000000e   Code   RO         1639    .text.OUTLINED_FUNCTION_5  segger_rtt.o
    0x20003a0e   0x20003a0e   0x0000000c   Code   RO          243    .text.OUTLINED_FUNCTION_6  hc32f46x_clk.o
    0x20003a1a   0x20003a1a   0x00000014   Code   RO         1466    .text.OUTLINED_FUNCTION_6  shell.o
    0x20003a2e   0x20003a2e   0x0000000a   Code   RO         1641    .text.OUTLINED_FUNCTION_6  segger_rtt.o
    0x20003a38   0x20003a38   0x0000000a   Code   RO          245    .text.OUTLINED_FUNCTION_7  hc32f46x_clk.o
    0x20003a42   0x20003a42   0x0000000a   Code   RO         1055    .text.OUTLINED_FUNCTION_7  hc32f46x_dmac.o
    0x20003a4c   0x20003a4c   0x00000006   Code   RO         1468    .text.OUTLINED_FUNCTION_7  shell.o
    0x20003a52   0x20003a52   0x00000012   Code   RO          247    .text.OUTLINED_FUNCTION_8  hc32f46x_clk.o
    0x20003a64   0x20003a64   0x0000000a   Code   RO         1470    .text.OUTLINED_FUNCTION_8  shell.o
    0x20003a6e   0x20003a6e   0x00000006   Code   RO         1472    .text.OUTLINED_FUNCTION_9  shell.o
    0x20003a74   0x20003a74   0x00000080   Code   RO          347    .text.PORT_GetBit   hc32f46x_gpio.o
    0x20003af4   0x20003af4   0x00000168   Code   RO          333    .text.PORT_Init     hc32f46x_gpio.o
    0x20003c5c   0x20003c5c   0x0000001c   Code   RO          355    .text.PORT_SetBits  hc32f46x_gpio.o
    0x20003c78   0x20003c78   0x0000009c   Code   RO          363    .text.PORT_SetFunc  hc32f46x_gpio.o
    0x20003d14   0x20003d14   0x00000054   Code   RO          747    .text.PWC_Fcg0PeriphClockCmd  hc32f46x_pwc.o
    0x20003d68   0x20003d68   0x00000040   Code   RO          749    .text.PWC_Fcg1PeriphClockCmd  hc32f46x_pwc.o
    0x20003da8   0x20003da8   0x00000040   Code   RO          751    .text.PWC_Fcg2PeriphClockCmd  hc32f46x_pwc.o
    0x20003de8   0x20003de8   0x00000044   Code   RO          753    .text.PWC_Fcg3PeriphClockCmd  hc32f46x_pwc.o
    0x20003e2c   0x20003e2c   0x00000008   Code   RO          418    .text.PendSV_Handler  hc32f46x_interrupts.o
    0x20003e34   0x20003e34   0x00000058   Code   RO         1605    .text.SEGGER_RTT_ConfigUpBuffer  segger_rtt.o
    0x20003e8c   0x20003e8c   0x00000004   Code   RO         1617    .text.SEGGER_RTT_Init  segger_rtt.o
    0x20003e90   0x20003e90   0x00000030   Code   RO         1581    .text.SEGGER_RTT_Write  segger_rtt.o
    0x20003ec0   0x20003ec0   0x00000050   Code   RO         1577    .text.SEGGER_RTT_WriteNoLock  segger_rtt.o
    0x20003f10   0x20003f10   0x0000001a   Code   RO         1664    .text.SEGGER_RTT_printf  segger_rtt_printf.o
    0x20003f2a   0x20003f2a   0x00000002   PAD
    0x20003f2c   0x20003f2c   0x000002da   Code   RO         1658    .text.SEGGER_RTT_vprintf  segger_rtt_printf.o
    0x20004206   0x20004206   0x00000008   Code   RO          414    .text.SVC_Handler   hc32f46x_interrupts.o
    0x2000420e   0x2000420e   0x00000080   Code   RO         1259    .text.SysClkIni     myclk.o
    0x2000428e   0x2000428e   0x00000002   PAD
    0x20004290   0x20004290   0x00000008   Code   RO           53    .text.SysTick_GetTick  hc32f46x_utility.o
    0x20004298   0x20004298   0x00000008   Code   RO          420    .text.SysTick_Handler  hc32f46x_interrupts.o
    0x200042a0   0x200042a0   0x0000000c   Code   RO           55    .text.SysTick_IncTick  hc32f46x_utility.o
    0x200042ac   0x200042ac   0x00000048   Code   RO           49    .text.SysTick_Init  hc32f46x_utility.o
    0x200042f4   0x200042f4   0x00000004   Code   RO         1279    .text.SysTick_IrqHandler  app.o
    0x200042f8   0x200042f8   0x0000007c   Code   RO           13    .text.SystemCoreClockUpdate  system_hc32f46x.o
    0x20004374   0x20004374   0x00000014   Code   RO           11    .text.SystemInit    system_hc32f46x.o
    0x20004388   0x20004388   0x000001b0   Code   RO          869    .text.TIMER0_BaseInit  hc32f46x_timer0.o
    0x20004538   0x20004538   0x00000084   Code   RO          855    .text.TIMER0_Cmd    hc32f46x_timer0.o
    0x200045bc   0x200045bc   0x00000038   Code   RO          877    .text.TIMER0_GetClkMode  hc32f46x_timer0.o
    0x200045f4   0x200045f4   0x0000008c   Code   RO          859    .text.TIMER0_IntCmd  hc32f46x_timer0.o
    0x20004680   0x20004680   0x000000b4   Code   RO         1077    .text.TIMERA_BaseInit  hc32f46x_timera.o
    0x20004734   0x20004734   0x000000a0   Code   RO         1133    .text.TIMERA_ClearFlag  hc32f46x_timera.o
    0x200047d4   0x200047d4   0x00000030   Code   RO         1089    .text.TIMERA_Cmd    hc32f46x_timera.o
    0x20004804   0x20004804   0x00000048   Code   RO         1103    .text.TIMERA_CompareCmd  hc32f46x_timera.o
    0x2000484c   0x2000484c   0x0000016c   Code   RO         1091    .text.TIMERA_CompareInit  hc32f46x_timera.o
    0x200049b8   0x200049b8   0x0000009c   Code   RO         1131    .text.TIMERA_GetFlag  hc32f46x_timera.o
    0x20004a54   0x20004a54   0x000000b8   Code   RO         1127    .text.TIMERA_IrqCmd  hc32f46x_timera.o
    0x20004b0c   0x20004b0c   0x0000002c   Code   RO         1241    .text.Timer0A_CallBack  mytimer.o
    0x20004b38   0x20004b38   0x0000003c   Code   RO         1245    .text.Timer0B_CallBack  mytimer.o
    0x20004b74   0x20004b74   0x00000060   Code   RO         1339    .text.TimeraUnit1_IrqCallback  timera_pwm.o
    0x20004bd4   0x20004bd4   0x0000013c   Code   RO         1337    .text.Timera_Config  timera_pwm.o
    0x20004d10   0x20004d10   0x00000054   Code   RO          906    .text.USART_ClearStatus  hc32f46x_usart.o
    0x20004d64   0x20004d64   0x000000d4   Code   RO          908    .text.USART_FuncCmd  hc32f46x_usart.o
    0x20004e38   0x20004e38   0x00000068   Code   RO          904    .text.USART_GetStatus  hc32f46x_usart.o
    0x20004ea0   0x20004ea0   0x00000044   Code   RO          956    .text.USART_RecData  hc32f46x_usart.o
    0x20004ee4   0x20004ee4   0x0000024c   Code   RO          958    .text.USART_SetBaudrate  hc32f46x_usart.o
    0x20005130   0x20005130   0x00000178   Code   RO          896    .text.USART_UART_Init  hc32f46x_usart.o
    0x200052a8   0x200052a8   0x00000008   Code   RO          412    .text.UsageFault_Handler  hc32f46x_interrupts.o
    0x200052b0   0x200052b0   0x00000058   Code   RO          960    .text.UsartGetClk   hc32f46x_usart.o
    0x20005308   0x20005308   0x00000048   Code   RO         1215    .text.UsartRxErrProcess  myusart.o
    0x20005350   0x20005350   0x00000018   Code   RO         1225    .text.UsartRxIrqCallback  myusart.o
    0x20005368   0x20005368   0x0000001c   Code   RO         1536    .text.User_Shell_Init  shell_port.o
    0x20005384   0x20005384   0x00000070   Code   RO         1559    .text._DoInit       segger_rtt.o
    0x200053f4   0x200053f4   0x00000014   Code   RO         1571    .text._GetAvailWriteSpace  segger_rtt.o
    0x20005408   0x20005408   0x000000f4   Code   RO         1662    .text._PrintUnsigned  segger_rtt_printf.o
    0x200054fc   0x200054fc   0x00000040   Code   RO         1660    .text._StoreChar    segger_rtt_printf.o
    0x2000553c   0x2000553c   0x00000066   Code   RO         1575    .text._WriteBlocking  segger_rtt.o
    0x200055a2   0x200055a2   0x00000048   Code   RO         1573    .text._WriteNoCheck  segger_rtt.o
    0x200055ea   0x200055ea   0x00000002   PAD
    0x200055ec   0x200055ec   0x00000018   Code   RO         1223    .text.__NVIC_EnableIRQ  myusart.o
    0x20005604   0x20005604   0x0000001c   Code   RO         1243    .text.__NVIC_EnableIRQ  mytimer.o
    0x20005620   0x20005620   0x00000024   Code   RO         1542    .text.__NVIC_SystemReset  shell_port.o
    0x20005644   0x20005644   0x00000030   Code   RO         1182    .text.adc_clk_test  myadc.o
    0x20005674   0x20005674   0x00000028   Code   RO         1309    .text.app           app.o
    0x2000569c   0x2000569c   0x0000010c   Code   RO         1261    .text.clk_test      myclk.o
    0x200057a8   0x200057a8   0x00000098   Code   RO          386    .text.enIrqRegistration  hc32f46x_interrupts.o
    0x20005840   0x20005840   0x00000048   Code   RO         1277    .text.en_fsk_pwm    app.o
    0x20005888   0x20005888   0x00000038   Code   RO         1275    .text.en_sample     app.o
    0x200058c0   0x200058c0   0x00000028   Code   RO         1293    .text.enable_flash_cache  app.o
    0x200058e8   0x200058e8   0x00000014   Code   RO         1301    .text.error_process  app.o
    0x200058fc   0x200058fc   0x00000044   Code   RO         1757    .text.fputc         retarget_io.o
    0x20005940   0x20005940   0x0000002e   Code   RO         1297    .text.gpio_init     app.o
    0x2000596e   0x2000596e   0x00000002   PAD
    0x20005970   0x20005970   0x00000168   Code   RO         1273    .text.hexdump       app.o
    0x20005ad8   0x20005ad8   0x00000024   Code   RO         1305    .text.idle_process  app.o
    0x20005afc   0x20005afc   0x000000d0   Code   RO         1307    .text.init_all      app.o
    0x20005bcc   0x20005bcc   0x0000003e   Code   RO         1201    .text.led_init      myled.o
    0x20005c0a   0x20005c0a   0x0000000a   Code   RO           24    .text.main          main.o
    0x20005c14   0x20005c14   0x00000040   Code   RO         1295    .text.memory_init   app.o
    0x20005c54   0x20005c54   0x00000004   Code   RO         1540    .text.quit_shell    shell_port.o
    0x20005c58   0x20005c58   0x00000064   Code   RO         1291    .text.read_uid      app.o
    0x20005cbc   0x20005cbc   0x000000ac   Code   RO         1289    .text.segger_init   app.o
    0x20005d68   0x20005d68   0x00000040   Code   RO         1299    .text.sent_sample_data  app.o
    0x20005da8   0x20005da8   0x00000098   Code   RO         1285    .text.set_fsk_wave_duty  app.o
    0x20005e40   0x20005e40   0x0000001c   Code   RO         1287    .text.set_if_adc_avg  app.o
    0x20005e5c   0x20005e5c   0x00000054   Code   RO         1283    .text.set_samplerate  app.o
    0x20005eb0   0x20005eb0   0x00000006   Code   RO         1428    .text.shellBackspace  shell.o
    0x20005eb6   0x20005eb6   0x00000036   Code   RO         1366    .text.shellCheckPermission  shell.o
    0x20005eec   0x20005eec   0x00000018   Code   RO         1448    .text.shellClear    shell.o
    0x20005f04   0x20005f04   0x00000028   Code   RO         1388    .text.shellClearCommandLine  shell.o
    0x20005f2c   0x20005f2c   0x00000012   Code   RO         1442    .text.shellCmds     shell.o
    0x20005f3e   0x20005f3e   0x00000008   Code   RO         1430    .text.shellDelete   shell.o
    0x20005f46   0x20005f46   0x000000cc   Code   RO         1392    .text.shellDeleteByte  shell.o
    0x20006012   0x20006012   0x00000002   PAD
    0x20006014   0x20006014   0x00000020   Code   RO         1386    .text.shellDeleteCommandLine  shell.o
    0x20006034   0x20006034   0x00000008   Code   RO         1416    .text.shellDown     shell.o
    0x2000603c   0x2000603c   0x00000012   Code   RO         1432    .text.shellEnter    shell.o
    0x2000604e   0x2000604e   0x00000002   PAD
    0x20006050   0x20006050   0x00000164   Code   RO         1410    .text.shellExec     shell.o
    0x200061b4   0x200061b4   0x0000005c   Code   RO         1452    .text.shellExecute  shell.o
    0x20006210   0x20006210   0x00000034   Code   RO         1520    .text.shellExtParseChar  shell_ext.o
    0x20006244   0x20006244   0x0000018e   Code   RO         1518    .text.shellExtParsePara  shell_ext.o
    0x200063d2   0x200063d2   0x00000002   PAD
    0x200063d4   0x200063d4   0x000000be   Code   RO         1522    .text.shellExtRun   shell_ext.o
    0x20006492   0x20006492   0x00000002   PAD
    0x20006494   0x20006494   0x00000038   Code   RO         1374    .text.shellGetCommandName  shell.o
    0x200064cc   0x200064cc   0x00000020   Code   RO         1360    .text.shellGetCurrent  shell.o
    0x200064ec   0x200064ec   0x0000003c   Code   RO         1394    .text.shellGetVarValue  shell.o
    0x20006528   0x20006528   0x000000f0   Code   RO         1436    .text.shellHandler  shell.o
    0x20006618   0x20006618   0x00000028   Code   RO         1434    .text.shellHelp     shell.o
    0x20006640   0x20006640   0x00000090   Code   RO         1414    .text.shellHistory  shell.o
    0x200066d0   0x200066d0   0x0000008c   Code   RO         1350    .text.shellInit     shell.o
    0x2000675c   0x2000675c   0x000000c0   Code   RO         1390    .text.shellInsertByte  shell.o
    0x2000681c   0x2000681c   0x00000012   Code   RO         1446    .text.shellKeys     shell.o
    0x2000682e   0x2000682e   0x00000020   Code   RO         1420    .text.shellLeft     shell.o
    0x2000684e   0x2000684e   0x00000012   Code   RO         1384    .text.shellListAll  shell.o
    0x20006860   0x20006860   0x00000044   Code   RO         1376    .text.shellListCommand  shell.o
    0x200068a4   0x200068a4   0x00000118   Code   RO         1372    .text.shellListItem  shell.o
    0x200069bc   0x200069bc   0x0000003c   Code   RO         1382    .text.shellListKey  shell.o
    0x200069f8   0x200069f8   0x0000003c   Code   RO         1380    .text.shellListUser  shell.o
    0x20006a34   0x20006a34   0x0000003c   Code   RO         1378    .text.shellListVar  shell.o
    0x20006a70   0x20006a70   0x00000010   Code   RO         1408    .text.shellNormalInput  shell.o
    0x20006a80   0x20006a80   0x00000022   Code   RO         1418    .text.shellRight    shell.o
    0x20006aa2   0x20006aa2   0x000000ba   Code   RO         1404    .text.shellRunCommand  shell.o
    0x20006b5c   0x20006b5c   0x0000006a   Code   RO         1354    .text.shellSeekCommand  shell.o
    0x20006bc6   0x20006bc6   0x00000002   PAD
    0x20006bc8   0x20006bc8   0x0000005c   Code   RO         1352    .text.shellSetUser  shell.o
    0x20006c24   0x20006c24   0x00000068   Code   RO         1402    .text.shellSetVar   shell.o
    0x20006c8c   0x20006c8c   0x0000009c   Code   RO         1396    .text.shellSetVarValue  shell.o
    0x20006d28   0x20006d28   0x00000098   Code   RO         1400    .text.shellShowVar  shell.o
    0x20006dc0   0x20006dc0   0x0000001a   Code   RO         1424    .text.shellStringCompare  shell.o
    0x20006dda   0x20006dda   0x00000018   Code   RO         1398    .text.shellStringCopy  shell.o
    0x20006df2   0x20006df2   0x00000002   PAD
    0x20006df4   0x20006df4   0x0000014c   Code   RO         1422    .text.shellTab      shell.o
    0x20006f40   0x20006f40   0x00000020   Code   RO         1438    .text.shellTask     shell.o
    0x20006f60   0x20006f60   0x00000048   Code   RO         1370    .text.shellToDec    shell.o
    0x20006fa8   0x20006fa8   0x0000002c   Code   RO         1368    .text.shellToHex    shell.o
    0x20006fd4   0x20006fd4   0x00000006   Code   RO         1412    .text.shellUp       shell.o
    0x20006fda   0x20006fda   0x00000012   Code   RO         1440    .text.shellUsers    shell.o
    0x20006fec   0x20006fec   0x00000012   Code   RO         1444    .text.shellVars     shell.o
    0x20006ffe   0x20006ffe   0x0000000a   Code   RO         1532    .text.shellWrite    shell_port.o
    0x20007008   0x20007008   0x0000005c   Code   RO         1426    .text.shellWriteCommandHelp  shell.o
    0x20007064   0x20007064   0x0000008c   Code   RO         1356    .text.shellWritePrompt  shell.o
    0x200070f0   0x200070f0   0x00000078   Code   RO         1406    .text.shellWriteReturnValue  shell.o
    0x20007168   0x20007168   0x00000020   Code   RO         1362    .text.shellWriteString  shell.o
    0x20007188   0x20007188   0x0000001c   Code   RO         1534    .text.shell_uart_write_data  shell_port.o
    0x200071a4   0x200071a4   0x00000014   Code   RO         1281    .text.tick_init     app.o
    0x200071b8   0x200071b8   0x000000ec   Code   RO         1239    .text.timer0_init   mytimer.o
    0x200072a4   0x200072a4   0x00000048   Code   RO         1217    .text.tuya_UsartRxErrProcess  myusart.o
    0x200072ec   0x200072ec   0x00000002   Code   RO         1221    .text.tuya_UsartRxIrqCallback  myusart.o
    0x200072ee   0x200072ee   0x00000002   PAD
    0x200072f0   0x200072f0   0x00000010   Code   RO         1538    .text.uart_transmit_output_shell  shell_port.o
    0x20007300   0x20007300   0x0000013c   Code   RO         1219    .text.usart_init    myusart.o
    0x2000743c   0x2000743c   0x00000012   Code   RO         1685    OSKERNEL            hardfaulthandler.o
    0x2000744e   0x2000744e   0x00000002   PAD
    0x20007450   0x20007450   0x00000020   Code   RO         2031    i.__0printf         mc_w.l(printfa.o)
    0x20007470   0x20007470   0x0000000e   Code   RO         2107    i.__scatterload_copy  mc_w.l(handlers.o)
    0x2000747e   0x2000747e   0x00000002   Code   RO         2108    i.__scatterload_null  mc_w.l(handlers.o)
    0x20007480   0x20007480   0x0000000e   Code   RO         2109    i.__scatterload_zeroinit  mc_w.l(handlers.o)
    0x2000748e   0x2000748e   0x00000002   PAD
    0x20007490   0x20007490   0x00000184   Code   RO         2038    i._fp_digits        mc_w.l(printfa.o)
    0x20007614   0x20007614   0x000006dc   Code   RO         2039    i._printf_core      mc_w.l(printfa.o)
    0x20007cf0   0x20007cf0   0x00000024   Code   RO         2040    i._printf_post_padding  mc_w.l(printfa.o)
    0x20007d14   0x20007d14   0x0000002e   Code   RO         2041    i._printf_pre_padding  mc_w.l(printfa.o)
    0x20007d42   0x20007d42   0x00000005   Data   RO         1474    .rodata.shellCmdDefaultUser  shell.o
    0x20007d47   0x20007d47   0x00000006   Data   RO         1502    .rodata.shellCmdclear  shell.o
    0x20007d4d   0x20007d4d   0x00000005   Data   RO         1496    .rodata.shellCmdcmds  shell.o
    0x20007d52   0x20007d52   0x00000005   Data   RO         1504    .rodata.shellCmdexec  shell.o
    0x20007d57   0x20007d57   0x00000005   Data   RO         1546    .rodata.shellCmdexit  shell_port.o
    0x20007d5c   0x20007d5c   0x0000000b   Data   RO         1319    .rodata.shellCmdfsk_pwm_en  app.o
    0x20007d67   0x20007d67   0x00000011   Data   RO         1323    .rodata.shellCmdfsk_pwm_saw_duty  app.o
    0x20007d78   0x20007d78   0x00000005   Data   RO         1492    .rodata.shellCmdhelp  shell.o
    0x20007d7d   0x20007d7d   0x00000008   Data   RO         1314    .rodata.shellCmdhexdump  app.o
    0x20007d85   0x20007d85   0x0000000b   Data   RO         1325    .rodata.shellCmdif_adc_avg  app.o
    0x20007d90   0x20007d90   0x00000005   Data   RO         1500    .rodata.shellCmdkeys  shell.o
    0x20007d95   0x20007d95   0x00000007   Data   RO         1480    .rodata.shellCmdsetVar  shell.o
    0x20007d9c   0x20007d9c   0x0000000c   Data   RO         1321    .rodata.shellCmdtimer0_duty  app.o
    0x20007da8   0x20007da8   0x0000000a   Data   RO         1317    .rodata.shellCmdtimer0_en  app.o
    0x20007db2   0x20007db2   0x00000006   Data   RO         1494    .rodata.shellCmdusers  shell.o
    0x20007db8   0x20007db8   0x00000005   Data   RO         1498    .rodata.shellCmdvars  shell.o
    0x20007dbd   0x20007dbd   0x0000000d   Data   RO         1476    .rodata.shellDesDefaultUser  shell.o
    0x20007dca   0x20007dca   0x0000000a   Data   RO         1487    .rodata.shellDesc0x08000000  shell.o
    0x20007dd4   0x20007dd4   0x00000004   Data   RO         1486    .rodata.shellDesc0x09000000  shell.o
    0x20007dd8   0x20007dd8   0x00000006   Data   RO         1490    .rodata.shellDesc0x0A000000  shell.o
    0x20007dde   0x20007dde   0x00000006   Data   RO         1491    .rodata.shellDesc0x0D000000  shell.o
    0x20007de4   0x20007de4   0x00000007   Data   RO         1489    .rodata.shellDesc0x1B5B337E  shell.o
    0x20007deb   0x20007deb   0x00000003   Data   RO         1482    .rodata.shellDesc0x1B5B4100  shell.o
    0x20007dee   0x20007dee   0x00000005   Data   RO         1483    .rodata.shellDesc0x1B5B4200  shell.o
    0x20007df3   0x20007df3   0x00000006   Data   RO         1484    .rodata.shellDesc0x1B5B4300  shell.o
    0x20007df9   0x20007df9   0x00000005   Data   RO         1485    .rodata.shellDesc0x1B5B4400  shell.o
    0x20007dfe   0x20007dfe   0x0000000a   Data   RO         1488    .rodata.shellDesc0x7F000000  shell.o
    0x20007e08   0x20007e08   0x0000000e   Data   RO         1503    .rodata.shellDescclear  shell.o
    0x20007e16   0x20007e16   0x0000000d   Data   RO         1497    .rodata.shellDesccmds  shell.o
    0x20007e23   0x20007e23   0x0000001b   Data   RO         1505    .rodata.shellDescexec  shell.o
    0x20007e3e   0x20007e3e   0x00000005   Data   RO         1547    .rodata.shellDescexit  shell_port.o
    0x20007e43   0x20007e43   0x00000021   Data   RO         1320    .rodata.shellDescfsk_pwm_en  app.o
    0x20007e64   0x20007e64   0x0000001a   Data   RO         1324    .rodata.shellDescfsk_pwm_saw_duty  app.o
    0x20007e7e   0x20007e7e   0x0000001e   Data   RO         1493    .rodata.shellDeschelp  shell.o
    0x20007e9c   0x20007e9c   0x00000014   Data   RO         1315    .rodata.shellDeschexdump  app.o
    0x20007eb0   0x20007eb0   0x00000024   Data   RO         1326    .rodata.shellDescif_adc_avg  app.o
    0x20007ed4   0x20007ed4   0x0000000d   Data   RO         1501    .rodata.shellDesckeys  shell.o
    0x20007ee1   0x20007ee1   0x00000008   Data   RO         1481    .rodata.shellDescsetVar  shell.o
    0x20007ee9   0x20007ee9   0x0000001a   Data   RO         1322    .rodata.shellDesctimer0_duty  app.o
    0x20007f03   0x20007f03   0x00000020   Data   RO         1318    .rodata.shellDesctimer0_en  app.o
    0x20007f23   0x20007f23   0x0000000e   Data   RO         1495    .rodata.shellDescusers  shell.o
    0x20007f31   0x20007f31   0x0000000d   Data   RO         1499    .rodata.shellDescvars  shell.o
    0x20007f3e   0x20007f3e   0x00000001   Data   RO         1475    .rodata.shellPasswordDefaultUser  shell.o
    0x20007f3f   0x20007f3f   0x0000001d   Data   RO          148    .rodata.str1.1      hc32f46x_adc.o
    0x20007f5c   0x20007f5c   0x0000001d   Data   RO          261    .rodata.str1.1      hc32f46x_clk.o
    0x20007f79   0x20007f79   0x0000001d   Data   RO          324    .rodata.str1.1      hc32f46x_efm.o
    0x20007f96   0x20007f96   0x0000001e   Data   RO          377    .rodata.str1.1      hc32f46x_gpio.o
    0x20007fb4   0x20007fb4   0x0000001d   Data   RO          838    .rodata.str1.1      hc32f46x_pwc.o
    0x20007fd1   0x20007fd1   0x00000020   Data   RO          887    .rodata.str1.1      hc32f46x_timer0.o
    0x20007ff1   0x20007ff1   0x0000001f   Data   RO          976    .rodata.str1.1      hc32f46x_usart.o
    0x20008010   0x20008010   0x0000001e   Data   RO         1065    .rodata.str1.1      hc32f46x_dmac.o
    0x2000802e   0x2000802e   0x00000020   Data   RO         1163    .rodata.str1.1      hc32f46x_timera.o
    0x2000804e   0x2000804e   0x0000001f   Data   RO         1250    .rodata.str1.1      mytimer.o
    0x2000806d   0x2000806d   0x0000001e   Data   RO         1265    .rodata.str1.1      myclk.o
    0x2000808b   0x2000808b   0x00000049   Data   RO         1313    .rodata.str1.1      app.o
    0x200080d4   0x200080d4   0x00000020   Data   RO         1341    .rodata.str1.1      timera_pwm.o
    0x200080f4   0x200080f4   0x000001b0   Data   RO         1479    .rodata.str1.1      shell.o
    0x200082a4   0x200082a4   0x00000009   Data   RO         1647    .rodata.str1.1      segger_rtt.o
    0x200082ad   0x200082ad   0x00000003   PAD
    0x200082b0   0x200082b0   0x0000000c   Data   RO         1507    .rodata.str1.4      shell.o
    0x200082bc   0x200082bc   0x00000030   Data   RO         2106    Region$$Table       anon$$obj.o
    0x200082ec   0x200082ec   0x00000060   Data   RO         1316    shellCommand        app.o
    0x2000834c   0x2000834c   0x00000130   Data   RO         1477    shellCommand        shell.o
    0x2000847c   0x2000847c   0x00000010   Data   RO         1548    shellCommand        shell_port.o


    Execution Region RW_IRAM1 (Exec base: 0x20010000, Load base: 0x20008490, Size: 0x0000d518, Max: 0x00010000, ABSOLUTE)

    Exec Addr    Load Addr    Size         Type   Attr      Idx    E Section Name        Object

    0x20010000   0x20008490   0x00000004   Data   RW         1782    .data               mc_w.l(stdout.o)
    0x20010004   0x20008494   0x00000008   Data   RW           15    .data..L_MergedGlobals  system_hc32f46x.o
    0x2001000c   0x2000849c   0x00000014   Data   RW         1706    .data.FIFO_Data     fifo.o
    0x20010020        -       0x00000008   Zero   RW           63    .bss..L_MergedGlobals  hc32f46x_utility.o
    0x20010028        -       0x00000034   Zero   RW         1192    .bss..L_MergedGlobals  myadc.o
    0x2001005c        -       0x00000008   Zero   RW         1328    .bss..L_MergedGlobals  app.o
    0x20010064        -       0x00000011   Zero   RW         1649    .bss..L_MergedGlobals  segger_rtt.o
    0x20010075   0x200084b0   0x00000003   PAD
    0x20010078        -       0x00000044   Zero   RW         1678    .bss..L_MergedGlobals  segger_hardfaulthandler.o
    0x200100bc        -       0x0000000c   Zero   RW         1767    .bss..L_MergedGlobals  retarget_io.o
    0x200100c8        -       0x00000001   Zero   RW         1066    .bss.DmaChEnState   hc32f46x_dmac.o
    0x200100c9   0x200084b0   0x00000001   PAD
    0x200100ca        -       0x00001f40   Zero   RW         1705    .bss.FIFO_DataBuffer  fifo.o
    0x2001200a   0x200084b0   0x00000002   PAD
    0x2001200c        -       0x00000200   Zero   RW          716    .bss.IrqHandler     hc32f46x_interrupts.o
    0x2001220c        -       0x00004000   Zero   RW         1327    .bss.JS_RTT_UpBuffer  app.o
    0x2001620c        -       0x00000004   Zero   RW         1249    .bss.Timer_Counter  mytimer.o
    0x20016210        -       0x00000078   Zero   RW         1645    .bss._SEGGER_RTT    segger_rtt.o
    0x20016288        -       0x00001000   Zero   RW         1648    .bss._acUpBuffer    segger_rtt.o
    0x20017288        -       0x0000006c   Zero   RW         1544    .bss.shell          shell_port.o
    0x200172f4        -       0x00000009   Zero   RW         1506    .bss.shellGetCommandName.buffer  shell.o
    0x200172fd   0x200084b0   0x00000003   PAD
    0x20017300        -       0x00000014   Zero   RW         1478    .bss.shellList      shell.o
    0x20017314        -       0x00000200   Zero   RW         1545    .bss.shell_buffer   shell_port.o
    0x20017514   0x200084b0   0x00000004   PAD
    0x20017518        -       0x00006000   Zero   RW            1    STACK               startup_hc32f46x.o


    Execution Region RW_IRAM2 (Exec base: 0x200f0000, Load base: 0x200084c0, Size: 0x00000964, Max: 0x00001000, ABSOLUTE, UNINIT)

    Exec Addr    Load Addr    Size         Type   Attr      Idx    E Section Name        Object

    0x200f0000   0x200084c0   0x00000020   Code   RO         1739    .text.EventCheckFilter  eventrecorder.o
    0x200f0020   0x200084e0   0x00000038   Code   RO         1725    .text.EventGetTS    eventrecorder.o
    0x200f0058   0x20008518   0x0000003a   Code   RO         1741    .text.EventRecord2  eventrecorder.o
    0x200f0092   0x20008552   0x00000002   PAD
    0x200f0094   0x20008554   0x00000104   Code   RO         1737    .text.EventRecordData  eventrecorder.o
    0x200f0198   0x20008658   0x000000fc   Code   RO         1727    .text.EventRecordItem  eventrecorder.o
    0x200f0294   0x20008754   0x00000060   Code   RO         1723    .text.EventRecorderEnable  eventrecorder.o
    0x200f02f4   0x200087b4   0x0000012c   Code   RO         1721    .text.EventRecorderInitialize  eventrecorder.o
    0x200f0420   0x200088e0   0x00000028   Code   RO         1729    .text.EventRecorderStart  eventrecorder.o
    0x200f0448   0x20008908   0x0000000c   Code   RO         1719    .text.EventRecorderTimerGetCount  eventrecorder.o
    0x200f0454   0x20008914   0x0000000c   Code   RO         1717    .text.EventRecorderTimerGetFreq  eventrecorder.o
    0x200f0460   0x20008920   0x00000020   Code   RO         1715    .text.EventRecorderTimerSetup  eventrecorder.o
    0x200f0480   0x20008940   0x00000006   Code   RO         1745    .text.OUTLINED_FUNCTION_0  eventrecorder.o
    0x200f0486   0x20008946   0x00000002   PAD
    0x200f0488   0x20008948   0x00000018   Data   RO         1748    .rodata.EventRecorderInfo  eventrecorder.o
    0x200f04a0   0x20008960   0x00000020   PAD
    0x200f04c0        -       0x000004a4   Zero   RW         1747    .bss.noinit         eventrecorder.o


==============================================================================

Image component sizes


      Code (inc. data)   RO Data    RW Data    ZI Data      Debug   Object Name

      1576        464        411          0      16392      25776   app.o
      1156         68         24          0       1188       9826   eventrecorder.o
       166          0          0         20       8000       2528   fifo.o
        18          0          0          0          0        304   hardfaulthandler.o
       752         28         29          0          0      37871   hc32f46x_adc.o
      2154        148         29          0          0      37131   hc32f46x_clk.o
      1208         40         30          0          1      36924   hc32f46x_dmac.o
       208         24         29          0          0      12286   hc32f46x_efm.o
       720         24         30          0          0      25566   hc32f46x_gpio.o
      6994        624          0          0        512     123459   hc32f46x_interrupts.o
       280         36         29          0          0      57147   hc32f46x_pwc.o
       866         20         32          0          0      25326   hc32f46x_timer0.o
      1182         50         32          0          0      40370   hc32f46x_timera.o
      1588        120         31          0          0      31212   hc32f46x_usart.o
       156         64          0          0          8      40965   hc32f46x_utility.o
        10          0          0          0          0        375   main.o
       818         56          0          0         52      25512   myadc.o
       412        144         30          0          0       3186   myclk.o
        62          0          0          0          0       2787   myled.o
       390         24         31          0          4      15758   mytimer.o
       536         32          0          0          0      20047   myusart.o
        68         12          0          0         12       2369   retarget_io.o
       124          8          0          0         68       2719   segger_hardfaulthandler.o
       568         32          9          0       4233      17835   segger_rtt.o
      1076         36          0          0          0       5285   segger_rtt_printf.o
      4260        436       1005          0         29      24949   shell.o
       640          8          0          0          0       5753   shell_ext.o
       122         24         26          0        620       6279   shell_port.o
        92         26        640          0      24576        840   startup_hc32f46x.o
       144         30          0          8          0      13868   system_hc32f46x.o
       412         28         32          0          0      23200   timera_pwm.o

    ----------------------------------------------------------------------
     28788       2606       2530         28      55740     677453   Object Totals
         0          0         48          0          0          0   (incl. Generated)
        30          0          3          0         45          0   (incl. Padding)

    ----------------------------------------------------------------------

      Code (inc. data)   RO Data    RW Data    ZI Data      Debug   Library Member Name

         0          0          0          0          0          0   entry.o
         0          0          0          0          0          0   entry10a.o
         0          0          0          0          0          0   entry11a.o
         8          4          0          0          0          0   entry2.o
         4          0          0          0          0          0   entry5.o
         0          0          0          0          0          0   entry7b.o
         0          0          0          0          0          0   entry8b.o
         8          4          0          0          0          0   entry9a.o
        30          0          0          0          0          0   handlers.o
        36          8          0          0          0         68   init.o
         0          0          0          0          0          0   iusefp.o
        30          0          0          0          0         68   llshl.o
        36          0          0          0          0         68   llsshr.o
        32          0          0          0          0         68   llushr.o
        36          0          0          0          0         68   memcpya.o
        36          0          0          0          0        108   memseta.o
      2258         90          0          0          0        452   printfa.o
         0          0          0          4          0          0   stdout.o
        28          0          0          0          0         76   strcmp.o
        14          0          0          0          0         68   strlen.o
        30          0          0          0          0         80   strncmp.o
        44          0          0          0          0         80   uidiv.o
        98          0          0          0          0         92   uldiv.o
        48          0          0          0          0         68   cdrcmple.o
       334          0          0          0          0        148   dadd.o
       222          0          0          0          0        100   ddiv.o
       186          0          0          0          0        176   depilogue.o
        48          0          0          0          0         68   dfixul.o
       228          0          0          0          0         96   dmul.o

    ----------------------------------------------------------------------
      3798        106          0          4          0       1952   Library Totals
         4          0          0          0          0          0   (incl. Padding)

    ----------------------------------------------------------------------

      Code (inc. data)   RO Data    RW Data    ZI Data      Debug   Library Name

      2728        106          0          4          0       1296   mc_w.l
      1066          0          0          0          0        656   mf_w.l

    ----------------------------------------------------------------------
      3798        106          0          4          0       1952   Library Totals

    ----------------------------------------------------------------------

==============================================================================


      Code (inc. data)   RO Data    RW Data    ZI Data      Debug   

     32586       2712       2530         32      55740     678061   Grand Totals
     32586       2712       2530         32      55740     678061   ELF Image Totals
     32586       2712       2530         32          0          0   ROM Totals

==============================================================================

    Total RO  Size (Code + RO Data)                35116 (  34.29kB)
    Total RW  Size (RW Data + ZI Data)             55772 (  54.46kB)
    Total ROM Size (Code + RO Data + RW Data)      35148 (  34.32kB)

==============================================================================

