Component: ARM Compiler 6.16 Tool: armlink [5dfeaa00]

==============================================================================

Image Symbol Table

    Local Symbols

    Symbol Name                              Value     Ov Type        Size  Object(Section)

    ../clib/../cmprslib/zerorunl.c           0x00000000   Number         0  __dczerorl.o ABSOLUTE
    ../clib/division.s                       0x00000000   Number         0  aeabi_sdiv.o ABSOLUTE
    ../clib/microlib/ctype/ctype.c           0x00000000   Number         0  ctype_o.o ABSOLUTE
    ../clib/microlib/ctype/ctype.c           0x00000000   Number         0  isalnum_o.o ABSOLUTE
    ../clib/microlib/ctype/ctype.c           0x00000000   Number         0  isalpha_o.o ABSOLUTE
    ../clib/microlib/ctype/ctype.c           0x00000000   Number         0  isblank_o.o ABSOLUTE
    ../clib/microlib/ctype/ctype.c           0x00000000   Number         0  iscntrl_o.o ABSOLUTE
    ../clib/microlib/ctype/ctype.c           0x00000000   Number         0  isdigit_o.o ABSOLUTE
    ../clib/microlib/ctype/ctype.c           0x00000000   Number         0  isgraph_o.o ABSOLUTE
    ../clib/microlib/ctype/ctype.c           0x00000000   Number         0  islower_o.o ABSOLUTE
    ../clib/microlib/ctype/ctype.c           0x00000000   Number         0  isprint_o.o ABSOLUTE
    ../clib/microlib/ctype/ctype.c           0x00000000   Number         0  ispunct_o.o ABSOLUTE
    ../clib/microlib/ctype/ctype.c           0x00000000   Number         0  isspace_o.o ABSOLUTE
    ../clib/microlib/ctype/ctype.c           0x00000000   Number         0  isupper_o.o ABSOLUTE
    ../clib/microlib/ctype/ctype.c           0x00000000   Number         0  isxdigit_o.o ABSOLUTE
    ../clib/microlib/division.c              0x00000000   Number         0  uidiv.o ABSOLUTE
    ../clib/microlib/division.c              0x00000000   Number         0  uldiv.o ABSOLUTE
    ../clib/microlib/init/entry.s            0x00000000   Number         0  entry.o ABSOLUTE
    ../clib/microlib/init/entry.s            0x00000000   Number         0  entry2.o ABSOLUTE
    ../clib/microlib/init/entry.s            0x00000000   Number         0  entry5.o ABSOLUTE
    ../clib/microlib/init/entry.s            0x00000000   Number         0  entry7a.o ABSOLUTE
    ../clib/microlib/init/entry.s            0x00000000   Number         0  entry7b.o ABSOLUTE
    ../clib/microlib/init/entry.s            0x00000000   Number         0  entry8a.o ABSOLUTE
    ../clib/microlib/init/entry.s            0x00000000   Number         0  entry8b.o ABSOLUTE
    ../clib/microlib/init/entry.s            0x00000000   Number         0  entry9a.o ABSOLUTE
    ../clib/microlib/init/entry.s            0x00000000   Number         0  entry9b.o ABSOLUTE
    ../clib/microlib/init/entry.s            0x00000000   Number         0  entry10a.o ABSOLUTE
    ../clib/microlib/init/entry.s            0x00000000   Number         0  entry10b.o ABSOLUTE
    ../clib/microlib/init/entry.s            0x00000000   Number         0  entry11a.o ABSOLUTE
    ../clib/microlib/init/entry.s            0x00000000   Number         0  entry11b.o ABSOLUTE
    ../clib/microlib/longlong.c              0x00000000   Number         0  llshl.o ABSOLUTE
    ../clib/microlib/longlong.c              0x00000000   Number         0  llushr.o ABSOLUTE
    ../clib/microlib/longlong.c              0x00000000   Number         0  llsshr.o ABSOLUTE
    ../clib/microlib/printf/printf.c         0x00000000   Number         0  printfb.o ABSOLUTE
    ../clib/microlib/printf/printf.c         0x00000000   Number         0  printf0.o ABSOLUTE
    ../clib/microlib/printf/printf.c         0x00000000   Number         0  printf1.o ABSOLUTE
    ../clib/microlib/printf/printf.c         0x00000000   Number         0  printf2.o ABSOLUTE
    ../clib/microlib/printf/printf.c         0x00000000   Number         0  printf3.o ABSOLUTE
    ../clib/microlib/printf/printf.c         0x00000000   Number         0  printf4.o ABSOLUTE
    ../clib/microlib/printf/printf.c         0x00000000   Number         0  printf5.o ABSOLUTE
    ../clib/microlib/printf/printf.c         0x00000000   Number         0  printf6.o ABSOLUTE
    ../clib/microlib/printf/printf.c         0x00000000   Number         0  printf7.o ABSOLUTE
    ../clib/microlib/printf/printf.c         0x00000000   Number         0  printf8.o ABSOLUTE
    ../clib/microlib/printf/printf.c         0x00000000   Number         0  printfa.o ABSOLUTE
    ../clib/microlib/printf/stubs.s          0x00000000   Number         0  printfstubs.o ABSOLUTE
    ../clib/microlib/stdio/putc.c            0x00000000   Number         0  putc.o ABSOLUTE
    ../clib/microlib/stdio/puts.c            0x00000000   Number         0  puts.o ABSOLUTE
    ../clib/microlib/stdio/puts.c            0x00000000   Number         0  puts_e.o ABSOLUTE
    ../clib/microlib/stdio/streams.c         0x00000000   Number         0  stdout.o ABSOLUTE
    ../clib/microlib/string/memcpy.c         0x00000000   Number         0  memcpya.o ABSOLUTE
    ../clib/microlib/string/memcpy.c         0x00000000   Number         0  memcpyb.o ABSOLUTE
    ../clib/microlib/string/strcmp.c         0x00000000   Number         0  strcmp.o ABSOLUTE
    ../clib/microlib/string/strcpy.c         0x00000000   Number         0  strcpy.o ABSOLUTE
    ../clib/microlib/string/strlen.c         0x00000000   Number         0  strlen.o ABSOLUTE
    ../clib/microlib/string/strstr.c         0x00000000   Number         0  strstr.o ABSOLUTE
    ../clib/microlib/stubs.s                 0x00000000   Number         0  iusefp.o ABSOLUTE
    ../common/startup_pt32z192.s             0x00000000   Number         0  startup_pt32z192.o ABSOLUTE
    ../fplib/microlib/fpadd.c                0x00000000   Number         0  dadd.o ABSOLUTE
    ../fplib/microlib/fpdiv.c                0x00000000   Number         0  ddiv.o ABSOLUTE
    ../fplib/microlib/fpepilogue.c           0x00000000   Number         0  depilogue.o ABSOLUTE
    ../fplib/microlib/fpfix.c                0x00000000   Number         0  dfixul.o ABSOLUTE
    ../fplib/microlib/fpmul.c                0x00000000   Number         0  dmul.o ABSOLUTE
    ..\application\HardFaultHandlerMDK\HardFaultHandler.S 0x00000000   Number         0  hardfaulthandler.o ABSOLUTE
    SEGGER_HardFaultHandler.c                0x00000000   Number         0  segger_hardfaulthandler.o ABSOLUTE
    SEGGER_RTT.c                             0x00000000   Number         0  segger_rtt.o ABSOLUTE
    SEGGER_RTT_printf.c                      0x00000000   Number         0  segger_rtt_printf.o ABSOLUTE
    ansi.c                                   0x00000000   Number         0  ansi.o ABSOLUTE
    ansi_port.c                              0x00000000   Number         0  ansi_port.o ABSOLUTE
    app.c                                    0x00000000   Number         0  app.o ABSOLUTE
    bsp.c                                    0x00000000   Number         0  bsp.o ABSOLUTE
    cdrcmple.s                               0x00000000   Number         0  cdrcmple.o ABSOLUTE
    dc.s                                     0x00000000   Number         0  dc.o ABSOLUTE
    fifo.c                                   0x00000000   Number         0  fifo.o ABSOLUTE
    handlers.s                               0x00000000   Number         0  handlers.o ABSOLUTE
    init.s                                   0x00000000   Number         0  init.o ABSOLUTE
    main.c                                   0x00000000   Number         0  main.o ABSOLUTE
    nr_micro_shell.c                         0x00000000   Number         0  nr_micro_shell.o ABSOLUTE
    nr_micro_shell_commands.c                0x00000000   Number         0  nr_micro_shell_commands.o ABSOLUTE
    pt32z192xx_adc.c                         0x00000000   Number         0  pt32z192xx_adc.o ABSOLUTE
    pt32z192xx_dma.c                         0x00000000   Number         0  pt32z192xx_dma.o ABSOLUTE
    pt32z192xx_dsp.c                         0x00000000   Number         0  pt32z192xx_dsp.o ABSOLUTE
    pt32z192xx_gpio.c                        0x00000000   Number         0  pt32z192xx_gpio.o ABSOLUTE
    pt32z192xx_i2c.c                         0x00000000   Number         0  pt32z192xx_i2c.o ABSOLUTE
    pt32z192xx_it.c                          0x00000000   Number         0  pt32z192xx_it.o ABSOLUTE
    pt32z192xx_misc.c                        0x00000000   Number         0  pt32z192xx_misc.o ABSOLUTE
    pt32z192xx_pwm.c                         0x00000000   Number         0  pt32z192xx_pwm.o ABSOLUTE
    pt32z192xx_qspi.c                        0x00000000   Number         0  pt32z192xx_qspi.o ABSOLUTE
    pt32z192xx_retarget.c                    0x00000000   Number         0  pt32z192xx_retarget.o ABSOLUTE
    pt32z192xx_serial.c                      0x00000000   Number         0  pt32z192xx_serial.o ABSOLUTE
    pt32z192xx_spi.c                         0x00000000   Number         0  pt32z192xx_spi.o ABSOLUTE
    pt32z192xx_sys.c                         0x00000000   Number         0  pt32z192xx_sys.o ABSOLUTE
    pt32z192xx_tim.c                         0x00000000   Number         0  pt32z192xx_tim.o ABSOLUTE
    pt32z192xx_uart.c                        0x00000000   Number         0  pt32z192xx_uart.o ABSOLUTE
    pt32z192xx_wdg.c                         0x00000000   Number         0  pt32z192xx_wdg.o ABSOLUTE
    system_pt32z192xx.c                      0x00000000   Number         0  system_pt32z192xx.o ABSOLUTE
    RESET                                    0x20000000   Section      304  startup_pt32z192.o(RESET)
    .ARM.Collect$$$$00000000                 0x20000130   Section        0  entry.o(.ARM.Collect$$$$00000000)
    .ARM.Collect$$$$00000001                 0x20000130   Section        4  entry2.o(.ARM.Collect$$$$00000001)
    .ARM.Collect$$$$00000004                 0x20000134   Section        4  entry5.o(.ARM.Collect$$$$00000004)
    .ARM.Collect$$$$00000008                 0x20000138   Section        0  entry7b.o(.ARM.Collect$$$$00000008)
    .ARM.Collect$$$$0000000A                 0x20000138   Section        0  entry8b.o(.ARM.Collect$$$$0000000A)
    .ARM.Collect$$$$0000000B                 0x20000138   Section        8  entry9a.o(.ARM.Collect$$$$0000000B)
    __lit__00000000                          0x20000140   Data           4  entry2.o(.ARM.Collect$$$$00002712)
    .ARM.Collect$$$$0000000D                 0x20000140   Section        0  entry10a.o(.ARM.Collect$$$$0000000D)
    .ARM.Collect$$$$0000000F                 0x20000140   Section        0  entry11a.o(.ARM.Collect$$$$0000000F)
    .ARM.Collect$$$$00002712                 0x20000140   Section        4  entry2.o(.ARM.Collect$$$$00002712)
    .text                                    0x20000144   Section       52  startup_pt32z192.o(.text)
    .text                                    0x20000178   Section        0  ctype_o.o(.text)
    .text                                    0x20000180   Section        0  memcpya.o(.text)
    .text                                    0x200001a4   Section        0  strstr.o(.text)
    .text                                    0x200001c8   Section        0  strlen.o(.text)
    .text                                    0x200001d6   Section        0  strcmp.o(.text)
    .text                                    0x200001f2   Section        0  strcpy.o(.text)
    .text                                    0x20000204   Section        0  uidiv.o(.text)
    .text                                    0x20000230   Section       36  init.o(.text)
    .text                                    0x20000254   Section        0  __dczerorl.o(.text)
    [Anonymous Symbol]                       0x20000290   Section        0  pt32z192xx_adc.o(.text.ADC_ChannelConfig)
    [Anonymous Symbol]                       0x200002ac   Section        0  pt32z192xx_adc.o(.text.ADC_Cmd)
    [Anonymous Symbol]                       0x200002bc   Section        0  pt32z192xx_it.o(.text.ADC_Handler)
    [Anonymous Symbol]                       0x200002c0   Section        0  pt32z192xx_adc.o(.text.ADC_Init)
    [Anonymous Symbol]                       0x200002f8   Section        0  pt32z192xx_adc.o(.text.ADC_StartOfConversion)
    [Anonymous Symbol]                       0x20000304   Section        0  pt32z192xx_dma.o(.text.DMA_AutoRepeat_Cmd)
    [Anonymous Symbol]                       0x20000328   Section        0  pt32z192xx_dma.o(.text.DMA_Cmd)
    [Anonymous Symbol]                       0x2000034c   Section        0  pt32z192xx_dma.o(.text.DMA_Config)
    [Anonymous Symbol]                       0x20000390   Section        0  pt32z192xx_dma.o(.text.DMA_DirectionConfig)
    [Anonymous Symbol]                       0x200003ac   Section        0  pt32z192xx_it.o(.text.DMA_Handler)
    [Anonymous Symbol]                       0x200003b0   Section        0  pt32z192xx_dma.o(.text.DMA_PeripheralConfig)
    [Anonymous Symbol]                       0x200003dc   Section        0  pt32z192xx_it.o(.text.FLASH_Handler)
    [Anonymous Symbol]                       0x200003e0   Section        0  pt32z192xx_gpio.o(.text.GPIO_ClearITPendingBit)
    [Anonymous Symbol]                       0x200003e4   Section        0  pt32z192xx_gpio.o(.text.GPIO_ITConfig)
    [Anonymous Symbol]                       0x200003f0   Section        0  pt32z192xx_gpio.o(.text.GPIO_Init)
    [Anonymous Symbol]                       0x20000454   Section        0  pt32z192xx_gpio.o(.text.GPIO_PinAFConfig)
    [Anonymous Symbol]                       0x20000464   Section        0  pt32z192xx_gpio.o(.text.GPIO_SetBits)
    [Anonymous Symbol]                       0x2000046c   Section        0  pt32z192xx_gpio.o(.text.GPIO_TriTypeConfig)
    [Anonymous Symbol]                       0x200004a0   Section        0  segger_hardfaulthandler.o(.text.HardFaultHandler)
    [Anonymous Symbol]                       0x20000548   Section        0  pt32z192xx_it.o(.text.NMI_Handler)
    [Anonymous Symbol]                       0x2000054c   Section        0  pt32z192xx_misc.o(.text.NVIC_Init)
    [Anonymous Symbol]                       0x200005b8   Section        0  pt32z192xx_it.o(.text.PA_Handler)
    [Anonymous Symbol]                       0x200005bc   Section        0  pt32z192xx_it.o(.text.PB_Handler)
    [Anonymous Symbol]                       0x200005c0   Section        0  pt32z192xx_it.o(.text.PC_Handler)
    [Anonymous Symbol]                       0x20000610   Section        0  pt32z192xx_it.o(.text.PD_Handler)
    [Anonymous Symbol]                       0x20000614   Section        0  pt32z192xx_pwm.o(.text.PMW_TimeBaseInit)
    [Anonymous Symbol]                       0x20000630   Section        0  pt32z192xx_pwm.o(.text.PWM_BKI_LevelConfig)
    [Anonymous Symbol]                       0x2000063c   Section        0  pt32z192xx_pwm.o(.text.PWM_BreakInput_Cmd)
    [Anonymous Symbol]                       0x20000650   Section        0  pt32z192xx_pwm.o(.text.PWM_ClearFlag)
    [Anonymous Symbol]                       0x20000654   Section        0  pt32z192xx_pwm.o(.text.PWM_Cmd)
    [Anonymous Symbol]                       0x20000664   Section        0  pt32z192xx_pwm.o(.text.PWM_GetFlagStatus)
    [Anonymous Symbol]                       0x20000670   Section        0  pt32z192xx_pwm.o(.text.PWM_IntConfig)
    [Anonymous Symbol]                       0x200006e4   Section        0  bsp.o(.text.PWM_Mode_Config)
    [Anonymous Symbol]                       0x200007bc   Section        0  pt32z192xx_pwm.o(.text.PWM_OutputInit)
    [Anonymous Symbol]                       0x20000824   Section        0  pt32z192xx_it.o(.text.PendSV_Handler)
    [Anonymous Symbol]                       0x20000828   Section        0  pt32z192xx_it.o(.text.RTC_Handler)
    [Anonymous Symbol]                       0x2000082c   Section        0  segger_rtt.o(.text.SEGGER_RTT_Init)
    [Anonymous Symbol]                       0x2000089c   Section        0  segger_rtt.o(.text.SEGGER_RTT_Write)
    [Anonymous Symbol]                       0x20000950   Section        0  segger_rtt.o(.text.SEGGER_RTT_WriteNoLock)
    [Anonymous Symbol]                       0x20000ac8   Section        0  segger_rtt_printf.o(.text.SEGGER_RTT_printf)
    [Anonymous Symbol]                       0x20000ae8   Section        0  segger_rtt_printf.o(.text.SEGGER_RTT_vprintf)
    [Anonymous Symbol]                       0x200014d4   Section        0  pt32z192xx_serial.o(.text.SERIAL_PutChar)
    [Anonymous Symbol]                       0x200014fc   Section        0  pt32z192xx_it.o(.text.SPI0_Handler)
    [Anonymous Symbol]                       0x20001500   Section        0  pt32z192xx_it.o(.text.SPI1_Handler)
    [Anonymous Symbol]                       0x20001504   Section        0  pt32z192xx_it.o(.text.SVC_Handler)
    [Anonymous Symbol]                       0x20001508   Section        0  pt32z192xx_it.o(.text.SysTick_Handler)
    [Anonymous Symbol]                       0x2000152c   Section        0  system_pt32z192xx.o(.text.SystemInit)
    [Anonymous Symbol]                       0x200016ac   Section        0  pt32z192xx_it.o(.text.TMR0_Handler)
    [Anonymous Symbol]                       0x200016d0   Section        0  pt32z192xx_it.o(.text.TMR1_Handler)
    [Anonymous Symbol]                       0x200016d4   Section        0  pt32z192xx_it.o(.text.TMR2_Handler)
    [Anonymous Symbol]                       0x200016d8   Section        0  pt32z192xx_it.o(.text.TMR3_Handler)
    [Anonymous Symbol]                       0x200016dc   Section        0  pt32z192xx_it.o(.text.TMR4_Handler)
    [Anonymous Symbol]                       0x200016e0   Section        0  pt32z192xx_it.o(.text.TMR5_Handler)
    [Anonymous Symbol]                       0x200016e4   Section        0  pt32z192xx_it.o(.text.UART0_Handler)
    [Anonymous Symbol]                       0x200016e8   Section        0  pt32z192xx_it.o(.text.UART1_Handler)
    [Anonymous Symbol]                       0x200016ec   Section        0  pt32z192xx_it.o(.text.UART2_Handler)
    [Anonymous Symbol]                       0x20001740   Section        0  pt32z192xx_uart.o(.text.UART_Cmd)
    [Anonymous Symbol]                       0x20001750   Section        0  pt32z192xx_uart.o(.text.UART_ITConfig)
    [Anonymous Symbol]                       0x20001760   Section        0  pt32z192xx_uart.o(.text.UART_Init)
    _PrintUnsigned                           0x200017fd   Thumb Code   508  segger_rtt_printf.o(.text._PrintUnsigned)
    [Anonymous Symbol]                       0x200017fc   Section        0  segger_rtt_printf.o(.text._PrintUnsigned)
    _PrintUnsigned._aV2C                     0x200019f8   Number         0  segger_rtt_printf.o(.text._PrintUnsigned)
    [Anonymous Symbol]                       0x20001a08   Section        0  nr_micro_shell.o(.text._shell_init)
    [Anonymous Symbol]                       0x20001af8   Section        0  ansi.o(.text.ansi_clear_current_line)
    [Anonymous Symbol]                       0x20001b08   Section        0  ansi.o(.text.ansi_get_char)
    [Anonymous Symbol]                       0x20001c3c   Section        0  ansi.o(.text.ansi_init)
    [Anonymous Symbol]                       0x20001c50   Section        0  app.o(.text.app)
    [Anonymous Symbol]                       0x20001c64   Section        0  bsp.o(.text.bsp_init)
    [Anonymous Symbol]                       0x20001ed0   Section        0  pt32z192xx_retarget.o(.text.fputc)
    [Anonymous Symbol]                       0x20001edc   Section        0  main.o(.text.main)
    [Anonymous Symbol]                       0x20001f00   Section        0  ansi_port.o(.text.nr_ansi_common_char_slover)
    [Anonymous Symbol]                       0x20001fb8   Section        0  ansi_port.o(.text.nr_ansi_ctrl_common_slover)
    [Anonymous Symbol]                       0x20001fec   Section        0  ansi_port.o(.text.nr_ansi_in__)
    [Anonymous Symbol]                       0x20002078   Section        0  ansi_port.o(.text.nr_ansi_in_backspace)
    [Anonymous Symbol]                       0x200020f8   Section        0  ansi_port.o(.text.nr_ansi_in_down)
    [Anonymous Symbol]                       0x20002178   Section        0  ansi_port.o(.text.nr_ansi_in_enter)
    [Anonymous Symbol]                       0x200021ac   Section        0  ansi_port.o(.text.nr_ansi_in_left)
    [Anonymous Symbol]                       0x200021cc   Section        0  ansi_port.o(.text.nr_ansi_in_newline)
    [Anonymous Symbol]                       0x200021f0   Section        0  ansi_port.o(.text.nr_ansi_in_right)
    [Anonymous Symbol]                       0x20002214   Section        0  ansi_port.o(.text.nr_ansi_in_tab)
    [Anonymous Symbol]                       0x200022f8   Section        0  ansi_port.o(.text.nr_ansi_in_up)
    [Anonymous Symbol]                       0x20002374   Section        0  bsp.o(.text.read_uid)
    [Anonymous Symbol]                       0x20002468   Section        0  nr_micro_shell.o(.text.shell_cmd_complete)
    [Anonymous Symbol]                       0x200024cc   Section        0  nr_micro_shell.o(.text.shell_his_copy_queue_item)
    [Anonymous Symbol]                       0x20002660   Section        0  nr_micro_shell.o(.text.shell_his_queue_add_cmd)
    [Anonymous Symbol]                       0x20002708   Section        0  nr_micro_shell.o(.text.shell_his_queue_search_cmd)
    [Anonymous Symbol]                       0x200027b8   Section        0  nr_micro_shell_commands.o(.text.shell_ls_cmd)
    [Anonymous Symbol]                       0x200028fc   Section        0  nr_micro_shell.o(.text.shell_parser)
    [Anonymous Symbol]                       0x20002d94   Section        0  nr_micro_shell_commands.o(.text.shell_test_cmd)
    OSKERNEL                                 0x20002de0   Section       18  hardfaulthandler.o(OSKERNEL)
    i.__0printf$3                            0x20002df4   Section        0  printf3.o(i.__0printf$3)
    i.__scatterload_copy                     0x20002e14   Section       14  handlers.o(i.__scatterload_copy)
    i.__scatterload_null                     0x20002e22   Section        2  handlers.o(i.__scatterload_null)
    i.__scatterload_zeroinit                 0x20002e24   Section       14  handlers.o(i.__scatterload_zeroinit)
    _printf_core                             0x20002e35   Thumb Code   436  printf3.o(i._printf_core)
    i._printf_core                           0x20002e34   Section        0  printf3.o(i._printf_core)
    i.putc                                   0x20002fec   Section        0  putc.o(i.putc)
    i.puts                                   0x20002ff0   Section        0  puts.o(i.puts)
    .constdata                               0x20003014   Section      129  ctype_o.o(.constdata)
    table                                    0x20003098   Data           4  ctype_o.o(.constdata)
    .constdata                               0x20003098   Section        4  ctype_o.o(.constdata)
    __tagsym$$used.0                         0x20003114   Number         0  nr_micro_shell.o(.rodata.nr_shell_cmd0.end)
    __tagsym$$used.1                         0x20003128   Number         0  nr_micro_shell.o(.rodata.nr_shell_cmd1.end)
    .L.str.4                                 0x20003178   Data          23  bsp.o(.rodata.str1.1)
    [Anonymous Symbol]                       0x20003178   Section        0  bsp.o(.rodata.str1.1)
    .L.str.1                                 0x2000318f   Data          45  bsp.o(.rodata.str1.1)
    .L.str.9                                 0x200031bc   Data           6  bsp.o(.rodata.str1.1)
    .L.str.5                                 0x200031c2   Data          12  bsp.o(.rodata.str1.1)
    .L.str.6                                 0x200031ce   Data           9  bsp.o(.rodata.str1.1)
    .L.str.3                                 0x200031d7   Data           5  bsp.o(.rodata.str1.1)
    .L.str.2                                 0x200031dc   Data           8  bsp.o(.rodata.str1.1)
    .L.str                                   0x200031e4   Data           9  segger_rtt.o(.rodata.str1.1)
    [Anonymous Symbol]                       0x200031e4   Section        0  segger_rtt.o(.rodata.str1.1)
    .L.str.2                                 0x200031ed   Data           6  ansi_port.o(.rodata.str1.1)
    [Anonymous Symbol]                       0x200031ed   Section        0  ansi_port.o(.rodata.str1.1)
    .L.str.3                                 0x200031f3   Data           4  ansi_port.o(.rodata.str1.1)
    .L.str.6                                 0x200031f7   Data           3  ansi_port.o(.rodata.str1.1)
    .L.str.7                                 0x200031f7   Data           3  ansi_port.o(.rodata.str1.1)
    .Lstr                                    0x200031fa   Data          64  nr_micro_shell.o(.rodata.str1.1)
    [Anonymous Symbol]                       0x200031fa   Section        0  nr_micro_shell.o(.rodata.str1.1)
    .Lstr.13                                 0x2000323a   Data          64  nr_micro_shell.o(.rodata.str1.1)
    .Lstr.12                                 0x2000327a   Data          64  nr_micro_shell.o(.rodata.str1.1)
    .Lstr.11                                 0x200032ba   Data          64  nr_micro_shell.o(.rodata.str1.1)
    .Lstr.8                                  0x200032f8   Data           2  nr_micro_shell.o(.rodata.str1.1)
    .Lstr.15                                 0x200032fa   Data          17  nr_micro_shell_commands.o(.rodata.str1.1)
    [Anonymous Symbol]                       0x200032fa   Section        0  nr_micro_shell_commands.o(.rodata.str1.1)
    .data                                    0x20010000   Section        4  stdout.o(.data)
    .L_MergedGlobals                         0x20010140   Data          17  segger_rtt.o(.bss..L_MergedGlobals)
    _ActiveTerminal                          0x20010140   Data           1  segger_rtt.o(.bss..L_MergedGlobals)
    [Anonymous Symbol]                       0x20010140   Section        0  segger_rtt.o(.bss..L_MergedGlobals)
    _acDownBuffer                            0x20010141   Data          16  segger_rtt.o(.bss..L_MergedGlobals)
    .L_MergedGlobals                         0x20010154   Data          68  segger_hardfaulthandler.o(.bss..L_MergedGlobals)
    _Continue                                0x20010154   Data           4  segger_hardfaulthandler.o(.bss..L_MergedGlobals)
    [Anonymous Symbol]                       0x20010154   Section        0  segger_hardfaulthandler.o(.bss..L_MergedGlobals)
    HardFaultRegs                            0x20010158   Data          64  segger_hardfaulthandler.o(.bss..L_MergedGlobals)
    _acUpBuffer                              0x20010244   Data        1024  segger_rtt.o(.bss._acUpBuffer)
    [Anonymous Symbol]                       0x20010244   Section        0  segger_rtt.o(.bss._acUpBuffer)
    nr_shell_strtok.last                     0x200106d0   Data           4  nr_micro_shell.o(.bss.nr_shell_strtok.last)
    [Anonymous Symbol]                       0x200106d0   Section        0  nr_micro_shell.o(.bss.nr_shell_strtok.last)
    STACK                                    0x200106d8   Section     4096  startup_pt32z192.o(STACK)

    Global Symbols

    Symbol Name                              Value     Ov Type        Size  Object(Section)

    BuildAttributes$$THM_ISAv4$P$D$K$B$S$PE$A:L22UL41UL21$X:L11$S22US41US21$IEEE1$IW$~IW$USESV6$~STKCKD$USESV7$~SHL$OTIME$ROPI$EBA8$MICROLIB$REQ8$PRES8$EABIv2 0x00000000   Number         0  anon$$obj.o ABSOLUTE
    _printf_a                                0x00000000   Number         0  printfstubs.o ABSOLUTE
    _printf_c                                0x00000000   Number         0  printfstubs.o ABSOLUTE
    _printf_charcount                        0x00000000   Number         0  printfstubs.o ABSOLUTE
    _printf_d                                0x00000000   Number         0  printfstubs.o ABSOLUTE
    _printf_e                                0x00000000   Number         0  printfstubs.o ABSOLUTE
    _printf_f                                0x00000000   Number         0  printfstubs.o ABSOLUTE
    _printf_flags                            0x00000000   Number         0  printfstubs.o ABSOLUTE
    _printf_fp_dec                           0x00000000   Number         0  printfstubs.o ABSOLUTE
    _printf_fp_hex                           0x00000000   Number         0  printfstubs.o ABSOLUTE
    _printf_g                                0x00000000   Number         0  printfstubs.o ABSOLUTE
    _printf_i                                0x00000000   Number         0  printfstubs.o ABSOLUTE
    _printf_int_dec                          0x00000000   Number         0  printfstubs.o ABSOLUTE
    _printf_l                                0x00000000   Number         0  printfstubs.o ABSOLUTE
    _printf_lc                               0x00000000   Number         0  printfstubs.o ABSOLUTE
    _printf_ll                               0x00000000   Number         0  printfstubs.o ABSOLUTE
    _printf_lld                              0x00000000   Number         0  printfstubs.o ABSOLUTE
    _printf_lli                              0x00000000   Number         0  printfstubs.o ABSOLUTE
    _printf_llo                              0x00000000   Number         0  printfstubs.o ABSOLUTE
    _printf_llu                              0x00000000   Number         0  printfstubs.o ABSOLUTE
    _printf_llx                              0x00000000   Number         0  printfstubs.o ABSOLUTE
    _printf_longlong_dec                     0x00000000   Number         0  printfstubs.o ABSOLUTE
    _printf_longlong_hex                     0x00000000   Number         0  printfstubs.o ABSOLUTE
    _printf_longlong_oct                     0x00000000   Number         0  printfstubs.o ABSOLUTE
    _printf_ls                               0x00000000   Number         0  printfstubs.o ABSOLUTE
    _printf_mbtowc                           0x00000000   Number         0  printfstubs.o ABSOLUTE
    _printf_n                                0x00000000   Number         0  printfstubs.o ABSOLUTE
    _printf_o                                0x00000000   Number         0  printfstubs.o ABSOLUTE
    _printf_p                                0x00000000   Number         0  printfstubs.o ABSOLUTE
    _printf_percent                          0x00000000   Number         0  printfstubs.o ABSOLUTE
    _printf_pre_padding                      0x00000000   Number         0  printfstubs.o ABSOLUTE
    _printf_return_value                     0x00000000   Number         0  printfstubs.o ABSOLUTE
    _printf_s                                0x00000000   Number         0  printfstubs.o ABSOLUTE
    _printf_sizespec                         0x00000000   Number         0  printfstubs.o ABSOLUTE
    _printf_str                              0x00000000   Number         0  printfstubs.o ABSOLUTE
    _printf_truncate_signed                  0x00000000   Number         0  printfstubs.o ABSOLUTE
    _printf_truncate_unsigned                0x00000000   Number         0  printfstubs.o ABSOLUTE
    _printf_u                                0x00000000   Number         0  printfstubs.o ABSOLUTE
    _printf_wc                               0x00000000   Number         0  printfstubs.o ABSOLUTE
    _printf_wctomb                           0x00000000   Number         0  printfstubs.o ABSOLUTE
    _printf_widthprec                        0x00000000   Number         0  printfstubs.o ABSOLUTE
    _printf_x                                0x00000000   Number         0  printfstubs.o ABSOLUTE
    __cpp_initialize__aeabi_                  - Undefined Weak Reference
    __cxa_finalize                            - Undefined Weak Reference
    _clock_init                               - Undefined Weak Reference
    _microlib_exit                            - Undefined Weak Reference
    __Vectors_Size                           0x00000130   Number         0  startup_pt32z192.o ABSOLUTE
    __Vectors                                0x20000000   Data           4  startup_pt32z192.o(RESET)
    __Vectors_End                            0x20000130   Data           0  startup_pt32z192.o(RESET)
    __main                                   0x20000131   Thumb Code     0  entry.o(.ARM.Collect$$$$00000000)
    _main_stk                                0x20000131   Thumb Code     0  entry2.o(.ARM.Collect$$$$00000001)
    _main_scatterload                        0x20000135   Thumb Code     0  entry5.o(.ARM.Collect$$$$00000004)
    __main_after_scatterload                 0x20000139   Thumb Code     0  entry5.o(.ARM.Collect$$$$00000004)
    _main_clock                              0x20000139   Thumb Code     0  entry7b.o(.ARM.Collect$$$$00000008)
    _main_cpp_init                           0x20000139   Thumb Code     0  entry8b.o(.ARM.Collect$$$$0000000A)
    _main_init                               0x20000139   Thumb Code     0  entry9a.o(.ARM.Collect$$$$0000000B)
    __rt_final_cpp                           0x20000141   Thumb Code     0  entry10a.o(.ARM.Collect$$$$0000000D)
    __rt_final_exit                          0x20000141   Thumb Code     0  entry11a.o(.ARM.Collect$$$$0000000F)
    Reset_Handler                            0x20000145   Thumb Code    14  startup_pt32z192.o(.text)
    MemManage_Handler                        0x20000157   Thumb Code     2  startup_pt32z192.o(.text)
    BusFault_Handler                         0x20000159   Thumb Code     2  startup_pt32z192.o(.text)
    UsageFault_Handler                       0x2000015b   Thumb Code     2  startup_pt32z192.o(.text)
    DebugMon_Handler                         0x2000015f   Thumb Code     2  startup_pt32z192.o(.text)
    AES_Handler                              0x20000165   Thumb Code     0  startup_pt32z192.o(.text)
    I2C_Handler                              0x20000165   Thumb Code     0  startup_pt32z192.o(.text)
    QSPI_Handler                             0x20000165   Thumb Code     0  startup_pt32z192.o(.text)
    RCC_Handler                              0x20000165   Thumb Code     0  startup_pt32z192.o(.text)
    USB11_Handler                            0x20000165   Thumb Code     0  startup_pt32z192.o(.text)
    WDG_Handler                              0x20000165   Thumb Code     0  startup_pt32z192.o(.text)
    __rt_ctype_table                         0x20000179   Thumb Code     4  ctype_o.o(.text)
    __aeabi_memcpy                           0x20000181   Thumb Code    36  memcpya.o(.text)
    __aeabi_memcpy4                          0x20000181   Thumb Code     0  memcpya.o(.text)
    __aeabi_memcpy8                          0x20000181   Thumb Code     0  memcpya.o(.text)
    strstr                                   0x200001a5   Thumb Code    36  strstr.o(.text)
    strlen                                   0x200001c9   Thumb Code    14  strlen.o(.text)
    strcmp                                   0x200001d7   Thumb Code    28  strcmp.o(.text)
    strcpy                                   0x200001f3   Thumb Code    18  strcpy.o(.text)
    __aeabi_uidiv                            0x20000205   Thumb Code     0  uidiv.o(.text)
    __aeabi_uidivmod                         0x20000205   Thumb Code    44  uidiv.o(.text)
    __scatterload                            0x20000231   Thumb Code    28  init.o(.text)
    __scatterload_rt2                        0x20000231   Thumb Code     0  init.o(.text)
    __decompress                             0x20000255   Thumb Code     0  __dczerorl.o(.text)
    __decompress0                            0x20000255   Thumb Code    58  __dczerorl.o(.text)
    ADC_ChannelConfig                        0x20000291   Thumb Code    26  pt32z192xx_adc.o(.text.ADC_ChannelConfig)
    ADC_Cmd                                  0x200002ad   Thumb Code    16  pt32z192xx_adc.o(.text.ADC_Cmd)
    ADC_Handler                              0x200002bd   Thumb Code     2  pt32z192xx_it.o(.text.ADC_Handler)
    ADC_Init                                 0x200002c1   Thumb Code    56  pt32z192xx_adc.o(.text.ADC_Init)
    ADC_StartOfConversion                    0x200002f9   Thumb Code    10  pt32z192xx_adc.o(.text.ADC_StartOfConversion)
    DMA_AutoRepeat_Cmd                       0x20000305   Thumb Code    36  pt32z192xx_dma.o(.text.DMA_AutoRepeat_Cmd)
    DMA_Cmd                                  0x20000329   Thumb Code    34  pt32z192xx_dma.o(.text.DMA_Cmd)
    DMA_Config                               0x2000034d   Thumb Code    66  pt32z192xx_dma.o(.text.DMA_Config)
    DMA_DirectionConfig                      0x20000391   Thumb Code    26  pt32z192xx_dma.o(.text.DMA_DirectionConfig)
    DMA_Handler                              0x200003ad   Thumb Code     2  pt32z192xx_it.o(.text.DMA_Handler)
    DMA_PeripheralConfig                     0x200003b1   Thumb Code    42  pt32z192xx_dma.o(.text.DMA_PeripheralConfig)
    FLASH_Handler                            0x200003dd   Thumb Code     2  pt32z192xx_it.o(.text.FLASH_Handler)
    GPIO_ClearITPendingBit                   0x200003e1   Thumb Code     4  pt32z192xx_gpio.o(.text.GPIO_ClearITPendingBit)
    GPIO_ITConfig                            0x200003e5   Thumb Code    12  pt32z192xx_gpio.o(.text.GPIO_ITConfig)
    GPIO_Init                                0x200003f1   Thumb Code   100  pt32z192xx_gpio.o(.text.GPIO_Init)
    GPIO_PinAFConfig                         0x20000455   Thumb Code    14  pt32z192xx_gpio.o(.text.GPIO_PinAFConfig)
    GPIO_SetBits                             0x20000465   Thumb Code     8  pt32z192xx_gpio.o(.text.GPIO_SetBits)
    GPIO_TriTypeConfig                       0x2000046d   Thumb Code    52  pt32z192xx_gpio.o(.text.GPIO_TriTypeConfig)
    HardFaultHandler                         0x200004a1   Thumb Code   168  segger_hardfaulthandler.o(.text.HardFaultHandler)
    NMI_Handler                              0x20000549   Thumb Code     2  pt32z192xx_it.o(.text.NMI_Handler)
    NVIC_Init                                0x2000054d   Thumb Code   108  pt32z192xx_misc.o(.text.NVIC_Init)
    PA_Handler                               0x200005b9   Thumb Code     2  pt32z192xx_it.o(.text.PA_Handler)
    PB_Handler                               0x200005bd   Thumb Code     2  pt32z192xx_it.o(.text.PB_Handler)
    PC_Handler                               0x200005c1   Thumb Code    52  pt32z192xx_it.o(.text.PC_Handler)
    PD_Handler                               0x20000611   Thumb Code     2  pt32z192xx_it.o(.text.PD_Handler)
    PMW_TimeBaseInit                         0x20000615   Thumb Code    26  pt32z192xx_pwm.o(.text.PMW_TimeBaseInit)
    PWM_BKI_LevelConfig                      0x20000631   Thumb Code    12  pt32z192xx_pwm.o(.text.PWM_BKI_LevelConfig)
    PWM_BreakInput_Cmd                       0x2000063d   Thumb Code    18  pt32z192xx_pwm.o(.text.PWM_BreakInput_Cmd)
    PWM_ClearFlag                            0x20000651   Thumb Code     4  pt32z192xx_pwm.o(.text.PWM_ClearFlag)
    PWM_Cmd                                  0x20000655   Thumb Code    16  pt32z192xx_pwm.o(.text.PWM_Cmd)
    PWM_GetFlagStatus                        0x20000665   Thumb Code    10  pt32z192xx_pwm.o(.text.PWM_GetFlagStatus)
    PWM_IntConfig                            0x20000671   Thumb Code   116  pt32z192xx_pwm.o(.text.PWM_IntConfig)
    PWM_Mode_Config                          0x200006e5   Thumb Code   214  bsp.o(.text.PWM_Mode_Config)
    PWM_OutputInit                           0x200007bd   Thumb Code   104  pt32z192xx_pwm.o(.text.PWM_OutputInit)
    PendSV_Handler                           0x20000825   Thumb Code     2  pt32z192xx_it.o(.text.PendSV_Handler)
    RTC_Handler                              0x20000829   Thumb Code     2  pt32z192xx_it.o(.text.RTC_Handler)
    SEGGER_RTT_Init                          0x2000082d   Thumb Code   112  segger_rtt.o(.text.SEGGER_RTT_Init)
    SEGGER_RTT_Write                         0x2000089d   Thumb Code   178  segger_rtt.o(.text.SEGGER_RTT_Write)
    SEGGER_RTT_WriteNoLock                   0x20000951   Thumb Code   376  segger_rtt.o(.text.SEGGER_RTT_WriteNoLock)
    SEGGER_RTT_printf                        0x20000ac9   Thumb Code    30  segger_rtt_printf.o(.text.SEGGER_RTT_printf)
    SEGGER_RTT_vprintf                       0x20000ae9   Thumb Code  2538  segger_rtt_printf.o(.text.SEGGER_RTT_vprintf)
    SERIAL_PutChar                           0x200014d5   Thumb Code    40  pt32z192xx_serial.o(.text.SERIAL_PutChar)
    SPI0_Handler                             0x200014fd   Thumb Code     2  pt32z192xx_it.o(.text.SPI0_Handler)
    SPI1_Handler                             0x20001501   Thumb Code     2  pt32z192xx_it.o(.text.SPI1_Handler)
    SVC_Handler                              0x20001505   Thumb Code     2  pt32z192xx_it.o(.text.SVC_Handler)
    SysTick_Handler                          0x20001509   Thumb Code    34  pt32z192xx_it.o(.text.SysTick_Handler)
    SystemInit                               0x2000152d   Thumb Code   384  system_pt32z192xx.o(.text.SystemInit)
    TMR0_Handler                             0x200016ad   Thumb Code    36  pt32z192xx_it.o(.text.TMR0_Handler)
    TMR1_Handler                             0x200016d1   Thumb Code     2  pt32z192xx_it.o(.text.TMR1_Handler)
    TMR2_Handler                             0x200016d5   Thumb Code     2  pt32z192xx_it.o(.text.TMR2_Handler)
    TMR3_Handler                             0x200016d9   Thumb Code     2  pt32z192xx_it.o(.text.TMR3_Handler)
    TMR4_Handler                             0x200016dd   Thumb Code     2  pt32z192xx_it.o(.text.TMR4_Handler)
    TMR5_Handler                             0x200016e1   Thumb Code     2  pt32z192xx_it.o(.text.TMR5_Handler)
    UART0_Handler                            0x200016e5   Thumb Code     2  pt32z192xx_it.o(.text.UART0_Handler)
    UART1_Handler                            0x200016e9   Thumb Code     2  pt32z192xx_it.o(.text.UART1_Handler)
    UART2_Handler                            0x200016ed   Thumb Code    68  pt32z192xx_it.o(.text.UART2_Handler)
    UART_Cmd                                 0x20001741   Thumb Code    16  pt32z192xx_uart.o(.text.UART_Cmd)
    UART_ITConfig                            0x20001751   Thumb Code    16  pt32z192xx_uart.o(.text.UART_ITConfig)
    UART_Init                                0x20001761   Thumb Code   154  pt32z192xx_uart.o(.text.UART_Init)
    _shell_init                              0x20001a09   Thumb Code   104  nr_micro_shell.o(.text._shell_init)
    ansi_clear_current_line                  0x20001af9   Thumb Code    14  ansi.o(.text.ansi_clear_current_line)
    ansi_get_char                            0x20001b09   Thumb Code   306  ansi.o(.text.ansi_get_char)
    ansi_init                                0x20001c3d   Thumb Code    18  ansi.o(.text.ansi_init)
    app                                      0x20001c51   Thumb Code    20  app.o(.text.app)
    bsp_init                                 0x20001c65   Thumb Code   564  bsp.o(.text.bsp_init)
    fputc                                    0x20001ed1   Thumb Code    10  pt32z192xx_retarget.o(.text.fputc)
    main                                     0x20001edd   Thumb Code    34  main.o(.text.main)
    nr_ansi_common_char_slover               0x20001f01   Thumb Code   176  ansi_port.o(.text.nr_ansi_common_char_slover)
    nr_ansi_ctrl_common_slover               0x20001fb9   Thumb Code    50  ansi_port.o(.text.nr_ansi_ctrl_common_slover)
    nr_ansi_in__                             0x20001fed   Thumb Code   138  ansi_port.o(.text.nr_ansi_in__)
    nr_ansi_in_backspace                     0x20002079   Thumb Code   120  ansi_port.o(.text.nr_ansi_in_backspace)
    nr_ansi_in_down                          0x200020f9   Thumb Code   126  ansi_port.o(.text.nr_ansi_in_down)
    nr_ansi_in_enter                         0x20002179   Thumb Code    52  ansi_port.o(.text.nr_ansi_in_enter)
    nr_ansi_in_left                          0x200021ad   Thumb Code    24  ansi_port.o(.text.nr_ansi_in_left)
    nr_ansi_in_newline                       0x200021cd   Thumb Code    36  ansi_port.o(.text.nr_ansi_in_newline)
    nr_ansi_in_right                         0x200021f1   Thumb Code    28  ansi_port.o(.text.nr_ansi_in_right)
    nr_ansi_in_tab                           0x20002215   Thumb Code   226  ansi_port.o(.text.nr_ansi_in_tab)
    nr_ansi_in_up                            0x200022f9   Thumb Code   124  ansi_port.o(.text.nr_ansi_in_up)
    read_uid                                 0x20002375   Thumb Code   208  bsp.o(.text.read_uid)
    shell_cmd_complete                       0x20002469   Thumb Code   100  nr_micro_shell.o(.text.shell_cmd_complete)
    shell_his_copy_queue_item                0x200024cd   Thumb Code   402  nr_micro_shell.o(.text.shell_his_copy_queue_item)
    shell_his_queue_add_cmd                  0x20002661   Thumb Code   168  nr_micro_shell.o(.text.shell_his_queue_add_cmd)
    shell_his_queue_search_cmd               0x20002709   Thumb Code   174  nr_micro_shell.o(.text.shell_his_queue_search_cmd)
    shell_ls_cmd                             0x200027b9   Thumb Code   168  nr_micro_shell_commands.o(.text.shell_ls_cmd)
    shell_parser                             0x200028fd   Thumb Code  1124  nr_micro_shell.o(.text.shell_parser)
    shell_test_cmd                           0x20002d95   Thumb Code    44  nr_micro_shell_commands.o(.text.shell_test_cmd)
    HardFault_Handler                        0x20002de1   Thumb Code     0  hardfaulthandler.o(OSKERNEL)
    __0printf$3                              0x20002df5   Thumb Code    22  printf3.o(i.__0printf$3)
    __1printf$3                              0x20002df5   Thumb Code     0  printf3.o(i.__0printf$3)
    __2printf                                0x20002df5   Thumb Code     0  printf3.o(i.__0printf$3)
    __scatterload_copy                       0x20002e15   Thumb Code    14  handlers.o(i.__scatterload_copy)
    __scatterload_null                       0x20002e23   Thumb Code     2  handlers.o(i.__scatterload_null)
    __scatterload_zeroinit                   0x20002e25   Thumb Code    14  handlers.o(i.__scatterload_zeroinit)
    putc                                     0x20002fed   Thumb Code     4  putc.o(i.putc)
    puts                                     0x20002ff1   Thumb Code    30  puts.o(i.puts)
    __ctype_table                            0x20003014   Data         129  ctype_o.o(.constdata)
    nr_ansi_in_cmd                           0x2000309c   Data          21  ansi.o(.rodata.nr_ansi_in_cmd)
    nr_ansi_in_cmd_fun                       0x200030b4   Data          80  ansi.o(.rodata.nr_ansi_in_cmd_fun)
    nr_ansi_in_special_symbol_fun            0x20003104   Data          16  ansi.o(.rodata.nr_ansi_in_special_symbol_fun)
    _nr_cmd_start_                           0x20003114   Data          20  nr_micro_shell.o(.rodata.nr_shell_cmd0.end)
    _nr_cmd_end_                             0x20003128   Data          20  nr_micro_shell.o(.rodata.nr_shell_cmd1.end)
    static_cmd                               0x2000313c   Data          60  nr_micro_shell_commands.o(.rodata.static_cmd)
    Region$$Table$$Base                      0x2000330c   Number         0  anon$$obj.o(Region$$Table)
    Region$$Table$$Limit                     0x2000332c   Number         0  anon$$obj.o(Region$$Table)
    __stdout                                 0x20010000   Data           4  stdout.o(.data)
    SystemCoreClock                          0x20010004   Data           4  system_pt32z192xx.o(.data.SystemCoreClock)
    VCO_VALUE                                0x20010008   Data           4  system_pt32z192xx.o(.data.VCO_VALUE)
    nr_shell                                 0x2001000c   Data         308  nr_micro_shell.o(.data.nr_shell)
    TimingDelay                              0x20010198   Data           4  app.o(.bss.TimingDelay)
    _SEGGER_RTT                              0x2001019c   Data         168  segger_rtt.o(.bss._SEGGER_RTT)
    key_flag                                 0x20010644   Data           4  app.o(.bss.key_flag)
    m_AdcValue                               0x20010648   Data           2  bsp.o(.bss.m_AdcValue)
    nr_ansi                                  0x2001064c   Data         132  ansi.o(.bss.nr_ansi)
    timeval                                  0x200106d4   Data           4  app.o(.bss.timeval)
    __initial_sp                             0x200116d8   Data           0  startup_pt32z192.o(STACK)



==============================================================================

Memory Map of the image

  Image Entry point : 0x20000131

  Load Region LR_IROM1 (Base: 0x20000000, Size: 0x00003470, Max: 0x00010000, ABSOLUTE, COMPRESSED[0x00003350])

    Execution Region ER_IROM1 (Exec base: 0x20000000, Load base: 0x20000000, Size: 0x0000332c, Max: 0x00010000, ABSOLUTE)

    Exec Addr    Load Addr    Size         Type   Attr      Idx    E Section Name        Object

    0x20000000   0x20000000   0x00000130   Data   RO          175    RESET               startup_pt32z192.o
    0x20000130   0x20000130   0x00000000   Code   RO         1020  * .ARM.Collect$$$$00000000  mc_w.l(entry.o)
    0x20000130   0x20000130   0x00000004   Code   RO         1331    .ARM.Collect$$$$00000001  mc_w.l(entry2.o)
    0x20000134   0x20000134   0x00000004   Code   RO         1334    .ARM.Collect$$$$00000004  mc_w.l(entry5.o)
    0x20000138   0x20000138   0x00000000   Code   RO         1336    .ARM.Collect$$$$00000008  mc_w.l(entry7b.o)
    0x20000138   0x20000138   0x00000000   Code   RO         1338    .ARM.Collect$$$$0000000A  mc_w.l(entry8b.o)
    0x20000138   0x20000138   0x00000008   Code   RO         1339    .ARM.Collect$$$$0000000B  mc_w.l(entry9a.o)
    0x20000140   0x20000140   0x00000000   Code   RO         1341    .ARM.Collect$$$$0000000D  mc_w.l(entry10a.o)
    0x20000140   0x20000140   0x00000000   Code   RO         1343    .ARM.Collect$$$$0000000F  mc_w.l(entry11a.o)
    0x20000140   0x20000140   0x00000004   Code   RO         1332    .ARM.Collect$$$$00002712  mc_w.l(entry2.o)
    0x20000144   0x20000144   0x00000034   Code   RO          176    .text               startup_pt32z192.o
    0x20000178   0x20000178   0x00000008   Code   RO         1030    .text               mc_w.l(ctype_o.o)
    0x20000180   0x20000180   0x00000024   Code   RO         1058    .text               mc_w.l(memcpya.o)
    0x200001a4   0x200001a4   0x00000024   Code   RO         1060    .text               mc_w.l(strstr.o)
    0x200001c8   0x200001c8   0x0000000e   Code   RO         1062    .text               mc_w.l(strlen.o)
    0x200001d6   0x200001d6   0x0000001c   Code   RO         1064    .text               mc_w.l(strcmp.o)
    0x200001f2   0x200001f2   0x00000012   Code   RO         1066    .text               mc_w.l(strcpy.o)
    0x20000204   0x20000204   0x0000002c   Code   RO         1354    .text               mc_w.l(uidiv.o)
    0x20000230   0x20000230   0x00000024   Code   RO         1369    .text               mc_w.l(init.o)
    0x20000254   0x20000254   0x0000003a   Code   RO         1387    .text               mc_w.l(__dczerorl.o)
    0x2000028e   0x2000028e   0x00000002   PAD
    0x20000290   0x20000290   0x0000001a   Code   RO          191    .text.ADC_ChannelConfig  pt32z192xx_adc.o
    0x200002aa   0x200002aa   0x00000002   PAD
    0x200002ac   0x200002ac   0x00000010   Code   RO          187    .text.ADC_Cmd       pt32z192xx_adc.o
    0x200002bc   0x200002bc   0x00000002   Code   RO          115    .text.ADC_Handler   pt32z192xx_it.o
    0x200002be   0x200002be   0x00000002   PAD
    0x200002c0   0x200002c0   0x00000038   Code   RO          183    .text.ADC_Init      pt32z192xx_adc.o
    0x200002f8   0x200002f8   0x0000000a   Code   RO          197    .text.ADC_StartOfConversion  pt32z192xx_adc.o
    0x20000302   0x20000302   0x00000002   PAD
    0x20000304   0x20000304   0x00000024   Code   RO          786    .text.DMA_AutoRepeat_Cmd  pt32z192xx_dma.o
    0x20000328   0x20000328   0x00000022   Code   RO          780    .text.DMA_Cmd       pt32z192xx_dma.o
    0x2000034a   0x2000034a   0x00000002   PAD
    0x2000034c   0x2000034c   0x00000042   Code   RO          778    .text.DMA_Config    pt32z192xx_dma.o
    0x2000038e   0x2000038e   0x00000002   PAD
    0x20000390   0x20000390   0x0000001a   Code   RO          784    .text.DMA_DirectionConfig  pt32z192xx_dma.o
    0x200003aa   0x200003aa   0x00000002   PAD
    0x200003ac   0x200003ac   0x00000002   Code   RO          151    .text.DMA_Handler   pt32z192xx_it.o
    0x200003ae   0x200003ae   0x00000002   PAD
    0x200003b0   0x200003b0   0x0000002a   Code   RO          812    .text.DMA_PeripheralConfig  pt32z192xx_dma.o
    0x200003da   0x200003da   0x00000002   PAD
    0x200003dc   0x200003dc   0x00000002   Code   RO          101    .text.FLASH_Handler  pt32z192xx_it.o
    0x200003de   0x200003de   0x00000002   PAD
    0x200003e0   0x200003e0   0x00000004   Code   RO          351    .text.GPIO_ClearITPendingBit  pt32z192xx_gpio.o
    0x200003e4   0x200003e4   0x0000000c   Code   RO          341    .text.GPIO_ITConfig  pt32z192xx_gpio.o
    0x200003f0   0x200003f0   0x00000064   Code   RO          313    .text.GPIO_Init     pt32z192xx_gpio.o
    0x20000454   0x20000454   0x0000000e   Code   RO          339    .text.GPIO_PinAFConfig  pt32z192xx_gpio.o
    0x20000462   0x20000462   0x00000002   PAD
    0x20000464   0x20000464   0x00000008   Code   RO          329    .text.GPIO_SetBits  pt32z192xx_gpio.o
    0x2000046c   0x2000046c   0x00000034   Code   RO          343    .text.GPIO_TriTypeConfig  pt32z192xx_gpio.o
    0x200004a0   0x200004a0   0x000000a8   Code   RO          911    .text.HardFaultHandler  segger_hardfaulthandler.o
    0x20000548   0x20000548   0x00000002   Code   RO           89    .text.NMI_Handler   pt32z192xx_it.o
    0x2000054a   0x2000054a   0x00000002   PAD
    0x2000054c   0x2000054c   0x0000006c   Code   RO          415    .text.NVIC_Init     pt32z192xx_misc.o
    0x200005b8   0x200005b8   0x00000002   Code   RO          103    .text.PA_Handler    pt32z192xx_it.o
    0x200005ba   0x200005ba   0x00000002   PAD
    0x200005bc   0x200005bc   0x00000002   Code   RO          105    .text.PB_Handler    pt32z192xx_it.o
    0x200005be   0x200005be   0x00000002   PAD
    0x200005c0   0x200005c0   0x00000050   Code   RO          107    .text.PC_Handler    pt32z192xx_it.o
    0x20000610   0x20000610   0x00000002   Code   RO          109    .text.PD_Handler    pt32z192xx_it.o
    0x20000612   0x20000612   0x00000002   PAD
    0x20000614   0x20000614   0x0000001a   Code   RO          427    .text.PMW_TimeBaseInit  pt32z192xx_pwm.o
    0x2000062e   0x2000062e   0x00000002   PAD
    0x20000630   0x20000630   0x0000000c   Code   RO          459    .text.PWM_BKI_LevelConfig  pt32z192xx_pwm.o
    0x2000063c   0x2000063c   0x00000012   Code   RO          457    .text.PWM_BreakInput_Cmd  pt32z192xx_pwm.o
    0x2000064e   0x2000064e   0x00000002   PAD
    0x20000650   0x20000650   0x00000004   Code   RO          465    .text.PWM_ClearFlag  pt32z192xx_pwm.o
    0x20000654   0x20000654   0x00000010   Code   RO          455    .text.PWM_Cmd       pt32z192xx_pwm.o
    0x20000664   0x20000664   0x0000000a   Code   RO          463    .text.PWM_GetFlagStatus  pt32z192xx_pwm.o
    0x2000066e   0x2000066e   0x00000002   PAD
    0x20000670   0x20000670   0x00000074   Code   RO          461    .text.PWM_IntConfig  pt32z192xx_pwm.o
    0x200006e4   0x200006e4   0x000000d6   Code   RO           64    .text.PWM_Mode_Config  bsp.o
    0x200007ba   0x200007ba   0x00000002   PAD
    0x200007bc   0x200007bc   0x00000068   Code   RO          429    .text.PWM_OutputInit  pt32z192xx_pwm.o
    0x20000824   0x20000824   0x00000002   Code   RO           93    .text.PendSV_Handler  pt32z192xx_it.o
    0x20000826   0x20000826   0x00000002   PAD
    0x20000828   0x20000828   0x00000002   Code   RO          145    .text.RTC_Handler   pt32z192xx_it.o
    0x2000082a   0x2000082a   0x00000002   PAD
    0x2000082c   0x2000082c   0x00000070   Code   RO          874    .text.SEGGER_RTT_Init  segger_rtt.o
    0x2000089c   0x2000089c   0x000000b2   Code   RO          838    .text.SEGGER_RTT_Write  segger_rtt.o
    0x2000094e   0x2000094e   0x00000002   PAD
    0x20000950   0x20000950   0x00000178   Code   RO          834    .text.SEGGER_RTT_WriteNoLock  segger_rtt.o
    0x20000ac8   0x20000ac8   0x0000001e   Code   RO          901    .text.SEGGER_RTT_printf  segger_rtt_printf.o
    0x20000ae6   0x20000ae6   0x00000002   PAD
    0x20000ae8   0x20000ae8   0x000009ea   Code   RO          897    .text.SEGGER_RTT_vprintf  segger_rtt_printf.o
    0x200014d2   0x200014d2   0x00000002   PAD
    0x200014d4   0x200014d4   0x00000028   Code   RO          767    .text.SERIAL_PutChar  pt32z192xx_serial.o
    0x200014fc   0x200014fc   0x00000002   Code   RO          117    .text.SPI0_Handler  pt32z192xx_it.o
    0x200014fe   0x200014fe   0x00000002   PAD
    0x20001500   0x20001500   0x00000002   Code   RO          119    .text.SPI1_Handler  pt32z192xx_it.o
    0x20001502   0x20001502   0x00000002   PAD
    0x20001504   0x20001504   0x00000002   Code   RO           91    .text.SVC_Handler   pt32z192xx_it.o
    0x20001506   0x20001506   0x00000002   PAD
    0x20001508   0x20001508   0x00000022   Code   RO           95    .text.SysTick_Handler  pt32z192xx_it.o
    0x2000152a   0x2000152a   0x00000002   PAD
    0x2000152c   0x2000152c   0x00000180   Code   RO          163    .text.SystemInit    system_pt32z192xx.o
    0x200016ac   0x200016ac   0x00000024   Code   RO          133    .text.TMR0_Handler  pt32z192xx_it.o
    0x200016d0   0x200016d0   0x00000002   Code   RO          135    .text.TMR1_Handler  pt32z192xx_it.o
    0x200016d2   0x200016d2   0x00000002   PAD
    0x200016d4   0x200016d4   0x00000002   Code   RO          137    .text.TMR2_Handler  pt32z192xx_it.o
    0x200016d6   0x200016d6   0x00000002   PAD
    0x200016d8   0x200016d8   0x00000002   Code   RO          139    .text.TMR3_Handler  pt32z192xx_it.o
    0x200016da   0x200016da   0x00000002   PAD
    0x200016dc   0x200016dc   0x00000002   Code   RO          141    .text.TMR4_Handler  pt32z192xx_it.o
    0x200016de   0x200016de   0x00000002   PAD
    0x200016e0   0x200016e0   0x00000002   Code   RO          143    .text.TMR5_Handler  pt32z192xx_it.o
    0x200016e2   0x200016e2   0x00000002   PAD
    0x200016e4   0x200016e4   0x00000002   Code   RO          121    .text.UART0_Handler  pt32z192xx_it.o
    0x200016e6   0x200016e6   0x00000002   PAD
    0x200016e8   0x200016e8   0x00000002   Code   RO          123    .text.UART1_Handler  pt32z192xx_it.o
    0x200016ea   0x200016ea   0x00000002   PAD
    0x200016ec   0x200016ec   0x00000054   Code   RO          125    .text.UART2_Handler  pt32z192xx_it.o
    0x20001740   0x20001740   0x00000010   Code   RO          599    .text.UART_Cmd      pt32z192xx_uart.o
    0x20001750   0x20001750   0x00000010   Code   RO          627    .text.UART_ITConfig  pt32z192xx_uart.o
    0x20001760   0x20001760   0x0000009a   Code   RO          595    .text.UART_Init     pt32z192xx_uart.o
    0x200017fa   0x200017fa   0x00000002   PAD
    0x200017fc   0x200017fc   0x0000020c   Code   RO          899    .text._PrintUnsigned  segger_rtt_printf.o
    0x20001a08   0x20001a08   0x000000f0   Code   RO          978    .text._shell_init   nr_micro_shell.o
    0x20001af8   0x20001af8   0x0000000e   Code   RO          928    .text.ansi_clear_current_line  ansi.o
    0x20001b06   0x20001b06   0x00000002   PAD
    0x20001b08   0x20001b08   0x00000132   Code   RO          930    .text.ansi_get_char  ansi.o
    0x20001c3a   0x20001c3a   0x00000002   PAD
    0x20001c3c   0x20001c3c   0x00000012   Code   RO          926    .text.ansi_init     ansi.o
    0x20001c4e   0x20001c4e   0x00000002   PAD
    0x20001c50   0x20001c50   0x00000014   Code   RO            6    .text.app           app.o
    0x20001c64   0x20001c64   0x0000026c   Code   RO           48    .text.bsp_init      bsp.o
    0x20001ed0   0x20001ed0   0x0000000a   Code   RO          753    .text.fputc         pt32z192xx_retarget.o
    0x20001eda   0x20001eda   0x00000002   PAD
    0x20001edc   0x20001edc   0x00000022   Code   RO           80    .text.main          main.o
    0x20001efe   0x20001efe   0x00000002   PAD
    0x20001f00   0x20001f00   0x000000b8   Code   RO          947    .text.nr_ansi_common_char_slover  ansi_port.o
    0x20001fb8   0x20001fb8   0x00000032   Code   RO          949    .text.nr_ansi_ctrl_common_slover  ansi_port.o
    0x20001fea   0x20001fea   0x00000002   PAD
    0x20001fec   0x20001fec   0x0000008a   Code   RO          967    .text.nr_ansi_in__  ansi_port.o
    0x20002076   0x20002076   0x00000002   PAD
    0x20002078   0x20002078   0x00000080   Code   RO          955    .text.nr_ansi_in_backspace  ansi_port.o
    0x200020f8   0x200020f8   0x0000007e   Code   RO          959    .text.nr_ansi_in_down  ansi_port.o
    0x20002176   0x20002176   0x00000002   PAD
    0x20002178   0x20002178   0x00000034   Code   RO          951    .text.nr_ansi_in_enter  ansi_port.o
    0x200021ac   0x200021ac   0x00000020   Code   RO          961    .text.nr_ansi_in_left  ansi_port.o
    0x200021cc   0x200021cc   0x00000024   Code   RO          953    .text.nr_ansi_in_newline  ansi_port.o
    0x200021f0   0x200021f0   0x00000024   Code   RO          963    .text.nr_ansi_in_right  ansi_port.o
    0x20002214   0x20002214   0x000000e2   Code   RO          965    .text.nr_ansi_in_tab  ansi_port.o
    0x200022f6   0x200022f6   0x00000002   PAD
    0x200022f8   0x200022f8   0x0000007c   Code   RO          957    .text.nr_ansi_in_up  ansi_port.o
    0x20002374   0x20002374   0x000000f4   Code   RO           66    .text.read_uid      bsp.o
    0x20002468   0x20002468   0x00000064   Code   RO          990    .text.shell_cmd_complete  nr_micro_shell.o
    0x200024cc   0x200024cc   0x00000192   Code   RO          992    .text.shell_his_copy_queue_item  nr_micro_shell.o
    0x2000265e   0x2000265e   0x00000002   PAD
    0x20002660   0x20002660   0x000000a8   Code   RO          982    .text.shell_his_queue_add_cmd  nr_micro_shell.o
    0x20002708   0x20002708   0x000000ae   Code   RO          988    .text.shell_his_queue_search_cmd  nr_micro_shell.o
    0x200027b6   0x200027b6   0x00000002   PAD
    0x200027b8   0x200027b8   0x00000144   Code   RO         1007    .text.shell_ls_cmd  nr_micro_shell_commands.o
    0x200028fc   0x200028fc   0x00000498   Code   RO          986    .text.shell_parser  nr_micro_shell.o
    0x20002d94   0x20002d94   0x0000004c   Code   RO         1009    .text.shell_test_cmd  nr_micro_shell_commands.o
    0x20002de0   0x20002de0   0x00000012   Code   RO          920    OSKERNEL            hardfaulthandler.o
    0x20002df2   0x20002df2   0x00000002   PAD
    0x20002df4   0x20002df4   0x00000020   Code   RO         1159    i.__0printf$3       mc_w.l(printf3.o)
    0x20002e14   0x20002e14   0x0000000e   Code   RO         1381    i.__scatterload_copy  mc_w.l(handlers.o)
    0x20002e22   0x20002e22   0x00000002   Code   RO         1382    i.__scatterload_null  mc_w.l(handlers.o)
    0x20002e24   0x20002e24   0x0000000e   Code   RO         1383    i.__scatterload_zeroinit  mc_w.l(handlers.o)
    0x20002e32   0x20002e32   0x00000002   PAD
    0x20002e34   0x20002e34   0x000001b8   Code   RO         1166    i._printf_core      mc_w.l(printf3.o)
    0x20002fec   0x20002fec   0x00000004   Code   RO         1025    i.putc              mc_w.l(putc.o)
    0x20002ff0   0x20002ff0   0x00000024   Code   RO         1023    i.puts              mc_w.l(puts.o)
    0x20003014   0x20003014   0x00000081   Data   RO         1031    .constdata          mc_w.l(ctype_o.o)
    0x20003095   0x20003095   0x00000003   PAD
    0x20003098   0x20003098   0x00000004   Data   RO         1032    .constdata          mc_w.l(ctype_o.o)
    0x2000309c   0x2000309c   0x00000015   Data   RO          932    .rodata.nr_ansi_in_cmd  ansi.o
    0x200030b1   0x200030b1   0x00000003   PAD
    0x200030b4   0x200030b4   0x00000050   Data   RO          933    .rodata.nr_ansi_in_cmd_fun  ansi.o
    0x20003104   0x20003104   0x00000010   Data   RO          935    .rodata.nr_ansi_in_special_symbol_fun  ansi.o
    0x20003114   0x20003114   0x00000014   Data   RO          994    .rodata.nr_shell_cmd0.end  nr_micro_shell.o
    0x20003128   0x20003128   0x00000014   Data   RO          995    .rodata.nr_shell_cmd1.end  nr_micro_shell.o
    0x2000313c   0x2000313c   0x0000003c   Data   RO         1011    .rodata.static_cmd  nr_micro_shell_commands.o
    0x20003178   0x20003178   0x0000006c   Data   RO           71    .rodata.str1.1      bsp.o
    0x200031e4   0x200031e4   0x00000009   Data   RO          886    .rodata.str1.1      segger_rtt.o
    0x200031ed   0x200031ed   0x0000000d   Data   RO          969    .rodata.str1.1      ansi_port.o
    0x200031fa   0x200031fa   0x00000100   Data   RO          997    .rodata.str1.1      nr_micro_shell.o
    0x200032fa   0x200032fa   0x00000011   Data   RO         1012    .rodata.str1.1      nr_micro_shell_commands.o
    0x2000330b   0x2000330b   0x00000001   PAD
    0x2000330c   0x2000330c   0x00000020   Data   RO         1380    Region$$Table       anon$$obj.o


    Execution Region RW_IRAM1 (Exec base: 0x20010000, Load base: 0x20003330, Size: 0x000016d8, Max: 0x00010000, ABSOLUTE, COMPRESSED[0x00000020])

    Exec Addr    Load Addr    Size         Type   Attr      Idx    E Section Name        Object

    0x20010000   COMPRESSED   0x00000004   Data   RW         1029    .data               mc_w.l(stdout.o)
    0x20010004   COMPRESSED   0x00000004   Data   RW          165    .data.SystemCoreClock  system_pt32z192xx.o
    0x20010008   COMPRESSED   0x00000004   Data   RW          166    .data.VCO_VALUE     system_pt32z192xx.o
    0x2001000c   COMPRESSED   0x00000134   Data   RW          996    .data.nr_shell      nr_micro_shell.o
    0x20010140        -       0x00000011   Zero   RW          888    .bss..L_MergedGlobals  segger_rtt.o
    0x20010151   COMPRESSED   0x00000003   PAD
    0x20010154        -       0x00000044   Zero   RW          913    .bss..L_MergedGlobals  segger_hardfaulthandler.o
    0x20010198        -       0x00000004   Zero   RW            8    .bss.TimingDelay    app.o
    0x2001019c        -       0x000000a8   Zero   RW          884    .bss._SEGGER_RTT    segger_rtt.o
    0x20010244        -       0x00000400   Zero   RW          887    .bss._acUpBuffer    segger_rtt.o
    0x20010644        -       0x00000004   Zero   RW           10    .bss.key_flag       app.o
    0x20010648        -       0x00000002   Zero   RW           70    .bss.m_AdcValue     bsp.o
    0x2001064a   COMPRESSED   0x00000002   PAD
    0x2001064c        -       0x00000084   Zero   RW          936    .bss.nr_ansi        ansi.o
    0x200106d0        -       0x00000004   Zero   RW          998    .bss.nr_shell_strtok.last  nr_micro_shell.o
    0x200106d4        -       0x00000004   Zero   RW            9    .bss.timeval        app.o
    0x200106d8        -       0x00001000   Zero   RW          173    STACK               startup_pt32z192.o


==============================================================================

Image component sizes


      Code (inc. data)   RO Data    RW Data    ZI Data      Debug   Object Name

       338          6        117          0        132       3141   ansi.o
      1132         32         13          0          0       5176   ansi_port.o
        20          0          0          0         12       1325   app.o
      1078         92        108          0          2       9066   bsp.o
        18          0          0          0          0        304   hardfaulthandler.o
        34          0          0          0          0        377   main.o
      2260        188        296        308          4       8552   nr_micro_shell.o
       400        188         77          0          0       1510   nr_micro_shell_commands.o
       108          0          0          0          0       3547   pt32z192xx_adc.o
       204          0          0          0          0       5410   pt32z192xx_dma.o
       190          6          0          0          0       7358   pt32z192xx_gpio.o
       272         44          0          0          0       4969   pt32z192xx_it.o
       108          0          0          0          0       2458   pt32z192xx_misc.o
       306          4          0          0          0       8638   pt32z192xx_pwm.o
        10          0          0          0          0       1250   pt32z192xx_retarget.o
        40          0          0          0          0       1083   pt32z192xx_serial.o
       186          0          0          0          0       6290   pt32z192xx_uart.o
       168          0          0          0         68       2747   segger_hardfaulthandler.o
       666          0          9          0       1209      29955   segger_rtt.o
      3092        746          0          0          0       9878   segger_rtt_printf.o
        52         18        304          0       4096        804   startup_pt32z192.o
       384          0          0          8          0       2258   system_pt32z192xx.o

    ----------------------------------------------------------------------
     11160       1324        960        316       5528     116096   Object Totals
         0          0         32          0          0          0   (incl. Generated)
        94          0          4          0          5          0   (incl. Padding)

    ----------------------------------------------------------------------

      Code (inc. data)   RO Data    RW Data    ZI Data      Debug   Library Member Name

        58          0          0          0          0          0   __dczerorl.o
         8          4        133          0          0         68   ctype_o.o
         0          0          0          0          0          0   entry.o
         0          0          0          0          0          0   entry10a.o
         0          0          0          0          0          0   entry11a.o
         8          4          0          0          0          0   entry2.o
         4          0          0          0          0          0   entry5.o
         0          0          0          0          0          0   entry7b.o
         0          0          0          0          0          0   entry8b.o
         8          4          0          0          0          0   entry9a.o
        30          0          0          0          0          0   handlers.o
        36          8          0          0          0         68   init.o
        36          0          0          0          0         68   memcpya.o
       472         14          0          0          0        184   printf3.o
         4          0          0          0          0         68   putc.o
        36          6          0          0          0         80   puts.o
         0          0          0          4          0          0   stdout.o
        28          0          0          0          0         76   strcmp.o
        18          0          0          0          0         68   strcpy.o
        14          0          0          0          0         68   strlen.o
        36          0          0          0          0         80   strstr.o
        44          0          0          0          0         80   uidiv.o

    ----------------------------------------------------------------------
       844         40        136          4          0        908   Library Totals
         4          0          3          0          0          0   (incl. Padding)

    ----------------------------------------------------------------------

      Code (inc. data)   RO Data    RW Data    ZI Data      Debug   Library Name

       840         40        133          4          0        908   mc_w.l

    ----------------------------------------------------------------------
       844         40        136          4          0        908   Library Totals

    ----------------------------------------------------------------------

==============================================================================


      Code (inc. data)   RO Data    RW Data    ZI Data      Debug   

     12004       1364       1096        320       5528     116492   Grand Totals
     12004       1364       1096         32       5528     116492   ELF Image Totals (compressed)
     12004       1364       1096         32          0          0   ROM Totals

==============================================================================

    Total RO  Size (Code + RO Data)                13100 (  12.79kB)
    Total RW  Size (RW Data + ZI Data)              5848 (   5.71kB)
    Total ROM Size (Code + RO Data + RW Data)      13132 (  12.82kB)

==============================================================================

