Component: ARM Compiler 6.16 Tool: armlink [5dfeaa00]

==============================================================================

Image Symbol Table

    Local Symbols

    Symbol Name                              Value     Ov Type        Size  Object(Section)

    ../application/fft/cr4_fft_1024_stm32.s  0x00000000   Number         0  cr4_fft_1024_stm32.o ABSOLUTE
    ../application/fft/cr4_fft_256_stm32.s   0x00000000   Number         0  cr4_fft_256_stm32.o ABSOLUTE
    ../clib/division.s                       0x00000000   Number         0  aeabi_sdiv.o ABSOLUTE
    ../clib/microlib/division.c              0x00000000   Number         0  uidiv.o ABSOLUTE
    ../clib/microlib/division.c              0x00000000   Number         0  uldiv.o ABSOLUTE
    ../clib/microlib/init/entry.s            0x00000000   Number         0  entry.o ABSOLUTE
    ../clib/microlib/init/entry.s            0x00000000   Number         0  entry2.o ABSOLUTE
    ../clib/microlib/init/entry.s            0x00000000   Number         0  entry5.o ABSOLUTE
    ../clib/microlib/init/entry.s            0x00000000   Number         0  entry7a.o ABSOLUTE
    ../clib/microlib/init/entry.s            0x00000000   Number         0  entry7b.o ABSOLUTE
    ../clib/microlib/init/entry.s            0x00000000   Number         0  entry8a.o ABSOLUTE
    ../clib/microlib/init/entry.s            0x00000000   Number         0  entry8b.o ABSOLUTE
    ../clib/microlib/init/entry.s            0x00000000   Number         0  entry9a.o ABSOLUTE
    ../clib/microlib/init/entry.s            0x00000000   Number         0  entry9b.o ABSOLUTE
    ../clib/microlib/init/entry.s            0x00000000   Number         0  entry10a.o ABSOLUTE
    ../clib/microlib/init/entry.s            0x00000000   Number         0  entry10b.o ABSOLUTE
    ../clib/microlib/init/entry.s            0x00000000   Number         0  entry11a.o ABSOLUTE
    ../clib/microlib/init/entry.s            0x00000000   Number         0  entry11b.o ABSOLUTE
    ../clib/microlib/longlong.c              0x00000000   Number         0  llshl.o ABSOLUTE
    ../clib/microlib/longlong.c              0x00000000   Number         0  llushr.o ABSOLUTE
    ../clib/microlib/longlong.c              0x00000000   Number         0  llsshr.o ABSOLUTE
    ../clib/microlib/printf/printf.c         0x00000000   Number         0  printfb.o ABSOLUTE
    ../clib/microlib/printf/printf.c         0x00000000   Number         0  printf0.o ABSOLUTE
    ../clib/microlib/printf/printf.c         0x00000000   Number         0  printf1.o ABSOLUTE
    ../clib/microlib/printf/printf.c         0x00000000   Number         0  printf2.o ABSOLUTE
    ../clib/microlib/printf/printf.c         0x00000000   Number         0  printf3.o ABSOLUTE
    ../clib/microlib/printf/printf.c         0x00000000   Number         0  printf4.o ABSOLUTE
    ../clib/microlib/printf/printf.c         0x00000000   Number         0  printf5.o ABSOLUTE
    ../clib/microlib/printf/printf.c         0x00000000   Number         0  printf6.o ABSOLUTE
    ../clib/microlib/printf/printf.c         0x00000000   Number         0  printf7.o ABSOLUTE
    ../clib/microlib/printf/printf.c         0x00000000   Number         0  printf8.o ABSOLUTE
    ../clib/microlib/printf/printf.c         0x00000000   Number         0  printfa.o ABSOLUTE
    ../clib/microlib/printf/stubs.s          0x00000000   Number         0  printfstubs.o ABSOLUTE
    ../clib/microlib/stdio/puts.c            0x00000000   Number         0  puts.o ABSOLUTE
    ../clib/microlib/stdio/puts.c            0x00000000   Number         0  puts_e.o ABSOLUTE
    ../clib/microlib/stdio/streams.c         0x00000000   Number         0  stdout.o ABSOLUTE
    ../clib/microlib/string/memcpy.c         0x00000000   Number         0  memcpya.o ABSOLUTE
    ../clib/microlib/string/memcpy.c         0x00000000   Number         0  memcpyb.o ABSOLUTE
    ../clib/microlib/string/memset.c         0x00000000   Number         0  memseta.o ABSOLUTE
    ../clib/microlib/string/strlen.c         0x00000000   Number         0  strlen.o ABSOLUTE
    ../clib/microlib/stubs.s                 0x00000000   Number         0  iusefp.o ABSOLUTE
    ../common/startup_stm32f10x_md_vl.s      0x00000000   Number         0  startup_stm32f10x_md_vl.o ABSOLUTE
    ../fplib/microlib/fpadd.c                0x00000000   Number         0  dadd.o ABSOLUTE
    ../fplib/microlib/fpdiv.c                0x00000000   Number         0  ddiv.o ABSOLUTE
    ../fplib/microlib/fpepilogue.c           0x00000000   Number         0  depilogue.o ABSOLUTE
    ../fplib/microlib/fpfix.c                0x00000000   Number         0  dfixul.o ABSOLUTE
    ../fplib/microlib/fpmul.c                0x00000000   Number         0  dmul.o ABSOLUTE
    ..\application\HardFaultHandlerMDK\HardFaultHandler.S 0x00000000   Number         0  hardfaulthandler.o ABSOLUTE
    DWTDelay.c                               0x00000000   Number         0  dwtdelay.o ABSOLUTE
    SEGGER_HardFaultHandler.c                0x00000000   Number         0  segger_hardfaulthandler.o ABSOLUTE
    SEGGER_RTT.c                             0x00000000   Number         0  segger_rtt.o ABSOLUTE
    SEGGER_RTT_printf.c                      0x00000000   Number         0  segger_rtt_printf.o ABSOLUTE
    app.c                                    0x00000000   Number         0  app.o ABSOLUTE
    cdrcmple.s                               0x00000000   Number         0  cdrcmple.o ABSOLUTE
    dc.s                                     0x00000000   Number         0  dc.o ABSOLUTE
    handlers.s                               0x00000000   Number         0  handlers.o ABSOLUTE
    init.s                                   0x00000000   Number         0  init.o ABSOLUTE
    main.c                                   0x00000000   Number         0  main.o ABSOLUTE
    misc.c                                   0x00000000   Number         0  misc.o ABSOLUTE
    stm32f10x_adc.c                          0x00000000   Number         0  stm32f10x_adc.o ABSOLUTE
    stm32f10x_bkp.c                          0x00000000   Number         0  stm32f10x_bkp.o ABSOLUTE
    stm32f10x_can.c                          0x00000000   Number         0  stm32f10x_can.o ABSOLUTE
    stm32f10x_cec.c                          0x00000000   Number         0  stm32f10x_cec.o ABSOLUTE
    stm32f10x_crc.c                          0x00000000   Number         0  stm32f10x_crc.o ABSOLUTE
    stm32f10x_dac.c                          0x00000000   Number         0  stm32f10x_dac.o ABSOLUTE
    stm32f10x_dbgmcu.c                       0x00000000   Number         0  stm32f10x_dbgmcu.o ABSOLUTE
    stm32f10x_dma.c                          0x00000000   Number         0  stm32f10x_dma.o ABSOLUTE
    stm32f10x_exti.c                         0x00000000   Number         0  stm32f10x_exti.o ABSOLUTE
    stm32f10x_flash.c                        0x00000000   Number         0  stm32f10x_flash.o ABSOLUTE
    stm32f10x_fsmc.c                         0x00000000   Number         0  stm32f10x_fsmc.o ABSOLUTE
    stm32f10x_gpio.c                         0x00000000   Number         0  stm32f10x_gpio.o ABSOLUTE
    stm32f10x_i2c.c                          0x00000000   Number         0  stm32f10x_i2c.o ABSOLUTE
    stm32f10x_iwdg.c                         0x00000000   Number         0  stm32f10x_iwdg.o ABSOLUTE
    stm32f10x_pwr.c                          0x00000000   Number         0  stm32f10x_pwr.o ABSOLUTE
    stm32f10x_rcc.c                          0x00000000   Number         0  stm32f10x_rcc.o ABSOLUTE
    stm32f10x_rtc.c                          0x00000000   Number         0  stm32f10x_rtc.o ABSOLUTE
    stm32f10x_sdio.c                         0x00000000   Number         0  stm32f10x_sdio.o ABSOLUTE
    stm32f10x_spi.c                          0x00000000   Number         0  stm32f10x_spi.o ABSOLUTE
    stm32f10x_tim.c                          0x00000000   Number         0  stm32f10x_tim.o ABSOLUTE
    stm32f10x_usart.c                        0x00000000   Number         0  stm32f10x_usart.o ABSOLUTE
    stm32f10x_wwdg.c                         0x00000000   Number         0  stm32f10x_wwdg.o ABSOLUTE
    system_stm32f10x.c                       0x00000000   Number         0  system_stm32f10x.o ABSOLUTE
    systick.c                                0x00000000   Number         0  systick.o ABSOLUTE
    RESET                                    0x20000000   Section      288  startup_stm32f10x_md_vl.o(RESET)
    .ARM.Collect$$$$00000000                 0x20000120   Section        0  entry.o(.ARM.Collect$$$$00000000)
    .ARM.Collect$$$$00000001                 0x20000120   Section        4  entry2.o(.ARM.Collect$$$$00000001)
    .ARM.Collect$$$$00000004                 0x20000124   Section        4  entry5.o(.ARM.Collect$$$$00000004)
    .ARM.Collect$$$$00000008                 0x20000128   Section        0  entry7b.o(.ARM.Collect$$$$00000008)
    .ARM.Collect$$$$0000000A                 0x20000128   Section        0  entry8b.o(.ARM.Collect$$$$0000000A)
    .ARM.Collect$$$$0000000B                 0x20000128   Section        8  entry9a.o(.ARM.Collect$$$$0000000B)
    __lit__00000000                          0x20000130   Data           4  entry2.o(.ARM.Collect$$$$00002712)
    .ARM.Collect$$$$0000000D                 0x20000130   Section        0  entry10a.o(.ARM.Collect$$$$0000000D)
    .ARM.Collect$$$$0000000F                 0x20000130   Section        0  entry11a.o(.ARM.Collect$$$$0000000F)
    .ARM.Collect$$$$00002712                 0x20000130   Section        4  entry2.o(.ARM.Collect$$$$00002712)
    .text                                    0x20000134   Section       36  startup_stm32f10x_md_vl.o(.text)
    .text                                    0x20000158   Section     4576  cr4_fft_1024_stm32.o(.text)
    .text                                    0x20001338   Section        0  memcpya.o(.text)
    .text                                    0x2000135c   Section        0  uidiv.o(.text)
    .text                                    0x20001388   Section       36  init.o(.text)
    [Anonymous Symbol]                       0x200013ac   Section        0  dwtdelay.o(.text.DWT_INIT)
    __arm_cp.0_0                             0x200013c8   Number         4  dwtdelay.o(.text.DWT_INIT)
    __arm_cp.0_1                             0x200013cc   Number         4  dwtdelay.o(.text.DWT_INIT)
    __arm_cp.0_2                             0x200013d0   Number         4  dwtdelay.o(.text.DWT_INIT)
    [Anonymous Symbol]                       0x200013d4   Section        0  dwtdelay.o(.text.DWT_get_tick)
    __arm_cp.2_0                             0x200013dc   Number         4  dwtdelay.o(.text.DWT_get_tick)
    [Anonymous Symbol]                       0x200013e0   Section        0  segger_hardfaulthandler.o(.text.HardFaultHandler)
    __arm_cp.0_0                             0x20001454   Number         4  segger_hardfaulthandler.o(.text.HardFaultHandler)
    __arm_cp.0_1                             0x20001458   Number         4  segger_hardfaulthandler.o(.text.HardFaultHandler)
    OUTLINED_FUNCTION_0                      0x2000145d   Thumb Code    10  segger_rtt.o(.text.OUTLINED_FUNCTION_0)
    [Anonymous Symbol]                       0x2000145c   Section        0  segger_rtt.o(.text.OUTLINED_FUNCTION_0)
    OUTLINED_FUNCTION_0                      0x20001467   Thumb Code    12  segger_rtt_printf.o(.text.OUTLINED_FUNCTION_0)
    [Anonymous Symbol]                       0x20001466   Section        0  segger_rtt_printf.o(.text.OUTLINED_FUNCTION_0)
    OUTLINED_FUNCTION_1                      0x20001473   Thumb Code    20  segger_rtt.o(.text.OUTLINED_FUNCTION_1)
    [Anonymous Symbol]                       0x20001472   Section        0  segger_rtt.o(.text.OUTLINED_FUNCTION_1)
    OUTLINED_FUNCTION_2                      0x20001487   Thumb Code    12  segger_rtt.o(.text.OUTLINED_FUNCTION_2)
    [Anonymous Symbol]                       0x20001486   Section        0  segger_rtt.o(.text.OUTLINED_FUNCTION_2)
    OUTLINED_FUNCTION_4                      0x20001493   Thumb Code     6  segger_rtt.o(.text.OUTLINED_FUNCTION_4)
    [Anonymous Symbol]                       0x20001492   Section        0  segger_rtt.o(.text.OUTLINED_FUNCTION_4)
    OUTLINED_FUNCTION_6                      0x20001499   Thumb Code    10  segger_rtt.o(.text.OUTLINED_FUNCTION_6)
    [Anonymous Symbol]                       0x20001498   Section        0  segger_rtt.o(.text.OUTLINED_FUNCTION_6)
    [Anonymous Symbol]                       0x200014a2   Section        0  segger_rtt.o(.text.SEGGER_RTT_Init)
    [Anonymous Symbol]                       0x200014a8   Section        0  segger_rtt.o(.text.SEGGER_RTT_PutChar)
    [Anonymous Symbol]                       0x200014f8   Section        0  segger_rtt.o(.text.SEGGER_RTT_Write)
    [Anonymous Symbol]                       0x20001528   Section        0  segger_rtt.o(.text.SEGGER_RTT_WriteNoLock)
    __arm_cp.10_0                            0x20001574   Number         4  segger_rtt.o(.text.SEGGER_RTT_WriteNoLock)
    [Anonymous Symbol]                       0x20001578   Section        0  segger_rtt_printf.o(.text.SEGGER_RTT_printf)
    [Anonymous Symbol]                       0x20001594   Section        0  segger_rtt_printf.o(.text.SEGGER_RTT_vprintf)
    [Anonymous Symbol]                       0x20001844   Section        0  main.o(.text.SysTick_Handler)
    __arm_cp.3_0                             0x20001850   Number         4  main.o(.text.SysTick_Handler)
    [Anonymous Symbol]                       0x20001854   Section        0  main.o(.text.SysTick_Init)
    __arm_cp.2_0                             0x2000187c   Number         4  main.o(.text.SysTick_Init)
    __arm_cp.2_1                             0x20001880   Number         4  main.o(.text.SysTick_Init)
    __arm_cp.2_2                             0x20001884   Number         4  main.o(.text.SysTick_Init)
    [Anonymous Symbol]                       0x20001888   Section        0  system_stm32f10x.o(.text.SystemInit)
    __arm_cp.0_0                             0x20001964   Number         4  system_stm32f10x.o(.text.SystemInit)
    __arm_cp.0_1                             0x20001968   Number         4  system_stm32f10x.o(.text.SystemInit)
    __arm_cp.0_2                             0x2000196c   Number         4  system_stm32f10x.o(.text.SystemInit)
    __arm_cp.0_3                             0x20001970   Number         4  system_stm32f10x.o(.text.SystemInit)
    __arm_cp.0_4                             0x20001974   Number         4  system_stm32f10x.o(.text.SystemInit)
    _DoInit                                  0x20001979   Thumb Code    68  segger_rtt.o(.text._DoInit)
    [Anonymous Symbol]                       0x20001978   Section        0  segger_rtt.o(.text._DoInit)
    __arm_cp.1_0                             0x200019bc   Number         4  segger_rtt.o(.text._DoInit)
    __arm_cp.1_1                             0x200019c0   Number         4  segger_rtt.o(.text._DoInit)
    __arm_cp.1_2                             0x200019c4   Number         4  segger_rtt.o(.text._DoInit)
    __arm_cp.1_3                             0x200019c8   Number         4  segger_rtt.o(.text._DoInit)
    __arm_cp.1_4                             0x200019cc   Number         4  segger_rtt.o(.text._DoInit)
    __arm_cp.1_5                             0x200019d0   Number         4  segger_rtt.o(.text._DoInit)
    __arm_cp.1_6                             0x200019d4   Number         4  segger_rtt.o(.text._DoInit)
    _GetAvailWriteSpace                      0x200019d9   Thumb Code    20  segger_rtt.o(.text._GetAvailWriteSpace)
    [Anonymous Symbol]                       0x200019d8   Section        0  segger_rtt.o(.text._GetAvailWriteSpace)
    _PrintUnsigned                           0x200019ed   Thumb Code   228  segger_rtt_printf.o(.text._PrintUnsigned)
    [Anonymous Symbol]                       0x200019ec   Section        0  segger_rtt_printf.o(.text._PrintUnsigned)
    _PrintUnsigned._aV2C                     0x20001ad0   Number         0  segger_rtt_printf.o(.text._PrintUnsigned)
    _StoreChar                               0x20001ae1   Thumb Code    64  segger_rtt_printf.o(.text._StoreChar)
    [Anonymous Symbol]                       0x20001ae0   Section        0  segger_rtt_printf.o(.text._StoreChar)
    _WriteBlocking                           0x20001b21   Thumb Code    98  segger_rtt.o(.text._WriteBlocking)
    [Anonymous Symbol]                       0x20001b20   Section        0  segger_rtt.o(.text._WriteBlocking)
    _WriteNoCheck                            0x20001b83   Thumb Code    64  segger_rtt.o(.text._WriteNoCheck)
    [Anonymous Symbol]                       0x20001b82   Section        0  segger_rtt.o(.text._WriteNoCheck)
    [Anonymous Symbol]                       0x20001bc4   Section        0  app.o(.text.app)
    [Anonymous Symbol]                       0x20001c44   Section        0  main.o(.text.fputc)
    [Anonymous Symbol]                       0x20001c54   Section        0  systick.o(.text.get_tick)
    __arm_cp.3_0                             0x20001c5c   Number         4  systick.o(.text.get_tick)
    [Anonymous Symbol]                       0x20001c60   Section        0  main.o(.text.main)
    __arm_cp.4_1                             0x20001c9c   Number         4  main.o(.text.main)
    [Anonymous Symbol]                       0x20001ca0   Section        0  main.o(.text.segger_init)
    OSKERNEL                                 0x20001d24   Section       18  hardfaulthandler.o(OSKERNEL)
    i.__0printf$1                            0x20001d38   Section        0  printf1.o(i.__0printf$1)
    i.__scatterload_copy                     0x20001d58   Section       14  handlers.o(i.__scatterload_copy)
    i.__scatterload_null                     0x20001d66   Section        2  handlers.o(i.__scatterload_null)
    i.__scatterload_zeroinit                 0x20001d68   Section       14  handlers.o(i.__scatterload_zeroinit)
    _printf_core                             0x20001d79   Thumb Code   336  printf1.o(i._printf_core)
    i._printf_core                           0x20001d78   Section        0  printf1.o(i._printf_core)
    i.puts                                   0x20001ecc   Section        0  puts.o(i.puts)
    [Anonymous Symbol]                       0x20001ef0   Section        0  segger_rtt.o(.rodata.str1.1)
    .data                                    0x20002000   Section        4  stdout.o(.data)
    _Continue                                0x20002008   Data           4  segger_hardfaulthandler.o(.bss..L_MergedGlobals)
    [Anonymous Symbol]                       0x20002008   Section        0  segger_hardfaulthandler.o(.bss..L_MergedGlobals)
    HardFaultRegs                            0x2000200c   Data          64  segger_hardfaulthandler.o(.bss..L_MergedGlobals)
    SYSCLK                                   0x2000204c   Data           4  dwtdelay.o(.bss.SYSCLK)
    [Anonymous Symbol]                       0x2000204c   Section        0  dwtdelay.o(.bss.SYSCLK)
    _acDownBuffer                            0x200020f8   Data          16  segger_rtt.o(.bss._acDownBuffer)
    [Anonymous Symbol]                       0x200020f8   Section        0  segger_rtt.o(.bss._acDownBuffer)
    _acUpBuffer                              0x20002108   Data         256  segger_rtt.o(.bss._acUpBuffer)
    [Anonymous Symbol]                       0x20002108   Section        0  segger_rtt.o(.bss._acUpBuffer)
    STACK                                    0x20002210   Section     8192  startup_stm32f10x_md_vl.o(STACK)

    Global Symbols

    Symbol Name                              Value     Ov Type        Size  Object(Section)

    BuildAttributes$$THM_ISAv4$P$D$K$B$S$PE$A:L22UL41UL21$X:L11$S22US41US21$IEEE1$IW$~IW$USESV6$~STKCKD$USESV7$~SHL$OSPACE$ROPI$EBA8$MICROLIB$REQ8$PRES8$EABIv2 0x00000000   Number         0  anon$$obj.o ABSOLUTE
    _printf_a                                0x00000000   Number         0  printfstubs.o ABSOLUTE
    _printf_c                                0x00000000   Number         0  printfstubs.o ABSOLUTE
    _printf_charcount                        0x00000000   Number         0  printfstubs.o ABSOLUTE
    _printf_d                                0x00000000   Number         0  printfstubs.o ABSOLUTE
    _printf_e                                0x00000000   Number         0  printfstubs.o ABSOLUTE
    _printf_f                                0x00000000   Number         0  printfstubs.o ABSOLUTE
    _printf_flags                            0x00000000   Number         0  printfstubs.o ABSOLUTE
    _printf_fp_dec                           0x00000000   Number         0  printfstubs.o ABSOLUTE
    _printf_fp_hex                           0x00000000   Number         0  printfstubs.o ABSOLUTE
    _printf_g                                0x00000000   Number         0  printfstubs.o ABSOLUTE
    _printf_i                                0x00000000   Number         0  printfstubs.o ABSOLUTE
    _printf_int_dec                          0x00000000   Number         0  printfstubs.o ABSOLUTE
    _printf_l                                0x00000000   Number         0  printfstubs.o ABSOLUTE
    _printf_lc                               0x00000000   Number         0  printfstubs.o ABSOLUTE
    _printf_ll                               0x00000000   Number         0  printfstubs.o ABSOLUTE
    _printf_lld                              0x00000000   Number         0  printfstubs.o ABSOLUTE
    _printf_lli                              0x00000000   Number         0  printfstubs.o ABSOLUTE
    _printf_llo                              0x00000000   Number         0  printfstubs.o ABSOLUTE
    _printf_llu                              0x00000000   Number         0  printfstubs.o ABSOLUTE
    _printf_llx                              0x00000000   Number         0  printfstubs.o ABSOLUTE
    _printf_longlong_dec                     0x00000000   Number         0  printfstubs.o ABSOLUTE
    _printf_longlong_hex                     0x00000000   Number         0  printfstubs.o ABSOLUTE
    _printf_longlong_oct                     0x00000000   Number         0  printfstubs.o ABSOLUTE
    _printf_ls                               0x00000000   Number         0  printfstubs.o ABSOLUTE
    _printf_mbtowc                           0x00000000   Number         0  printfstubs.o ABSOLUTE
    _printf_n                                0x00000000   Number         0  printfstubs.o ABSOLUTE
    _printf_o                                0x00000000   Number         0  printfstubs.o ABSOLUTE
    _printf_p                                0x00000000   Number         0  printfstubs.o ABSOLUTE
    _printf_percent                          0x00000000   Number         0  printfstubs.o ABSOLUTE
    _printf_pre_padding                      0x00000000   Number         0  printfstubs.o ABSOLUTE
    _printf_return_value                     0x00000000   Number         0  printfstubs.o ABSOLUTE
    _printf_s                                0x00000000   Number         0  printfstubs.o ABSOLUTE
    _printf_sizespec                         0x00000000   Number         0  printfstubs.o ABSOLUTE
    _printf_str                              0x00000000   Number         0  printfstubs.o ABSOLUTE
    _printf_truncate_signed                  0x00000000   Number         0  printfstubs.o ABSOLUTE
    _printf_truncate_unsigned                0x00000000   Number         0  printfstubs.o ABSOLUTE
    _printf_u                                0x00000000   Number         0  printfstubs.o ABSOLUTE
    _printf_wc                               0x00000000   Number         0  printfstubs.o ABSOLUTE
    _printf_wctomb                           0x00000000   Number         0  printfstubs.o ABSOLUTE
    _printf_widthprec                        0x00000000   Number         0  printfstubs.o ABSOLUTE
    _printf_x                                0x00000000   Number         0  printfstubs.o ABSOLUTE
    __cpp_initialize__aeabi_                  - Undefined Weak Reference
    __cxa_finalize                            - Undefined Weak Reference
    __decompress                              - Undefined Weak Reference
    _clock_init                               - Undefined Weak Reference
    _microlib_exit                            - Undefined Weak Reference
    __Vectors_Size                           0x00000120   Number         0  startup_stm32f10x_md_vl.o ABSOLUTE
    __Vectors                                0x20000000   Data           4  startup_stm32f10x_md_vl.o(RESET)
    __Vectors_End                            0x20000120   Data           0  startup_stm32f10x_md_vl.o(RESET)
    __main                                   0x20000121   Thumb Code     0  entry.o(.ARM.Collect$$$$00000000)
    _main_stk                                0x20000121   Thumb Code     0  entry2.o(.ARM.Collect$$$$00000001)
    _main_scatterload                        0x20000125   Thumb Code     0  entry5.o(.ARM.Collect$$$$00000004)
    __main_after_scatterload                 0x20000129   Thumb Code     0  entry5.o(.ARM.Collect$$$$00000004)
    _main_clock                              0x20000129   Thumb Code     0  entry7b.o(.ARM.Collect$$$$00000008)
    _main_cpp_init                           0x20000129   Thumb Code     0  entry8b.o(.ARM.Collect$$$$0000000A)
    _main_init                               0x20000129   Thumb Code     0  entry9a.o(.ARM.Collect$$$$0000000B)
    __rt_final_cpp                           0x20000131   Thumb Code     0  entry10a.o(.ARM.Collect$$$$0000000D)
    __rt_final_exit                          0x20000131   Thumb Code     0  entry11a.o(.ARM.Collect$$$$0000000F)
    Reset_Handler                            0x20000135   Thumb Code     8  startup_stm32f10x_md_vl.o(.text)
    NMI_Handler                              0x2000013d   Thumb Code     2  startup_stm32f10x_md_vl.o(.text)
    MemManage_Handler                        0x20000141   Thumb Code     2  startup_stm32f10x_md_vl.o(.text)
    BusFault_Handler                         0x20000143   Thumb Code     2  startup_stm32f10x_md_vl.o(.text)
    UsageFault_Handler                       0x20000145   Thumb Code     2  startup_stm32f10x_md_vl.o(.text)
    SVC_Handler                              0x20000147   Thumb Code     2  startup_stm32f10x_md_vl.o(.text)
    DebugMon_Handler                         0x20000149   Thumb Code     2  startup_stm32f10x_md_vl.o(.text)
    PendSV_Handler                           0x2000014b   Thumb Code     2  startup_stm32f10x_md_vl.o(.text)
    ADC1_IRQHandler                          0x2000014f   Thumb Code     0  startup_stm32f10x_md_vl.o(.text)
    CEC_IRQHandler                           0x2000014f   Thumb Code     0  startup_stm32f10x_md_vl.o(.text)
    DMA1_Channel1_IRQHandler                 0x2000014f   Thumb Code     0  startup_stm32f10x_md_vl.o(.text)
    DMA1_Channel2_IRQHandler                 0x2000014f   Thumb Code     0  startup_stm32f10x_md_vl.o(.text)
    DMA1_Channel3_IRQHandler                 0x2000014f   Thumb Code     0  startup_stm32f10x_md_vl.o(.text)
    DMA1_Channel4_IRQHandler                 0x2000014f   Thumb Code     0  startup_stm32f10x_md_vl.o(.text)
    DMA1_Channel5_IRQHandler                 0x2000014f   Thumb Code     0  startup_stm32f10x_md_vl.o(.text)
    DMA1_Channel6_IRQHandler                 0x2000014f   Thumb Code     0  startup_stm32f10x_md_vl.o(.text)
    DMA1_Channel7_IRQHandler                 0x2000014f   Thumb Code     0  startup_stm32f10x_md_vl.o(.text)
    EXTI0_IRQHandler                         0x2000014f   Thumb Code     0  startup_stm32f10x_md_vl.o(.text)
    EXTI15_10_IRQHandler                     0x2000014f   Thumb Code     0  startup_stm32f10x_md_vl.o(.text)
    EXTI1_IRQHandler                         0x2000014f   Thumb Code     0  startup_stm32f10x_md_vl.o(.text)
    EXTI2_IRQHandler                         0x2000014f   Thumb Code     0  startup_stm32f10x_md_vl.o(.text)
    EXTI3_IRQHandler                         0x2000014f   Thumb Code     0  startup_stm32f10x_md_vl.o(.text)
    EXTI4_IRQHandler                         0x2000014f   Thumb Code     0  startup_stm32f10x_md_vl.o(.text)
    EXTI9_5_IRQHandler                       0x2000014f   Thumb Code     0  startup_stm32f10x_md_vl.o(.text)
    FLASH_IRQHandler                         0x2000014f   Thumb Code     0  startup_stm32f10x_md_vl.o(.text)
    I2C1_ER_IRQHandler                       0x2000014f   Thumb Code     0  startup_stm32f10x_md_vl.o(.text)
    I2C1_EV_IRQHandler                       0x2000014f   Thumb Code     0  startup_stm32f10x_md_vl.o(.text)
    I2C2_ER_IRQHandler                       0x2000014f   Thumb Code     0  startup_stm32f10x_md_vl.o(.text)
    I2C2_EV_IRQHandler                       0x2000014f   Thumb Code     0  startup_stm32f10x_md_vl.o(.text)
    PVD_IRQHandler                           0x2000014f   Thumb Code     0  startup_stm32f10x_md_vl.o(.text)
    RCC_IRQHandler                           0x2000014f   Thumb Code     0  startup_stm32f10x_md_vl.o(.text)
    RTCAlarm_IRQHandler                      0x2000014f   Thumb Code     0  startup_stm32f10x_md_vl.o(.text)
    RTC_IRQHandler                           0x2000014f   Thumb Code     0  startup_stm32f10x_md_vl.o(.text)
    SPI1_IRQHandler                          0x2000014f   Thumb Code     0  startup_stm32f10x_md_vl.o(.text)
    SPI2_IRQHandler                          0x2000014f   Thumb Code     0  startup_stm32f10x_md_vl.o(.text)
    TAMPER_IRQHandler                        0x2000014f   Thumb Code     0  startup_stm32f10x_md_vl.o(.text)
    TIM1_BRK_TIM15_IRQHandler                0x2000014f   Thumb Code     0  startup_stm32f10x_md_vl.o(.text)
    TIM1_CC_IRQHandler                       0x2000014f   Thumb Code     0  startup_stm32f10x_md_vl.o(.text)
    TIM1_TRG_COM_TIM17_IRQHandler            0x2000014f   Thumb Code     0  startup_stm32f10x_md_vl.o(.text)
    TIM1_UP_TIM16_IRQHandler                 0x2000014f   Thumb Code     0  startup_stm32f10x_md_vl.o(.text)
    TIM2_IRQHandler                          0x2000014f   Thumb Code     0  startup_stm32f10x_md_vl.o(.text)
    TIM3_IRQHandler                          0x2000014f   Thumb Code     0  startup_stm32f10x_md_vl.o(.text)
    TIM4_IRQHandler                          0x2000014f   Thumb Code     0  startup_stm32f10x_md_vl.o(.text)
    TIM6_DAC_IRQHandler                      0x2000014f   Thumb Code     0  startup_stm32f10x_md_vl.o(.text)
    TIM7_IRQHandler                          0x2000014f   Thumb Code     0  startup_stm32f10x_md_vl.o(.text)
    USART1_IRQHandler                        0x2000014f   Thumb Code     0  startup_stm32f10x_md_vl.o(.text)
    USART2_IRQHandler                        0x2000014f   Thumb Code     0  startup_stm32f10x_md_vl.o(.text)
    USART3_IRQHandler                        0x2000014f   Thumb Code     0  startup_stm32f10x_md_vl.o(.text)
    WWDG_IRQHandler                          0x2000014f   Thumb Code     0  startup_stm32f10x_md_vl.o(.text)
    cr4_fft_1024_stm32                       0x20000159   Thumb Code     0  cr4_fft_1024_stm32.o(.text)
    __aeabi_memcpy                           0x20001339   Thumb Code    36  memcpya.o(.text)
    __aeabi_memcpy4                          0x20001339   Thumb Code     0  memcpya.o(.text)
    __aeabi_memcpy8                          0x20001339   Thumb Code     0  memcpya.o(.text)
    __aeabi_uidiv                            0x2000135d   Thumb Code     0  uidiv.o(.text)
    __aeabi_uidivmod                         0x2000135d   Thumb Code    44  uidiv.o(.text)
    __scatterload                            0x20001389   Thumb Code    28  init.o(.text)
    __scatterload_rt2                        0x20001389   Thumb Code     0  init.o(.text)
    DWT_INIT                                 0x200013ad   Thumb Code    28  dwtdelay.o(.text.DWT_INIT)
    DWT_get_tick                             0x200013d5   Thumb Code     8  dwtdelay.o(.text.DWT_get_tick)
    HardFaultHandler                         0x200013e1   Thumb Code   116  segger_hardfaulthandler.o(.text.HardFaultHandler)
    SEGGER_RTT_Init                          0x200014a3   Thumb Code     4  segger_rtt.o(.text.SEGGER_RTT_Init)
    SEGGER_RTT_PutChar                       0x200014a9   Thumb Code    80  segger_rtt.o(.text.SEGGER_RTT_PutChar)
    SEGGER_RTT_Write                         0x200014f9   Thumb Code    48  segger_rtt.o(.text.SEGGER_RTT_Write)
    SEGGER_RTT_WriteNoLock                   0x20001529   Thumb Code    76  segger_rtt.o(.text.SEGGER_RTT_WriteNoLock)
    SEGGER_RTT_printf                        0x20001579   Thumb Code    26  segger_rtt_printf.o(.text.SEGGER_RTT_printf)
    SEGGER_RTT_vprintf                       0x20001595   Thumb Code   688  segger_rtt_printf.o(.text.SEGGER_RTT_vprintf)
    SysTick_Handler                          0x20001845   Thumb Code    12  main.o(.text.SysTick_Handler)
    SysTick_Init                             0x20001855   Thumb Code    40  main.o(.text.SysTick_Init)
    SystemInit                               0x20001889   Thumb Code   220  system_stm32f10x.o(.text.SystemInit)
    app                                      0x20001bc5   Thumb Code    92  app.o(.text.app)
    fputc                                    0x20001c45   Thumb Code    16  main.o(.text.fputc)
    get_tick                                 0x20001c55   Thumb Code     8  systick.o(.text.get_tick)
    main                                     0x20001c61   Thumb Code    32  main.o(.text.main)
    segger_init                              0x20001ca1   Thumb Code    36  main.o(.text.segger_init)
    HardFault_Handler                        0x20001d25   Thumb Code     0  hardfaulthandler.o(OSKERNEL)
    __0printf$1                              0x20001d39   Thumb Code    22  printf1.o(i.__0printf$1)
    __1printf$1                              0x20001d39   Thumb Code     0  printf1.o(i.__0printf$1)
    __2printf                                0x20001d39   Thumb Code     0  printf1.o(i.__0printf$1)
    __scatterload_copy                       0x20001d59   Thumb Code    14  handlers.o(i.__scatterload_copy)
    __scatterload_null                       0x20001d67   Thumb Code     2  handlers.o(i.__scatterload_null)
    __scatterload_zeroinit                   0x20001d69   Thumb Code    14  handlers.o(i.__scatterload_zeroinit)
    puts                                     0x20001ecd   Thumb Code    30  puts.o(i.puts)
    Region$$Table$$Base                      0x20001efc   Number         0  anon$$obj.o(Region$$Table)
    Region$$Table$$Limit                     0x20001f1c   Number         0  anon$$obj.o(Region$$Table)
    __stdout                                 0x20002000   Data           4  stdout.o(.data)
    SystemCoreClock                          0x20002004   Data           4  system_stm32f10x.o(.data.SystemCoreClock)
    _SEGGER_RTT                              0x20002050   Data         168  segger_rtt.o(.bss._SEGGER_RTT)
    delay                                    0x20002208   Data           4  systick.o(.bss.delay)
    __initial_sp                             0x20004210   Data           0  startup_stm32f10x_md_vl.o(STACK)



==============================================================================

Memory Map of the image

  Image Entry point : 0x20000121

  Load Region LR_IROM1 (Base: 0x20000000, Size: 0x00001f28, Max: 0x00002000, ABSOLUTE)

    Execution Region ER_IROM1 (Exec base: 0x20000000, Load base: 0x20000000, Size: 0x00001f1c, Max: 0x00002000, ABSOLUTE)

    Exec Addr    Load Addr    Size         Type   Attr      Idx    E Section Name        Object

    0x20000000   0x20000000   0x00000120   Data   RO           77    RESET               startup_stm32f10x_md_vl.o
    0x20000120   0x20000120   0x00000000   Code   RO         1396  * .ARM.Collect$$$$00000000  mc_w.l(entry.o)
    0x20000120   0x20000120   0x00000004   Code   RO         1672    .ARM.Collect$$$$00000001  mc_w.l(entry2.o)
    0x20000124   0x20000124   0x00000004   Code   RO         1675    .ARM.Collect$$$$00000004  mc_w.l(entry5.o)
    0x20000128   0x20000128   0x00000000   Code   RO         1677    .ARM.Collect$$$$00000008  mc_w.l(entry7b.o)
    0x20000128   0x20000128   0x00000000   Code   RO         1679    .ARM.Collect$$$$0000000A  mc_w.l(entry8b.o)
    0x20000128   0x20000128   0x00000008   Code   RO         1680    .ARM.Collect$$$$0000000B  mc_w.l(entry9a.o)
    0x20000130   0x20000130   0x00000000   Code   RO         1682    .ARM.Collect$$$$0000000D  mc_w.l(entry10a.o)
    0x20000130   0x20000130   0x00000000   Code   RO         1684    .ARM.Collect$$$$0000000F  mc_w.l(entry11a.o)
    0x20000130   0x20000130   0x00000004   Code   RO         1673    .ARM.Collect$$$$00002712  mc_w.l(entry2.o)
    0x20000134   0x20000134   0x00000024   Code   RO           78    .text               startup_stm32f10x_md_vl.o
    0x20000158   0x20000158   0x000011e0   Code   RO         1390    .text               cr4_fft_1024_stm32.o
    0x20001338   0x20001338   0x00000024   Code   RO         1403    .text               mc_w.l(memcpya.o)
    0x2000135c   0x2000135c   0x0000002c   Code   RO         1696    .text               mc_w.l(uidiv.o)
    0x20001388   0x20001388   0x00000024   Code   RO         1711    .text               mc_w.l(init.o)
    0x200013ac   0x200013ac   0x00000028   Code   RO           28    .text.DWT_INIT      dwtdelay.o
    0x200013d4   0x200013d4   0x0000000c   Code   RO           32    .text.DWT_get_tick  dwtdelay.o
    0x200013e0   0x200013e0   0x0000007c   Code   RO         1378    .text.HardFaultHandler  segger_hardfaulthandler.o
    0x2000145c   0x2000145c   0x0000000a   Code   RO         1330    .text.OUTLINED_FUNCTION_0  segger_rtt.o
    0x20001466   0x20001466   0x0000000c   Code   RO         1368    .text.OUTLINED_FUNCTION_0  segger_rtt_printf.o
    0x20001472   0x20001472   0x00000014   Code   RO         1332    .text.OUTLINED_FUNCTION_1  segger_rtt.o
    0x20001486   0x20001486   0x0000000c   Code   RO         1334    .text.OUTLINED_FUNCTION_2  segger_rtt.o
    0x20001492   0x20001492   0x00000006   Code   RO         1338    .text.OUTLINED_FUNCTION_4  segger_rtt.o
    0x20001498   0x20001498   0x0000000a   Code   RO         1342    .text.OUTLINED_FUNCTION_6  segger_rtt.o
    0x200014a2   0x200014a2   0x00000004   Code   RO         1318    .text.SEGGER_RTT_Init  segger_rtt.o
    0x200014a6   0x200014a6   0x00000002   PAD
    0x200014a8   0x200014a8   0x00000050   Code   RO         1290    .text.SEGGER_RTT_PutChar  segger_rtt.o
    0x200014f8   0x200014f8   0x00000030   Code   RO         1282    .text.SEGGER_RTT_Write  segger_rtt.o
    0x20001528   0x20001528   0x00000050   Code   RO         1278    .text.SEGGER_RTT_WriteNoLock  segger_rtt.o
    0x20001578   0x20001578   0x0000001a   Code   RO         1366    .text.SEGGER_RTT_printf  segger_rtt_printf.o
    0x20001592   0x20001592   0x00000002   PAD
    0x20001594   0x20001594   0x000002b0   Code   RO         1360    .text.SEGGER_RTT_vprintf  segger_rtt_printf.o
    0x20001844   0x20001844   0x00000010   Code   RO           49    .text.SysTick_Handler  main.o
    0x20001854   0x20001854   0x00000034   Code   RO           47    .text.SysTick_Init  main.o
    0x20001888   0x20001888   0x000000f0   Code   RO           62    .text.SystemInit    system_stm32f10x.o
    0x20001978   0x20001978   0x00000060   Code   RO         1260    .text._DoInit       segger_rtt.o
    0x200019d8   0x200019d8   0x00000014   Code   RO         1272    .text._GetAvailWriteSpace  segger_rtt.o
    0x200019ec   0x200019ec   0x000000f4   Code   RO         1364    .text._PrintUnsigned  segger_rtt_printf.o
    0x20001ae0   0x20001ae0   0x00000040   Code   RO         1362    .text._StoreChar    segger_rtt_printf.o
    0x20001b20   0x20001b20   0x00000062   Code   RO         1276    .text._WriteBlocking  segger_rtt.o
    0x20001b82   0x20001b82   0x00000040   Code   RO         1274    .text._WriteNoCheck  segger_rtt.o
    0x20001bc2   0x20001bc2   0x00000002   PAD
    0x20001bc4   0x20001bc4   0x00000080   Code   RO            2    .text.app           app.o
    0x20001c44   0x20001c44   0x00000010   Code   RO           45    .text.fputc         main.o
    0x20001c54   0x20001c54   0x0000000c   Code   RO           17    .text.get_tick      systick.o
    0x20001c60   0x20001c60   0x00000040   Code   RO           51    .text.main          main.o
    0x20001ca0   0x20001ca0   0x00000084   Code   RO           43    .text.segger_init   main.o
    0x20001d24   0x20001d24   0x00000012   Code   RO         1387    OSKERNEL            hardfaulthandler.o
    0x20001d36   0x20001d36   0x00000002   PAD
    0x20001d38   0x20001d38   0x00000020   Code   RO         1456    i.__0printf$1       mc_w.l(printf1.o)
    0x20001d58   0x20001d58   0x0000000e   Code   RO         1723    i.__scatterload_copy  mc_w.l(handlers.o)
    0x20001d66   0x20001d66   0x00000002   Code   RO         1724    i.__scatterload_null  mc_w.l(handlers.o)
    0x20001d68   0x20001d68   0x0000000e   Code   RO         1725    i.__scatterload_zeroinit  mc_w.l(handlers.o)
    0x20001d76   0x20001d76   0x00000002   PAD
    0x20001d78   0x20001d78   0x00000154   Code   RO         1463    i._printf_core      mc_w.l(printf1.o)
    0x20001ecc   0x20001ecc   0x00000024   Code   RO         1399    i.puts              mc_w.l(puts.o)
    0x20001ef0   0x20001ef0   0x00000009   Data   RO         1349    .rodata.str1.1      segger_rtt.o
    0x20001ef9   0x20001ef9   0x00000003   PAD
    0x20001efc   0x20001efc   0x00000020   Data   RO         1722    Region$$Table       anon$$obj.o


    Execution Region RW_IRAM1 (Exec base: 0x20002000, Load base: 0x20001f20, Size: 0x00002210, Max: 0x00003000, ABSOLUTE)

    Exec Addr    Load Addr    Size         Type   Attr      Idx    E Section Name        Object

    0x20002000   0x20001f20   0x00000004   Data   RW         1686    .data               mc_w.l(stdout.o)
    0x20002004   0x20001f24   0x00000004   Data   RW           66    .data.SystemCoreClock  system_stm32f10x.o
    0x20002008        -       0x00000044   Zero   RW         1380    .bss..L_MergedGlobals  segger_hardfaulthandler.o
    0x2000204c        -       0x00000004   Zero   RW           34    .bss.SYSCLK         dwtdelay.o
    0x20002050        -       0x000000a8   Zero   RW         1346    .bss._SEGGER_RTT    segger_rtt.o
    0x200020f8        -       0x00000010   Zero   RW         1351    .bss._acDownBuffer  segger_rtt.o
    0x20002108        -       0x00000100   Zero   RW         1350    .bss._acUpBuffer    segger_rtt.o
    0x20002208        -       0x00000004   Zero   RW           19    .bss.delay          systick.o
    0x2000220c   0x20001f28   0x00000004   PAD
    0x20002210        -       0x00002000   Zero   RW           75    STACK               startup_stm32f10x_md_vl.o


==============================================================================

Image component sizes


      Code (inc. data)   RO Data    RW Data    ZI Data      Debug   Object Name

       128         36          0          0          0        920   app.o
      4576       4080          0          0          0        316   cr4_fft_1024_stm32.o
        52         16          0          0          4       1160   dwtdelay.o
        18          0          0          0          0        308   hardfaulthandler.o
       280        144          0          0          0       4199   main.o
       124          8          0          0         68       2722   segger_hardfaulthandler.o
       548         32          9          0        440      17811   segger_rtt.o
      1034         36          0          0          0       5278   segger_rtt_printf.o
        36          8        288          0       8192        816   startup_stm32f10x_md_vl.o
       240         20          0          4          0       2605   system_stm32f10x.o
        12          4          0          0          4       3703   systick.o

    ----------------------------------------------------------------------
      7056       4384        332          4       8712      39838   Object Totals
         0          0         32          0          0          0   (incl. Generated)
         8          0          3          0          4          0   (incl. Padding)

    ----------------------------------------------------------------------

      Code (inc. data)   RO Data    RW Data    ZI Data      Debug   Library Member Name

         0          0          0          0          0          0   entry.o
         0          0          0          0          0          0   entry10a.o
         0          0          0          0          0          0   entry11a.o
         8          4          0          0          0          0   entry2.o
         4          0          0          0          0          0   entry5.o
         0          0          0          0          0          0   entry7b.o
         0          0          0          0          0          0   entry8b.o
         8          4          0          0          0          0   entry9a.o
        30          0          0          0          0          0   handlers.o
        36          8          0          0          0         68   init.o
        36          0          0          0          0         68   memcpya.o
       372         14          0          0          0        184   printf1.o
        36          6          0          0          0         80   puts.o
         0          0          0          4          0          0   stdout.o
        44          0          0          0          0         80   uidiv.o

    ----------------------------------------------------------------------
       576         36          0          4          0        480   Library Totals
         2          0          0          0          0          0   (incl. Padding)

    ----------------------------------------------------------------------

      Code (inc. data)   RO Data    RW Data    ZI Data      Debug   Library Name

       574         36          0          4          0        480   mc_w.l

    ----------------------------------------------------------------------
       576         36          0          4          0        480   Library Totals

    ----------------------------------------------------------------------

==============================================================================


      Code (inc. data)   RO Data    RW Data    ZI Data      Debug   

      7632       4420        332          8       8712      40174   Grand Totals
      7632       4420        332          8       8712      40174   ELF Image Totals
      7632       4420        332          8          0          0   ROM Totals

==============================================================================

    Total RO  Size (Code + RO Data)                 7964 (   7.78kB)
    Total RW  Size (RW Data + ZI Data)              8720 (   8.52kB)
    Total ROM Size (Code + RO Data + RW Data)       7972 (   7.79kB)

==============================================================================

