Component: ARM Compiler 6.14.1 Tool: armlink [5db06d00]

==============================================================================

Image Symbol Table

    Local Symbols

    Symbol Name                              Value     Ov Type        Size  Object(Section)

    ../clib/microlib/division.c              0x00000000   Number         0  uidiv.o ABSOLUTE
    ../clib/microlib/division.c              0x00000000   Number         0  uldiv.o ABSOLUTE
    ../clib/microlib/init/entry.s            0x00000000   Number         0  entry.o ABSOLUTE
    ../clib/microlib/init/entry.s            0x00000000   Number         0  entry2.o ABSOLUTE
    ../clib/microlib/init/entry.s            0x00000000   Number         0  entry5.o ABSOLUTE
    ../clib/microlib/init/entry.s            0x00000000   Number         0  entry7a.o ABSOLUTE
    ../clib/microlib/init/entry.s            0x00000000   Number         0  entry7b.o ABSOLUTE
    ../clib/microlib/init/entry.s            0x00000000   Number         0  entry8a.o ABSOLUTE
    ../clib/microlib/init/entry.s            0x00000000   Number         0  entry8b.o ABSOLUTE
    ../clib/microlib/init/entry.s            0x00000000   Number         0  entry9a.o ABSOLUTE
    ../clib/microlib/init/entry.s            0x00000000   Number         0  entry9b.o ABSOLUTE
    ../clib/microlib/init/entry.s            0x00000000   Number         0  entry10a.o ABSOLUTE
    ../clib/microlib/init/entry.s            0x00000000   Number         0  entry10b.o ABSOLUTE
    ../clib/microlib/init/entry.s            0x00000000   Number         0  entry11a.o ABSOLUTE
    ../clib/microlib/init/entry.s            0x00000000   Number         0  entry11b.o ABSOLUTE
    ../clib/microlib/longlong.c              0x00000000   Number         0  llshl.o ABSOLUTE
    ../clib/microlib/longlong.c              0x00000000   Number         0  llushr.o ABSOLUTE
    ../clib/microlib/longlong.c              0x00000000   Number         0  llsshr.o ABSOLUTE
    ../clib/microlib/printf/printf.c         0x00000000   Number         0  printfb.o ABSOLUTE
    ../clib/microlib/printf/printf.c         0x00000000   Number         0  printf0.o ABSOLUTE
    ../clib/microlib/printf/printf.c         0x00000000   Number         0  printf1.o ABSOLUTE
    ../clib/microlib/printf/printf.c         0x00000000   Number         0  printf2.o ABSOLUTE
    ../clib/microlib/printf/printf.c         0x00000000   Number         0  printf3.o ABSOLUTE
    ../clib/microlib/printf/printf.c         0x00000000   Number         0  printf4.o ABSOLUTE
    ../clib/microlib/printf/printf.c         0x00000000   Number         0  printf5.o ABSOLUTE
    ../clib/microlib/printf/printf.c         0x00000000   Number         0  printf6.o ABSOLUTE
    ../clib/microlib/printf/printf.c         0x00000000   Number         0  printf7.o ABSOLUTE
    ../clib/microlib/printf/printf.c         0x00000000   Number         0  printf8.o ABSOLUTE
    ../clib/microlib/printf/printf.c         0x00000000   Number         0  printfa.o ABSOLUTE
    ../clib/microlib/printf/stubs.s          0x00000000   Number         0  printfstubs.o ABSOLUTE
    ../clib/microlib/stdio/streams.c         0x00000000   Number         0  stdout.o ABSOLUTE
    ../clib/microlib/string/memcpy.c         0x00000000   Number         0  memcpya.o ABSOLUTE
    ../clib/microlib/string/memcpy.c         0x00000000   Number         0  memcpyb.o ABSOLUTE
    ../clib/microlib/string/strlen.c         0x00000000   Number         0  strlen.o ABSOLUTE
    ../clib/microlib/stubs.s                 0x00000000   Number         0  iusefp.o ABSOLUTE
    ../common/startup_pt32z192.s             0x00000000   Number         0  startup_pt32z192.o ABSOLUTE
    ../fplib/microlib/f2d.c                  0x00000000   Number         0  f2d.o ABSOLUTE
    ../fplib/microlib/fpadd.c                0x00000000   Number         0  dadd.o ABSOLUTE
    ../fplib/microlib/fpdiv.c                0x00000000   Number         0  fdiv.o ABSOLUTE
    ../fplib/microlib/fpdiv.c                0x00000000   Number         0  ddiv.o ABSOLUTE
    ../fplib/microlib/fpepilogue.c           0x00000000   Number         0  fepilogue.o ABSOLUTE
    ../fplib/microlib/fpepilogue.c           0x00000000   Number         0  depilogue.o ABSOLUTE
    ../fplib/microlib/fpfix.c                0x00000000   Number         0  dfixul.o ABSOLUTE
    ../fplib/microlib/fpflt.c                0x00000000   Number         0  ffltui.o ABSOLUTE
    ../fplib/microlib/fpmul.c                0x00000000   Number         0  fmul.o ABSOLUTE
    ../fplib/microlib/fpmul.c                0x00000000   Number         0  dmul.o ABSOLUTE
    SEGGER_RTT.c                             0x00000000   Number         0  segger_rtt.o ABSOLUTE
    SEGGER_RTT_printf.c                      0x00000000   Number         0  segger_rtt_printf.o ABSOLUTE
    app.c                                    0x00000000   Number         0  app.o ABSOLUTE
    cdrcmple.s                               0x00000000   Number         0  cdrcmple.o ABSOLUTE
    dc.s                                     0x00000000   Number         0  dc.o ABSOLUTE
    handlers.s                               0x00000000   Number         0  handlers.o ABSOLUTE
    init.s                                   0x00000000   Number         0  init.o ABSOLUTE
    main.c                                   0x00000000   Number         0  main.o ABSOLUTE
    pt32z192xx_adc.c                         0x00000000   Number         0  pt32z192xx_adc.o ABSOLUTE
    pt32z192xx_dma.c                         0x00000000   Number         0  pt32z192xx_dma.o ABSOLUTE
    pt32z192xx_dsp.c                         0x00000000   Number         0  pt32z192xx_dsp.o ABSOLUTE
    pt32z192xx_gpio.c                        0x00000000   Number         0  pt32z192xx_gpio.o ABSOLUTE
    pt32z192xx_i2c.c                         0x00000000   Number         0  pt32z192xx_i2c.o ABSOLUTE
    pt32z192xx_it.c                          0x00000000   Number         0  pt32z192xx_it.o ABSOLUTE
    pt32z192xx_misc.c                        0x00000000   Number         0  pt32z192xx_misc.o ABSOLUTE
    pt32z192xx_pwm.c                         0x00000000   Number         0  pt32z192xx_pwm.o ABSOLUTE
    pt32z192xx_qspi.c                        0x00000000   Number         0  pt32z192xx_qspi.o ABSOLUTE
    pt32z192xx_retarget.c                    0x00000000   Number         0  pt32z192xx_retarget.o ABSOLUTE
    pt32z192xx_serial.c                      0x00000000   Number         0  pt32z192xx_serial.o ABSOLUTE
    pt32z192xx_spi.c                         0x00000000   Number         0  pt32z192xx_spi.o ABSOLUTE
    pt32z192xx_sys.c                         0x00000000   Number         0  pt32z192xx_sys.o ABSOLUTE
    pt32z192xx_tim.c                         0x00000000   Number         0  pt32z192xx_tim.o ABSOLUTE
    pt32z192xx_uart.c                        0x00000000   Number         0  pt32z192xx_uart.o ABSOLUTE
    pt32z192xx_wdg.c                         0x00000000   Number         0  pt32z192xx_wdg.o ABSOLUTE
    system_pt32z192xx.c                      0x00000000   Number         0  system_pt32z192xx.o ABSOLUTE
    RESET                                    0x00000000   Section      304  startup_pt32z192.o(RESET)
    .ARM.Collect$$$$00000000                 0x00000130   Section        0  entry.o(.ARM.Collect$$$$00000000)
    .ARM.Collect$$$$00000001                 0x00000130   Section        4  entry2.o(.ARM.Collect$$$$00000001)
    .ARM.Collect$$$$00000004                 0x00000134   Section        4  entry5.o(.ARM.Collect$$$$00000004)
    .ARM.Collect$$$$00000008                 0x00000138   Section        0  entry7b.o(.ARM.Collect$$$$00000008)
    .ARM.Collect$$$$0000000A                 0x00000138   Section        0  entry8b.o(.ARM.Collect$$$$0000000A)
    .ARM.Collect$$$$0000000B                 0x00000138   Section        8  entry9a.o(.ARM.Collect$$$$0000000B)
    __lit__00000000                          0x00000140   Data           4  entry2.o(.ARM.Collect$$$$00002712)
    .ARM.Collect$$$$0000000D                 0x00000140   Section        0  entry10a.o(.ARM.Collect$$$$0000000D)
    .ARM.Collect$$$$0000000F                 0x00000140   Section        0  entry11a.o(.ARM.Collect$$$$0000000F)
    .ARM.Collect$$$$00002712                 0x00000140   Section        4  entry2.o(.ARM.Collect$$$$00002712)
    .text                                    0x00000144   Section       36  startup_pt32z192.o(.text)
    .text                                    0x00000168   Section        0  memcpya.o(.text)
    .text                                    0x0000018c   Section        0  fmul.o(.text)
    .text                                    0x000001f0   Section        0  fdiv.o(.text)
    .text                                    0x0000026c   Section        0  ffltui.o(.text)
    .text                                    0x00000276   Section        0  f2d.o(.text)
    .text                                    0x0000029c   Section        0  uidiv.o(.text)
    .text                                    0x000002c8   Section        0  uldiv.o(.text)
    .text                                    0x0000032a   Section        0  iusefp.o(.text)
    .text                                    0x0000032a   Section        0  fepilogue.o(.text)
    .text                                    0x00000398   Section        0  dadd.o(.text)
    .text                                    0x000004e6   Section        0  dmul.o(.text)
    .text                                    0x000005ca   Section        0  ddiv.o(.text)
    .text                                    0x000006a8   Section        0  dfixul.o(.text)
    .text                                    0x000006d8   Section       48  cdrcmple.o(.text)
    .text                                    0x00000708   Section       36  init.o(.text)
    .text                                    0x0000072c   Section        0  llshl.o(.text)
    .text                                    0x0000074a   Section        0  llushr.o(.text)
    .text                                    0x0000076a   Section        0  llsshr.o(.text)
    .text                                    0x0000078e   Section        0  depilogue.o(.text)
    [Anonymous Symbol]                       0x00000848   Section        0  pt32z192xx_adc.o(.text.ADC_ChannelConfig)
    [Anonymous Symbol]                       0x00000864   Section        0  pt32z192xx_adc.o(.text.ADC_Cmd)
    [Anonymous Symbol]                       0x00000878   Section        0  pt32z192xx_it.o(.text.ADC_Handler)
    [Anonymous Symbol]                       0x0000087c   Section        0  pt32z192xx_adc.o(.text.ADC_Init)
    [Anonymous Symbol]                       0x000008b4   Section        0  pt32z192xx_adc.o(.text.ADC_StartOfConversion)
    [Anonymous Symbol]                       0x000008c0   Section        0  pt32z192xx_dma.o(.text.DMA_AutoRepeat_Cmd)
    [Anonymous Symbol]                       0x000008ec   Section        0  pt32z192xx_dma.o(.text.DMA_Cmd)
    [Anonymous Symbol]                       0x00000918   Section        0  pt32z192xx_dma.o(.text.DMA_Config)
    [Anonymous Symbol]                       0x0000095c   Section        0  pt32z192xx_dma.o(.text.DMA_DirectionConfig)
    [Anonymous Symbol]                       0x00000978   Section        0  pt32z192xx_it.o(.text.DMA_Handler)
    [Anonymous Symbol]                       0x0000097c   Section        0  pt32z192xx_dma.o(.text.DMA_PeripheralConfig)
    [Anonymous Symbol]                       0x000009a8   Section        0  main.o(.text.DMA_config)
    [Anonymous Symbol]                       0x000009fc   Section        0  app.o(.text.Delay_ms)
    [Anonymous Symbol]                       0x00000a28   Section        0  pt32z192xx_it.o(.text.FLASH_Handler)
    [Anonymous Symbol]                       0x00000a2c   Section        0  pt32z192xx_gpio.o(.text.GPIO_ClearITPendingBit)
    [Anonymous Symbol]                       0x00000a30   Section        0  pt32z192xx_gpio.o(.text.GPIO_ITConfig)
    [Anonymous Symbol]                       0x00000a3c   Section        0  pt32z192xx_gpio.o(.text.GPIO_Init)
    [Anonymous Symbol]                       0x00000a94   Section        0  pt32z192xx_gpio.o(.text.GPIO_PinAFConfig)
    [Anonymous Symbol]                       0x00000aa4   Section        0  pt32z192xx_gpio.o(.text.GPIO_SetBits)
    [Anonymous Symbol]                       0x00000aac   Section        0  pt32z192xx_gpio.o(.text.GPIO_TriTypeConfig)
    [Anonymous Symbol]                       0x00000ad8   Section        0  pt32z192xx_it.o(.text.HardFault_Handler)
    [Anonymous Symbol]                       0x00000adc   Section        0  main.o(.text.LED_GPIO_Config)
    [Anonymous Symbol]                       0x00000b3c   Section        0  pt32z192xx_it.o(.text.NMI_Handler)
    [Anonymous Symbol]                       0x00000b40   Section        0  pt32z192xx_misc.o(.text.NVIC_Init)
    [Anonymous Symbol]                       0x00000b9c   Section        0  pt32z192xx_it.o(.text.PA_Handler)
    [Anonymous Symbol]                       0x00000ba0   Section        0  pt32z192xx_it.o(.text.PB_Handler)
    [Anonymous Symbol]                       0x00000ba4   Section        0  pt32z192xx_it.o(.text.PC_Handler)
    [Anonymous Symbol]                       0x00000be8   Section        0  pt32z192xx_it.o(.text.PD_Handler)
    [Anonymous Symbol]                       0x00000bec   Section        0  pt32z192xx_it.o(.text.PendSV_Handler)
    [Anonymous Symbol]                       0x00000bf0   Section        0  pt32z192xx_it.o(.text.RTC_Handler)
    [Anonymous Symbol]                       0x00000bf4   Section        0  segger_rtt.o(.text.SEGGER_RTT_Init)
    [Anonymous Symbol]                       0x00000bfc   Section        0  segger_rtt.o(.text.SEGGER_RTT_Write)
    [Anonymous Symbol]                       0x00000c38   Section        0  segger_rtt.o(.text.SEGGER_RTT_WriteNoLock)
    [Anonymous Symbol]                       0x00000c94   Section        0  segger_rtt_printf.o(.text.SEGGER_RTT_printf)
    [Anonymous Symbol]                       0x00000cb4   Section        0  segger_rtt_printf.o(.text.SEGGER_RTT_vprintf)
    [Anonymous Symbol]                       0x00000ef0   Section        0  pt32z192xx_serial.o(.text.SERIAL_PutChar)
    [Anonymous Symbol]                       0x00000f04   Section        0  pt32z192xx_it.o(.text.SPI0_Handler)
    [Anonymous Symbol]                       0x00000f08   Section        0  pt32z192xx_it.o(.text.SPI1_Handler)
    [Anonymous Symbol]                       0x00000f0c   Section        0  pt32z192xx_it.o(.text.SVC_Handler)
    SysTick_Config                           0x00000f11   Thumb Code    40  main.o(.text.SysTick_Config)
    [Anonymous Symbol]                       0x00000f10   Section        0  main.o(.text.SysTick_Config)
    [Anonymous Symbol]                       0x00000f38   Section        0  pt32z192xx_it.o(.text.SysTick_Handler)
    [Anonymous Symbol]                       0x00000f50   Section        0  main.o(.text.SysTick_Init)
    [Anonymous Symbol]                       0x00000f78   Section        0  system_pt32z192xx.o(.text.SystemInit)
    [Anonymous Symbol]                       0x0000101c   Section        0  pt32z192xx_it.o(.text.TMR0_Handler)
    [Anonymous Symbol]                       0x00001020   Section        0  pt32z192xx_it.o(.text.TMR1_Handler)
    [Anonymous Symbol]                       0x00001024   Section        0  pt32z192xx_it.o(.text.TMR2_Handler)
    [Anonymous Symbol]                       0x00001028   Section        0  pt32z192xx_it.o(.text.TMR3_Handler)
    [Anonymous Symbol]                       0x0000102c   Section        0  pt32z192xx_it.o(.text.TMR4_Handler)
    [Anonymous Symbol]                       0x00001030   Section        0  pt32z192xx_it.o(.text.TMR5_Handler)
    [Anonymous Symbol]                       0x00001034   Section        0  pt32z192xx_it.o(.text.UART0_Handler)
    [Anonymous Symbol]                       0x00001038   Section        0  pt32z192xx_it.o(.text.UART1_Handler)
    [Anonymous Symbol]                       0x0000103c   Section        0  pt32z192xx_it.o(.text.UART2_Handler)
    [Anonymous Symbol]                       0x00001064   Section        0  pt32z192xx_uart.o(.text.UART_Cmd)
    [Anonymous Symbol]                       0x00001078   Section        0  main.o(.text.UART_Config)
    [Anonymous Symbol]                       0x000010d8   Section        0  main.o(.text.UART_INT_Config)
    [Anonymous Symbol]                       0x00001104   Section        0  pt32z192xx_uart.o(.text.UART_ITConfig)
    [Anonymous Symbol]                       0x00001114   Section        0  pt32z192xx_uart.o(.text.UART_Init)
    [Anonymous Symbol]                       0x000011b0   Section        0  system_pt32z192xx.o(.text.Wait_ClockReady)
    _DoInit                                  0x000011d5   Thumb Code   110  segger_rtt.o(.text._DoInit)
    [Anonymous Symbol]                       0x000011d4   Section        0  segger_rtt.o(.text._DoInit)
    _GetAvailWriteSpace                      0x00001245   Thumb Code    20  segger_rtt.o(.text._GetAvailWriteSpace)
    [Anonymous Symbol]                       0x00001244   Section        0  segger_rtt.o(.text._GetAvailWriteSpace)
    _PrintInt                                0x00001259   Thumb Code   252  segger_rtt_printf.o(.text._PrintInt)
    [Anonymous Symbol]                       0x00001258   Section        0  segger_rtt_printf.o(.text._PrintInt)
    _PrintUnsigned                           0x00001355   Thumb Code   240  segger_rtt_printf.o(.text._PrintUnsigned)
    [Anonymous Symbol]                       0x00001354   Section        0  segger_rtt_printf.o(.text._PrintUnsigned)
    _PrintUnsigned._aV2C                     0x00001434   Number         0  segger_rtt_printf.o(.text._PrintUnsigned)
    _StoreChar                               0x00001445   Thumb Code    64  segger_rtt_printf.o(.text._StoreChar)
    [Anonymous Symbol]                       0x00001444   Section        0  segger_rtt_printf.o(.text._StoreChar)
    _WriteBlocking                           0x00001485   Thumb Code   102  segger_rtt.o(.text._WriteBlocking)
    [Anonymous Symbol]                       0x00001484   Section        0  segger_rtt.o(.text._WriteBlocking)
    _WriteNoCheck                            0x000014ed   Thumb Code    70  segger_rtt.o(.text._WriteNoCheck)
    [Anonymous Symbol]                       0x000014ec   Section        0  segger_rtt.o(.text._WriteNoCheck)
    __NVIC_SetPriority                       0x00001535   Thumb Code    14  main.o(.text.__NVIC_SetPriority)
    [Anonymous Symbol]                       0x00001534   Section        0  main.o(.text.__NVIC_SetPriority)
    [Anonymous Symbol]                       0x00001544   Section        0  main.o(.text.adc_initial)
    [Anonymous Symbol]                       0x00001588   Section        0  app.o(.text.app)
    [Anonymous Symbol]                       0x00001608   Section        0  pt32z192xx_retarget.o(.text.fputc)
    [Anonymous Symbol]                       0x00001614   Section        0  main.o(.text.main)
    [Anonymous Symbol]                       0x0000165c   Section        0  main.o(.text.read_uid)
    [Anonymous Symbol]                       0x000016c4   Section        0  main.o(.text.segger_init)
    [Anonymous Symbol]                       0x00001744   Section        0  main.o(.text.switch_gpio_config)
    i.__0printf                              0x00001798   Section        0  printfa.o(i.__0printf)
    i.__0sprintf                             0x000017b8   Section        0  printfa.o(i.__0sprintf)
    i.__scatterload_copy                     0x000017e0   Section       14  handlers.o(i.__scatterload_copy)
    i.__scatterload_null                     0x000017ee   Section        2  handlers.o(i.__scatterload_null)
    i.__scatterload_zeroinit                 0x000017f0   Section       14  handlers.o(i.__scatterload_zeroinit)
    _fp_digits                               0x00001801   Thumb Code   366  printfa.o(i._fp_digits)
    i._fp_digits                             0x00001800   Section        0  printfa.o(i._fp_digits)
    _printf_core                             0x00001985   Thumb Code  1744  printfa.o(i._printf_core)
    i._printf_core                           0x00001984   Section        0  printfa.o(i._printf_core)
    _printf_post_padding                     0x00002061   Thumb Code    36  printfa.o(i._printf_post_padding)
    i._printf_post_padding                   0x00002060   Section        0  printfa.o(i._printf_post_padding)
    _printf_pre_padding                      0x00002085   Thumb Code    46  printfa.o(i._printf_pre_padding)
    i._printf_pre_padding                    0x00002084   Section        0  printfa.o(i._printf_pre_padding)
    _sputc                                   0x000020b3   Thumb Code    10  printfa.o(i._sputc)
    i._sputc                                 0x000020b2   Section        0  printfa.o(i._sputc)
    .L.str                                   0x000020bc   Data          18  app.o(.rodata.str1.1)
    [Anonymous Symbol]                       0x000020bc   Section        0  app.o(.rodata.str1.1)
    .L.str.2                                 0x000020ce   Data           5  main.o(.rodata.str1.1)
    [Anonymous Symbol]                       0x000020ce   Section        0  main.o(.rodata.str1.1)
    .L.str                                   0x000020d3   Data           9  segger_rtt.o(.rodata.str1.1)
    [Anonymous Symbol]                       0x000020d3   Section        0  segger_rtt.o(.rodata.str1.1)
    .data                                    0x20000000   Section        4  stdout.o(.data)
    _acDownBuffer                            0x2000008c   Data          16  segger_rtt.o(.bss._acDownBuffer)
    [Anonymous Symbol]                       0x2000008c   Section        0  segger_rtt.o(.bss._acDownBuffer)
    _acUpBuffer                              0x2000009c   Data        4096  segger_rtt.o(.bss._acUpBuffer)
    [Anonymous Symbol]                       0x2000009c   Section        0  segger_rtt.o(.bss._acUpBuffer)
    STACK                                    0x200010a0   Section     1024  startup_pt32z192.o(STACK)

    Global Symbols

    Symbol Name                              Value     Ov Type        Size  Object(Section)

    BuildAttributes$$THM_ISAv4$P$D$K$B$S$PE$A:L22UL41UL21$X:L11$S22US41US21$IEEE1$IW$~IW$USESV6$~STKCKD$USESV7$~SHL$OTIME$ROPI$EBA8$MICROLIB$REQ8$PRES8$EABIv2 0x00000000   Number         0  anon$$obj.o ABSOLUTE
    __Vectors                                0x00000000   Data           4  startup_pt32z192.o(RESET)
    _printf_a                                0x00000000   Number         0  printfstubs.o ABSOLUTE
    _printf_c                                0x00000000   Number         0  printfstubs.o ABSOLUTE
    _printf_charcount                        0x00000000   Number         0  printfstubs.o ABSOLUTE
    _printf_d                                0x00000000   Number         0  printfstubs.o ABSOLUTE
    _printf_e                                0x00000000   Number         0  printfstubs.o ABSOLUTE
    _printf_f                                0x00000000   Number         0  printfstubs.o ABSOLUTE
    _printf_flags                            0x00000000   Number         0  printfstubs.o ABSOLUTE
    _printf_fp_dec                           0x00000000   Number         0  printfstubs.o ABSOLUTE
    _printf_fp_hex                           0x00000000   Number         0  printfstubs.o ABSOLUTE
    _printf_g                                0x00000000   Number         0  printfstubs.o ABSOLUTE
    _printf_i                                0x00000000   Number         0  printfstubs.o ABSOLUTE
    _printf_int_dec                          0x00000000   Number         0  printfstubs.o ABSOLUTE
    _printf_l                                0x00000000   Number         0  printfstubs.o ABSOLUTE
    _printf_lc                               0x00000000   Number         0  printfstubs.o ABSOLUTE
    _printf_ll                               0x00000000   Number         0  printfstubs.o ABSOLUTE
    _printf_lld                              0x00000000   Number         0  printfstubs.o ABSOLUTE
    _printf_lli                              0x00000000   Number         0  printfstubs.o ABSOLUTE
    _printf_llo                              0x00000000   Number         0  printfstubs.o ABSOLUTE
    _printf_llu                              0x00000000   Number         0  printfstubs.o ABSOLUTE
    _printf_llx                              0x00000000   Number         0  printfstubs.o ABSOLUTE
    _printf_longlong_dec                     0x00000000   Number         0  printfstubs.o ABSOLUTE
    _printf_longlong_hex                     0x00000000   Number         0  printfstubs.o ABSOLUTE
    _printf_longlong_oct                     0x00000000   Number         0  printfstubs.o ABSOLUTE
    _printf_ls                               0x00000000   Number         0  printfstubs.o ABSOLUTE
    _printf_mbtowc                           0x00000000   Number         0  printfstubs.o ABSOLUTE
    _printf_n                                0x00000000   Number         0  printfstubs.o ABSOLUTE
    _printf_o                                0x00000000   Number         0  printfstubs.o ABSOLUTE
    _printf_p                                0x00000000   Number         0  printfstubs.o ABSOLUTE
    _printf_percent                          0x00000000   Number         0  printfstubs.o ABSOLUTE
    _printf_pre_padding                      0x00000000   Number         0  printfstubs.o ABSOLUTE
    _printf_return_value                     0x00000000   Number         0  printfstubs.o ABSOLUTE
    _printf_s                                0x00000000   Number         0  printfstubs.o ABSOLUTE
    _printf_sizespec                         0x00000000   Number         0  printfstubs.o ABSOLUTE
    _printf_str                              0x00000000   Number         0  printfstubs.o ABSOLUTE
    _printf_truncate_signed                  0x00000000   Number         0  printfstubs.o ABSOLUTE
    _printf_truncate_unsigned                0x00000000   Number         0  printfstubs.o ABSOLUTE
    _printf_u                                0x00000000   Number         0  printfstubs.o ABSOLUTE
    _printf_wc                               0x00000000   Number         0  printfstubs.o ABSOLUTE
    _printf_wctomb                           0x00000000   Number         0  printfstubs.o ABSOLUTE
    _printf_widthprec                        0x00000000   Number         0  printfstubs.o ABSOLUTE
    _printf_x                                0x00000000   Number         0  printfstubs.o ABSOLUTE
    __cpp_initialize__aeabi_                  - Undefined Weak Reference
    __cxa_finalize                            - Undefined Weak Reference
    __decompress                              - Undefined Weak Reference
    _clock_init                               - Undefined Weak Reference
    _microlib_exit                            - Undefined Weak Reference
    __Vectors_End                            0x00000130   Data           0  startup_pt32z192.o(RESET)
    __Vectors_Size                           0x00000130   Number         0  startup_pt32z192.o ABSOLUTE
    __main                                   0x00000131   Thumb Code     0  entry.o(.ARM.Collect$$$$00000000)
    _main_stk                                0x00000131   Thumb Code     0  entry2.o(.ARM.Collect$$$$00000001)
    _main_scatterload                        0x00000135   Thumb Code     0  entry5.o(.ARM.Collect$$$$00000004)
    __main_after_scatterload                 0x00000139   Thumb Code     0  entry5.o(.ARM.Collect$$$$00000004)
    _main_clock                              0x00000139   Thumb Code     0  entry7b.o(.ARM.Collect$$$$00000008)
    _main_cpp_init                           0x00000139   Thumb Code     0  entry8b.o(.ARM.Collect$$$$0000000A)
    _main_init                               0x00000139   Thumb Code     0  entry9a.o(.ARM.Collect$$$$0000000B)
    __rt_final_cpp                           0x00000141   Thumb Code     0  entry10a.o(.ARM.Collect$$$$0000000D)
    __rt_final_exit                          0x00000141   Thumb Code     0  entry11a.o(.ARM.Collect$$$$0000000F)
    Reset_Handler                            0x00000145   Thumb Code     8  startup_pt32z192.o(.text)
    MemManage_Handler                        0x00000151   Thumb Code     2  startup_pt32z192.o(.text)
    BusFault_Handler                         0x00000153   Thumb Code     2  startup_pt32z192.o(.text)
    UsageFault_Handler                       0x00000155   Thumb Code     2  startup_pt32z192.o(.text)
    DebugMon_Handler                         0x00000159   Thumb Code     2  startup_pt32z192.o(.text)
    AES_Handler                              0x0000015f   Thumb Code     0  startup_pt32z192.o(.text)
    I2C_Handler                              0x0000015f   Thumb Code     0  startup_pt32z192.o(.text)
    QSPI_Handler                             0x0000015f   Thumb Code     0  startup_pt32z192.o(.text)
    RCC_Handler                              0x0000015f   Thumb Code     0  startup_pt32z192.o(.text)
    USB11_Handler                            0x0000015f   Thumb Code     0  startup_pt32z192.o(.text)
    WDG_Handler                              0x0000015f   Thumb Code     0  startup_pt32z192.o(.text)
    __aeabi_memcpy                           0x00000169   Thumb Code    36  memcpya.o(.text)
    __aeabi_memcpy4                          0x00000169   Thumb Code     0  memcpya.o(.text)
    __aeabi_memcpy8                          0x00000169   Thumb Code     0  memcpya.o(.text)
    __aeabi_fmul                             0x0000018d   Thumb Code   100  fmul.o(.text)
    __aeabi_fdiv                             0x000001f1   Thumb Code   124  fdiv.o(.text)
    __aeabi_ui2f                             0x0000026d   Thumb Code    10  ffltui.o(.text)
    __aeabi_f2d                              0x00000277   Thumb Code    38  f2d.o(.text)
    __aeabi_uidiv                            0x0000029d   Thumb Code     0  uidiv.o(.text)
    __aeabi_uidivmod                         0x0000029d   Thumb Code    44  uidiv.o(.text)
    __aeabi_uldivmod                         0x000002c9   Thumb Code    98  uldiv.o(.text)
    __I$use$fp                               0x0000032b   Thumb Code     0  iusefp.o(.text)
    _float_round                             0x0000032b   Thumb Code    18  fepilogue.o(.text)
    _float_epilogue                          0x0000033d   Thumb Code    92  fepilogue.o(.text)
    __aeabi_dadd                             0x00000399   Thumb Code   322  dadd.o(.text)
    __aeabi_dsub                             0x000004db   Thumb Code     6  dadd.o(.text)
    __aeabi_drsub                            0x000004e1   Thumb Code     6  dadd.o(.text)
    __aeabi_dmul                             0x000004e7   Thumb Code   228  dmul.o(.text)
    __aeabi_ddiv                             0x000005cb   Thumb Code   222  ddiv.o(.text)
    __aeabi_d2ulz                            0x000006a9   Thumb Code    48  dfixul.o(.text)
    __aeabi_cdrcmple                         0x000006d9   Thumb Code    48  cdrcmple.o(.text)
    __scatterload                            0x00000709   Thumb Code    28  init.o(.text)
    __scatterload_rt2                        0x00000709   Thumb Code     0  init.o(.text)
    __aeabi_llsl                             0x0000072d   Thumb Code    30  llshl.o(.text)
    _ll_shift_l                              0x0000072d   Thumb Code     0  llshl.o(.text)
    __aeabi_llsr                             0x0000074b   Thumb Code    32  llushr.o(.text)
    _ll_ushift_r                             0x0000074b   Thumb Code     0  llushr.o(.text)
    __aeabi_lasr                             0x0000076b   Thumb Code    36  llsshr.o(.text)
    _ll_sshift_r                             0x0000076b   Thumb Code     0  llsshr.o(.text)
    _double_round                            0x0000078f   Thumb Code    30  depilogue.o(.text)
    _double_epilogue                         0x000007ad   Thumb Code   156  depilogue.o(.text)
    ADC_ChannelConfig                        0x00000849   Thumb Code    26  pt32z192xx_adc.o(.text.ADC_ChannelConfig)
    ADC_Cmd                                  0x00000865   Thumb Code    18  pt32z192xx_adc.o(.text.ADC_Cmd)
    ADC_Handler                              0x00000879   Thumb Code     2  pt32z192xx_it.o(.text.ADC_Handler)
    ADC_Init                                 0x0000087d   Thumb Code    56  pt32z192xx_adc.o(.text.ADC_Init)
    ADC_StartOfConversion                    0x000008b5   Thumb Code    10  pt32z192xx_adc.o(.text.ADC_StartOfConversion)
    DMA_AutoRepeat_Cmd                       0x000008c1   Thumb Code    44  pt32z192xx_dma.o(.text.DMA_AutoRepeat_Cmd)
    DMA_Cmd                                  0x000008ed   Thumb Code    44  pt32z192xx_dma.o(.text.DMA_Cmd)
    DMA_Config                               0x00000919   Thumb Code    66  pt32z192xx_dma.o(.text.DMA_Config)
    DMA_DirectionConfig                      0x0000095d   Thumb Code    26  pt32z192xx_dma.o(.text.DMA_DirectionConfig)
    DMA_Handler                              0x00000979   Thumb Code     2  pt32z192xx_it.o(.text.DMA_Handler)
    DMA_PeripheralConfig                     0x0000097d   Thumb Code    42  pt32z192xx_dma.o(.text.DMA_PeripheralConfig)
    DMA_config                               0x000009a9   Thumb Code    82  main.o(.text.DMA_config)
    Delay_ms                                 0x000009fd   Thumb Code    42  app.o(.text.Delay_ms)
    FLASH_Handler                            0x00000a29   Thumb Code     2  pt32z192xx_it.o(.text.FLASH_Handler)
    GPIO_ClearITPendingBit                   0x00000a2d   Thumb Code     4  pt32z192xx_gpio.o(.text.GPIO_ClearITPendingBit)
    GPIO_ITConfig                            0x00000a31   Thumb Code    12  pt32z192xx_gpio.o(.text.GPIO_ITConfig)
    GPIO_Init                                0x00000a3d   Thumb Code    86  pt32z192xx_gpio.o(.text.GPIO_Init)
    GPIO_PinAFConfig                         0x00000a95   Thumb Code    14  pt32z192xx_gpio.o(.text.GPIO_PinAFConfig)
    GPIO_SetBits                             0x00000aa5   Thumb Code     8  pt32z192xx_gpio.o(.text.GPIO_SetBits)
    GPIO_TriTypeConfig                       0x00000aad   Thumb Code    44  pt32z192xx_gpio.o(.text.GPIO_TriTypeConfig)
    HardFault_Handler                        0x00000ad9   Thumb Code     2  pt32z192xx_it.o(.text.HardFault_Handler)
    LED_GPIO_Config                          0x00000add   Thumb Code    96  main.o(.text.LED_GPIO_Config)
    NMI_Handler                              0x00000b3d   Thumb Code     2  pt32z192xx_it.o(.text.NMI_Handler)
    NVIC_Init                                0x00000b41   Thumb Code    92  pt32z192xx_misc.o(.text.NVIC_Init)
    PA_Handler                               0x00000b9d   Thumb Code     2  pt32z192xx_it.o(.text.PA_Handler)
    PB_Handler                               0x00000ba1   Thumb Code     2  pt32z192xx_it.o(.text.PB_Handler)
    PC_Handler                               0x00000ba5   Thumb Code    68  pt32z192xx_it.o(.text.PC_Handler)
    PD_Handler                               0x00000be9   Thumb Code     2  pt32z192xx_it.o(.text.PD_Handler)
    PendSV_Handler                           0x00000bed   Thumb Code     2  pt32z192xx_it.o(.text.PendSV_Handler)
    RTC_Handler                              0x00000bf1   Thumb Code     2  pt32z192xx_it.o(.text.RTC_Handler)
    SEGGER_RTT_Init                          0x00000bf5   Thumb Code     8  segger_rtt.o(.text.SEGGER_RTT_Init)
    SEGGER_RTT_Write                         0x00000bfd   Thumb Code    58  segger_rtt.o(.text.SEGGER_RTT_Write)
    SEGGER_RTT_WriteNoLock                   0x00000c39   Thumb Code    92  segger_rtt.o(.text.SEGGER_RTT_WriteNoLock)
    SEGGER_RTT_printf                        0x00000c95   Thumb Code    30  segger_rtt_printf.o(.text.SEGGER_RTT_printf)
    SEGGER_RTT_vprintf                       0x00000cb5   Thumb Code   570  segger_rtt_printf.o(.text.SEGGER_RTT_vprintf)
    SERIAL_PutChar                           0x00000ef1   Thumb Code    18  pt32z192xx_serial.o(.text.SERIAL_PutChar)
    SPI0_Handler                             0x00000f05   Thumb Code     2  pt32z192xx_it.o(.text.SPI0_Handler)
    SPI1_Handler                             0x00000f09   Thumb Code     2  pt32z192xx_it.o(.text.SPI1_Handler)
    SVC_Handler                              0x00000f0d   Thumb Code     2  pt32z192xx_it.o(.text.SVC_Handler)
    SysTick_Handler                          0x00000f39   Thumb Code    24  pt32z192xx_it.o(.text.SysTick_Handler)
    SysTick_Init                             0x00000f51   Thumb Code    38  main.o(.text.SysTick_Init)
    SystemInit                               0x00000f79   Thumb Code   164  system_pt32z192xx.o(.text.SystemInit)
    TMR0_Handler                             0x0000101d   Thumb Code     2  pt32z192xx_it.o(.text.TMR0_Handler)
    TMR1_Handler                             0x00001021   Thumb Code     2  pt32z192xx_it.o(.text.TMR1_Handler)
    TMR2_Handler                             0x00001025   Thumb Code     2  pt32z192xx_it.o(.text.TMR2_Handler)
    TMR3_Handler                             0x00001029   Thumb Code     2  pt32z192xx_it.o(.text.TMR3_Handler)
    TMR4_Handler                             0x0000102d   Thumb Code     2  pt32z192xx_it.o(.text.TMR4_Handler)
    TMR5_Handler                             0x00001031   Thumb Code     2  pt32z192xx_it.o(.text.TMR5_Handler)
    UART0_Handler                            0x00001035   Thumb Code     2  pt32z192xx_it.o(.text.UART0_Handler)
    UART1_Handler                            0x00001039   Thumb Code     2  pt32z192xx_it.o(.text.UART1_Handler)
    UART2_Handler                            0x0000103d   Thumb Code    40  pt32z192xx_it.o(.text.UART2_Handler)
    UART_Cmd                                 0x00001065   Thumb Code    18  pt32z192xx_uart.o(.text.UART_Cmd)
    UART_Config                              0x00001079   Thumb Code    96  main.o(.text.UART_Config)
    UART_INT_Config                          0x000010d9   Thumb Code    42  main.o(.text.UART_INT_Config)
    UART_ITConfig                            0x00001105   Thumb Code    16  pt32z192xx_uart.o(.text.UART_ITConfig)
    UART_Init                                0x00001115   Thumb Code   154  pt32z192xx_uart.o(.text.UART_Init)
    Wait_ClockReady                          0x000011b1   Thumb Code    36  system_pt32z192xx.o(.text.Wait_ClockReady)
    adc_initial                              0x00001545   Thumb Code    68  main.o(.text.adc_initial)
    app                                      0x00001589   Thumb Code   126  app.o(.text.app)
    fputc                                    0x00001609   Thumb Code    10  pt32z192xx_retarget.o(.text.fputc)
    main                                     0x00001615   Thumb Code    72  main.o(.text.main)
    read_uid                                 0x0000165d   Thumb Code   104  main.o(.text.read_uid)
    segger_init                              0x000016c5   Thumb Code   128  main.o(.text.segger_init)
    switch_gpio_config                       0x00001745   Thumb Code    82  main.o(.text.switch_gpio_config)
    __0printf                                0x00001799   Thumb Code    22  printfa.o(i.__0printf)
    __1printf                                0x00001799   Thumb Code     0  printfa.o(i.__0printf)
    __2printf                                0x00001799   Thumb Code     0  printfa.o(i.__0printf)
    __c89printf                              0x00001799   Thumb Code     0  printfa.o(i.__0printf)
    printf                                   0x00001799   Thumb Code     0  printfa.o(i.__0printf)
    __0sprintf                               0x000017b9   Thumb Code    34  printfa.o(i.__0sprintf)
    __1sprintf                               0x000017b9   Thumb Code     0  printfa.o(i.__0sprintf)
    __2sprintf                               0x000017b9   Thumb Code     0  printfa.o(i.__0sprintf)
    __c89sprintf                             0x000017b9   Thumb Code     0  printfa.o(i.__0sprintf)
    sprintf                                  0x000017b9   Thumb Code     0  printfa.o(i.__0sprintf)
    __scatterload_copy                       0x000017e1   Thumb Code    14  handlers.o(i.__scatterload_copy)
    __scatterload_null                       0x000017ef   Thumb Code     2  handlers.o(i.__scatterload_null)
    __scatterload_zeroinit                   0x000017f1   Thumb Code    14  handlers.o(i.__scatterload_zeroinit)
    Region$$Table$$Base                      0x000020dc   Number         0  anon$$obj.o(Region$$Table)
    Region$$Table$$Limit                     0x000020fc   Number         0  anon$$obj.o(Region$$Table)
    __stdout                                 0x20000000   Data           4  stdout.o(.data)
    SystemCoreClock                          0x20000004   Data           4  system_pt32z192xx.o(.data.SystemCoreClock)
    VCO_VALUE                                0x20000008   Data           4  system_pt32z192xx.o(.data.VCO_VALUE)
    TimingDelay                              0x20000010   Data           4  app.o(.bss.TimingDelay)
    _SEGGER_RTT                              0x20000014   Data         120  segger_rtt.o(.bss._SEGGER_RTT)
    m_AdcValue                               0x2000109c   Data           2  main.o(.bss.m_AdcValue)
    __initial_sp                             0x200014a0   Data           0  startup_pt32z192.o(STACK)



==============================================================================

Memory Map of the image

  Image Entry point : 0x00000131

  Load Region LR_IROM1 (Base: 0x00000000, Size: 0x00002110, Max: 0x00080000, ABSOLUTE)

    Execution Region ER_IROM1 (Exec base: 0x00000000, Load base: 0x00000000, Size: 0x000020fc, Max: 0x00080000, ABSOLUTE)

    Exec Addr    Load Addr    Size         Type   Attr      Idx    E Section Name        Object

    0x00000000   0x00000000   0x00000130   Data   RO          141    RESET               startup_pt32z192.o
    0x00000130   0x00000130   0x00000000   Code   RO          903  * .ARM.Collect$$$$00000000  mc_w.l(entry.o)
    0x00000130   0x00000130   0x00000004   Code   RO         1181    .ARM.Collect$$$$00000001  mc_w.l(entry2.o)
    0x00000134   0x00000134   0x00000004   Code   RO         1184    .ARM.Collect$$$$00000004  mc_w.l(entry5.o)
    0x00000138   0x00000138   0x00000000   Code   RO         1186    .ARM.Collect$$$$00000008  mc_w.l(entry7b.o)
    0x00000138   0x00000138   0x00000000   Code   RO         1188    .ARM.Collect$$$$0000000A  mc_w.l(entry8b.o)
    0x00000138   0x00000138   0x00000008   Code   RO         1189    .ARM.Collect$$$$0000000B  mc_w.l(entry9a.o)
    0x00000140   0x00000140   0x00000000   Code   RO         1191    .ARM.Collect$$$$0000000D  mc_w.l(entry10a.o)
    0x00000140   0x00000140   0x00000000   Code   RO         1193    .ARM.Collect$$$$0000000F  mc_w.l(entry11a.o)
    0x00000140   0x00000140   0x00000004   Code   RO         1182    .ARM.Collect$$$$00002712  mc_w.l(entry2.o)
    0x00000144   0x00000144   0x00000024   Code   RO          142    .text               startup_pt32z192.o
    0x00000168   0x00000168   0x00000024   Code   RO          906    .text               mc_w.l(memcpya.o)
    0x0000018c   0x0000018c   0x00000064   Code   RO         1173    .text               mf_w.l(fmul.o)
    0x000001f0   0x000001f0   0x0000007c   Code   RO         1175    .text               mf_w.l(fdiv.o)
    0x0000026c   0x0000026c   0x0000000a   Code   RO         1177    .text               mf_w.l(ffltui.o)
    0x00000276   0x00000276   0x00000026   Code   RO         1179    .text               mf_w.l(f2d.o)
    0x0000029c   0x0000029c   0x0000002c   Code   RO         1196    .text               mc_w.l(uidiv.o)
    0x000002c8   0x000002c8   0x00000062   Code   RO         1198    .text               mc_w.l(uldiv.o)
    0x0000032a   0x0000032a   0x00000000   Code   RO         1200    .text               mc_w.l(iusefp.o)
    0x0000032a   0x0000032a   0x0000006e   Code   RO         1201    .text               mf_w.l(fepilogue.o)
    0x00000398   0x00000398   0x0000014e   Code   RO         1203    .text               mf_w.l(dadd.o)
    0x000004e6   0x000004e6   0x000000e4   Code   RO         1205    .text               mf_w.l(dmul.o)
    0x000005ca   0x000005ca   0x000000de   Code   RO         1207    .text               mf_w.l(ddiv.o)
    0x000006a8   0x000006a8   0x00000030   Code   RO         1209    .text               mf_w.l(dfixul.o)
    0x000006d8   0x000006d8   0x00000030   Code   RO         1211    .text               mf_w.l(cdrcmple.o)
    0x00000708   0x00000708   0x00000024   Code   RO         1213    .text               mc_w.l(init.o)
    0x0000072c   0x0000072c   0x0000001e   Code   RO         1215    .text               mc_w.l(llshl.o)
    0x0000074a   0x0000074a   0x00000020   Code   RO         1217    .text               mc_w.l(llushr.o)
    0x0000076a   0x0000076a   0x00000024   Code   RO         1219    .text               mc_w.l(llsshr.o)
    0x0000078e   0x0000078e   0x000000ba   Code   RO         1221    .text               mf_w.l(depilogue.o)
    0x00000848   0x00000848   0x0000001a   Code   RO          157    .text.ADC_ChannelConfig  pt32z192xx_adc.o
    0x00000862   0x00000862   0x00000002   PAD
    0x00000864   0x00000864   0x00000012   Code   RO          153    .text.ADC_Cmd       pt32z192xx_adc.o
    0x00000876   0x00000876   0x00000002   PAD
    0x00000878   0x00000878   0x00000002   Code   RO           81    .text.ADC_Handler   pt32z192xx_it.o
    0x0000087a   0x0000087a   0x00000002   PAD
    0x0000087c   0x0000087c   0x00000038   Code   RO          149    .text.ADC_Init      pt32z192xx_adc.o
    0x000008b4   0x000008b4   0x0000000a   Code   RO          163    .text.ADC_StartOfConversion  pt32z192xx_adc.o
    0x000008be   0x000008be   0x00000002   PAD
    0x000008c0   0x000008c0   0x0000002c   Code   RO          764    .text.DMA_AutoRepeat_Cmd  pt32z192xx_dma.o
    0x000008ec   0x000008ec   0x0000002c   Code   RO          758    .text.DMA_Cmd       pt32z192xx_dma.o
    0x00000918   0x00000918   0x00000042   Code   RO          756    .text.DMA_Config    pt32z192xx_dma.o
    0x0000095a   0x0000095a   0x00000002   PAD
    0x0000095c   0x0000095c   0x0000001a   Code   RO          762    .text.DMA_DirectionConfig  pt32z192xx_dma.o
    0x00000976   0x00000976   0x00000002   PAD
    0x00000978   0x00000978   0x00000002   Code   RO          117    .text.DMA_Handler   pt32z192xx_it.o
    0x0000097a   0x0000097a   0x00000002   PAD
    0x0000097c   0x0000097c   0x0000002a   Code   RO          790    .text.DMA_PeripheralConfig  pt32z192xx_dma.o
    0x000009a6   0x000009a6   0x00000002   PAD
    0x000009a8   0x000009a8   0x00000052   Code   RO           36    .text.DMA_config    main.o
    0x000009fa   0x000009fa   0x00000002   PAD
    0x000009fc   0x000009fc   0x0000002a   Code   RO            2    .text.Delay_ms      app.o
    0x00000a26   0x00000a26   0x00000002   PAD
    0x00000a28   0x00000a28   0x00000002   Code   RO           67    .text.FLASH_Handler  pt32z192xx_it.o
    0x00000a2a   0x00000a2a   0x00000002   PAD
    0x00000a2c   0x00000a2c   0x00000004   Code   RO          317    .text.GPIO_ClearITPendingBit  pt32z192xx_gpio.o
    0x00000a30   0x00000a30   0x0000000c   Code   RO          307    .text.GPIO_ITConfig  pt32z192xx_gpio.o
    0x00000a3c   0x00000a3c   0x00000056   Code   RO          279    .text.GPIO_Init     pt32z192xx_gpio.o
    0x00000a92   0x00000a92   0x00000002   PAD
    0x00000a94   0x00000a94   0x0000000e   Code   RO          305    .text.GPIO_PinAFConfig  pt32z192xx_gpio.o
    0x00000aa2   0x00000aa2   0x00000002   PAD
    0x00000aa4   0x00000aa4   0x00000008   Code   RO          295    .text.GPIO_SetBits  pt32z192xx_gpio.o
    0x00000aac   0x00000aac   0x0000002c   Code   RO          309    .text.GPIO_TriTypeConfig  pt32z192xx_gpio.o
    0x00000ad8   0x00000ad8   0x00000002   Code   RO           55    .text.HardFault_Handler  pt32z192xx_it.o
    0x00000ada   0x00000ada   0x00000002   PAD
    0x00000adc   0x00000adc   0x00000060   Code   RO           22    .text.LED_GPIO_Config  main.o
    0x00000b3c   0x00000b3c   0x00000002   Code   RO           53    .text.NMI_Handler   pt32z192xx_it.o
    0x00000b3e   0x00000b3e   0x00000002   PAD
    0x00000b40   0x00000b40   0x0000005c   Code   RO          392    .text.NVIC_Init     pt32z192xx_misc.o
    0x00000b9c   0x00000b9c   0x00000002   Code   RO           69    .text.PA_Handler    pt32z192xx_it.o
    0x00000b9e   0x00000b9e   0x00000002   PAD
    0x00000ba0   0x00000ba0   0x00000002   Code   RO           71    .text.PB_Handler    pt32z192xx_it.o
    0x00000ba2   0x00000ba2   0x00000002   PAD
    0x00000ba4   0x00000ba4   0x00000044   Code   RO           73    .text.PC_Handler    pt32z192xx_it.o
    0x00000be8   0x00000be8   0x00000002   Code   RO           75    .text.PD_Handler    pt32z192xx_it.o
    0x00000bea   0x00000bea   0x00000002   PAD
    0x00000bec   0x00000bec   0x00000002   Code   RO           59    .text.PendSV_Handler  pt32z192xx_it.o
    0x00000bee   0x00000bee   0x00000002   PAD
    0x00000bf0   0x00000bf0   0x00000002   Code   RO          111    .text.RTC_Handler   pt32z192xx_it.o
    0x00000bf2   0x00000bf2   0x00000002   PAD
    0x00000bf4   0x00000bf4   0x00000008   Code   RO          860    .text.SEGGER_RTT_Init  segger_rtt.o
    0x00000bfc   0x00000bfc   0x0000003a   Code   RO          824    .text.SEGGER_RTT_Write  segger_rtt.o
    0x00000c36   0x00000c36   0x00000002   PAD
    0x00000c38   0x00000c38   0x0000005c   Code   RO          820    .text.SEGGER_RTT_WriteNoLock  segger_rtt.o
    0x00000c94   0x00000c94   0x0000001e   Code   RO          894    .text.SEGGER_RTT_printf  segger_rtt_printf.o
    0x00000cb2   0x00000cb2   0x00000002   PAD
    0x00000cb4   0x00000cb4   0x0000023a   Code   RO          886    .text.SEGGER_RTT_vprintf  segger_rtt_printf.o
    0x00000eee   0x00000eee   0x00000002   PAD
    0x00000ef0   0x00000ef0   0x00000012   Code   RO          744    .text.SERIAL_PutChar  pt32z192xx_serial.o
    0x00000f02   0x00000f02   0x00000002   PAD
    0x00000f04   0x00000f04   0x00000002   Code   RO           83    .text.SPI0_Handler  pt32z192xx_it.o
    0x00000f06   0x00000f06   0x00000002   PAD
    0x00000f08   0x00000f08   0x00000002   Code   RO           85    .text.SPI1_Handler  pt32z192xx_it.o
    0x00000f0a   0x00000f0a   0x00000002   PAD
    0x00000f0c   0x00000f0c   0x00000002   Code   RO           57    .text.SVC_Handler   pt32z192xx_it.o
    0x00000f0e   0x00000f0e   0x00000002   PAD
    0x00000f10   0x00000f10   0x00000028   Code   RO           28    .text.SysTick_Config  main.o
    0x00000f38   0x00000f38   0x00000018   Code   RO           61    .text.SysTick_Handler  pt32z192xx_it.o
    0x00000f50   0x00000f50   0x00000026   Code   RO           26    .text.SysTick_Init  main.o
    0x00000f76   0x00000f76   0x00000002   PAD
    0x00000f78   0x00000f78   0x000000a4   Code   RO          129    .text.SystemInit    system_pt32z192xx.o
    0x0000101c   0x0000101c   0x00000002   Code   RO           99    .text.TMR0_Handler  pt32z192xx_it.o
    0x0000101e   0x0000101e   0x00000002   PAD
    0x00001020   0x00001020   0x00000002   Code   RO          101    .text.TMR1_Handler  pt32z192xx_it.o
    0x00001022   0x00001022   0x00000002   PAD
    0x00001024   0x00001024   0x00000002   Code   RO          103    .text.TMR2_Handler  pt32z192xx_it.o
    0x00001026   0x00001026   0x00000002   PAD
    0x00001028   0x00001028   0x00000002   Code   RO          105    .text.TMR3_Handler  pt32z192xx_it.o
    0x0000102a   0x0000102a   0x00000002   PAD
    0x0000102c   0x0000102c   0x00000002   Code   RO          107    .text.TMR4_Handler  pt32z192xx_it.o
    0x0000102e   0x0000102e   0x00000002   PAD
    0x00001030   0x00001030   0x00000002   Code   RO          109    .text.TMR5_Handler  pt32z192xx_it.o
    0x00001032   0x00001032   0x00000002   PAD
    0x00001034   0x00001034   0x00000002   Code   RO           87    .text.UART0_Handler  pt32z192xx_it.o
    0x00001036   0x00001036   0x00000002   PAD
    0x00001038   0x00001038   0x00000002   Code   RO           89    .text.UART1_Handler  pt32z192xx_it.o
    0x0000103a   0x0000103a   0x00000002   PAD
    0x0000103c   0x0000103c   0x00000028   Code   RO           91    .text.UART2_Handler  pt32z192xx_it.o
    0x00001064   0x00001064   0x00000012   Code   RO          576    .text.UART_Cmd      pt32z192xx_uart.o
    0x00001076   0x00001076   0x00000002   PAD
    0x00001078   0x00001078   0x00000060   Code   RO           20    .text.UART_Config   main.o
    0x000010d8   0x000010d8   0x0000002a   Code   RO           18    .text.UART_INT_Config  main.o
    0x00001102   0x00001102   0x00000002   PAD
    0x00001104   0x00001104   0x00000010   Code   RO          604    .text.UART_ITConfig  pt32z192xx_uart.o
    0x00001114   0x00001114   0x0000009a   Code   RO          572    .text.UART_Init     pt32z192xx_uart.o
    0x000011ae   0x000011ae   0x00000002   PAD
    0x000011b0   0x000011b0   0x00000024   Code   RO          127    .text.Wait_ClockReady  system_pt32z192xx.o
    0x000011d4   0x000011d4   0x0000006e   Code   RO          802    .text._DoInit       segger_rtt.o
    0x00001242   0x00001242   0x00000002   PAD
    0x00001244   0x00001244   0x00000014   Code   RO          814    .text._GetAvailWriteSpace  segger_rtt.o
    0x00001258   0x00001258   0x000000fc   Code   RO          890    .text._PrintInt     segger_rtt_printf.o
    0x00001354   0x00001354   0x000000f0   Code   RO          892    .text._PrintUnsigned  segger_rtt_printf.o
    0x00001444   0x00001444   0x00000040   Code   RO          888    .text._StoreChar    segger_rtt_printf.o
    0x00001484   0x00001484   0x00000066   Code   RO          818    .text._WriteBlocking  segger_rtt.o
    0x000014ea   0x000014ea   0x00000002   PAD
    0x000014ec   0x000014ec   0x00000046   Code   RO          816    .text._WriteNoCheck  segger_rtt.o
    0x00001532   0x00001532   0x00000002   PAD
    0x00001534   0x00001534   0x0000000e   Code   RO           40    .text.__NVIC_SetPriority  main.o
    0x00001542   0x00001542   0x00000002   PAD
    0x00001544   0x00001544   0x00000044   Code   RO           32    .text.adc_initial   main.o
    0x00001588   0x00001588   0x0000007e   Code   RO            4    .text.app           app.o
    0x00001606   0x00001606   0x00000002   PAD
    0x00001608   0x00001608   0x0000000a   Code   RO          730    .text.fputc         pt32z192xx_retarget.o
    0x00001612   0x00001612   0x00000002   PAD
    0x00001614   0x00001614   0x00000048   Code   RO           38    .text.main          main.o
    0x0000165c   0x0000165c   0x00000068   Code   RO           34    .text.read_uid      main.o
    0x000016c4   0x000016c4   0x00000080   Code   RO           16    .text.segger_init   main.o
    0x00001744   0x00001744   0x00000052   Code   RO           24    .text.switch_gpio_config  main.o
    0x00001796   0x00001796   0x00000002   PAD
    0x00001798   0x00001798   0x00000020   Code   RO         1145    i.__0printf         mc_w.l(printfa.o)
    0x000017b8   0x000017b8   0x00000028   Code   RO         1147    i.__0sprintf        mc_w.l(printfa.o)
    0x000017e0   0x000017e0   0x0000000e   Code   RO         1225    i.__scatterload_copy  mc_w.l(handlers.o)
    0x000017ee   0x000017ee   0x00000002   Code   RO         1226    i.__scatterload_null  mc_w.l(handlers.o)
    0x000017f0   0x000017f0   0x0000000e   Code   RO         1227    i.__scatterload_zeroinit  mc_w.l(handlers.o)
    0x000017fe   0x000017fe   0x00000002   PAD
    0x00001800   0x00001800   0x00000184   Code   RO         1152    i._fp_digits        mc_w.l(printfa.o)
    0x00001984   0x00001984   0x000006dc   Code   RO         1153    i._printf_core      mc_w.l(printfa.o)
    0x00002060   0x00002060   0x00000024   Code   RO         1154    i._printf_post_padding  mc_w.l(printfa.o)
    0x00002084   0x00002084   0x0000002e   Code   RO         1155    i._printf_pre_padding  mc_w.l(printfa.o)
    0x000020b2   0x000020b2   0x0000000a   Code   RO         1157    i._sputc            mc_w.l(printfa.o)
    0x000020bc   0x000020bc   0x00000012   Data   RO            7    .rodata.str1.1      app.o
    0x000020ce   0x000020ce   0x00000005   Data   RO           42    .rodata.str1.1      main.o
    0x000020d3   0x000020d3   0x00000009   Data   RO          875    .rodata.str1.1      segger_rtt.o
    0x000020dc   0x000020dc   0x00000020   Data   RO         1224    Region$$Table       anon$$obj.o


    Execution Region RW_IRAM1 (Exec base: 0x20000000, Load base: 0x00002100, Size: 0x000014a0, Max: 0x00010000, ABSOLUTE)

    Exec Addr    Load Addr    Size         Type   Attr      Idx    E Section Name        Object

    0x20000000   0x00002100   0x00000004   Data   RW         1195    .data               mc_w.l(stdout.o)
    0x20000004   0x00002104   0x00000004   Data   RW          131    .data.SystemCoreClock  system_pt32z192xx.o
    0x20000008   0x00002108   0x00000004   Data   RW          132    .data.VCO_VALUE     system_pt32z192xx.o
    0x2000000c   0x0000210c   0x00000004   PAD
    0x20000010        -       0x00000004   Zero   RW            6    .bss.TimingDelay    app.o
    0x20000014        -       0x00000078   Zero   RW          872    .bss._SEGGER_RTT    segger_rtt.o
    0x2000008c        -       0x00000010   Zero   RW          877    .bss._acDownBuffer  segger_rtt.o
    0x2000009c        -       0x00001000   Zero   RW          876    .bss._acUpBuffer    segger_rtt.o
    0x2000109c        -       0x00000002   Zero   RW           43    .bss.m_AdcValue     main.o
    0x2000109e   0x0000210c   0x00000002   PAD
    0x200010a0        -       0x00000400   Zero   RW          139    STACK               startup_pt32z192.o


==============================================================================

Image component sizes


      Code (inc. data)   RO Data    RW Data    ZI Data      Debug   Object Name

       168          0         18          0          4       1116   app.o
       862        152          5          0          2       7124   main.o
       110          0          0          0          0       3431   pt32z192xx_adc.o
       222          0          0          0          0       5070   pt32z192xx_dma.o
       168          6          0          0          0       6837   pt32z192xx_gpio.o
       174         44          0          0          0       4361   pt32z192xx_it.o
        92          0          0          0          0       2387   pt32z192xx_misc.o
        10          0          0          0          0       1295   pt32z192xx_retarget.o
        18          0          0          0          0       1068   pt32z192xx_serial.o
       188          0          0          0          0       5725   pt32z192xx_uart.o
       460          0          9          0       4232      17476   segger_rtt.o
      1156        114          0          0          0       4643   segger_rtt_printf.o
        36          8        304          0       1024        804   startup_pt32z192.o
       200          0          0          8          0       1922   system_pt32z192xx.o

    ----------------------------------------------------------------------
      3956        324        368          8       5268      63259   Object Totals
         0          0         32          0          0          0   (incl. Generated)
        92          0          0          0          6          0   (incl. Padding)

    ----------------------------------------------------------------------

      Code (inc. data)   RO Data    RW Data    ZI Data      Debug   Library Member Name

         0          0          0          0          0          0   entry.o
         0          0          0          0          0          0   entry10a.o
         0          0          0          0          0          0   entry11a.o
         8          4          0          0          0          0   entry2.o
         4          0          0          0          0          0   entry5.o
         0          0          0          0          0          0   entry7b.o
         0          0          0          0          0          0   entry8b.o
         8          4          0          0          0          0   entry9a.o
        30          0          0          0          0          0   handlers.o
        36          8          0          0          0         68   init.o
         0          0          0          0          0          0   iusefp.o
        30          0          0          0          0         68   llshl.o
        36          0          0          0          0         68   llsshr.o
        32          0          0          0          0         68   llushr.o
        36          0          0          0          0         68   memcpya.o
      2308         96          0          0          0        604   printfa.o
         0          0          0          4          0          0   stdout.o
        44          0          0          0          0         80   uidiv.o
        98          0          0          0          0         92   uldiv.o
        48          0          0          0          0         68   cdrcmple.o
       334          0          0          0          0        148   dadd.o
       222          0          0          0          0        100   ddiv.o
       186          0          0          0          0        176   depilogue.o
        48          0          0          0          0         68   dfixul.o
       228          0          0          0          0         96   dmul.o
        38          0          0          0          0         68   f2d.o
       124          0          0          0          0         88   fdiv.o
       110          0          0          0          0        168   fepilogue.o
        10          0          0          0          0         68   ffltui.o
       100          0          0          0          0         76   fmul.o

    ----------------------------------------------------------------------
      4120        112          0          4          0       2240   Library Totals
         2          0          0          0          0          0   (incl. Padding)

    ----------------------------------------------------------------------

      Code (inc. data)   RO Data    RW Data    ZI Data      Debug   Library Name

      2670        112          0          4          0       1116   mc_w.l
      1448          0          0          0          0       1124   mf_w.l

    ----------------------------------------------------------------------
      4120        112          0          4          0       2240   Library Totals

    ----------------------------------------------------------------------

==============================================================================


      Code (inc. data)   RO Data    RW Data    ZI Data      Debug   

      8076        436        368         12       5268      64315   Grand Totals
      8076        436        368         12       5268      64315   ELF Image Totals
      8076        436        368         12          0          0   ROM Totals

==============================================================================

    Total RO  Size (Code + RO Data)                 8444 (   8.25kB)
    Total RW  Size (RW Data + ZI Data)              5280 (   5.16kB)
    Total ROM Size (Code + RO Data + RW Data)       8456 (   8.26kB)

==============================================================================

