Component: ARM Compiler 6.14.1 Tool: armlink [5db06d00]

==============================================================================

Image Symbol Table

    Local Symbols

    Symbol Name                              Value     Ov Type        Size  Object(Section)

    ../clib/microlib/division.c              0x00000000   Number         0  uidiv.o ABSOLUTE
    ../clib/microlib/division.c              0x00000000   Number         0  uldiv.o ABSOLUTE
    ../clib/microlib/init/entry.s            0x00000000   Number         0  entry.o ABSOLUTE
    ../clib/microlib/init/entry.s            0x00000000   Number         0  entry2.o ABSOLUTE
    ../clib/microlib/init/entry.s            0x00000000   Number         0  entry5.o ABSOLUTE
    ../clib/microlib/init/entry.s            0x00000000   Number         0  entry7a.o ABSOLUTE
    ../clib/microlib/init/entry.s            0x00000000   Number         0  entry7b.o ABSOLUTE
    ../clib/microlib/init/entry.s            0x00000000   Number         0  entry8a.o ABSOLUTE
    ../clib/microlib/init/entry.s            0x00000000   Number         0  entry8b.o ABSOLUTE
    ../clib/microlib/init/entry.s            0x00000000   Number         0  entry9a.o ABSOLUTE
    ../clib/microlib/init/entry.s            0x00000000   Number         0  entry9b.o ABSOLUTE
    ../clib/microlib/init/entry.s            0x00000000   Number         0  entry10a.o ABSOLUTE
    ../clib/microlib/init/entry.s            0x00000000   Number         0  entry10b.o ABSOLUTE
    ../clib/microlib/init/entry.s            0x00000000   Number         0  entry11a.o ABSOLUTE
    ../clib/microlib/init/entry.s            0x00000000   Number         0  entry11b.o ABSOLUTE
    ../clib/microlib/longlong.c              0x00000000   Number         0  llshl.o ABSOLUTE
    ../clib/microlib/longlong.c              0x00000000   Number         0  llushr.o ABSOLUTE
    ../clib/microlib/longlong.c              0x00000000   Number         0  llsshr.o ABSOLUTE
    ../clib/microlib/printf/printf.c         0x00000000   Number         0  printfa.o ABSOLUTE
    ../clib/microlib/stdio/streams.c         0x00000000   Number         0  stdout.o ABSOLUTE
    ../clib/microlib/string/memcpy.c         0x00000000   Number         0  memcpya.o ABSOLUTE
    ../clib/microlib/string/memcpy.c         0x00000000   Number         0  memcpyb.o ABSOLUTE
    ../clib/microlib/string/strcpy.c         0x00000000   Number         0  strcpy.o ABSOLUTE
    ../clib/microlib/string/strlen.c         0x00000000   Number         0  strlen.o ABSOLUTE
    ../clib/microlib/stubs.s                 0x00000000   Number         0  iusefp.o ABSOLUTE
    ../common/startup_n32g4fr.s              0x00000000   Number         0  startup_n32g4fr.o ABSOLUTE
    ../fplib/microlib/fpadd.c                0x00000000   Number         0  dadd.o ABSOLUTE
    ../fplib/microlib/fpdiv.c                0x00000000   Number         0  ddiv.o ABSOLUTE
    ../fplib/microlib/fpepilogue.c           0x00000000   Number         0  depilogue.o ABSOLUTE
    ../fplib/microlib/fpfix.c                0x00000000   Number         0  dfixul.o ABSOLUTE
    ../fplib/microlib/fpmul.c                0x00000000   Number         0  dmul.o ABSOLUTE
    ..\application\HardFaultHandlerMDK\HardFaultHandler.S 0x00000000   Number         0  hardfaulthandler.o ABSOLUTE
    SEGGER_HardFaultHandler.c                0x00000000   Number         0  segger_hardfaulthandler.o ABSOLUTE
    SEGGER_RTT.c                             0x00000000   Number         0  segger_rtt.o ABSOLUTE
    SEGGER_RTT_printf.c                      0x00000000   Number         0  segger_rtt_printf.o ABSOLUTE
    app.c                                    0x00000000   Number         0  app.o ABSOLUTE
    cdrcmple.s                               0x00000000   Number         0  cdrcmple.o ABSOLUTE
    dc.s                                     0x00000000   Number         0  dc.o ABSOLUTE
    delay.c                                  0x00000000   Number         0  delay.o ABSOLUTE
    handlers.s                               0x00000000   Number         0  handlers.o ABSOLUTE
    init.s                                   0x00000000   Number         0  init.o ABSOLUTE
    log.c                                    0x00000000   Number         0  log.o ABSOLUTE
    main.c                                   0x00000000   Number         0  main.o ABSOLUTE
    misc.c                                   0x00000000   Number         0  misc.o ABSOLUTE
    n32g4fr_adc.c                            0x00000000   Number         0  n32g4fr_adc.o ABSOLUTE
    n32g4fr_bkp.c                            0x00000000   Number         0  n32g4fr_bkp.o ABSOLUTE
    n32g4fr_can.c                            0x00000000   Number         0  n32g4fr_can.o ABSOLUTE
    n32g4fr_crc.c                            0x00000000   Number         0  n32g4fr_crc.o ABSOLUTE
    n32g4fr_dac.c                            0x00000000   Number         0  n32g4fr_dac.o ABSOLUTE
    n32g4fr_dbg.c                            0x00000000   Number         0  n32g4fr_dbg.o ABSOLUTE
    n32g4fr_dma.c                            0x00000000   Number         0  n32g4fr_dma.o ABSOLUTE
    n32g4fr_dvp.c                            0x00000000   Number         0  n32g4fr_dvp.o ABSOLUTE
    n32g4fr_exti.c                           0x00000000   Number         0  n32g4fr_exti.o ABSOLUTE
    n32g4fr_flash.c                          0x00000000   Number         0  n32g4fr_flash.o ABSOLUTE
    n32g4fr_gpio.c                           0x00000000   Number         0  n32g4fr_gpio.o ABSOLUTE
    n32g4fr_i2c.c                            0x00000000   Number         0  n32g4fr_i2c.o ABSOLUTE
    n32g4fr_it.c                             0x00000000   Number         0  n32g4fr_it.o ABSOLUTE
    n32g4fr_iwdg.c                           0x00000000   Number         0  n32g4fr_iwdg.o ABSOLUTE
    n32g4fr_pwr.c                            0x00000000   Number         0  n32g4fr_pwr.o ABSOLUTE
    n32g4fr_qspi.c                           0x00000000   Number         0  n32g4fr_qspi.o ABSOLUTE
    n32g4fr_rcc.c                            0x00000000   Number         0  n32g4fr_rcc.o ABSOLUTE
    n32g4fr_rtc.c                            0x00000000   Number         0  n32g4fr_rtc.o ABSOLUTE
    n32g4fr_sdio.c                           0x00000000   Number         0  n32g4fr_sdio.o ABSOLUTE
    n32g4fr_spi.c                            0x00000000   Number         0  n32g4fr_spi.o ABSOLUTE
    n32g4fr_tim.c                            0x00000000   Number         0  n32g4fr_tim.o ABSOLUTE
    n32g4fr_tsc.c                            0x00000000   Number         0  n32g4fr_tsc.o ABSOLUTE
    n32g4fr_usart.c                          0x00000000   Number         0  n32g4fr_usart.o ABSOLUTE
    n32g4fr_wwdg.c                           0x00000000   Number         0  n32g4fr_wwdg.o ABSOLUTE
    n32g4fr_xfmc.c                           0x00000000   Number         0  n32g4fr_xfmc.o ABSOLUTE
    system_n32g4fr.c                         0x00000000   Number         0  system_n32g4fr.o ABSOLUTE
    systick.c                                0x00000000   Number         0  systick.o ABSOLUTE
    RESET                                    0x08000000   Section      408  startup_n32g4fr.o(RESET)
    .ARM.Collect$$$$00000000                 0x08000198   Section        0  entry.o(.ARM.Collect$$$$00000000)
    .ARM.Collect$$$$00000001                 0x08000198   Section        4  entry2.o(.ARM.Collect$$$$00000001)
    .ARM.Collect$$$$00000004                 0x0800019c   Section        4  entry5.o(.ARM.Collect$$$$00000004)
    .ARM.Collect$$$$00000008                 0x080001a0   Section        0  entry7b.o(.ARM.Collect$$$$00000008)
    .ARM.Collect$$$$0000000A                 0x080001a0   Section        0  entry8b.o(.ARM.Collect$$$$0000000A)
    .ARM.Collect$$$$0000000B                 0x080001a0   Section        8  entry9a.o(.ARM.Collect$$$$0000000B)
    __lit__00000000                          0x080001a8   Data           4  entry2.o(.ARM.Collect$$$$00002712)
    .ARM.Collect$$$$0000000D                 0x080001a8   Section        0  entry10a.o(.ARM.Collect$$$$0000000D)
    .ARM.Collect$$$$0000000F                 0x080001a8   Section        0  entry11a.o(.ARM.Collect$$$$0000000F)
    .ARM.Collect$$$$00002712                 0x080001a8   Section        4  entry2.o(.ARM.Collect$$$$00002712)
    $v0                                      0x080001ac   Number         0  startup_n32g4fr.o(.text)
    .text                                    0x080001ac   Section       36  startup_n32g4fr.o(.text)
    .text                                    0x080001d0   Section        0  memcpya.o(.text)
    .text                                    0x080001f4   Section        0  strcpy.o(.text)
    .text                                    0x08000206   Section        0  uidiv.o(.text)
    .text                                    0x08000232   Section        0  uldiv.o(.text)
    .text                                    0x08000294   Section        0  iusefp.o(.text)
    .text                                    0x08000294   Section        0  dadd.o(.text)
    .text                                    0x080003e2   Section        0  dmul.o(.text)
    .text                                    0x080004c6   Section        0  ddiv.o(.text)
    .text                                    0x080005a4   Section        0  dfixul.o(.text)
    .text                                    0x080005d4   Section       48  cdrcmple.o(.text)
    .text                                    0x08000604   Section       36  init.o(.text)
    .text                                    0x08000628   Section        0  llshl.o(.text)
    .text                                    0x08000646   Section        0  llushr.o(.text)
    .text                                    0x08000666   Section        0  llsshr.o(.text)
    .text                                    0x0800068a   Section        0  depilogue.o(.text)
    [Anonymous Symbol]                       0x08000744   Section        0  n32g4fr_adc.o(.text.ADC_ConfigClk)
    [Anonymous Symbol]                       0x08000780   Section        0  n32g4fr_adc.o(.text.ADC_ConfigRegularChannel)
    [Anonymous Symbol]                       0x08000940   Section        0  n32g4fr_adc.o(.text.ADC_Enable)
    [Anonymous Symbol]                       0x08000970   Section        0  n32g4fr_adc.o(.text.ADC_EnableDMA)
    [Anonymous Symbol]                       0x080009a0   Section        0  n32g4fr_adc.o(.text.ADC_EnableSoftwareStartConv)
    [Anonymous Symbol]                       0x080009d0   Section        0  n32g4fr_adc.o(.text.ADC_GetCalibrationStatus)
    [Anonymous Symbol]                       0x08000a00   Section        0  n32g4fr_adc.o(.text.ADC_GetFlagStatusNew)
    [Anonymous Symbol]                       0x08000a38   Section        0  n32g4fr_adc.o(.text.ADC_Init)
    [Anonymous Symbol]                       0x08000ad4   Section        0  main.o(.text.ADC_Initial)
    [Anonymous Symbol]                       0x08000b70   Section        0  n32g4fr_adc.o(.text.ADC_StartCalibration)
    [Anonymous Symbol]                       0x08000b84   Section        0  n32g4fr_it.o(.text.BusFault_Handler)
    [Anonymous Symbol]                       0x08000b88   Section        0  n32g4fr_dma.o(.text.DMA_DeInit)
    [Anonymous Symbol]                       0x08000dcc   Section        0  n32g4fr_dma.o(.text.DMA_EnableChannel)
    [Anonymous Symbol]                       0x08000e00   Section        0  n32g4fr_dma.o(.text.DMA_Init)
    [Anonymous Symbol]                       0x08000e6c   Section        0  n32g4fr_it.o(.text.DebugMon_Handler)
    [Anonymous Symbol]                       0x08000e70   Section        0  n32g4fr_gpio.o(.text.GPIO_ConfigPinRemap)
    [Anonymous Symbol]                       0x08001290   Section        0  n32g4fr_gpio.o(.text.GPIO_InitPeripheral)
    [Anonymous Symbol]                       0x08001420   Section        0  n32g4fr_gpio.o(.text.GPIO_ReadInputDataBit)
    [Anonymous Symbol]                       0x08001458   Section        0  segger_hardfaulthandler.o(.text.HardFaultHandler)
    [Anonymous Symbol]                       0x08001570   Section        0  main.o(.text.KeyInputInit)
    [Anonymous Symbol]                       0x08001670   Section        0  main.o(.text.LedBlink)
    [Anonymous Symbol]                       0x0800168c   Section        0  main.o(.text.LedInit)
    [Anonymous Symbol]                       0x0800178c   Section        0  main.o(.text.LedOn)
    [Anonymous Symbol]                       0x080017a4   Section        0  n32g4fr_it.o(.text.MemManage_Handler)
    [Anonymous Symbol]                       0x080017a8   Section        0  n32g4fr_it.o(.text.NMI_Handler)
    [Anonymous Symbol]                       0x080017ac   Section        0  n32g4fr_rcc.o(.text.RCC_ConfigAdcHclk)
    [Anonymous Symbol]                       0x080017d8   Section        0  n32g4fr_rcc.o(.text.RCC_ConfigAdcPllClk)
    [Anonymous Symbol]                       0x08001830   Section        0  main.o(.text.RCC_Configuration)
    [Anonymous Symbol]                       0x08001870   Section        0  n32g4fr_rcc.o(.text.RCC_EnableAHBPeriphClk)
    [Anonymous Symbol]                       0x080018b0   Section        0  n32g4fr_rcc.o(.text.RCC_EnableAPB2PeriphClk)
    [Anonymous Symbol]                       0x080018f0   Section        0  n32g4fr_rcc.o(.text.RCC_GetClocksFreqValue)
    [Anonymous Symbol]                       0x08001ab8   Section        0  segger_rtt.o(.text.SEGGER_RTT_Init)
    [Anonymous Symbol]                       0x08001ac0   Section        0  segger_rtt.o(.text.SEGGER_RTT_Write)
    [Anonymous Symbol]                       0x08001b10   Section        0  segger_rtt.o(.text.SEGGER_RTT_WriteNoLock)
    [Anonymous Symbol]                       0x08001bc4   Section        0  segger_rtt_printf.o(.text.SEGGER_RTT_printf)
    [Anonymous Symbol]                       0x08001bf0   Section        0  segger_rtt_printf.o(.text.SEGGER_RTT_vprintf)
    [Anonymous Symbol]                       0x08001f38   Section        0  n32g4fr_it.o(.text.SVC_Handler)
    SetSysClock                              0x08001f3d   Thumb Code   330  system_n32g4fr.o(.text.SetSysClock)
    [Anonymous Symbol]                       0x08001f3c   Section        0  system_n32g4fr.o(.text.SetSysClock)
    SysTick_Config                           0x08002089   Thumb Code    82  systick.o(.text.SysTick_Config)
    [Anonymous Symbol]                       0x08002088   Section        0  systick.o(.text.SysTick_Config)
    [Anonymous Symbol]                       0x080020dc   Section        0  n32g4fr_it.o(.text.SysTick_Handler)
    [Anonymous Symbol]                       0x080020e4   Section        0  system_n32g4fr.o(.text.SystemInit)
    [Anonymous Symbol]                       0x080021b0   Section        0  n32g4fr_usart.o(.text.USART_Enable)
    [Anonymous Symbol]                       0x080021e0   Section        0  n32g4fr_usart.o(.text.USART_GetFlagStatus)
    [Anonymous Symbol]                       0x08002228   Section        0  n32g4fr_usart.o(.text.USART_Init)
    [Anonymous Symbol]                       0x08002350   Section        0  n32g4fr_usart.o(.text.USART_SendData)
    [Anonymous Symbol]                       0x0800236c   Section        0  n32g4fr_it.o(.text.UsageFault_Handler)
    _DoInit                                  0x08002371   Thumb Code   162  segger_rtt.o(.text._DoInit)
    [Anonymous Symbol]                       0x08002370   Section        0  segger_rtt.o(.text._DoInit)
    _GetAvailWriteSpace                      0x08002415   Thumb Code    62  segger_rtt.o(.text._GetAvailWriteSpace)
    [Anonymous Symbol]                       0x08002414   Section        0  segger_rtt.o(.text._GetAvailWriteSpace)
    _PrintInt                                0x08002455   Thumb Code   484  segger_rtt_printf.o(.text._PrintInt)
    [Anonymous Symbol]                       0x08002454   Section        0  segger_rtt_printf.o(.text._PrintInt)
    _PrintUnsigned                           0x08002639   Thumb Code   446  segger_rtt_printf.o(.text._PrintUnsigned)
    [Anonymous Symbol]                       0x08002638   Section        0  segger_rtt_printf.o(.text._PrintUnsigned)
    _StoreChar                               0x080027f9   Thumb Code   120  segger_rtt_printf.o(.text._StoreChar)
    [Anonymous Symbol]                       0x080027f8   Section        0  segger_rtt_printf.o(.text._StoreChar)
    _WriteBlocking                           0x08002871   Thumb Code   228  segger_rtt.o(.text._WriteBlocking)
    [Anonymous Symbol]                       0x08002870   Section        0  segger_rtt.o(.text._WriteBlocking)
    _WriteNoCheck                            0x08002955   Thumb Code   148  segger_rtt.o(.text._WriteNoCheck)
    [Anonymous Symbol]                       0x08002954   Section        0  segger_rtt.o(.text._WriteNoCheck)
    __NVIC_SetPriority                       0x080029e9   Thumb Code    68  systick.o(.text.__NVIC_SetPriority)
    [Anonymous Symbol]                       0x080029e8   Section        0  systick.o(.text.__NVIC_SetPriority)
    [Anonymous Symbol]                       0x08002a2c   Section        0  main.o(.text.analog_pin_config)
    [Anonymous Symbol]                       0x08002a64   Section        0  app.o(.text.app)
    [Anonymous Symbol]                       0x08002a70   Section        0  systick.o(.text.delay_1ms)
    [Anonymous Symbol]                       0x08002a98   Section        0  systick.o(.text.delay_decrement)
    [Anonymous Symbol]                       0x08002abc   Section        0  main.o(.text.dma_initial)
    [Anonymous Symbol]                       0x08002b24   Section        0  main.o(.text.fputc)
    [Anonymous Symbol]                       0x08002b5c   Section        0  main.o(.text.led_init)
    [Anonymous Symbol]                       0x08002ba4   Section        0  main.o(.text.main)
    [Anonymous Symbol]                       0x08002cf0   Section        0  main.o(.text.segger_init)
    [Anonymous Symbol]                       0x08002d3c   Section        0  systick.o(.text.systick_config)
    [Anonymous Symbol]                       0x08002d78   Section        0  main.o(.text.tick_init)
    [Anonymous Symbol]                       0x08002d80   Section        0  main.o(.text.uart_init)
    [Anonymous Symbol]                       0x08002dfc   Section        0  main.o(.text.user_button_init)
    $v0                                      0x08002e24   Number         0  hardfaulthandler.o(OSKERNEL)
    OSKERNEL                                 0x08002e24   Section       18  hardfaulthandler.o(OSKERNEL)
    i.__0printf                              0x08002e38   Section        0  printfa.o(i.__0printf)
    i.__scatterload_copy                     0x08002e58   Section       14  handlers.o(i.__scatterload_copy)
    i.__scatterload_null                     0x08002e66   Section        2  handlers.o(i.__scatterload_null)
    i.__scatterload_zeroinit                 0x08002e68   Section       14  handlers.o(i.__scatterload_zeroinit)
    _fp_digits                               0x08002e79   Thumb Code   366  printfa.o(i._fp_digits)
    i._fp_digits                             0x08002e78   Section        0  printfa.o(i._fp_digits)
    _printf_core                             0x08002ffd   Thumb Code  1744  printfa.o(i._printf_core)
    i._printf_core                           0x08002ffc   Section        0  printfa.o(i._printf_core)
    _printf_post_padding                     0x080036d9   Thumb Code    36  printfa.o(i._printf_post_padding)
    i._printf_post_padding                   0x080036d8   Section        0  printfa.o(i._printf_post_padding)
    _printf_pre_padding                      0x080036fd   Thumb Code    46  printfa.o(i._printf_pre_padding)
    i._printf_pre_padding                    0x080036fc   Section        0  printfa.o(i._printf_pre_padding)
    _PrintUnsigned._aV2C                     0x0800372a   Data          16  segger_rtt_printf.o(.rodata._PrintUnsigned._aV2C)
    [Anonymous Symbol]                       0x0800372a   Section        0  segger_rtt_printf.o(.rodata._PrintUnsigned._aV2C)
    s_AdcHclkPresTable                       0x0800373a   Data          16  n32g4fr_rcc.o(.rodata.s_AdcHclkPresTable)
    [Anonymous Symbol]                       0x0800373a   Section        0  n32g4fr_rcc.o(.rodata.s_AdcHclkPresTable)
    s_AdcPllClkPresTable                     0x0800374a   Data          32  n32g4fr_rcc.o(.rodata.s_AdcPllClkPresTable)
    [Anonymous Symbol]                       0x0800374a   Section        0  n32g4fr_rcc.o(.rodata.s_AdcPllClkPresTable)
    s_ApbAhbPresTable                        0x0800376a   Data          16  n32g4fr_rcc.o(.rodata.s_ApbAhbPresTable)
    [Anonymous Symbol]                       0x0800376a   Section        0  n32g4fr_rcc.o(.rodata.s_ApbAhbPresTable)
    .L.str.7                                 0x0800377a   Data          16  main.o(.rodata.str1.1)
    [Anonymous Symbol]                       0x0800377a   Section        0  main.o(.rodata.str1.1)
    .L.str.8                                 0x0800378a   Data          16  main.o(.rodata.str1.1)
    .L.str.9                                 0x0800379a   Data          16  main.o(.rodata.str1.1)
    .L.str.6                                 0x080037aa   Data          29  main.o(.rodata.str1.1)
    .L.str.10                                0x080037c7   Data          10  main.o(.rodata.str1.1)
    .L.str.3                                 0x080037d1   Data          23  main.o(.rodata.str1.1)
    .L.str                                   0x080037e8   Data          31  main.o(.rodata.str1.1)
    .L.str.5                                 0x08003807   Data           9  main.o(.rodata.str1.1)
    .L.str.4                                 0x08003810   Data          12  main.o(.rodata.str1.1)
    .L.str.2                                 0x0800381c   Data           5  main.o(.rodata.str1.1)
    .L.str.1                                 0x08003821   Data           8  main.o(.rodata.str1.1)
    .L.str.2                                 0x08003829   Data           7  segger_rtt.o(.rodata.str1.1)
    [Anonymous Symbol]                       0x08003829   Section        0  segger_rtt.o(.rodata.str1.1)
    .L.str.1                                 0x08003830   Data           4  segger_rtt.o(.rodata.str1.1)
    .L.str                                   0x08003834   Data           9  segger_rtt.o(.rodata.str1.1)
    .data                                    0x20000000   Section        4  stdout.o(.data)
    HardFaultRegs                            0x2000000c   Data          64  segger_hardfaulthandler.o(.bss.HardFaultRegs)
    [Anonymous Symbol]                       0x2000000c   Section        0  segger_hardfaulthandler.o(.bss.HardFaultRegs)
    _Continue                                0x2000004c   Data           4  segger_hardfaulthandler.o(.bss._Continue)
    [Anonymous Symbol]                       0x2000004c   Section        0  segger_hardfaulthandler.o(.bss._Continue)
    _acDownBuffer                            0x200000f8   Data          16  segger_rtt.o(.bss._acDownBuffer)
    [Anonymous Symbol]                       0x200000f8   Section        0  segger_rtt.o(.bss._acDownBuffer)
    _acUpBuffer                              0x20000108   Data        1024  segger_rtt.o(.bss._acUpBuffer)
    [Anonymous Symbol]                       0x20000108   Section        0  segger_rtt.o(.bss._acUpBuffer)
    delay                                    0x20000508   Data           4  systick.o(.bss.delay)
    [Anonymous Symbol]                       0x20000508   Section        0  systick.o(.bss.delay)
    STACK                                    0x20000510   Section     2048  startup_n32g4fr.o(STACK)

    Global Symbols

    Symbol Name                              Value     Ov Type        Size  Object(Section)

    BuildAttributes$$THM_ISAv4$E$P$D$K$B$S$7EM$VFPi3$EXTD16$VFPS$VFMA$PE$A:L22UL41UL21$X:L11$S22US41US21$IEEE1$IW$~IW$USESV6$~STKCKD$USESV7$~SHL$OSPACE$ROPI$EBA8$MICROLIB$REQ8$PRES8$EABIv2 0x00000000   Number         0  anon$$obj.o ABSOLUTE
    __cpp_initialize__aeabi_                  - Undefined Weak Reference
    __cxa_finalize                            - Undefined Weak Reference
    __decompress                              - Undefined Weak Reference
    _clock_init                               - Undefined Weak Reference
    _microlib_exit                            - Undefined Weak Reference
    __Vectors_Size                           0x00000198   Number         0  startup_n32g4fr.o ABSOLUTE
    __Vectors                                0x08000000   Data           4  startup_n32g4fr.o(RESET)
    __Vectors_End                            0x08000198   Data           0  startup_n32g4fr.o(RESET)
    __main                                   0x08000199   Thumb Code     0  entry.o(.ARM.Collect$$$$00000000)
    _main_stk                                0x08000199   Thumb Code     0  entry2.o(.ARM.Collect$$$$00000001)
    _main_scatterload                        0x0800019d   Thumb Code     0  entry5.o(.ARM.Collect$$$$00000004)
    __main_after_scatterload                 0x080001a1   Thumb Code     0  entry5.o(.ARM.Collect$$$$00000004)
    _main_clock                              0x080001a1   Thumb Code     0  entry7b.o(.ARM.Collect$$$$00000008)
    _main_cpp_init                           0x080001a1   Thumb Code     0  entry8b.o(.ARM.Collect$$$$0000000A)
    _main_init                               0x080001a1   Thumb Code     0  entry9a.o(.ARM.Collect$$$$0000000B)
    __rt_final_cpp                           0x080001a9   Thumb Code     0  entry10a.o(.ARM.Collect$$$$0000000D)
    __rt_final_exit                          0x080001a9   Thumb Code     0  entry11a.o(.ARM.Collect$$$$0000000F)
    Reset_Handler                            0x080001ad   Thumb Code     8  startup_n32g4fr.o(.text)
    PendSV_Handler                           0x080001c3   Thumb Code     2  startup_n32g4fr.o(.text)
    ADC1_2_IRQHandler                        0x080001c7   Thumb Code     0  startup_n32g4fr.o(.text)
    ADC3_4_IRQHandler                        0x080001c7   Thumb Code     0  startup_n32g4fr.o(.text)
    CAN1_RX1_IRQHandler                      0x080001c7   Thumb Code     0  startup_n32g4fr.o(.text)
    CAN1_SCE_IRQHandler                      0x080001c7   Thumb Code     0  startup_n32g4fr.o(.text)
    CAN2_RX0_IRQHandler                      0x080001c7   Thumb Code     0  startup_n32g4fr.o(.text)
    CAN2_RX1_IRQHandler                      0x080001c7   Thumb Code     0  startup_n32g4fr.o(.text)
    CAN2_SCE_IRQHandler                      0x080001c7   Thumb Code     0  startup_n32g4fr.o(.text)
    CAN2_TX_IRQHandler                       0x080001c7   Thumb Code     0  startup_n32g4fr.o(.text)
    COMP7_IRQHandler                         0x080001c7   Thumb Code     0  startup_n32g4fr.o(.text)
    COMP_1_2_3_IRQHandler                    0x080001c7   Thumb Code     0  startup_n32g4fr.o(.text)
    COMP_4_5_6_IRQHandler                    0x080001c7   Thumb Code     0  startup_n32g4fr.o(.text)
    DMA1_Channel1_IRQHandler                 0x080001c7   Thumb Code     0  startup_n32g4fr.o(.text)
    DMA1_Channel2_IRQHandler                 0x080001c7   Thumb Code     0  startup_n32g4fr.o(.text)
    DMA1_Channel3_IRQHandler                 0x080001c7   Thumb Code     0  startup_n32g4fr.o(.text)
    DMA1_Channel4_IRQHandler                 0x080001c7   Thumb Code     0  startup_n32g4fr.o(.text)
    DMA1_Channel5_IRQHandler                 0x080001c7   Thumb Code     0  startup_n32g4fr.o(.text)
    DMA1_Channel6_IRQHandler                 0x080001c7   Thumb Code     0  startup_n32g4fr.o(.text)
    DMA1_Channel7_IRQHandler                 0x080001c7   Thumb Code     0  startup_n32g4fr.o(.text)
    DMA1_Channel8_IRQHandler                 0x080001c7   Thumb Code     0  startup_n32g4fr.o(.text)
    DMA2_Channel1_IRQHandler                 0x080001c7   Thumb Code     0  startup_n32g4fr.o(.text)
    DMA2_Channel2_IRQHandler                 0x080001c7   Thumb Code     0  startup_n32g4fr.o(.text)
    DMA2_Channel3_IRQHandler                 0x080001c7   Thumb Code     0  startup_n32g4fr.o(.text)
    DMA2_Channel4_IRQHandler                 0x080001c7   Thumb Code     0  startup_n32g4fr.o(.text)
    DMA2_Channel5_IRQHandler                 0x080001c7   Thumb Code     0  startup_n32g4fr.o(.text)
    DMA2_Channel6_IRQHandler                 0x080001c7   Thumb Code     0  startup_n32g4fr.o(.text)
    DMA2_Channel7_IRQHandler                 0x080001c7   Thumb Code     0  startup_n32g4fr.o(.text)
    DMA2_Channel8_IRQHandler                 0x080001c7   Thumb Code     0  startup_n32g4fr.o(.text)
    DVP_IRQHandler                           0x080001c7   Thumb Code     0  startup_n32g4fr.o(.text)
    ETH_IRQHandler                           0x080001c7   Thumb Code     0  startup_n32g4fr.o(.text)
    ETH_WKUP_IRQHandler                      0x080001c7   Thumb Code     0  startup_n32g4fr.o(.text)
    EXTI0_IRQHandler                         0x080001c7   Thumb Code     0  startup_n32g4fr.o(.text)
    EXTI15_10_IRQHandler                     0x080001c7   Thumb Code     0  startup_n32g4fr.o(.text)
    EXTI1_IRQHandler                         0x080001c7   Thumb Code     0  startup_n32g4fr.o(.text)
    EXTI2_IRQHandler                         0x080001c7   Thumb Code     0  startup_n32g4fr.o(.text)
    EXTI3_IRQHandler                         0x080001c7   Thumb Code     0  startup_n32g4fr.o(.text)
    EXTI4_IRQHandler                         0x080001c7   Thumb Code     0  startup_n32g4fr.o(.text)
    EXTI9_5_IRQHandler                       0x080001c7   Thumb Code     0  startup_n32g4fr.o(.text)
    FLASH_IRQHandler                         0x080001c7   Thumb Code     0  startup_n32g4fr.o(.text)
    I2C1_ER_IRQHandler                       0x080001c7   Thumb Code     0  startup_n32g4fr.o(.text)
    I2C1_EV_IRQHandler                       0x080001c7   Thumb Code     0  startup_n32g4fr.o(.text)
    I2C2_ER_IRQHandler                       0x080001c7   Thumb Code     0  startup_n32g4fr.o(.text)
    I2C2_EV_IRQHandler                       0x080001c7   Thumb Code     0  startup_n32g4fr.o(.text)
    I2C3_ER_IRQHandler                       0x080001c7   Thumb Code     0  startup_n32g4fr.o(.text)
    I2C3_EV_IRQHandler                       0x080001c7   Thumb Code     0  startup_n32g4fr.o(.text)
    I2C4_ER_IRQHandler                       0x080001c7   Thumb Code     0  startup_n32g4fr.o(.text)
    I2C4_EV_IRQHandler                       0x080001c7   Thumb Code     0  startup_n32g4fr.o(.text)
    MMU_IRQHandler                           0x080001c7   Thumb Code     0  startup_n32g4fr.o(.text)
    PVD_IRQHandler                           0x080001c7   Thumb Code     0  startup_n32g4fr.o(.text)
    QSPI_IRQHandler                          0x080001c7   Thumb Code     0  startup_n32g4fr.o(.text)
    RCC_IRQHandler                           0x080001c7   Thumb Code     0  startup_n32g4fr.o(.text)
    RSRAM_IRQHandler                         0x080001c7   Thumb Code     0  startup_n32g4fr.o(.text)
    RTCAlarm_IRQHandler                      0x080001c7   Thumb Code     0  startup_n32g4fr.o(.text)
    RTC_WKUP_IRQHandler                      0x080001c7   Thumb Code     0  startup_n32g4fr.o(.text)
    SAC_IRQHandler                           0x080001c7   Thumb Code     0  startup_n32g4fr.o(.text)
    SDIO_IRQHandler                          0x080001c7   Thumb Code     0  startup_n32g4fr.o(.text)
    SPI1_IRQHandler                          0x080001c7   Thumb Code     0  startup_n32g4fr.o(.text)
    SPI2_IRQHandler                          0x080001c7   Thumb Code     0  startup_n32g4fr.o(.text)
    SPI3_IRQHandler                          0x080001c7   Thumb Code     0  startup_n32g4fr.o(.text)
    TAMPER_IRQHandler                        0x080001c7   Thumb Code     0  startup_n32g4fr.o(.text)
    TIM1_BRK_IRQHandler                      0x080001c7   Thumb Code     0  startup_n32g4fr.o(.text)
    TIM1_CC_IRQHandler                       0x080001c7   Thumb Code     0  startup_n32g4fr.o(.text)
    TIM1_TRG_COM_IRQHandler                  0x080001c7   Thumb Code     0  startup_n32g4fr.o(.text)
    TIM1_UP_IRQHandler                       0x080001c7   Thumb Code     0  startup_n32g4fr.o(.text)
    TIM2_IRQHandler                          0x080001c7   Thumb Code     0  startup_n32g4fr.o(.text)
    TIM3_IRQHandler                          0x080001c7   Thumb Code     0  startup_n32g4fr.o(.text)
    TIM4_IRQHandler                          0x080001c7   Thumb Code     0  startup_n32g4fr.o(.text)
    TIM5_IRQHandler                          0x080001c7   Thumb Code     0  startup_n32g4fr.o(.text)
    TIM6_IRQHandler                          0x080001c7   Thumb Code     0  startup_n32g4fr.o(.text)
    TIM7_IRQHandler                          0x080001c7   Thumb Code     0  startup_n32g4fr.o(.text)
    TIM8_BRK_IRQHandler                      0x080001c7   Thumb Code     0  startup_n32g4fr.o(.text)
    TIM8_CC_IRQHandler                       0x080001c7   Thumb Code     0  startup_n32g4fr.o(.text)
    TIM8_TRG_COM_IRQHandler                  0x080001c7   Thumb Code     0  startup_n32g4fr.o(.text)
    TIM8_UP_IRQHandler                       0x080001c7   Thumb Code     0  startup_n32g4fr.o(.text)
    TSC_IRQHandler                           0x080001c7   Thumb Code     0  startup_n32g4fr.o(.text)
    UART4_IRQHandler                         0x080001c7   Thumb Code     0  startup_n32g4fr.o(.text)
    UART5_IRQHandler                         0x080001c7   Thumb Code     0  startup_n32g4fr.o(.text)
    UART6_IRQHandler                         0x080001c7   Thumb Code     0  startup_n32g4fr.o(.text)
    UART7_IRQHandler                         0x080001c7   Thumb Code     0  startup_n32g4fr.o(.text)
    USART1_IRQHandler                        0x080001c7   Thumb Code     0  startup_n32g4fr.o(.text)
    USART2_IRQHandler                        0x080001c7   Thumb Code     0  startup_n32g4fr.o(.text)
    USART3_IRQHandler                        0x080001c7   Thumb Code     0  startup_n32g4fr.o(.text)
    USBWakeUp_IRQHandler                     0x080001c7   Thumb Code     0  startup_n32g4fr.o(.text)
    USB_HP_CAN1_TX_IRQHandler                0x080001c7   Thumb Code     0  startup_n32g4fr.o(.text)
    USB_LP_CAN1_RX0_IRQHandler               0x080001c7   Thumb Code     0  startup_n32g4fr.o(.text)
    WWDG_IRQHandler                          0x080001c7   Thumb Code     0  startup_n32g4fr.o(.text)
    XFMC_IRQHandler                          0x080001c7   Thumb Code     0  startup_n32g4fr.o(.text)
    __aeabi_memcpy                           0x080001d1   Thumb Code    36  memcpya.o(.text)
    __aeabi_memcpy4                          0x080001d1   Thumb Code     0  memcpya.o(.text)
    __aeabi_memcpy8                          0x080001d1   Thumb Code     0  memcpya.o(.text)
    strcpy                                   0x080001f5   Thumb Code    18  strcpy.o(.text)
    __aeabi_uidiv                            0x08000207   Thumb Code     0  uidiv.o(.text)
    __aeabi_uidivmod                         0x08000207   Thumb Code    44  uidiv.o(.text)
    __aeabi_uldivmod                         0x08000233   Thumb Code    98  uldiv.o(.text)
    __I$use$fp                               0x08000295   Thumb Code     0  iusefp.o(.text)
    __aeabi_dadd                             0x08000295   Thumb Code   322  dadd.o(.text)
    __aeabi_dsub                             0x080003d7   Thumb Code     6  dadd.o(.text)
    __aeabi_drsub                            0x080003dd   Thumb Code     6  dadd.o(.text)
    __aeabi_dmul                             0x080003e3   Thumb Code   228  dmul.o(.text)
    __aeabi_ddiv                             0x080004c7   Thumb Code   222  ddiv.o(.text)
    __aeabi_d2ulz                            0x080005a5   Thumb Code    48  dfixul.o(.text)
    __aeabi_cdrcmple                         0x080005d5   Thumb Code    48  cdrcmple.o(.text)
    __scatterload                            0x08000605   Thumb Code    28  init.o(.text)
    __scatterload_rt2                        0x08000605   Thumb Code     0  init.o(.text)
    __aeabi_llsl                             0x08000629   Thumb Code    30  llshl.o(.text)
    _ll_shift_l                              0x08000629   Thumb Code     0  llshl.o(.text)
    __aeabi_llsr                             0x08000647   Thumb Code    32  llushr.o(.text)
    _ll_ushift_r                             0x08000647   Thumb Code     0  llushr.o(.text)
    __aeabi_lasr                             0x08000667   Thumb Code    36  llsshr.o(.text)
    _ll_sshift_r                             0x08000667   Thumb Code     0  llsshr.o(.text)
    _double_round                            0x0800068b   Thumb Code    30  depilogue.o(.text)
    _double_epilogue                         0x080006a9   Thumb Code   156  depilogue.o(.text)
    ADC_ConfigClk                            0x08000745   Thumb Code    60  n32g4fr_adc.o(.text.ADC_ConfigClk)
    ADC_ConfigRegularChannel                 0x08000781   Thumb Code   446  n32g4fr_adc.o(.text.ADC_ConfigRegularChannel)
    ADC_Enable                               0x08000941   Thumb Code    48  n32g4fr_adc.o(.text.ADC_Enable)
    ADC_EnableDMA                            0x08000971   Thumb Code    48  n32g4fr_adc.o(.text.ADC_EnableDMA)
    ADC_EnableSoftwareStartConv              0x080009a1   Thumb Code    48  n32g4fr_adc.o(.text.ADC_EnableSoftwareStartConv)
    ADC_GetCalibrationStatus                 0x080009d1   Thumb Code    46  n32g4fr_adc.o(.text.ADC_GetCalibrationStatus)
    ADC_GetFlagStatusNew                     0x08000a01   Thumb Code    54  n32g4fr_adc.o(.text.ADC_GetFlagStatusNew)
    ADC_Init                                 0x08000a39   Thumb Code   154  n32g4fr_adc.o(.text.ADC_Init)
    ADC_Initial                              0x08000ad5   Thumb Code   154  main.o(.text.ADC_Initial)
    ADC_StartCalibration                     0x08000b71   Thumb Code    18  n32g4fr_adc.o(.text.ADC_StartCalibration)
    BusFault_Handler                         0x08000b85   Thumb Code     4  n32g4fr_it.o(.text.BusFault_Handler)
    DMA_DeInit                               0x08000b89   Thumb Code   580  n32g4fr_dma.o(.text.DMA_DeInit)
    DMA_EnableChannel                        0x08000dcd   Thumb Code    50  n32g4fr_dma.o(.text.DMA_EnableChannel)
    DMA_Init                                 0x08000e01   Thumb Code   108  n32g4fr_dma.o(.text.DMA_Init)
    DebugMon_Handler                         0x08000e6d   Thumb Code     2  n32g4fr_it.o(.text.DebugMon_Handler)
    GPIO_ConfigPinRemap                      0x08000e71   Thumb Code  1054  n32g4fr_gpio.o(.text.GPIO_ConfigPinRemap)
    GPIO_InitPeripheral                      0x08001291   Thumb Code   400  n32g4fr_gpio.o(.text.GPIO_InitPeripheral)
    GPIO_ReadInputDataBit                    0x08001421   Thumb Code    54  n32g4fr_gpio.o(.text.GPIO_ReadInputDataBit)
    HardFaultHandler                         0x08001459   Thumb Code   278  segger_hardfaulthandler.o(.text.HardFaultHandler)
    KeyInputInit                             0x08001571   Thumb Code   254  main.o(.text.KeyInputInit)
    LedBlink                                 0x08001671   Thumb Code    26  main.o(.text.LedBlink)
    LedInit                                  0x0800168d   Thumb Code   254  main.o(.text.LedInit)
    LedOn                                    0x0800178d   Thumb Code    22  main.o(.text.LedOn)
    MemManage_Handler                        0x080017a5   Thumb Code     4  n32g4fr_it.o(.text.MemManage_Handler)
    NMI_Handler                              0x080017a9   Thumb Code     2  n32g4fr_it.o(.text.NMI_Handler)
    RCC_ConfigAdcHclk                        0x080017ad   Thumb Code    44  n32g4fr_rcc.o(.text.RCC_ConfigAdcHclk)
    RCC_ConfigAdcPllClk                      0x080017d9   Thumb Code    88  n32g4fr_rcc.o(.text.RCC_ConfigAdcPllClk)
    RCC_Configuration                        0x08001831   Thumb Code    62  main.o(.text.RCC_Configuration)
    RCC_EnableAHBPeriphClk                   0x08001871   Thumb Code    62  n32g4fr_rcc.o(.text.RCC_EnableAHBPeriphClk)
    RCC_EnableAPB2PeriphClk                  0x080018b1   Thumb Code    62  n32g4fr_rcc.o(.text.RCC_EnableAPB2PeriphClk)
    RCC_GetClocksFreqValue                   0x080018f1   Thumb Code   456  n32g4fr_rcc.o(.text.RCC_GetClocksFreqValue)
    SEGGER_RTT_Init                          0x08001ab9   Thumb Code     8  segger_rtt.o(.text.SEGGER_RTT_Init)
    SEGGER_RTT_Write                         0x08001ac1   Thumb Code    78  segger_rtt.o(.text.SEGGER_RTT_Write)
    SEGGER_RTT_WriteNoLock                   0x08001b11   Thumb Code   178  segger_rtt.o(.text.SEGGER_RTT_WriteNoLock)
    SEGGER_RTT_printf                        0x08001bc5   Thumb Code    42  segger_rtt_printf.o(.text.SEGGER_RTT_printf)
    SEGGER_RTT_vprintf                       0x08001bf1   Thumb Code   840  segger_rtt_printf.o(.text.SEGGER_RTT_vprintf)
    SVC_Handler                              0x08001f39   Thumb Code     2  n32g4fr_it.o(.text.SVC_Handler)
    SysTick_Handler                          0x080020dd   Thumb Code     8  n32g4fr_it.o(.text.SysTick_Handler)
    SystemInit                               0x080020e5   Thumb Code   204  system_n32g4fr.o(.text.SystemInit)
    USART_Enable                             0x080021b1   Thumb Code    48  n32g4fr_usart.o(.text.USART_Enable)
    USART_GetFlagStatus                      0x080021e1   Thumb Code    72  n32g4fr_usart.o(.text.USART_GetFlagStatus)
    USART_Init                               0x08002229   Thumb Code   296  n32g4fr_usart.o(.text.USART_Init)
    USART_SendData                           0x08002351   Thumb Code    26  n32g4fr_usart.o(.text.USART_SendData)
    UsageFault_Handler                       0x0800236d   Thumb Code     4  n32g4fr_it.o(.text.UsageFault_Handler)
    analog_pin_config                        0x08002a2d   Thumb Code    56  main.o(.text.analog_pin_config)
    app                                      0x08002a65   Thumb Code    12  app.o(.text.app)
    delay_1ms                                0x08002a71   Thumb Code    40  systick.o(.text.delay_1ms)
    delay_decrement                          0x08002a99   Thumb Code    34  systick.o(.text.delay_decrement)
    dma_initial                              0x08002abd   Thumb Code   102  main.o(.text.dma_initial)
    fputc                                    0x08002b25   Thumb Code    54  main.o(.text.fputc)
    led_init                                 0x08002b5d   Thumb Code    72  main.o(.text.led_init)
    main                                     0x08002ba5   Thumb Code   332  main.o(.text.main)
    segger_init                              0x08002cf1   Thumb Code    76  main.o(.text.segger_init)
    systick_config                           0x08002d3d   Thumb Code    60  systick.o(.text.systick_config)
    tick_init                                0x08002d79   Thumb Code     8  main.o(.text.tick_init)
    uart_init                                0x08002d81   Thumb Code   122  main.o(.text.uart_init)
    user_button_init                         0x08002dfd   Thumb Code    40  main.o(.text.user_button_init)
    HardFault_Handler                        0x08002e25   Thumb Code     0  hardfaulthandler.o(OSKERNEL)
    __0printf                                0x08002e39   Thumb Code    22  printfa.o(i.__0printf)
    __1printf                                0x08002e39   Thumb Code     0  printfa.o(i.__0printf)
    __2printf                                0x08002e39   Thumb Code     0  printfa.o(i.__0printf)
    __c89printf                              0x08002e39   Thumb Code     0  printfa.o(i.__0printf)
    printf                                   0x08002e39   Thumb Code     0  printfa.o(i.__0printf)
    __scatterload_copy                       0x08002e59   Thumb Code    14  handlers.o(i.__scatterload_copy)
    __scatterload_null                       0x08002e67   Thumb Code     2  handlers.o(i.__scatterload_null)
    __scatterload_zeroinit                   0x08002e69   Thumb Code    14  handlers.o(i.__scatterload_zeroinit)
    Region$$Table$$Base                      0x08003840   Number         0  anon$$obj.o(Region$$Table)
    Region$$Table$$Limit                     0x08003860   Number         0  anon$$obj.o(Region$$Table)
    __stdout                                 0x20000000   Data           4  stdout.o(.data)
    SystemCoreClock                          0x20000004   Data           4  system_n32g4fr.o(.data.SystemCoreClock)
    ADCConvertedValue                        0x20000008   Data           2  main.o(.bss.ADCConvertedValue)
    _SEGGER_RTT                              0x20000050   Data         168  segger_rtt.o(.bss._SEGGER_RTT)
    __initial_sp                             0x20000d10   Data           0  startup_n32g4fr.o(STACK)



==============================================================================

Memory Map of the image

  Image Entry point : 0x08000199

  Load Region LR_IROM1 (Base: 0x08000000, Size: 0x00003868, Max: 0x00080000, ABSOLUTE)

    Execution Region ER_IROM1 (Exec base: 0x08000000, Load base: 0x08000000, Size: 0x00003860, Max: 0x00080000, ABSOLUTE)

    Exec Addr    Load Addr    Size         Type   Attr      Idx    E Section Name        Object

    0x08000000   0x08000000   0x00000198   Data   RO           91    RESET               startup_n32g4fr.o
    0x08000198   0x08000198   0x00000000   Code   RO         1578  * .ARM.Collect$$$$00000000  mc_w.l(entry.o)
    0x08000198   0x08000198   0x00000004   Code   RO         1617    .ARM.Collect$$$$00000001  mc_w.l(entry2.o)
    0x0800019c   0x0800019c   0x00000004   Code   RO         1620    .ARM.Collect$$$$00000004  mc_w.l(entry5.o)
    0x080001a0   0x080001a0   0x00000000   Code   RO         1622    .ARM.Collect$$$$00000008  mc_w.l(entry7b.o)
    0x080001a0   0x080001a0   0x00000000   Code   RO         1624    .ARM.Collect$$$$0000000A  mc_w.l(entry8b.o)
    0x080001a0   0x080001a0   0x00000008   Code   RO         1625    .ARM.Collect$$$$0000000B  mc_w.l(entry9a.o)
    0x080001a8   0x080001a8   0x00000000   Code   RO         1627    .ARM.Collect$$$$0000000D  mc_w.l(entry10a.o)
    0x080001a8   0x080001a8   0x00000000   Code   RO         1629    .ARM.Collect$$$$0000000F  mc_w.l(entry11a.o)
    0x080001a8   0x080001a8   0x00000004   Code   RO         1618    .ARM.Collect$$$$00002712  mc_w.l(entry2.o)
    0x080001ac   0x080001ac   0x00000024   Code   RO           92    .text               startup_n32g4fr.o
    0x080001d0   0x080001d0   0x00000024   Code   RO         1581    .text               mc_w.l(memcpya.o)
    0x080001f4   0x080001f4   0x00000012   Code   RO         1585    .text               mc_w.l(strcpy.o)
    0x08000206   0x08000206   0x0000002c   Code   RO         1632    .text               mc_w.l(uidiv.o)
    0x08000232   0x08000232   0x00000062   Code   RO         1634    .text               mc_w.l(uldiv.o)
    0x08000294   0x08000294   0x00000000   Code   RO         1636    .text               mc_w.l(iusefp.o)
    0x08000294   0x08000294   0x0000014e   Code   RO         1637    .text               mf_w.l(dadd.o)
    0x080003e2   0x080003e2   0x000000e4   Code   RO         1639    .text               mf_w.l(dmul.o)
    0x080004c6   0x080004c6   0x000000de   Code   RO         1641    .text               mf_w.l(ddiv.o)
    0x080005a4   0x080005a4   0x00000030   Code   RO         1643    .text               mf_w.l(dfixul.o)
    0x080005d4   0x080005d4   0x00000030   Code   RO         1645    .text               mf_w.l(cdrcmple.o)
    0x08000604   0x08000604   0x00000024   Code   RO         1647    .text               mc_w.l(init.o)
    0x08000628   0x08000628   0x0000001e   Code   RO         1649    .text               mc_w.l(llshl.o)
    0x08000646   0x08000646   0x00000020   Code   RO         1651    .text               mc_w.l(llushr.o)
    0x08000666   0x08000666   0x00000024   Code   RO         1653    .text               mc_w.l(llsshr.o)
    0x0800068a   0x0800068a   0x000000ba   Code   RO         1655    .text               mf_w.l(depilogue.o)
    0x08000744   0x08000744   0x0000003c   Code   RO          217    .text.ADC_ConfigClk  n32g4fr_adc.o
    0x08000780   0x08000780   0x000001be   Code   RO          163    .text.ADC_ConfigRegularChannel  n32g4fr_adc.o
    0x0800093e   0x0800093e   0x00000002   PAD
    0x08000940   0x08000940   0x00000030   Code   RO          145    .text.ADC_Enable    n32g4fr_adc.o
    0x08000970   0x08000970   0x00000030   Code   RO          147    .text.ADC_EnableDMA  n32g4fr_adc.o
    0x080009a0   0x080009a0   0x00000030   Code   RO          155    .text.ADC_EnableSoftwareStartConv  n32g4fr_adc.o
    0x080009d0   0x080009d0   0x0000002e   Code   RO          153    .text.ADC_GetCalibrationStatus  n32g4fr_adc.o
    0x080009fe   0x080009fe   0x00000002   PAD
    0x08000a00   0x08000a00   0x00000036   Code   RO          211    .text.ADC_GetFlagStatusNew  n32g4fr_adc.o
    0x08000a36   0x08000a36   0x00000002   PAD
    0x08000a38   0x08000a38   0x0000009a   Code   RO          141    .text.ADC_Init      n32g4fr_adc.o
    0x08000ad2   0x08000ad2   0x00000002   PAD
    0x08000ad4   0x08000ad4   0x0000009a   Code   RO           55    .text.ADC_Initial   main.o
    0x08000b6e   0x08000b6e   0x00000002   PAD
    0x08000b70   0x08000b70   0x00000012   Code   RO          151    .text.ADC_StartCalibration  n32g4fr_adc.o
    0x08000b82   0x08000b82   0x00000002   PAD
    0x08000b84   0x08000b84   0x00000004   Code   RO          103    .text.BusFault_Handler  n32g4fr_it.o
    0x08000b88   0x08000b88   0x00000244   Code   RO          405    .text.DMA_DeInit    n32g4fr_dma.o
    0x08000dcc   0x08000dcc   0x00000032   Code   RO          411    .text.DMA_EnableChannel  n32g4fr_dma.o
    0x08000dfe   0x08000dfe   0x00000002   PAD
    0x08000e00   0x08000e00   0x0000006c   Code   RO          407    .text.DMA_Init      n32g4fr_dma.o
    0x08000e6c   0x08000e6c   0x00000002   Code   RO          109    .text.DebugMon_Handler  n32g4fr_it.o
    0x08000e6e   0x08000e6e   0x00000002   PAD
    0x08000e70   0x08000e70   0x0000041e   Code   RO          573    .text.GPIO_ConfigPinRemap  n32g4fr_gpio.o
    0x0800128e   0x0800128e   0x00000002   PAD
    0x08001290   0x08001290   0x00000190   Code   RO          545    .text.GPIO_InitPeripheral  n32g4fr_gpio.o
    0x08001420   0x08001420   0x00000036   Code   RO          549    .text.GPIO_ReadInputDataBit  n32g4fr_gpio.o
    0x08001456   0x08001456   0x00000002   PAD
    0x08001458   0x08001458   0x00000116   Code   RO         1444    .text.HardFaultHandler  segger_hardfaulthandler.o
    0x0800156e   0x0800156e   0x00000002   PAD
    0x08001570   0x08001570   0x000000fe   Code   RO           43    .text.KeyInputInit  main.o
    0x0800166e   0x0800166e   0x00000002   PAD
    0x08001670   0x08001670   0x0000001a   Code   RO           37    .text.LedBlink      main.o
    0x0800168a   0x0800168a   0x00000002   PAD
    0x0800168c   0x0800168c   0x000000fe   Code   RO           31    .text.LedInit       main.o
    0x0800178a   0x0800178a   0x00000002   PAD
    0x0800178c   0x0800178c   0x00000016   Code   RO           33    .text.LedOn         main.o
    0x080017a2   0x080017a2   0x00000002   PAD
    0x080017a4   0x080017a4   0x00000004   Code   RO          101    .text.MemManage_Handler  n32g4fr_it.o
    0x080017a8   0x080017a8   0x00000002   Code   RO           99    .text.NMI_Handler   n32g4fr_it.o
    0x080017aa   0x080017aa   0x00000002   PAD
    0x080017ac   0x080017ac   0x0000002c   Code   RO          804    .text.RCC_ConfigAdcHclk  n32g4fr_rcc.o
    0x080017d8   0x080017d8   0x00000058   Code   RO          802    .text.RCC_ConfigAdcPllClk  n32g4fr_rcc.o
    0x08001830   0x08001830   0x0000003e   Code   RO           47    .text.RCC_Configuration  main.o
    0x0800186e   0x0800186e   0x00000002   PAD
    0x08001870   0x08001870   0x0000003e   Code   RO          820    .text.RCC_EnableAHBPeriphClk  n32g4fr_rcc.o
    0x080018ae   0x080018ae   0x00000002   PAD
    0x080018b0   0x080018b0   0x0000003e   Code   RO          822    .text.RCC_EnableAPB2PeriphClk  n32g4fr_rcc.o
    0x080018ee   0x080018ee   0x00000002   PAD
    0x080018f0   0x080018f0   0x000001c8   Code   RO          818    .text.RCC_GetClocksFreqValue  n32g4fr_rcc.o
    0x08001ab8   0x08001ab8   0x00000008   Code   RO         1517    .text.SEGGER_RTT_Init  segger_rtt.o
    0x08001ac0   0x08001ac0   0x0000004e   Code   RO         1481    .text.SEGGER_RTT_Write  segger_rtt.o
    0x08001b0e   0x08001b0e   0x00000002   PAD
    0x08001b10   0x08001b10   0x000000b2   Code   RO         1477    .text.SEGGER_RTT_WriteNoLock  segger_rtt.o
    0x08001bc2   0x08001bc2   0x00000002   PAD
    0x08001bc4   0x08001bc4   0x0000002a   Code   RO         1550    .text.SEGGER_RTT_printf  segger_rtt_printf.o
    0x08001bee   0x08001bee   0x00000002   PAD
    0x08001bf0   0x08001bf0   0x00000348   Code   RO         1542    .text.SEGGER_RTT_vprintf  segger_rtt_printf.o
    0x08001f38   0x08001f38   0x00000002   Code   RO          107    .text.SVC_Handler   n32g4fr_it.o
    0x08001f3a   0x08001f3a   0x00000002   PAD
    0x08001f3c   0x08001f3c   0x0000014a   Code   RO           77    .text.SetSysClock   system_n32g4fr.o
    0x08002086   0x08002086   0x00000002   PAD
    0x08002088   0x08002088   0x00000052   Code   RO           13    .text.SysTick_Config  systick.o
    0x080020da   0x080020da   0x00000002   PAD
    0x080020dc   0x080020dc   0x00000008   Code   RO          111    .text.SysTick_Handler  n32g4fr_it.o
    0x080020e4   0x080020e4   0x000000cc   Code   RO           75    .text.SystemInit    system_n32g4fr.o
    0x080021b0   0x080021b0   0x00000030   Code   RO         1337    .text.USART_Enable  n32g4fr_usart.o
    0x080021e0   0x080021e0   0x00000048   Code   RO         1373    .text.USART_GetFlagStatus  n32g4fr_usart.o
    0x08002228   0x08002228   0x00000128   Code   RO         1329    .text.USART_Init    n32g4fr_usart.o
    0x08002350   0x08002350   0x0000001a   Code   RO         1353    .text.USART_SendData  n32g4fr_usart.o
    0x0800236a   0x0800236a   0x00000002   PAD
    0x0800236c   0x0800236c   0x00000004   Code   RO          105    .text.UsageFault_Handler  n32g4fr_it.o
    0x08002370   0x08002370   0x000000a2   Code   RO         1459    .text._DoInit       segger_rtt.o
    0x08002412   0x08002412   0x00000002   PAD
    0x08002414   0x08002414   0x0000003e   Code   RO         1471    .text._GetAvailWriteSpace  segger_rtt.o
    0x08002452   0x08002452   0x00000002   PAD
    0x08002454   0x08002454   0x000001e4   Code   RO         1546    .text._PrintInt     segger_rtt_printf.o
    0x08002638   0x08002638   0x000001be   Code   RO         1548    .text._PrintUnsigned  segger_rtt_printf.o
    0x080027f6   0x080027f6   0x00000002   PAD
    0x080027f8   0x080027f8   0x00000078   Code   RO         1544    .text._StoreChar    segger_rtt_printf.o
    0x08002870   0x08002870   0x000000e4   Code   RO         1475    .text._WriteBlocking  segger_rtt.o
    0x08002954   0x08002954   0x00000094   Code   RO         1473    .text._WriteNoCheck  segger_rtt.o
    0x080029e8   0x080029e8   0x00000044   Code   RO           15    .text.__NVIC_SetPriority  systick.o
    0x08002a2c   0x08002a2c   0x00000038   Code   RO           53    .text.analog_pin_config  main.o
    0x08002a64   0x08002a64   0x0000000c   Code   RO            2    .text.app           app.o
    0x08002a70   0x08002a70   0x00000028   Code   RO           17    .text.delay_1ms     systick.o
    0x08002a98   0x08002a98   0x00000022   Code   RO           19    .text.delay_decrement  systick.o
    0x08002aba   0x08002aba   0x00000002   PAD
    0x08002abc   0x08002abc   0x00000066   Code   RO           61    .text.dma_initial   main.o
    0x08002b22   0x08002b22   0x00000002   PAD
    0x08002b24   0x08002b24   0x00000036   Code   RO           49    .text.fputc         main.o
    0x08002b5a   0x08002b5a   0x00000002   PAD
    0x08002b5c   0x08002b5c   0x00000048   Code   RO           41    .text.led_init      main.o
    0x08002ba4   0x08002ba4   0x0000014c   Code   RO           63    .text.main          main.o
    0x08002cf0   0x08002cf0   0x0000004c   Code   RO           29    .text.segger_init   main.o
    0x08002d3c   0x08002d3c   0x0000003c   Code   RO           11    .text.systick_config  systick.o
    0x08002d78   0x08002d78   0x00000008   Code   RO           59    .text.tick_init     main.o
    0x08002d80   0x08002d80   0x0000007a   Code   RO           51    .text.uart_init     main.o
    0x08002dfa   0x08002dfa   0x00000002   PAD
    0x08002dfc   0x08002dfc   0x00000028   Code   RO           45    .text.user_button_init  main.o
    0x08002e24   0x08002e24   0x00000012   Code   RO         1453    OSKERNEL            hardfaulthandler.o
    0x08002e36   0x08002e36   0x00000002   PAD
    0x08002e38   0x08002e38   0x00000020   Code   RO         1590    i.__0printf         mc_w.l(printfa.o)
    0x08002e58   0x08002e58   0x0000000e   Code   RO         1659    i.__scatterload_copy  mc_w.l(handlers.o)
    0x08002e66   0x08002e66   0x00000002   Code   RO         1660    i.__scatterload_null  mc_w.l(handlers.o)
    0x08002e68   0x08002e68   0x0000000e   Code   RO         1661    i.__scatterload_zeroinit  mc_w.l(handlers.o)
    0x08002e76   0x08002e76   0x00000002   PAD
    0x08002e78   0x08002e78   0x00000184   Code   RO         1597    i._fp_digits        mc_w.l(printfa.o)
    0x08002ffc   0x08002ffc   0x000006dc   Code   RO         1598    i._printf_core      mc_w.l(printfa.o)
    0x080036d8   0x080036d8   0x00000024   Code   RO         1599    i._printf_post_padding  mc_w.l(printfa.o)
    0x080036fc   0x080036fc   0x0000002e   Code   RO         1600    i._printf_pre_padding  mc_w.l(printfa.o)
    0x0800372a   0x0800372a   0x00000010   Data   RO         1552    .rodata._PrintUnsigned._aV2C  segger_rtt_printf.o
    0x0800373a   0x0800373a   0x00000010   Data   RO          849    .rodata.s_AdcHclkPresTable  n32g4fr_rcc.o
    0x0800374a   0x0800374a   0x00000020   Data   RO          850    .rodata.s_AdcPllClkPresTable  n32g4fr_rcc.o
    0x0800376a   0x0800376a   0x00000010   Data   RO          848    .rodata.s_ApbAhbPresTable  n32g4fr_rcc.o
    0x0800377a   0x0800377a   0x000000af   Data   RO           65    .rodata.str1.1      main.o
    0x08003829   0x08003829   0x00000014   Data   RO         1532    .rodata.str1.1      segger_rtt.o
    0x0800383d   0x0800383d   0x00000003   PAD
    0x08003840   0x08003840   0x00000020   Data   RO         1658    Region$$Table       anon$$obj.o


    Execution Region RW_IRAM1 (Exec base: 0x20000000, Load base: 0x08003860, Size: 0x00000d10, Max: 0x00020000, ABSOLUTE)

    Exec Addr    Load Addr    Size         Type   Attr      Idx    E Section Name        Object

    0x20000000   0x08003860   0x00000004   Data   RW         1631    .data               mc_w.l(stdout.o)
    0x20000004   0x08003864   0x00000004   Data   RW           81    .data.SystemCoreClock  system_n32g4fr.o
    0x20000008        -       0x00000002   Zero   RW           66    .bss.ADCConvertedValue  main.o
    0x2000000a   0x08003868   0x00000002   PAD
    0x2000000c        -       0x00000040   Zero   RW         1446    .bss.HardFaultRegs  segger_hardfaulthandler.o
    0x2000004c        -       0x00000004   Zero   RW         1447    .bss._Continue      segger_hardfaulthandler.o
    0x20000050        -       0x000000a8   Zero   RW         1529    .bss._SEGGER_RTT    segger_rtt.o
    0x200000f8        -       0x00000010   Zero   RW         1534    .bss._acDownBuffer  segger_rtt.o
    0x20000108        -       0x00000400   Zero   RW         1533    .bss._acUpBuffer    segger_rtt.o
    0x20000508        -       0x00000004   Zero   RW           21    .bss.delay          systick.o
    0x2000050c   0x08003868   0x00000004   PAD
    0x20000510        -       0x00000800   Zero   RW           89    STACK               startup_n32g4fr.o


==============================================================================

Image component sizes


      Code (inc. data)   RO Data    RW Data    ZI Data      Debug   Object Name

        12          0          0          0          0        526   app.o
        18          0          0          0          0        304   hardfaulthandler.o
      1634          0        175          0          2       6458   main.o
       922          0          0          0          0      10262   n32g4fr_adc.o
       738          0          0          0          0       3915   n32g4fr_dma.o
      1508          0          0          0          0       6281   n32g4fr_gpio.o
        26          0          0          0          0        938   n32g4fr_it.o
       712          0         64          0          0       8765   n32g4fr_rcc.o
       442          0          0          0          0       6833   n32g4fr_usart.o
       278          0          0          0         68       2683   segger_hardfaulthandler.o
       864          0         20          0       1208      13168   segger_rtt.o
      1932         14         16          0          0       3801   segger_rtt_printf.o
        36          8        408          0       2048        844   startup_n32g4fr.o
       534          0          0          4          0       2901   system_n32g4fr.o
       284          0          0          0          4       4396   systick.o

    ----------------------------------------------------------------------
     10008         22        718          4       3336      72075   Object Totals
         0          0         32          0          0          0   (incl. Generated)
        68          0          3          0          6          0   (incl. Padding)

    ----------------------------------------------------------------------

      Code (inc. data)   RO Data    RW Data    ZI Data      Debug   Library Member Name

         0          0          0          0          0          0   entry.o
         0          0          0          0          0          0   entry10a.o
         0          0          0          0          0          0   entry11a.o
         8          4          0          0          0          0   entry2.o
         4          0          0          0          0          0   entry5.o
         0          0          0          0          0          0   entry7b.o
         0          0          0          0          0          0   entry8b.o
         8          4          0          0          0          0   entry9a.o
        30          0          0          0          0          0   handlers.o
        36          8          0          0          0         68   init.o
         0          0          0          0          0          0   iusefp.o
        30          0          0          0          0         68   llshl.o
        36          0          0          0          0         68   llsshr.o
        32          0          0          0          0         68   llushr.o
        36          0          0          0          0         68   memcpya.o
      2258         90          0          0          0        452   printfa.o
         0          0          0          4          0          0   stdout.o
        18          0          0          0          0         68   strcpy.o
        44          0          0          0          0         80   uidiv.o
        98          0          0          0          0         92   uldiv.o
        48          0          0          0          0         68   cdrcmple.o
       334          0          0          0          0        148   dadd.o
       222          0          0          0          0        100   ddiv.o
       186          0          0          0          0        176   depilogue.o
        48          0          0          0          0         68   dfixul.o
       228          0          0          0          0         96   dmul.o

    ----------------------------------------------------------------------
      3706        106          0          4          0       1688   Library Totals
         2          0          0          0          0          0   (incl. Padding)

    ----------------------------------------------------------------------

      Code (inc. data)   RO Data    RW Data    ZI Data      Debug   Library Name

      2638        106          0          4          0       1032   mc_w.l
      1066          0          0          0          0        656   mf_w.l

    ----------------------------------------------------------------------
      3706        106          0          4          0       1688   Library Totals

    ----------------------------------------------------------------------

==============================================================================


      Code (inc. data)   RO Data    RW Data    ZI Data      Debug   

     13714        128        718          8       3336      72891   Grand Totals
     13714        128        718          8       3336      72891   ELF Image Totals
     13714        128        718          8          0          0   ROM Totals

==============================================================================

    Total RO  Size (Code + RO Data)                14432 (  14.09kB)
    Total RW  Size (RW Data + ZI Data)              3344 (   3.27kB)
    Total ROM Size (Code + RO Data + RW Data)      14440 (  14.10kB)

==============================================================================

