Component: ARM Compiler 6.14.1 Tool: armlink [5db06d00]

==============================================================================

Image Symbol Table

    Local Symbols

    Symbol Name                              Value     Ov Type        Size  Object(Section)

    ../clib/microlib/division.c              0x00000000   Number         0  uidiv.o ABSOLUTE
    ../clib/microlib/division.c              0x00000000   Number         0  uldiv.o ABSOLUTE
    ../clib/microlib/init/entry.s            0x00000000   Number         0  entry.o ABSOLUTE
    ../clib/microlib/init/entry.s            0x00000000   Number         0  entry2.o ABSOLUTE
    ../clib/microlib/init/entry.s            0x00000000   Number         0  entry5.o ABSOLUTE
    ../clib/microlib/init/entry.s            0x00000000   Number         0  entry7a.o ABSOLUTE
    ../clib/microlib/init/entry.s            0x00000000   Number         0  entry7b.o ABSOLUTE
    ../clib/microlib/init/entry.s            0x00000000   Number         0  entry8a.o ABSOLUTE
    ../clib/microlib/init/entry.s            0x00000000   Number         0  entry8b.o ABSOLUTE
    ../clib/microlib/init/entry.s            0x00000000   Number         0  entry9a.o ABSOLUTE
    ../clib/microlib/init/entry.s            0x00000000   Number         0  entry9b.o ABSOLUTE
    ../clib/microlib/init/entry.s            0x00000000   Number         0  entry10a.o ABSOLUTE
    ../clib/microlib/init/entry.s            0x00000000   Number         0  entry10b.o ABSOLUTE
    ../clib/microlib/init/entry.s            0x00000000   Number         0  entry11a.o ABSOLUTE
    ../clib/microlib/init/entry.s            0x00000000   Number         0  entry11b.o ABSOLUTE
    ../clib/microlib/longlong.c              0x00000000   Number         0  llshl.o ABSOLUTE
    ../clib/microlib/longlong.c              0x00000000   Number         0  llushr.o ABSOLUTE
    ../clib/microlib/longlong.c              0x00000000   Number         0  llsshr.o ABSOLUTE
    ../clib/microlib/printf/printf.c         0x00000000   Number         0  printfb.o ABSOLUTE
    ../clib/microlib/printf/printf.c         0x00000000   Number         0  printf0.o ABSOLUTE
    ../clib/microlib/printf/printf.c         0x00000000   Number         0  printf1.o ABSOLUTE
    ../clib/microlib/printf/printf.c         0x00000000   Number         0  printf2.o ABSOLUTE
    ../clib/microlib/printf/printf.c         0x00000000   Number         0  printf3.o ABSOLUTE
    ../clib/microlib/printf/printf.c         0x00000000   Number         0  printf4.o ABSOLUTE
    ../clib/microlib/printf/printf.c         0x00000000   Number         0  printf5.o ABSOLUTE
    ../clib/microlib/printf/printf.c         0x00000000   Number         0  printf6.o ABSOLUTE
    ../clib/microlib/printf/printf.c         0x00000000   Number         0  printf7.o ABSOLUTE
    ../clib/microlib/printf/printf.c         0x00000000   Number         0  printf8.o ABSOLUTE
    ../clib/microlib/printf/printf.c         0x00000000   Number         0  printfa.o ABSOLUTE
    ../clib/microlib/printf/stubs.s          0x00000000   Number         0  printfstubs.o ABSOLUTE
    ../clib/microlib/stdio/streams.c         0x00000000   Number         0  stdout.o ABSOLUTE
    ../clib/microlib/string/memcpy.c         0x00000000   Number         0  memcpya.o ABSOLUTE
    ../clib/microlib/string/memcpy.c         0x00000000   Number         0  memcpyb.o ABSOLUTE
    ../clib/microlib/string/strlen.c         0x00000000   Number         0  strlen.o ABSOLUTE
    ../clib/microlib/stubs.s                 0x00000000   Number         0  iusefp.o ABSOLUTE
    ../common/startup_pt32z192.s             0x00000000   Number         0  startup_pt32z192.o ABSOLUTE
    ../fplib/microlib/f2d.c                  0x00000000   Number         0  f2d.o ABSOLUTE
    ../fplib/microlib/fpadd.c                0x00000000   Number         0  dadd.o ABSOLUTE
    ../fplib/microlib/fpdiv.c                0x00000000   Number         0  fdiv.o ABSOLUTE
    ../fplib/microlib/fpdiv.c                0x00000000   Number         0  ddiv.o ABSOLUTE
    ../fplib/microlib/fpepilogue.c           0x00000000   Number         0  fepilogue.o ABSOLUTE
    ../fplib/microlib/fpepilogue.c           0x00000000   Number         0  depilogue.o ABSOLUTE
    ../fplib/microlib/fpfix.c                0x00000000   Number         0  dfixul.o ABSOLUTE
    ../fplib/microlib/fpflt.c                0x00000000   Number         0  ffltui.o ABSOLUTE
    ../fplib/microlib/fpmul.c                0x00000000   Number         0  fmul.o ABSOLUTE
    ../fplib/microlib/fpmul.c                0x00000000   Number         0  dmul.o ABSOLUTE
    ..\application\HardFaultHandlerMDK\HardFaultHandler.S 0x00000000   Number         0  hardfaulthandler.o ABSOLUTE
    SEGGER_HardFaultHandler.c                0x00000000   Number         0  segger_hardfaulthandler.o ABSOLUTE
    SEGGER_RTT.c                             0x00000000   Number         0  segger_rtt.o ABSOLUTE
    SEGGER_RTT_printf.c                      0x00000000   Number         0  segger_rtt_printf.o ABSOLUTE
    app.c                                    0x00000000   Number         0  app.o ABSOLUTE
    cdrcmple.s                               0x00000000   Number         0  cdrcmple.o ABSOLUTE
    dc.s                                     0x00000000   Number         0  dc.o ABSOLUTE
    handlers.s                               0x00000000   Number         0  handlers.o ABSOLUTE
    init.s                                   0x00000000   Number         0  init.o ABSOLUTE
    main.c                                   0x00000000   Number         0  main.o ABSOLUTE
    pt32z192xx_adc.c                         0x00000000   Number         0  pt32z192xx_adc.o ABSOLUTE
    pt32z192xx_dma.c                         0x00000000   Number         0  pt32z192xx_dma.o ABSOLUTE
    pt32z192xx_dsp.c                         0x00000000   Number         0  pt32z192xx_dsp.o ABSOLUTE
    pt32z192xx_gpio.c                        0x00000000   Number         0  pt32z192xx_gpio.o ABSOLUTE
    pt32z192xx_i2c.c                         0x00000000   Number         0  pt32z192xx_i2c.o ABSOLUTE
    pt32z192xx_it.c                          0x00000000   Number         0  pt32z192xx_it.o ABSOLUTE
    pt32z192xx_misc.c                        0x00000000   Number         0  pt32z192xx_misc.o ABSOLUTE
    pt32z192xx_pwm.c                         0x00000000   Number         0  pt32z192xx_pwm.o ABSOLUTE
    pt32z192xx_qspi.c                        0x00000000   Number         0  pt32z192xx_qspi.o ABSOLUTE
    pt32z192xx_retarget.c                    0x00000000   Number         0  pt32z192xx_retarget.o ABSOLUTE
    pt32z192xx_serial.c                      0x00000000   Number         0  pt32z192xx_serial.o ABSOLUTE
    pt32z192xx_spi.c                         0x00000000   Number         0  pt32z192xx_spi.o ABSOLUTE
    pt32z192xx_sys.c                         0x00000000   Number         0  pt32z192xx_sys.o ABSOLUTE
    pt32z192xx_tim.c                         0x00000000   Number         0  pt32z192xx_tim.o ABSOLUTE
    pt32z192xx_uart.c                        0x00000000   Number         0  pt32z192xx_uart.o ABSOLUTE
    pt32z192xx_wdg.c                         0x00000000   Number         0  pt32z192xx_wdg.o ABSOLUTE
    system_pt32z192xx.c                      0x00000000   Number         0  system_pt32z192xx.o ABSOLUTE
    RESET                                    0x00000000   Section      304  startup_pt32z192.o(RESET)
    .ARM.Collect$$$$00000000                 0x00000130   Section        0  entry.o(.ARM.Collect$$$$00000000)
    .ARM.Collect$$$$00000001                 0x00000130   Section        4  entry2.o(.ARM.Collect$$$$00000001)
    .ARM.Collect$$$$00000004                 0x00000134   Section        4  entry5.o(.ARM.Collect$$$$00000004)
    .ARM.Collect$$$$00000008                 0x00000138   Section        0  entry7b.o(.ARM.Collect$$$$00000008)
    .ARM.Collect$$$$0000000A                 0x00000138   Section        0  entry8b.o(.ARM.Collect$$$$0000000A)
    .ARM.Collect$$$$0000000B                 0x00000138   Section        8  entry9a.o(.ARM.Collect$$$$0000000B)
    __lit__00000000                          0x00000140   Data           4  entry2.o(.ARM.Collect$$$$00002712)
    .ARM.Collect$$$$0000000D                 0x00000140   Section        0  entry10a.o(.ARM.Collect$$$$0000000D)
    .ARM.Collect$$$$0000000F                 0x00000140   Section        0  entry11a.o(.ARM.Collect$$$$0000000F)
    .ARM.Collect$$$$00002712                 0x00000140   Section        4  entry2.o(.ARM.Collect$$$$00002712)
    .text                                    0x00000144   Section       36  startup_pt32z192.o(.text)
    .text                                    0x00000168   Section        0  memcpya.o(.text)
    .text                                    0x0000018c   Section        0  fmul.o(.text)
    .text                                    0x000001f0   Section        0  fdiv.o(.text)
    .text                                    0x0000026c   Section        0  ffltui.o(.text)
    .text                                    0x00000276   Section        0  f2d.o(.text)
    .text                                    0x0000029c   Section        0  uidiv.o(.text)
    .text                                    0x000002c8   Section        0  uldiv.o(.text)
    .text                                    0x0000032a   Section        0  iusefp.o(.text)
    .text                                    0x0000032a   Section        0  fepilogue.o(.text)
    .text                                    0x00000398   Section        0  dadd.o(.text)
    .text                                    0x000004e6   Section        0  dmul.o(.text)
    .text                                    0x000005ca   Section        0  ddiv.o(.text)
    .text                                    0x000006a8   Section        0  dfixul.o(.text)
    .text                                    0x000006d8   Section       48  cdrcmple.o(.text)
    .text                                    0x00000708   Section       36  init.o(.text)
    .text                                    0x0000072c   Section        0  llshl.o(.text)
    .text                                    0x0000074a   Section        0  llushr.o(.text)
    .text                                    0x0000076a   Section        0  llsshr.o(.text)
    .text                                    0x0000078e   Section        0  depilogue.o(.text)
    [Anonymous Symbol]                       0x00000848   Section        0  pt32z192xx_adc.o(.text.ADC_ChannelConfig)
    [Anonymous Symbol]                       0x00000864   Section        0  pt32z192xx_adc.o(.text.ADC_Cmd)
    [Anonymous Symbol]                       0x00000878   Section        0  pt32z192xx_it.o(.text.ADC_Handler)
    [Anonymous Symbol]                       0x0000087c   Section        0  pt32z192xx_adc.o(.text.ADC_Init)
    [Anonymous Symbol]                       0x000008b4   Section        0  pt32z192xx_adc.o(.text.ADC_StartOfConversion)
    [Anonymous Symbol]                       0x000008c0   Section        0  pt32z192xx_dma.o(.text.DMA_AutoRepeat_Cmd)
    [Anonymous Symbol]                       0x000008ec   Section        0  pt32z192xx_dma.o(.text.DMA_Cmd)
    [Anonymous Symbol]                       0x00000918   Section        0  pt32z192xx_dma.o(.text.DMA_Config)
    [Anonymous Symbol]                       0x0000095c   Section        0  pt32z192xx_dma.o(.text.DMA_DirectionConfig)
    [Anonymous Symbol]                       0x00000978   Section        0  pt32z192xx_it.o(.text.DMA_Handler)
    [Anonymous Symbol]                       0x0000097c   Section        0  pt32z192xx_dma.o(.text.DMA_PeripheralConfig)
    [Anonymous Symbol]                       0x000009a8   Section        0  main.o(.text.DMA_config)
    [Anonymous Symbol]                       0x000009fc   Section        0  app.o(.text.Delay_ms)
    [Anonymous Symbol]                       0x00000a28   Section        0  pt32z192xx_it.o(.text.FLASH_Handler)
    [Anonymous Symbol]                       0x00000a2c   Section        0  pt32z192xx_gpio.o(.text.GPIO_ClearITPendingBit)
    [Anonymous Symbol]                       0x00000a30   Section        0  pt32z192xx_gpio.o(.text.GPIO_ITConfig)
    [Anonymous Symbol]                       0x00000a3c   Section        0  pt32z192xx_gpio.o(.text.GPIO_Init)
    [Anonymous Symbol]                       0x00000a94   Section        0  pt32z192xx_gpio.o(.text.GPIO_PinAFConfig)
    [Anonymous Symbol]                       0x00000aa4   Section        0  pt32z192xx_gpio.o(.text.GPIO_SetBits)
    [Anonymous Symbol]                       0x00000aac   Section        0  pt32z192xx_gpio.o(.text.GPIO_TriTypeConfig)
    [Anonymous Symbol]                       0x00000ad8   Section        0  segger_hardfaulthandler.o(.text.HardFaultHandler)
    [Anonymous Symbol]                       0x00000b6c   Section        0  main.o(.text.LED_GPIO_Config)
    [Anonymous Symbol]                       0x00000bcc   Section        0  pt32z192xx_it.o(.text.NMI_Handler)
    [Anonymous Symbol]                       0x00000bd0   Section        0  pt32z192xx_misc.o(.text.NVIC_Init)
    [Anonymous Symbol]                       0x00000c2c   Section        0  pt32z192xx_it.o(.text.PA_Handler)
    [Anonymous Symbol]                       0x00000c30   Section        0  pt32z192xx_it.o(.text.PB_Handler)
    [Anonymous Symbol]                       0x00000c34   Section        0  pt32z192xx_it.o(.text.PC_Handler)
    [Anonymous Symbol]                       0x00000c78   Section        0  pt32z192xx_it.o(.text.PD_Handler)
    [Anonymous Symbol]                       0x00000c7c   Section        0  pt32z192xx_it.o(.text.PendSV_Handler)
    [Anonymous Symbol]                       0x00000c80   Section        0  pt32z192xx_it.o(.text.RTC_Handler)
    [Anonymous Symbol]                       0x00000c84   Section        0  segger_rtt.o(.text.SEGGER_RTT_Init)
    [Anonymous Symbol]                       0x00000c8c   Section        0  segger_rtt.o(.text.SEGGER_RTT_Write)
    [Anonymous Symbol]                       0x00000cc8   Section        0  segger_rtt.o(.text.SEGGER_RTT_WriteNoLock)
    [Anonymous Symbol]                       0x00000d24   Section        0  segger_rtt_printf.o(.text.SEGGER_RTT_printf)
    [Anonymous Symbol]                       0x00000d44   Section        0  segger_rtt_printf.o(.text.SEGGER_RTT_vprintf)
    [Anonymous Symbol]                       0x00000f64   Section        0  pt32z192xx_serial.o(.text.SERIAL_PutChar)
    [Anonymous Symbol]                       0x00000f78   Section        0  pt32z192xx_it.o(.text.SPI0_Handler)
    [Anonymous Symbol]                       0x00000f7c   Section        0  pt32z192xx_it.o(.text.SPI1_Handler)
    [Anonymous Symbol]                       0x00000f80   Section        0  pt32z192xx_it.o(.text.SVC_Handler)
    SysTick_Config                           0x00000f85   Thumb Code    40  main.o(.text.SysTick_Config)
    [Anonymous Symbol]                       0x00000f84   Section        0  main.o(.text.SysTick_Config)
    [Anonymous Symbol]                       0x00000fac   Section        0  pt32z192xx_it.o(.text.SysTick_Handler)
    [Anonymous Symbol]                       0x00000fc4   Section        0  main.o(.text.SysTick_Init)
    [Anonymous Symbol]                       0x00000fec   Section        0  system_pt32z192xx.o(.text.SystemInit)
    [Anonymous Symbol]                       0x00001090   Section        0  pt32z192xx_it.o(.text.TMR0_Handler)
    [Anonymous Symbol]                       0x00001094   Section        0  pt32z192xx_it.o(.text.TMR1_Handler)
    [Anonymous Symbol]                       0x00001098   Section        0  pt32z192xx_it.o(.text.TMR2_Handler)
    [Anonymous Symbol]                       0x0000109c   Section        0  pt32z192xx_it.o(.text.TMR3_Handler)
    [Anonymous Symbol]                       0x000010a0   Section        0  pt32z192xx_it.o(.text.TMR4_Handler)
    [Anonymous Symbol]                       0x000010a4   Section        0  pt32z192xx_it.o(.text.TMR5_Handler)
    [Anonymous Symbol]                       0x000010a8   Section        0  pt32z192xx_it.o(.text.UART0_Handler)
    [Anonymous Symbol]                       0x000010ac   Section        0  pt32z192xx_it.o(.text.UART1_Handler)
    [Anonymous Symbol]                       0x000010b0   Section        0  pt32z192xx_it.o(.text.UART2_Handler)
    [Anonymous Symbol]                       0x000010d8   Section        0  pt32z192xx_uart.o(.text.UART_Cmd)
    [Anonymous Symbol]                       0x000010ec   Section        0  main.o(.text.UART_Config)
    [Anonymous Symbol]                       0x0000114c   Section        0  main.o(.text.UART_INT_Config)
    [Anonymous Symbol]                       0x00001178   Section        0  pt32z192xx_uart.o(.text.UART_ITConfig)
    [Anonymous Symbol]                       0x00001188   Section        0  pt32z192xx_uart.o(.text.UART_Init)
    [Anonymous Symbol]                       0x00001224   Section        0  system_pt32z192xx.o(.text.Wait_ClockReady)
    _DoInit                                  0x00001249   Thumb Code   110  segger_rtt.o(.text._DoInit)
    [Anonymous Symbol]                       0x00001248   Section        0  segger_rtt.o(.text._DoInit)
    _GetAvailWriteSpace                      0x000012b9   Thumb Code    20  segger_rtt.o(.text._GetAvailWriteSpace)
    [Anonymous Symbol]                       0x000012b8   Section        0  segger_rtt.o(.text._GetAvailWriteSpace)
    _PrintInt                                0x000012cd   Thumb Code   252  segger_rtt_printf.o(.text._PrintInt)
    [Anonymous Symbol]                       0x000012cc   Section        0  segger_rtt_printf.o(.text._PrintInt)
    _PrintUnsigned                           0x000013c9   Thumb Code   240  segger_rtt_printf.o(.text._PrintUnsigned)
    [Anonymous Symbol]                       0x000013c8   Section        0  segger_rtt_printf.o(.text._PrintUnsigned)
    _PrintUnsigned._aV2C                     0x000014a8   Number         0  segger_rtt_printf.o(.text._PrintUnsigned)
    _StoreChar                               0x000014b9   Thumb Code    64  segger_rtt_printf.o(.text._StoreChar)
    [Anonymous Symbol]                       0x000014b8   Section        0  segger_rtt_printf.o(.text._StoreChar)
    _WriteBlocking                           0x000014f9   Thumb Code   102  segger_rtt.o(.text._WriteBlocking)
    [Anonymous Symbol]                       0x000014f8   Section        0  segger_rtt.o(.text._WriteBlocking)
    _WriteNoCheck                            0x00001561   Thumb Code    70  segger_rtt.o(.text._WriteNoCheck)
    [Anonymous Symbol]                       0x00001560   Section        0  segger_rtt.o(.text._WriteNoCheck)
    __NVIC_SetPriority                       0x000015a9   Thumb Code    14  main.o(.text.__NVIC_SetPriority)
    [Anonymous Symbol]                       0x000015a8   Section        0  main.o(.text.__NVIC_SetPriority)
    [Anonymous Symbol]                       0x000015b8   Section        0  main.o(.text.adc_initial)
    [Anonymous Symbol]                       0x000015fc   Section        0  app.o(.text.app)
    [Anonymous Symbol]                       0x0000168c   Section        0  pt32z192xx_retarget.o(.text.fputc)
    [Anonymous Symbol]                       0x00001698   Section        0  main.o(.text.main)
    [Anonymous Symbol]                       0x000016e0   Section        0  main.o(.text.read_uid)
    [Anonymous Symbol]                       0x00001748   Section        0  main.o(.text.segger_init)
    [Anonymous Symbol]                       0x000017c8   Section        0  main.o(.text.switch_gpio_config)
    OSKERNEL                                 0x0000181c   Section       18  hardfaulthandler.o(OSKERNEL)
    i.__0printf                              0x00001830   Section        0  printfa.o(i.__0printf)
    i.__0sprintf                             0x00001850   Section        0  printfa.o(i.__0sprintf)
    i.__scatterload_copy                     0x00001878   Section       14  handlers.o(i.__scatterload_copy)
    i.__scatterload_null                     0x00001886   Section        2  handlers.o(i.__scatterload_null)
    i.__scatterload_zeroinit                 0x00001888   Section       14  handlers.o(i.__scatterload_zeroinit)
    _fp_digits                               0x00001899   Thumb Code   366  printfa.o(i._fp_digits)
    i._fp_digits                             0x00001898   Section        0  printfa.o(i._fp_digits)
    _printf_core                             0x00001a1d   Thumb Code  1744  printfa.o(i._printf_core)
    i._printf_core                           0x00001a1c   Section        0  printfa.o(i._printf_core)
    _printf_post_padding                     0x000020f9   Thumb Code    36  printfa.o(i._printf_post_padding)
    i._printf_post_padding                   0x000020f8   Section        0  printfa.o(i._printf_post_padding)
    _printf_pre_padding                      0x0000211d   Thumb Code    46  printfa.o(i._printf_pre_padding)
    i._printf_pre_padding                    0x0000211c   Section        0  printfa.o(i._printf_pre_padding)
    _sputc                                   0x0000214b   Thumb Code    10  printfa.o(i._sputc)
    i._sputc                                 0x0000214a   Section        0  printfa.o(i._sputc)
    .L.str                                   0x00002154   Data          20  app.o(.rodata.str1.1)
    [Anonymous Symbol]                       0x00002154   Section        0  app.o(.rodata.str1.1)
    .L.str.2                                 0x00002168   Data           5  main.o(.rodata.str1.1)
    [Anonymous Symbol]                       0x00002168   Section        0  main.o(.rodata.str1.1)
    .L.str                                   0x0000216d   Data           9  segger_rtt.o(.rodata.str1.1)
    [Anonymous Symbol]                       0x0000216d   Section        0  segger_rtt.o(.rodata.str1.1)
    .data                                    0x20000000   Section        4  stdout.o(.data)
    HardFaultRegs                            0x20000010   Data          64  segger_hardfaulthandler.o(.bss.HardFaultRegs)
    [Anonymous Symbol]                       0x20000010   Section        0  segger_hardfaulthandler.o(.bss.HardFaultRegs)
    _Continue                                0x20000054   Data           4  segger_hardfaulthandler.o(.bss._Continue)
    [Anonymous Symbol]                       0x20000054   Section        0  segger_hardfaulthandler.o(.bss._Continue)
    _acDownBuffer                            0x20000100   Data          16  segger_rtt.o(.bss._acDownBuffer)
    [Anonymous Symbol]                       0x20000100   Section        0  segger_rtt.o(.bss._acDownBuffer)
    _acUpBuffer                              0x20000110   Data        1024  segger_rtt.o(.bss._acUpBuffer)
    [Anonymous Symbol]                       0x20000110   Section        0  segger_rtt.o(.bss._acUpBuffer)
    STACK                                    0x20000518   Section     1024  startup_pt32z192.o(STACK)

    Global Symbols

    Symbol Name                              Value     Ov Type        Size  Object(Section)

    BuildAttributes$$THM_ISAv4$P$D$K$B$S$PE$A:L22UL41UL21$X:L11$S22US41US21$IEEE1$IW$~IW$USESV6$~STKCKD$USESV7$~SHL$OTIME$ROPI$EBA8$MICROLIB$REQ8$PRES8$EABIv2 0x00000000   Number         0  anon$$obj.o ABSOLUTE
    __Vectors                                0x00000000   Data           4  startup_pt32z192.o(RESET)
    _printf_a                                0x00000000   Number         0  printfstubs.o ABSOLUTE
    _printf_c                                0x00000000   Number         0  printfstubs.o ABSOLUTE
    _printf_charcount                        0x00000000   Number         0  printfstubs.o ABSOLUTE
    _printf_d                                0x00000000   Number         0  printfstubs.o ABSOLUTE
    _printf_e                                0x00000000   Number         0  printfstubs.o ABSOLUTE
    _printf_f                                0x00000000   Number         0  printfstubs.o ABSOLUTE
    _printf_flags                            0x00000000   Number         0  printfstubs.o ABSOLUTE
    _printf_fp_dec                           0x00000000   Number         0  printfstubs.o ABSOLUTE
    _printf_fp_hex                           0x00000000   Number         0  printfstubs.o ABSOLUTE
    _printf_g                                0x00000000   Number         0  printfstubs.o ABSOLUTE
    _printf_i                                0x00000000   Number         0  printfstubs.o ABSOLUTE
    _printf_int_dec                          0x00000000   Number         0  printfstubs.o ABSOLUTE
    _printf_l                                0x00000000   Number         0  printfstubs.o ABSOLUTE
    _printf_lc                               0x00000000   Number         0  printfstubs.o ABSOLUTE
    _printf_ll                               0x00000000   Number         0  printfstubs.o ABSOLUTE
    _printf_lld                              0x00000000   Number         0  printfstubs.o ABSOLUTE
    _printf_lli                              0x00000000   Number         0  printfstubs.o ABSOLUTE
    _printf_llo                              0x00000000   Number         0  printfstubs.o ABSOLUTE
    _printf_llu                              0x00000000   Number         0  printfstubs.o ABSOLUTE
    _printf_llx                              0x00000000   Number         0  printfstubs.o ABSOLUTE
    _printf_longlong_dec                     0x00000000   Number         0  printfstubs.o ABSOLUTE
    _printf_longlong_hex                     0x00000000   Number         0  printfstubs.o ABSOLUTE
    _printf_longlong_oct                     0x00000000   Number         0  printfstubs.o ABSOLUTE
    _printf_ls                               0x00000000   Number         0  printfstubs.o ABSOLUTE
    _printf_mbtowc                           0x00000000   Number         0  printfstubs.o ABSOLUTE
    _printf_n                                0x00000000   Number         0  printfstubs.o ABSOLUTE
    _printf_o                                0x00000000   Number         0  printfstubs.o ABSOLUTE
    _printf_p                                0x00000000   Number         0  printfstubs.o ABSOLUTE
    _printf_percent                          0x00000000   Number         0  printfstubs.o ABSOLUTE
    _printf_pre_padding                      0x00000000   Number         0  printfstubs.o ABSOLUTE
    _printf_return_value                     0x00000000   Number         0  printfstubs.o ABSOLUTE
    _printf_s                                0x00000000   Number         0  printfstubs.o ABSOLUTE
    _printf_sizespec                         0x00000000   Number         0  printfstubs.o ABSOLUTE
    _printf_str                              0x00000000   Number         0  printfstubs.o ABSOLUTE
    _printf_truncate_signed                  0x00000000   Number         0  printfstubs.o ABSOLUTE
    _printf_truncate_unsigned                0x00000000   Number         0  printfstubs.o ABSOLUTE
    _printf_u                                0x00000000   Number         0  printfstubs.o ABSOLUTE
    _printf_wc                               0x00000000   Number         0  printfstubs.o ABSOLUTE
    _printf_wctomb                           0x00000000   Number         0  printfstubs.o ABSOLUTE
    _printf_widthprec                        0x00000000   Number         0  printfstubs.o ABSOLUTE
    _printf_x                                0x00000000   Number         0  printfstubs.o ABSOLUTE
    __cpp_initialize__aeabi_                  - Undefined Weak Reference
    __cxa_finalize                            - Undefined Weak Reference
    __decompress                              - Undefined Weak Reference
    _clock_init                               - Undefined Weak Reference
    _microlib_exit                            - Undefined Weak Reference
    __Vectors_End                            0x00000130   Data           0  startup_pt32z192.o(RESET)
    __Vectors_Size                           0x00000130   Number         0  startup_pt32z192.o ABSOLUTE
    __main                                   0x00000131   Thumb Code     0  entry.o(.ARM.Collect$$$$00000000)
    _main_stk                                0x00000131   Thumb Code     0  entry2.o(.ARM.Collect$$$$00000001)
    _main_scatterload                        0x00000135   Thumb Code     0  entry5.o(.ARM.Collect$$$$00000004)
    __main_after_scatterload                 0x00000139   Thumb Code     0  entry5.o(.ARM.Collect$$$$00000004)
    _main_clock                              0x00000139   Thumb Code     0  entry7b.o(.ARM.Collect$$$$00000008)
    _main_cpp_init                           0x00000139   Thumb Code     0  entry8b.o(.ARM.Collect$$$$0000000A)
    _main_init                               0x00000139   Thumb Code     0  entry9a.o(.ARM.Collect$$$$0000000B)
    __rt_final_cpp                           0x00000141   Thumb Code     0  entry10a.o(.ARM.Collect$$$$0000000D)
    __rt_final_exit                          0x00000141   Thumb Code     0  entry11a.o(.ARM.Collect$$$$0000000F)
    Reset_Handler                            0x00000145   Thumb Code     8  startup_pt32z192.o(.text)
    MemManage_Handler                        0x00000151   Thumb Code     2  startup_pt32z192.o(.text)
    BusFault_Handler                         0x00000153   Thumb Code     2  startup_pt32z192.o(.text)
    UsageFault_Handler                       0x00000155   Thumb Code     2  startup_pt32z192.o(.text)
    DebugMon_Handler                         0x00000159   Thumb Code     2  startup_pt32z192.o(.text)
    AES_Handler                              0x0000015f   Thumb Code     0  startup_pt32z192.o(.text)
    I2C_Handler                              0x0000015f   Thumb Code     0  startup_pt32z192.o(.text)
    QSPI_Handler                             0x0000015f   Thumb Code     0  startup_pt32z192.o(.text)
    RCC_Handler                              0x0000015f   Thumb Code     0  startup_pt32z192.o(.text)
    USB11_Handler                            0x0000015f   Thumb Code     0  startup_pt32z192.o(.text)
    WDG_Handler                              0x0000015f   Thumb Code     0  startup_pt32z192.o(.text)
    __aeabi_memcpy                           0x00000169   Thumb Code    36  memcpya.o(.text)
    __aeabi_memcpy4                          0x00000169   Thumb Code     0  memcpya.o(.text)
    __aeabi_memcpy8                          0x00000169   Thumb Code     0  memcpya.o(.text)
    __aeabi_fmul                             0x0000018d   Thumb Code   100  fmul.o(.text)
    __aeabi_fdiv                             0x000001f1   Thumb Code   124  fdiv.o(.text)
    __aeabi_ui2f                             0x0000026d   Thumb Code    10  ffltui.o(.text)
    __aeabi_f2d                              0x00000277   Thumb Code    38  f2d.o(.text)
    __aeabi_uidiv                            0x0000029d   Thumb Code     0  uidiv.o(.text)
    __aeabi_uidivmod                         0x0000029d   Thumb Code    44  uidiv.o(.text)
    __aeabi_uldivmod                         0x000002c9   Thumb Code    98  uldiv.o(.text)
    __I$use$fp                               0x0000032b   Thumb Code     0  iusefp.o(.text)
    _float_round                             0x0000032b   Thumb Code    18  fepilogue.o(.text)
    _float_epilogue                          0x0000033d   Thumb Code    92  fepilogue.o(.text)
    __aeabi_dadd                             0x00000399   Thumb Code   322  dadd.o(.text)
    __aeabi_dsub                             0x000004db   Thumb Code     6  dadd.o(.text)
    __aeabi_drsub                            0x000004e1   Thumb Code     6  dadd.o(.text)
    __aeabi_dmul                             0x000004e7   Thumb Code   228  dmul.o(.text)
    __aeabi_ddiv                             0x000005cb   Thumb Code   222  ddiv.o(.text)
    __aeabi_d2ulz                            0x000006a9   Thumb Code    48  dfixul.o(.text)
    __aeabi_cdrcmple                         0x000006d9   Thumb Code    48  cdrcmple.o(.text)
    __scatterload                            0x00000709   Thumb Code    28  init.o(.text)
    __scatterload_rt2                        0x00000709   Thumb Code     0  init.o(.text)
    __aeabi_llsl                             0x0000072d   Thumb Code    30  llshl.o(.text)
    _ll_shift_l                              0x0000072d   Thumb Code     0  llshl.o(.text)
    __aeabi_llsr                             0x0000074b   Thumb Code    32  llushr.o(.text)
    _ll_ushift_r                             0x0000074b   Thumb Code     0  llushr.o(.text)
    __aeabi_lasr                             0x0000076b   Thumb Code    36  llsshr.o(.text)
    _ll_sshift_r                             0x0000076b   Thumb Code     0  llsshr.o(.text)
    _double_round                            0x0000078f   Thumb Code    30  depilogue.o(.text)
    _double_epilogue                         0x000007ad   Thumb Code   156  depilogue.o(.text)
    ADC_ChannelConfig                        0x00000849   Thumb Code    26  pt32z192xx_adc.o(.text.ADC_ChannelConfig)
    ADC_Cmd                                  0x00000865   Thumb Code    18  pt32z192xx_adc.o(.text.ADC_Cmd)
    ADC_Handler                              0x00000879   Thumb Code     2  pt32z192xx_it.o(.text.ADC_Handler)
    ADC_Init                                 0x0000087d   Thumb Code    56  pt32z192xx_adc.o(.text.ADC_Init)
    ADC_StartOfConversion                    0x000008b5   Thumb Code    10  pt32z192xx_adc.o(.text.ADC_StartOfConversion)
    DMA_AutoRepeat_Cmd                       0x000008c1   Thumb Code    44  pt32z192xx_dma.o(.text.DMA_AutoRepeat_Cmd)
    DMA_Cmd                                  0x000008ed   Thumb Code    44  pt32z192xx_dma.o(.text.DMA_Cmd)
    DMA_Config                               0x00000919   Thumb Code    66  pt32z192xx_dma.o(.text.DMA_Config)
    DMA_DirectionConfig                      0x0000095d   Thumb Code    26  pt32z192xx_dma.o(.text.DMA_DirectionConfig)
    DMA_Handler                              0x00000979   Thumb Code     2  pt32z192xx_it.o(.text.DMA_Handler)
    DMA_PeripheralConfig                     0x0000097d   Thumb Code    42  pt32z192xx_dma.o(.text.DMA_PeripheralConfig)
    DMA_config                               0x000009a9   Thumb Code    82  main.o(.text.DMA_config)
    Delay_ms                                 0x000009fd   Thumb Code    42  app.o(.text.Delay_ms)
    FLASH_Handler                            0x00000a29   Thumb Code     2  pt32z192xx_it.o(.text.FLASH_Handler)
    GPIO_ClearITPendingBit                   0x00000a2d   Thumb Code     4  pt32z192xx_gpio.o(.text.GPIO_ClearITPendingBit)
    GPIO_ITConfig                            0x00000a31   Thumb Code    12  pt32z192xx_gpio.o(.text.GPIO_ITConfig)
    GPIO_Init                                0x00000a3d   Thumb Code    86  pt32z192xx_gpio.o(.text.GPIO_Init)
    GPIO_PinAFConfig                         0x00000a95   Thumb Code    14  pt32z192xx_gpio.o(.text.GPIO_PinAFConfig)
    GPIO_SetBits                             0x00000aa5   Thumb Code     8  pt32z192xx_gpio.o(.text.GPIO_SetBits)
    GPIO_TriTypeConfig                       0x00000aad   Thumb Code    44  pt32z192xx_gpio.o(.text.GPIO_TriTypeConfig)
    HardFaultHandler                         0x00000ad9   Thumb Code   148  segger_hardfaulthandler.o(.text.HardFaultHandler)
    LED_GPIO_Config                          0x00000b6d   Thumb Code    96  main.o(.text.LED_GPIO_Config)
    NMI_Handler                              0x00000bcd   Thumb Code     2  pt32z192xx_it.o(.text.NMI_Handler)
    NVIC_Init                                0x00000bd1   Thumb Code    92  pt32z192xx_misc.o(.text.NVIC_Init)
    PA_Handler                               0x00000c2d   Thumb Code     2  pt32z192xx_it.o(.text.PA_Handler)
    PB_Handler                               0x00000c31   Thumb Code     2  pt32z192xx_it.o(.text.PB_Handler)
    PC_Handler                               0x00000c35   Thumb Code    68  pt32z192xx_it.o(.text.PC_Handler)
    PD_Handler                               0x00000c79   Thumb Code     2  pt32z192xx_it.o(.text.PD_Handler)
    PendSV_Handler                           0x00000c7d   Thumb Code     2  pt32z192xx_it.o(.text.PendSV_Handler)
    RTC_Handler                              0x00000c81   Thumb Code     2  pt32z192xx_it.o(.text.RTC_Handler)
    SEGGER_RTT_Init                          0x00000c85   Thumb Code     8  segger_rtt.o(.text.SEGGER_RTT_Init)
    SEGGER_RTT_Write                         0x00000c8d   Thumb Code    58  segger_rtt.o(.text.SEGGER_RTT_Write)
    SEGGER_RTT_WriteNoLock                   0x00000cc9   Thumb Code    92  segger_rtt.o(.text.SEGGER_RTT_WriteNoLock)
    SEGGER_RTT_printf                        0x00000d25   Thumb Code    30  segger_rtt_printf.o(.text.SEGGER_RTT_printf)
    SEGGER_RTT_vprintf                       0x00000d45   Thumb Code   542  segger_rtt_printf.o(.text.SEGGER_RTT_vprintf)
    SERIAL_PutChar                           0x00000f65   Thumb Code    18  pt32z192xx_serial.o(.text.SERIAL_PutChar)
    SPI0_Handler                             0x00000f79   Thumb Code     2  pt32z192xx_it.o(.text.SPI0_Handler)
    SPI1_Handler                             0x00000f7d   Thumb Code     2  pt32z192xx_it.o(.text.SPI1_Handler)
    SVC_Handler                              0x00000f81   Thumb Code     2  pt32z192xx_it.o(.text.SVC_Handler)
    SysTick_Handler                          0x00000fad   Thumb Code    24  pt32z192xx_it.o(.text.SysTick_Handler)
    SysTick_Init                             0x00000fc5   Thumb Code    38  main.o(.text.SysTick_Init)
    SystemInit                               0x00000fed   Thumb Code   164  system_pt32z192xx.o(.text.SystemInit)
    TMR0_Handler                             0x00001091   Thumb Code     2  pt32z192xx_it.o(.text.TMR0_Handler)
    TMR1_Handler                             0x00001095   Thumb Code     2  pt32z192xx_it.o(.text.TMR1_Handler)
    TMR2_Handler                             0x00001099   Thumb Code     2  pt32z192xx_it.o(.text.TMR2_Handler)
    TMR3_Handler                             0x0000109d   Thumb Code     2  pt32z192xx_it.o(.text.TMR3_Handler)
    TMR4_Handler                             0x000010a1   Thumb Code     2  pt32z192xx_it.o(.text.TMR4_Handler)
    TMR5_Handler                             0x000010a5   Thumb Code     2  pt32z192xx_it.o(.text.TMR5_Handler)
    UART0_Handler                            0x000010a9   Thumb Code     2  pt32z192xx_it.o(.text.UART0_Handler)
    UART1_Handler                            0x000010ad   Thumb Code     2  pt32z192xx_it.o(.text.UART1_Handler)
    UART2_Handler                            0x000010b1   Thumb Code    40  pt32z192xx_it.o(.text.UART2_Handler)
    UART_Cmd                                 0x000010d9   Thumb Code    18  pt32z192xx_uart.o(.text.UART_Cmd)
    UART_Config                              0x000010ed   Thumb Code    96  main.o(.text.UART_Config)
    UART_INT_Config                          0x0000114d   Thumb Code    42  main.o(.text.UART_INT_Config)
    UART_ITConfig                            0x00001179   Thumb Code    16  pt32z192xx_uart.o(.text.UART_ITConfig)
    UART_Init                                0x00001189   Thumb Code   154  pt32z192xx_uart.o(.text.UART_Init)
    Wait_ClockReady                          0x00001225   Thumb Code    36  system_pt32z192xx.o(.text.Wait_ClockReady)
    adc_initial                              0x000015b9   Thumb Code    68  main.o(.text.adc_initial)
    app                                      0x000015fd   Thumb Code   144  app.o(.text.app)
    fputc                                    0x0000168d   Thumb Code    10  pt32z192xx_retarget.o(.text.fputc)
    main                                     0x00001699   Thumb Code    72  main.o(.text.main)
    read_uid                                 0x000016e1   Thumb Code   104  main.o(.text.read_uid)
    segger_init                              0x00001749   Thumb Code   128  main.o(.text.segger_init)
    switch_gpio_config                       0x000017c9   Thumb Code    82  main.o(.text.switch_gpio_config)
    HardFault_Handler                        0x0000181d   Thumb Code     0  hardfaulthandler.o(OSKERNEL)
    __0printf                                0x00001831   Thumb Code    22  printfa.o(i.__0printf)
    __1printf                                0x00001831   Thumb Code     0  printfa.o(i.__0printf)
    __2printf                                0x00001831   Thumb Code     0  printfa.o(i.__0printf)
    __c89printf                              0x00001831   Thumb Code     0  printfa.o(i.__0printf)
    printf                                   0x00001831   Thumb Code     0  printfa.o(i.__0printf)
    __0sprintf                               0x00001851   Thumb Code    34  printfa.o(i.__0sprintf)
    __1sprintf                               0x00001851   Thumb Code     0  printfa.o(i.__0sprintf)
    __2sprintf                               0x00001851   Thumb Code     0  printfa.o(i.__0sprintf)
    __c89sprintf                             0x00001851   Thumb Code     0  printfa.o(i.__0sprintf)
    sprintf                                  0x00001851   Thumb Code     0  printfa.o(i.__0sprintf)
    __scatterload_copy                       0x00001879   Thumb Code    14  handlers.o(i.__scatterload_copy)
    __scatterload_null                       0x00001887   Thumb Code     2  handlers.o(i.__scatterload_null)
    __scatterload_zeroinit                   0x00001889   Thumb Code    14  handlers.o(i.__scatterload_zeroinit)
    Region$$Table$$Base                      0x00002178   Number         0  anon$$obj.o(Region$$Table)
    Region$$Table$$Limit                     0x00002198   Number         0  anon$$obj.o(Region$$Table)
    __stdout                                 0x20000000   Data           4  stdout.o(.data)
    SystemCoreClock                          0x20000004   Data           4  system_pt32z192xx.o(.data.SystemCoreClock)
    VCO_VALUE                                0x20000008   Data           4  system_pt32z192xx.o(.data.VCO_VALUE)
    TimingDelay                              0x20000050   Data           4  app.o(.bss.TimingDelay)
    _SEGGER_RTT                              0x20000058   Data         168  segger_rtt.o(.bss._SEGGER_RTT)
    m_AdcValue                               0x20000510   Data           2  main.o(.bss.m_AdcValue)
    __initial_sp                             0x20000918   Data           0  startup_pt32z192.o(STACK)



==============================================================================

Memory Map of the image

  Image Entry point : 0x00000131

  Load Region LR_IROM1 (Base: 0x00000000, Size: 0x000021a8, Max: 0x00080000, ABSOLUTE)

    Execution Region ER_IROM1 (Exec base: 0x00000000, Load base: 0x00000000, Size: 0x00002198, Max: 0x00080000, ABSOLUTE)

    Exec Addr    Load Addr    Size         Type   Attr      Idx    E Section Name        Object

    0x00000000   0x00000000   0x00000130   Data   RO          139    RESET               startup_pt32z192.o
    0x00000130   0x00000130   0x00000000   Code   RO          915  * .ARM.Collect$$$$00000000  mc_w.l(entry.o)
    0x00000130   0x00000130   0x00000004   Code   RO         1193    .ARM.Collect$$$$00000001  mc_w.l(entry2.o)
    0x00000134   0x00000134   0x00000004   Code   RO         1196    .ARM.Collect$$$$00000004  mc_w.l(entry5.o)
    0x00000138   0x00000138   0x00000000   Code   RO         1198    .ARM.Collect$$$$00000008  mc_w.l(entry7b.o)
    0x00000138   0x00000138   0x00000000   Code   RO         1200    .ARM.Collect$$$$0000000A  mc_w.l(entry8b.o)
    0x00000138   0x00000138   0x00000008   Code   RO         1201    .ARM.Collect$$$$0000000B  mc_w.l(entry9a.o)
    0x00000140   0x00000140   0x00000000   Code   RO         1203    .ARM.Collect$$$$0000000D  mc_w.l(entry10a.o)
    0x00000140   0x00000140   0x00000000   Code   RO         1205    .ARM.Collect$$$$0000000F  mc_w.l(entry11a.o)
    0x00000140   0x00000140   0x00000004   Code   RO         1194    .ARM.Collect$$$$00002712  mc_w.l(entry2.o)
    0x00000144   0x00000144   0x00000024   Code   RO          140    .text               startup_pt32z192.o
    0x00000168   0x00000168   0x00000024   Code   RO          918    .text               mc_w.l(memcpya.o)
    0x0000018c   0x0000018c   0x00000064   Code   RO         1185    .text               mf_w.l(fmul.o)
    0x000001f0   0x000001f0   0x0000007c   Code   RO         1187    .text               mf_w.l(fdiv.o)
    0x0000026c   0x0000026c   0x0000000a   Code   RO         1189    .text               mf_w.l(ffltui.o)
    0x00000276   0x00000276   0x00000026   Code   RO         1191    .text               mf_w.l(f2d.o)
    0x0000029c   0x0000029c   0x0000002c   Code   RO         1208    .text               mc_w.l(uidiv.o)
    0x000002c8   0x000002c8   0x00000062   Code   RO         1210    .text               mc_w.l(uldiv.o)
    0x0000032a   0x0000032a   0x00000000   Code   RO         1212    .text               mc_w.l(iusefp.o)
    0x0000032a   0x0000032a   0x0000006e   Code   RO         1213    .text               mf_w.l(fepilogue.o)
    0x00000398   0x00000398   0x0000014e   Code   RO         1215    .text               mf_w.l(dadd.o)
    0x000004e6   0x000004e6   0x000000e4   Code   RO         1217    .text               mf_w.l(dmul.o)
    0x000005ca   0x000005ca   0x000000de   Code   RO         1219    .text               mf_w.l(ddiv.o)
    0x000006a8   0x000006a8   0x00000030   Code   RO         1221    .text               mf_w.l(dfixul.o)
    0x000006d8   0x000006d8   0x00000030   Code   RO         1223    .text               mf_w.l(cdrcmple.o)
    0x00000708   0x00000708   0x00000024   Code   RO         1225    .text               mc_w.l(init.o)
    0x0000072c   0x0000072c   0x0000001e   Code   RO         1227    .text               mc_w.l(llshl.o)
    0x0000074a   0x0000074a   0x00000020   Code   RO         1229    .text               mc_w.l(llushr.o)
    0x0000076a   0x0000076a   0x00000024   Code   RO         1231    .text               mc_w.l(llsshr.o)
    0x0000078e   0x0000078e   0x000000ba   Code   RO         1233    .text               mf_w.l(depilogue.o)
    0x00000848   0x00000848   0x0000001a   Code   RO          155    .text.ADC_ChannelConfig  pt32z192xx_adc.o
    0x00000862   0x00000862   0x00000002   PAD
    0x00000864   0x00000864   0x00000012   Code   RO          151    .text.ADC_Cmd       pt32z192xx_adc.o
    0x00000876   0x00000876   0x00000002   PAD
    0x00000878   0x00000878   0x00000002   Code   RO           79    .text.ADC_Handler   pt32z192xx_it.o
    0x0000087a   0x0000087a   0x00000002   PAD
    0x0000087c   0x0000087c   0x00000038   Code   RO          147    .text.ADC_Init      pt32z192xx_adc.o
    0x000008b4   0x000008b4   0x0000000a   Code   RO          161    .text.ADC_StartOfConversion  pt32z192xx_adc.o
    0x000008be   0x000008be   0x00000002   PAD
    0x000008c0   0x000008c0   0x0000002c   Code   RO          762    .text.DMA_AutoRepeat_Cmd  pt32z192xx_dma.o
    0x000008ec   0x000008ec   0x0000002c   Code   RO          756    .text.DMA_Cmd       pt32z192xx_dma.o
    0x00000918   0x00000918   0x00000042   Code   RO          754    .text.DMA_Config    pt32z192xx_dma.o
    0x0000095a   0x0000095a   0x00000002   PAD
    0x0000095c   0x0000095c   0x0000001a   Code   RO          760    .text.DMA_DirectionConfig  pt32z192xx_dma.o
    0x00000976   0x00000976   0x00000002   PAD
    0x00000978   0x00000978   0x00000002   Code   RO          115    .text.DMA_Handler   pt32z192xx_it.o
    0x0000097a   0x0000097a   0x00000002   PAD
    0x0000097c   0x0000097c   0x0000002a   Code   RO          788    .text.DMA_PeripheralConfig  pt32z192xx_dma.o
    0x000009a6   0x000009a6   0x00000002   PAD
    0x000009a8   0x000009a8   0x00000052   Code   RO           36    .text.DMA_config    main.o
    0x000009fa   0x000009fa   0x00000002   PAD
    0x000009fc   0x000009fc   0x0000002a   Code   RO            2    .text.Delay_ms      app.o
    0x00000a26   0x00000a26   0x00000002   PAD
    0x00000a28   0x00000a28   0x00000002   Code   RO           65    .text.FLASH_Handler  pt32z192xx_it.o
    0x00000a2a   0x00000a2a   0x00000002   PAD
    0x00000a2c   0x00000a2c   0x00000004   Code   RO          315    .text.GPIO_ClearITPendingBit  pt32z192xx_gpio.o
    0x00000a30   0x00000a30   0x0000000c   Code   RO          305    .text.GPIO_ITConfig  pt32z192xx_gpio.o
    0x00000a3c   0x00000a3c   0x00000056   Code   RO          277    .text.GPIO_Init     pt32z192xx_gpio.o
    0x00000a92   0x00000a92   0x00000002   PAD
    0x00000a94   0x00000a94   0x0000000e   Code   RO          303    .text.GPIO_PinAFConfig  pt32z192xx_gpio.o
    0x00000aa2   0x00000aa2   0x00000002   PAD
    0x00000aa4   0x00000aa4   0x00000008   Code   RO          293    .text.GPIO_SetBits  pt32z192xx_gpio.o
    0x00000aac   0x00000aac   0x0000002c   Code   RO          307    .text.GPIO_TriTypeConfig  pt32z192xx_gpio.o
    0x00000ad8   0x00000ad8   0x00000094   Code   RO          902    .text.HardFaultHandler  segger_hardfaulthandler.o
    0x00000b6c   0x00000b6c   0x00000060   Code   RO           22    .text.LED_GPIO_Config  main.o
    0x00000bcc   0x00000bcc   0x00000002   Code   RO           53    .text.NMI_Handler   pt32z192xx_it.o
    0x00000bce   0x00000bce   0x00000002   PAD
    0x00000bd0   0x00000bd0   0x0000005c   Code   RO          390    .text.NVIC_Init     pt32z192xx_misc.o
    0x00000c2c   0x00000c2c   0x00000002   Code   RO           67    .text.PA_Handler    pt32z192xx_it.o
    0x00000c2e   0x00000c2e   0x00000002   PAD
    0x00000c30   0x00000c30   0x00000002   Code   RO           69    .text.PB_Handler    pt32z192xx_it.o
    0x00000c32   0x00000c32   0x00000002   PAD
    0x00000c34   0x00000c34   0x00000044   Code   RO           71    .text.PC_Handler    pt32z192xx_it.o
    0x00000c78   0x00000c78   0x00000002   Code   RO           73    .text.PD_Handler    pt32z192xx_it.o
    0x00000c7a   0x00000c7a   0x00000002   PAD
    0x00000c7c   0x00000c7c   0x00000002   Code   RO           57    .text.PendSV_Handler  pt32z192xx_it.o
    0x00000c7e   0x00000c7e   0x00000002   PAD
    0x00000c80   0x00000c80   0x00000002   Code   RO          109    .text.RTC_Handler   pt32z192xx_it.o
    0x00000c82   0x00000c82   0x00000002   PAD
    0x00000c84   0x00000c84   0x00000008   Code   RO          858    .text.SEGGER_RTT_Init  segger_rtt.o
    0x00000c8c   0x00000c8c   0x0000003a   Code   RO          822    .text.SEGGER_RTT_Write  segger_rtt.o
    0x00000cc6   0x00000cc6   0x00000002   PAD
    0x00000cc8   0x00000cc8   0x0000005c   Code   RO          818    .text.SEGGER_RTT_WriteNoLock  segger_rtt.o
    0x00000d24   0x00000d24   0x0000001e   Code   RO          892    .text.SEGGER_RTT_printf  segger_rtt_printf.o
    0x00000d42   0x00000d42   0x00000002   PAD
    0x00000d44   0x00000d44   0x0000021e   Code   RO          884    .text.SEGGER_RTT_vprintf  segger_rtt_printf.o
    0x00000f62   0x00000f62   0x00000002   PAD
    0x00000f64   0x00000f64   0x00000012   Code   RO          742    .text.SERIAL_PutChar  pt32z192xx_serial.o
    0x00000f76   0x00000f76   0x00000002   PAD
    0x00000f78   0x00000f78   0x00000002   Code   RO           81    .text.SPI0_Handler  pt32z192xx_it.o
    0x00000f7a   0x00000f7a   0x00000002   PAD
    0x00000f7c   0x00000f7c   0x00000002   Code   RO           83    .text.SPI1_Handler  pt32z192xx_it.o
    0x00000f7e   0x00000f7e   0x00000002   PAD
    0x00000f80   0x00000f80   0x00000002   Code   RO           55    .text.SVC_Handler   pt32z192xx_it.o
    0x00000f82   0x00000f82   0x00000002   PAD
    0x00000f84   0x00000f84   0x00000028   Code   RO           28    .text.SysTick_Config  main.o
    0x00000fac   0x00000fac   0x00000018   Code   RO           59    .text.SysTick_Handler  pt32z192xx_it.o
    0x00000fc4   0x00000fc4   0x00000026   Code   RO           26    .text.SysTick_Init  main.o
    0x00000fea   0x00000fea   0x00000002   PAD
    0x00000fec   0x00000fec   0x000000a4   Code   RO          127    .text.SystemInit    system_pt32z192xx.o
    0x00001090   0x00001090   0x00000002   Code   RO           97    .text.TMR0_Handler  pt32z192xx_it.o
    0x00001092   0x00001092   0x00000002   PAD
    0x00001094   0x00001094   0x00000002   Code   RO           99    .text.TMR1_Handler  pt32z192xx_it.o
    0x00001096   0x00001096   0x00000002   PAD
    0x00001098   0x00001098   0x00000002   Code   RO          101    .text.TMR2_Handler  pt32z192xx_it.o
    0x0000109a   0x0000109a   0x00000002   PAD
    0x0000109c   0x0000109c   0x00000002   Code   RO          103    .text.TMR3_Handler  pt32z192xx_it.o
    0x0000109e   0x0000109e   0x00000002   PAD
    0x000010a0   0x000010a0   0x00000002   Code   RO          105    .text.TMR4_Handler  pt32z192xx_it.o
    0x000010a2   0x000010a2   0x00000002   PAD
    0x000010a4   0x000010a4   0x00000002   Code   RO          107    .text.TMR5_Handler  pt32z192xx_it.o
    0x000010a6   0x000010a6   0x00000002   PAD
    0x000010a8   0x000010a8   0x00000002   Code   RO           85    .text.UART0_Handler  pt32z192xx_it.o
    0x000010aa   0x000010aa   0x00000002   PAD
    0x000010ac   0x000010ac   0x00000002   Code   RO           87    .text.UART1_Handler  pt32z192xx_it.o
    0x000010ae   0x000010ae   0x00000002   PAD
    0x000010b0   0x000010b0   0x00000028   Code   RO           89    .text.UART2_Handler  pt32z192xx_it.o
    0x000010d8   0x000010d8   0x00000012   Code   RO          574    .text.UART_Cmd      pt32z192xx_uart.o
    0x000010ea   0x000010ea   0x00000002   PAD
    0x000010ec   0x000010ec   0x00000060   Code   RO           20    .text.UART_Config   main.o
    0x0000114c   0x0000114c   0x0000002a   Code   RO           18    .text.UART_INT_Config  main.o
    0x00001176   0x00001176   0x00000002   PAD
    0x00001178   0x00001178   0x00000010   Code   RO          602    .text.UART_ITConfig  pt32z192xx_uart.o
    0x00001188   0x00001188   0x0000009a   Code   RO          570    .text.UART_Init     pt32z192xx_uart.o
    0x00001222   0x00001222   0x00000002   PAD
    0x00001224   0x00001224   0x00000024   Code   RO          125    .text.Wait_ClockReady  system_pt32z192xx.o
    0x00001248   0x00001248   0x0000006e   Code   RO          800    .text._DoInit       segger_rtt.o
    0x000012b6   0x000012b6   0x00000002   PAD
    0x000012b8   0x000012b8   0x00000014   Code   RO          812    .text._GetAvailWriteSpace  segger_rtt.o
    0x000012cc   0x000012cc   0x000000fc   Code   RO          888    .text._PrintInt     segger_rtt_printf.o
    0x000013c8   0x000013c8   0x000000f0   Code   RO          890    .text._PrintUnsigned  segger_rtt_printf.o
    0x000014b8   0x000014b8   0x00000040   Code   RO          886    .text._StoreChar    segger_rtt_printf.o
    0x000014f8   0x000014f8   0x00000066   Code   RO          816    .text._WriteBlocking  segger_rtt.o
    0x0000155e   0x0000155e   0x00000002   PAD
    0x00001560   0x00001560   0x00000046   Code   RO          814    .text._WriteNoCheck  segger_rtt.o
    0x000015a6   0x000015a6   0x00000002   PAD
    0x000015a8   0x000015a8   0x0000000e   Code   RO           40    .text.__NVIC_SetPriority  main.o
    0x000015b6   0x000015b6   0x00000002   PAD
    0x000015b8   0x000015b8   0x00000044   Code   RO           32    .text.adc_initial   main.o
    0x000015fc   0x000015fc   0x00000090   Code   RO            4    .text.app           app.o
    0x0000168c   0x0000168c   0x0000000a   Code   RO          728    .text.fputc         pt32z192xx_retarget.o
    0x00001696   0x00001696   0x00000002   PAD
    0x00001698   0x00001698   0x00000048   Code   RO           38    .text.main          main.o
    0x000016e0   0x000016e0   0x00000068   Code   RO           34    .text.read_uid      main.o
    0x00001748   0x00001748   0x00000080   Code   RO           16    .text.segger_init   main.o
    0x000017c8   0x000017c8   0x00000052   Code   RO           24    .text.switch_gpio_config  main.o
    0x0000181a   0x0000181a   0x00000002   PAD
    0x0000181c   0x0000181c   0x00000012   Code   RO          912    OSKERNEL            hardfaulthandler.o
    0x0000182e   0x0000182e   0x00000002   PAD
    0x00001830   0x00001830   0x00000020   Code   RO         1157    i.__0printf         mc_w.l(printfa.o)
    0x00001850   0x00001850   0x00000028   Code   RO         1159    i.__0sprintf        mc_w.l(printfa.o)
    0x00001878   0x00001878   0x0000000e   Code   RO         1237    i.__scatterload_copy  mc_w.l(handlers.o)
    0x00001886   0x00001886   0x00000002   Code   RO         1238    i.__scatterload_null  mc_w.l(handlers.o)
    0x00001888   0x00001888   0x0000000e   Code   RO         1239    i.__scatterload_zeroinit  mc_w.l(handlers.o)
    0x00001896   0x00001896   0x00000002   PAD
    0x00001898   0x00001898   0x00000184   Code   RO         1164    i._fp_digits        mc_w.l(printfa.o)
    0x00001a1c   0x00001a1c   0x000006dc   Code   RO         1165    i._printf_core      mc_w.l(printfa.o)
    0x000020f8   0x000020f8   0x00000024   Code   RO         1166    i._printf_post_padding  mc_w.l(printfa.o)
    0x0000211c   0x0000211c   0x0000002e   Code   RO         1167    i._printf_pre_padding  mc_w.l(printfa.o)
    0x0000214a   0x0000214a   0x0000000a   Code   RO         1169    i._sputc            mc_w.l(printfa.o)
    0x00002154   0x00002154   0x00000014   Data   RO            7    .rodata.str1.1      app.o
    0x00002168   0x00002168   0x00000005   Data   RO           42    .rodata.str1.1      main.o
    0x0000216d   0x0000216d   0x00000009   Data   RO          873    .rodata.str1.1      segger_rtt.o
    0x00002176   0x00002176   0x00000002   PAD
    0x00002178   0x00002178   0x00000020   Data   RO         1236    Region$$Table       anon$$obj.o


    Execution Region RW_IRAM1 (Exec base: 0x20000000, Load base: 0x00002198, Size: 0x00000918, Max: 0x00010000, ABSOLUTE)

    Exec Addr    Load Addr    Size         Type   Attr      Idx    E Section Name        Object

    0x20000000   0x00002198   0x00000004   Data   RW         1207    .data               mc_w.l(stdout.o)
    0x20000004   0x0000219c   0x00000004   Data   RW          129    .data.SystemCoreClock  system_pt32z192xx.o
    0x20000008   0x000021a0   0x00000004   Data   RW          130    .data.VCO_VALUE     system_pt32z192xx.o
    0x2000000c   0x000021a4   0x00000004   PAD
    0x20000010        -       0x00000040   Zero   RW          904    .bss.HardFaultRegs  segger_hardfaulthandler.o
    0x20000050        -       0x00000004   Zero   RW            6    .bss.TimingDelay    app.o
    0x20000054        -       0x00000004   Zero   RW          905    .bss._Continue      segger_hardfaulthandler.o
    0x20000058        -       0x000000a8   Zero   RW          870    .bss._SEGGER_RTT    segger_rtt.o
    0x20000100        -       0x00000010   Zero   RW          875    .bss._acDownBuffer  segger_rtt.o
    0x20000110        -       0x00000400   Zero   RW          874    .bss._acUpBuffer    segger_rtt.o
    0x20000510        -       0x00000002   Zero   RW           43    .bss.m_AdcValue     main.o
    0x20000512   0x000021a4   0x00000006   PAD
    0x20000518        -       0x00000400   Zero   RW          137    STACK               startup_pt32z192.o


==============================================================================

Image component sizes


      Code (inc. data)   RO Data    RW Data    ZI Data      Debug   Object Name

       186          4         20          0          4       1121   app.o
        18          0          0          0          0        304   hardfaulthandler.o
       862        152          5          0          2       7124   main.o
       110          0          0          0          0       3431   pt32z192xx_adc.o
       222          0          0          0          0       5070   pt32z192xx_dma.o
       168          6          0          0          0       6837   pt32z192xx_gpio.o
       172         44          0          0          0       4278   pt32z192xx_it.o
        92          0          0          0          0       2387   pt32z192xx_misc.o
        10          0          0          0          0       1295   pt32z192xx_retarget.o
        18          0          0          0          0       1068   pt32z192xx_serial.o
       188          0          0          0          0       5725   pt32z192xx_uart.o
       148          0          0          0         68       2675   segger_hardfaulthandler.o
       460          0          9          0       1208      17476   segger_rtt.o
      1128        114          0          0          0       4631   segger_rtt_printf.o
        36          8        304          0       1024        804   startup_pt32z192.o
       200          0          0          8          0       1922   system_pt32z192xx.o

    ----------------------------------------------------------------------
      4108        328        372          8       2316      66148   Object Totals
         0          0         32          0          0          0   (incl. Generated)
        90          0          2          0         10          0   (incl. Padding)

    ----------------------------------------------------------------------

      Code (inc. data)   RO Data    RW Data    ZI Data      Debug   Library Member Name

         0          0          0          0          0          0   entry.o
         0          0          0          0          0          0   entry10a.o
         0          0          0          0          0          0   entry11a.o
         8          4          0          0          0          0   entry2.o
         4          0          0          0          0          0   entry5.o
         0          0          0          0          0          0   entry7b.o
         0          0          0          0          0          0   entry8b.o
         8          4          0          0          0          0   entry9a.o
        30          0          0          0          0          0   handlers.o
        36          8          0          0          0         68   init.o
         0          0          0          0          0          0   iusefp.o
        30          0          0          0          0         68   llshl.o
        36          0          0          0          0         68   llsshr.o
        32          0          0          0          0         68   llushr.o
        36          0          0          0          0         68   memcpya.o
      2308         96          0          0          0        604   printfa.o
         0          0          0          4          0          0   stdout.o
        44          0          0          0          0         80   uidiv.o
        98          0          0          0          0         92   uldiv.o
        48          0          0          0          0         68   cdrcmple.o
       334          0          0          0          0        148   dadd.o
       222          0          0          0          0        100   ddiv.o
       186          0          0          0          0        176   depilogue.o
        48          0          0          0          0         68   dfixul.o
       228          0          0          0          0         96   dmul.o
        38          0          0          0          0         68   f2d.o
       124          0          0          0          0         88   fdiv.o
       110          0          0          0          0        168   fepilogue.o
        10          0          0          0          0         68   ffltui.o
       100          0          0          0          0         76   fmul.o

    ----------------------------------------------------------------------
      4120        112          0          4          0       2240   Library Totals
         2          0          0          0          0          0   (incl. Padding)

    ----------------------------------------------------------------------

      Code (inc. data)   RO Data    RW Data    ZI Data      Debug   Library Name

      2670        112          0          4          0       1116   mc_w.l
      1448          0          0          0          0       1124   mf_w.l

    ----------------------------------------------------------------------
      4120        112          0          4          0       2240   Library Totals

    ----------------------------------------------------------------------

==============================================================================


      Code (inc. data)   RO Data    RW Data    ZI Data      Debug   

      8228        440        372         12       2316      67188   Grand Totals
      8228        440        372         12       2316      67188   ELF Image Totals
      8228        440        372         12          0          0   ROM Totals

==============================================================================

    Total RO  Size (Code + RO Data)                 8600 (   8.40kB)
    Total RW  Size (RW Data + ZI Data)              2328 (   2.27kB)
    Total ROM Size (Code + RO Data + RW Data)       8612 (   8.41kB)

==============================================================================

