<!doctype html public "-//w3c//dtd html 4.0 transitional//en">
<html><head>
<title>Static Call Graph - [.\output\ramcode\ramcode.axf]</title></head>
<body><HR>
<H1>Static Call Graph for image .\output\ramcode\ramcode.axf</H1><HR>
<BR><P>#&#060CALLGRAPH&#062# ARM Linker, 6140101: Last Updated: Fri Feb  4 23:27:38 2022
<BR><P>
<H3>Maximum Stack Usage =       1296 bytes + Unknown(Functions without stacksize, Cycles, Untraceable Function Pointers)</H3><H3>
Call chain for Maximum Stack Depth:</H3>
main &rArr; clk_test &rArr; SEGGER_RTT_printf &rArr; SEGGER_RTT_vprintf &rArr; _PrintUnsigned &rArr; SEGGER_RTT_Write &rArr; SEGGER_RTT_WriteNoLock
<P>
<H3>
Functions with no stack information
</H3><UL>
 <LI><a href="#[2]">HardFault_Handler</a>
</UL>
</UL>
<P>
<H3>
Mutually Recursive functions
</H3> <LI><a href="#[8f]">IRQ133_Handler</a>&nbsp;&nbsp;&nbsp;&rArr;&nbsp;&nbsp;&nbsp;<a href="#[8f]">IRQ133_Handler</a><BR>
</UL>
<P>
<H3>
Function Pointers
</H3><UL>
 <LI><a href="#[4]">BusFault_Handler</a> from hc32f46x_interrupts.o(.text.BusFault_Handler) referenced from startup_hc32f46x.o(RESET)
 <LI><a href="#[7]">DebugMon_Handler</a> from hc32f46x_interrupts.o(.text.DebugMon_Handler) referenced from startup_hc32f46x.o(RESET)
 <LI><a href="#[2]">HardFault_Handler</a> from hardfaulthandler.o(OSKERNEL) referenced from startup_hc32f46x.o(RESET)
 <LI><a href="#[a]">IRQ000_Handler</a> from hc32f46x_interrupts.o(.text.IRQ000_Handler) referenced from startup_hc32f46x.o(RESET)
 <LI><a href="#[b]">IRQ001_Handler</a> from hc32f46x_interrupts.o(.text.IRQ001_Handler) referenced from startup_hc32f46x.o(RESET)
 <LI><a href="#[c]">IRQ002_Handler</a> from hc32f46x_interrupts.o(.text.IRQ002_Handler) referenced from startup_hc32f46x.o(RESET)
 <LI><a href="#[d]">IRQ003_Handler</a> from hc32f46x_interrupts.o(.text.IRQ003_Handler) referenced from startup_hc32f46x.o(RESET)
 <LI><a href="#[e]">IRQ004_Handler</a> from hc32f46x_interrupts.o(.text.IRQ004_Handler) referenced from startup_hc32f46x.o(RESET)
 <LI><a href="#[f]">IRQ005_Handler</a> from hc32f46x_interrupts.o(.text.IRQ005_Handler) referenced from startup_hc32f46x.o(RESET)
 <LI><a href="#[10]">IRQ006_Handler</a> from hc32f46x_interrupts.o(.text.IRQ006_Handler) referenced from startup_hc32f46x.o(RESET)
 <LI><a href="#[11]">IRQ007_Handler</a> from hc32f46x_interrupts.o(.text.IRQ007_Handler) referenced from startup_hc32f46x.o(RESET)
 <LI><a href="#[12]">IRQ008_Handler</a> from hc32f46x_interrupts.o(.text.IRQ008_Handler) referenced from startup_hc32f46x.o(RESET)
 <LI><a href="#[13]">IRQ009_Handler</a> from hc32f46x_interrupts.o(.text.IRQ009_Handler) referenced from startup_hc32f46x.o(RESET)
 <LI><a href="#[14]">IRQ010_Handler</a> from hc32f46x_interrupts.o(.text.IRQ010_Handler) referenced from startup_hc32f46x.o(RESET)
 <LI><a href="#[15]">IRQ011_Handler</a> from hc32f46x_interrupts.o(.text.IRQ011_Handler) referenced from startup_hc32f46x.o(RESET)
 <LI><a href="#[16]">IRQ012_Handler</a> from hc32f46x_interrupts.o(.text.IRQ012_Handler) referenced from startup_hc32f46x.o(RESET)
 <LI><a href="#[17]">IRQ013_Handler</a> from hc32f46x_interrupts.o(.text.IRQ013_Handler) referenced from startup_hc32f46x.o(RESET)
 <LI><a href="#[18]">IRQ014_Handler</a> from hc32f46x_interrupts.o(.text.IRQ014_Handler) referenced from startup_hc32f46x.o(RESET)
 <LI><a href="#[19]">IRQ015_Handler</a> from hc32f46x_interrupts.o(.text.IRQ015_Handler) referenced from startup_hc32f46x.o(RESET)
 <LI><a href="#[1a]">IRQ016_Handler</a> from hc32f46x_interrupts.o(.text.IRQ016_Handler) referenced from startup_hc32f46x.o(RESET)
 <LI><a href="#[1b]">IRQ017_Handler</a> from hc32f46x_interrupts.o(.text.IRQ017_Handler) referenced from startup_hc32f46x.o(RESET)
 <LI><a href="#[1c]">IRQ018_Handler</a> from hc32f46x_interrupts.o(.text.IRQ018_Handler) referenced from startup_hc32f46x.o(RESET)
 <LI><a href="#[1d]">IRQ019_Handler</a> from hc32f46x_interrupts.o(.text.IRQ019_Handler) referenced from startup_hc32f46x.o(RESET)
 <LI><a href="#[1e]">IRQ020_Handler</a> from hc32f46x_interrupts.o(.text.IRQ020_Handler) referenced from startup_hc32f46x.o(RESET)
 <LI><a href="#[1f]">IRQ021_Handler</a> from hc32f46x_interrupts.o(.text.IRQ021_Handler) referenced from startup_hc32f46x.o(RESET)
 <LI><a href="#[20]">IRQ022_Handler</a> from hc32f46x_interrupts.o(.text.IRQ022_Handler) referenced from startup_hc32f46x.o(RESET)
 <LI><a href="#[21]">IRQ023_Handler</a> from hc32f46x_interrupts.o(.text.IRQ023_Handler) referenced from startup_hc32f46x.o(RESET)
 <LI><a href="#[22]">IRQ024_Handler</a> from hc32f46x_interrupts.o(.text.IRQ024_Handler) referenced from startup_hc32f46x.o(RESET)
 <LI><a href="#[23]">IRQ025_Handler</a> from hc32f46x_interrupts.o(.text.IRQ025_Handler) referenced from startup_hc32f46x.o(RESET)
 <LI><a href="#[24]">IRQ026_Handler</a> from hc32f46x_interrupts.o(.text.IRQ026_Handler) referenced from startup_hc32f46x.o(RESET)
 <LI><a href="#[25]">IRQ027_Handler</a> from hc32f46x_interrupts.o(.text.IRQ027_Handler) referenced from startup_hc32f46x.o(RESET)
 <LI><a href="#[26]">IRQ028_Handler</a> from hc32f46x_interrupts.o(.text.IRQ028_Handler) referenced from startup_hc32f46x.o(RESET)
 <LI><a href="#[27]">IRQ029_Handler</a> from hc32f46x_interrupts.o(.text.IRQ029_Handler) referenced from startup_hc32f46x.o(RESET)
 <LI><a href="#[28]">IRQ030_Handler</a> from hc32f46x_interrupts.o(.text.IRQ030_Handler) referenced from startup_hc32f46x.o(RESET)
 <LI><a href="#[29]">IRQ031_Handler</a> from hc32f46x_interrupts.o(.text.IRQ031_Handler) referenced from startup_hc32f46x.o(RESET)
 <LI><a href="#[2a]">IRQ032_Handler</a> from hc32f46x_interrupts.o(.text.IRQ032_Handler) referenced from startup_hc32f46x.o(RESET)
 <LI><a href="#[2b]">IRQ033_Handler</a> from hc32f46x_interrupts.o(.text.IRQ033_Handler) referenced from startup_hc32f46x.o(RESET)
 <LI><a href="#[2c]">IRQ034_Handler</a> from hc32f46x_interrupts.o(.text.IRQ034_Handler) referenced from startup_hc32f46x.o(RESET)
 <LI><a href="#[2d]">IRQ035_Handler</a> from hc32f46x_interrupts.o(.text.IRQ035_Handler) referenced from startup_hc32f46x.o(RESET)
 <LI><a href="#[2e]">IRQ036_Handler</a> from hc32f46x_interrupts.o(.text.IRQ036_Handler) referenced from startup_hc32f46x.o(RESET)
 <LI><a href="#[2f]">IRQ037_Handler</a> from hc32f46x_interrupts.o(.text.IRQ037_Handler) referenced from startup_hc32f46x.o(RESET)
 <LI><a href="#[30]">IRQ038_Handler</a> from hc32f46x_interrupts.o(.text.IRQ038_Handler) referenced from startup_hc32f46x.o(RESET)
 <LI><a href="#[31]">IRQ039_Handler</a> from hc32f46x_interrupts.o(.text.IRQ039_Handler) referenced from startup_hc32f46x.o(RESET)
 <LI><a href="#[32]">IRQ040_Handler</a> from hc32f46x_interrupts.o(.text.IRQ040_Handler) referenced from startup_hc32f46x.o(RESET)
 <LI><a href="#[33]">IRQ041_Handler</a> from hc32f46x_interrupts.o(.text.IRQ041_Handler) referenced from startup_hc32f46x.o(RESET)
 <LI><a href="#[34]">IRQ042_Handler</a> from hc32f46x_interrupts.o(.text.IRQ042_Handler) referenced from startup_hc32f46x.o(RESET)
 <LI><a href="#[35]">IRQ043_Handler</a> from hc32f46x_interrupts.o(.text.IRQ043_Handler) referenced from startup_hc32f46x.o(RESET)
 <LI><a href="#[36]">IRQ044_Handler</a> from hc32f46x_interrupts.o(.text.IRQ044_Handler) referenced from startup_hc32f46x.o(RESET)
 <LI><a href="#[37]">IRQ045_Handler</a> from hc32f46x_interrupts.o(.text.IRQ045_Handler) referenced from startup_hc32f46x.o(RESET)
 <LI><a href="#[38]">IRQ046_Handler</a> from hc32f46x_interrupts.o(.text.IRQ046_Handler) referenced from startup_hc32f46x.o(RESET)
 <LI><a href="#[39]">IRQ047_Handler</a> from hc32f46x_interrupts.o(.text.IRQ047_Handler) referenced from startup_hc32f46x.o(RESET)
 <LI><a href="#[3a]">IRQ048_Handler</a> from hc32f46x_interrupts.o(.text.IRQ048_Handler) referenced from startup_hc32f46x.o(RESET)
 <LI><a href="#[3b]">IRQ049_Handler</a> from hc32f46x_interrupts.o(.text.IRQ049_Handler) referenced from startup_hc32f46x.o(RESET)
 <LI><a href="#[3c]">IRQ050_Handler</a> from hc32f46x_interrupts.o(.text.IRQ050_Handler) referenced from startup_hc32f46x.o(RESET)
 <LI><a href="#[3d]">IRQ051_Handler</a> from hc32f46x_interrupts.o(.text.IRQ051_Handler) referenced from startup_hc32f46x.o(RESET)
 <LI><a href="#[3e]">IRQ052_Handler</a> from hc32f46x_interrupts.o(.text.IRQ052_Handler) referenced from startup_hc32f46x.o(RESET)
 <LI><a href="#[3f]">IRQ053_Handler</a> from hc32f46x_interrupts.o(.text.IRQ053_Handler) referenced from startup_hc32f46x.o(RESET)
 <LI><a href="#[40]">IRQ054_Handler</a> from hc32f46x_interrupts.o(.text.IRQ054_Handler) referenced from startup_hc32f46x.o(RESET)
 <LI><a href="#[41]">IRQ055_Handler</a> from hc32f46x_interrupts.o(.text.IRQ055_Handler) referenced from startup_hc32f46x.o(RESET)
 <LI><a href="#[42]">IRQ056_Handler</a> from hc32f46x_interrupts.o(.text.IRQ056_Handler) referenced from startup_hc32f46x.o(RESET)
 <LI><a href="#[43]">IRQ057_Handler</a> from hc32f46x_interrupts.o(.text.IRQ057_Handler) referenced from startup_hc32f46x.o(RESET)
 <LI><a href="#[44]">IRQ058_Handler</a> from hc32f46x_interrupts.o(.text.IRQ058_Handler) referenced from startup_hc32f46x.o(RESET)
 <LI><a href="#[45]">IRQ059_Handler</a> from hc32f46x_interrupts.o(.text.IRQ059_Handler) referenced from startup_hc32f46x.o(RESET)
 <LI><a href="#[46]">IRQ060_Handler</a> from hc32f46x_interrupts.o(.text.IRQ060_Handler) referenced from startup_hc32f46x.o(RESET)
 <LI><a href="#[47]">IRQ061_Handler</a> from hc32f46x_interrupts.o(.text.IRQ061_Handler) referenced from startup_hc32f46x.o(RESET)
 <LI><a href="#[48]">IRQ062_Handler</a> from hc32f46x_interrupts.o(.text.IRQ062_Handler) referenced from startup_hc32f46x.o(RESET)
 <LI><a href="#[49]">IRQ063_Handler</a> from hc32f46x_interrupts.o(.text.IRQ063_Handler) referenced from startup_hc32f46x.o(RESET)
 <LI><a href="#[4a]">IRQ064_Handler</a> from hc32f46x_interrupts.o(.text.IRQ064_Handler) referenced from startup_hc32f46x.o(RESET)
 <LI><a href="#[4b]">IRQ065_Handler</a> from hc32f46x_interrupts.o(.text.IRQ065_Handler) referenced from startup_hc32f46x.o(RESET)
 <LI><a href="#[4c]">IRQ066_Handler</a> from hc32f46x_interrupts.o(.text.IRQ066_Handler) referenced from startup_hc32f46x.o(RESET)
 <LI><a href="#[4d]">IRQ067_Handler</a> from hc32f46x_interrupts.o(.text.IRQ067_Handler) referenced from startup_hc32f46x.o(RESET)
 <LI><a href="#[4e]">IRQ068_Handler</a> from hc32f46x_interrupts.o(.text.IRQ068_Handler) referenced from startup_hc32f46x.o(RESET)
 <LI><a href="#[4f]">IRQ069_Handler</a> from hc32f46x_interrupts.o(.text.IRQ069_Handler) referenced from startup_hc32f46x.o(RESET)
 <LI><a href="#[50]">IRQ070_Handler</a> from hc32f46x_interrupts.o(.text.IRQ070_Handler) referenced from startup_hc32f46x.o(RESET)
 <LI><a href="#[51]">IRQ071_Handler</a> from hc32f46x_interrupts.o(.text.IRQ071_Handler) referenced from startup_hc32f46x.o(RESET)
 <LI><a href="#[52]">IRQ072_Handler</a> from hc32f46x_interrupts.o(.text.IRQ072_Handler) referenced from startup_hc32f46x.o(RESET)
 <LI><a href="#[53]">IRQ073_Handler</a> from hc32f46x_interrupts.o(.text.IRQ073_Handler) referenced from startup_hc32f46x.o(RESET)
 <LI><a href="#[54]">IRQ074_Handler</a> from hc32f46x_interrupts.o(.text.IRQ074_Handler) referenced from startup_hc32f46x.o(RESET)
 <LI><a href="#[55]">IRQ075_Handler</a> from hc32f46x_interrupts.o(.text.IRQ075_Handler) referenced from startup_hc32f46x.o(RESET)
 <LI><a href="#[56]">IRQ076_Handler</a> from hc32f46x_interrupts.o(.text.IRQ076_Handler) referenced from startup_hc32f46x.o(RESET)
 <LI><a href="#[57]">IRQ077_Handler</a> from hc32f46x_interrupts.o(.text.IRQ077_Handler) referenced from startup_hc32f46x.o(RESET)
 <LI><a href="#[58]">IRQ078_Handler</a> from hc32f46x_interrupts.o(.text.IRQ078_Handler) referenced from startup_hc32f46x.o(RESET)
 <LI><a href="#[59]">IRQ079_Handler</a> from hc32f46x_interrupts.o(.text.IRQ079_Handler) referenced from startup_hc32f46x.o(RESET)
 <LI><a href="#[5a]">IRQ080_Handler</a> from hc32f46x_interrupts.o(.text.IRQ080_Handler) referenced from startup_hc32f46x.o(RESET)
 <LI><a href="#[5b]">IRQ081_Handler</a> from hc32f46x_interrupts.o(.text.IRQ081_Handler) referenced from startup_hc32f46x.o(RESET)
 <LI><a href="#[5c]">IRQ082_Handler</a> from hc32f46x_interrupts.o(.text.IRQ082_Handler) referenced from startup_hc32f46x.o(RESET)
 <LI><a href="#[5d]">IRQ083_Handler</a> from hc32f46x_interrupts.o(.text.IRQ083_Handler) referenced from startup_hc32f46x.o(RESET)
 <LI><a href="#[5e]">IRQ084_Handler</a> from hc32f46x_interrupts.o(.text.IRQ084_Handler) referenced from startup_hc32f46x.o(RESET)
 <LI><a href="#[5f]">IRQ085_Handler</a> from hc32f46x_interrupts.o(.text.IRQ085_Handler) referenced from startup_hc32f46x.o(RESET)
 <LI><a href="#[60]">IRQ086_Handler</a> from hc32f46x_interrupts.o(.text.IRQ086_Handler) referenced from startup_hc32f46x.o(RESET)
 <LI><a href="#[61]">IRQ087_Handler</a> from hc32f46x_interrupts.o(.text.IRQ087_Handler) referenced from startup_hc32f46x.o(RESET)
 <LI><a href="#[62]">IRQ088_Handler</a> from hc32f46x_interrupts.o(.text.IRQ088_Handler) referenced from startup_hc32f46x.o(RESET)
 <LI><a href="#[63]">IRQ089_Handler</a> from hc32f46x_interrupts.o(.text.IRQ089_Handler) referenced from startup_hc32f46x.o(RESET)
 <LI><a href="#[64]">IRQ090_Handler</a> from hc32f46x_interrupts.o(.text.IRQ090_Handler) referenced from startup_hc32f46x.o(RESET)
 <LI><a href="#[65]">IRQ091_Handler</a> from hc32f46x_interrupts.o(.text.IRQ091_Handler) referenced from startup_hc32f46x.o(RESET)
 <LI><a href="#[66]">IRQ092_Handler</a> from hc32f46x_interrupts.o(.text.IRQ092_Handler) referenced from startup_hc32f46x.o(RESET)
 <LI><a href="#[67]">IRQ093_Handler</a> from hc32f46x_interrupts.o(.text.IRQ093_Handler) referenced from startup_hc32f46x.o(RESET)
 <LI><a href="#[68]">IRQ094_Handler</a> from hc32f46x_interrupts.o(.text.IRQ094_Handler) referenced from startup_hc32f46x.o(RESET)
 <LI><a href="#[69]">IRQ095_Handler</a> from hc32f46x_interrupts.o(.text.IRQ095_Handler) referenced from startup_hc32f46x.o(RESET)
 <LI><a href="#[6a]">IRQ096_Handler</a> from hc32f46x_interrupts.o(.text.IRQ096_Handler) referenced from startup_hc32f46x.o(RESET)
 <LI><a href="#[6b]">IRQ097_Handler</a> from hc32f46x_interrupts.o(.text.IRQ097_Handler) referenced from startup_hc32f46x.o(RESET)
 <LI><a href="#[6c]">IRQ098_Handler</a> from hc32f46x_interrupts.o(.text.IRQ098_Handler) referenced from startup_hc32f46x.o(RESET)
 <LI><a href="#[6d]">IRQ099_Handler</a> from hc32f46x_interrupts.o(.text.IRQ099_Handler) referenced from startup_hc32f46x.o(RESET)
 <LI><a href="#[6e]">IRQ100_Handler</a> from hc32f46x_interrupts.o(.text.IRQ100_Handler) referenced from startup_hc32f46x.o(RESET)
 <LI><a href="#[6f]">IRQ101_Handler</a> from hc32f46x_interrupts.o(.text.IRQ101_Handler) referenced from startup_hc32f46x.o(RESET)
 <LI><a href="#[70]">IRQ102_Handler</a> from hc32f46x_interrupts.o(.text.IRQ102_Handler) referenced from startup_hc32f46x.o(RESET)
 <LI><a href="#[71]">IRQ103_Handler</a> from hc32f46x_interrupts.o(.text.IRQ103_Handler) referenced from startup_hc32f46x.o(RESET)
 <LI><a href="#[72]">IRQ104_Handler</a> from hc32f46x_interrupts.o(.text.IRQ104_Handler) referenced from startup_hc32f46x.o(RESET)
 <LI><a href="#[73]">IRQ105_Handler</a> from hc32f46x_interrupts.o(.text.IRQ105_Handler) referenced from startup_hc32f46x.o(RESET)
 <LI><a href="#[74]">IRQ106_Handler</a> from hc32f46x_interrupts.o(.text.IRQ106_Handler) referenced from startup_hc32f46x.o(RESET)
 <LI><a href="#[75]">IRQ107_Handler</a> from hc32f46x_interrupts.o(.text.IRQ107_Handler) referenced from startup_hc32f46x.o(RESET)
 <LI><a href="#[76]">IRQ108_Handler</a> from hc32f46x_interrupts.o(.text.IRQ108_Handler) referenced from startup_hc32f46x.o(RESET)
 <LI><a href="#[77]">IRQ109_Handler</a> from hc32f46x_interrupts.o(.text.IRQ109_Handler) referenced from startup_hc32f46x.o(RESET)
 <LI><a href="#[78]">IRQ110_Handler</a> from hc32f46x_interrupts.o(.text.IRQ110_Handler) referenced from startup_hc32f46x.o(RESET)
 <LI><a href="#[79]">IRQ111_Handler</a> from hc32f46x_interrupts.o(.text.IRQ111_Handler) referenced from startup_hc32f46x.o(RESET)
 <LI><a href="#[7a]">IRQ112_Handler</a> from hc32f46x_interrupts.o(.text.IRQ112_Handler) referenced from startup_hc32f46x.o(RESET)
 <LI><a href="#[7b]">IRQ113_Handler</a> from hc32f46x_interrupts.o(.text.IRQ113_Handler) referenced from startup_hc32f46x.o(RESET)
 <LI><a href="#[7c]">IRQ114_Handler</a> from hc32f46x_interrupts.o(.text.IRQ114_Handler) referenced from startup_hc32f46x.o(RESET)
 <LI><a href="#[7d]">IRQ115_Handler</a> from hc32f46x_interrupts.o(.text.IRQ115_Handler) referenced from startup_hc32f46x.o(RESET)
 <LI><a href="#[7e]">IRQ116_Handler</a> from hc32f46x_interrupts.o(.text.IRQ116_Handler) referenced from startup_hc32f46x.o(RESET)
 <LI><a href="#[7f]">IRQ117_Handler</a> from hc32f46x_interrupts.o(.text.IRQ117_Handler) referenced from startup_hc32f46x.o(RESET)
 <LI><a href="#[80]">IRQ118_Handler</a> from hc32f46x_interrupts.o(.text.IRQ118_Handler) referenced from startup_hc32f46x.o(RESET)
 <LI><a href="#[81]">IRQ119_Handler</a> from hc32f46x_interrupts.o(.text.IRQ119_Handler) referenced from startup_hc32f46x.o(RESET)
 <LI><a href="#[82]">IRQ120_Handler</a> from hc32f46x_interrupts.o(.text.IRQ120_Handler) referenced from startup_hc32f46x.o(RESET)
 <LI><a href="#[83]">IRQ121_Handler</a> from hc32f46x_interrupts.o(.text.IRQ121_Handler) referenced from startup_hc32f46x.o(RESET)
 <LI><a href="#[84]">IRQ122_Handler</a> from hc32f46x_interrupts.o(.text.IRQ122_Handler) referenced from startup_hc32f46x.o(RESET)
 <LI><a href="#[85]">IRQ123_Handler</a> from hc32f46x_interrupts.o(.text.IRQ123_Handler) referenced from startup_hc32f46x.o(RESET)
 <LI><a href="#[86]">IRQ124_Handler</a> from hc32f46x_interrupts.o(.text.IRQ124_Handler) referenced from startup_hc32f46x.o(RESET)
 <LI><a href="#[87]">IRQ125_Handler</a> from hc32f46x_interrupts.o(.text.IRQ125_Handler) referenced from startup_hc32f46x.o(RESET)
 <LI><a href="#[88]">IRQ126_Handler</a> from hc32f46x_interrupts.o(.text.IRQ126_Handler) referenced from startup_hc32f46x.o(RESET)
 <LI><a href="#[89]">IRQ127_Handler</a> from hc32f46x_interrupts.o(.text.IRQ127_Handler) referenced from startup_hc32f46x.o(RESET)
 <LI><a href="#[8a]">IRQ128_Handler</a> from hc32f46x_interrupts.o(.text.IRQ128_Handler) referenced from startup_hc32f46x.o(RESET)
 <LI><a href="#[8b]">IRQ129_Handler</a> from hc32f46x_interrupts.o(.text.IRQ129_Handler) referenced from startup_hc32f46x.o(RESET)
 <LI><a href="#[8c]">IRQ130_Handler</a> from hc32f46x_interrupts.o(.text.IRQ130_Handler) referenced from startup_hc32f46x.o(RESET)
 <LI><a href="#[8d]">IRQ131_Handler</a> from hc32f46x_interrupts.o(.text.IRQ131_Handler) referenced from startup_hc32f46x.o(RESET)
 <LI><a href="#[8e]">IRQ132_Handler</a> from hc32f46x_interrupts.o(.text.IRQ132_Handler) referenced from startup_hc32f46x.o(RESET)
 <LI><a href="#[8f]">IRQ133_Handler</a> from startup_hc32f46x.o(.text) referenced from startup_hc32f46x.o(RESET)
 <LI><a href="#[90]">IRQ134_Handler</a> from startup_hc32f46x.o(.text) referenced from startup_hc32f46x.o(RESET)
 <LI><a href="#[91]">IRQ135_Handler</a> from startup_hc32f46x.o(.text) referenced from startup_hc32f46x.o(RESET)
 <LI><a href="#[92]">IRQ136_Handler</a> from hc32f46x_interrupts.o(.text.IRQ136_Handler) referenced from startup_hc32f46x.o(RESET)
 <LI><a href="#[93]">IRQ137_Handler</a> from hc32f46x_interrupts.o(.text.IRQ137_Handler) referenced from startup_hc32f46x.o(RESET)
 <LI><a href="#[94]">IRQ138_Handler</a> from hc32f46x_interrupts.o(.text.IRQ138_Handler) referenced from startup_hc32f46x.o(RESET)
 <LI><a href="#[95]">IRQ139_Handler</a> from hc32f46x_interrupts.o(.text.IRQ139_Handler) referenced from startup_hc32f46x.o(RESET)
 <LI><a href="#[96]">IRQ140_Handler</a> from hc32f46x_interrupts.o(.text.IRQ140_Handler) referenced from startup_hc32f46x.o(RESET)
 <LI><a href="#[97]">IRQ141_Handler</a> from hc32f46x_interrupts.o(.text.IRQ141_Handler) referenced from startup_hc32f46x.o(RESET)
 <LI><a href="#[98]">IRQ142_Handler</a> from hc32f46x_interrupts.o(.text.IRQ142_Handler) referenced from startup_hc32f46x.o(RESET)
 <LI><a href="#[99]">IRQ143_Handler</a> from hc32f46x_interrupts.o(.text.IRQ143_Handler) referenced from startup_hc32f46x.o(RESET)
 <LI><a href="#[3]">MemManage_Handler</a> from hc32f46x_interrupts.o(.text.MemManage_Handler) referenced from startup_hc32f46x.o(RESET)
 <LI><a href="#[1]">NMI_Handler</a> from hc32f46x_interrupts.o(.text.NMI_Handler) referenced from startup_hc32f46x.o(RESET)
 <LI><a href="#[8]">PendSV_Handler</a> from hc32f46x_interrupts.o(.text.PendSV_Handler) referenced from startup_hc32f46x.o(RESET)
 <LI><a href="#[0]">Reset_Handler</a> from startup_hc32f46x.o(.text) referenced from startup_hc32f46x.o(RESET)
 <LI><a href="#[6]">SVC_Handler</a> from hc32f46x_interrupts.o(.text.SVC_Handler) referenced from startup_hc32f46x.o(RESET)
 <LI><a href="#[9]">SysTick_Handler</a> from hc32f46x_interrupts.o(.text.SysTick_Handler) referenced from startup_hc32f46x.o(RESET)
 <LI><a href="#[9b]">SystemInit</a> from system_hc32f46x.o(.text.SystemInit) referenced from startup_hc32f46x.o(.text)
 <LI><a href="#[5]">UsageFault_Handler</a> from hc32f46x_interrupts.o(.text.UsageFault_Handler) referenced from startup_hc32f46x.o(RESET)
 <LI><a href="#[9e]">UsartRxIrqCallback</a> from myusart.o(.text.UsartRxIrqCallback) referenced 2 times from myusart.o(.text.usart_init)
 <LI><a href="#[9c]">__main</a> from entry.o(.ARM.Collect$$$$00000000) referenced from startup_hc32f46x.o(.text)
 <LI><a href="#[9f]">fputc</a> from main.o(.text.fputc) referenced from printfa.o(i.__0printf)
 <LI><a href="#[9a]">main</a> from main.o(.text.main) referenced from entry9a.o(.ARM.Collect$$$$0000000B)
 <LI><a href="#[9d]">tuya_UsartRxIrqCallback</a> from myusart.o(.text.tuya_UsartRxIrqCallback) referenced 2 times from myusart.o(.text.usart_init)
</UL>
<P>
<H3>
Global Symbols
</H3>
<P><STRONG><a name="[9c]"></a>__main</STRONG> (Thumb, 0 bytes, Stack size unknown bytes, entry.o(.ARM.Collect$$$$00000000))
<BR>[Address Reference Count : 1]<UL><LI> startup_hc32f46x.o(.text)
</UL>
<P><STRONG><a name="[ed]"></a>_main_stk</STRONG> (Thumb, 0 bytes, Stack size unknown bytes, entry2.o(.ARM.Collect$$$$00000001))

<P><STRONG><a name="[a2]"></a>_main_scatterload</STRONG> (Thumb, 0 bytes, Stack size unknown bytes, entry5.o(.ARM.Collect$$$$00000004))
<BR><BR>[Calls]<UL><LI><a href="#[a3]">&gt;&gt;</a>&nbsp;&nbsp;&nbsp;__scatterload
</UL>

<P><STRONG><a name="[b2]"></a>__main_after_scatterload</STRONG> (Thumb, 0 bytes, Stack size unknown bytes, entry5.o(.ARM.Collect$$$$00000004))
<BR><BR>[Called By]<UL><LI><a href="#[a3]">&gt;&gt;</a>&nbsp;&nbsp;&nbsp;__scatterload
</UL>

<P><STRONG><a name="[ee]"></a>_main_clock</STRONG> (Thumb, 0 bytes, Stack size unknown bytes, entry7b.o(.ARM.Collect$$$$00000008))

<P><STRONG><a name="[ef]"></a>_main_cpp_init</STRONG> (Thumb, 0 bytes, Stack size unknown bytes, entry8b.o(.ARM.Collect$$$$0000000A))

<P><STRONG><a name="[f0]"></a>_main_init</STRONG> (Thumb, 0 bytes, Stack size unknown bytes, entry9a.o(.ARM.Collect$$$$0000000B))

<P><STRONG><a name="[f1]"></a>__rt_final_cpp</STRONG> (Thumb, 0 bytes, Stack size unknown bytes, entry10a.o(.ARM.Collect$$$$0000000D))

<P><STRONG><a name="[f2]"></a>__rt_final_exit</STRONG> (Thumb, 0 bytes, Stack size unknown bytes, entry11a.o(.ARM.Collect$$$$0000000F))

<P><STRONG><a name="[0]"></a>Reset_Handler</STRONG> (Thumb, 46 bytes, Stack size 0 bytes, startup_hc32f46x.o(.text))
<BR>[Address Reference Count : 1]<UL><LI> startup_hc32f46x.o(RESET)
</UL>
<P><STRONG><a name="[8f]"></a>IRQ133_Handler</STRONG> (Thumb, 0 bytes, Stack size 0 bytes, startup_hc32f46x.o(.text))
<BR><BR>[Calls]<UL><LI><a href="#[8f]">&gt;&gt;</a>&nbsp;&nbsp;&nbsp;IRQ133_Handler
</UL>
<BR>[Called By]<UL><LI><a href="#[8f]">&gt;&gt;</a>&nbsp;&nbsp;&nbsp;IRQ133_Handler
</UL>
<BR>[Address Reference Count : 1]<UL><LI> startup_hc32f46x.o(RESET)
</UL>
<P><STRONG><a name="[90]"></a>IRQ134_Handler</STRONG> (Thumb, 0 bytes, Stack size 0 bytes, startup_hc32f46x.o(.text))
<BR>[Address Reference Count : 1]<UL><LI> startup_hc32f46x.o(RESET)
</UL>
<P><STRONG><a name="[91]"></a>IRQ135_Handler</STRONG> (Thumb, 0 bytes, Stack size 0 bytes, startup_hc32f46x.o(.text))
<BR>[Address Reference Count : 1]<UL><LI> startup_hc32f46x.o(RESET)
</UL>
<P><STRONG><a name="[a4]"></a>__aeabi_uldivmod</STRONG> (Thumb, 98 bytes, Stack size 40 bytes, uldiv.o(.text))
<BR><BR>[Stack]<UL><LI>Max Depth = 40<LI>Call Chain = __aeabi_uldivmod
</UL>
<BR>[Calls]<UL><LI><a href="#[a5]">&gt;&gt;</a>&nbsp;&nbsp;&nbsp;__aeabi_llsr
<LI><a href="#[a6]">&gt;&gt;</a>&nbsp;&nbsp;&nbsp;__aeabi_llsl
</UL>
<BR>[Called By]<UL><LI><a href="#[c9]">&gt;&gt;</a>&nbsp;&nbsp;&nbsp;USART_SetBaudrate
<LI><a href="#[e7]">&gt;&gt;</a>&nbsp;&nbsp;&nbsp;_printf_core
<LI><a href="#[e8]">&gt;&gt;</a>&nbsp;&nbsp;&nbsp;_fp_digits
</UL>

<P><STRONG><a name="[b9]"></a>__aeabi_memcpy</STRONG> (Thumb, 36 bytes, Stack size 0 bytes, memcpya.o(.text))
<BR><BR>[Called By]<UL><LI><a href="#[b8]">&gt;&gt;</a>&nbsp;&nbsp;&nbsp;SEGGER_RTT_WriteNoLock
</UL>

<P><STRONG><a name="[f3]"></a>__aeabi_memcpy4</STRONG> (Thumb, 0 bytes, Stack size 0 bytes, memcpya.o(.text), UNUSED)

<P><STRONG><a name="[f4]"></a>__aeabi_memcpy8</STRONG> (Thumb, 0 bytes, Stack size 0 bytes, memcpya.o(.text), UNUSED)

<P><STRONG><a name="[b6]"></a>strcmp</STRONG> (Thumb, 28 bytes, Stack size 8 bytes, strcmp.o(.text))
<BR><BR>[Stack]<UL><LI>Max Depth = 8<LI>Call Chain = strcmp
</UL>
<BR>[Called By]<UL><LI><a href="#[b5]">&gt;&gt;</a>&nbsp;&nbsp;&nbsp;Func_2
</UL>

<P><STRONG><a name="[a7]"></a>__aeabi_dmul</STRONG> (Thumb, 228 bytes, Stack size 48 bytes, dmul.o(.text))
<BR><BR>[Stack]<UL><LI>Max Depth = 88<LI>Call Chain = __aeabi_dmul &rArr; _double_epilogue &rArr; _double_round
</UL>
<BR>[Calls]<UL><LI><a href="#[a8]">&gt;&gt;</a>&nbsp;&nbsp;&nbsp;_double_epilogue
</UL>
<BR>[Called By]<UL><LI><a href="#[cd]">&gt;&gt;</a>&nbsp;&nbsp;&nbsp;dhry
<LI><a href="#[e8]">&gt;&gt;</a>&nbsp;&nbsp;&nbsp;_fp_digits
</UL>

<P><STRONG><a name="[d6]"></a>__aeabi_f2d</STRONG> (Thumb, 38 bytes, Stack size 0 bytes, f2d.o(.text))
<BR><BR>[Called By]<UL><LI><a href="#[cd]">&gt;&gt;</a>&nbsp;&nbsp;&nbsp;dhry
</UL>

<P><STRONG><a name="[a9]"></a>__aeabi_d2f</STRONG> (Thumb, 56 bytes, Stack size 8 bytes, d2f.o(.text))
<BR><BR>[Stack]<UL><LI>Max Depth = 8<LI>Call Chain = __aeabi_d2f
</UL>
<BR>[Calls]<UL><LI><a href="#[aa]">&gt;&gt;</a>&nbsp;&nbsp;&nbsp;_float_round
</UL>
<BR>[Called By]<UL><LI><a href="#[cd]">&gt;&gt;</a>&nbsp;&nbsp;&nbsp;dhry
</UL>

<P><STRONG><a name="[f5]"></a>__aeabi_uidiv</STRONG> (Thumb, 0 bytes, Stack size 12 bytes, uidiv.o(.text), UNUSED)

<P><STRONG><a name="[ec]"></a>__aeabi_uidivmod</STRONG> (Thumb, 44 bytes, Stack size 12 bytes, uidiv.o(.text), UNUSED)
<BR><BR>[Called By]<UL><LI><a href="#[e7]">&gt;&gt;</a>&nbsp;&nbsp;&nbsp;_printf_core
</UL>

<P><STRONG><a name="[a6]"></a>__aeabi_llsl</STRONG> (Thumb, 30 bytes, Stack size 0 bytes, llshl.o(.text))
<BR><BR>[Called By]<UL><LI><a href="#[a8]">&gt;&gt;</a>&nbsp;&nbsp;&nbsp;_double_epilogue
<LI><a href="#[ac]">&gt;&gt;</a>&nbsp;&nbsp;&nbsp;__aeabi_dadd
<LI><a href="#[b1]">&gt;&gt;</a>&nbsp;&nbsp;&nbsp;__aeabi_d2ulz
<LI><a href="#[a4]">&gt;&gt;</a>&nbsp;&nbsp;&nbsp;__aeabi_uldivmod
</UL>

<P><STRONG><a name="[f6]"></a>_ll_shift_l</STRONG> (Thumb, 0 bytes, Stack size 0 bytes, llshl.o(.text), UNUSED)

<P><STRONG><a name="[a5]"></a>__aeabi_llsr</STRONG> (Thumb, 32 bytes, Stack size 0 bytes, llushr.o(.text))
<BR><BR>[Called By]<UL><LI><a href="#[a8]">&gt;&gt;</a>&nbsp;&nbsp;&nbsp;_double_epilogue
<LI><a href="#[b1]">&gt;&gt;</a>&nbsp;&nbsp;&nbsp;__aeabi_d2ulz
<LI><a href="#[a4]">&gt;&gt;</a>&nbsp;&nbsp;&nbsp;__aeabi_uldivmod
</UL>

<P><STRONG><a name="[f7]"></a>_ll_ushift_r</STRONG> (Thumb, 0 bytes, Stack size 0 bytes, llushr.o(.text), UNUSED)

<P><STRONG><a name="[f8]"></a>__I$use$fp</STRONG> (Thumb, 0 bytes, Stack size 0 bytes, iusefp.o(.text), UNUSED)

<P><STRONG><a name="[aa]"></a>_float_round</STRONG> (Thumb, 18 bytes, Stack size 0 bytes, fepilogue.o(.text))
<BR><BR>[Called By]<UL><LI><a href="#[a9]">&gt;&gt;</a>&nbsp;&nbsp;&nbsp;__aeabi_d2f
</UL>

<P><STRONG><a name="[f9]"></a>_float_epilogue</STRONG> (Thumb, 92 bytes, Stack size 4 bytes, fepilogue.o(.text), UNUSED)

<P><STRONG><a name="[ab]"></a>_double_round</STRONG> (Thumb, 30 bytes, Stack size 8 bytes, depilogue.o(.text))
<BR><BR>[Stack]<UL><LI>Max Depth = 8<LI>Call Chain = _double_round
</UL>
<BR>[Called By]<UL><LI><a href="#[a8]">&gt;&gt;</a>&nbsp;&nbsp;&nbsp;_double_epilogue
<LI><a href="#[b0]">&gt;&gt;</a>&nbsp;&nbsp;&nbsp;__aeabi_ddiv
<LI><a href="#[ac]">&gt;&gt;</a>&nbsp;&nbsp;&nbsp;__aeabi_dadd
</UL>

<P><STRONG><a name="[a8]"></a>_double_epilogue</STRONG> (Thumb, 156 bytes, Stack size 32 bytes, depilogue.o(.text))
<BR><BR>[Stack]<UL><LI>Max Depth = 40<LI>Call Chain = _double_epilogue &rArr; _double_round
</UL>
<BR>[Calls]<UL><LI><a href="#[ab]">&gt;&gt;</a>&nbsp;&nbsp;&nbsp;_double_round
<LI><a href="#[a5]">&gt;&gt;</a>&nbsp;&nbsp;&nbsp;__aeabi_llsr
<LI><a href="#[a6]">&gt;&gt;</a>&nbsp;&nbsp;&nbsp;__aeabi_llsl
</UL>
<BR>[Called By]<UL><LI><a href="#[ac]">&gt;&gt;</a>&nbsp;&nbsp;&nbsp;__aeabi_dadd
<LI><a href="#[a7]">&gt;&gt;</a>&nbsp;&nbsp;&nbsp;__aeabi_dmul
</UL>

<P><STRONG><a name="[ac]"></a>__aeabi_dadd</STRONG> (Thumb, 322 bytes, Stack size 48 bytes, dadd.o(.text), UNUSED)
<BR><BR>[Calls]<UL><LI><a href="#[ad]">&gt;&gt;</a>&nbsp;&nbsp;&nbsp;__aeabi_lasr
<LI><a href="#[ab]">&gt;&gt;</a>&nbsp;&nbsp;&nbsp;_double_round
<LI><a href="#[a6]">&gt;&gt;</a>&nbsp;&nbsp;&nbsp;__aeabi_llsl
<LI><a href="#[a8]">&gt;&gt;</a>&nbsp;&nbsp;&nbsp;_double_epilogue
</UL>
<BR>[Called By]<UL><LI><a href="#[af]">&gt;&gt;</a>&nbsp;&nbsp;&nbsp;__aeabi_drsub
<LI><a href="#[ae]">&gt;&gt;</a>&nbsp;&nbsp;&nbsp;__aeabi_dsub
<LI><a href="#[e8]">&gt;&gt;</a>&nbsp;&nbsp;&nbsp;_fp_digits
</UL>

<P><STRONG><a name="[ae]"></a>__aeabi_dsub</STRONG> (Thumb, 6 bytes, Stack size 0 bytes, dadd.o(.text), UNUSED)
<BR><BR>[Calls]<UL><LI><a href="#[ac]">&gt;&gt;</a>&nbsp;&nbsp;&nbsp;__aeabi_dadd
</UL>

<P><STRONG><a name="[af]"></a>__aeabi_drsub</STRONG> (Thumb, 6 bytes, Stack size 0 bytes, dadd.o(.text), UNUSED)
<BR><BR>[Calls]<UL><LI><a href="#[ac]">&gt;&gt;</a>&nbsp;&nbsp;&nbsp;__aeabi_dadd
</UL>

<P><STRONG><a name="[b0]"></a>__aeabi_ddiv</STRONG> (Thumb, 222 bytes, Stack size 32 bytes, ddiv.o(.text), UNUSED)
<BR><BR>[Calls]<UL><LI><a href="#[ab]">&gt;&gt;</a>&nbsp;&nbsp;&nbsp;_double_round
</UL>
<BR>[Called By]<UL><LI><a href="#[e8]">&gt;&gt;</a>&nbsp;&nbsp;&nbsp;_fp_digits
</UL>

<P><STRONG><a name="[b1]"></a>__aeabi_d2ulz</STRONG> (Thumb, 48 bytes, Stack size 0 bytes, dfixul.o(.text), UNUSED)
<BR><BR>[Calls]<UL><LI><a href="#[a5]">&gt;&gt;</a>&nbsp;&nbsp;&nbsp;__aeabi_llsr
<LI><a href="#[a6]">&gt;&gt;</a>&nbsp;&nbsp;&nbsp;__aeabi_llsl
</UL>
<BR>[Called By]<UL><LI><a href="#[e8]">&gt;&gt;</a>&nbsp;&nbsp;&nbsp;_fp_digits
</UL>

<P><STRONG><a name="[e9]"></a>__aeabi_cdrcmple</STRONG> (Thumb, 48 bytes, Stack size 0 bytes, cdrcmple.o(.text), UNUSED)
<BR><BR>[Called By]<UL><LI><a href="#[e8]">&gt;&gt;</a>&nbsp;&nbsp;&nbsp;_fp_digits
</UL>

<P><STRONG><a name="[a3]"></a>__scatterload</STRONG> (Thumb, 28 bytes, Stack size 0 bytes, init.o(.text))
<BR><BR>[Calls]<UL><LI><a href="#[b2]">&gt;&gt;</a>&nbsp;&nbsp;&nbsp;__main_after_scatterload
</UL>
<BR>[Called By]<UL><LI><a href="#[a2]">&gt;&gt;</a>&nbsp;&nbsp;&nbsp;_main_scatterload
</UL>

<P><STRONG><a name="[fa]"></a>__scatterload_rt2</STRONG> (Thumb, 0 bytes, Stack size 0 bytes, init.o(.text), UNUSED)

<P><STRONG><a name="[ad]"></a>__aeabi_lasr</STRONG> (Thumb, 36 bytes, Stack size 0 bytes, llsshr.o(.text), UNUSED)
<BR><BR>[Called By]<UL><LI><a href="#[ac]">&gt;&gt;</a>&nbsp;&nbsp;&nbsp;__aeabi_dadd
</UL>

<P><STRONG><a name="[fb]"></a>_ll_sshift_r</STRONG> (Thumb, 0 bytes, Stack size 0 bytes, llsshr.o(.text), UNUSED)

<P><STRONG><a name="[4]"></a>BusFault_Handler</STRONG> (Thumb, 8 bytes, Stack size 8 bytes, hc32f46x_interrupts.o(.text.BusFault_Handler))
<BR><BR>[Stack]<UL><LI>Max Depth = 8<LI>Call Chain = BusFault_Handler
</UL>
<BR>[Address Reference Count : 1]<UL><LI> startup_hc32f46x.o(RESET)
</UL>
<P><STRONG><a name="[cc]"></a>CLK_GetClockFreq</STRONG> (Thumb, 224 bytes, Stack size 16 bytes, hc32f46x_clk.o(.text.CLK_GetClockFreq))
<BR><BR>[Stack]<UL><LI>Max Depth = 16<LI>Call Chain = CLK_GetClockFreq
</UL>
<BR>[Called By]<UL><LI><a href="#[cb]">&gt;&gt;</a>&nbsp;&nbsp;&nbsp;clk_test
<LI><a href="#[cd]">&gt;&gt;</a>&nbsp;&nbsp;&nbsp;dhry
</UL>

<P><STRONG><a name="[c7]"></a>CLK_GetFlagStatus</STRONG> (Thumb, 66 bytes, Stack size 0 bytes, hc32f46x_clk.o(.text.CLK_GetFlagStatus))
<BR><BR>[Called By]<UL><LI><a href="#[bd]">&gt;&gt;</a>&nbsp;&nbsp;&nbsp;SysClkIni
</UL>

<P><STRONG><a name="[c6]"></a>CLK_MpllCmd</STRONG> (Thumb, 196 bytes, Stack size 4 bytes, hc32f46x_clk.o(.text.CLK_MpllCmd))
<BR><BR>[Stack]<UL><LI>Max Depth = 4<LI>Call Chain = CLK_MpllCmd
</UL>
<BR>[Called By]<UL><LI><a href="#[bd]">&gt;&gt;</a>&nbsp;&nbsp;&nbsp;SysClkIni
</UL>

<P><STRONG><a name="[c2]"></a>CLK_MpllConfig</STRONG> (Thumb, 160 bytes, Stack size 8 bytes, hc32f46x_clk.o(.text.CLK_MpllConfig))
<BR><BR>[Stack]<UL><LI>Max Depth = 8<LI>Call Chain = CLK_MpllConfig
</UL>
<BR>[Called By]<UL><LI><a href="#[bd]">&gt;&gt;</a>&nbsp;&nbsp;&nbsp;SysClkIni
</UL>

<P><STRONG><a name="[c1]"></a>CLK_SetPllSource</STRONG> (Thumb, 56 bytes, Stack size 0 bytes, hc32f46x_clk.o(.text.CLK_SetPllSource))
<BR><BR>[Called By]<UL><LI><a href="#[bd]">&gt;&gt;</a>&nbsp;&nbsp;&nbsp;SysClkIni
</UL>

<P><STRONG><a name="[b3]"></a>CLK_SetSysClkSource</STRONG> (Thumb, 328 bytes, Stack size 28 bytes, hc32f46x_clk.o(.text.CLK_SetSysClkSource))
<BR><BR>[Stack]<UL><LI>Max Depth = 36<LI>Call Chain = CLK_SetSysClkSource &rArr; SystemCoreClockUpdate
</UL>
<BR>[Calls]<UL><LI><a href="#[b4]">&gt;&gt;</a>&nbsp;&nbsp;&nbsp;SystemCoreClockUpdate
</UL>
<BR>[Called By]<UL><LI><a href="#[bd]">&gt;&gt;</a>&nbsp;&nbsp;&nbsp;SysClkIni
</UL>

<P><STRONG><a name="[be]"></a>CLK_SysClkConfig</STRONG> (Thumb, 344 bytes, Stack size 36 bytes, hc32f46x_clk.o(.text.CLK_SysClkConfig))
<BR><BR>[Stack]<UL><LI>Max Depth = 36<LI>Call Chain = CLK_SysClkConfig
</UL>
<BR>[Called By]<UL><LI><a href="#[bd]">&gt;&gt;</a>&nbsp;&nbsp;&nbsp;SysClkIni
</UL>

<P><STRONG><a name="[c0]"></a>CLK_XtalCmd</STRONG> (Thumb, 228 bytes, Stack size 4 bytes, hc32f46x_clk.o(.text.CLK_XtalCmd))
<BR><BR>[Stack]<UL><LI>Max Depth = 4<LI>Call Chain = CLK_XtalCmd
</UL>
<BR>[Called By]<UL><LI><a href="#[bd]">&gt;&gt;</a>&nbsp;&nbsp;&nbsp;SysClkIni
</UL>

<P><STRONG><a name="[bf]"></a>CLK_XtalConfig</STRONG> (Thumb, 96 bytes, Stack size 0 bytes, hc32f46x_clk.o(.text.CLK_XtalConfig))
<BR><BR>[Called By]<UL><LI><a href="#[bd]">&gt;&gt;</a>&nbsp;&nbsp;&nbsp;SysClkIni
</UL>

<P><STRONG><a name="[d7]"></a>Ddl_Delay1ms</STRONG> (Thumb, 358 bytes, Stack size 12 bytes, hc32f46x_utility.o(.text.Ddl_Delay1ms))
<BR><BR>[Stack]<UL><LI>Max Depth = 12<LI>Call Chain = Ddl_Delay1ms
</UL>
<BR>[Called By]<UL><LI><a href="#[9a]">&gt;&gt;</a>&nbsp;&nbsp;&nbsp;main
<LI><a href="#[cd]">&gt;&gt;</a>&nbsp;&nbsp;&nbsp;dhry
</UL>

<P><STRONG><a name="[7]"></a>DebugMon_Handler</STRONG> (Thumb, 8 bytes, Stack size 8 bytes, hc32f46x_interrupts.o(.text.DebugMon_Handler))
<BR><BR>[Stack]<UL><LI>Max Depth = 8<LI>Call Chain = DebugMon_Handler
</UL>
<BR>[Address Reference Count : 1]<UL><LI> startup_hc32f46x.o(RESET)
</UL>
<P><STRONG><a name="[d8]"></a>DebugOutput</STRONG> (Thumb, 42 bytes, Stack size 0 bytes, hc32f46x_utility.o(.text.DebugOutput))
<BR><BR>[Called By]<UL><LI><a href="#[9f]">&gt;&gt;</a>&nbsp;&nbsp;&nbsp;fputc
</UL>

<P><STRONG><a name="[db]"></a>EFM_FlashCmd</STRONG> (Thumb, 24 bytes, Stack size 0 bytes, hc32f46x_efm.o(.text.EFM_FlashCmd))
<BR><BR>[Called By]<UL><LI><a href="#[9a]">&gt;&gt;</a>&nbsp;&nbsp;&nbsp;main
</UL>

<P><STRONG><a name="[dc]"></a>EFM_GetFlagStatus</STRONG> (Thumb, 18 bytes, Stack size 0 bytes, hc32f46x_efm.o(.text.EFM_GetFlagStatus))
<BR><BR>[Called By]<UL><LI><a href="#[9a]">&gt;&gt;</a>&nbsp;&nbsp;&nbsp;main
</UL>

<P><STRONG><a name="[dd]"></a>EFM_InstructionCacheCmd</STRONG> (Thumb, 26 bytes, Stack size 0 bytes, hc32f46x_efm.o(.text.EFM_InstructionCacheCmd))
<BR><BR>[Called By]<UL><LI><a href="#[9a]">&gt;&gt;</a>&nbsp;&nbsp;&nbsp;main
</UL>

<P><STRONG><a name="[c5]"></a>EFM_Lock</STRONG> (Thumb, 24 bytes, Stack size 0 bytes, hc32f46x_efm.o(.text.EFM_Lock))
<BR><BR>[Called By]<UL><LI><a href="#[bd]">&gt;&gt;</a>&nbsp;&nbsp;&nbsp;SysClkIni
<LI><a href="#[9a]">&gt;&gt;</a>&nbsp;&nbsp;&nbsp;main
</UL>

<P><STRONG><a name="[c4]"></a>EFM_SetLatency</STRONG> (Thumb, 18 bytes, Stack size 0 bytes, hc32f46x_efm.o(.text.EFM_SetLatency))
<BR><BR>[Called By]<UL><LI><a href="#[bd]">&gt;&gt;</a>&nbsp;&nbsp;&nbsp;SysClkIni
</UL>

<P><STRONG><a name="[c3]"></a>EFM_Unlock</STRONG> (Thumb, 22 bytes, Stack size 0 bytes, hc32f46x_efm.o(.text.EFM_Unlock))
<BR><BR>[Called By]<UL><LI><a href="#[bd]">&gt;&gt;</a>&nbsp;&nbsp;&nbsp;SysClkIni
<LI><a href="#[9a]">&gt;&gt;</a>&nbsp;&nbsp;&nbsp;main
</UL>

<P><STRONG><a name="[d5]"></a>Func_1</STRONG> (Thumb, 22 bytes, Stack size 0 bytes, dhry_2.o(.text.Func_1))
<BR><BR>[Called By]<UL><LI><a href="#[cd]">&gt;&gt;</a>&nbsp;&nbsp;&nbsp;dhry
</UL>

<P><STRONG><a name="[b5]"></a>Func_2</STRONG> (Thumb, 70 bytes, Stack size 8 bytes, dhry_2.o(.text.Func_2))
<BR><BR>[Stack]<UL><LI>Max Depth = 16<LI>Call Chain = Func_2 &rArr; strcmp
</UL>
<BR>[Calls]<UL><LI><a href="#[b6]">&gt;&gt;</a>&nbsp;&nbsp;&nbsp;strcmp
</UL>
<BR>[Called By]<UL><LI><a href="#[cd]">&gt;&gt;</a>&nbsp;&nbsp;&nbsp;dhry
</UL>

<P><STRONG><a name="[a1]"></a>HardFaultHandler</STRONG> (Thumb, 168 bytes, Stack size 0 bytes, segger_hardfaulthandler.o(.text.HardFaultHandler))
<BR><BR>[Called By]<UL><LI><a href="#[2]">&gt;&gt;</a>&nbsp;&nbsp;&nbsp;HardFault_Handler
</UL>

<P><STRONG><a name="[a]"></a>IRQ000_Handler</STRONG> (Thumb, 18 bytes, Stack size 0 bytes, hc32f46x_interrupts.o(.text.IRQ000_Handler))
<BR>[Address Reference Count : 1]<UL><LI> startup_hc32f46x.o(RESET)
</UL>
<P><STRONG><a name="[b]"></a>IRQ001_Handler</STRONG> (Thumb, 18 bytes, Stack size 0 bytes, hc32f46x_interrupts.o(.text.IRQ001_Handler))
<BR>[Address Reference Count : 1]<UL><LI> startup_hc32f46x.o(RESET)
</UL>
<P><STRONG><a name="[c]"></a>IRQ002_Handler</STRONG> (Thumb, 18 bytes, Stack size 0 bytes, hc32f46x_interrupts.o(.text.IRQ002_Handler))
<BR>[Address Reference Count : 1]<UL><LI> startup_hc32f46x.o(RESET)
</UL>
<P><STRONG><a name="[d]"></a>IRQ003_Handler</STRONG> (Thumb, 18 bytes, Stack size 0 bytes, hc32f46x_interrupts.o(.text.IRQ003_Handler))
<BR>[Address Reference Count : 1]<UL><LI> startup_hc32f46x.o(RESET)
</UL>
<P><STRONG><a name="[e]"></a>IRQ004_Handler</STRONG> (Thumb, 18 bytes, Stack size 0 bytes, hc32f46x_interrupts.o(.text.IRQ004_Handler))
<BR>[Address Reference Count : 1]<UL><LI> startup_hc32f46x.o(RESET)
</UL>
<P><STRONG><a name="[f]"></a>IRQ005_Handler</STRONG> (Thumb, 18 bytes, Stack size 0 bytes, hc32f46x_interrupts.o(.text.IRQ005_Handler))
<BR>[Address Reference Count : 1]<UL><LI> startup_hc32f46x.o(RESET)
</UL>
<P><STRONG><a name="[10]"></a>IRQ006_Handler</STRONG> (Thumb, 18 bytes, Stack size 0 bytes, hc32f46x_interrupts.o(.text.IRQ006_Handler))
<BR>[Address Reference Count : 1]<UL><LI> startup_hc32f46x.o(RESET)
</UL>
<P><STRONG><a name="[11]"></a>IRQ007_Handler</STRONG> (Thumb, 18 bytes, Stack size 0 bytes, hc32f46x_interrupts.o(.text.IRQ007_Handler))
<BR>[Address Reference Count : 1]<UL><LI> startup_hc32f46x.o(RESET)
</UL>
<P><STRONG><a name="[12]"></a>IRQ008_Handler</STRONG> (Thumb, 18 bytes, Stack size 0 bytes, hc32f46x_interrupts.o(.text.IRQ008_Handler))
<BR>[Address Reference Count : 1]<UL><LI> startup_hc32f46x.o(RESET)
</UL>
<P><STRONG><a name="[13]"></a>IRQ009_Handler</STRONG> (Thumb, 18 bytes, Stack size 0 bytes, hc32f46x_interrupts.o(.text.IRQ009_Handler))
<BR>[Address Reference Count : 1]<UL><LI> startup_hc32f46x.o(RESET)
</UL>
<P><STRONG><a name="[14]"></a>IRQ010_Handler</STRONG> (Thumb, 18 bytes, Stack size 0 bytes, hc32f46x_interrupts.o(.text.IRQ010_Handler))
<BR>[Address Reference Count : 1]<UL><LI> startup_hc32f46x.o(RESET)
</UL>
<P><STRONG><a name="[15]"></a>IRQ011_Handler</STRONG> (Thumb, 18 bytes, Stack size 0 bytes, hc32f46x_interrupts.o(.text.IRQ011_Handler))
<BR>[Address Reference Count : 1]<UL><LI> startup_hc32f46x.o(RESET)
</UL>
<P><STRONG><a name="[16]"></a>IRQ012_Handler</STRONG> (Thumb, 18 bytes, Stack size 0 bytes, hc32f46x_interrupts.o(.text.IRQ012_Handler))
<BR>[Address Reference Count : 1]<UL><LI> startup_hc32f46x.o(RESET)
</UL>
<P><STRONG><a name="[17]"></a>IRQ013_Handler</STRONG> (Thumb, 18 bytes, Stack size 0 bytes, hc32f46x_interrupts.o(.text.IRQ013_Handler))
<BR>[Address Reference Count : 1]<UL><LI> startup_hc32f46x.o(RESET)
</UL>
<P><STRONG><a name="[18]"></a>IRQ014_Handler</STRONG> (Thumb, 18 bytes, Stack size 0 bytes, hc32f46x_interrupts.o(.text.IRQ014_Handler))
<BR>[Address Reference Count : 1]<UL><LI> startup_hc32f46x.o(RESET)
</UL>
<P><STRONG><a name="[19]"></a>IRQ015_Handler</STRONG> (Thumb, 18 bytes, Stack size 0 bytes, hc32f46x_interrupts.o(.text.IRQ015_Handler))
<BR>[Address Reference Count : 1]<UL><LI> startup_hc32f46x.o(RESET)
</UL>
<P><STRONG><a name="[1a]"></a>IRQ016_Handler</STRONG> (Thumb, 18 bytes, Stack size 0 bytes, hc32f46x_interrupts.o(.text.IRQ016_Handler))
<BR>[Address Reference Count : 1]<UL><LI> startup_hc32f46x.o(RESET)
</UL>
<P><STRONG><a name="[1b]"></a>IRQ017_Handler</STRONG> (Thumb, 18 bytes, Stack size 0 bytes, hc32f46x_interrupts.o(.text.IRQ017_Handler))
<BR>[Address Reference Count : 1]<UL><LI> startup_hc32f46x.o(RESET)
</UL>
<P><STRONG><a name="[1c]"></a>IRQ018_Handler</STRONG> (Thumb, 18 bytes, Stack size 0 bytes, hc32f46x_interrupts.o(.text.IRQ018_Handler))
<BR>[Address Reference Count : 1]<UL><LI> startup_hc32f46x.o(RESET)
</UL>
<P><STRONG><a name="[1d]"></a>IRQ019_Handler</STRONG> (Thumb, 18 bytes, Stack size 0 bytes, hc32f46x_interrupts.o(.text.IRQ019_Handler))
<BR>[Address Reference Count : 1]<UL><LI> startup_hc32f46x.o(RESET)
</UL>
<P><STRONG><a name="[1e]"></a>IRQ020_Handler</STRONG> (Thumb, 18 bytes, Stack size 0 bytes, hc32f46x_interrupts.o(.text.IRQ020_Handler))
<BR>[Address Reference Count : 1]<UL><LI> startup_hc32f46x.o(RESET)
</UL>
<P><STRONG><a name="[1f]"></a>IRQ021_Handler</STRONG> (Thumb, 18 bytes, Stack size 0 bytes, hc32f46x_interrupts.o(.text.IRQ021_Handler))
<BR>[Address Reference Count : 1]<UL><LI> startup_hc32f46x.o(RESET)
</UL>
<P><STRONG><a name="[20]"></a>IRQ022_Handler</STRONG> (Thumb, 18 bytes, Stack size 0 bytes, hc32f46x_interrupts.o(.text.IRQ022_Handler))
<BR>[Address Reference Count : 1]<UL><LI> startup_hc32f46x.o(RESET)
</UL>
<P><STRONG><a name="[21]"></a>IRQ023_Handler</STRONG> (Thumb, 18 bytes, Stack size 0 bytes, hc32f46x_interrupts.o(.text.IRQ023_Handler))
<BR>[Address Reference Count : 1]<UL><LI> startup_hc32f46x.o(RESET)
</UL>
<P><STRONG><a name="[22]"></a>IRQ024_Handler</STRONG> (Thumb, 18 bytes, Stack size 0 bytes, hc32f46x_interrupts.o(.text.IRQ024_Handler))
<BR>[Address Reference Count : 1]<UL><LI> startup_hc32f46x.o(RESET)
</UL>
<P><STRONG><a name="[23]"></a>IRQ025_Handler</STRONG> (Thumb, 18 bytes, Stack size 0 bytes, hc32f46x_interrupts.o(.text.IRQ025_Handler))
<BR>[Address Reference Count : 1]<UL><LI> startup_hc32f46x.o(RESET)
</UL>
<P><STRONG><a name="[24]"></a>IRQ026_Handler</STRONG> (Thumb, 18 bytes, Stack size 0 bytes, hc32f46x_interrupts.o(.text.IRQ026_Handler))
<BR>[Address Reference Count : 1]<UL><LI> startup_hc32f46x.o(RESET)
</UL>
<P><STRONG><a name="[25]"></a>IRQ027_Handler</STRONG> (Thumb, 18 bytes, Stack size 0 bytes, hc32f46x_interrupts.o(.text.IRQ027_Handler))
<BR>[Address Reference Count : 1]<UL><LI> startup_hc32f46x.o(RESET)
</UL>
<P><STRONG><a name="[26]"></a>IRQ028_Handler</STRONG> (Thumb, 18 bytes, Stack size 0 bytes, hc32f46x_interrupts.o(.text.IRQ028_Handler))
<BR>[Address Reference Count : 1]<UL><LI> startup_hc32f46x.o(RESET)
</UL>
<P><STRONG><a name="[27]"></a>IRQ029_Handler</STRONG> (Thumb, 18 bytes, Stack size 0 bytes, hc32f46x_interrupts.o(.text.IRQ029_Handler))
<BR>[Address Reference Count : 1]<UL><LI> startup_hc32f46x.o(RESET)
</UL>
<P><STRONG><a name="[28]"></a>IRQ030_Handler</STRONG> (Thumb, 18 bytes, Stack size 0 bytes, hc32f46x_interrupts.o(.text.IRQ030_Handler))
<BR>[Address Reference Count : 1]<UL><LI> startup_hc32f46x.o(RESET)
</UL>
<P><STRONG><a name="[29]"></a>IRQ031_Handler</STRONG> (Thumb, 18 bytes, Stack size 0 bytes, hc32f46x_interrupts.o(.text.IRQ031_Handler))
<BR>[Address Reference Count : 1]<UL><LI> startup_hc32f46x.o(RESET)
</UL>
<P><STRONG><a name="[2a]"></a>IRQ032_Handler</STRONG> (Thumb, 20 bytes, Stack size 0 bytes, hc32f46x_interrupts.o(.text.IRQ032_Handler))
<BR>[Address Reference Count : 1]<UL><LI> startup_hc32f46x.o(RESET)
</UL>
<P><STRONG><a name="[2b]"></a>IRQ033_Handler</STRONG> (Thumb, 20 bytes, Stack size 0 bytes, hc32f46x_interrupts.o(.text.IRQ033_Handler))
<BR>[Address Reference Count : 1]<UL><LI> startup_hc32f46x.o(RESET)
</UL>
<P><STRONG><a name="[2c]"></a>IRQ034_Handler</STRONG> (Thumb, 20 bytes, Stack size 0 bytes, hc32f46x_interrupts.o(.text.IRQ034_Handler))
<BR>[Address Reference Count : 1]<UL><LI> startup_hc32f46x.o(RESET)
</UL>
<P><STRONG><a name="[2d]"></a>IRQ035_Handler</STRONG> (Thumb, 20 bytes, Stack size 0 bytes, hc32f46x_interrupts.o(.text.IRQ035_Handler))
<BR>[Address Reference Count : 1]<UL><LI> startup_hc32f46x.o(RESET)
</UL>
<P><STRONG><a name="[2e]"></a>IRQ036_Handler</STRONG> (Thumb, 20 bytes, Stack size 0 bytes, hc32f46x_interrupts.o(.text.IRQ036_Handler))
<BR>[Address Reference Count : 1]<UL><LI> startup_hc32f46x.o(RESET)
</UL>
<P><STRONG><a name="[2f]"></a>IRQ037_Handler</STRONG> (Thumb, 20 bytes, Stack size 0 bytes, hc32f46x_interrupts.o(.text.IRQ037_Handler))
<BR>[Address Reference Count : 1]<UL><LI> startup_hc32f46x.o(RESET)
</UL>
<P><STRONG><a name="[30]"></a>IRQ038_Handler</STRONG> (Thumb, 20 bytes, Stack size 0 bytes, hc32f46x_interrupts.o(.text.IRQ038_Handler))
<BR>[Address Reference Count : 1]<UL><LI> startup_hc32f46x.o(RESET)
</UL>
<P><STRONG><a name="[31]"></a>IRQ039_Handler</STRONG> (Thumb, 20 bytes, Stack size 0 bytes, hc32f46x_interrupts.o(.text.IRQ039_Handler))
<BR>[Address Reference Count : 1]<UL><LI> startup_hc32f46x.o(RESET)
</UL>
<P><STRONG><a name="[32]"></a>IRQ040_Handler</STRONG> (Thumb, 20 bytes, Stack size 0 bytes, hc32f46x_interrupts.o(.text.IRQ040_Handler))
<BR>[Address Reference Count : 1]<UL><LI> startup_hc32f46x.o(RESET)
</UL>
<P><STRONG><a name="[33]"></a>IRQ041_Handler</STRONG> (Thumb, 20 bytes, Stack size 0 bytes, hc32f46x_interrupts.o(.text.IRQ041_Handler))
<BR>[Address Reference Count : 1]<UL><LI> startup_hc32f46x.o(RESET)
</UL>
<P><STRONG><a name="[34]"></a>IRQ042_Handler</STRONG> (Thumb, 20 bytes, Stack size 0 bytes, hc32f46x_interrupts.o(.text.IRQ042_Handler))
<BR>[Address Reference Count : 1]<UL><LI> startup_hc32f46x.o(RESET)
</UL>
<P><STRONG><a name="[35]"></a>IRQ043_Handler</STRONG> (Thumb, 20 bytes, Stack size 0 bytes, hc32f46x_interrupts.o(.text.IRQ043_Handler))
<BR>[Address Reference Count : 1]<UL><LI> startup_hc32f46x.o(RESET)
</UL>
<P><STRONG><a name="[36]"></a>IRQ044_Handler</STRONG> (Thumb, 20 bytes, Stack size 0 bytes, hc32f46x_interrupts.o(.text.IRQ044_Handler))
<BR>[Address Reference Count : 1]<UL><LI> startup_hc32f46x.o(RESET)
</UL>
<P><STRONG><a name="[37]"></a>IRQ045_Handler</STRONG> (Thumb, 20 bytes, Stack size 0 bytes, hc32f46x_interrupts.o(.text.IRQ045_Handler))
<BR>[Address Reference Count : 1]<UL><LI> startup_hc32f46x.o(RESET)
</UL>
<P><STRONG><a name="[38]"></a>IRQ046_Handler</STRONG> (Thumb, 20 bytes, Stack size 0 bytes, hc32f46x_interrupts.o(.text.IRQ046_Handler))
<BR>[Address Reference Count : 1]<UL><LI> startup_hc32f46x.o(RESET)
</UL>
<P><STRONG><a name="[39]"></a>IRQ047_Handler</STRONG> (Thumb, 20 bytes, Stack size 0 bytes, hc32f46x_interrupts.o(.text.IRQ047_Handler))
<BR>[Address Reference Count : 1]<UL><LI> startup_hc32f46x.o(RESET)
</UL>
<P><STRONG><a name="[3a]"></a>IRQ048_Handler</STRONG> (Thumb, 20 bytes, Stack size 0 bytes, hc32f46x_interrupts.o(.text.IRQ048_Handler))
<BR>[Address Reference Count : 1]<UL><LI> startup_hc32f46x.o(RESET)
</UL>
<P><STRONG><a name="[3b]"></a>IRQ049_Handler</STRONG> (Thumb, 20 bytes, Stack size 0 bytes, hc32f46x_interrupts.o(.text.IRQ049_Handler))
<BR>[Address Reference Count : 1]<UL><LI> startup_hc32f46x.o(RESET)
</UL>
<P><STRONG><a name="[3c]"></a>IRQ050_Handler</STRONG> (Thumb, 20 bytes, Stack size 0 bytes, hc32f46x_interrupts.o(.text.IRQ050_Handler))
<BR>[Address Reference Count : 1]<UL><LI> startup_hc32f46x.o(RESET)
</UL>
<P><STRONG><a name="[3d]"></a>IRQ051_Handler</STRONG> (Thumb, 20 bytes, Stack size 0 bytes, hc32f46x_interrupts.o(.text.IRQ051_Handler))
<BR>[Address Reference Count : 1]<UL><LI> startup_hc32f46x.o(RESET)
</UL>
<P><STRONG><a name="[3e]"></a>IRQ052_Handler</STRONG> (Thumb, 20 bytes, Stack size 0 bytes, hc32f46x_interrupts.o(.text.IRQ052_Handler))
<BR>[Address Reference Count : 1]<UL><LI> startup_hc32f46x.o(RESET)
</UL>
<P><STRONG><a name="[3f]"></a>IRQ053_Handler</STRONG> (Thumb, 20 bytes, Stack size 0 bytes, hc32f46x_interrupts.o(.text.IRQ053_Handler))
<BR>[Address Reference Count : 1]<UL><LI> startup_hc32f46x.o(RESET)
</UL>
<P><STRONG><a name="[40]"></a>IRQ054_Handler</STRONG> (Thumb, 20 bytes, Stack size 0 bytes, hc32f46x_interrupts.o(.text.IRQ054_Handler))
<BR>[Address Reference Count : 1]<UL><LI> startup_hc32f46x.o(RESET)
</UL>
<P><STRONG><a name="[41]"></a>IRQ055_Handler</STRONG> (Thumb, 20 bytes, Stack size 0 bytes, hc32f46x_interrupts.o(.text.IRQ055_Handler))
<BR>[Address Reference Count : 1]<UL><LI> startup_hc32f46x.o(RESET)
</UL>
<P><STRONG><a name="[42]"></a>IRQ056_Handler</STRONG> (Thumb, 20 bytes, Stack size 0 bytes, hc32f46x_interrupts.o(.text.IRQ056_Handler))
<BR>[Address Reference Count : 1]<UL><LI> startup_hc32f46x.o(RESET)
</UL>
<P><STRONG><a name="[43]"></a>IRQ057_Handler</STRONG> (Thumb, 20 bytes, Stack size 0 bytes, hc32f46x_interrupts.o(.text.IRQ057_Handler))
<BR>[Address Reference Count : 1]<UL><LI> startup_hc32f46x.o(RESET)
</UL>
<P><STRONG><a name="[44]"></a>IRQ058_Handler</STRONG> (Thumb, 20 bytes, Stack size 0 bytes, hc32f46x_interrupts.o(.text.IRQ058_Handler))
<BR>[Address Reference Count : 1]<UL><LI> startup_hc32f46x.o(RESET)
</UL>
<P><STRONG><a name="[45]"></a>IRQ059_Handler</STRONG> (Thumb, 20 bytes, Stack size 0 bytes, hc32f46x_interrupts.o(.text.IRQ059_Handler))
<BR>[Address Reference Count : 1]<UL><LI> startup_hc32f46x.o(RESET)
</UL>
<P><STRONG><a name="[46]"></a>IRQ060_Handler</STRONG> (Thumb, 20 bytes, Stack size 0 bytes, hc32f46x_interrupts.o(.text.IRQ060_Handler))
<BR>[Address Reference Count : 1]<UL><LI> startup_hc32f46x.o(RESET)
</UL>
<P><STRONG><a name="[47]"></a>IRQ061_Handler</STRONG> (Thumb, 20 bytes, Stack size 0 bytes, hc32f46x_interrupts.o(.text.IRQ061_Handler))
<BR>[Address Reference Count : 1]<UL><LI> startup_hc32f46x.o(RESET)
</UL>
<P><STRONG><a name="[48]"></a>IRQ062_Handler</STRONG> (Thumb, 20 bytes, Stack size 0 bytes, hc32f46x_interrupts.o(.text.IRQ062_Handler))
<BR>[Address Reference Count : 1]<UL><LI> startup_hc32f46x.o(RESET)
</UL>
<P><STRONG><a name="[49]"></a>IRQ063_Handler</STRONG> (Thumb, 20 bytes, Stack size 0 bytes, hc32f46x_interrupts.o(.text.IRQ063_Handler))
<BR>[Address Reference Count : 1]<UL><LI> startup_hc32f46x.o(RESET)
</UL>
<P><STRONG><a name="[4a]"></a>IRQ064_Handler</STRONG> (Thumb, 20 bytes, Stack size 0 bytes, hc32f46x_interrupts.o(.text.IRQ064_Handler))
<BR>[Address Reference Count : 1]<UL><LI> startup_hc32f46x.o(RESET)
</UL>
<P><STRONG><a name="[4b]"></a>IRQ065_Handler</STRONG> (Thumb, 20 bytes, Stack size 0 bytes, hc32f46x_interrupts.o(.text.IRQ065_Handler))
<BR>[Address Reference Count : 1]<UL><LI> startup_hc32f46x.o(RESET)
</UL>
<P><STRONG><a name="[4c]"></a>IRQ066_Handler</STRONG> (Thumb, 20 bytes, Stack size 0 bytes, hc32f46x_interrupts.o(.text.IRQ066_Handler))
<BR>[Address Reference Count : 1]<UL><LI> startup_hc32f46x.o(RESET)
</UL>
<P><STRONG><a name="[4d]"></a>IRQ067_Handler</STRONG> (Thumb, 20 bytes, Stack size 0 bytes, hc32f46x_interrupts.o(.text.IRQ067_Handler))
<BR>[Address Reference Count : 1]<UL><LI> startup_hc32f46x.o(RESET)
</UL>
<P><STRONG><a name="[4e]"></a>IRQ068_Handler</STRONG> (Thumb, 20 bytes, Stack size 0 bytes, hc32f46x_interrupts.o(.text.IRQ068_Handler))
<BR>[Address Reference Count : 1]<UL><LI> startup_hc32f46x.o(RESET)
</UL>
<P><STRONG><a name="[4f]"></a>IRQ069_Handler</STRONG> (Thumb, 20 bytes, Stack size 0 bytes, hc32f46x_interrupts.o(.text.IRQ069_Handler))
<BR>[Address Reference Count : 1]<UL><LI> startup_hc32f46x.o(RESET)
</UL>
<P><STRONG><a name="[50]"></a>IRQ070_Handler</STRONG> (Thumb, 20 bytes, Stack size 0 bytes, hc32f46x_interrupts.o(.text.IRQ070_Handler))
<BR>[Address Reference Count : 1]<UL><LI> startup_hc32f46x.o(RESET)
</UL>
<P><STRONG><a name="[51]"></a>IRQ071_Handler</STRONG> (Thumb, 20 bytes, Stack size 0 bytes, hc32f46x_interrupts.o(.text.IRQ071_Handler))
<BR>[Address Reference Count : 1]<UL><LI> startup_hc32f46x.o(RESET)
</UL>
<P><STRONG><a name="[52]"></a>IRQ072_Handler</STRONG> (Thumb, 20 bytes, Stack size 0 bytes, hc32f46x_interrupts.o(.text.IRQ072_Handler))
<BR>[Address Reference Count : 1]<UL><LI> startup_hc32f46x.o(RESET)
</UL>
<P><STRONG><a name="[53]"></a>IRQ073_Handler</STRONG> (Thumb, 20 bytes, Stack size 0 bytes, hc32f46x_interrupts.o(.text.IRQ073_Handler))
<BR>[Address Reference Count : 1]<UL><LI> startup_hc32f46x.o(RESET)
</UL>
<P><STRONG><a name="[54]"></a>IRQ074_Handler</STRONG> (Thumb, 20 bytes, Stack size 0 bytes, hc32f46x_interrupts.o(.text.IRQ074_Handler))
<BR>[Address Reference Count : 1]<UL><LI> startup_hc32f46x.o(RESET)
</UL>
<P><STRONG><a name="[55]"></a>IRQ075_Handler</STRONG> (Thumb, 20 bytes, Stack size 0 bytes, hc32f46x_interrupts.o(.text.IRQ075_Handler))
<BR>[Address Reference Count : 1]<UL><LI> startup_hc32f46x.o(RESET)
</UL>
<P><STRONG><a name="[56]"></a>IRQ076_Handler</STRONG> (Thumb, 20 bytes, Stack size 0 bytes, hc32f46x_interrupts.o(.text.IRQ076_Handler))
<BR>[Address Reference Count : 1]<UL><LI> startup_hc32f46x.o(RESET)
</UL>
<P><STRONG><a name="[57]"></a>IRQ077_Handler</STRONG> (Thumb, 20 bytes, Stack size 0 bytes, hc32f46x_interrupts.o(.text.IRQ077_Handler))
<BR>[Address Reference Count : 1]<UL><LI> startup_hc32f46x.o(RESET)
</UL>
<P><STRONG><a name="[58]"></a>IRQ078_Handler</STRONG> (Thumb, 20 bytes, Stack size 0 bytes, hc32f46x_interrupts.o(.text.IRQ078_Handler))
<BR>[Address Reference Count : 1]<UL><LI> startup_hc32f46x.o(RESET)
</UL>
<P><STRONG><a name="[59]"></a>IRQ079_Handler</STRONG> (Thumb, 20 bytes, Stack size 0 bytes, hc32f46x_interrupts.o(.text.IRQ079_Handler))
<BR>[Address Reference Count : 1]<UL><LI> startup_hc32f46x.o(RESET)
</UL>
<P><STRONG><a name="[5a]"></a>IRQ080_Handler</STRONG> (Thumb, 20 bytes, Stack size 0 bytes, hc32f46x_interrupts.o(.text.IRQ080_Handler))
<BR>[Address Reference Count : 1]<UL><LI> startup_hc32f46x.o(RESET)
</UL>
<P><STRONG><a name="[5b]"></a>IRQ081_Handler</STRONG> (Thumb, 20 bytes, Stack size 0 bytes, hc32f46x_interrupts.o(.text.IRQ081_Handler))
<BR>[Address Reference Count : 1]<UL><LI> startup_hc32f46x.o(RESET)
</UL>
<P><STRONG><a name="[5c]"></a>IRQ082_Handler</STRONG> (Thumb, 20 bytes, Stack size 0 bytes, hc32f46x_interrupts.o(.text.IRQ082_Handler))
<BR>[Address Reference Count : 1]<UL><LI> startup_hc32f46x.o(RESET)
</UL>
<P><STRONG><a name="[5d]"></a>IRQ083_Handler</STRONG> (Thumb, 20 bytes, Stack size 0 bytes, hc32f46x_interrupts.o(.text.IRQ083_Handler))
<BR>[Address Reference Count : 1]<UL><LI> startup_hc32f46x.o(RESET)
</UL>
<P><STRONG><a name="[5e]"></a>IRQ084_Handler</STRONG> (Thumb, 20 bytes, Stack size 0 bytes, hc32f46x_interrupts.o(.text.IRQ084_Handler))
<BR>[Address Reference Count : 1]<UL><LI> startup_hc32f46x.o(RESET)
</UL>
<P><STRONG><a name="[5f]"></a>IRQ085_Handler</STRONG> (Thumb, 20 bytes, Stack size 0 bytes, hc32f46x_interrupts.o(.text.IRQ085_Handler))
<BR>[Address Reference Count : 1]<UL><LI> startup_hc32f46x.o(RESET)
</UL>
<P><STRONG><a name="[60]"></a>IRQ086_Handler</STRONG> (Thumb, 20 bytes, Stack size 0 bytes, hc32f46x_interrupts.o(.text.IRQ086_Handler))
<BR>[Address Reference Count : 1]<UL><LI> startup_hc32f46x.o(RESET)
</UL>
<P><STRONG><a name="[61]"></a>IRQ087_Handler</STRONG> (Thumb, 20 bytes, Stack size 0 bytes, hc32f46x_interrupts.o(.text.IRQ087_Handler))
<BR>[Address Reference Count : 1]<UL><LI> startup_hc32f46x.o(RESET)
</UL>
<P><STRONG><a name="[62]"></a>IRQ088_Handler</STRONG> (Thumb, 20 bytes, Stack size 0 bytes, hc32f46x_interrupts.o(.text.IRQ088_Handler))
<BR>[Address Reference Count : 1]<UL><LI> startup_hc32f46x.o(RESET)
</UL>
<P><STRONG><a name="[63]"></a>IRQ089_Handler</STRONG> (Thumb, 20 bytes, Stack size 0 bytes, hc32f46x_interrupts.o(.text.IRQ089_Handler))
<BR>[Address Reference Count : 1]<UL><LI> startup_hc32f46x.o(RESET)
</UL>
<P><STRONG><a name="[64]"></a>IRQ090_Handler</STRONG> (Thumb, 20 bytes, Stack size 0 bytes, hc32f46x_interrupts.o(.text.IRQ090_Handler))
<BR>[Address Reference Count : 1]<UL><LI> startup_hc32f46x.o(RESET)
</UL>
<P><STRONG><a name="[65]"></a>IRQ091_Handler</STRONG> (Thumb, 20 bytes, Stack size 0 bytes, hc32f46x_interrupts.o(.text.IRQ091_Handler))
<BR>[Address Reference Count : 1]<UL><LI> startup_hc32f46x.o(RESET)
</UL>
<P><STRONG><a name="[66]"></a>IRQ092_Handler</STRONG> (Thumb, 20 bytes, Stack size 0 bytes, hc32f46x_interrupts.o(.text.IRQ092_Handler))
<BR>[Address Reference Count : 1]<UL><LI> startup_hc32f46x.o(RESET)
</UL>
<P><STRONG><a name="[67]"></a>IRQ093_Handler</STRONG> (Thumb, 20 bytes, Stack size 0 bytes, hc32f46x_interrupts.o(.text.IRQ093_Handler))
<BR>[Address Reference Count : 1]<UL><LI> startup_hc32f46x.o(RESET)
</UL>
<P><STRONG><a name="[68]"></a>IRQ094_Handler</STRONG> (Thumb, 20 bytes, Stack size 0 bytes, hc32f46x_interrupts.o(.text.IRQ094_Handler))
<BR>[Address Reference Count : 1]<UL><LI> startup_hc32f46x.o(RESET)
</UL>
<P><STRONG><a name="[69]"></a>IRQ095_Handler</STRONG> (Thumb, 20 bytes, Stack size 0 bytes, hc32f46x_interrupts.o(.text.IRQ095_Handler))
<BR>[Address Reference Count : 1]<UL><LI> startup_hc32f46x.o(RESET)
</UL>
<P><STRONG><a name="[6a]"></a>IRQ096_Handler</STRONG> (Thumb, 20 bytes, Stack size 0 bytes, hc32f46x_interrupts.o(.text.IRQ096_Handler))
<BR>[Address Reference Count : 1]<UL><LI> startup_hc32f46x.o(RESET)
</UL>
<P><STRONG><a name="[6b]"></a>IRQ097_Handler</STRONG> (Thumb, 20 bytes, Stack size 0 bytes, hc32f46x_interrupts.o(.text.IRQ097_Handler))
<BR>[Address Reference Count : 1]<UL><LI> startup_hc32f46x.o(RESET)
</UL>
<P><STRONG><a name="[6c]"></a>IRQ098_Handler</STRONG> (Thumb, 20 bytes, Stack size 0 bytes, hc32f46x_interrupts.o(.text.IRQ098_Handler))
<BR>[Address Reference Count : 1]<UL><LI> startup_hc32f46x.o(RESET)
</UL>
<P><STRONG><a name="[6d]"></a>IRQ099_Handler</STRONG> (Thumb, 20 bytes, Stack size 0 bytes, hc32f46x_interrupts.o(.text.IRQ099_Handler))
<BR>[Address Reference Count : 1]<UL><LI> startup_hc32f46x.o(RESET)
</UL>
<P><STRONG><a name="[6e]"></a>IRQ100_Handler</STRONG> (Thumb, 20 bytes, Stack size 0 bytes, hc32f46x_interrupts.o(.text.IRQ100_Handler))
<BR>[Address Reference Count : 1]<UL><LI> startup_hc32f46x.o(RESET)
</UL>
<P><STRONG><a name="[6f]"></a>IRQ101_Handler</STRONG> (Thumb, 20 bytes, Stack size 0 bytes, hc32f46x_interrupts.o(.text.IRQ101_Handler))
<BR>[Address Reference Count : 1]<UL><LI> startup_hc32f46x.o(RESET)
</UL>
<P><STRONG><a name="[70]"></a>IRQ102_Handler</STRONG> (Thumb, 20 bytes, Stack size 0 bytes, hc32f46x_interrupts.o(.text.IRQ102_Handler))
<BR>[Address Reference Count : 1]<UL><LI> startup_hc32f46x.o(RESET)
</UL>
<P><STRONG><a name="[71]"></a>IRQ103_Handler</STRONG> (Thumb, 20 bytes, Stack size 0 bytes, hc32f46x_interrupts.o(.text.IRQ103_Handler))
<BR>[Address Reference Count : 1]<UL><LI> startup_hc32f46x.o(RESET)
</UL>
<P><STRONG><a name="[72]"></a>IRQ104_Handler</STRONG> (Thumb, 20 bytes, Stack size 0 bytes, hc32f46x_interrupts.o(.text.IRQ104_Handler))
<BR>[Address Reference Count : 1]<UL><LI> startup_hc32f46x.o(RESET)
</UL>
<P><STRONG><a name="[73]"></a>IRQ105_Handler</STRONG> (Thumb, 20 bytes, Stack size 0 bytes, hc32f46x_interrupts.o(.text.IRQ105_Handler))
<BR>[Address Reference Count : 1]<UL><LI> startup_hc32f46x.o(RESET)
</UL>
<P><STRONG><a name="[74]"></a>IRQ106_Handler</STRONG> (Thumb, 20 bytes, Stack size 0 bytes, hc32f46x_interrupts.o(.text.IRQ106_Handler))
<BR>[Address Reference Count : 1]<UL><LI> startup_hc32f46x.o(RESET)
</UL>
<P><STRONG><a name="[75]"></a>IRQ107_Handler</STRONG> (Thumb, 20 bytes, Stack size 0 bytes, hc32f46x_interrupts.o(.text.IRQ107_Handler))
<BR>[Address Reference Count : 1]<UL><LI> startup_hc32f46x.o(RESET)
</UL>
<P><STRONG><a name="[76]"></a>IRQ108_Handler</STRONG> (Thumb, 20 bytes, Stack size 0 bytes, hc32f46x_interrupts.o(.text.IRQ108_Handler))
<BR>[Address Reference Count : 1]<UL><LI> startup_hc32f46x.o(RESET)
</UL>
<P><STRONG><a name="[77]"></a>IRQ109_Handler</STRONG> (Thumb, 20 bytes, Stack size 0 bytes, hc32f46x_interrupts.o(.text.IRQ109_Handler))
<BR>[Address Reference Count : 1]<UL><LI> startup_hc32f46x.o(RESET)
</UL>
<P><STRONG><a name="[78]"></a>IRQ110_Handler</STRONG> (Thumb, 20 bytes, Stack size 0 bytes, hc32f46x_interrupts.o(.text.IRQ110_Handler))
<BR>[Address Reference Count : 1]<UL><LI> startup_hc32f46x.o(RESET)
</UL>
<P><STRONG><a name="[79]"></a>IRQ111_Handler</STRONG> (Thumb, 20 bytes, Stack size 0 bytes, hc32f46x_interrupts.o(.text.IRQ111_Handler))
<BR>[Address Reference Count : 1]<UL><LI> startup_hc32f46x.o(RESET)
</UL>
<P><STRONG><a name="[7a]"></a>IRQ112_Handler</STRONG> (Thumb, 20 bytes, Stack size 0 bytes, hc32f46x_interrupts.o(.text.IRQ112_Handler))
<BR>[Address Reference Count : 1]<UL><LI> startup_hc32f46x.o(RESET)
</UL>
<P><STRONG><a name="[7b]"></a>IRQ113_Handler</STRONG> (Thumb, 20 bytes, Stack size 0 bytes, hc32f46x_interrupts.o(.text.IRQ113_Handler))
<BR>[Address Reference Count : 1]<UL><LI> startup_hc32f46x.o(RESET)
</UL>
<P><STRONG><a name="[7c]"></a>IRQ114_Handler</STRONG> (Thumb, 20 bytes, Stack size 0 bytes, hc32f46x_interrupts.o(.text.IRQ114_Handler))
<BR>[Address Reference Count : 1]<UL><LI> startup_hc32f46x.o(RESET)
</UL>
<P><STRONG><a name="[7d]"></a>IRQ115_Handler</STRONG> (Thumb, 20 bytes, Stack size 0 bytes, hc32f46x_interrupts.o(.text.IRQ115_Handler))
<BR>[Address Reference Count : 1]<UL><LI> startup_hc32f46x.o(RESET)
</UL>
<P><STRONG><a name="[7e]"></a>IRQ116_Handler</STRONG> (Thumb, 20 bytes, Stack size 0 bytes, hc32f46x_interrupts.o(.text.IRQ116_Handler))
<BR>[Address Reference Count : 1]<UL><LI> startup_hc32f46x.o(RESET)
</UL>
<P><STRONG><a name="[7f]"></a>IRQ117_Handler</STRONG> (Thumb, 20 bytes, Stack size 0 bytes, hc32f46x_interrupts.o(.text.IRQ117_Handler))
<BR>[Address Reference Count : 1]<UL><LI> startup_hc32f46x.o(RESET)
</UL>
<P><STRONG><a name="[80]"></a>IRQ118_Handler</STRONG> (Thumb, 20 bytes, Stack size 0 bytes, hc32f46x_interrupts.o(.text.IRQ118_Handler))
<BR>[Address Reference Count : 1]<UL><LI> startup_hc32f46x.o(RESET)
</UL>
<P><STRONG><a name="[81]"></a>IRQ119_Handler</STRONG> (Thumb, 20 bytes, Stack size 0 bytes, hc32f46x_interrupts.o(.text.IRQ119_Handler))
<BR>[Address Reference Count : 1]<UL><LI> startup_hc32f46x.o(RESET)
</UL>
<P><STRONG><a name="[82]"></a>IRQ120_Handler</STRONG> (Thumb, 20 bytes, Stack size 0 bytes, hc32f46x_interrupts.o(.text.IRQ120_Handler))
<BR>[Address Reference Count : 1]<UL><LI> startup_hc32f46x.o(RESET)
</UL>
<P><STRONG><a name="[83]"></a>IRQ121_Handler</STRONG> (Thumb, 20 bytes, Stack size 0 bytes, hc32f46x_interrupts.o(.text.IRQ121_Handler))
<BR>[Address Reference Count : 1]<UL><LI> startup_hc32f46x.o(RESET)
</UL>
<P><STRONG><a name="[84]"></a>IRQ122_Handler</STRONG> (Thumb, 20 bytes, Stack size 0 bytes, hc32f46x_interrupts.o(.text.IRQ122_Handler))
<BR>[Address Reference Count : 1]<UL><LI> startup_hc32f46x.o(RESET)
</UL>
<P><STRONG><a name="[85]"></a>IRQ123_Handler</STRONG> (Thumb, 20 bytes, Stack size 0 bytes, hc32f46x_interrupts.o(.text.IRQ123_Handler))
<BR>[Address Reference Count : 1]<UL><LI> startup_hc32f46x.o(RESET)
</UL>
<P><STRONG><a name="[86]"></a>IRQ124_Handler</STRONG> (Thumb, 20 bytes, Stack size 0 bytes, hc32f46x_interrupts.o(.text.IRQ124_Handler))
<BR>[Address Reference Count : 1]<UL><LI> startup_hc32f46x.o(RESET)
</UL>
<P><STRONG><a name="[87]"></a>IRQ125_Handler</STRONG> (Thumb, 20 bytes, Stack size 0 bytes, hc32f46x_interrupts.o(.text.IRQ125_Handler))
<BR>[Address Reference Count : 1]<UL><LI> startup_hc32f46x.o(RESET)
</UL>
<P><STRONG><a name="[88]"></a>IRQ126_Handler</STRONG> (Thumb, 20 bytes, Stack size 0 bytes, hc32f46x_interrupts.o(.text.IRQ126_Handler))
<BR>[Address Reference Count : 1]<UL><LI> startup_hc32f46x.o(RESET)
</UL>
<P><STRONG><a name="[89]"></a>IRQ127_Handler</STRONG> (Thumb, 20 bytes, Stack size 0 bytes, hc32f46x_interrupts.o(.text.IRQ127_Handler))
<BR>[Address Reference Count : 1]<UL><LI> startup_hc32f46x.o(RESET)
</UL>
<P><STRONG><a name="[8a]"></a>IRQ128_Handler</STRONG> (Thumb, 250 bytes, Stack size 16 bytes, hc32f46x_interrupts.o(.text.IRQ128_Handler))
<BR><BR>[Stack]<UL><LI>Max Depth = 16<LI>Call Chain = IRQ128_Handler
</UL>
<BR>[Address Reference Count : 1]<UL><LI> startup_hc32f46x.o(RESET)
</UL>
<P><STRONG><a name="[8b]"></a>IRQ129_Handler</STRONG> (Thumb, 892 bytes, Stack size 32 bytes, hc32f46x_interrupts.o(.text.IRQ129_Handler))
<BR><BR>[Stack]<UL><LI>Max Depth = 32<LI>Call Chain = IRQ129_Handler
</UL>
<BR>[Address Reference Count : 1]<UL><LI> startup_hc32f46x.o(RESET)
</UL>
<P><STRONG><a name="[8c]"></a>IRQ130_Handler</STRONG> (Thumb, 190 bytes, Stack size 16 bytes, hc32f46x_interrupts.o(.text.IRQ130_Handler))
<BR><BR>[Stack]<UL><LI>Max Depth = 16<LI>Call Chain = IRQ130_Handler
</UL>
<BR>[Address Reference Count : 1]<UL><LI> startup_hc32f46x.o(RESET)
</UL>
<P><STRONG><a name="[8d]"></a>IRQ131_Handler</STRONG> (Thumb, 536 bytes, Stack size 16 bytes, hc32f46x_interrupts.o(.text.IRQ131_Handler))
<BR><BR>[Stack]<UL><LI>Max Depth = 16<LI>Call Chain = IRQ131_Handler
</UL>
<BR>[Address Reference Count : 1]<UL><LI> startup_hc32f46x.o(RESET)
</UL>
<P><STRONG><a name="[8e]"></a>IRQ132_Handler</STRONG> (Thumb, 274 bytes, Stack size 16 bytes, hc32f46x_interrupts.o(.text.IRQ132_Handler))
<BR><BR>[Stack]<UL><LI>Max Depth = 16<LI>Call Chain = IRQ132_Handler
</UL>
<BR>[Address Reference Count : 1]<UL><LI> startup_hc32f46x.o(RESET)
</UL>
<P><STRONG><a name="[92]"></a>IRQ136_Handler</STRONG> (Thumb, 684 bytes, Stack size 24 bytes, hc32f46x_interrupts.o(.text.IRQ136_Handler))
<BR><BR>[Stack]<UL><LI>Max Depth = 24<LI>Call Chain = IRQ136_Handler
</UL>
<BR>[Address Reference Count : 1]<UL><LI> startup_hc32f46x.o(RESET)
</UL>
<P><STRONG><a name="[93]"></a>IRQ137_Handler</STRONG> (Thumb, 680 bytes, Stack size 24 bytes, hc32f46x_interrupts.o(.text.IRQ137_Handler))
<BR><BR>[Stack]<UL><LI>Max Depth = 24<LI>Call Chain = IRQ137_Handler
</UL>
<BR>[Address Reference Count : 1]<UL><LI> startup_hc32f46x.o(RESET)
</UL>
<P><STRONG><a name="[94]"></a>IRQ138_Handler</STRONG> (Thumb, 406 bytes, Stack size 24 bytes, hc32f46x_interrupts.o(.text.IRQ138_Handler))
<BR><BR>[Stack]<UL><LI>Max Depth = 24<LI>Call Chain = IRQ138_Handler
</UL>
<BR>[Address Reference Count : 1]<UL><LI> startup_hc32f46x.o(RESET)
</UL>
<P><STRONG><a name="[95]"></a>IRQ139_Handler</STRONG> (Thumb, 212 bytes, Stack size 24 bytes, hc32f46x_interrupts.o(.text.IRQ139_Handler))
<BR><BR>[Stack]<UL><LI>Max Depth = 24<LI>Call Chain = IRQ139_Handler
</UL>
<BR>[Address Reference Count : 1]<UL><LI> startup_hc32f46x.o(RESET)
</UL>
<P><STRONG><a name="[96]"></a>IRQ140_Handler</STRONG> (Thumb, 408 bytes, Stack size 16 bytes, hc32f46x_interrupts.o(.text.IRQ140_Handler))
<BR><BR>[Stack]<UL><LI>Max Depth = 16<LI>Call Chain = IRQ140_Handler
</UL>
<BR>[Address Reference Count : 1]<UL><LI> startup_hc32f46x.o(RESET)
</UL>
<P><STRONG><a name="[97]"></a>IRQ141_Handler</STRONG> (Thumb, 474 bytes, Stack size 24 bytes, hc32f46x_interrupts.o(.text.IRQ141_Handler))
<BR><BR>[Stack]<UL><LI>Max Depth = 24<LI>Call Chain = IRQ141_Handler
</UL>
<BR>[Address Reference Count : 1]<UL><LI> startup_hc32f46x.o(RESET)
</UL>
<P><STRONG><a name="[98]"></a>IRQ142_Handler</STRONG> (Thumb, 298 bytes, Stack size 40 bytes, hc32f46x_interrupts.o(.text.IRQ142_Handler))
<BR><BR>[Stack]<UL><LI>Max Depth = 40<LI>Call Chain = IRQ142_Handler
</UL>
<BR>[Address Reference Count : 1]<UL><LI> startup_hc32f46x.o(RESET)
</UL>
<P><STRONG><a name="[99]"></a>IRQ143_Handler</STRONG> (Thumb, 234 bytes, Stack size 16 bytes, hc32f46x_interrupts.o(.text.IRQ143_Handler))
<BR><BR>[Stack]<UL><LI>Max Depth = 16<LI>Call Chain = IRQ143_Handler
</UL>
<BR>[Address Reference Count : 1]<UL><LI> startup_hc32f46x.o(RESET)
</UL>
<P><STRONG><a name="[3]"></a>MemManage_Handler</STRONG> (Thumb, 8 bytes, Stack size 8 bytes, hc32f46x_interrupts.o(.text.MemManage_Handler))
<BR><BR>[Stack]<UL><LI>Max Depth = 8<LI>Call Chain = MemManage_Handler
</UL>
<BR>[Address Reference Count : 1]<UL><LI> startup_hc32f46x.o(RESET)
</UL>
<P><STRONG><a name="[1]"></a>NMI_Handler</STRONG> (Thumb, 8 bytes, Stack size 8 bytes, hc32f46x_interrupts.o(.text.NMI_Handler))
<BR><BR>[Stack]<UL><LI>Max Depth = 8<LI>Call Chain = NMI_Handler
</UL>
<BR>[Address Reference Count : 1]<UL><LI> startup_hc32f46x.o(RESET)
</UL>
<P><STRONG><a name="[e2]"></a>PORT_SetFunc</STRONG> (Thumb, 646 bytes, Stack size 8 bytes, hc32f46x_gpio.o(.text.PORT_SetFunc))
<BR><BR>[Stack]<UL><LI>Max Depth = 8<LI>Call Chain = PORT_SetFunc
</UL>
<BR>[Called By]<UL><LI><a href="#[df]">&gt;&gt;</a>&nbsp;&nbsp;&nbsp;usart_init
</UL>

<P><STRONG><a name="[e1]"></a>PWC_Fcg1PeriphClockCmd</STRONG> (Thumb, 24 bytes, Stack size 0 bytes, hc32f46x_pwc.o(.text.PWC_Fcg1PeriphClockCmd))
<BR><BR>[Called By]<UL><LI><a href="#[df]">&gt;&gt;</a>&nbsp;&nbsp;&nbsp;usart_init
</UL>

<P><STRONG><a name="[8]"></a>PendSV_Handler</STRONG> (Thumb, 8 bytes, Stack size 8 bytes, hc32f46x_interrupts.o(.text.PendSV_Handler))
<BR><BR>[Stack]<UL><LI>Max Depth = 8<LI>Call Chain = PendSV_Handler
</UL>
<BR>[Address Reference Count : 1]<UL><LI> startup_hc32f46x.o(RESET)
</UL>
<P><STRONG><a name="[d4]"></a>Proc_6</STRONG> (Thumb, 58 bytes, Stack size 0 bytes, dhry_2.o(.text.Proc_6))
<BR><BR>[Called By]<UL><LI><a href="#[cd]">&gt;&gt;</a>&nbsp;&nbsp;&nbsp;dhry
</UL>

<P><STRONG><a name="[d2]"></a>Proc_7</STRONG> (Thumb, 8 bytes, Stack size 0 bytes, dhry_2.o(.text.Proc_7))
<BR><BR>[Called By]<UL><LI><a href="#[cd]">&gt;&gt;</a>&nbsp;&nbsp;&nbsp;dhry
</UL>

<P><STRONG><a name="[d3]"></a>Proc_8</STRONG> (Thumb, 86 bytes, Stack size 8 bytes, dhry_2.o(.text.Proc_8))
<BR><BR>[Stack]<UL><LI>Max Depth = 8<LI>Call Chain = Proc_8
</UL>
<BR>[Called By]<UL><LI><a href="#[cd]">&gt;&gt;</a>&nbsp;&nbsp;&nbsp;dhry
</UL>

<P><STRONG><a name="[d9]"></a>SEGGER_RTT_Init</STRONG> (Thumb, 124 bytes, Stack size 0 bytes, segger_rtt.o(.text.SEGGER_RTT_Init))
<BR><BR>[Called By]<UL><LI><a href="#[9a]">&gt;&gt;</a>&nbsp;&nbsp;&nbsp;main
</UL>

<P><STRONG><a name="[b7]"></a>SEGGER_RTT_Write</STRONG> (Thumb, 190 bytes, Stack size 8 bytes, segger_rtt.o(.text.SEGGER_RTT_Write))
<BR><BR>[Stack]<UL><LI>Max Depth = 48<LI>Call Chain = SEGGER_RTT_Write &rArr; SEGGER_RTT_WriteNoLock
</UL>
<BR>[Calls]<UL><LI><a href="#[b8]">&gt;&gt;</a>&nbsp;&nbsp;&nbsp;SEGGER_RTT_WriteNoLock
</UL>
<BR>[Called By]<UL><LI><a href="#[bb]">&gt;&gt;</a>&nbsp;&nbsp;&nbsp;SEGGER_RTT_vprintf
<LI><a href="#[bc]">&gt;&gt;</a>&nbsp;&nbsp;&nbsp;_PrintUnsigned
</UL>

<P><STRONG><a name="[b8]"></a>SEGGER_RTT_WriteNoLock</STRONG> (Thumb, 394 bytes, Stack size 40 bytes, segger_rtt.o(.text.SEGGER_RTT_WriteNoLock))
<BR><BR>[Stack]<UL><LI>Max Depth = 40<LI>Call Chain = SEGGER_RTT_WriteNoLock
</UL>
<BR>[Calls]<UL><LI><a href="#[b9]">&gt;&gt;</a>&nbsp;&nbsp;&nbsp;__aeabi_memcpy
</UL>
<BR>[Called By]<UL><LI><a href="#[b7]">&gt;&gt;</a>&nbsp;&nbsp;&nbsp;SEGGER_RTT_Write
</UL>

<P><STRONG><a name="[ba]"></a>SEGGER_RTT_printf</STRONG> (Thumb, 30 bytes, Stack size 24 bytes, segger_rtt_printf.o(.text.SEGGER_RTT_printf))
<BR><BR>[Stack]<UL><LI>Max Depth = 1208<LI>Call Chain = SEGGER_RTT_printf &rArr; SEGGER_RTT_vprintf &rArr; _PrintUnsigned &rArr; SEGGER_RTT_Write &rArr; SEGGER_RTT_WriteNoLock
</UL>
<BR>[Calls]<UL><LI><a href="#[bb]">&gt;&gt;</a>&nbsp;&nbsp;&nbsp;SEGGER_RTT_vprintf
</UL>
<BR>[Called By]<UL><LI><a href="#[cb]">&gt;&gt;</a>&nbsp;&nbsp;&nbsp;clk_test
<LI><a href="#[de]">&gt;&gt;</a>&nbsp;&nbsp;&nbsp;read_uid
<LI><a href="#[9a]">&gt;&gt;</a>&nbsp;&nbsp;&nbsp;main
</UL>

<P><STRONG><a name="[bb]"></a>SEGGER_RTT_vprintf</STRONG> (Thumb, 1708 bytes, Stack size 1096 bytes, segger_rtt_printf.o(.text.SEGGER_RTT_vprintf))
<BR><BR>[Stack]<UL><LI>Max Depth = 1184<LI>Call Chain = SEGGER_RTT_vprintf &rArr; _PrintUnsigned &rArr; SEGGER_RTT_Write &rArr; SEGGER_RTT_WriteNoLock
</UL>
<BR>[Calls]<UL><LI><a href="#[bc]">&gt;&gt;</a>&nbsp;&nbsp;&nbsp;_PrintUnsigned
<LI><a href="#[b7]">&gt;&gt;</a>&nbsp;&nbsp;&nbsp;SEGGER_RTT_Write
</UL>
<BR>[Called By]<UL><LI><a href="#[ba]">&gt;&gt;</a>&nbsp;&nbsp;&nbsp;SEGGER_RTT_printf
</UL>

<P><STRONG><a name="[6]"></a>SVC_Handler</STRONG> (Thumb, 8 bytes, Stack size 8 bytes, hc32f46x_interrupts.o(.text.SVC_Handler))
<BR><BR>[Stack]<UL><LI>Max Depth = 8<LI>Call Chain = SVC_Handler
</UL>
<BR>[Address Reference Count : 1]<UL><LI> startup_hc32f46x.o(RESET)
</UL>
<P><STRONG><a name="[bd]"></a>SysClkIni</STRONG> (Thumb, 120 bytes, Stack size 48 bytes, myclk.o(.text.SysClkIni))
<BR><BR>[Stack]<UL><LI>Max Depth = 84<LI>Call Chain = SysClkIni &rArr; CLK_SysClkConfig
</UL>
<BR>[Calls]<UL><LI><a href="#[c3]">&gt;&gt;</a>&nbsp;&nbsp;&nbsp;EFM_Unlock
<LI><a href="#[c4]">&gt;&gt;</a>&nbsp;&nbsp;&nbsp;EFM_SetLatency
<LI><a href="#[c5]">&gt;&gt;</a>&nbsp;&nbsp;&nbsp;EFM_Lock
<LI><a href="#[bf]">&gt;&gt;</a>&nbsp;&nbsp;&nbsp;CLK_XtalConfig
<LI><a href="#[c0]">&gt;&gt;</a>&nbsp;&nbsp;&nbsp;CLK_XtalCmd
<LI><a href="#[be]">&gt;&gt;</a>&nbsp;&nbsp;&nbsp;CLK_SysClkConfig
<LI><a href="#[b3]">&gt;&gt;</a>&nbsp;&nbsp;&nbsp;CLK_SetSysClkSource
<LI><a href="#[c1]">&gt;&gt;</a>&nbsp;&nbsp;&nbsp;CLK_SetPllSource
<LI><a href="#[c2]">&gt;&gt;</a>&nbsp;&nbsp;&nbsp;CLK_MpllConfig
<LI><a href="#[c6]">&gt;&gt;</a>&nbsp;&nbsp;&nbsp;CLK_MpllCmd
<LI><a href="#[c7]">&gt;&gt;</a>&nbsp;&nbsp;&nbsp;CLK_GetFlagStatus
</UL>
<BR>[Called By]<UL><LI><a href="#[9a]">&gt;&gt;</a>&nbsp;&nbsp;&nbsp;main
</UL>

<P><STRONG><a name="[9]"></a>SysTick_Handler</STRONG> (Thumb, 8 bytes, Stack size 8 bytes, hc32f46x_interrupts.o(.text.SysTick_Handler))
<BR><BR>[Stack]<UL><LI>Max Depth = 8<LI>Call Chain = SysTick_Handler
</UL>
<BR>[Calls]<UL><LI><a href="#[a0]">&gt;&gt;</a>&nbsp;&nbsp;&nbsp;SysTick_IrqHandler
</UL>
<BR>[Address Reference Count : 1]<UL><LI> startup_hc32f46x.o(RESET)
</UL>
<P><STRONG><a name="[c8]"></a>SysTick_IncTick</STRONG> (Thumb, 18 bytes, Stack size 0 bytes, hc32f46x_utility.o(.text.SysTick_IncTick))
<BR><BR>[Called By]<UL><LI><a href="#[a0]">&gt;&gt;</a>&nbsp;&nbsp;&nbsp;SysTick_IrqHandler
</UL>

<P><STRONG><a name="[da]"></a>SysTick_Init</STRONG> (Thumb, 78 bytes, Stack size 0 bytes, hc32f46x_utility.o(.text.SysTick_Init))
<BR><BR>[Called By]<UL><LI><a href="#[9a]">&gt;&gt;</a>&nbsp;&nbsp;&nbsp;main
</UL>

<P><STRONG><a name="[a0]"></a>SysTick_IrqHandler</STRONG> (Thumb, 18 bytes, Stack size 0 bytes, main.o(.text.SysTick_IrqHandler))
<BR><BR>[Calls]<UL><LI><a href="#[c8]">&gt;&gt;</a>&nbsp;&nbsp;&nbsp;SysTick_IncTick
</UL>
<BR>[Called By]<UL><LI><a href="#[9]">&gt;&gt;</a>&nbsp;&nbsp;&nbsp;SysTick_Handler
</UL>

<P><STRONG><a name="[b4]"></a>SystemCoreClockUpdate</STRONG> (Thumb, 164 bytes, Stack size 8 bytes, system_hc32f46x.o(.text.SystemCoreClockUpdate))
<BR><BR>[Stack]<UL><LI>Max Depth = 8<LI>Call Chain = SystemCoreClockUpdate
</UL>
<BR>[Called By]<UL><LI><a href="#[b3]">&gt;&gt;</a>&nbsp;&nbsp;&nbsp;CLK_SetSysClkSource
</UL>

<P><STRONG><a name="[9b]"></a>SystemInit</STRONG> (Thumb, 180 bytes, Stack size 8 bytes, system_hc32f46x.o(.text.SystemInit))
<BR><BR>[Stack]<UL><LI>Max Depth = 8<LI>Call Chain = SystemInit
</UL>
<BR>[Address Reference Count : 1]<UL><LI> startup_hc32f46x.o(.text)
</UL>
<P><STRONG><a name="[e5]"></a>USART_FuncCmd</STRONG> (Thumb, 412 bytes, Stack size 4 bytes, hc32f46x_usart.o(.text.USART_FuncCmd))
<BR><BR>[Stack]<UL><LI>Max Depth = 4<LI>Call Chain = USART_FuncCmd
</UL>
<BR>[Called By]<UL><LI><a href="#[df]">&gt;&gt;</a>&nbsp;&nbsp;&nbsp;usart_init
</UL>

<P><STRONG><a name="[ca]"></a>USART_RecData</STRONG> (Thumb, 8 bytes, Stack size 0 bytes, hc32f46x_usart.o(.text.USART_RecData))
<BR><BR>[Called By]<UL><LI><a href="#[9d]">&gt;&gt;</a>&nbsp;&nbsp;&nbsp;tuya_UsartRxIrqCallback
<LI><a href="#[9e]">&gt;&gt;</a>&nbsp;&nbsp;&nbsp;UsartRxIrqCallback
</UL>

<P><STRONG><a name="[c9]"></a>USART_SetBaudrate</STRONG> (Thumb, 968 bytes, Stack size 16 bytes, hc32f46x_usart.o(.text.USART_SetBaudrate))
<BR><BR>[Stack]<UL><LI>Max Depth = 56<LI>Call Chain = USART_SetBaudrate &rArr; __aeabi_uldivmod
</UL>
<BR>[Calls]<UL><LI><a href="#[a4]">&gt;&gt;</a>&nbsp;&nbsp;&nbsp;__aeabi_uldivmod
</UL>
<BR>[Called By]<UL><LI><a href="#[df]">&gt;&gt;</a>&nbsp;&nbsp;&nbsp;usart_init
</UL>

<P><STRONG><a name="[e3]"></a>USART_UART_Init</STRONG> (Thumb, 330 bytes, Stack size 24 bytes, hc32f46x_usart.o(.text.USART_UART_Init))
<BR><BR>[Stack]<UL><LI>Max Depth = 24<LI>Call Chain = USART_UART_Init
</UL>
<BR>[Called By]<UL><LI><a href="#[df]">&gt;&gt;</a>&nbsp;&nbsp;&nbsp;usart_init
</UL>

<P><STRONG><a name="[5]"></a>UsageFault_Handler</STRONG> (Thumb, 8 bytes, Stack size 8 bytes, hc32f46x_interrupts.o(.text.UsageFault_Handler))
<BR><BR>[Stack]<UL><LI>Max Depth = 8<LI>Call Chain = UsageFault_Handler
</UL>
<BR>[Address Reference Count : 1]<UL><LI> startup_hc32f46x.o(RESET)
</UL>
<P><STRONG><a name="[e0]"></a>app</STRONG> (Thumb, 2 bytes, Stack size 0 bytes, app.o(.text.app))
<BR><BR>[Called By]<UL><LI><a href="#[9a]">&gt;&gt;</a>&nbsp;&nbsp;&nbsp;main
</UL>

<P><STRONG><a name="[cb]"></a>clk_test</STRONG> (Thumb, 332 bytes, Stack size 88 bytes, myclk.o(.text.clk_test))
<BR><BR>[Stack]<UL><LI>Max Depth = 1296<LI>Call Chain = clk_test &rArr; SEGGER_RTT_printf &rArr; SEGGER_RTT_vprintf &rArr; _PrintUnsigned &rArr; SEGGER_RTT_Write &rArr; SEGGER_RTT_WriteNoLock
</UL>
<BR>[Calls]<UL><LI><a href="#[ba]">&gt;&gt;</a>&nbsp;&nbsp;&nbsp;SEGGER_RTT_printf
<LI><a href="#[cc]">&gt;&gt;</a>&nbsp;&nbsp;&nbsp;CLK_GetClockFreq
</UL>
<BR>[Called By]<UL><LI><a href="#[9a]">&gt;&gt;</a>&nbsp;&nbsp;&nbsp;main
</UL>

<P><STRONG><a name="[d1]"></a>clock</STRONG> (Thumb, 12 bytes, Stack size 0 bytes, main.o(.text.clock))
<BR><BR>[Called By]<UL><LI><a href="#[cd]">&gt;&gt;</a>&nbsp;&nbsp;&nbsp;dhry
</UL>

<P><STRONG><a name="[cd]"></a>dhry</STRONG> (Thumb, 1912 bytes, Stack size 176 bytes, dhry_1.o(.text.dhry))
<BR><BR>[Stack]<UL><LI>Max Depth = 264<LI>Call Chain = dhry &rArr; __aeabi_dmul &rArr; _double_epilogue &rArr; _double_round
</UL>
<BR>[Calls]<UL><LI><a href="#[cc]">&gt;&gt;</a>&nbsp;&nbsp;&nbsp;CLK_GetClockFreq
<LI><a href="#[d1]">&gt;&gt;</a>&nbsp;&nbsp;&nbsp;clock
<LI><a href="#[d7]">&gt;&gt;</a>&nbsp;&nbsp;&nbsp;Ddl_Delay1ms
<LI><a href="#[d0]">&gt;&gt;</a>&nbsp;&nbsp;&nbsp;__2printf
<LI><a href="#[ce]">&gt;&gt;</a>&nbsp;&nbsp;&nbsp;putchar
<LI><a href="#[cf]">&gt;&gt;</a>&nbsp;&nbsp;&nbsp;puts
<LI><a href="#[d6]">&gt;&gt;</a>&nbsp;&nbsp;&nbsp;__aeabi_f2d
<LI><a href="#[a7]">&gt;&gt;</a>&nbsp;&nbsp;&nbsp;__aeabi_dmul
<LI><a href="#[a9]">&gt;&gt;</a>&nbsp;&nbsp;&nbsp;__aeabi_d2f
<LI><a href="#[d3]">&gt;&gt;</a>&nbsp;&nbsp;&nbsp;Proc_8
<LI><a href="#[d2]">&gt;&gt;</a>&nbsp;&nbsp;&nbsp;Proc_7
<LI><a href="#[d4]">&gt;&gt;</a>&nbsp;&nbsp;&nbsp;Proc_6
<LI><a href="#[b5]">&gt;&gt;</a>&nbsp;&nbsp;&nbsp;Func_2
<LI><a href="#[d5]">&gt;&gt;</a>&nbsp;&nbsp;&nbsp;Func_1
</UL>
<BR>[Called By]<UL><LI><a href="#[9a]">&gt;&gt;</a>&nbsp;&nbsp;&nbsp;main
</UL>

<P><STRONG><a name="[e4]"></a>enIrqRegistration</STRONG> (Thumb, 124 bytes, Stack size 8 bytes, hc32f46x_interrupts.o(.text.enIrqRegistration))
<BR><BR>[Stack]<UL><LI>Max Depth = 8<LI>Call Chain = enIrqRegistration
</UL>
<BR>[Called By]<UL><LI><a href="#[df]">&gt;&gt;</a>&nbsp;&nbsp;&nbsp;usart_init
</UL>

<P><STRONG><a name="[9f]"></a>fputc</STRONG> (Thumb, 14 bytes, Stack size 8 bytes, main.o(.text.fputc))
<BR><BR>[Stack]<UL><LI>Max Depth = 8<LI>Call Chain = fputc
</UL>
<BR>[Calls]<UL><LI><a href="#[d8]">&gt;&gt;</a>&nbsp;&nbsp;&nbsp;DebugOutput
</UL>
<BR>[Called By]<UL><LI><a href="#[ce]">&gt;&gt;</a>&nbsp;&nbsp;&nbsp;putchar
<LI><a href="#[cf]">&gt;&gt;</a>&nbsp;&nbsp;&nbsp;puts
</UL>
<BR>[Address Reference Count : 1]<UL><LI> printfa.o(i.__0printf)
</UL>
<P><STRONG><a name="[9a]"></a>main</STRONG> (Thumb, 256 bytes, Stack size 0 bytes, main.o(.text.main))
<BR><BR>[Stack]<UL><LI>Max Depth = 1296<LI>Call Chain = main &rArr; clk_test &rArr; SEGGER_RTT_printf &rArr; SEGGER_RTT_vprintf &rArr; _PrintUnsigned &rArr; SEGGER_RTT_Write &rArr; SEGGER_RTT_WriteNoLock
</UL>
<BR>[Calls]<UL><LI><a href="#[df]">&gt;&gt;</a>&nbsp;&nbsp;&nbsp;usart_init
<LI><a href="#[cb]">&gt;&gt;</a>&nbsp;&nbsp;&nbsp;clk_test
<LI><a href="#[bd]">&gt;&gt;</a>&nbsp;&nbsp;&nbsp;SysClkIni
<LI><a href="#[ba]">&gt;&gt;</a>&nbsp;&nbsp;&nbsp;SEGGER_RTT_printf
<LI><a href="#[c3]">&gt;&gt;</a>&nbsp;&nbsp;&nbsp;EFM_Unlock
<LI><a href="#[c5]">&gt;&gt;</a>&nbsp;&nbsp;&nbsp;EFM_Lock
<LI><a href="#[e0]">&gt;&gt;</a>&nbsp;&nbsp;&nbsp;app
<LI><a href="#[de]">&gt;&gt;</a>&nbsp;&nbsp;&nbsp;read_uid
<LI><a href="#[cd]">&gt;&gt;</a>&nbsp;&nbsp;&nbsp;dhry
<LI><a href="#[da]">&gt;&gt;</a>&nbsp;&nbsp;&nbsp;SysTick_Init
<LI><a href="#[d9]">&gt;&gt;</a>&nbsp;&nbsp;&nbsp;SEGGER_RTT_Init
<LI><a href="#[dd]">&gt;&gt;</a>&nbsp;&nbsp;&nbsp;EFM_InstructionCacheCmd
<LI><a href="#[dc]">&gt;&gt;</a>&nbsp;&nbsp;&nbsp;EFM_GetFlagStatus
<LI><a href="#[db]">&gt;&gt;</a>&nbsp;&nbsp;&nbsp;EFM_FlashCmd
<LI><a href="#[d7]">&gt;&gt;</a>&nbsp;&nbsp;&nbsp;Ddl_Delay1ms
<LI><a href="#[cf]">&gt;&gt;</a>&nbsp;&nbsp;&nbsp;puts
</UL>
<BR>[Address Reference Count : 1]<UL><LI> entry9a.o(.ARM.Collect$$$$0000000B)
</UL>
<P><STRONG><a name="[de]"></a>read_uid</STRONG> (Thumb, 204 bytes, Stack size 16 bytes, main.o(.text.read_uid))
<BR><BR>[Stack]<UL><LI>Max Depth = 1224<LI>Call Chain = read_uid &rArr; SEGGER_RTT_printf &rArr; SEGGER_RTT_vprintf &rArr; _PrintUnsigned &rArr; SEGGER_RTT_Write &rArr; SEGGER_RTT_WriteNoLock
</UL>
<BR>[Calls]<UL><LI><a href="#[ba]">&gt;&gt;</a>&nbsp;&nbsp;&nbsp;SEGGER_RTT_printf
</UL>
<BR>[Called By]<UL><LI><a href="#[9a]">&gt;&gt;</a>&nbsp;&nbsp;&nbsp;main
</UL>

<P><STRONG><a name="[df]"></a>usart_init</STRONG> (Thumb, 404 bytes, Stack size 48 bytes, myusart.o(.text.usart_init))
<BR><BR>[Stack]<UL><LI>Max Depth = 104<LI>Call Chain = usart_init &rArr; USART_SetBaudrate &rArr; __aeabi_uldivmod
</UL>
<BR>[Calls]<UL><LI><a href="#[e4]">&gt;&gt;</a>&nbsp;&nbsp;&nbsp;enIrqRegistration
<LI><a href="#[e3]">&gt;&gt;</a>&nbsp;&nbsp;&nbsp;USART_UART_Init
<LI><a href="#[c9]">&gt;&gt;</a>&nbsp;&nbsp;&nbsp;USART_SetBaudrate
<LI><a href="#[e5]">&gt;&gt;</a>&nbsp;&nbsp;&nbsp;USART_FuncCmd
<LI><a href="#[e1]">&gt;&gt;</a>&nbsp;&nbsp;&nbsp;PWC_Fcg1PeriphClockCmd
<LI><a href="#[e2]">&gt;&gt;</a>&nbsp;&nbsp;&nbsp;PORT_SetFunc
</UL>
<BR>[Called By]<UL><LI><a href="#[9a]">&gt;&gt;</a>&nbsp;&nbsp;&nbsp;main
</UL>

<P><STRONG><a name="[2]"></a>HardFault_Handler</STRONG> (Thumb, 0 bytes, Stack size unknown bytes, hardfaulthandler.o(OSKERNEL))
<BR><BR>[Calls]<UL><LI><a href="#[a1]">&gt;&gt;</a>&nbsp;&nbsp;&nbsp;HardFaultHandler
</UL>
<BR>[Address Reference Count : 1]<UL><LI> startup_hc32f46x.o(RESET)
</UL>
<P><STRONG><a name="[e6]"></a>__0printf</STRONG> (Thumb, 22 bytes, Stack size 24 bytes, printfa.o(i.__0printf), UNUSED)
<BR><BR>[Calls]<UL><LI><a href="#[e7]">&gt;&gt;</a>&nbsp;&nbsp;&nbsp;_printf_core
</UL>

<P><STRONG><a name="[fc]"></a>__1printf</STRONG> (Thumb, 0 bytes, Stack size 24 bytes, printfa.o(i.__0printf), UNUSED)

<P><STRONG><a name="[d0]"></a>__2printf</STRONG> (Thumb, 0 bytes, Stack size 24 bytes, printfa.o(i.__0printf))
<BR><BR>[Stack]<UL><LI>Max Depth = 24<LI>Call Chain = __2printf
</UL>
<BR>[Called By]<UL><LI><a href="#[cd]">&gt;&gt;</a>&nbsp;&nbsp;&nbsp;dhry
</UL>

<P><STRONG><a name="[fd]"></a>__c89printf</STRONG> (Thumb, 0 bytes, Stack size 24 bytes, printfa.o(i.__0printf), UNUSED)

<P><STRONG><a name="[fe]"></a>printf</STRONG> (Thumb, 0 bytes, Stack size 24 bytes, printfa.o(i.__0printf), UNUSED)

<P><STRONG><a name="[ff]"></a>__scatterload_copy</STRONG> (Thumb, 14 bytes, Stack size unknown bytes, handlers.o(i.__scatterload_copy), UNUSED)

<P><STRONG><a name="[100]"></a>__scatterload_null</STRONG> (Thumb, 2 bytes, Stack size unknown bytes, handlers.o(i.__scatterload_null), UNUSED)

<P><STRONG><a name="[101]"></a>__scatterload_zeroinit</STRONG> (Thumb, 14 bytes, Stack size unknown bytes, handlers.o(i.__scatterload_zeroinit), UNUSED)

<P><STRONG><a name="[ce]"></a>putchar</STRONG> (Thumb, 6 bytes, Stack size 0 bytes, putchar.o(i.putchar))
<BR><BR>[Stack]<UL><LI>Max Depth = 8<LI>Call Chain = putchar &rArr; fputc
</UL>
<BR>[Calls]<UL><LI><a href="#[9f]">&gt;&gt;</a>&nbsp;&nbsp;&nbsp;fputc
</UL>
<BR>[Called By]<UL><LI><a href="#[cd]">&gt;&gt;</a>&nbsp;&nbsp;&nbsp;dhry
</UL>

<P><STRONG><a name="[cf]"></a>puts</STRONG> (Thumb, 30 bytes, Stack size 8 bytes, puts.o(i.puts))
<BR><BR>[Stack]<UL><LI>Max Depth = 16<LI>Call Chain = puts &rArr; fputc
</UL>
<BR>[Calls]<UL><LI><a href="#[9f]">&gt;&gt;</a>&nbsp;&nbsp;&nbsp;fputc
</UL>
<BR>[Called By]<UL><LI><a href="#[9a]">&gt;&gt;</a>&nbsp;&nbsp;&nbsp;main
<LI><a href="#[cd]">&gt;&gt;</a>&nbsp;&nbsp;&nbsp;dhry
</UL>
<P>
<H3>
Local Symbols
</H3>
<P><STRONG><a name="[9e]"></a>UsartRxIrqCallback</STRONG> (Thumb, 12 bytes, Stack size 0 bytes, myusart.o(.text.UsartRxIrqCallback))
<BR><BR>[Calls]<UL><LI><a href="#[ca]">&gt;&gt;</a>&nbsp;&nbsp;&nbsp;USART_RecData
</UL>
<BR>[Address Reference Count : 1]<UL><LI> myusart.o(.text.usart_init)
</UL>
<P><STRONG><a name="[9d]"></a>tuya_UsartRxIrqCallback</STRONG> (Thumb, 12 bytes, Stack size 0 bytes, myusart.o(.text.tuya_UsartRxIrqCallback))
<BR><BR>[Calls]<UL><LI><a href="#[ca]">&gt;&gt;</a>&nbsp;&nbsp;&nbsp;USART_RecData
</UL>
<BR>[Address Reference Count : 1]<UL><LI> myusart.o(.text.usart_init)
</UL>
<P><STRONG><a name="[bc]"></a>_PrintUnsigned</STRONG> (Thumb, 432 bytes, Stack size 40 bytes, segger_rtt_printf.o(.text._PrintUnsigned))
<BR><BR>[Stack]<UL><LI>Max Depth = 88<LI>Call Chain = _PrintUnsigned &rArr; SEGGER_RTT_Write &rArr; SEGGER_RTT_WriteNoLock
</UL>
<BR>[Calls]<UL><LI><a href="#[b7]">&gt;&gt;</a>&nbsp;&nbsp;&nbsp;SEGGER_RTT_Write
</UL>
<BR>[Called By]<UL><LI><a href="#[bb]">&gt;&gt;</a>&nbsp;&nbsp;&nbsp;SEGGER_RTT_vprintf
</UL>

<P><STRONG><a name="[e8]"></a>_fp_digits</STRONG> (Thumb, 366 bytes, Stack size 64 bytes, printfa.o(i._fp_digits), UNUSED)
<BR><BR>[Calls]<UL><LI><a href="#[b0]">&gt;&gt;</a>&nbsp;&nbsp;&nbsp;__aeabi_ddiv
<LI><a href="#[ac]">&gt;&gt;</a>&nbsp;&nbsp;&nbsp;__aeabi_dadd
<LI><a href="#[b1]">&gt;&gt;</a>&nbsp;&nbsp;&nbsp;__aeabi_d2ulz
<LI><a href="#[e9]">&gt;&gt;</a>&nbsp;&nbsp;&nbsp;__aeabi_cdrcmple
<LI><a href="#[a4]">&gt;&gt;</a>&nbsp;&nbsp;&nbsp;__aeabi_uldivmod
<LI><a href="#[a7]">&gt;&gt;</a>&nbsp;&nbsp;&nbsp;__aeabi_dmul
</UL>
<BR>[Called By]<UL><LI><a href="#[e7]">&gt;&gt;</a>&nbsp;&nbsp;&nbsp;_printf_core
</UL>

<P><STRONG><a name="[e7]"></a>_printf_core</STRONG> (Thumb, 1744 bytes, Stack size 136 bytes, printfa.o(i._printf_core), UNUSED)
<BR><BR>[Calls]<UL><LI><a href="#[ec]">&gt;&gt;</a>&nbsp;&nbsp;&nbsp;__aeabi_uidivmod
<LI><a href="#[ea]">&gt;&gt;</a>&nbsp;&nbsp;&nbsp;_printf_pre_padding
<LI><a href="#[eb]">&gt;&gt;</a>&nbsp;&nbsp;&nbsp;_printf_post_padding
<LI><a href="#[e8]">&gt;&gt;</a>&nbsp;&nbsp;&nbsp;_fp_digits
<LI><a href="#[a4]">&gt;&gt;</a>&nbsp;&nbsp;&nbsp;__aeabi_uldivmod
</UL>
<BR>[Called By]<UL><LI><a href="#[e6]">&gt;&gt;</a>&nbsp;&nbsp;&nbsp;__0printf
</UL>

<P><STRONG><a name="[eb]"></a>_printf_post_padding</STRONG> (Thumb, 36 bytes, Stack size 24 bytes, printfa.o(i._printf_post_padding), UNUSED)
<BR><BR>[Called By]<UL><LI><a href="#[e7]">&gt;&gt;</a>&nbsp;&nbsp;&nbsp;_printf_core
</UL>

<P><STRONG><a name="[ea]"></a>_printf_pre_padding</STRONG> (Thumb, 46 bytes, Stack size 24 bytes, printfa.o(i._printf_pre_padding), UNUSED)
<BR><BR>[Called By]<UL><LI><a href="#[e7]">&gt;&gt;</a>&nbsp;&nbsp;&nbsp;_printf_core
</UL>
<P>
<H3>
Undefined Global Symbols
</H3><HR></body></html>
