<html>
<body>
<pre>
<h1>µVision Build Log</h1>
<h2>Tool Versions:</h2>
IDE-Version: ¦ÌVision V5.32.0.0
Copyright (C) 2020 ARM Ltd and ARM Germany GmbH. All rights reserved.
License Information: cccc phosense, cccc, LIC=BUURY-IZ4N7-BS6YX-H1QE2-4SU49-2HYG2
 
Tool Versions:
Toolchain:       MDK-ARM Plus  Version: 5.32.0.0
Toolchain Path:  d:\Keil_v5\ARM\ARMCLANG\Bin
C Compiler:      ArmClang.exe V6.14.1
Assembler:       Armasm.exe V6.14.1
Linker/Locator:  ArmLink.exe V6.14.1
Library Manager: ArmAr.exe V6.14.1
Hex Converter:   FromElf.exe V6.14.1
CPU DLL:         SARMCM3.DLL V5.32.0.0
Dialog DLL:      DCM.DLL V1.17.3.0
Target DLL:      Segger\JL2CM3.dll V2.99.20.0
Dialog DLL:      TCM.DLL V1.46.0.0
 
<h2>Project:</h2>
d:\cccc2020\CODE\workspace\bfsk_8161\embedded\test_dhrystone\MDK\test_dhrystone.uvprojx
Project File Date:  02/04/2022

<h2>Output:</h2>
*** Using Compiler 'V6.14.1', folder: 'd:\Keil_v5\ARM\ARMCLANG\Bin'
Build target 'flashcode'
assembling startup_hc32f46x.s...
compiling hc32f46x_icg.c...
compiling system_hc32f46x.c...
compiling main.c...
compiling myusart.c...
compiling app.c...
compiling myclk.c...
compiling hc32f46x_utility.c...
compiling hc32f46x_aes.c...
compiling hc32f46x_efm.c...
compiling hc32f46x_gpio.c...
compiling hc32f46x_usart.c...
compiling hc32f46x_clk.c...
compiling hc32f46x_can.c...
compiling hc32f46x_adc.c...
compiling hc32f46x_interrupts.c...
compiling hc32f46x_cmp.c...
compiling hc32f46x_crc.c...
compiling hc32f46x_dcu.c...
compiling hc32f46x_emb.c...
compiling hc32f46x_event_port.c...
compiling hc32f46x_exint_nmi_swi.c...
compiling hc32f46x_hash.c...
compiling hc32f46x_i2c.c...
compiling hc32f46x_dmac.c...
compiling hc32f46x_i2s.c...
compiling hc32f46x_mpu.c...
compiling hc32f46x_keyscan.c...
compiling hc32f46x_ots.c...
compiling hc32f46x_qspi.c...
compiling hc32f46x_rmu.c...
compiling hc32f46x_rtc.c...
compiling hc32f46x_sram.c...
compiling hc32f46x_swdt.c...
compiling hc32f46x_spi.c...
compiling hc32f46x_sdioc.c...
compiling hc32f46x_pwc.c...
compiling hc32f46x_timer4_emb.c...
compiling hc32f46x_timer4_cnt.c...
compiling hc32f46x_timer6.c...
compiling hc32f46x_timer4_oco.c...
compiling hc32f46x_timer4_sevt.c...
compiling hc32f46x_timer4_pwm.c...
compiling SEGGER_HardFaultHandler.c...
compiling hc32f46x_wdt.c...
compiling hc32f46x_trng.c...
assembling HardFaultHandler.S...
compiling hc32f46x_timer0.c...
compiling hc32f46x_timera.c...
compiling SEGGER_RTT_printf.c...
compiling dhry_2.c...
compiling SEGGER_RTT.c...
compiling dhry_1.c...
linking...
Program Size: Code=24076 RO-data=2204 RW-data=12 ZI-data=47948  
FromELF: creating hex file...
After Build - User command #1: fromelf --bin -o ".\bin\flashcode.bin" "d:\cccc2020\CODE\workspace\bfsk_8161\embedded\test_dhrystone\MDK\output\flashcode\flashcode.axf"
After Build - User command #2: fromelf -c "d:\cccc2020\CODE\workspace\bfsk_8161\embedded\test_dhrystone\MDK\output\flashcode\flashcode.axf" -o "d:\cccc2020\CODE\workspace\bfsk_8161\embedded\test_dhrystone\MDK\output\flashcode\flashcode.asm"
".\output\flashcode\flashcode.axf" - 0 Error(s), 0 Warning(s).

<h2>Software Packages used:</h2>

Package Vendor: HDSC
                https://raw.githubusercontent.com/hdscmcu/pack/master/HDSC.HC32F46x.1.0.5.pack
                HDSC.HC32F46x.1.0.5
                HC32F46x ARM Cortex-M4 Device Family Pack

<h2>Collection of Component include folders:</h2>
  d:\Keil_v5\Arm\Packs\HDSC\HC32F46x\1.0.5\Device\Include

<h2>Collection of Component Files used:</h2>
Build Time Elapsed:  00:00:07
</pre>
</body>
</html>
