Component: ARM Compiler 6.16 Tool: armlink [5dfeaa00]

==============================================================================

Image Symbol Table

    Local Symbols

    Symbol Name                              Value     Ov Type        Size  Object(Section)

    ../clib/division.s                       0x00000000   Number         0  aeabi_sdiv.o ABSOLUTE
    ../clib/microlib/ctype/ctype.c           0x00000000   Number         0  ctype_o.o ABSOLUTE
    ../clib/microlib/ctype/ctype.c           0x00000000   Number         0  isalnum_o.o ABSOLUTE
    ../clib/microlib/ctype/ctype.c           0x00000000   Number         0  isalpha_o.o ABSOLUTE
    ../clib/microlib/ctype/ctype.c           0x00000000   Number         0  isblank_o.o ABSOLUTE
    ../clib/microlib/ctype/ctype.c           0x00000000   Number         0  iscntrl_o.o ABSOLUTE
    ../clib/microlib/ctype/ctype.c           0x00000000   Number         0  isdigit_o.o ABSOLUTE
    ../clib/microlib/ctype/ctype.c           0x00000000   Number         0  isgraph_o.o ABSOLUTE
    ../clib/microlib/ctype/ctype.c           0x00000000   Number         0  islower_o.o ABSOLUTE
    ../clib/microlib/ctype/ctype.c           0x00000000   Number         0  isprint_o.o ABSOLUTE
    ../clib/microlib/ctype/ctype.c           0x00000000   Number         0  ispunct_o.o ABSOLUTE
    ../clib/microlib/ctype/ctype.c           0x00000000   Number         0  isspace_o.o ABSOLUTE
    ../clib/microlib/ctype/ctype.c           0x00000000   Number         0  isupper_o.o ABSOLUTE
    ../clib/microlib/ctype/ctype.c           0x00000000   Number         0  isxdigit_o.o ABSOLUTE
    ../clib/microlib/division.c              0x00000000   Number         0  uldiv.o ABSOLUTE
    ../clib/microlib/division.c              0x00000000   Number         0  ldiv.o ABSOLUTE
    ../clib/microlib/division.c              0x00000000   Number         0  uidiv.o ABSOLUTE
    ../clib/microlib/init/entry.s            0x00000000   Number         0  entry.o ABSOLUTE
    ../clib/microlib/init/entry.s            0x00000000   Number         0  entry2.o ABSOLUTE
    ../clib/microlib/init/entry.s            0x00000000   Number         0  entry5.o ABSOLUTE
    ../clib/microlib/init/entry.s            0x00000000   Number         0  entry7a.o ABSOLUTE
    ../clib/microlib/init/entry.s            0x00000000   Number         0  entry7b.o ABSOLUTE
    ../clib/microlib/init/entry.s            0x00000000   Number         0  entry8a.o ABSOLUTE
    ../clib/microlib/init/entry.s            0x00000000   Number         0  entry8b.o ABSOLUTE
    ../clib/microlib/init/entry.s            0x00000000   Number         0  entry9a.o ABSOLUTE
    ../clib/microlib/init/entry.s            0x00000000   Number         0  entry9b.o ABSOLUTE
    ../clib/microlib/init/entry.s            0x00000000   Number         0  entry10a.o ABSOLUTE
    ../clib/microlib/init/entry.s            0x00000000   Number         0  entry10b.o ABSOLUTE
    ../clib/microlib/init/entry.s            0x00000000   Number         0  entry11a.o ABSOLUTE
    ../clib/microlib/init/entry.s            0x00000000   Number         0  entry11b.o ABSOLUTE
    ../clib/microlib/longlong.c              0x00000000   Number         0  llshl.o ABSOLUTE
    ../clib/microlib/longlong.c              0x00000000   Number         0  llushr.o ABSOLUTE
    ../clib/microlib/longlong.c              0x00000000   Number         0  llsshr.o ABSOLUTE
    ../clib/microlib/printf/printf.c         0x00000000   Number         0  printfa.o ABSOLUTE
    ../clib/microlib/stdio/fputc.c           0x00000000   Number         0  fputc.o ABSOLUTE
    ../clib/microlib/stdio/fputc.c           0x00000000   Number         0  fputc_h.o ABSOLUTE
    ../clib/microlib/stdio/semi.s            0x00000000   Number         0  semi.o ABSOLUTE
    ../clib/microlib/stdio/streams.c         0x00000000   Number         0  stdout.o ABSOLUTE
    ../clib/microlib/stdlib/abs.c            0x00000000   Number         0  siabs.o ABSOLUTE
    ../clib/microlib/stdlib/abs.c            0x00000000   Number         0  ilabs.o ABSOLUTE
    ../clib/microlib/string/memcpy.c         0x00000000   Number         0  memmovea.o ABSOLUTE
    ../clib/microlib/string/memcpy.c         0x00000000   Number         0  memmoveb.o ABSOLUTE
    ../clib/microlib/string/memset.c         0x00000000   Number         0  memseta.o ABSOLUTE
    ../clib/microlib/stubs.s                 0x00000000   Number         0  iusefp.o ABSOLUTE
    ../clib/microlib/stubs.s                 0x00000000   Number         0  iusesemip.o ABSOLUTE
    ../common/startup_n32g4fr.s              0x00000000   Number         0  startup_n32g4fr.o ABSOLUTE
    ../fplib/microlib/f2d.c                  0x00000000   Number         0  f2d.o ABSOLUTE
    ../fplib/microlib/fpadd.c                0x00000000   Number         0  dadd.o ABSOLUTE
    ../fplib/microlib/fpcmp.c                0x00000000   Number         0  dcmple.o ABSOLUTE
[...]
    [Anonymous Symbol]                       0x08003d90   Section        0  protocol.o(.text.bt_disconnect_result)
    [Anonymous Symbol]                       0x08003da8   Section        0  protocol.o(.text.bt_enable_lowpoer_result)
    [Anonymous Symbol]                       0x08003dc0   Section        0  protocol.o(.text.bt_factor_reset_notify)
    [Anonymous Symbol]                       0x08003dc4   Section        0  protocol.o(.text.bt_modify_adv_interval_result)
    [Anonymous Symbol]                       0x08003ddc   Section        0  mcu_api.o(.text.bt_protocol_init)
    [Anonymous Symbol]                       0x08003e08   Section        0  protocol.o(.text.bt_send_one_time_password_token_result)
    [Anonymous Symbol]                       0x08003e20   Section        0  mcu_api.o(.text.bt_uart_service)
    bt_uart_write_data                       0x08003eb1   Thumb Code    62  system.o(.text.bt_uart_write_data)
    [Anonymous Symbol]                       0x08003eb0   Section        0  system.o(.text.bt_uart_write_data)
    [Anonymous Symbol]                       0x08003ef0   Section        0  system.o(.text.bt_uart_write_frame)
    cal_q_q31                                0x08003f61   Thumb Code    68  corrcoef.o(.text.cal_q_q31)
    [Anonymous Symbol]                       0x08003f60   Section        0  corrcoef.o(.text.cal_q_q31)
    cal_q_q31                                0x08003fa5   Thumb Code    68  micromotion_detection.o(.text.cal_q_q31)
    [Anonymous Symbol]                       0x08003fa4   Section        0  micromotion_detection.o(.text.cal_q_q31)
    [Anonymous Symbol]                       0x08003fe8   Section        0  micromotion_detection.o(.text.cfar_ca)
    [Anonymous Symbol]                       0x08004058   Section        0  app.o(.text.close_process)
    [Anonymous Symbol]                       0x080040b0   Section        0  corrcoef.o(.text.corrcoef_q31)
    [Anonymous Symbol]                       0x0800420c   Section        0  system.o(.text.data_handle)
    data_point_handle                        0x0800446d   Thumb Code   134  system.o(.text.data_point_handle)
    [Anonymous Symbol]                       0x0800446c   Section        0  system.o(.text.data_point_handle)
    [Anonymous Symbol]                       0x080044f4   Section        0  protocol.o(.text.dp_download_handle)
    [Anonymous Symbol]                       0x0800465c   Section        0  timera_pwm.o(.text.enable_timer_pwm)
    [Anonymous Symbol]                       0x08004670   Section        0  vd_calculation.o(.text.find_max_peak)
    [Anonymous Symbol]                       0x080046e8   Section        0  memalloc.o(.text.free_mem)
    [Anonymous Symbol]                       0x08004748   Section        0  system.o(.text.get_check_sum)
    get_dowmload_dpid_index                  0x08004795   Thumb Code    88  system.o(.text.get_dowmload_dpid_index)
    [Anonymous Symbol]                       0x08004794   Section        0  system.o(.text.get_dowmload_dpid_index)
    [Anonymous Symbol]                       0x080047ec   Section        0  protocol.o(.text.get_download_cmd_total)
    get_mcu_bt_mode                          0x080047f1   Thumb Code    24  system.o(.text.get_mcu_bt_mode)
    [Anonymous Symbol]                       0x080047f0   Section        0  system.o(.text.get_mcu_bt_mode)
    [Anonymous Symbol]                       0x08004808   Section        0  system.o(.text.get_queue_total_data)
    [Anonymous Symbol]                       0x0800483c   Section        0  adc.o(.text.get_sample_data)
    [Anonymous Symbol]                       0x08004858   Section        0  gpio.o(.text.gpio_init)
    heat_beat_check                          0x0800485d   Thumb Code    82  system.o(.text.heat_beat_check)
    [Anonymous Symbol]                       0x0800485c   Section        0  system.o(.text.heat_beat_check)
    [Anonymous Symbol]                       0x080048b0   Section        0  app.o(.text.idle_process)
    [Anonymous Symbol]                       0x08004a38   Section        0  memalloc.o(.text.init_mem)
    [Anonymous Symbol]                       0x08004a84   Section        0  adc.o(.text.init_pin)
    [Anonymous Symbol]                       0x08004aa4   Section        0  timera_pwm.o(.text.init_timer)
    [Anonymous Symbol]                       0x08004b64   Section        0  timera_pwm.o(.text.init_timer_pin)
    is_data_available                        0x08004c6d   Thumb Code    22  main.o(.text.is_data_available)
    [Anonymous Symbol]                       0x08004c6c   Section        0  main.o(.text.is_data_available)
    [Anonymous Symbol]                       0x08004c84   Section        0  app.o(.text.leave_s0)
    [Anonymous Symbol]                       0x08004cb8   Section        0  app.o(.text.leave_s1)
    [Anonymous Symbol]                       0x08004d04   Section        0  led.o(.text.led_init)
    [Anonymous Symbol]                       0x08004d3c   Section        0  main.o(.text.main)
    mcu_common_uart_data_unpack              0x08004e5d   Thumb Code   656  mcu_api.o(.text.mcu_common_uart_data_unpack)
    [Anonymous Symbol]                       0x08004e5c   Section        0  mcu_api.o(.text.mcu_common_uart_data_unpack)
    [Anonymous Symbol]                       0x080050ec   Section        0  mcu_api.o(.text.mcu_dp_value_update)
    [Anonymous Symbol]                       0x080051a8   Section        0  distance_measure.o(.text.measure_distance)
    [Anonymous Symbol]                       0x08005304   Section        0  micromotion_detection.o(.text.micromotion_detection)
    [Anonymous Symbol]                       0x080054b4   Section        0  mcu_api.o(.text.my_memcpy)
    [Anonymous Symbol]                       0x08005564   Section        0  mcu_api.o(.text.my_memset)
    [Anonymous Symbol]                       0x080055ac   Section        0  mcu_api.o(.text.my_strlen)
    product_info_update                      0x080055e9   Thumb Code    96  system.o(.text.product_info_update)
    [Anonymous Symbol]                       0x080055e8   Section        0  system.o(.text.product_info_update)
    ring_buf_empty                           0x08005649   Thumb Code    50  ringbuffer.o(.text.ring_buf_empty)
    [Anonymous Symbol]                       0x08005648   Section        0  ringbuffer.o(.text.ring_buf_empty)
    ring_buf_empty                           0x0800567d   Thumb Code    50  main.o(.text.ring_buf_empty)
    [Anonymous Symbol]                       0x0800567c   Section        0  main.o(.text.ring_buf_empty)
    [Anonymous Symbol]                       0x080056b0   Section        0  ringbuffer.o(.text.ring_buffer_get)
    [Anonymous Symbol]                       0x08005754   Section        0  system.o(.text.set_bt_uart_buffer)
    [Anonymous Symbol]                       0x08005798   Section        0  system.o(.text.set_bt_uart_byte)
    [Anonymous Symbol]                       0x080057d0   Section        0  timera_pwm.o(.text.start_timer)
    [Anonymous Symbol]                       0x080057e4   Section        0  app.o(.text.tick_init)
    [Anonymous Symbol]                       0x080057fc   Section        0  mcu_api.o(.text.uart_receive_input)
    [Anonymous Symbol]                       0x080058bc   Section        0  protocol.o(.text.uart_transmit_output)
    [Anonymous Symbol]                       0x080058f0   Section        0  usart.o(.text.usart_init)
    [Anonymous Symbol]                       0x0800593c   Section        0  vd_calculation.o(.text.vd_calculation)
    i.__0printf                              0x08005c90   Section        0  printfa.o(i.__0printf)
    i.__scatterload_copy                     0x08005cb0   Section       14  handlers.o(i.__scatterload_copy)
    i.__scatterload_null                     0x08005cbe   Section        2  handlers.o(i.__scatterload_null)
    i.__scatterload_zeroinit                 0x08005cc0   Section       14  handlers.o(i.__scatterload_zeroinit)
    _fp_digits                               0x08005cd1   Thumb Code   366  printfa.o(i._fp_digits)
    i._fp_digits                             0x08005cd0   Section        0  printfa.o(i._fp_digits)
    _printf_core                             0x08005e55   Thumb Code  1744  printfa.o(i._printf_core)
    i._printf_core                           0x08005e54   Section        0  printfa.o(i._printf_core)
    _printf_post_padding                     0x08006531   Thumb Code    36  printfa.o(i._printf_post_padding)
    i._printf_post_padding                   0x08006530   Section        0  printfa.o(i._printf_post_padding)
    _printf_pre_padding                      0x08006555   Thumb Code    46  printfa.o(i._printf_pre_padding)
    i._printf_pre_padding                    0x08006554   Section        0  printfa.o(i._printf_pre_padding)
    i.fputc                                  0x08006582   Section        0  fputc.o(i.fputc)
    s_AdcHclkPresTable                       0x0801bc30   Data          16  n32g4fr_rcc.o(.rodata.s_AdcHclkPresTable)
    [Anonymous Symbol]                       0x0801bc30   Section        0  n32g4fr_rcc.o(.rodata.s_AdcHclkPresTable)
    s_AdcPllClkPresTable                     0x0801bc40   Data          32  n32g4fr_rcc.o(.rodata.s_AdcPllClkPresTable)
    [Anonymous Symbol]                       0x0801bc40   Section        0  n32g4fr_rcc.o(.rodata.s_AdcPllClkPresTable)
    s_ApbAhbPresTable                        0x0801bc60   Data          16  n32g4fr_rcc.o(.rodata.s_ApbAhbPresTable)
    [Anonymous Symbol]                       0x0801bc60   Section        0  n32g4fr_rcc.o(.rodata.s_ApbAhbPresTable)
    .L.str                                   0x0801bc70   Data          28  memalloc.o(.rodata.str1.1)
    [Anonymous Symbol]                       0x0801bc70   Section        0  memalloc.o(.rodata.str1.1)
    .L.str                                   0x0801bc8c   Data          26  ringbuffer.o(.rodata.str1.1)
    [Anonymous Symbol]                       0x0801bc8c   Section        0  ringbuffer.o(.rodata.str1.1)
    .L.str                                   0x0801bca6   Data          35  main.o(.rodata.str1.1)
    .L.str.1                                 0x0801bca6   Data          13  ringbuffer.o(.rodata.str1.1)
    [Anonymous Symbol]                       0x0801bca6   Section        0  main.o(.rodata.str1.1)
    .L.str                                   0x0801bcc9   Data          18  timera_pwm.o(.rodata.str1.1)
    [Anonymous Symbol]                       0x0801bcc9   Section        0  timera_pwm.o(.rodata.str1.1)
    .L.str.1                                 0x0801bcdb   Data          18  timera_pwm.o(.rodata.str1.1)
    .L__func__.init_timer_pin                0x0801bced   Data          15  timera_pwm.o(.rodata.str1.1)
    .L.str.1                                 0x0801bcfc   Data           6  system.o(.rodata.str1.1)
    [Anonymous Symbol]                       0x0801bcfc   Section        0  system.o(.rodata.str1.1)
    .L.str                                   0x0801bd02   Data           9  system.o(.rodata.str1.1)
    .data                                    0x20000000   Section        4  stdout.o(.data)
    UART_RX_Count                            0x20000028   Data           2  mcu_api.o(.bss.UART_RX_Count)
    [Anonymous Symbol]                       0x20000028   Section        0  mcu_api.o(.bss.UART_RX_Count)
    bt_uart_rx_buf_temp                      0x200000c8   Data           3  mcu_api.o(.bss.bt_uart_rx_buf_temp)
    [Anonymous Symbol]                       0x200000c8   Section        0  mcu_api.o(.bss.bt_uart_rx_buf_temp)
    bt_uart_service.rx_in                    0x200000cc   Data           2  mcu_api.o(.bss.bt_uart_service.rx_in)
    [Anonymous Symbol]                       0x200000cc   Section        0  mcu_api.o(.bss.bt_uart_service.rx_in)
    chunks                                   0x20000ad8   Data         240  memalloc.o(.bss.chunks)
    [Anonymous Symbol]                       0x20000ad8   Section        0  memalloc.o(.bss.chunks)
    current_uart_rev_state_type              0x20000bc8   Data           1  mcu_api.o(.bss.current_uart_rev_state_type)
    [Anonymous Symbol]                       0x20000bc8   Section        0  mcu_api.o(.bss.current_uart_rev_state_type)
    heat_beat_check.mcu_reset_state          0x200015d8   Data           1  system.o(.bss.heat_beat_check.mcu_reset_state)
    [Anonymous Symbol]                       0x200015d8   Section        0  system.o(.bss.heat_beat_check.mcu_reset_state)
    m_u32TickCount                           0x200015e0   Data           4  app.o(.bss.m_u32TickCount)
    [Anonymous Symbol]                       0x200015e0   Section        0  app.o(.bss.m_u32TickCount)
    m_u32TickStep                            0x200015e4   Data           4  app.o(.bss.m_u32TickStep)
    [Anonymous Symbol]                       0x200015e4   Section        0  app.o(.bss.m_u32TickStep)
    measure_distance.data_index              0x200015ec   Data           4  distance_measure.o(.bss.measure_distance.data_index)
    [Anonymous Symbol]                       0x200015ec   Section        0  distance_measure.o(.bss.measure_distance.data_index)
    reserved_mem                             0x200015fc   Data       30720  memalloc.o(.bss.reserved_mem)
    [Anonymous Symbol]                       0x200015fc   Section        0  memalloc.o(.bss.reserved_mem)
    total                                    0x20008e10   Data           4  memalloc.o(.bss.total)
    [Anonymous Symbol]                       0x20008e10   Section        0  memalloc.o(.bss.total)
    uart_data_len                            0x20008e14   Data           2  mcu_api.o(.bss.uart_data_len)
    [Anonymous Symbol]                       0x20008e14   Section        0  mcu_api.o(.bss.uart_data_len)
    STACK                                    0x20008e20   Section     2048  startup_n32g4fr.o(STACK)

    Global Symbols

    Symbol Name                              Value     Ov Type        Size  Object(Section)

    BuildAttributes$$THM_ISAv4$E$P$D$K$B$S$7EM$VFPi3$EXTD16$VFPS$VFMA$PE$A:L22UL41UL21$X:L11$S22US41US21$IEEE1$IW$~IW$USESV6$~STKCKD$USESV7$~SHL$OSPACE$ROPI$EBA8$MICROLIB$REQ8$PRES8$EABIv2 0x00000000   Number         0  anon$$obj.o ABSOLUTE
    __cpp_initialize__aeabi_                  - Undefined Weak Reference
    __cxa_finalize                            - Undefined Weak Reference
    __decompress                              - Undefined Weak Reference
    _clock_init                               - Undefined Weak Reference
    _microlib_exit                            - Undefined Weak Reference
    __Vectors_Size                           0x00000198   Number         0  startup_n32g4fr.o ABSOLUTE
    __Vectors                                0x08000000   Data           4  startup_n32g4fr.o(RESET)
    __Vectors_End                            0x08000198   Data           0  startup_n32g4fr.o(RESET)
    __main                                   0x08000199   Thumb Code     0  entry.o(.ARM.Collect$$$$00000000)
    _main_stk                                0x08000199   Thumb Code     0  entry2.o(.ARM.Collect$$$$00000001)
    _main_scatterload                        0x0800019d   Thumb Code     0  entry5.o(.ARM.Collect$$$$00000004)
    __main_after_scatterload                 0x080001a1   Thumb Code     0  entry5.o(.ARM.Collect$$$$00000004)
    _main_clock                              0x080001a1   Thumb Code     0  entry7b.o(.ARM.Collect$$$$00000008)
    _main_cpp_init                           0x080001a1   Thumb Code     0  entry8b.o(.ARM.Collect$$$$0000000A)
    _main_init                               0x080001a1   Thumb Code     0  entry9a.o(.ARM.Collect$$$$0000000B)
    __rt_final_cpp                           0x080001a9   Thumb Code     0  entry10a.o(.ARM.Collect$$$$0000000D)
    __rt_final_exit                          0x080001a9   Thumb Code     0  entry11a.o(.ARM.Collect$$$$0000000F)
    Reset_Handler                            0x080001ad   Thumb Code     8  startup_n32g4fr.o(.text)
    HardFault_Handler                        0x080001b7   Thumb Code     2  startup_n32g4fr.o(.text)
    PendSV_Handler                           0x080001c3   Thumb Code     2  startup_n32g4fr.o(.text)
    ADC1_2_IRQHandler                        0x080001c7   Thumb Code     0  startup_n32g4fr.o(.text)
    ADC3_4_IRQHandler                        0x080001c7   Thumb Code     0  startup_n32g4fr.o(.text)
    CAN1_RX1_IRQHandler                      0x080001c7   Thumb Code     0  startup_n32g4fr.o(.text)
    CAN1_SCE_IRQHandler                      0x080001c7   Thumb Code     0  startup_n32g4fr.o(.text)
    CAN2_RX0_IRQHandler                      0x080001c7   Thumb Code     0  startup_n32g4fr.o(.text)
    CAN2_RX1_IRQHandler                      0x080001c7   Thumb Code     0  startup_n32g4fr.o(.text)
    CAN2_SCE_IRQHandler                      0x080001c7   Thumb Code     0  startup_n32g4fr.o(.text)
    CAN2_TX_IRQHandler                       0x080001c7   Thumb Code     0  startup_n32g4fr.o(.text)
    COMP7_IRQHandler                         0x080001c7   Thumb Code     0  startup_n32g4fr.o(.text)
    COMP_1_2_3_IRQHandler                    0x080001c7   Thumb Code     0  startup_n32g4fr.o(.text)
    COMP_4_5_6_IRQHandler                    0x080001c7   Thumb Code     0  startup_n32g4fr.o(.text)
    DMA1_Channel1_IRQHandler                 0x080001c7   Thumb Code     0  startup_n32g4fr.o(.text)
    DMA1_Channel2_IRQHandler                 0x080001c7   Thumb Code     0  startup_n32g4fr.o(.text)
    DMA1_Channel3_IRQHandler                 0x080001c7   Thumb Code     0  startup_n32g4fr.o(.text)
    DMA1_Channel4_IRQHandler                 0x080001c7   Thumb Code     0  startup_n32g4fr.o(.text)
    DMA1_Channel5_IRQHandler                 0x080001c7   Thumb Code     0  startup_n32g4fr.o(.text)
    DMA1_Channel6_IRQHandler                 0x080001c7   Thumb Code     0  startup_n32g4fr.o(.text)
    DMA1_Channel7_IRQHandler                 0x080001c7   Thumb Code     0  startup_n32g4fr.o(.text)
    DMA1_Channel8_IRQHandler                 0x080001c7   Thumb Code     0  startup_n32g4fr.o(.text)
    DMA2_Channel1_IRQHandler                 0x080001c7   Thumb Code     0  startup_n32g4fr.o(.text)
    DMA2_Channel2_IRQHandler                 0x080001c7   Thumb Code     0  startup_n32g4fr.o(.text)
    DMA2_Channel3_IRQHandler                 0x080001c7   Thumb Code     0  startup_n32g4fr.o(.text)
    DMA2_Channel4_IRQHandler                 0x080001c7   Thumb Code     0  startup_n32g4fr.o(.text)
    DMA2_Channel5_IRQHandler                 0x080001c7   Thumb Code     0  startup_n32g4fr.o(.text)
    DMA2_Channel6_IRQHandler                 0x080001c7   Thumb Code     0  startup_n32g4fr.o(.text)
    DMA2_Channel7_IRQHandler                 0x080001c7   Thumb Code     0  startup_n32g4fr.o(.text)
    DMA2_Channel8_IRQHandler                 0x080001c7   Thumb Code     0  startup_n32g4fr.o(.text)
    DVP_IRQHandler                           0x080001c7   Thumb Code     0  startup_n32g4fr.o(.text)
    ETH_IRQHandler                           0x080001c7   Thumb Code     0  startup_n32g4fr.o(.text)
    ETH_WKUP_IRQHandler                      0x080001c7   Thumb Code     0  startup_n32g4fr.o(.text)
    EXTI0_IRQHandler                         0x080001c7   Thumb Code     0  startup_n32g4fr.o(.text)
    EXTI15_10_IRQHandler                     0x080001c7   Thumb Code     0  startup_n32g4fr.o(.text)
    EXTI1_IRQHandler                         0x080001c7   Thumb Code     0  startup_n32g4fr.o(.text)
    EXTI2_IRQHandler                         0x080001c7   Thumb Code     0  startup_n32g4fr.o(.text)
    EXTI3_IRQHandler                         0x080001c7   Thumb Code     0  startup_n32g4fr.o(.text)
    EXTI4_IRQHandler                         0x080001c7   Thumb Code     0  startup_n32g4fr.o(.text)
    EXTI9_5_IRQHandler                       0x080001c7   Thumb Code     0  startup_n32g4fr.o(.text)
    FLASH_IRQHandler                         0x080001c7   Thumb Code     0  startup_n32g4fr.o(.text)
    I2C1_ER_IRQHandler                       0x080001c7   Thumb Code     0  startup_n32g4fr.o(.text)
    I2C1_EV_IRQHandler                       0x080001c7   Thumb Code     0  startup_n32g4fr.o(.text)
    I2C2_ER_IRQHandler                       0x080001c7   Thumb Code     0  startup_n32g4fr.o(.text)
    I2C2_EV_IRQHandler                       0x080001c7   Thumb Code     0  startup_n32g4fr.o(.text)
    I2C3_ER_IRQHandler                       0x080001c7   Thumb Code     0  startup_n32g4fr.o(.text)
    I2C3_EV_IRQHandler                       0x080001c7   Thumb Code     0  startup_n32g4fr.o(.text)
    I2C4_ER_IRQHandler                       0x080001c7   Thumb Code     0  startup_n32g4fr.o(.text)
    I2C4_EV_IRQHandler                       0x080001c7   Thumb Code     0  startup_n32g4fr.o(.text)
    MMU_IRQHandler                           0x080001c7   Thumb Code     0  startup_n32g4fr.o(.text)
    PVD_IRQHandler                           0x080001c7   Thumb Code     0  startup_n32g4fr.o(.text)
    QSPI_IRQHandler                          0x080001c7   Thumb Code     0  startup_n32g4fr.o(.text)
    RCC_IRQHandler                           0x080001c7   Thumb Code     0  startup_n32g4fr.o(.text)
    RSRAM_IRQHandler                         0x080001c7   Thumb Code     0  startup_n32g4fr.o(.text)
    RTCAlarm_IRQHandler                      0x080001c7   Thumb Code     0  startup_n32g4fr.o(.text)
    RTC_WKUP_IRQHandler                      0x080001c7   Thumb Code     0  startup_n32g4fr.o(.text)
    SAC_IRQHandler                           0x080001c7   Thumb Code     0  startup_n32g4fr.o(.text)
    SDIO_IRQHandler                          0x080001c7   Thumb Code     0  startup_n32g4fr.o(.text)
    SPI1_IRQHandler                          0x080001c7   Thumb Code     0  startup_n32g4fr.o(.text)
    SPI2_IRQHandler                          0x080001c7   Thumb Code     0  startup_n32g4fr.o(.text)
    SPI3_IRQHandler                          0x080001c7   Thumb Code     0  startup_n32g4fr.o(.text)
    TAMPER_IRQHandler                        0x080001c7   Thumb Code     0  startup_n32g4fr.o(.text)
    TIM1_BRK_IRQHandler                      0x080001c7   Thumb Code     0  startup_n32g4fr.o(.text)
    TIM1_TRG_COM_IRQHandler                  0x080001c7   Thumb Code     0  startup_n32g4fr.o(.text)
    TIM1_UP_IRQHandler                       0x080001c7   Thumb Code     0  startup_n32g4fr.o(.text)
    TIM4_IRQHandler                          0x080001c7   Thumb Code     0  startup_n32g4fr.o(.text)
    TIM5_IRQHandler                          0x080001c7   Thumb Code     0  startup_n32g4fr.o(.text)
    TIM6_IRQHandler                          0x080001c7   Thumb Code     0  startup_n32g4fr.o(.text)
    TIM7_IRQHandler                          0x080001c7   Thumb Code     0  startup_n32g4fr.o(.text)
    TIM8_BRK_IRQHandler                      0x080001c7   Thumb Code     0  startup_n32g4fr.o(.text)
    TIM8_CC_IRQHandler                       0x080001c7   Thumb Code     0  startup_n32g4fr.o(.text)
    TIM8_TRG_COM_IRQHandler                  0x080001c7   Thumb Code     0  startup_n32g4fr.o(.text)
    TIM8_UP_IRQHandler                       0x080001c7   Thumb Code     0  startup_n32g4fr.o(.text)
    TSC_IRQHandler                           0x080001c7   Thumb Code     0  startup_n32g4fr.o(.text)
    UART4_IRQHandler                         0x080001c7   Thumb Code     0  startup_n32g4fr.o(.text)
    UART5_IRQHandler                         0x080001c7   Thumb Code     0  startup_n32g4fr.o(.text)
    UART6_IRQHandler                         0x080001c7   Thumb Code     0  startup_n32g4fr.o(.text)
    UART7_IRQHandler                         0x080001c7   Thumb Code     0  startup_n32g4fr.o(.text)
    USART1_IRQHandler                        0x080001c7   Thumb Code     0  startup_n32g4fr.o(.text)
    USART2_IRQHandler                        0x080001c7   Thumb Code     0  startup_n32g4fr.o(.text)
    USBWakeUp_IRQHandler                     0x080001c7   Thumb Code     0  startup_n32g4fr.o(.text)
    USB_HP_CAN1_TX_IRQHandler                0x080001c7   Thumb Code     0  startup_n32g4fr.o(.text)
    USB_LP_CAN1_RX0_IRQHandler               0x080001c7   Thumb Code     0  startup_n32g4fr.o(.text)
    WWDG_IRQHandler                          0x080001c7   Thumb Code     0  startup_n32g4fr.o(.text)
    XFMC_IRQHandler                          0x080001c7   Thumb Code     0  startup_n32g4fr.o(.text)
    __aeabi_uldivmod                         0x080001d1   Thumb Code    98  uldiv.o(.text)
    __aeabi_ldivmod                          0x08000233   Thumb Code    98  ldiv.o(.text)
    abs                                      0x08000295   Thumb Code     8  siabs.o(.text)
    ___aeabi_memcpy$move                     0x0800029d   Thumb Code    64  memmovea.o(.text)
    ___aeabi_memcpy4$move                    0x0800029d   Thumb Code     0  memmovea.o(.text)
    ___aeabi_memcpy8$move                    0x0800029d   Thumb Code     0  memmovea.o(.text)
    __aeabi_memmove                          0x0800029d   Thumb Code     0  memmovea.o(.text)
    __aeabi_memmove4                         0x0800029d   Thumb Code     0  memmovea.o(.text)
    __aeabi_memmove8                         0x0800029d   Thumb Code     0  memmovea.o(.text)
    __aeabi_dcmple                           0x080002dd   Thumb Code    54  dcmple.o(.text)
    __aeabi_f2d                              0x08000313   Thumb Code    38  f2d.o(.text)
    __aeabi_uidiv                            0x08000339   Thumb Code     0  uidiv.o(.text)
    __aeabi_uidivmod                         0x08000339   Thumb Code    44  uidiv.o(.text)
    __aeabi_llsl                             0x08000365   Thumb Code    30  llshl.o(.text)
    _ll_shift_l                              0x08000365   Thumb Code     0  llshl.o(.text)
    __aeabi_llsr                             0x08000383   Thumb Code    32  llushr.o(.text)
    _ll_ushift_r                             0x08000383   Thumb Code     0  llushr.o(.text)
    __I$use$fp                               0x080003a3   Thumb Code     0  iusefp.o(.text)
    __aeabi_dadd                             0x080003a3   Thumb Code   322  dadd.o(.text)
    __aeabi_dsub                             0x080004e5   Thumb Code     6  dadd.o(.text)
    __aeabi_drsub                            0x080004eb   Thumb Code     6  dadd.o(.text)
    __aeabi_dmul                             0x080004f1   Thumb Code   228  dmul.o(.text)
    __aeabi_ddiv                             0x080005d5   Thumb Code   222  ddiv.o(.text)
    __aeabi_d2ulz                            0x080006b3   Thumb Code    48  dfixul.o(.text)
    __aeabi_cdrcmple                         0x080006e5   Thumb Code    48  cdrcmple.o(.text)
    __scatterload                            0x08000715   Thumb Code    28  init.o(.text)
    __scatterload_rt2                        0x08000715   Thumb Code     0  init.o(.text)
    __aeabi_lasr                             0x08000739   Thumb Code    36  llsshr.o(.text)
    __semihosting_library_function           0x08000739   Thumb Code     0  semi.o(.text)
    _ll_sshift_r                             0x08000739   Thumb Code     0  llsshr.o(.text)
    __I$use$semihosting$fputc                0x0800075d   Thumb Code     0  iusesemip.o(.text)
    _double_round                            0x0800075d   Thumb Code    30  depilogue.o(.text)
    _double_epilogue                         0x0800077b   Thumb Code   156  depilogue.o(.text)
    ADC_ConfigClk                            0x08000819   Thumb Code    56  n32g4fr_adc.o(.text.ADC_ConfigClk)
    ADC_ConfigRegularChannel                 0x08000851   Thumb Code   424  n32g4fr_adc.o(.text.ADC_ConfigRegularChannel)
    ADC_Enable                               0x080009f9   Thumb Code    44  n32g4fr_adc.o(.text.ADC_Enable)
    ADC_EnableDMA                            0x08000a25   Thumb Code    44  n32g4fr_adc.o(.text.ADC_EnableDMA)
    ADC_EnableSoftwareStartConv              0x08000a51   Thumb Code    44  n32g4fr_adc.o(.text.ADC_EnableSoftwareStartConv)
    ADC_GetCalibrationStatus                 0x08000a7d   Thumb Code    46  n32g4fr_adc.o(.text.ADC_GetCalibrationStatus)
    ADC_GetFlagStatusNew                     0x08000aad   Thumb Code    52  n32g4fr_adc.o(.text.ADC_GetFlagStatusNew)
    ADC_Init                                 0x08000ae1   Thumb Code   154  n32g4fr_adc.o(.text.ADC_Init)
    ADC_StartCalibration                     0x08000b7d   Thumb Code    18  n32g4fr_adc.o(.text.ADC_StartCalibration)
    AdcConfig                                0x08000b91   Thumb Code    40  adc.o(.text.AdcConfig)
    AdcInitConfig                            0x08000bb9   Thumb Code   288  adc.o(.text.AdcInitConfig)
    BusFault_Handler                         0x08000cd9   Thumb Code     4  n32g4fr_it.o(.text.BusFault_Handler)
    DMA_DeInit                               0x08000cdd   Thumb Code   580  n32g4fr_dma.o(.text.DMA_DeInit)
    DMA_EnableChannel                        0x08000f21   Thumb Code    46  n32g4fr_dma.o(.text.DMA_EnableChannel)
    DMA_Init                                 0x08000f51   Thumb Code   108  n32g4fr_dma.o(.text.DMA_Init)
    DebugMon_Handler                         0x08000fbd   Thumb Code     2  n32g4fr_it.o(.text.DebugMon_Handler)
    DmaConfig                                0x08000fc1   Thumb Code     8  adc.o(.text.DmaConfig)
    DmaInitConfig                            0x08000fc9   Thumb Code   186  adc.o(.text.DmaInitConfig)
    GPIO_InitPeripheral                      0x08001085   Thumb Code   390  n32g4fr_gpio.o(.text.GPIO_InitPeripheral)
    GPIO_ReadInputDataBit                    0x0800120d   Thumb Code    52  n32g4fr_gpio.o(.text.GPIO_ReadInputDataBit)
    GPIO_ResetBits                           0x08001241   Thumb Code    20  n32g4fr_gpio.o(.text.GPIO_ResetBits)
    GPIO_SetBits                             0x08001255   Thumb Code    20  n32g4fr_gpio.o(.text.GPIO_SetBits)
    MemManage_Handler                        0x08001269   Thumb Code     4  n32g4fr_it.o(.text.MemManage_Handler)
    NMI_Handler                              0x0800126d   Thumb Code     2  n32g4fr_it.o(.text.NMI_Handler)
    NVIC_Init                                0x08001271   Thumb Code   170  misc.o(.text.NVIC_Init)
    Queue_Read_Byte                          0x0800131d   Thumb Code   104  system.o(.text.Queue_Read_Byte)
    RCC_ConfigAdc1mClk                       0x08001385   Thumb Code    62  n32g4fr_rcc.o(.text.RCC_ConfigAdc1mClk)
    RCC_ConfigAdcHclk                        0x080013c5   Thumb Code    44  n32g4fr_rcc.o(.text.RCC_ConfigAdcHclk)
    RCC_ConfigAdcPllClk                      0x080013f1   Thumb Code    84  n32g4fr_rcc.o(.text.RCC_ConfigAdcPllClk)
    RCC_ConfigPclk1                          0x08001445   Thumb Code    44  n32g4fr_rcc.o(.text.RCC_ConfigPclk1)
    RCC_EnableAHBPeriphClk                   0x08001471   Thumb Code    56  n32g4fr_rcc.o(.text.RCC_EnableAHBPeriphClk)
    RCC_EnableAPB1PeriphClk                  0x080014a9   Thumb Code    56  n32g4fr_rcc.o(.text.RCC_EnableAPB1PeriphClk)
    RCC_EnableAPB2PeriphClk                  0x080014e1   Thumb Code    56  n32g4fr_rcc.o(.text.RCC_EnableAPB2PeriphClk)
    RCC_GetClocksFreqValue                   0x08001519   Thumb Code   452  n32g4fr_rcc.o(.text.RCC_GetClocksFreqValue)
    SVC_Handler                              0x080016dd   Thumb Code     2  n32g4fr_it.o(.text.SVC_Handler)
    SysClkInit                               0x08001829   Thumb Code   126  sysclk.o(.text.SysClkInit)
    SysTick_GetTick                          0x080018fd   Thumb Code    12  app.o(.text.SysTick_GetTick)
    SysTick_Handler                          0x08001909   Thumb Code     2  n32g4fr_it.o(.text.SysTick_Handler)
    SysTick_Init                             0x0800190d   Thumb Code    66  app.o(.text.SysTick_Init)
    SystemInit                               0x08001951   Thumb Code   204  system_n32g4fr.o(.text.SystemInit)
    TIM1_CC_IRQHandler                       0x08001a1d   Thumb Code   126  n32g4fr_it.o(.text.TIM1_CC_IRQHandler)
    TIM2_IRQHandler                          0x08001a9d   Thumb Code     2  n32g4fr_it.o(.text.TIM2_IRQHandler)
    TIM3_IRQHandler                          0x08001aa1   Thumb Code     2  n32g4fr_it.o(.text.TIM3_IRQHandler)
    TIM_ClrIntPendingBit                     0x08001aa5   Thumb Code    20  n32g4fr_tim.o(.text.TIM_ClrIntPendingBit)
    TIM_ConfigArPreload                      0x08001ab9   Thumb Code    44  n32g4fr_tim.o(.text.TIM_ConfigArPreload)
    TIM_ConfigInt                            0x08001ae5   Thumb Code    52  n32g4fr_tim.o(.text.TIM_ConfigInt)
    TIM_ConfigOc3Preload                     0x08001b19   Thumb Code    60  n32g4fr_tim.o(.text.TIM_ConfigOc3Preload)
    TIM_ConfigOc4Preload                     0x08001b55   Thumb Code    62  n32g4fr_tim.o(.text.TIM_ConfigOc4Preload)
    TIM_Enable                               0x08001b95   Thumb Code    44  n32g4fr_tim.o(.text.TIM_Enable)
    TIM_EnableCtrlPwmOutputs                 0x08001bc1   Thumb Code    52  n32g4fr_tim.o(.text.TIM_EnableCtrlPwmOutputs)
    TIM_GetIntStatus                         0x08001bf5   Thumb Code    72  n32g4fr_tim.o(.text.TIM_GetIntStatus)
    TIM_InitOc3                              0x08001c3d   Thumb Code   262  n32g4fr_tim.o(.text.TIM_InitOc3)
    TIM_InitOc4                              0x08001d45   Thumb Code   206  n32g4fr_tim.o(.text.TIM_InitOc4)
    TIM_InitTimeBase                         0x08001e15   Thumb Code   756  n32g4fr_tim.o(.text.TIM_InitTimeBase)
    Timera_Config                            0x08002109   Thumb Code    22  timera_pwm.o(.text.Timera_Config)
    USART3_IRQHandler                        0x08002121   Thumb Code    54  n32g4fr_it.o(.text.USART3_IRQHandler)
    USART_ConfigInt                          0x08002159   Thumb Code   146  n32g4fr_usart.o(.text.USART_ConfigInt)
    USART_Enable                             0x080021ed   Thumb Code    44  n32g4fr_usart.o(.text.USART_Enable)
    USART_GetFlagStatus                      0x08002219   Thumb Code    68  n32g4fr_usart.o(.text.USART_GetFlagStatus)
    USART_GetIntStatus                       0x0800225d   Thumb Code   176  n32g4fr_usart.o(.text.USART_GetIntStatus)
    USART_Init                               0x0800230d   Thumb Code   292  n32g4fr_usart.o(.text.USART_Init)
    USART_ReceiveData                        0x08002431   Thumb Code    16  n32g4fr_usart.o(.text.USART_ReceiveData)
    USART_SendData                           0x08002441   Thumb Code    24  n32g4fr_usart.o(.text.USART_SendData)
    UsageFault_Handler                       0x08002459   Thumb Code     4  n32g4fr_it.o(.text.UsageFault_Handler)
    accumulate_data                          0x080024a1   Thumb Code    50  distance_measure.o(.text.accumulate_data)
    all_data_update                          0x080024d5   Thumb Code    36  protocol.o(.text.all_data_update)
    alloc_mem                                0x080024f9   Thumb Code   260  memalloc.o(.text.alloc_mem)
    alphabeta_filter                         0x080025fd   Thumb Code   146  alphabeta_filter.o(.text.alphabeta_filter)
    apfft                                    0x08002691   Thumb Code   366  apfft.o(.text.apfft)
    app                                      0x08002801   Thumb Code    64  app.o(.text.app)
    arctan                                   0x08002841   Thumb Code    92  math_fp.o(.text.arctan)
    arctan2                                  0x0800289d   Thumb Code   310  math_fp.o(.text.arctan2)
    arm_absmax_q31                           0x080029d5   Thumb Code   518  arm_absmax_q31.o(.text.arm_absmax_q31)
    arm_bitreversal_32                       0x08002bdd   Thumb Code    68  arm_bitreversal2.o(.text.arm_bitreversal_32)
    arm_cfft_q31                             0x08002c21   Thumb Code   214  arm_cfft_q31.o(.text.arm_cfft_q31)
    arm_cfft_radix4by2_inverse_q31           0x08002cf9   Thumb Code   264  arm_cfft_q31.o(.text.arm_cfft_radix4by2_inverse_q31)
    arm_cfft_radix4by2_q31                   0x08002e01   Thumb Code   284  arm_cfft_q31.o(.text.arm_cfft_radix4by2_q31)
    arm_cmplx_mag_q31                        0x08002f1d   Thumb Code   194  arm_cmplx_mag_q31.o(.text.arm_cmplx_mag_q31)
    arm_mean_q15                             0x08002fe1   Thumb Code    82  arm_mean_q15.o(.text.arm_mean_q15)
    arm_mean_q31                             0x08003035   Thumb Code   122  arm_mean_q31.o(.text.arm_mean_q31)
    arm_offset_q15                           0x080030b1   Thumb Code    78  arm_offset_q15.o(.text.arm_offset_q15)
    arm_radix4_butterfly_inverse_q31         0x08003101   Thumb Code   982  arm_cfft_radix4_q31.o(.text.arm_radix4_butterfly_inverse_q31)
    arm_radix4_butterfly_q31                 0x080034d9   Thumb Code   974  arm_cfft_radix4_q31.o(.text.arm_radix4_butterfly_q31)
    arm_rfft_init_q31                        0x080038a7   Thumb Code   212  arm_rfft_init_q31.o(.text.arm_rfft_init_q31)
    arm_rfft_q31                             0x0800397d   Thumb Code   118  arm_rfft_q31.o(.text.arm_rfft_q31)
    arm_split_rfft_q31                       0x080039f5   Thumb Code   274  arm_rfft_q31.o(.text.arm_split_rfft_q31)
    arm_split_rifft_q31                      0x08003b09   Thumb Code   132  arm_rfft_q31.o(.text.arm_split_rifft_q31)
    arm_sqrt_q31                             0x08003b8d   Thumb Code   244  arm_sqrt_q31.o(.text.arm_sqrt_q31)
    arm_std_q31                              0x08003c81   Thumb Code   248  arm_std_q31.o(.text.arm_std_q31)
    bt_close_timer_result                    0x08003d79   Thumb Code    22  protocol.o(.text.bt_close_timer_result)
    bt_disconnect_result                     0x08003d91   Thumb Code    22  protocol.o(.text.bt_disconnect_result)
    bt_enable_lowpoer_result                 0x08003da9   Thumb Code    22  protocol.o(.text.bt_enable_lowpoer_result)
    bt_factor_reset_notify                   0x08003dc1   Thumb Code     2  protocol.o(.text.bt_factor_reset_notify)
    bt_modify_adv_interval_result            0x08003dc5   Thumb Code    22  protocol.o(.text.bt_modify_adv_interval_result)
    bt_protocol_init                         0x08003ddd   Thumb Code    42  mcu_api.o(.text.bt_protocol_init)
    bt_send_one_time_password_token_result   0x08003e09   Thumb Code    22  protocol.o(.text.bt_send_one_time_password_token_result)
    bt_uart_service                          0x08003e21   Thumb Code   144  mcu_api.o(.text.bt_uart_service)
    bt_uart_write_frame                      0x08003ef1   Thumb Code   112  system.o(.text.bt_uart_write_frame)
    cfar_ca                                  0x08003fe9   Thumb Code   110  micromotion_detection.o(.text.cfar_ca)
    close_process                            0x08004059   Thumb Code    86  app.o(.text.close_process)
    corrcoef_q31                             0x080040b1   Thumb Code   348  corrcoef.o(.text.corrcoef_q31)
    data_handle                              0x0800420d   Thumb Code   606  system.o(.text.data_handle)
    dp_download_handle                       0x080044f5   Thumb Code   358  protocol.o(.text.dp_download_handle)
    enable_timer_pwm                         0x0800465d   Thumb Code    18  timera_pwm.o(.text.enable_timer_pwm)
    find_max_peak                            0x08004671   Thumb Code   118  vd_calculation.o(.text.find_max_peak)
    free_mem                                 0x080046e9   Thumb Code    96  memalloc.o(.text.free_mem)
    get_check_sum                            0x08004749   Thumb Code    74  system.o(.text.get_check_sum)
    get_download_cmd_total                   0x080047ed   Thumb Code     4  protocol.o(.text.get_download_cmd_total)
    get_queue_total_data                     0x08004809   Thumb Code    52  system.o(.text.get_queue_total_data)
    get_sample_data                          0x0800483d   Thumb Code    28  adc.o(.text.get_sample_data)
    gpio_init                                0x08004859   Thumb Code     2  gpio.o(.text.gpio_init)
    idle_process                             0x080048b1   Thumb Code   392  app.o(.text.idle_process)
    init_mem                                 0x08004a39   Thumb Code    74  memalloc.o(.text.init_mem)
    init_pin                                 0x08004a85   Thumb Code    32  adc.o(.text.init_pin)
    init_timer                               0x08004aa5   Thumb Code   190  timera_pwm.o(.text.init_timer)
    init_timer_pin                           0x08004b65   Thumb Code   262  timera_pwm.o(.text.init_timer_pin)
    leave_s0                                 0x08004c85   Thumb Code    52  app.o(.text.leave_s0)
    leave_s1                                 0x08004cb9   Thumb Code    76  app.o(.text.leave_s1)
    led_init                                 0x08004d05   Thumb Code    54  led.o(.text.led_init)
    main                                     0x08004d3d   Thumb Code   288  main.o(.text.main)
    mcu_dp_value_update                      0x080050ed   Thumb Code   188  mcu_api.o(.text.mcu_dp_value_update)
    measure_distance                         0x080051a9   Thumb Code   348  distance_measure.o(.text.measure_distance)
    micromotion_detection                    0x08005305   Thumb Code   430  micromotion_detection.o(.text.micromotion_detection)
    my_memcpy                                0x080054b5   Thumb Code   174  mcu_api.o(.text.my_memcpy)
    my_memset                                0x08005565   Thumb Code    70  mcu_api.o(.text.my_memset)
    my_strlen                                0x080055ad   Thumb Code    58  mcu_api.o(.text.my_strlen)
    ring_buffer_get                          0x080056b1   Thumb Code   164  ringbuffer.o(.text.ring_buffer_get)
    set_bt_uart_buffer                       0x08005755   Thumb Code    66  system.o(.text.set_bt_uart_buffer)
    set_bt_uart_byte                         0x08005799   Thumb Code    54  system.o(.text.set_bt_uart_byte)
    start_timer                              0x080057d1   Thumb Code    18  timera_pwm.o(.text.start_timer)
    tick_init                                0x080057e5   Thumb Code    22  app.o(.text.tick_init)
    uart_receive_input                       0x080057fd   Thumb Code   190  mcu_api.o(.text.uart_receive_input)
    uart_transmit_output                     0x080058bd   Thumb Code    50  protocol.o(.text.uart_transmit_output)
    usart_init                               0x080058f1   Thumb Code    76  usart.o(.text.usart_init)
    vd_calculation                           0x0800593d   Thumb Code   852  vd_calculation.o(.text.vd_calculation)
    __0printf                                0x08005c91   Thumb Code    22  printfa.o(i.__0printf)
    __1printf                                0x08005c91   Thumb Code     0  printfa.o(i.__0printf)
    __2printf                                0x08005c91   Thumb Code     0  printfa.o(i.__0printf)
    __c89printf                              0x08005c91   Thumb Code     0  printfa.o(i.__0printf)
    printf                                   0x08005c91   Thumb Code     0  printfa.o(i.__0printf)
    __scatterload_copy                       0x08005cb1   Thumb Code    14  handlers.o(i.__scatterload_copy)
    __scatterload_null                       0x08005cbf   Thumb Code     2  handlers.o(i.__scatterload_null)
    __scatterload_zeroinit                   0x08005cc1   Thumb Code    14  handlers.o(i.__scatterload_zeroinit)
    fputc                                    0x08006583   Thumb Code    18  fputc.o(i.fputc)
    armBitRevIndexTable_fixed_1024           0x08006594   Data        1984  arm_common_tables.o(.rodata.armBitRevIndexTable_fixed_1024)
    armBitRevIndexTable_fixed_128            0x08006d54   Data         224  arm_common_tables.o(.rodata.armBitRevIndexTable_fixed_128)
    armBitRevIndexTable_fixed_16             0x08006e34   Data          24  arm_common_tables.o(.rodata.armBitRevIndexTable_fixed_16)
    armBitRevIndexTable_fixed_2048           0x08006e4c   Data        3968  arm_common_tables.o(.rodata.armBitRevIndexTable_fixed_2048)
    armBitRevIndexTable_fixed_256            0x08007dcc   Data         480  arm_common_tables.o(.rodata.armBitRevIndexTable_fixed_256)
    armBitRevIndexTable_fixed_32             0x08007fac   Data          48  arm_common_tables.o(.rodata.armBitRevIndexTable_fixed_32)
    armBitRevIndexTable_fixed_4096           0x08007fdc   Data        8064  arm_common_tables.o(.rodata.armBitRevIndexTable_fixed_4096)
    armBitRevIndexTable_fixed_512            0x08009f5c   Data         960  arm_common_tables.o(.rodata.armBitRevIndexTable_fixed_512)
    armBitRevIndexTable_fixed_64             0x0800a31c   Data         112  arm_common_tables.o(.rodata.armBitRevIndexTable_fixed_64)
    arm_cfft_sR_q31_len1024                  0x0800a38c   Data          16  arm_const_structs.o(.rodata.arm_cfft_sR_q31_len1024)
    arm_cfft_sR_q31_len128                   0x0800a39c   Data          16  arm_const_structs.o(.rodata.arm_cfft_sR_q31_len128)
    arm_cfft_sR_q31_len16                    0x0800a3ac   Data          16  arm_const_structs.o(.rodata.arm_cfft_sR_q31_len16)
    arm_cfft_sR_q31_len2048                  0x0800a3bc   Data          16  arm_const_structs.o(.rodata.arm_cfft_sR_q31_len2048)
    arm_cfft_sR_q31_len256                   0x0800a3cc   Data          16  arm_const_structs.o(.rodata.arm_cfft_sR_q31_len256)
    arm_cfft_sR_q31_len32                    0x0800a3dc   Data          16  arm_const_structs.o(.rodata.arm_cfft_sR_q31_len32)
    arm_cfft_sR_q31_len4096                  0x0800a3ec   Data          16  arm_const_structs.o(.rodata.arm_cfft_sR_q31_len4096)
    arm_cfft_sR_q31_len512                   0x0800a3fc   Data          16  arm_const_structs.o(.rodata.arm_cfft_sR_q31_len512)
    arm_cfft_sR_q31_len64                    0x0800a40c   Data          16  arm_const_structs.o(.rodata.arm_cfft_sR_q31_len64)
    cfar_param                               0x0800a41c   Data           8  micromotion_detection.o(.rodata.cfar_param)
    download_cmd                             0x0800a424   Data          14  protocol.o(.rodata.download_cmd)
    freq_linspace                            0x0800a432   Data        2048  freq_linspace.o(.rodata.freq_linspace)
    hamming_TAB512                           0x0800ac32   Data        2048  hamming.o(.rodata.hamming_TAB512)
    hanning_conv_TAB511                      0x0800b434   Data        2044  hanning_conv.o(.rodata.hanning_conv_TAB511)
    realCoefAQ31                             0x0800bc30   Data       32768  arm_common_tables.o(.rodata.realCoefAQ31)
    realCoefBQ31                             0x08013c30   Data       32768  arm_common_tables.o(.rodata.realCoefBQ31)
    twiddleCoef_1024_q31                     0x0801bd0c   Data        6144  arm_common_tables.o(.rodata.twiddleCoef_1024_q31)
    twiddleCoef_128_q31                      0x0801d50c   Data         768  arm_common_tables.o(.rodata.twiddleCoef_128_q31)
    twiddleCoef_16_q31                       0x0801d80c   Data          96  arm_common_tables.o(.rodata.twiddleCoef_16_q31)
    twiddleCoef_2048_q31                     0x0801d86c   Data       12288  arm_common_tables.o(.rodata.twiddleCoef_2048_q31)
    twiddleCoef_256_q31                      0x0802086c   Data        1536  arm_common_tables.o(.rodata.twiddleCoef_256_q31)
    twiddleCoef_32_q31                       0x08020e6c   Data         192  arm_common_tables.o(.rodata.twiddleCoef_32_q31)
    twiddleCoef_4096_q31                     0x08020f2c   Data       24576  arm_common_tables.o(.rodata.twiddleCoef_4096_q31)
    twiddleCoef_512_q31                      0x08026f2c   Data        3072  arm_common_tables.o(.rodata.twiddleCoef_512_q31)
    twiddleCoef_64_q31                       0x08027b2c   Data         384  arm_common_tables.o(.rodata.twiddleCoef_64_q31)
    version_num                              0x08027cac   Data           4  main.o(.rodata.version_num)
    Region$$Table$$Base                      0x08027cb0   Number         0  anon$$obj.o(Region$$Table)
    Region$$Table$$Limit                     0x08027cd0   Number         0  anon$$obj.o(Region$$Table)
    __stdout                                 0x20000000   Data           4  stdout.o(.data)
    SystemCoreClock                          0x20000004   Data           4  system_n32g4fr.o(.data.SystemCoreClock)
    measure_th                               0x20000008   Data          20  main.o(.data.measure_th)
    ring_buffer                              0x2000001c   Data          12  adc.o(.data.ring_buffer)
    bt_queue_buf                             0x2000002a   Data          23  system.o(.bss.bt_queue_buf)
    bt_uart_rx_buf                           0x20000041   Data         135  system.o(.bss.bt_uart_rx_buf)
    bt_uart_tx_buf                           0x200000ce   Data         519  system.o(.bss.bt_uart_tx_buf)
    bt_work_state                            0x200002d5   Data           1  system.o(.bss.bt_work_state)
    buffer                                   0x200002d8   Data        2048  adc.o(.bss.buffer)
    data_buf                                 0x20000bca   Data         512  main.o(.bss.data_buf)
    data_cumulation_1                        0x20000dca   Data        1024  distance_measure.o(.bss.data_cumulation_1)
    data_cumulation_2                        0x200011ca   Data        1024  distance_measure.o(.bss.data_cumulation_2)
    diff_tick                                0x200015cc   Data           4  app.o(.bss.diff_tick)
    distance_f                               0x200015d0   Data           4  main.o(.bss.distance_f)
    g_light_adc_value                        0x200015d4   Data           2  n32g4fr_it.o(.bss.g_light_adc_value)
    g_radar_if_adc_value                     0x200015d6   Data           2  n32g4fr_it.o(.bss.g_radar_if_adc_value)
    leave_en                                 0x200015dc   Data           4  app.o(.bss.leave_en)
    mag_f                                    0x200015e8   Data           4  main.o(.bss.mag_f)
    now_tick                                 0x200015f0   Data           4  app.o(.bss.now_tick)
    queue_in                                 0x200015f4   Data           4  system.o(.bss.queue_in)
    queue_out                                0x200015f8   Data           4  system.o(.bss.queue_out)
    reset_bt_flag                            0x20008dfc   Data           1  system.o(.bss.reset_bt_flag)
    speed_f                                  0x20008e00   Data           4  main.o(.bss.speed_f)
    start_tick                               0x20008e04   Data           4  app.o(.bss.start_tick)
    state                                    0x20008e08   Data           4  main.o(.bss.state)
    stop_update_flag                         0x20008e0c   Data           1  system.o(.bss.stop_update_flag)
    updata_data                              0x20008e18   Data           8  protocol.o(.bss.updata_data)
    __initial_sp                             0x20009620   Data           0  startup_n32g4fr.o(STACK)



==============================================================================

Memory Map of the image

  Image Entry point : 0x08000199

  Load Region LR_IROM1 (Base: 0x08000000, Size: 0x00027cf8, Max: 0x00080000, ABSOLUTE)

    Execution Region ER_IROM1 (Exec base: 0x08000000, Load base: 0x08000000, Size: 0x00027cd0, Max: 0x00080000, ABSOLUTE)

    Exec Addr    Load Addr    Size         Type   Attr      Idx    E Section Name        Object

    0x08000000   0x08000000   0x00000198   Data   RO           18    RESET               startup_n32g4fr.o
    0x08000198   0x08000198   0x00000000   Code   RO         2199  * .ARM.Collect$$$$00000000  mc_w.l(entry.o)
    0x08000198   0x08000198   0x00000004   Code   RO         2276    .ARM.Collect$$$$00000001  mc_w.l(entry2.o)
    0x0800019c   0x0800019c   0x00000004   Code   RO         2279    .ARM.Collect$$$$00000004  mc_w.l(entry5.o)
    0x080001a0   0x080001a0   0x00000000   Code   RO         2281    .ARM.Collect$$$$00000008  mc_w.l(entry7b.o)
    0x080001a0   0x080001a0   0x00000000   Code   RO         2283    .ARM.Collect$$$$0000000A  mc_w.l(entry8b.o)
    0x080001a0   0x080001a0   0x00000008   Code   RO         2284    .ARM.Collect$$$$0000000B  mc_w.l(entry9a.o)
    0x080001a8   0x080001a8   0x00000000   Code   RO         2286    .ARM.Collect$$$$0000000D  mc_w.l(entry10a.o)
    0x080001a8   0x080001a8   0x00000000   Code   RO         2288    .ARM.Collect$$$$0000000F  mc_w.l(entry11a.o)
    0x080001a8   0x080001a8   0x00000004   Code   RO         2277    .ARM.Collect$$$$00002712  mc_w.l(entry2.o)
    0x080001ac   0x080001ac   0x00000024   Code   RO           19    .text               startup_n32g4fr.o
    0x080001d0   0x080001d0   0x00000062   Code   RO         2202    .text               mc_w.l(uldiv.o)
    0x08000232   0x08000232   0x00000062   Code   RO         2204    .text               mc_w.l(ldiv.o)
    0x08000294   0x08000294   0x00000008   Code   RO         2234    .text               mc_w.l(siabs.o)
    0x0800029c   0x0800029c   0x00000040   Code   RO         2238    .text               mc_w.l(memmovea.o)
    0x080002dc   0x080002dc   0x00000036   Code   RO         2272    .text               mf_w.l(dcmple.o)
    0x08000312   0x08000312   0x00000026   Code   RO         2274    .text               mf_w.l(f2d.o)
    0x08000338   0x08000338   0x0000002c   Code   RO         2304    .text               mc_w.l(uidiv.o)
    0x08000364   0x08000364   0x0000001e   Code   RO         2306    .text               mc_w.l(llshl.o)
    0x08000382   0x08000382   0x00000020   Code   RO         2308    .text               mc_w.l(llushr.o)
    0x080003a2   0x080003a2   0x00000000   Code   RO         2310    .text               mc_w.l(iusefp.o)
    0x080003a2   0x080003a2   0x0000014e   Code   RO         2311    .text               mf_w.l(dadd.o)
    0x080004f0   0x080004f0   0x000000e4   Code   RO         2313    .text               mf_w.l(dmul.o)
    0x080005d4   0x080005d4   0x000000de   Code   RO         2315    .text               mf_w.l(ddiv.o)
    0x080006b2   0x080006b2   0x00000030   Code   RO         2317    .text               mf_w.l(dfixul.o)
    0x080006e2   0x080006e2   0x00000002   PAD
    0x080006e4   0x080006e4   0x00000030   Code   RO         2319    .text               mf_w.l(cdrcmple.o)
    0x08000714   0x08000714   0x00000024   Code   RO         2321    .text               mc_w.l(init.o)
    0x08000738   0x08000738   0x00000000   Code   RO         2323    .text               mc_w.l(semi.o)
    0x08000738   0x08000738   0x00000024   Code   RO         2324    .text               mc_w.l(llsshr.o)
    0x0800075c   0x0800075c   0x00000000   Code   RO         2326    .text               mc_w.l(iusesemip.o)
    0x0800075c   0x0800075c   0x000000ba   Code   RO         2327    .text               mf_w.l(depilogue.o)
    0x08000816   0x08000816   0x00000002   PAD
    0x08000818   0x08000818   0x00000038   Code   RO          255    .text.ADC_ConfigClk  n32g4fr_adc.o
    0x08000850   0x08000850   0x000001a8   Code   RO          201    .text.ADC_ConfigRegularChannel  n32g4fr_adc.o
    0x080009f8   0x080009f8   0x0000002c   Code   RO          183    .text.ADC_Enable    n32g4fr_adc.o
    0x08000a24   0x08000a24   0x0000002c   Code   RO          185    .text.ADC_EnableDMA  n32g4fr_adc.o
    0x08000a50   0x08000a50   0x0000002c   Code   RO          193    .text.ADC_EnableSoftwareStartConv  n32g4fr_adc.o
    0x08000a7c   0x08000a7c   0x0000002e   Code   RO          191    .text.ADC_GetCalibrationStatus  n32g4fr_adc.o
    0x08000aaa   0x08000aaa   0x00000002   PAD
    0x08000aac   0x08000aac   0x00000034   Code   RO          249    .text.ADC_GetFlagStatusNew  n32g4fr_adc.o
    0x08000ae0   0x08000ae0   0x0000009a   Code   RO          179    .text.ADC_Init      n32g4fr_adc.o
    0x08000b7a   0x08000b7a   0x00000002   PAD
    0x08000b7c   0x08000b7c   0x00000012   Code   RO          189    .text.ADC_StartCalibration  n32g4fr_adc.o
    0x08000b8e   0x08000b8e   0x00000002   PAD
    0x08000b90   0x08000b90   0x00000028   Code   RO         1562    .text.AdcConfig     adc.o
    0x08000bb8   0x08000bb8   0x00000120   Code   RO         1564    .text.AdcInitConfig  adc.o
    0x08000cd8   0x08000cd8   0x00000004   Code   RO           30    .text.BusFault_Handler  n32g4fr_it.o
    0x08000cdc   0x08000cdc   0x00000244   Code   RO          443    .text.DMA_DeInit    n32g4fr_dma.o
    0x08000f20   0x08000f20   0x0000002e   Code   RO          449    .text.DMA_EnableChannel  n32g4fr_dma.o
    0x08000f4e   0x08000f4e   0x00000002   PAD
    0x08000f50   0x08000f50   0x0000006c   Code   RO          445    .text.DMA_Init      n32g4fr_dma.o
    0x08000fbc   0x08000fbc   0x00000002   Code   RO           36    .text.DebugMon_Handler  n32g4fr_it.o
    0x08000fbe   0x08000fbe   0x00000002   PAD
    0x08000fc0   0x08000fc0   0x00000008   Code   RO         1566    .text.DmaConfig     adc.o
    0x08000fc8   0x08000fc8   0x000000ba   Code   RO         1568    .text.DmaInitConfig  adc.o
    0x08001082   0x08001082   0x00000002   PAD
    0x08001084   0x08001084   0x00000186   Code   RO          583    .text.GPIO_InitPeripheral  n32g4fr_gpio.o
    0x0800120a   0x0800120a   0x00000002   PAD
    0x0800120c   0x0800120c   0x00000034   Code   RO          587    .text.GPIO_ReadInputDataBit  n32g4fr_gpio.o
    0x08001240   0x08001240   0x00000014   Code   RO          599    .text.GPIO_ResetBits  n32g4fr_gpio.o
    0x08001254   0x08001254   0x00000014   Code   RO          595    .text.GPIO_SetBits  n32g4fr_gpio.o
    0x08001268   0x08001268   0x00000004   Code   RO           28    .text.MemManage_Handler  n32g4fr_it.o
    0x0800126c   0x0800126c   0x00000002   Code   RO           26    .text.NMI_Handler   n32g4fr_it.o
    0x0800126e   0x0800126e   0x00000002   PAD
    0x08001270   0x08001270   0x000000aa   Code   RO          162    .text.NVIC_Init     misc.o
    0x0800131a   0x0800131a   0x00000002   PAD
    0x0800131c   0x0800131c   0x00000068   Code   RO         1831    .text.Queue_Read_Byte  system.o
    0x08001384   0x08001384   0x0000003e   Code   RO          838    .text.RCC_ConfigAdc1mClk  n32g4fr_rcc.o
    0x080013c2   0x080013c2   0x00000002   PAD
    0x080013c4   0x080013c4   0x0000002c   Code   RO          842    .text.RCC_ConfigAdcHclk  n32g4fr_rcc.o
    0x080013f0   0x080013f0   0x00000054   Code   RO          840    .text.RCC_ConfigAdcPllClk  n32g4fr_rcc.o
    0x08001444   0x08001444   0x0000002c   Code   RO          824    .text.RCC_ConfigPclk1  n32g4fr_rcc.o
    0x08001470   0x08001470   0x00000038   Code   RO          858    .text.RCC_EnableAHBPeriphClk  n32g4fr_rcc.o
    0x080014a8   0x080014a8   0x00000038   Code   RO          862    .text.RCC_EnableAPB1PeriphClk  n32g4fr_rcc.o
    0x080014e0   0x080014e0   0x00000038   Code   RO          860    .text.RCC_EnableAPB2PeriphClk  n32g4fr_rcc.o
    0x08001518   0x08001518   0x000001c4   Code   RO          856    .text.RCC_GetClocksFreqValue  n32g4fr_rcc.o
    0x080016dc   0x080016dc   0x00000002   Code   RO           34    .text.SVC_Handler   n32g4fr_it.o
    0x080016de   0x080016de   0x00000002   PAD
    0x080016e0   0x080016e0   0x00000148   Code   RO            4    .text.SetSysClock   system_n32g4fr.o
    0x08001828   0x08001828   0x0000007e   Code   RO         1522    .text.SysClkInit    sysclk.o
    0x080018a6   0x080018a6   0x00000002   PAD
    0x080018a8   0x080018a8   0x00000052   Code   RO          122    .text.SysTick_Config  app.o
    0x080018fa   0x080018fa   0x00000002   PAD
    0x080018fc   0x080018fc   0x0000000c   Code   RO          132    .text.SysTick_GetTick  app.o
    0x08001908   0x08001908   0x00000002   Code   RO           38    .text.SysTick_Handler  n32g4fr_it.o
    0x0800190a   0x0800190a   0x00000002   PAD
    0x0800190c   0x0800190c   0x00000042   Code   RO          120    .text.SysTick_Init  app.o
    0x0800194e   0x0800194e   0x00000002   PAD
    0x08001950   0x08001950   0x000000cc   Code   RO            2    .text.SystemInit    system_n32g4fr.o
    0x08001a1c   0x08001a1c   0x0000007e   Code   RO           48    .text.TIM1_CC_IRQHandler  n32g4fr_it.o
    0x08001a9a   0x08001a9a   0x00000002   PAD
    0x08001a9c   0x08001a9c   0x00000002   Code   RO           42    .text.TIM2_IRQHandler  n32g4fr_it.o
    0x08001a9e   0x08001a9e   0x00000002   PAD
    0x08001aa0   0x08001aa0   0x00000002   Code   RO           44    .text.TIM3_IRQHandler  n32g4fr_it.o
    0x08001aa2   0x08001aa2   0x00000002   PAD
    0x08001aa4   0x08001aa4   0x00000014   Code   RO         1329    .text.TIM_ClrIntPendingBit  n32g4fr_tim.o
    0x08001ab8   0x08001ab8   0x0000002c   Code   RO         1203    .text.TIM_ConfigArPreload  n32g4fr_tim.o
    0x08001ae4   0x08001ae4   0x00000034   Code   RO         1163    .text.TIM_ConfigInt  n32g4fr_tim.o
    0x08001b18   0x08001b18   0x0000003c   Code   RO         1215    .text.TIM_ConfigOc3Preload  n32g4fr_tim.o
    0x08001b54   0x08001b54   0x0000003e   Code   RO         1217    .text.TIM_ConfigOc4Preload  n32g4fr_tim.o
    0x08001b92   0x08001b92   0x00000002   PAD
    0x08001b94   0x08001b94   0x0000002c   Code   RO         1159    .text.TIM_Enable    n32g4fr_tim.o
    0x08001bc0   0x08001bc0   0x00000034   Code   RO         1161    .text.TIM_EnableCtrlPwmOutputs  n32g4fr_tim.o
    0x08001bf4   0x08001bf4   0x00000048   Code   RO         1327    .text.TIM_GetIntStatus  n32g4fr_tim.o
    0x08001c3c   0x08001c3c   0x00000106   Code   RO         1121    .text.TIM_InitOc3   n32g4fr_tim.o
    0x08001d42   0x08001d42   0x00000002   PAD
    0x08001d44   0x08001d44   0x000000ce   Code   RO         1123    .text.TIM_InitOc4   n32g4fr_tim.o
    0x08001e12   0x08001e12   0x00000002   PAD
    0x08001e14   0x08001e14   0x000002f4   Code   RO         1115    .text.TIM_InitTimeBase  n32g4fr_tim.o
    0x08002108   0x08002108   0x00000016   Code   RO         1542    .text.Timera_Config  timera_pwm.o
    0x0800211e   0x0800211e   0x00000002   PAD
    0x08002120   0x08002120   0x00000036   Code   RO           46    .text.USART3_IRQHandler  n32g4fr_it.o
    0x08002156   0x08002156   0x00000002   PAD
    0x08002158   0x08002158   0x00000092   Code   RO         1377    .text.USART_ConfigInt  n32g4fr_usart.o
    0x080021ea   0x080021ea   0x00000002   PAD
    0x080021ec   0x080021ec   0x0000002c   Code   RO         1375    .text.USART_Enable  n32g4fr_usart.o
    0x08002218   0x08002218   0x00000044   Code   RO         1411    .text.USART_GetFlagStatus  n32g4fr_usart.o
    0x0800225c   0x0800225c   0x000000b0   Code   RO         1415    .text.USART_GetIntStatus  n32g4fr_usart.o
    0x0800230c   0x0800230c   0x00000124   Code   RO         1367    .text.USART_Init    n32g4fr_usart.o
    0x08002430   0x08002430   0x00000010   Code   RO         1393    .text.USART_ReceiveData  n32g4fr_usart.o
    0x08002440   0x08002440   0x00000018   Code   RO         1391    .text.USART_SendData  n32g4fr_usart.o
    0x08002458   0x08002458   0x00000004   Code   RO           32    .text.UsageFault_Handler  n32g4fr_it.o
    0x0800245c   0x0800245c   0x00000042   Code   RO          128    .text.__NVIC_SetPriority  app.o
    0x0800249e   0x0800249e   0x00000002   PAD
    0x080024a0   0x080024a0   0x00000032   Code   RO         1624    .text.accumulate_data  distance_measure.o
    0x080024d2   0x080024d2   0x00000002   PAD
    0x080024d4   0x080024d4   0x00000024   Code   RO         1754    .text.all_data_update  protocol.o
    0x080024f8   0x080024f8   0x00000104   Code   RO           67    .text.alloc_mem     memalloc.o
    0x080025fc   0x080025fc   0x00000092   Code   RO         1583    .text.alphabeta_filter  alphabeta_filter.o
    0x0800268e   0x0800268e   0x00000002   PAD
    0x08002690   0x08002690   0x0000016e   Code   RO         1591    .text.apfft         apfft.o
    0x080027fe   0x080027fe   0x00000002   PAD
    0x08002800   0x08002800   0x00000040   Code   RO          142    .text.app           app.o
    0x08002840   0x08002840   0x0000005c   Code   RO         1482    .text.arctan        math_fp.o
    0x0800289c   0x0800289c   0x00000136   Code   RO         1484    .text.arctan2       math_fp.o
    0x080029d2   0x080029d2   0x00000002   PAD
    0x080029d4   0x080029d4   0x00000206   Code   RO         1493    .text.arm_absmax_q31  arm_absmax_q31.o
    0x08002bda   0x08002bda   0x00000002   PAD
    0x08002bdc   0x08002bdc   0x00000044   Code   RO         2160    .text.arm_bitreversal_32  arm_cortexM4lf_math.lib(arm_bitreversal2.o)
    0x08002c20   0x08002c20   0x000000d6   Code   RO         1949    .text.arm_cfft_q31  arm_cortexM4lf_math.lib(arm_cfft_q31.o)
    0x08002cf6   0x08002cf6   0x00000002   PAD
    0x08002cf8   0x08002cf8   0x00000108   Code   RO         1951    .text.arm_cfft_radix4by2_inverse_q31  arm_cortexM4lf_math.lib(arm_cfft_q31.o)
    0x08002e00   0x08002e00   0x0000011c   Code   RO         1953    .text.arm_cfft_radix4by2_q31  arm_cortexM4lf_math.lib(arm_cfft_q31.o)
    0x08002f1c   0x08002f1c   0x000000c2   Code   RO         1862    .text.arm_cmplx_mag_q31  arm_cortexM4lf_math.lib(arm_cmplx_mag_q31.o)
    0x08002fde   0x08002fde   0x00000002   PAD
    0x08002fe0   0x08002fe0   0x00000052   Code   RO         1913    .text.arm_mean_q15  arm_cortexM4lf_math.lib(arm_mean_q15.o)
    0x08003032   0x08003032   0x00000002   PAD
    0x08003034   0x08003034   0x0000007a   Code   RO         1922    .text.arm_mean_q31  arm_cortexM4lf_math.lib(arm_mean_q31.o)
    0x080030ae   0x080030ae   0x00000002   PAD
    0x080030b0   0x080030b0   0x0000004e   Code   RO         1853    .text.arm_offset_q15  arm_cortexM4lf_math.lib(arm_offset_q15.o)
    0x080030fe   0x080030fe   0x00000002   PAD
    0x08003100   0x08003100   0x000003d6   Code   RO         2174    .text.arm_radix4_butterfly_inverse_q31  arm_cortexM4lf_math.lib(arm_cfft_radix4_q31.o)
    0x080034d6   0x080034d6   0x00000002   PAD
    0x080034d8   0x080034d8   0x000003ce   Code   RO         2176    .text.arm_radix4_butterfly_q31  arm_cortexM4lf_math.lib(arm_cfft_radix4_q31.o)
    0x080038a6   0x080038a6   0x000000d4   Code   RO         1890    .text.arm_rfft_init_q31  arm_cortexM4lf_math.lib(arm_rfft_init_q31.o)
    0x0800397a   0x0800397a   0x00000002   PAD
    0x0800397c   0x0800397c   0x00000076   Code   RO         1899    .text.arm_rfft_q31  arm_cortexM4lf_math.lib(arm_rfft_q31.o)
    0x080039f2   0x080039f2   0x00000002   PAD
    0x080039f4   0x080039f4   0x00000112   Code   RO         1903    .text.arm_split_rfft_q31  arm_cortexM4lf_math.lib(arm_rfft_q31.o)
    0x08003b06   0x08003b06   0x00000002   PAD
    0x08003b08   0x08003b08   0x00000084   Code   RO         1901    .text.arm_split_rifft_q31  arm_cortexM4lf_math.lib(arm_rfft_q31.o)
    0x08003b8c   0x08003b8c   0x000000f4   Code   RO         1940    .text.arm_sqrt_q31  arm_cortexM4lf_math.lib(arm_sqrt_q31.o)
    0x08003c80   0x08003c80   0x000000f8   Code   RO         1931    .text.arm_std_q31   arm_cortexM4lf_math.lib(arm_std_q31.o)
    0x08003d78   0x08003d78   0x00000016   Code   RO         1768    .text.bt_close_timer_result  protocol.o
    0x08003d8e   0x08003d8e   0x00000002   PAD
    0x08003d90   0x08003d90   0x00000016   Code   RO         1780    .text.bt_disconnect_result  protocol.o
    0x08003da6   0x08003da6   0x00000002   PAD
    0x08003da8   0x08003da8   0x00000016   Code   RO         1772    .text.bt_enable_lowpoer_result  protocol.o
    0x08003dbe   0x08003dbe   0x00000002   PAD
    0x08003dc0   0x08003dc0   0x00000002   Code   RO         1784    .text.bt_factor_reset_notify  protocol.o
    0x08003dc2   0x08003dc2   0x00000002   PAD
    0x08003dc4   0x08003dc4   0x00000016   Code   RO         1764    .text.bt_modify_adv_interval_result  protocol.o
    0x08003dda   0x08003dda   0x00000002   PAD
    0x08003ddc   0x08003ddc   0x0000002a   Code   RO         1738    .text.bt_protocol_init  mcu_api.o
    0x08003e06   0x08003e06   0x00000002   PAD
    0x08003e08   0x08003e08   0x00000016   Code   RO         1776    .text.bt_send_one_time_password_token_result  protocol.o
    0x08003e1e   0x08003e1e   0x00000002   PAD
    0x08003e20   0x08003e20   0x00000090   Code   RO         1734    .text.bt_uart_service  mcu_api.o
    0x08003eb0   0x08003eb0   0x0000003e   Code   RO         1817    .text.bt_uart_write_data  system.o
    0x08003eee   0x08003eee   0x00000002   PAD
    0x08003ef0   0x08003ef0   0x00000070   Code   RO         1815    .text.bt_uart_write_frame  system.o
    0x08003f60   0x08003f60   0x00000044   Code   RO         1607    .text.cal_q_q31     corrcoef.o
    0x08003fa4   0x08003fa4   0x00000044   Code   RO         1671    .text.cal_q_q31     micromotion_detection.o
    0x08003fe8   0x08003fe8   0x0000006e   Code   RO         1667    .text.cfar_ca       micromotion_detection.o
    0x08004056   0x08004056   0x00000002   PAD
    0x08004058   0x08004058   0x00000056   Code   RO          134    .text.close_process  app.o
    0x080040ae   0x080040ae   0x00000002   PAD
    0x080040b0   0x080040b0   0x0000015c   Code   RO         1605    .text.corrcoef_q31  corrcoef.o
    0x0800420c   0x0800420c   0x0000025e   Code   RO         1819    .text.data_handle   system.o
    0x0800446a   0x0800446a   0x00000002   PAD
    0x0800446c   0x0800446c   0x00000086   Code   RO         1827    .text.data_point_handle  system.o
    0x080044f2   0x080044f2   0x00000002   PAD
    0x080044f4   0x080044f4   0x00000166   Code   RO         1756    .text.dp_download_handle  protocol.o
    0x0800465a   0x0800465a   0x00000002   PAD
    0x0800465c   0x0800465c   0x00000012   Code   RO         1538    .text.enable_timer_pwm  timera_pwm.o
    0x0800466e   0x0800466e   0x00000002   PAD
    0x08004670   0x08004670   0x00000076   Code   RO         1681    .text.find_max_peak  vd_calculation.o
    0x080046e6   0x080046e6   0x00000002   PAD
    0x080046e8   0x080046e8   0x00000060   Code   RO           69    .text.free_mem      memalloc.o
    0x08004748   0x08004748   0x0000004a   Code   RO         1813    .text.get_check_sum  system.o
    0x08004792   0x08004792   0x00000002   PAD
    0x08004794   0x08004794   0x00000058   Code   RO         1833    .text.get_dowmload_dpid_index  system.o
    0x080047ec   0x080047ec   0x00000004   Code   RO         1758    .text.get_download_cmd_total  protocol.o
    0x080047f0   0x080047f0   0x00000018   Code   RO         1825    .text.get_mcu_bt_mode  system.o
    0x08004808   0x08004808   0x00000034   Code   RO         1829    .text.get_queue_total_data  system.o
    0x0800483c   0x0800483c   0x0000001c   Code   RO         1570    .text.get_sample_data  adc.o
    0x08004858   0x08004858   0x00000002   Code   RO         1501    .text.gpio_init     gpio.o
    0x0800485a   0x0800485a   0x00000002   PAD
    0x0800485c   0x0800485c   0x00000052   Code   RO         1821    .text.heat_beat_check  system.o
    0x080048ae   0x080048ae   0x00000002   PAD
    0x080048b0   0x080048b0   0x00000188   Code   RO          140    .text.idle_process  app.o
    0x08004a38   0x08004a38   0x0000004a   Code   RO           65    .text.init_mem      memalloc.o
    0x08004a82   0x08004a82   0x00000002   PAD
    0x08004a84   0x08004a84   0x00000020   Code   RO         1560    .text.init_pin      adc.o
    0x08004aa4   0x08004aa4   0x000000be   Code   RO         1536    .text.init_timer    timera_pwm.o
    0x08004b62   0x08004b62   0x00000002   PAD
    0x08004b64   0x08004b64   0x00000106   Code   RO         1534    .text.init_timer_pin  timera_pwm.o
    0x08004c6a   0x08004c6a   0x00000002   PAD
    0x08004c6c   0x08004c6c   0x00000016   Code   RO          100    .text.is_data_available  main.o
    0x08004c82   0x08004c82   0x00000002   PAD
    0x08004c84   0x08004c84   0x00000034   Code   RO          136    .text.leave_s0      app.o
    0x08004cb8   0x08004cb8   0x0000004c   Code   RO          138    .text.leave_s1      app.o
    0x08004d04   0x08004d04   0x00000036   Code   RO         1509    .text.led_init      led.o
    0x08004d3a   0x08004d3a   0x00000002   PAD
    0x08004d3c   0x08004d3c   0x00000120   Code   RO           98    .text.main          main.o
    0x08004e5c   0x08004e5c   0x00000290   Code   RO         1736    .text.mcu_common_uart_data_unpack  mcu_api.o
    0x080050ec   0x080050ec   0x000000bc   Code   RO         1718    .text.mcu_dp_value_update  mcu_api.o
    0x080051a8   0x080051a8   0x0000015c   Code   RO         1626    .text.measure_distance  distance_measure.o
    0x08005304   0x08005304   0x000001ae   Code   RO         1669    .text.micromotion_detection  micromotion_detection.o
    0x080054b2   0x080054b2   0x00000002   PAD
    0x080054b4   0x080054b4   0x000000ae   Code   RO         1698    .text.my_memcpy     mcu_api.o
    0x08005562   0x08005562   0x00000002   PAD
    0x08005564   0x08005564   0x00000046   Code   RO         1696    .text.my_memset     mcu_api.o
    0x080055aa   0x080055aa   0x00000002   PAD
    0x080055ac   0x080055ac   0x0000003a   Code   RO         1694    .text.my_strlen     mcu_api.o
    0x080055e6   0x080055e6   0x00000002   PAD
    0x080055e8   0x080055e8   0x00000060   Code   RO         1823    .text.product_info_update  system.o
    0x08005648   0x08005648   0x00000032   Code   RO           88    .text.ring_buf_empty  ringbuffer.o
    0x0800567a   0x0800567a   0x00000002   PAD
    0x0800567c   0x0800567c   0x00000032   Code   RO          102    .text.ring_buf_empty  main.o
    0x080056ae   0x080056ae   0x00000002   PAD
    0x080056b0   0x080056b0   0x000000a4   Code   RO           86    .text.ring_buffer_get  ringbuffer.o
    0x08005754   0x08005754   0x00000042   Code   RO         1811    .text.set_bt_uart_buffer  system.o
    0x08005796   0x08005796   0x00000002   PAD
    0x08005798   0x08005798   0x00000036   Code   RO         1809    .text.set_bt_uart_byte  system.o
    0x080057ce   0x080057ce   0x00000002   PAD
    0x080057d0   0x080057d0   0x00000012   Code   RO         1540    .text.start_timer   timera_pwm.o
    0x080057e2   0x080057e2   0x00000002   PAD
    0x080057e4   0x080057e4   0x00000016   Code   RO          126    .text.tick_init     app.o
    0x080057fa   0x080057fa   0x00000002   PAD
    0x080057fc   0x080057fc   0x000000be   Code   RO         1732    .text.uart_receive_input  mcu_api.o
    0x080058ba   0x080058ba   0x00000002   PAD
    0x080058bc   0x080058bc   0x00000032   Code   RO         1752    .text.uart_transmit_output  protocol.o
    0x080058ee   0x080058ee   0x00000002   PAD
    0x080058f0   0x080058f0   0x0000004c   Code   RO         1552    .text.usart_init    usart.o
    0x0800593c   0x0800593c   0x00000354   Code   RO         1683    .text.vd_calculation  vd_calculation.o
    0x08005c90   0x08005c90   0x00000020   Code   RO         2245    i.__0printf         mc_w.l(printfa.o)
    0x08005cb0   0x08005cb0   0x0000000e   Code   RO         2331    i.__scatterload_copy  mc_w.l(handlers.o)
    0x08005cbe   0x08005cbe   0x00000002   Code   RO         2332    i.__scatterload_null  mc_w.l(handlers.o)
    0x08005cc0   0x08005cc0   0x0000000e   Code   RO         2333    i.__scatterload_zeroinit  mc_w.l(handlers.o)
    0x08005cce   0x08005cce   0x00000002   PAD
    0x08005cd0   0x08005cd0   0x00000184   Code   RO         2252    i._fp_digits        mc_w.l(printfa.o)
    0x08005e54   0x08005e54   0x000006dc   Code   RO         2253    i._printf_core      mc_w.l(printfa.o)
    0x08006530   0x08006530   0x00000024   Code   RO         2254    i._printf_post_padding  mc_w.l(printfa.o)
    0x08006554   0x08006554   0x0000002e   Code   RO         2255    i._printf_pre_padding  mc_w.l(printfa.o)
    0x08006582   0x08006582   0x00000012   Code   RO         2290    i.fputc             mc_w.l(fputc.o)
    0x08006594   0x08006594   0x000007c0   Data   RO         2024    .rodata.armBitRevIndexTable_fixed_1024  arm_cortexM4lf_math.lib(arm_common_tables.o)
    0x08006d54   0x08006d54   0x000000e0   Data   RO         2021    .rodata.armBitRevIndexTable_fixed_128  arm_cortexM4lf_math.lib(arm_common_tables.o)
    0x08006e34   0x08006e34   0x00000018   Data   RO         2018    .rodata.armBitRevIndexTable_fixed_16  arm_cortexM4lf_math.lib(arm_common_tables.o)
    0x08006e4c   0x08006e4c   0x00000f80   Data   RO         2025    .rodata.armBitRevIndexTable_fixed_2048  arm_cortexM4lf_math.lib(arm_common_tables.o)
    0x08007dcc   0x08007dcc   0x000001e0   Data   RO         2022    .rodata.armBitRevIndexTable_fixed_256  arm_cortexM4lf_math.lib(arm_common_tables.o)
    0x08007fac   0x08007fac   0x00000030   Data   RO         2019    .rodata.armBitRevIndexTable_fixed_32  arm_cortexM4lf_math.lib(arm_common_tables.o)
    0x08007fdc   0x08007fdc   0x00001f80   Data   RO         2026    .rodata.armBitRevIndexTable_fixed_4096  arm_cortexM4lf_math.lib(arm_common_tables.o)
    0x08009f5c   0x08009f5c   0x000003c0   Data   RO         2023    .rodata.armBitRevIndexTable_fixed_512  arm_cortexM4lf_math.lib(arm_common_tables.o)
    0x0800a31c   0x0800a31c   0x00000070   Data   RO         2020    .rodata.armBitRevIndexTable_fixed_64  arm_cortexM4lf_math.lib(arm_common_tables.o)
    0x0800a38c   0x0800a38c   0x00000010   Data   RO         2107    .rodata.arm_cfft_sR_q31_len1024  arm_cortexM4lf_math.lib(arm_const_structs.o)
    0x0800a39c   0x0800a39c   0x00000010   Data   RO         2104    .rodata.arm_cfft_sR_q31_len128  arm_cortexM4lf_math.lib(arm_const_structs.o)
    0x0800a3ac   0x0800a3ac   0x00000010   Data   RO         2101    .rodata.arm_cfft_sR_q31_len16  arm_cortexM4lf_math.lib(arm_const_structs.o)
    0x0800a3bc   0x0800a3bc   0x00000010   Data   RO         2108    .rodata.arm_cfft_sR_q31_len2048  arm_cortexM4lf_math.lib(arm_const_structs.o)
    0x0800a3cc   0x0800a3cc   0x00000010   Data   RO         2105    .rodata.arm_cfft_sR_q31_len256  arm_cortexM4lf_math.lib(arm_const_structs.o)
    0x0800a3dc   0x0800a3dc   0x00000010   Data   RO         2102    .rodata.arm_cfft_sR_q31_len32  arm_cortexM4lf_math.lib(arm_const_structs.o)
    0x0800a3ec   0x0800a3ec   0x00000010   Data   RO         2109    .rodata.arm_cfft_sR_q31_len4096  arm_cortexM4lf_math.lib(arm_const_structs.o)
    0x0800a3fc   0x0800a3fc   0x00000010   Data   RO         2106    .rodata.arm_cfft_sR_q31_len512  arm_cortexM4lf_math.lib(arm_const_structs.o)
    0x0800a40c   0x0800a40c   0x00000010   Data   RO         2103    .rodata.arm_cfft_sR_q31_len64  arm_cortexM4lf_math.lib(arm_const_structs.o)
    0x0800a41c   0x0800a41c   0x00000008   Data   RO         1673    .rodata.cfar_param  micromotion_detection.o
    0x0800a424   0x0800a424   0x0000000e   Data   RO         1800    .rodata.download_cmd  protocol.o
    0x0800a432   0x0800a432   0x00000800   Data   RO         1649    .rodata.freq_linspace  freq_linspace.o
    0x0800ac32   0x0800ac32   0x00000800   Data   RO         1655    .rodata.hamming_TAB512  hamming.o
    0x0800b432   0x0800b432   0x00000002   PAD
    0x0800b434   0x0800b434   0x000007fc   Data   RO         1661    .rodata.hanning_conv_TAB511  hanning_conv.o
    0x0800bc30   0x0800bc30   0x00008000   Data   RO         2045    .rodata.realCoefAQ31  arm_cortexM4lf_math.lib(arm_common_tables.o)
    0x08013c30   0x08013c30   0x00008000   Data   RO         2046    .rodata.realCoefBQ31  arm_cortexM4lf_math.lib(arm_common_tables.o)
    0x0801bc30   0x0801bc30   0x00000010   Data   RO          887    .rodata.s_AdcHclkPresTable  n32g4fr_rcc.o
    0x0801bc40   0x0801bc40   0x00000020   Data   RO          888    .rodata.s_AdcPllClkPresTable  n32g4fr_rcc.o
    0x0801bc60   0x0801bc60   0x00000010   Data   RO          886    .rodata.s_ApbAhbPresTable  n32g4fr_rcc.o
    0x0801bc70   0x0801bc70   0x0000001c   Data   RO           74    .rodata.str1.1      memalloc.o
    0x0801bc8c   0x0801bc8c   0x0000001a   Data   RO           90    .rodata.str1.1      ringbuffer.o
    0x0801bca6   0x0801bca6   0x00000023   Data   RO          111    .rodata.str1.1      main.o
    0x0801bcc9   0x0801bcc9   0x00000033   Data   RO         1544    .rodata.str1.1      timera_pwm.o
    0x0801bcfc   0x0801bcfc   0x0000000f   Data   RO         1845    .rodata.str1.1      system.o
    0x0801bd0b   0x0801bd0b   0x00000001   PAD
    0x0801bd0c   0x0801bd0c   0x00001800   Data   RO         1988    .rodata.twiddleCoef_1024_q31  arm_cortexM4lf_math.lib(arm_common_tables.o)
    0x0801d50c   0x0801d50c   0x00000300   Data   RO         1985    .rodata.twiddleCoef_128_q31  arm_cortexM4lf_math.lib(arm_common_tables.o)
    0x0801d80c   0x0801d80c   0x00000060   Data   RO         1982    .rodata.twiddleCoef_16_q31  arm_cortexM4lf_math.lib(arm_common_tables.o)
    0x0801d86c   0x0801d86c   0x00003000   Data   RO         1989    .rodata.twiddleCoef_2048_q31  arm_cortexM4lf_math.lib(arm_common_tables.o)
    0x0802086c   0x0802086c   0x00000600   Data   RO         1986    .rodata.twiddleCoef_256_q31  arm_cortexM4lf_math.lib(arm_common_tables.o)
    0x08020e6c   0x08020e6c   0x000000c0   Data   RO         1983    .rodata.twiddleCoef_32_q31  arm_cortexM4lf_math.lib(arm_common_tables.o)
    0x08020f2c   0x08020f2c   0x00006000   Data   RO         1990    .rodata.twiddleCoef_4096_q31  arm_cortexM4lf_math.lib(arm_common_tables.o)
    0x08026f2c   0x08026f2c   0x00000c00   Data   RO         1987    .rodata.twiddleCoef_512_q31  arm_cortexM4lf_math.lib(arm_common_tables.o)
    0x08027b2c   0x08027b2c   0x00000180   Data   RO         1984    .rodata.twiddleCoef_64_q31  arm_cortexM4lf_math.lib(arm_common_tables.o)
    0x08027cac   0x08027cac   0x00000004   Data   RO          104    .rodata.version_num  main.o
    0x08027cb0   0x08027cb0   0x00000020   Data   RO         2330    Region$$Table       anon$$obj.o


    Execution Region RW_IRAM1 (Exec base: 0x20000000, Load base: 0x08027cd0, Size: 0x00009620, Max: 0x00020000, ABSOLUTE)

    Exec Addr    Load Addr    Size         Type   Attr      Idx    E Section Name        Object

    0x20000000   0x08027cd0   0x00000004   Data   RW         2294    .data               mc_w.l(stdout.o)
    0x20000004   0x08027cd4   0x00000004   Data   RW            8    .data.SystemCoreClock  system_n32g4fr.o
    0x20000008   0x08027cd8   0x00000014   Data   RW          105    .data.measure_th    main.o
    0x2000001c   0x08027cec   0x0000000c   Data   RW         1573    .data.ring_buffer   adc.o
    0x20000028        -       0x00000002   Zero   RW         1742    .bss.UART_RX_Count  mcu_api.o
    0x2000002a        -       0x00000017   Zero   RW         1841    .bss.bt_queue_buf   system.o
    0x20000041        -       0x00000087   Zero   RW         1836    .bss.bt_uart_rx_buf  system.o
    0x200000c8        -       0x00000003   Zero   RW         1741    .bss.bt_uart_rx_buf_temp  mcu_api.o
    0x200000cb   0x08027cf8   0x00000001   PAD
    0x200000cc        -       0x00000002   Zero   RW         1740    .bss.bt_uart_service.rx_in  mcu_api.o
    0x200000ce        -       0x00000207   Zero   RW         1835    .bss.bt_uart_tx_buf  system.o
    0x200002d5        -       0x00000001   Zero   RW         1837    .bss.bt_work_state  system.o
    0x200002d6   0x08027cf8   0x00000002   PAD
    0x200002d8        -       0x00000800   Zero   RW         1572    .bss.buffer         adc.o
    0x20000ad8        -       0x000000f0   Zero   RW           72    .bss.chunks         memalloc.o
    0x20000bc8        -       0x00000001   Zero   RW         1743    .bss.current_uart_rev_state_type  mcu_api.o
    0x20000bc9   0x08027cf8   0x00000001   PAD
    0x20000bca        -       0x00000200   Zero   RW          110    .bss.data_buf       main.o
    0x20000dca        -       0x00000400   Zero   RW         1629    .bss.data_cumulation_1  distance_measure.o
    0x200011ca        -       0x00000400   Zero   RW         1630    .bss.data_cumulation_2  distance_measure.o
    0x200015ca   0x08027cf8   0x00000002   PAD
    0x200015cc        -       0x00000004   Zero   RW          147    .bss.diff_tick      app.o
    0x200015d0        -       0x00000004   Zero   RW          107    .bss.distance_f     main.o
    0x200015d4        -       0x00000002   Zero   RW           57    .bss.g_light_adc_value  n32g4fr_it.o
    0x200015d6        -       0x00000002   Zero   RW           56    .bss.g_radar_if_adc_value  n32g4fr_it.o
    0x200015d8        -       0x00000001   Zero   RW         1844    .bss.heat_beat_check.mcu_reset_state  system.o
    0x200015d9   0x08027cf8   0x00000003   PAD
    0x200015dc        -       0x00000004   Zero   RW          148    .bss.leave_en       app.o
    0x200015e0        -       0x00000004   Zero   RW          150    .bss.m_u32TickCount  app.o
    0x200015e4        -       0x00000004   Zero   RW          149    .bss.m_u32TickStep  app.o
    0x200015e8        -       0x00000004   Zero   RW          109    .bss.mag_f          main.o
    0x200015ec        -       0x00000004   Zero   RW         1628    .bss.measure_distance.data_index  distance_measure.o
    0x200015f0        -       0x00000004   Zero   RW          146    .bss.now_tick       app.o
    0x200015f4        -       0x00000004   Zero   RW         1839    .bss.queue_in       system.o
    0x200015f8        -       0x00000004   Zero   RW         1840    .bss.queue_out      system.o
    0x200015fc        -       0x00007800   Zero   RW           71    .bss.reserved_mem   memalloc.o
    0x20008dfc        -       0x00000001   Zero   RW         1838    .bss.reset_bt_flag  system.o
    0x20008dfd   0x08027cf8   0x00000003   PAD
    0x20008e00        -       0x00000004   Zero   RW          108    .bss.speed_f        main.o
    0x20008e04        -       0x00000004   Zero   RW          145    .bss.start_tick     app.o
    0x20008e08        -       0x00000004   Zero   RW          106    .bss.state          main.o
    0x20008e0c        -       0x00000001   Zero   RW         1842    .bss.stop_update_flag  system.o
    0x20008e0d   0x08027cf8   0x00000003   PAD
    0x20008e10        -       0x00000004   Zero   RW           73    .bss.total          memalloc.o
    0x20008e14        -       0x00000002   Zero   RW         1744    .bss.uart_data_len  mcu_api.o
    0x20008e16   0x08027cf8   0x00000002   PAD
    0x20008e18        -       0x00000008   Zero   RW         1801    .bss.updata_data    protocol.o
    0x20008e20        -       0x00000800   Zero   RW           16    STACK               startup_n32g4fr.o


==============================================================================

Image component sizes


      Code (inc. data)   RO Data    RW Data    ZI Data      Debug   Object Name

       582          0          0         12       2048       3941   adc.o
       146          0          0          0          0       1208   alphabeta_filter.o
       366          0          0          0          0       1763   apfft.o
       918         12          0          0         24       5823   app.o
       518          0          0          0          0       1930   arm_absmax_q31.o
       416          0          0          0          0       1692   corrcoef.o
       398          0          0          0       2052       1621   distance_measure.o
         0          0       2048          0          0        565   freq_linspace.o
         2          0          0          0          0        354   gpio.o
         0          0       2048          0          0        554   hamming.o
         0          0       2044          0          0        567   hanning_conv.o
        54          0          0          0          0       1613   led.o
       360          4         39         20        528       2065   main.o
       402          0          0          0          0       1269   math_fp.o
      1522          6          0          0         10       6616   mcu_api.o
       430          0         28          0      30964       1593   memalloc.o
       608          0          8          0          0       2847   micromotion_detection.o
       170          0          0          0          0       2910   misc.o
       882          0          0          0          0      10178   n32g4fr_adc.o
       734          0          0          0          0       3905   n32g4fr_dma.o
       482          0          0          0          0       6248   n32g4fr_gpio.o
       204          0          0          0          4       3242   n32g4fr_it.o
       854          0         64          0          0       8694   n32g4fr_rcc.o
      1630          0          0          0          0      23640   n32g4fr_tim.o
       766          0          0          0          0       6792   n32g4fr_usart.o
       560         16         14          0          8       5241   protocol.o
       214          0         26          0          0       1627   ringbuffer.o
        36          8        408          0       2048        856   startup_n32g4fr.o
       126          0          0          0          0       1130   sysclk.o
      1554          0         15          0        689       3895   system.o
       532          0          0          4          0       2908   system_n32g4fr.o
       510          4         51          0          0       5897   timera_pwm.o
        76          0          0          0          0       1297   usart.o
       970          0          0          0          0       2971   vd_calculation.o

    ----------------------------------------------------------------------
     17152         50       6828         36      38392     127452   Object Totals
         0          0         32          0          0          0   (incl. Generated)
       130          0          3          0         17          0   (incl. Padding)

    ----------------------------------------------------------------------

      Code (inc. data)   RO Data    RW Data    ZI Data      Debug   Library Member Name

        68          0          0          0          0       1792   arm_bitreversal2.o
       762          0          0          0          0       3279   arm_cfft_q31.o
      1956          0          0          0          0       7914   arm_cfft_radix4_q31.o
       194          0          0          0          0       1363   arm_cmplx_mag_q31.o
         0          0     130456          0          0       6294   arm_common_tables.o
         0          0        144          0          0       4820   arm_const_structs.o
        82          0          0          0          0       1313   arm_mean_q15.o
       122          0          0          0          0       1150   arm_mean_q31.o
        78          0          0          0          0       1584   arm_offset_q15.o
       212          0          0          0          0       1711   arm_rfft_init_q31.o
       524          0          0          0          0       3339   arm_rfft_q31.o
       244          8          0          0          0       2022   arm_sqrt_q31.o
       248          0          0          0          0       1688   arm_std_q31.o
         0          0          0          0          0          0   entry.o
         0          0          0          0          0          0   entry10a.o
         0          0          0          0          0          0   entry11a.o
         8          4          0          0          0          0   entry2.o
         4          0          0          0          0          0   entry5.o
         0          0          0          0          0          0   entry7b.o
         0          0          0          0          0          0   entry8b.o
         8          4          0          0          0          0   entry9a.o
        18          0          0          0          0         80   fputc.o
        30          0          0          0          0          0   handlers.o
        36          8          0          0          0         68   init.o
         0          0          0          0          0          0   iusefp.o
         0          0          0          0          0          0   iusesemip.o
        98          0          0          0          0         84   ldiv.o
        30          0          0          0          0         68   llshl.o
        36          0          0          0          0         68   llsshr.o
        32          0          0          0          0         68   llushr.o
        64          0          0          0          0         76   memmovea.o
      2258         90          0          0          0        452   printfa.o
         0          0          0          0          0          0   semi.o
         8          0          0          0          0         68   siabs.o
         0          0          0          4          0          0   stdout.o
        44          0          0          0          0         80   uidiv.o
        98          0          0          0          0         92   uldiv.o
        48          0          0          0          0         68   cdrcmple.o
       334          0          0          0          0        148   dadd.o
        54          0          0          0          0         80   dcmple.o
       222          0          0          0          0        100   ddiv.o
       186          0          0          0          0        176   depilogue.o
        48          0          0          0          0         68   dfixul.o
       228          0          0          0          0         96   dmul.o
        38          0          0          0          0         68   f2d.o

    ----------------------------------------------------------------------
      8444        114     130600          4          0      40277   Library Totals
        24          0          0          0          0          0   (incl. Padding)

    ----------------------------------------------------------------------

      Code (inc. data)   RO Data    RW Data    ZI Data      Debug   Library Name

      4490          8     130600          0          0      38269   arm_cortexM4lf_math.lib
      2772        106          0          4          0       1204   mc_w.l
      1158          0          0          0          0        804   mf_w.l

    ----------------------------------------------------------------------
      8444        114     130600          4          0      40277   Library Totals

    ----------------------------------------------------------------------

==============================================================================


      Code (inc. data)   RO Data    RW Data    ZI Data      Debug   

     25596        164     137428         40      38392     166205   Grand Totals
     25596        164     137428         40      38392     166205   ELF Image Totals
     25596        164     137428         40          0          0   ROM Totals

==============================================================================

    Total RO  Size (Code + RO Data)               163024 ( 159.20kB)
    Total RW  Size (RW Data + ZI Data)             38432 (  37.53kB)
    Total ROM Size (Code + RO Data + RW Data)     163064 ( 159.24kB)

==============================================================================

