Component: ARM Compiler 6.16 Tool: armlink [5dfeaa00]

==============================================================================

Image Symbol Table

    Local Symbols

    Symbol Name                              Value     Ov Type        Size  Object(Section)

    ../clib/division.s                       0x00000000   Number         0  aeabi_sdiv.o ABSOLUTE
    ../clib/microlib/ctype/ctype.c           0x00000000   Number         0  ctype_o.o ABSOLUTE
    ../clib/microlib/ctype/ctype.c           0x00000000   Number         0  isalnum_o.o ABSOLUTE
    ../clib/microlib/ctype/ctype.c           0x00000000   Number         0  isalpha_o.o ABSOLUTE
    ../clib/microlib/ctype/ctype.c           0x00000000   Number         0  isblank_o.o ABSOLUTE
    ../clib/microlib/ctype/ctype.c           0x00000000   Number         0  iscntrl_o.o ABSOLUTE
    ../clib/microlib/ctype/ctype.c           0x00000000   Number         0  isdigit_o.o ABSOLUTE
    ../clib/microlib/ctype/ctype.c           0x00000000   Number         0  isgraph_o.o ABSOLUTE
    ../clib/microlib/ctype/ctype.c           0x00000000   Number         0  islower_o.o ABSOLUTE
    ../clib/microlib/ctype/ctype.c           0x00000000   Number         0  isprint_o.o ABSOLUTE
    ../clib/microlib/ctype/ctype.c           0x00000000   Number         0  ispunct_o.o ABSOLUTE
    ../clib/microlib/ctype/ctype.c           0x00000000   Number         0  isspace_o.o ABSOLUTE
    ../clib/microlib/ctype/ctype.c           0x00000000   Number         0  isupper_o.o ABSOLUTE
    ../clib/microlib/ctype/ctype.c           0x00000000   Number         0  isxdigit_o.o ABSOLUTE
    ../clib/microlib/division.c              0x00000000   Number         0  uldiv.o ABSOLUTE
    ../clib/microlib/division.c              0x00000000   Number         0  ldiv.o ABSOLUTE
    ../clib/microlib/division.c              0x00000000   Number         0  uidiv.o ABSOLUTE
    ../clib/microlib/init/entry.s            0x00000000   Number         0  entry.o ABSOLUTE
    ../clib/microlib/init/entry.s            0x00000000   Number         0  entry2.o ABSOLUTE
    ../clib/microlib/init/entry.s            0x00000000   Number         0  entry5.o ABSOLUTE
    ../clib/microlib/init/entry.s            0x00000000   Number         0  entry7a.o ABSOLUTE
    ../clib/microlib/init/entry.s            0x00000000   Number         0  entry7b.o ABSOLUTE
    ../clib/microlib/init/entry.s            0x00000000   Number         0  entry8a.o ABSOLUTE
    ../clib/microlib/init/entry.s            0x00000000   Number         0  entry8b.o ABSOLUTE
    ../clib/microlib/init/entry.s            0x00000000   Number         0  entry9a.o ABSOLUTE
    ../clib/microlib/init/entry.s            0x00000000   Number         0  entry9b.o ABSOLUTE
    ../clib/microlib/init/entry.s            0x00000000   Number         0  entry10a.o ABSOLUTE
    ../clib/microlib/init/entry.s            0x00000000   Number         0  entry10b.o ABSOLUTE
    ../clib/microlib/init/entry.s            0x00000000   Number         0  entry11a.o ABSOLUTE
    ../clib/microlib/init/entry.s            0x00000000   Number         0  entry11b.o ABSOLUTE
    ../clib/microlib/longlong.c              0x00000000   Number         0  llshl.o ABSOLUTE
    ../clib/microlib/longlong.c              0x00000000   Number         0  llushr.o ABSOLUTE
    ../clib/microlib/longlong.c              0x00000000   Number         0  llsshr.o ABSOLUTE
    ../clib/microlib/printf/printf.c         0x00000000   Number         0  printfa.o ABSOLUTE
    ../clib/microlib/stdio/streams.c         0x00000000   Number         0  stdout.o ABSOLUTE
    ../clib/microlib/stdlib/abs.c            0x00000000   Number         0  siabs.o ABSOLUTE
    ../clib/microlib/stdlib/abs.c            0x00000000   Number         0  ilabs.o ABSOLUTE
    ../clib/microlib/string/memcpy.c         0x00000000   Number         0  memcpya.o ABSOLUTE
    ../clib/microlib/string/memcpy.c         0x00000000   Number         0  memmovea.o ABSOLUTE
    ../clib/microlib/string/memcpy.c         0x00000000   Number         0  memcpyb.o ABSOLUTE
    ../clib/microlib/string/memcpy.c         0x00000000   Number         0  memmoveb.o ABSOLUTE
    ../clib/microlib/string/memset.c         0x00000000   Number         0  memseta.o ABSOLUTE
    ../clib/microlib/string/strcpy.c         0x00000000   Number         0  strcpy.o ABSOLUTE
    ../clib/microlib/string/strlen.c         0x00000000   Number         0  strlen.o ABSOLUTE
    ../clib/microlib/stubs.s                 0x00000000   Number         0  iusefp.o ABSOLUTE
    ../common/startup_n32g4fr.s              0x00000000   Number         0  startup_n32g4fr.o ABSOLUTE
    ../fplib/microlib/f2d.c                  0x00000000   Number         0  f2d.o ABSOLUTE
    ../fplib/microlib/fpadd.c                0x00000000   Number         0  dadd.o ABSOLUTE
    ../fplib/microlib/fpcmp.c                0x00000000   Number         0  dcmple.o ABSOLUTE
[...]
    [Anonymous Symbol]                       0x0801d368   Section        0  ringbuffer.o(.rodata.str1.1)
    .L.str                                   0x0801d375   Data          26  ringbuffer.o(.rodata.str1.1)
    .L.str.7                                 0x0801d38f   Data          29  main.o(.rodata.str1.1)
    [Anonymous Symbol]                       0x0801d38f   Section        0  main.o(.rodata.str1.1)
    .L.str.4                                 0x0801d3ac   Data          23  main.o(.rodata.str1.1)
    .L.str.1                                 0x0801d3c3   Data          54  main.o(.rodata.str1.1)
    .L.str.8                                 0x0801d3f9   Data          38  main.o(.rodata.str1.1)
    .L.str.6                                 0x0801d41f   Data           9  main.o(.rodata.str1.1)
    .L.str.5                                 0x0801d428   Data          12  main.o(.rodata.str1.1)
    .L.str                                   0x0801d434   Data          12  main.o(.rodata.str1.1)
    .L.str.3                                 0x0801d440   Data           5  main.o(.rodata.str1.1)
    .L.str.2                                 0x0801d445   Data           8  main.o(.rodata.str1.1)
    .L.str.2                                 0x0801d44d   Data          12  sysclk.o(.rodata.str1.1)
    [Anonymous Symbol]                       0x0801d44d   Section        0  sysclk.o(.rodata.str1.1)
    .L.str.3                                 0x0801d459   Data          12  sysclk.o(.rodata.str1.1)
    .L.str.4                                 0x0801d465   Data          15  sysclk.o(.rodata.str1.1)
    .L.str.1                                 0x0801d469   Data          11  sysclk.o(.rodata.str1.1)
    .L.str                                   0x0801d474   Data          13  sysclk.o(.rodata.str1.1)
    .L.str                                   0x0801d481   Data          18  timera_pwm.o(.rodata.str1.1)
    [Anonymous Symbol]                       0x0801d481   Section        0  timera_pwm.o(.rodata.str1.1)
    .L.str.1                                 0x0801d493   Data          18  timera_pwm.o(.rodata.str1.1)
    .L__func__.init_timer_pin                0x0801d4a5   Data          15  timera_pwm.o(.rodata.str1.1)
    .L.str.1                                 0x0801d4b4   Data           6  system.o(.rodata.str1.1)
    [Anonymous Symbol]                       0x0801d4b4   Section        0  system.o(.rodata.str1.1)
    .L.str                                   0x0801d4ba   Data           9  system.o(.rodata.str1.1)
    .L.str.2                                 0x0801d4c3   Data           7  segger_rtt.o(.rodata.str1.1)
    [Anonymous Symbol]                       0x0801d4c3   Section        0  segger_rtt.o(.rodata.str1.1)
    .L.str.1                                 0x0801d4ca   Data           4  segger_rtt.o(.rodata.str1.1)
    .L.str                                   0x0801d4ce   Data           9  segger_rtt.o(.rodata.str1.1)
    .data                                    0x20000000   Section        4  stdout.o(.data)
    DMA1_Channel8_IRQHandler.current_address 0x20000028   Data           4  n32g4fr_it.o(.bss.DMA1_Channel8_IRQHandler.current_address)
    [Anonymous Symbol]                       0x20000028   Section        0  n32g4fr_it.o(.bss.DMA1_Channel8_IRQHandler.current_address)
    DMA1_Channel8_IRQHandler.i               0x2000002c   Data           4  n32g4fr_it.o(.bss.DMA1_Channel8_IRQHandler.i)
    [Anonymous Symbol]                       0x2000002c   Section        0  n32g4fr_it.o(.bss.DMA1_Channel8_IRQHandler.i)
    TIM1_CC_IRQHandler.byte_offset_addr      0x20000030   Data           4  n32g4fr_it.o(.bss.TIM1_CC_IRQHandler.byte_offset_addr)
    [Anonymous Symbol]                       0x20000030   Section        0  n32g4fr_it.o(.bss.TIM1_CC_IRQHandler.byte_offset_addr)
    UART_RX_Count                            0x20000034   Data           2  mcu_api.o(.bss.UART_RX_Count)
    [Anonymous Symbol]                       0x20000034   Section        0  mcu_api.o(.bss.UART_RX_Count)
    _acDownBuffer                            0x200000e0   Data          16  segger_rtt.o(.bss._acDownBuffer)
    [Anonymous Symbol]                       0x200000e0   Section        0  segger_rtt.o(.bss._acDownBuffer)
    _acUpBuffer                              0x200000f0   Data        1024  segger_rtt.o(.bss._acUpBuffer)
    [Anonymous Symbol]                       0x200000f0   Section        0  segger_rtt.o(.bss._acUpBuffer)
    bt_uart_rx_buf_temp                      0x2000058e   Data           3  mcu_api.o(.bss.bt_uart_rx_buf_temp)
    [Anonymous Symbol]                       0x2000058e   Section        0  mcu_api.o(.bss.bt_uart_rx_buf_temp)
    bt_uart_service.rx_in                    0x20000592   Data           2  mcu_api.o(.bss.bt_uart_service.rx_in)
    [Anonymous Symbol]                       0x20000592   Section        0  mcu_api.o(.bss.bt_uart_service.rx_in)
    chunks                                   0x20000f9c   Data         240  memalloc.o(.bss.chunks)
    [Anonymous Symbol]                       0x20000f9c   Section        0  memalloc.o(.bss.chunks)
    current_uart_rev_state_type              0x2000108c   Data           1  mcu_api.o(.bss.current_uart_rev_state_type)
    [Anonymous Symbol]                       0x2000108c   Section        0  mcu_api.o(.bss.current_uart_rev_state_type)
    heat_beat_check.mcu_reset_state          0x20001a9c   Data           1  system.o(.bss.heat_beat_check.mcu_reset_state)
    [Anonymous Symbol]                       0x20001a9c   Section        0  system.o(.bss.heat_beat_check.mcu_reset_state)
    m_u32TickCount                           0x20005aa4   Data           4  app.o(.bss.m_u32TickCount)
    [Anonymous Symbol]                       0x20005aa4   Section        0  app.o(.bss.m_u32TickCount)
    m_u32TickStep                            0x20005aa8   Data           4  app.o(.bss.m_u32TickStep)
    [Anonymous Symbol]                       0x20005aa8   Section        0  app.o(.bss.m_u32TickStep)
    measure_distance.data_index              0x20005ab0   Data           4  distance_measure.o(.bss.measure_distance.data_index)
    [Anonymous Symbol]                       0x20005ab0   Section        0  distance_measure.o(.bss.measure_distance.data_index)
    reserved_mem                             0x20005ac4   Data       30720  memalloc.o(.bss.reserved_mem)
    [Anonymous Symbol]                       0x20005ac4   Section        0  memalloc.o(.bss.reserved_mem)
    total                                    0x2000d2d8   Data           4  memalloc.o(.bss.total)
    [Anonymous Symbol]                       0x2000d2d8   Section        0  memalloc.o(.bss.total)
    uart_data_len                            0x2000d2dc   Data           2  mcu_api.o(.bss.uart_data_len)
    [Anonymous Symbol]                       0x2000d2dc   Section        0  mcu_api.o(.bss.uart_data_len)
    STACK                                    0x2000d2e8   Section     2048  startup_n32g4fr.o(STACK)

    Global Symbols

    Symbol Name                              Value     Ov Type        Size  Object(Section)

    BuildAttributes$$THM_ISAv4$E$P$D$K$B$S$7EM$VFPi3$EXTD16$VFPS$VFMA$PE$A:L22UL41UL21$X:L11$S22US41US21$IEEE1$IW$~IW$USESV6$~STKCKD$USESV7$~SHL$OSPACE$ROPI$EBA8$MICROLIB$REQ8$PRES8$EABIv2 0x00000000   Number         0  anon$$obj.o ABSOLUTE
    __cpp_initialize__aeabi_                  - Undefined Weak Reference
    __cxa_finalize                            - Undefined Weak Reference
    __decompress                              - Undefined Weak Reference
    _clock_init                               - Undefined Weak Reference
    _microlib_exit                            - Undefined Weak Reference
    __Vectors_Size                           0x00000198   Number         0  startup_n32g4fr.o ABSOLUTE
    __Vectors                                0x08000000   Data           4  startup_n32g4fr.o(RESET)
    __Vectors_End                            0x08000198   Data           0  startup_n32g4fr.o(RESET)
    __main                                   0x08000199   Thumb Code     0  entry.o(.ARM.Collect$$$$00000000)
    _main_stk                                0x08000199   Thumb Code     0  entry2.o(.ARM.Collect$$$$00000001)
    _main_scatterload                        0x0800019d   Thumb Code     0  entry5.o(.ARM.Collect$$$$00000004)
    __main_after_scatterload                 0x080001a1   Thumb Code     0  entry5.o(.ARM.Collect$$$$00000004)
    _main_clock                              0x080001a1   Thumb Code     0  entry7b.o(.ARM.Collect$$$$00000008)
    _main_cpp_init                           0x080001a1   Thumb Code     0  entry8b.o(.ARM.Collect$$$$0000000A)
    _main_init                               0x080001a1   Thumb Code     0  entry9a.o(.ARM.Collect$$$$0000000B)
    __rt_final_cpp                           0x080001a9   Thumb Code     0  entry10a.o(.ARM.Collect$$$$0000000D)
    __rt_final_exit                          0x080001a9   Thumb Code     0  entry11a.o(.ARM.Collect$$$$0000000F)
    Reset_Handler                            0x080001ad   Thumb Code     8  startup_n32g4fr.o(.text)
    HardFault_Handler                        0x080001b7   Thumb Code     2  startup_n32g4fr.o(.text)
    PendSV_Handler                           0x080001c3   Thumb Code     2  startup_n32g4fr.o(.text)
    ADC1_2_IRQHandler                        0x080001c7   Thumb Code     0  startup_n32g4fr.o(.text)
    ADC3_4_IRQHandler                        0x080001c7   Thumb Code     0  startup_n32g4fr.o(.text)
    CAN1_RX1_IRQHandler                      0x080001c7   Thumb Code     0  startup_n32g4fr.o(.text)
    CAN1_SCE_IRQHandler                      0x080001c7   Thumb Code     0  startup_n32g4fr.o(.text)
    CAN2_RX0_IRQHandler                      0x080001c7   Thumb Code     0  startup_n32g4fr.o(.text)
    CAN2_RX1_IRQHandler                      0x080001c7   Thumb Code     0  startup_n32g4fr.o(.text)
    CAN2_SCE_IRQHandler                      0x080001c7   Thumb Code     0  startup_n32g4fr.o(.text)
    CAN2_TX_IRQHandler                       0x080001c7   Thumb Code     0  startup_n32g4fr.o(.text)
    COMP7_IRQHandler                         0x080001c7   Thumb Code     0  startup_n32g4fr.o(.text)
    COMP_1_2_3_IRQHandler                    0x080001c7   Thumb Code     0  startup_n32g4fr.o(.text)
    COMP_4_5_6_IRQHandler                    0x080001c7   Thumb Code     0  startup_n32g4fr.o(.text)
    DMA1_Channel1_IRQHandler                 0x080001c7   Thumb Code     0  startup_n32g4fr.o(.text)
    DMA1_Channel2_IRQHandler                 0x080001c7   Thumb Code     0  startup_n32g4fr.o(.text)
    DMA1_Channel3_IRQHandler                 0x080001c7   Thumb Code     0  startup_n32g4fr.o(.text)
    DMA1_Channel4_IRQHandler                 0x080001c7   Thumb Code     0  startup_n32g4fr.o(.text)
    DMA1_Channel5_IRQHandler                 0x080001c7   Thumb Code     0  startup_n32g4fr.o(.text)
    DMA1_Channel6_IRQHandler                 0x080001c7   Thumb Code     0  startup_n32g4fr.o(.text)
    DMA1_Channel7_IRQHandler                 0x080001c7   Thumb Code     0  startup_n32g4fr.o(.text)
    DMA2_Channel1_IRQHandler                 0x080001c7   Thumb Code     0  startup_n32g4fr.o(.text)
    DMA2_Channel2_IRQHandler                 0x080001c7   Thumb Code     0  startup_n32g4fr.o(.text)
    DMA2_Channel3_IRQHandler                 0x080001c7   Thumb Code     0  startup_n32g4fr.o(.text)
    DMA2_Channel4_IRQHandler                 0x080001c7   Thumb Code     0  startup_n32g4fr.o(.text)
    DMA2_Channel5_IRQHandler                 0x080001c7   Thumb Code     0  startup_n32g4fr.o(.text)
    DMA2_Channel6_IRQHandler                 0x080001c7   Thumb Code     0  startup_n32g4fr.o(.text)
    DMA2_Channel7_IRQHandler                 0x080001c7   Thumb Code     0  startup_n32g4fr.o(.text)
    DMA2_Channel8_IRQHandler                 0x080001c7   Thumb Code     0  startup_n32g4fr.o(.text)
    DVP_IRQHandler                           0x080001c7   Thumb Code     0  startup_n32g4fr.o(.text)
    ETH_IRQHandler                           0x080001c7   Thumb Code     0  startup_n32g4fr.o(.text)
    ETH_WKUP_IRQHandler                      0x080001c7   Thumb Code     0  startup_n32g4fr.o(.text)
    EXTI0_IRQHandler                         0x080001c7   Thumb Code     0  startup_n32g4fr.o(.text)
    EXTI15_10_IRQHandler                     0x080001c7   Thumb Code     0  startup_n32g4fr.o(.text)
    EXTI1_IRQHandler                         0x080001c7   Thumb Code     0  startup_n32g4fr.o(.text)
    EXTI2_IRQHandler                         0x080001c7   Thumb Code     0  startup_n32g4fr.o(.text)
    EXTI3_IRQHandler                         0x080001c7   Thumb Code     0  startup_n32g4fr.o(.text)
    EXTI4_IRQHandler                         0x080001c7   Thumb Code     0  startup_n32g4fr.o(.text)
    EXTI9_5_IRQHandler                       0x080001c7   Thumb Code     0  startup_n32g4fr.o(.text)
    FLASH_IRQHandler                         0x080001c7   Thumb Code     0  startup_n32g4fr.o(.text)
    I2C1_ER_IRQHandler                       0x080001c7   Thumb Code     0  startup_n32g4fr.o(.text)
    I2C1_EV_IRQHandler                       0x080001c7   Thumb Code     0  startup_n32g4fr.o(.text)
    I2C2_ER_IRQHandler                       0x080001c7   Thumb Code     0  startup_n32g4fr.o(.text)
    I2C2_EV_IRQHandler                       0x080001c7   Thumb Code     0  startup_n32g4fr.o(.text)
    I2C3_ER_IRQHandler                       0x080001c7   Thumb Code     0  startup_n32g4fr.o(.text)
    I2C3_EV_IRQHandler                       0x080001c7   Thumb Code     0  startup_n32g4fr.o(.text)
    I2C4_ER_IRQHandler                       0x080001c7   Thumb Code     0  startup_n32g4fr.o(.text)
    I2C4_EV_IRQHandler                       0x080001c7   Thumb Code     0  startup_n32g4fr.o(.text)
    MMU_IRQHandler                           0x080001c7   Thumb Code     0  startup_n32g4fr.o(.text)
    PVD_IRQHandler                           0x080001c7   Thumb Code     0  startup_n32g4fr.o(.text)
    QSPI_IRQHandler                          0x080001c7   Thumb Code     0  startup_n32g4fr.o(.text)
    RCC_IRQHandler                           0x080001c7   Thumb Code     0  startup_n32g4fr.o(.text)
    RSRAM_IRQHandler                         0x080001c7   Thumb Code     0  startup_n32g4fr.o(.text)
    RTCAlarm_IRQHandler                      0x080001c7   Thumb Code     0  startup_n32g4fr.o(.text)
    RTC_WKUP_IRQHandler                      0x080001c7   Thumb Code     0  startup_n32g4fr.o(.text)
    SAC_IRQHandler                           0x080001c7   Thumb Code     0  startup_n32g4fr.o(.text)
    SDIO_IRQHandler                          0x080001c7   Thumb Code     0  startup_n32g4fr.o(.text)
    SPI1_IRQHandler                          0x080001c7   Thumb Code     0  startup_n32g4fr.o(.text)
    SPI2_IRQHandler                          0x080001c7   Thumb Code     0  startup_n32g4fr.o(.text)
    SPI3_IRQHandler                          0x080001c7   Thumb Code     0  startup_n32g4fr.o(.text)
    TAMPER_IRQHandler                        0x080001c7   Thumb Code     0  startup_n32g4fr.o(.text)
    TIM1_BRK_IRQHandler                      0x080001c7   Thumb Code     0  startup_n32g4fr.o(.text)
    TIM1_TRG_COM_IRQHandler                  0x080001c7   Thumb Code     0  startup_n32g4fr.o(.text)
    TIM1_UP_IRQHandler                       0x080001c7   Thumb Code     0  startup_n32g4fr.o(.text)
    TIM4_IRQHandler                          0x080001c7   Thumb Code     0  startup_n32g4fr.o(.text)
    TIM5_IRQHandler                          0x080001c7   Thumb Code     0  startup_n32g4fr.o(.text)
    TIM6_IRQHandler                          0x080001c7   Thumb Code     0  startup_n32g4fr.o(.text)
    TIM7_IRQHandler                          0x080001c7   Thumb Code     0  startup_n32g4fr.o(.text)
    TIM8_BRK_IRQHandler                      0x080001c7   Thumb Code     0  startup_n32g4fr.o(.text)
    TIM8_CC_IRQHandler                       0x080001c7   Thumb Code     0  startup_n32g4fr.o(.text)
    TIM8_TRG_COM_IRQHandler                  0x080001c7   Thumb Code     0  startup_n32g4fr.o(.text)
    TIM8_UP_IRQHandler                       0x080001c7   Thumb Code     0  startup_n32g4fr.o(.text)
    TSC_IRQHandler                           0x080001c7   Thumb Code     0  startup_n32g4fr.o(.text)
    UART4_IRQHandler                         0x080001c7   Thumb Code     0  startup_n32g4fr.o(.text)
    UART5_IRQHandler                         0x080001c7   Thumb Code     0  startup_n32g4fr.o(.text)
    UART6_IRQHandler                         0x080001c7   Thumb Code     0  startup_n32g4fr.o(.text)
    UART7_IRQHandler                         0x080001c7   Thumb Code     0  startup_n32g4fr.o(.text)
    USART1_IRQHandler                        0x080001c7   Thumb Code     0  startup_n32g4fr.o(.text)
    USART2_IRQHandler                        0x080001c7   Thumb Code     0  startup_n32g4fr.o(.text)
    USBWakeUp_IRQHandler                     0x080001c7   Thumb Code     0  startup_n32g4fr.o(.text)
    USB_HP_CAN1_TX_IRQHandler                0x080001c7   Thumb Code     0  startup_n32g4fr.o(.text)
    USB_LP_CAN1_RX0_IRQHandler               0x080001c7   Thumb Code     0  startup_n32g4fr.o(.text)
    WWDG_IRQHandler                          0x080001c7   Thumb Code     0  startup_n32g4fr.o(.text)
    XFMC_IRQHandler                          0x080001c7   Thumb Code     0  startup_n32g4fr.o(.text)
    __aeabi_uldivmod                         0x080001d1   Thumb Code    98  uldiv.o(.text)
    __aeabi_ldivmod                          0x08000233   Thumb Code    98  ldiv.o(.text)
    abs                                      0x08000295   Thumb Code     8  siabs.o(.text)
    ___aeabi_memcpy4$move                    0x0800029d   Thumb Code     0  memmovea.o(.text)
    ___aeabi_memcpy8$move                    0x0800029d   Thumb Code     0  memmovea.o(.text)
    __aeabi_memcpy                           0x0800029d   Thumb Code    64  memmovea.o(.text)
    __aeabi_memmove                          0x0800029d   Thumb Code     0  memmovea.o(.text)
    __aeabi_memmove4                         0x0800029d   Thumb Code     0  memmovea.o(.text)
    __aeabi_memmove8                         0x0800029d   Thumb Code     0  memmovea.o(.text)
    strcpy                                   0x080002dd   Thumb Code    18  strcpy.o(.text)
    __aeabi_dcmple                           0x080002ef   Thumb Code    54  dcmple.o(.text)
    __aeabi_f2d                              0x08000325   Thumb Code    38  f2d.o(.text)
    __aeabi_uidiv                            0x0800034b   Thumb Code     0  uidiv.o(.text)
    __aeabi_uidivmod                         0x0800034b   Thumb Code    44  uidiv.o(.text)
    __aeabi_llsl                             0x08000377   Thumb Code    30  llshl.o(.text)
    _ll_shift_l                              0x08000377   Thumb Code     0  llshl.o(.text)
    __aeabi_llsr                             0x08000395   Thumb Code    32  llushr.o(.text)
    _ll_ushift_r                             0x08000395   Thumb Code     0  llushr.o(.text)
    __I$use$fp                               0x080003b5   Thumb Code     0  iusefp.o(.text)
    __aeabi_dadd                             0x080003b5   Thumb Code   322  dadd.o(.text)
    __aeabi_dsub                             0x080004f7   Thumb Code     6  dadd.o(.text)
    __aeabi_drsub                            0x080004fd   Thumb Code     6  dadd.o(.text)
    __aeabi_dmul                             0x08000503   Thumb Code   228  dmul.o(.text)
    __aeabi_ddiv                             0x080005e7   Thumb Code   222  ddiv.o(.text)
    __aeabi_d2ulz                            0x080006c5   Thumb Code    48  dfixul.o(.text)
    __aeabi_cdrcmple                         0x080006f5   Thumb Code    48  cdrcmple.o(.text)
    __scatterload                            0x08000725   Thumb Code    28  init.o(.text)
    __scatterload_rt2                        0x08000725   Thumb Code     0  init.o(.text)
    __aeabi_lasr                             0x08000749   Thumb Code    36  llsshr.o(.text)
    _ll_sshift_r                             0x08000749   Thumb Code     0  llsshr.o(.text)
    _double_round                            0x0800076d   Thumb Code    30  depilogue.o(.text)
    _double_epilogue                         0x0800078b   Thumb Code   156  depilogue.o(.text)
    ADC_ConfigClk                            0x08000829   Thumb Code    56  n32g4fr_adc.o(.text.ADC_ConfigClk)
    ADC_ConfigRegularChannel                 0x08000861   Thumb Code   424  n32g4fr_adc.o(.text.ADC_ConfigRegularChannel)
    ADC_Enable                               0x08000a09   Thumb Code    44  n32g4fr_adc.o(.text.ADC_Enable)
    ADC_EnableDMA                            0x08000a35   Thumb Code    44  n32g4fr_adc.o(.text.ADC_EnableDMA)
    ADC_EnableExternalTrigConv               0x08000a61   Thumb Code    44  n32g4fr_adc.o(.text.ADC_EnableExternalTrigConv)
    ADC_EnableSoftwareStartConv              0x08000a8d   Thumb Code    44  n32g4fr_adc.o(.text.ADC_EnableSoftwareStartConv)
    ADC_GetCalibrationStatus                 0x08000ab9   Thumb Code    46  n32g4fr_adc.o(.text.ADC_GetCalibrationStatus)
    ADC_GetFlagStatusNew                     0x08000ae9   Thumb Code    52  n32g4fr_adc.o(.text.ADC_GetFlagStatusNew)
    ADC_Init                                 0x08000b1d   Thumb Code   154  n32g4fr_adc.o(.text.ADC_Init)
    ADC_InitEx                               0x08000bb9   Thumb Code   316  n32g4fr_adc.o(.text.ADC_InitEx)
    ADC_StartCalibration                     0x08000cf5   Thumb Code    18  n32g4fr_adc.o(.text.ADC_StartCalibration)
    AdcConfig                                0x08000d09   Thumb Code    40  adc.o(.text.AdcConfig)
    AdcInitConfig                            0x08000d31   Thumb Code   306  adc.o(.text.AdcInitConfig)
    BusFault_Handler                         0x08000e65   Thumb Code     4  n32g4fr_it.o(.text.BusFault_Handler)
    DMA1_Channel8_IRQHandler                 0x08000e69   Thumb Code   188  n32g4fr_it.o(.text.DMA1_Channel8_IRQHandler)
    DMA_ClrIntPendingBit                     0x08000f25   Thumb Code    16  n32g4fr_dma.o(.text.DMA_ClrIntPendingBit)
    DMA_ConfigInt                            0x08000f35   Thumb Code    46  n32g4fr_dma.o(.text.DMA_ConfigInt)
    DMA_DeInit                               0x08000f65   Thumb Code   580  n32g4fr_dma.o(.text.DMA_DeInit)
    DMA_EnableChannel                        0x080011a9   Thumb Code    46  n32g4fr_dma.o(.text.DMA_EnableChannel)
    DMA_GetIntStatus                         0x080011d9   Thumb Code    54  n32g4fr_dma.o(.text.DMA_GetIntStatus)
    DMA_Init                                 0x08001211   Thumb Code   108  n32g4fr_dma.o(.text.DMA_Init)
    DebugMon_Handler                         0x0800127d   Thumb Code     2  n32g4fr_it.o(.text.DebugMon_Handler)
    DmaConfig                                0x08001281   Thumb Code     8  adc.o(.text.DmaConfig)
    DmaInitConfig                            0x08001289   Thumb Code   230  adc.o(.text.DmaInitConfig)
    GPIO_ConfigPinRemap                      0x08001371   Thumb Code  1038  n32g4fr_gpio.o(.text.GPIO_ConfigPinRemap)
    GPIO_InitPeripheral                      0x08001781   Thumb Code   390  n32g4fr_gpio.o(.text.GPIO_InitPeripheral)
    GPIO_ReadInputDataBit                    0x08001909   Thumb Code    52  n32g4fr_gpio.o(.text.GPIO_ReadInputDataBit)
    GPIO_ResetBits                           0x0800193d   Thumb Code    20  n32g4fr_gpio.o(.text.GPIO_ResetBits)
    GPIO_SetBits                             0x08001951   Thumb Code    20  n32g4fr_gpio.o(.text.GPIO_SetBits)
    MemManage_Handler                        0x08001965   Thumb Code     4  n32g4fr_it.o(.text.MemManage_Handler)
    NMI_Handler                              0x08001969   Thumb Code     2  n32g4fr_it.o(.text.NMI_Handler)
    NVIC_Init                                0x0800196d   Thumb Code   170  misc.o(.text.NVIC_Init)
    NVIC_PriorityGroupConfig                 0x08001a19   Thumb Code    28  misc.o(.text.NVIC_PriorityGroupConfig)
    Queue_Read_Byte                          0x08001a35   Thumb Code   104  system.o(.text.Queue_Read_Byte)
    RCC_ConfigAdc1mClk                       0x08001a9d   Thumb Code    62  n32g4fr_rcc.o(.text.RCC_ConfigAdc1mClk)
    RCC_ConfigAdcHclk                        0x08001add   Thumb Code    44  n32g4fr_rcc.o(.text.RCC_ConfigAdcHclk)
    RCC_ConfigAdcPllClk                      0x08001b09   Thumb Code    84  n32g4fr_rcc.o(.text.RCC_ConfigAdcPllClk)
    RCC_ConfigPclk1                          0x08001b5d   Thumb Code    44  n32g4fr_rcc.o(.text.RCC_ConfigPclk1)
    RCC_EnableAHBPeriphClk                   0x08001b89   Thumb Code    56  n32g4fr_rcc.o(.text.RCC_EnableAHBPeriphClk)
    RCC_EnableAPB1PeriphClk                  0x08001bc1   Thumb Code    56  n32g4fr_rcc.o(.text.RCC_EnableAPB1PeriphClk)
    RCC_EnableAPB2PeriphClk                  0x08001bf9   Thumb Code    56  n32g4fr_rcc.o(.text.RCC_EnableAPB2PeriphClk)
    RCC_GetClocksFreqValue                   0x08001c31   Thumb Code   452  n32g4fr_rcc.o(.text.RCC_GetClocksFreqValue)
    SEGGER_RTT_ConfigUpBuffer                0x08001df5   Thumb Code   160  segger_rtt.o(.text.SEGGER_RTT_ConfigUpBuffer)
    SEGGER_RTT_Init                          0x08001e95   Thumb Code     8  segger_rtt.o(.text.SEGGER_RTT_Init)
    SEGGER_RTT_Write                         0x08001e9d   Thumb Code    76  segger_rtt.o(.text.SEGGER_RTT_Write)
    SEGGER_RTT_WriteNoLock                   0x08001ee9   Thumb Code   176  segger_rtt.o(.text.SEGGER_RTT_WriteNoLock)
    SEGGER_RTT_printf                        0x08001f99   Thumb Code    42  segger_rtt_printf.o(.text.SEGGER_RTT_printf)
    SEGGER_RTT_vprintf                       0x08001fc5   Thumb Code   828  segger_rtt_printf.o(.text.SEGGER_RTT_vprintf)
    SVC_Handler                              0x08002301   Thumb Code     2  n32g4fr_it.o(.text.SVC_Handler)
    SysClkInit                               0x0800244d   Thumb Code   134  sysclk.o(.text.SysClkInit)
    SysTick_GetTick                          0x08002529   Thumb Code    12  app.o(.text.SysTick_GetTick)
    SysTick_Handler                          0x08002535   Thumb Code     8  n32g4fr_it.o(.text.SysTick_Handler)
    SysTick_IncTick                          0x0800253d   Thumb Code    26  app.o(.text.SysTick_IncTick)
    SysTick_Init                             0x08002559   Thumb Code    66  app.o(.text.SysTick_Init)
    SysTick_IrqHandler                       0x0800259d   Thumb Code     8  app.o(.text.SysTick_IrqHandler)
    SystemInit                               0x080025a5   Thumb Code   204  system_n32g4fr.o(.text.SystemInit)
    TIM1_CC_IRQHandler                       0x08002671   Thumb Code   296  n32g4fr_it.o(.text.TIM1_CC_IRQHandler)
    TIM2_IRQHandler                          0x08002799   Thumb Code     2  n32g4fr_it.o(.text.TIM2_IRQHandler)
    TIM3_IRQHandler                          0x0800279d   Thumb Code     2  n32g4fr_it.o(.text.TIM3_IRQHandler)
    TIM_ClrIntPendingBit                     0x080027a1   Thumb Code    20  n32g4fr_tim.o(.text.TIM_ClrIntPendingBit)
    TIM_ConfigArPreload                      0x080027b5   Thumb Code    44  n32g4fr_tim.o(.text.TIM_ConfigArPreload)
    TIM_ConfigOc1Preload                     0x080027e1   Thumb Code    60  n32g4fr_tim.o(.text.TIM_ConfigOc1Preload)
    TIM_ConfigOc3Preload                     0x0800281d   Thumb Code    60  n32g4fr_tim.o(.text.TIM_ConfigOc3Preload)
    TIM_Enable                               0x08002859   Thumb Code    44  n32g4fr_tim.o(.text.TIM_Enable)
    TIM_EnableCtrlPwmOutputs                 0x08002885   Thumb Code    52  n32g4fr_tim.o(.text.TIM_EnableCtrlPwmOutputs)
    TIM_GetIntStatus                         0x080028b9   Thumb Code    72  n32g4fr_tim.o(.text.TIM_GetIntStatus)
    TIM_InitOc1                              0x08002901   Thumb Code   250  n32g4fr_tim.o(.text.TIM_InitOc1)
    TIM_InitOc3                              0x080029fd   Thumb Code   262  n32g4fr_tim.o(.text.TIM_InitOc3)
    TIM_InitTimeBase                         0x08002b05   Thumb Code   756  n32g4fr_tim.o(.text.TIM_InitTimeBase)
    Timera_Config                            0x08002df9   Thumb Code    18  timera_pwm.o(.text.Timera_Config)
    USART3_IRQHandler                        0x08002e0d   Thumb Code    54  n32g4fr_it.o(.text.USART3_IRQHandler)
    USART_ConfigInt                          0x08002e45   Thumb Code   146  n32g4fr_usart.o(.text.USART_ConfigInt)
    USART_Enable                             0x08002ed9   Thumb Code    44  n32g4fr_usart.o(.text.USART_Enable)
    USART_GetFlagStatus                      0x08002f05   Thumb Code    68  n32g4fr_usart.o(.text.USART_GetFlagStatus)
    USART_GetIntStatus                       0x08002f49   Thumb Code   176  n32g4fr_usart.o(.text.USART_GetIntStatus)
    USART_Init                               0x08002ff9   Thumb Code   292  n32g4fr_usart.o(.text.USART_Init)
    USART_ReceiveData                        0x0800311d   Thumb Code    16  n32g4fr_usart.o(.text.USART_ReceiveData)
    USART_SendData                           0x0800312d   Thumb Code    24  n32g4fr_usart.o(.text.USART_SendData)
    UsageFault_Handler                       0x08003145   Thumb Code     4  n32g4fr_it.o(.text.UsageFault_Handler)
    accumulate_data                          0x080037c9   Thumb Code    50  distance_measure.o(.text.accumulate_data)
    all_data_update                          0x080037fd   Thumb Code    36  protocol.o(.text.all_data_update)
    alloc_mem                                0x08003821   Thumb Code   260  memalloc.o(.text.alloc_mem)
    alphabeta_filter                         0x08003925   Thumb Code   146  alphabeta_filter.o(.text.alphabeta_filter)
    apfft                                    0x080039b9   Thumb Code   366  apfft.o(.text.apfft)
    app                                      0x08003b29   Thumb Code    64  app.o(.text.app)
    arctan                                   0x08003b69   Thumb Code    92  math_fp.o(.text.arctan)
    arctan2                                  0x08003bc5   Thumb Code   310  math_fp.o(.text.arctan2)
    arm_absmax_q31                           0x08003cfd   Thumb Code   518  arm_absmax_q31.o(.text.arm_absmax_q31)
    arm_bitreversal_32                       0x08003f05   Thumb Code    68  arm_bitreversal2.o(.text.arm_bitreversal_32)
    arm_cfft_q31                             0x08003f49   Thumb Code   214  arm_cfft_q31.o(.text.arm_cfft_q31)
    arm_cfft_radix4by2_inverse_q31           0x08004021   Thumb Code   264  arm_cfft_q31.o(.text.arm_cfft_radix4by2_inverse_q31)
    arm_cfft_radix4by2_q31                   0x08004129   Thumb Code   284  arm_cfft_q31.o(.text.arm_cfft_radix4by2_q31)
    arm_cmplx_mag_q31                        0x08004245   Thumb Code   194  arm_cmplx_mag_q31.o(.text.arm_cmplx_mag_q31)
    arm_mean_q15                             0x08004309   Thumb Code    82  arm_mean_q15.o(.text.arm_mean_q15)
    arm_mean_q31                             0x0800435d   Thumb Code   122  arm_mean_q31.o(.text.arm_mean_q31)
    arm_offset_q15                           0x080043d9   Thumb Code    78  arm_offset_q15.o(.text.arm_offset_q15)
    arm_radix4_butterfly_inverse_q31         0x08004429   Thumb Code   982  arm_cfft_radix4_q31.o(.text.arm_radix4_butterfly_inverse_q31)
    arm_radix4_butterfly_q31                 0x08004801   Thumb Code   974  arm_cfft_radix4_q31.o(.text.arm_radix4_butterfly_q31)
    arm_rfft_init_q31                        0x08004bcf   Thumb Code   212  arm_rfft_init_q31.o(.text.arm_rfft_init_q31)
    arm_rfft_q31                             0x08004ca5   Thumb Code   118  arm_rfft_q31.o(.text.arm_rfft_q31)
    arm_split_rfft_q31                       0x08004d1d   Thumb Code   274  arm_rfft_q31.o(.text.arm_split_rfft_q31)
    arm_split_rifft_q31                      0x08004e31   Thumb Code   132  arm_rfft_q31.o(.text.arm_split_rifft_q31)
    arm_sqrt_q31                             0x08004eb5   Thumb Code   244  arm_sqrt_q31.o(.text.arm_sqrt_q31)
    arm_std_q31                              0x08004fa9   Thumb Code   248  arm_std_q31.o(.text.arm_std_q31)
    bt_close_timer_result                    0x080050a1   Thumb Code    22  protocol.o(.text.bt_close_timer_result)
    bt_disconnect_result                     0x080050b9   Thumb Code    22  protocol.o(.text.bt_disconnect_result)
    bt_enable_lowpoer_result                 0x080050d1   Thumb Code    22  protocol.o(.text.bt_enable_lowpoer_result)
    bt_factor_reset_notify                   0x080050e9   Thumb Code     2  protocol.o(.text.bt_factor_reset_notify)
    bt_modify_adv_interval_result            0x080050ed   Thumb Code    22  protocol.o(.text.bt_modify_adv_interval_result)
    bt_protocol_init                         0x08005105   Thumb Code    42  mcu_api.o(.text.bt_protocol_init)
    bt_send_one_time_password_token_result   0x08005131   Thumb Code    22  protocol.o(.text.bt_send_one_time_password_token_result)
    bt_uart_service                          0x08005149   Thumb Code   144  mcu_api.o(.text.bt_uart_service)
    bt_uart_write_frame                      0x08005219   Thumb Code   112  system.o(.text.bt_uart_write_frame)
    cfar_ca                                  0x08005311   Thumb Code   110  micromotion_detection.o(.text.cfar_ca)
    clk_test                                 0x08005381   Thumb Code    84  sysclk.o(.text.clk_test)
    close_process                            0x080053d5   Thumb Code    86  app.o(.text.close_process)
    corrcoef_q31                             0x0800542d   Thumb Code   348  corrcoef.o(.text.corrcoef_q31)
    data_handle                              0x08005589   Thumb Code   606  system.o(.text.data_handle)
    dp_download_handle                       0x08005871   Thumb Code   358  protocol.o(.text.dp_download_handle)
    enable_timer_pwm                         0x080059d9   Thumb Code    18  timera_pwm.o(.text.enable_timer_pwm)
    find_max_peak                            0x080059ed   Thumb Code   118  vd_calculation.o(.text.find_max_peak)
    fputc                                    0x08005a65   Thumb Code    52  main.o(.text.fputc)
    free_mem                                 0x08005a99   Thumb Code    96  memalloc.o(.text.free_mem)
    get_check_sum                            0x08005af9   Thumb Code    74  system.o(.text.get_check_sum)
    get_download_cmd_total                   0x08005b9d   Thumb Code     4  protocol.o(.text.get_download_cmd_total)
    get_queue_total_data                     0x08005bb9   Thumb Code    52  system.o(.text.get_queue_total_data)
    get_sample_data                          0x08005bed   Thumb Code    28  adc.o(.text.get_sample_data)
    gpio_init                                0x08005c09   Thumb Code    94  gpio.o(.text.gpio_init)
    idle_process                             0x08005cc1   Thumb Code   392  app.o(.text.idle_process)
    init_mem                                 0x08005e49   Thumb Code    74  memalloc.o(.text.init_mem)
    init_pin                                 0x08005e95   Thumb Code    32  adc.o(.text.init_pin)
    init_timer                               0x08005eb5   Thumb Code   140  timera_pwm.o(.text.init_timer)
    init_timer_pin                           0x08005f41   Thumb Code   262  timera_pwm.o(.text.init_timer_pin)
    leave_s0                                 0x08006061   Thumb Code    52  app.o(.text.leave_s0)
    leave_s1                                 0x08006095   Thumb Code    76  app.o(.text.leave_s1)
    led_init                                 0x080060e1   Thumb Code    54  led.o(.text.led_init)
    main                                     0x08006119   Thumb Code   436  main.o(.text.main)
    mcu_dp_value_update                      0x0800655d   Thumb Code   188  mcu_api.o(.text.mcu_dp_value_update)
    measure_distance                         0x08006619   Thumb Code   348  distance_measure.o(.text.measure_distance)
    micromotion_detection                    0x08006775   Thumb Code   430  micromotion_detection.o(.text.micromotion_detection)
    my_memcpy                                0x08006925   Thumb Code   174  mcu_api.o(.text.my_memcpy)
    my_memset                                0x080069d5   Thumb Code    70  mcu_api.o(.text.my_memset)
    my_strlen                                0x08006a1d   Thumb Code    58  mcu_api.o(.text.my_strlen)
    ring_buffer_get                          0x08006b79   Thumb Code   164  ringbuffer.o(.text.ring_buffer_get)
    ring_buffer_put                          0x08006c1d   Thumb Code    94  ringbuffer.o(.text.ring_buffer_put)
    rtt_init                                 0x08006c7d   Thumb Code   130  main.o(.text.rtt_init)
    set_bt_uart_buffer                       0x08006d01   Thumb Code    66  system.o(.text.set_bt_uart_buffer)
    set_bt_uart_byte                         0x08006d45   Thumb Code    54  system.o(.text.set_bt_uart_byte)
    start_timer                              0x08006d7d   Thumb Code    18  timera_pwm.o(.text.start_timer)
    tick_init                                0x08006d91   Thumb Code    22  app.o(.text.tick_init)
    time3_init                               0x08006da9   Thumb Code   178  tim3.o(.text.time3_init)
    time3_start                              0x08006e5d   Thumb Code    18  tim3.o(.text.time3_start)
    uart_receive_input                       0x08006e71   Thumb Code   190  mcu_api.o(.text.uart_receive_input)
    uart_transmit_output                     0x08006f31   Thumb Code    50  protocol.o(.text.uart_transmit_output)
    usart_init                               0x08006f65   Thumb Code   178  usart.o(.text.usart_init)
    vd_calculation                           0x08007019   Thumb Code   852  vd_calculation.o(.text.vd_calculation)
    __0printf                                0x0800736d   Thumb Code    22  printfa.o(i.__0printf)
    __1printf                                0x0800736d   Thumb Code     0  printfa.o(i.__0printf)
    __2printf                                0x0800736d   Thumb Code     0  printfa.o(i.__0printf)
    __c89printf                              0x0800736d   Thumb Code     0  printfa.o(i.__0printf)
    printf                                   0x0800736d   Thumb Code     0  printfa.o(i.__0printf)
    __scatterload_copy                       0x0800738d   Thumb Code    14  handlers.o(i.__scatterload_copy)
    __scatterload_null                       0x0800739b   Thumb Code     2  handlers.o(i.__scatterload_null)
    __scatterload_zeroinit                   0x0800739d   Thumb Code    14  handlers.o(i.__scatterload_zeroinit)
    armBitRevIndexTable_fixed_1024           0x08007c6e   Data        1984  arm_common_tables.o(.rodata.armBitRevIndexTable_fixed_1024)
    armBitRevIndexTable_fixed_128            0x0800842e   Data         224  arm_common_tables.o(.rodata.armBitRevIndexTable_fixed_128)
    armBitRevIndexTable_fixed_16             0x0800850e   Data          24  arm_common_tables.o(.rodata.armBitRevIndexTable_fixed_16)
    armBitRevIndexTable_fixed_2048           0x08008526   Data        3968  arm_common_tables.o(.rodata.armBitRevIndexTable_fixed_2048)
    armBitRevIndexTable_fixed_256            0x080094a6   Data         480  arm_common_tables.o(.rodata.armBitRevIndexTable_fixed_256)
    armBitRevIndexTable_fixed_32             0x08009686   Data          48  arm_common_tables.o(.rodata.armBitRevIndexTable_fixed_32)
    armBitRevIndexTable_fixed_4096           0x080096b6   Data        8064  arm_common_tables.o(.rodata.armBitRevIndexTable_fixed_4096)
    armBitRevIndexTable_fixed_512            0x0800b636   Data         960  arm_common_tables.o(.rodata.armBitRevIndexTable_fixed_512)
    armBitRevIndexTable_fixed_64             0x0800b9f6   Data         112  arm_common_tables.o(.rodata.armBitRevIndexTable_fixed_64)
    arm_cfft_sR_q31_len1024                  0x0800ba68   Data          16  arm_const_structs.o(.rodata.arm_cfft_sR_q31_len1024)
    arm_cfft_sR_q31_len128                   0x0800ba78   Data          16  arm_const_structs.o(.rodata.arm_cfft_sR_q31_len128)
    arm_cfft_sR_q31_len16                    0x0800ba88   Data          16  arm_const_structs.o(.rodata.arm_cfft_sR_q31_len16)
    arm_cfft_sR_q31_len2048                  0x0800ba98   Data          16  arm_const_structs.o(.rodata.arm_cfft_sR_q31_len2048)
    arm_cfft_sR_q31_len256                   0x0800baa8   Data          16  arm_const_structs.o(.rodata.arm_cfft_sR_q31_len256)
    arm_cfft_sR_q31_len32                    0x0800bab8   Data          16  arm_const_structs.o(.rodata.arm_cfft_sR_q31_len32)
    arm_cfft_sR_q31_len4096                  0x0800bac8   Data          16  arm_const_structs.o(.rodata.arm_cfft_sR_q31_len4096)
    arm_cfft_sR_q31_len512                   0x0800bad8   Data          16  arm_const_structs.o(.rodata.arm_cfft_sR_q31_len512)
    arm_cfft_sR_q31_len64                    0x0800bae8   Data          16  arm_const_structs.o(.rodata.arm_cfft_sR_q31_len64)
    cfar_param                               0x0800baf8   Data           8  micromotion_detection.o(.rodata.cfar_param)
    download_cmd                             0x0800bb00   Data          14  protocol.o(.rodata.download_cmd)
    freq_linspace                            0x0800bb0e   Data        2048  freq_linspace.o(.rodata.freq_linspace)
    hamming_TAB512                           0x0800c30e   Data        2048  hamming.o(.rodata.hamming_TAB512)
    hanning_conv_TAB511                      0x0800cb10   Data        2044  hanning_conv.o(.rodata.hanning_conv_TAB511)
    realCoefAQ31                             0x0800d30c   Data       32768  arm_common_tables.o(.rodata.realCoefAQ31)
    realCoefBQ31                             0x0801530c   Data       32768  arm_common_tables.o(.rodata.realCoefBQ31)
    twiddleCoef_1024_q31                     0x0801d4d8   Data        6144  arm_common_tables.o(.rodata.twiddleCoef_1024_q31)
    twiddleCoef_128_q31                      0x0801ecd8   Data         768  arm_common_tables.o(.rodata.twiddleCoef_128_q31)
    twiddleCoef_16_q31                       0x0801efd8   Data          96  arm_common_tables.o(.rodata.twiddleCoef_16_q31)
    twiddleCoef_2048_q31                     0x0801f038   Data       12288  arm_common_tables.o(.rodata.twiddleCoef_2048_q31)
    twiddleCoef_256_q31                      0x08022038   Data        1536  arm_common_tables.o(.rodata.twiddleCoef_256_q31)
    twiddleCoef_32_q31                       0x08022638   Data         192  arm_common_tables.o(.rodata.twiddleCoef_32_q31)
    twiddleCoef_4096_q31                     0x080226f8   Data       24576  arm_common_tables.o(.rodata.twiddleCoef_4096_q31)
    twiddleCoef_512_q31                      0x080286f8   Data        3072  arm_common_tables.o(.rodata.twiddleCoef_512_q31)
    twiddleCoef_64_q31                       0x080292f8   Data         384  arm_common_tables.o(.rodata.twiddleCoef_64_q31)
    version_num                              0x08029478   Data           4  main.o(.rodata.version_num)
    Region$$Table$$Base                      0x0802947c   Number         0  anon$$obj.o(Region$$Table)
    Region$$Table$$Limit                     0x0802949c   Number         0  anon$$obj.o(Region$$Table)
    __stdout                                 0x20000000   Data           4  stdout.o(.data)
    SystemCoreClock                          0x20000004   Data           4  system_n32g4fr.o(.data.SystemCoreClock)
    measure_th                               0x20000008   Data          20  main.o(.data.measure_th)
    ring_buffer                              0x2000001c   Data          12  adc.o(.data.ring_buffer)
    _SEGGER_RTT                              0x20000038   Data         168  segger_rtt.o(.bss._SEGGER_RTT)
    bt_queue_buf                             0x200004f0   Data          23  system.o(.bss.bt_queue_buf)
    bt_uart_rx_buf                           0x20000507   Data         135  system.o(.bss.bt_uart_rx_buf)
    bt_uart_tx_buf                           0x20000594   Data         519  system.o(.bss.bt_uart_tx_buf)
    bt_work_state                            0x2000079b   Data           1  system.o(.bss.bt_work_state)
    buffer                                   0x2000079c   Data        2048  adc.o(.bss.buffer)
    data_buf                                 0x2000108e   Data         512  main.o(.bss.data_buf)
    data_cumulation_1                        0x2000128e   Data        1024  distance_measure.o(.bss.data_cumulation_1)
    data_cumulation_2                        0x2000168e   Data        1024  distance_measure.o(.bss.data_cumulation_2)
    diff_tick                                0x20001a90   Data           4  app.o(.bss.diff_tick)
    distance_f                               0x20001a94   Data           4  main.o(.bss.distance_f)
    g_light_adc_value                        0x20001a98   Data           2  n32g4fr_it.o(.bss.g_light_adc_value)
    g_radar_if_adc_value                     0x20001a9a   Data           2  n32g4fr_it.o(.bss.g_radar_if_adc_value)
    leave_en                                 0x20001aa0   Data           4  app.o(.bss.leave_en)
    m_JS_RTT_UpBuffer                        0x20001aa4   Data       16384  main.o(.bss.m_JS_RTT_UpBuffer)
    mag_f                                    0x20005aac   Data           4  main.o(.bss.mag_f)
    now_tick                                 0x20005ab4   Data           4  app.o(.bss.now_tick)
    part_charge                              0x20005ab8   Data           4  main.o(.bss.part_charge)
    queue_in                                 0x20005abc   Data           4  system.o(.bss.queue_in)
    queue_out                                0x20005ac0   Data           4  system.o(.bss.queue_out)
    reset_bt_flag                            0x2000d2c4   Data           1  system.o(.bss.reset_bt_flag)
    speed_f                                  0x2000d2c8   Data           4  main.o(.bss.speed_f)
    start_tick                               0x2000d2cc   Data           4  app.o(.bss.start_tick)
    state                                    0x2000d2d0   Data           4  main.o(.bss.state)
    stop_update_flag                         0x2000d2d4   Data           1  system.o(.bss.stop_update_flag)
    updata_data                              0x2000d2e0   Data           8  protocol.o(.bss.updata_data)
    __initial_sp                             0x2000dae8   Data           0  startup_n32g4fr.o(STACK)



==============================================================================

Memory Map of the image

  Image Entry point : 0x08000199

  Load Region LR_IROM1 (Base: 0x08000000, Size: 0x000294c8, Max: 0x00080000, ABSOLUTE)

    Execution Region ER_IROM1 (Exec base: 0x08000000, Load base: 0x08000000, Size: 0x0002949c, Max: 0x00080000, ABSOLUTE)

    Exec Addr    Load Addr    Size         Type   Attr      Idx    E Section Name        Object

    0x08000000   0x08000000   0x00000198   Data   RO           18    RESET               startup_n32g4fr.o
    0x08000198   0x08000198   0x00000000   Code   RO         2330  * .ARM.Collect$$$$00000000  mc_w.l(entry.o)
    0x08000198   0x08000198   0x00000004   Code   RO         2415    .ARM.Collect$$$$00000001  mc_w.l(entry2.o)
    0x0800019c   0x0800019c   0x00000004   Code   RO         2418    .ARM.Collect$$$$00000004  mc_w.l(entry5.o)
    0x080001a0   0x080001a0   0x00000000   Code   RO         2420    .ARM.Collect$$$$00000008  mc_w.l(entry7b.o)
    0x080001a0   0x080001a0   0x00000000   Code   RO         2422    .ARM.Collect$$$$0000000A  mc_w.l(entry8b.o)
    0x080001a0   0x080001a0   0x00000008   Code   RO         2423    .ARM.Collect$$$$0000000B  mc_w.l(entry9a.o)
    0x080001a8   0x080001a8   0x00000000   Code   RO         2425    .ARM.Collect$$$$0000000D  mc_w.l(entry10a.o)
    0x080001a8   0x080001a8   0x00000000   Code   RO         2427    .ARM.Collect$$$$0000000F  mc_w.l(entry11a.o)
    0x080001a8   0x080001a8   0x00000004   Code   RO         2416    .ARM.Collect$$$$00002712  mc_w.l(entry2.o)
    0x080001ac   0x080001ac   0x00000024   Code   RO           19    .text               startup_n32g4fr.o
    0x080001d0   0x080001d0   0x00000062   Code   RO         2333    .text               mc_w.l(uldiv.o)
    0x08000232   0x08000232   0x00000062   Code   RO         2335    .text               mc_w.l(ldiv.o)
    0x08000294   0x08000294   0x00000008   Code   RO         2365    .text               mc_w.l(siabs.o)
    0x0800029c   0x0800029c   0x00000040   Code   RO         2371    .text               mc_w.l(memmovea.o)
    0x080002dc   0x080002dc   0x00000012   Code   RO         2377    .text               mc_w.l(strcpy.o)
    0x080002ee   0x080002ee   0x00000036   Code   RO         2411    .text               mf_w.l(dcmple.o)
    0x08000324   0x08000324   0x00000026   Code   RO         2413    .text               mf_w.l(f2d.o)
    0x0800034a   0x0800034a   0x0000002c   Code   RO         2439    .text               mc_w.l(uidiv.o)
    0x08000376   0x08000376   0x0000001e   Code   RO         2441    .text               mc_w.l(llshl.o)
    0x08000394   0x08000394   0x00000020   Code   RO         2443    .text               mc_w.l(llushr.o)
    0x080003b4   0x080003b4   0x00000000   Code   RO         2445    .text               mc_w.l(iusefp.o)
    0x080003b4   0x080003b4   0x0000014e   Code   RO         2446    .text               mf_w.l(dadd.o)
    0x08000502   0x08000502   0x000000e4   Code   RO         2448    .text               mf_w.l(dmul.o)
    0x080005e6   0x080005e6   0x000000de   Code   RO         2450    .text               mf_w.l(ddiv.o)
    0x080006c4   0x080006c4   0x00000030   Code   RO         2452    .text               mf_w.l(dfixul.o)
    0x080006f4   0x080006f4   0x00000030   Code   RO         2454    .text               mf_w.l(cdrcmple.o)
    0x08000724   0x08000724   0x00000024   Code   RO         2456    .text               mc_w.l(init.o)
    0x08000748   0x08000748   0x00000024   Code   RO         2458    .text               mc_w.l(llsshr.o)
    0x0800076c   0x0800076c   0x000000ba   Code   RO         2460    .text               mf_w.l(depilogue.o)
    0x08000826   0x08000826   0x00000002   PAD
    0x08000828   0x08000828   0x00000038   Code   RO          266    .text.ADC_ConfigClk  n32g4fr_adc.o
    0x08000860   0x08000860   0x000001a8   Code   RO          212    .text.ADC_ConfigRegularChannel  n32g4fr_adc.o
    0x08000a08   0x08000a08   0x0000002c   Code   RO          194    .text.ADC_Enable    n32g4fr_adc.o
    0x08000a34   0x08000a34   0x0000002c   Code   RO          196    .text.ADC_EnableDMA  n32g4fr_adc.o
    0x08000a60   0x08000a60   0x0000002c   Code   RO          214    .text.ADC_EnableExternalTrigConv  n32g4fr_adc.o
    0x08000a8c   0x08000a8c   0x0000002c   Code   RO          204    .text.ADC_EnableSoftwareStartConv  n32g4fr_adc.o
    0x08000ab8   0x08000ab8   0x0000002e   Code   RO          202    .text.ADC_GetCalibrationStatus  n32g4fr_adc.o
    0x08000ae6   0x08000ae6   0x00000002   PAD
    0x08000ae8   0x08000ae8   0x00000034   Code   RO          260    .text.ADC_GetFlagStatusNew  n32g4fr_adc.o
    0x08000b1c   0x08000b1c   0x0000009a   Code   RO          190    .text.ADC_Init      n32g4fr_adc.o
    0x08000bb6   0x08000bb6   0x00000002   PAD
    0x08000bb8   0x08000bb8   0x0000013c   Code   RO          256    .text.ADC_InitEx    n32g4fr_adc.o
    0x08000cf4   0x08000cf4   0x00000012   Code   RO          200    .text.ADC_StartCalibration  n32g4fr_adc.o
    0x08000d06   0x08000d06   0x00000002   PAD
    0x08000d08   0x08000d08   0x00000028   Code   RO         1575    .text.AdcConfig     adc.o
    0x08000d30   0x08000d30   0x00000132   Code   RO         1577    .text.AdcInitConfig  adc.o
    0x08000e62   0x08000e62   0x00000002   PAD
    0x08000e64   0x08000e64   0x00000004   Code   RO           30    .text.BusFault_Handler  n32g4fr_it.o
    0x08000e68   0x08000e68   0x000000bc   Code   RO           48    .text.DMA1_Channel8_IRQHandler  n32g4fr_it.o
    0x08000f24   0x08000f24   0x00000010   Code   RO          474    .text.DMA_ClrIntPendingBit  n32g4fr_dma.o
    0x08000f34   0x08000f34   0x0000002e   Code   RO          462    .text.DMA_ConfigInt  n32g4fr_dma.o
    0x08000f62   0x08000f62   0x00000002   PAD
    0x08000f64   0x08000f64   0x00000244   Code   RO          454    .text.DMA_DeInit    n32g4fr_dma.o
    0x080011a8   0x080011a8   0x0000002e   Code   RO          460    .text.DMA_EnableChannel  n32g4fr_dma.o
    0x080011d6   0x080011d6   0x00000002   PAD
    0x080011d8   0x080011d8   0x00000036   Code   RO          472    .text.DMA_GetIntStatus  n32g4fr_dma.o
    0x0800120e   0x0800120e   0x00000002   PAD
    0x08001210   0x08001210   0x0000006c   Code   RO          456    .text.DMA_Init      n32g4fr_dma.o
    0x0800127c   0x0800127c   0x00000002   Code   RO           36    .text.DebugMon_Handler  n32g4fr_it.o
    0x0800127e   0x0800127e   0x00000002   PAD
    0x08001280   0x08001280   0x00000008   Code   RO         1579    .text.DmaConfig     adc.o
    0x08001288   0x08001288   0x000000e6   Code   RO         1583    .text.DmaInitConfig  adc.o
    0x0800136e   0x0800136e   0x00000002   PAD
    0x08001370   0x08001370   0x0000040e   Code   RO          622    .text.GPIO_ConfigPinRemap  n32g4fr_gpio.o
    0x0800177e   0x0800177e   0x00000002   PAD
    0x08001780   0x08001780   0x00000186   Code   RO          594    .text.GPIO_InitPeripheral  n32g4fr_gpio.o
    0x08001906   0x08001906   0x00000002   PAD
    0x08001908   0x08001908   0x00000034   Code   RO          598    .text.GPIO_ReadInputDataBit  n32g4fr_gpio.o
    0x0800193c   0x0800193c   0x00000014   Code   RO          610    .text.GPIO_ResetBits  n32g4fr_gpio.o
    0x08001950   0x08001950   0x00000014   Code   RO          606    .text.GPIO_SetBits  n32g4fr_gpio.o
    0x08001964   0x08001964   0x00000004   Code   RO           28    .text.MemManage_Handler  n32g4fr_it.o
    0x08001968   0x08001968   0x00000002   Code   RO           26    .text.NMI_Handler   n32g4fr_it.o
    0x0800196a   0x0800196a   0x00000002   PAD
    0x0800196c   0x0800196c   0x000000aa   Code   RO          173    .text.NVIC_Init     misc.o
    0x08001a16   0x08001a16   0x00000002   PAD
    0x08001a18   0x08001a18   0x0000001c   Code   RO          171    .text.NVIC_PriorityGroupConfig  misc.o
    0x08001a34   0x08001a34   0x00000068   Code   RO         1859    .text.Queue_Read_Byte  system.o
    0x08001a9c   0x08001a9c   0x0000003e   Code   RO          849    .text.RCC_ConfigAdc1mClk  n32g4fr_rcc.o
    0x08001ada   0x08001ada   0x00000002   PAD
    0x08001adc   0x08001adc   0x0000002c   Code   RO          853    .text.RCC_ConfigAdcHclk  n32g4fr_rcc.o
    0x08001b08   0x08001b08   0x00000054   Code   RO          851    .text.RCC_ConfigAdcPllClk  n32g4fr_rcc.o
    0x08001b5c   0x08001b5c   0x0000002c   Code   RO          835    .text.RCC_ConfigPclk1  n32g4fr_rcc.o
    0x08001b88   0x08001b88   0x00000038   Code   RO          869    .text.RCC_EnableAHBPeriphClk  n32g4fr_rcc.o
    0x08001bc0   0x08001bc0   0x00000038   Code   RO          873    .text.RCC_EnableAPB1PeriphClk  n32g4fr_rcc.o
    0x08001bf8   0x08001bf8   0x00000038   Code   RO          871    .text.RCC_EnableAPB2PeriphClk  n32g4fr_rcc.o
    0x08001c30   0x08001c30   0x000001c4   Code   RO          867    .text.RCC_GetClocksFreqValue  n32g4fr_rcc.o
    0x08001df4   0x08001df4   0x000000a0   Code   RO         1929    .text.SEGGER_RTT_ConfigUpBuffer  segger_rtt.o
    0x08001e94   0x08001e94   0x00000008   Code   RO         1941    .text.SEGGER_RTT_Init  segger_rtt.o
    0x08001e9c   0x08001e9c   0x0000004c   Code   RO         1905    .text.SEGGER_RTT_Write  segger_rtt.o
    0x08001ee8   0x08001ee8   0x000000b0   Code   RO         1901    .text.SEGGER_RTT_WriteNoLock  segger_rtt.o
    0x08001f98   0x08001f98   0x0000002a   Code   RO         1974    .text.SEGGER_RTT_printf  segger_rtt_printf.o
    0x08001fc2   0x08001fc2   0x00000002   PAD
    0x08001fc4   0x08001fc4   0x0000033c   Code   RO         1966    .text.SEGGER_RTT_vprintf  segger_rtt_printf.o
    0x08002300   0x08002300   0x00000002   Code   RO           34    .text.SVC_Handler   n32g4fr_it.o
    0x08002302   0x08002302   0x00000002   PAD
    0x08002304   0x08002304   0x00000148   Code   RO            4    .text.SetSysClock   system_n32g4fr.o
    0x0800244c   0x0800244c   0x00000086   Code   RO         1533    .text.SysClkInit    sysclk.o
    0x080024d2   0x080024d2   0x00000002   PAD
    0x080024d4   0x080024d4   0x00000052   Code   RO          133    .text.SysTick_Config  app.o
    0x08002526   0x08002526   0x00000002   PAD
    0x08002528   0x08002528   0x0000000c   Code   RO          143    .text.SysTick_GetTick  app.o
    0x08002534   0x08002534   0x00000008   Code   RO           38    .text.SysTick_Handler  n32g4fr_it.o
    0x0800253c   0x0800253c   0x0000001a   Code   RO          135    .text.SysTick_IncTick  app.o
    0x08002556   0x08002556   0x00000002   PAD
    0x08002558   0x08002558   0x00000042   Code   RO          131    .text.SysTick_Init  app.o
    0x0800259a   0x0800259a   0x00000002   PAD
    0x0800259c   0x0800259c   0x00000008   Code   RO          141    .text.SysTick_IrqHandler  app.o
    0x080025a4   0x080025a4   0x000000cc   Code   RO            2    .text.SystemInit    system_n32g4fr.o
    0x08002670   0x08002670   0x00000128   Code   RO           50    .text.TIM1_CC_IRQHandler  n32g4fr_it.o
    0x08002798   0x08002798   0x00000002   Code   RO           42    .text.TIM2_IRQHandler  n32g4fr_it.o
    0x0800279a   0x0800279a   0x00000002   PAD
    0x0800279c   0x0800279c   0x00000002   Code   RO           44    .text.TIM3_IRQHandler  n32g4fr_it.o
    0x0800279e   0x0800279e   0x00000002   PAD
    0x080027a0   0x080027a0   0x00000014   Code   RO         1340    .text.TIM_ClrIntPendingBit  n32g4fr_tim.o
    0x080027b4   0x080027b4   0x0000002c   Code   RO         1214    .text.TIM_ConfigArPreload  n32g4fr_tim.o
    0x080027e0   0x080027e0   0x0000003c   Code   RO         1222    .text.TIM_ConfigOc1Preload  n32g4fr_tim.o
    0x0800281c   0x0800281c   0x0000003c   Code   RO         1226    .text.TIM_ConfigOc3Preload  n32g4fr_tim.o
    0x08002858   0x08002858   0x0000002c   Code   RO         1170    .text.TIM_Enable    n32g4fr_tim.o
    0x08002884   0x08002884   0x00000034   Code   RO         1172    .text.TIM_EnableCtrlPwmOutputs  n32g4fr_tim.o
    0x080028b8   0x080028b8   0x00000048   Code   RO         1338    .text.TIM_GetIntStatus  n32g4fr_tim.o
    0x08002900   0x08002900   0x000000fa   Code   RO         1128    .text.TIM_InitOc1   n32g4fr_tim.o
    0x080029fa   0x080029fa   0x00000002   PAD
    0x080029fc   0x080029fc   0x00000106   Code   RO         1132    .text.TIM_InitOc3   n32g4fr_tim.o
    0x08002b02   0x08002b02   0x00000002   PAD
    0x08002b04   0x08002b04   0x000002f4   Code   RO         1126    .text.TIM_InitTimeBase  n32g4fr_tim.o
    0x08002df8   0x08002df8   0x00000012   Code   RO         1555    .text.Timera_Config  timera_pwm.o
    0x08002e0a   0x08002e0a   0x00000002   PAD
    0x08002e0c   0x08002e0c   0x00000036   Code   RO           46    .text.USART3_IRQHandler  n32g4fr_it.o
    0x08002e42   0x08002e42   0x00000002   PAD
    0x08002e44   0x08002e44   0x00000092   Code   RO         1388    .text.USART_ConfigInt  n32g4fr_usart.o
    0x08002ed6   0x08002ed6   0x00000002   PAD
    0x08002ed8   0x08002ed8   0x0000002c   Code   RO         1386    .text.USART_Enable  n32g4fr_usart.o
    0x08002f04   0x08002f04   0x00000044   Code   RO         1422    .text.USART_GetFlagStatus  n32g4fr_usart.o
    0x08002f48   0x08002f48   0x000000b0   Code   RO         1426    .text.USART_GetIntStatus  n32g4fr_usart.o
    0x08002ff8   0x08002ff8   0x00000124   Code   RO         1378    .text.USART_Init    n32g4fr_usart.o
    0x0800311c   0x0800311c   0x00000010   Code   RO         1404    .text.USART_ReceiveData  n32g4fr_usart.o
    0x0800312c   0x0800312c   0x00000018   Code   RO         1402    .text.USART_SendData  n32g4fr_usart.o
    0x08003144   0x08003144   0x00000004   Code   RO           32    .text.UsageFault_Handler  n32g4fr_it.o
    0x08003148   0x08003148   0x0000009c   Code   RO         1883    .text._DoInit       segger_rtt.o
    0x080031e4   0x080031e4   0x0000003e   Code   RO         1895    .text._GetAvailWriteSpace  segger_rtt.o
    0x08003222   0x08003222   0x00000002   PAD
    0x08003224   0x08003224   0x000001cc   Code   RO         1970    .text._PrintInt     segger_rtt_printf.o
    0x080033f0   0x080033f0   0x000001ac   Code   RO         1972    .text._PrintUnsigned  segger_rtt_printf.o
    0x0800359c   0x0800359c   0x00000076   Code   RO         1968    .text._StoreChar    segger_rtt_printf.o
    0x08003612   0x08003612   0x00000002   PAD
    0x08003614   0x08003614   0x000000e4   Code   RO         1899    .text._WriteBlocking  segger_rtt.o
    0x080036f8   0x080036f8   0x0000008c   Code   RO         1897    .text._WriteNoCheck  segger_rtt.o
    0x08003784   0x08003784   0x00000042   Code   RO          139    .text.__NVIC_SetPriority  app.o
    0x080037c6   0x080037c6   0x00000002   PAD
    0x080037c8   0x080037c8   0x00000032   Code   RO         1652    .text.accumulate_data  distance_measure.o
    0x080037fa   0x080037fa   0x00000002   PAD
    0x080037fc   0x080037fc   0x00000024   Code   RO         1782    .text.all_data_update  protocol.o
    0x08003820   0x08003820   0x00000104   Code   RO           72    .text.alloc_mem     memalloc.o
    0x08003924   0x08003924   0x00000092   Code   RO         1611    .text.alphabeta_filter  alphabeta_filter.o
    0x080039b6   0x080039b6   0x00000002   PAD
    0x080039b8   0x080039b8   0x0000016e   Code   RO         1619    .text.apfft         apfft.o
    0x08003b26   0x08003b26   0x00000002   PAD
    0x08003b28   0x08003b28   0x00000040   Code   RO          153    .text.app           app.o
    0x08003b68   0x08003b68   0x0000005c   Code   RO         1493    .text.arctan        math_fp.o
    0x08003bc4   0x08003bc4   0x00000136   Code   RO         1495    .text.arctan2       math_fp.o
    0x08003cfa   0x08003cfa   0x00000002   PAD
    0x08003cfc   0x08003cfc   0x00000206   Code   RO         1504    .text.arm_absmax_q31  arm_absmax_q31.o
    0x08003f02   0x08003f02   0x00000002   PAD
    0x08003f04   0x08003f04   0x00000044   Code   RO         2291    .text.arm_bitreversal_32  arm_cortexM4lf_math.lib(arm_bitreversal2.o)
    0x08003f48   0x08003f48   0x000000d6   Code   RO         2080    .text.arm_cfft_q31  arm_cortexM4lf_math.lib(arm_cfft_q31.o)
    0x0800401e   0x0800401e   0x00000002   PAD
    0x08004020   0x08004020   0x00000108   Code   RO         2082    .text.arm_cfft_radix4by2_inverse_q31  arm_cortexM4lf_math.lib(arm_cfft_q31.o)
    0x08004128   0x08004128   0x0000011c   Code   RO         2084    .text.arm_cfft_radix4by2_q31  arm_cortexM4lf_math.lib(arm_cfft_q31.o)
    0x08004244   0x08004244   0x000000c2   Code   RO         1993    .text.arm_cmplx_mag_q31  arm_cortexM4lf_math.lib(arm_cmplx_mag_q31.o)
    0x08004306   0x08004306   0x00000002   PAD
    0x08004308   0x08004308   0x00000052   Code   RO         2044    .text.arm_mean_q15  arm_cortexM4lf_math.lib(arm_mean_q15.o)
    0x0800435a   0x0800435a   0x00000002   PAD
    0x0800435c   0x0800435c   0x0000007a   Code   RO         2053    .text.arm_mean_q31  arm_cortexM4lf_math.lib(arm_mean_q31.o)
    0x080043d6   0x080043d6   0x00000002   PAD
    0x080043d8   0x080043d8   0x0000004e   Code   RO         1984    .text.arm_offset_q15  arm_cortexM4lf_math.lib(arm_offset_q15.o)
    0x08004426   0x08004426   0x00000002   PAD
    0x08004428   0x08004428   0x000003d6   Code   RO         2305    .text.arm_radix4_butterfly_inverse_q31  arm_cortexM4lf_math.lib(arm_cfft_radix4_q31.o)
    0x080047fe   0x080047fe   0x00000002   PAD
    0x08004800   0x08004800   0x000003ce   Code   RO         2307    .text.arm_radix4_butterfly_q31  arm_cortexM4lf_math.lib(arm_cfft_radix4_q31.o)
    0x08004bce   0x08004bce   0x000000d4   Code   RO         2021    .text.arm_rfft_init_q31  arm_cortexM4lf_math.lib(arm_rfft_init_q31.o)
    0x08004ca2   0x08004ca2   0x00000002   PAD
    0x08004ca4   0x08004ca4   0x00000076   Code   RO         2030    .text.arm_rfft_q31  arm_cortexM4lf_math.lib(arm_rfft_q31.o)
    0x08004d1a   0x08004d1a   0x00000002   PAD
    0x08004d1c   0x08004d1c   0x00000112   Code   RO         2034    .text.arm_split_rfft_q31  arm_cortexM4lf_math.lib(arm_rfft_q31.o)
    0x08004e2e   0x08004e2e   0x00000002   PAD
    0x08004e30   0x08004e30   0x00000084   Code   RO         2032    .text.arm_split_rifft_q31  arm_cortexM4lf_math.lib(arm_rfft_q31.o)
    0x08004eb4   0x08004eb4   0x000000f4   Code   RO         2071    .text.arm_sqrt_q31  arm_cortexM4lf_math.lib(arm_sqrt_q31.o)
    0x08004fa8   0x08004fa8   0x000000f8   Code   RO         2062    .text.arm_std_q31   arm_cortexM4lf_math.lib(arm_std_q31.o)
    0x080050a0   0x080050a0   0x00000016   Code   RO         1796    .text.bt_close_timer_result  protocol.o
    0x080050b6   0x080050b6   0x00000002   PAD
    0x080050b8   0x080050b8   0x00000016   Code   RO         1808    .text.bt_disconnect_result  protocol.o
    0x080050ce   0x080050ce   0x00000002   PAD
    0x080050d0   0x080050d0   0x00000016   Code   RO         1800    .text.bt_enable_lowpoer_result  protocol.o
    0x080050e6   0x080050e6   0x00000002   PAD
    0x080050e8   0x080050e8   0x00000002   Code   RO         1812    .text.bt_factor_reset_notify  protocol.o
    0x080050ea   0x080050ea   0x00000002   PAD
    0x080050ec   0x080050ec   0x00000016   Code   RO         1792    .text.bt_modify_adv_interval_result  protocol.o
    0x08005102   0x08005102   0x00000002   PAD
    0x08005104   0x08005104   0x0000002a   Code   RO         1766    .text.bt_protocol_init  mcu_api.o
    0x0800512e   0x0800512e   0x00000002   PAD
    0x08005130   0x08005130   0x00000016   Code   RO         1804    .text.bt_send_one_time_password_token_result  protocol.o
    0x08005146   0x08005146   0x00000002   PAD
    0x08005148   0x08005148   0x00000090   Code   RO         1762    .text.bt_uart_service  mcu_api.o
    0x080051d8   0x080051d8   0x0000003e   Code   RO         1845    .text.bt_uart_write_data  system.o
    0x08005216   0x08005216   0x00000002   PAD
    0x08005218   0x08005218   0x00000070   Code   RO         1843    .text.bt_uart_write_frame  system.o
    0x08005288   0x08005288   0x00000044   Code   RO         1635    .text.cal_q_q31     corrcoef.o
    0x080052cc   0x080052cc   0x00000044   Code   RO         1699    .text.cal_q_q31     micromotion_detection.o
    0x08005310   0x08005310   0x0000006e   Code   RO         1695    .text.cfar_ca       micromotion_detection.o
    0x0800537e   0x0800537e   0x00000002   PAD
    0x08005380   0x08005380   0x00000054   Code   RO         1535    .text.clk_test      sysclk.o
    0x080053d4   0x080053d4   0x00000056   Code   RO          145    .text.close_process  app.o
    0x0800542a   0x0800542a   0x00000002   PAD
    0x0800542c   0x0800542c   0x0000015c   Code   RO         1633    .text.corrcoef_q31  corrcoef.o
    0x08005588   0x08005588   0x0000025e   Code   RO         1847    .text.data_handle   system.o
    0x080057e6   0x080057e6   0x00000002   PAD
    0x080057e8   0x080057e8   0x00000086   Code   RO         1855    .text.data_point_handle  system.o
    0x0800586e   0x0800586e   0x00000002   PAD
    0x08005870   0x08005870   0x00000166   Code   RO         1784    .text.dp_download_handle  protocol.o
    0x080059d6   0x080059d6   0x00000002   PAD
    0x080059d8   0x080059d8   0x00000012   Code   RO         1551    .text.enable_timer_pwm  timera_pwm.o
    0x080059ea   0x080059ea   0x00000002   PAD
    0x080059ec   0x080059ec   0x00000076   Code   RO         1709    .text.find_max_peak  vd_calculation.o
    0x08005a62   0x08005a62   0x00000002   PAD
    0x08005a64   0x08005a64   0x00000034   Code   RO          105    .text.fputc         main.o
    0x08005a98   0x08005a98   0x00000060   Code   RO           74    .text.free_mem      memalloc.o
    0x08005af8   0x08005af8   0x0000004a   Code   RO         1841    .text.get_check_sum  system.o
    0x08005b42   0x08005b42   0x00000002   PAD
    0x08005b44   0x08005b44   0x00000058   Code   RO         1861    .text.get_dowmload_dpid_index  system.o
    0x08005b9c   0x08005b9c   0x00000004   Code   RO         1786    .text.get_download_cmd_total  protocol.o
    0x08005ba0   0x08005ba0   0x00000018   Code   RO         1853    .text.get_mcu_bt_mode  system.o
    0x08005bb8   0x08005bb8   0x00000034   Code   RO         1857    .text.get_queue_total_data  system.o
    0x08005bec   0x08005bec   0x0000001c   Code   RO         1587    .text.get_sample_data  adc.o
    0x08005c08   0x08005c08   0x0000005e   Code   RO         1512    .text.gpio_init     gpio.o
    0x08005c66   0x08005c66   0x00000002   PAD
    0x08005c68   0x08005c68   0x00000052   Code   RO         1849    .text.heat_beat_check  system.o
    0x08005cba   0x08005cba   0x00000006   PAD
    0x08005cc0   0x08005cc0   0x00000188   Code   RO          151    .text.idle_process  app.o
    0x08005e48   0x08005e48   0x0000004a   Code   RO           70    .text.init_mem      memalloc.o
    0x08005e92   0x08005e92   0x00000002   PAD
    0x08005e94   0x08005e94   0x00000020   Code   RO         1573    .text.init_pin      adc.o
    0x08005eb4   0x08005eb4   0x0000008c   Code   RO         1549    .text.init_timer    timera_pwm.o
    0x08005f40   0x08005f40   0x00000106   Code   RO         1545    .text.init_timer_pin  timera_pwm.o
    0x08006046   0x08006046   0x00000002   PAD
    0x08006048   0x08006048   0x00000016   Code   RO          109    .text.is_data_available  main.o
    0x0800605e   0x0800605e   0x00000002   PAD
    0x08006060   0x08006060   0x00000034   Code   RO          147    .text.leave_s0      app.o
    0x08006094   0x08006094   0x0000004c   Code   RO          149    .text.leave_s1      app.o
    0x080060e0   0x080060e0   0x00000036   Code   RO         1520    .text.led_init      led.o
    0x08006116   0x08006116   0x00000002   PAD
    0x08006118   0x08006118   0x000001b4   Code   RO          107    .text.main          main.o
    0x080062cc   0x080062cc   0x00000290   Code   RO         1764    .text.mcu_common_uart_data_unpack  mcu_api.o
    0x0800655c   0x0800655c   0x000000bc   Code   RO         1746    .text.mcu_dp_value_update  mcu_api.o
    0x08006618   0x08006618   0x0000015c   Code   RO         1654    .text.measure_distance  distance_measure.o
    0x08006774   0x08006774   0x000001ae   Code   RO         1697    .text.micromotion_detection  micromotion_detection.o
    0x08006922   0x08006922   0x00000002   PAD
    0x08006924   0x08006924   0x000000ae   Code   RO         1726    .text.my_memcpy     mcu_api.o
    0x080069d2   0x080069d2   0x00000002   PAD
    0x080069d4   0x080069d4   0x00000046   Code   RO         1724    .text.my_memset     mcu_api.o
    0x08006a1a   0x08006a1a   0x00000002   PAD
    0x08006a1c   0x08006a1c   0x0000003a   Code   RO         1722    .text.my_strlen     mcu_api.o
    0x08006a56   0x08006a56   0x00000002   PAD
    0x08006a58   0x08006a58   0x00000060   Code   RO         1851    .text.product_info_update  system.o
    0x08006ab8   0x08006ab8   0x00000032   Code   RO           93    .text.ring_buf_empty  ringbuffer.o
    0x08006aea   0x08006aea   0x00000002   PAD
    0x08006aec   0x08006aec   0x00000032   Code   RO          111    .text.ring_buf_empty  main.o
    0x08006b1e   0x08006b1e   0x00000002   PAD
    0x08006b20   0x08006b20   0x00000056   Code   RO           89    .text.ring_buf_full  ringbuffer.o
    0x08006b76   0x08006b76   0x00000002   PAD
    0x08006b78   0x08006b78   0x000000a4   Code   RO           91    .text.ring_buffer_get  ringbuffer.o
    0x08006c1c   0x08006c1c   0x0000005e   Code   RO           87    .text.ring_buffer_put  ringbuffer.o
    0x08006c7a   0x08006c7a   0x00000002   PAD
    0x08006c7c   0x08006c7c   0x00000082   Code   RO          103    .text.rtt_init      main.o
    0x08006cfe   0x08006cfe   0x00000002   PAD
    0x08006d00   0x08006d00   0x00000042   Code   RO         1839    .text.set_bt_uart_buffer  system.o
    0x08006d42   0x08006d42   0x00000002   PAD
    0x08006d44   0x08006d44   0x00000036   Code   RO         1837    .text.set_bt_uart_byte  system.o
    0x08006d7a   0x08006d7a   0x00000002   PAD
    0x08006d7c   0x08006d7c   0x00000012   Code   RO         1553    .text.start_timer   timera_pwm.o
    0x08006d8e   0x08006d8e   0x00000002   PAD
    0x08006d90   0x08006d90   0x00000016   Code   RO          137    .text.tick_init     app.o
    0x08006da6   0x08006da6   0x00000002   PAD
    0x08006da8   0x08006da8   0x000000b2   Code   RO         1600    .text.time3_init    tim3.o
    0x08006e5a   0x08006e5a   0x00000002   PAD
    0x08006e5c   0x08006e5c   0x00000012   Code   RO         1602    .text.time3_start   tim3.o
    0x08006e6e   0x08006e6e   0x00000002   PAD
    0x08006e70   0x08006e70   0x000000be   Code   RO         1760    .text.uart_receive_input  mcu_api.o
    0x08006f2e   0x08006f2e   0x00000002   PAD
    0x08006f30   0x08006f30   0x00000032   Code   RO         1780    .text.uart_transmit_output  protocol.o
    0x08006f62   0x08006f62   0x00000002   PAD
    0x08006f64   0x08006f64   0x000000b2   Code   RO         1565    .text.usart_init    usart.o
    0x08007016   0x08007016   0x00000002   PAD
    0x08007018   0x08007018   0x00000354   Code   RO         1711    .text.vd_calculation  vd_calculation.o
    0x0800736c   0x0800736c   0x00000020   Code   RO         2384    i.__0printf         mc_w.l(printfa.o)
    0x0800738c   0x0800738c   0x0000000e   Code   RO         2464    i.__scatterload_copy  mc_w.l(handlers.o)
    0x0800739a   0x0800739a   0x00000002   Code   RO         2465    i.__scatterload_null  mc_w.l(handlers.o)
    0x0800739c   0x0800739c   0x0000000e   Code   RO         2466    i.__scatterload_zeroinit  mc_w.l(handlers.o)
    0x080073aa   0x080073aa   0x00000002   PAD
    0x080073ac   0x080073ac   0x00000184   Code   RO         2391    i._fp_digits        mc_w.l(printfa.o)
    0x08007530   0x08007530   0x000006dc   Code   RO         2392    i._printf_core      mc_w.l(printfa.o)
    0x08007c0c   0x08007c0c   0x00000024   Code   RO         2393    i._printf_post_padding  mc_w.l(printfa.o)
    0x08007c30   0x08007c30   0x0000002e   Code   RO         2394    i._printf_pre_padding  mc_w.l(printfa.o)
    0x08007c5e   0x08007c5e   0x00000010   Data   RO         1976    .rodata._PrintUnsigned._aV2C  segger_rtt_printf.o
    0x08007c6e   0x08007c6e   0x000007c0   Data   RO         2155    .rodata.armBitRevIndexTable_fixed_1024  arm_cortexM4lf_math.lib(arm_common_tables.o)
    0x0800842e   0x0800842e   0x000000e0   Data   RO         2152    .rodata.armBitRevIndexTable_fixed_128  arm_cortexM4lf_math.lib(arm_common_tables.o)
    0x0800850e   0x0800850e   0x00000018   Data   RO         2149    .rodata.armBitRevIndexTable_fixed_16  arm_cortexM4lf_math.lib(arm_common_tables.o)
    0x08008526   0x08008526   0x00000f80   Data   RO         2156    .rodata.armBitRevIndexTable_fixed_2048  arm_cortexM4lf_math.lib(arm_common_tables.o)
    0x080094a6   0x080094a6   0x000001e0   Data   RO         2153    .rodata.armBitRevIndexTable_fixed_256  arm_cortexM4lf_math.lib(arm_common_tables.o)
    0x08009686   0x08009686   0x00000030   Data   RO         2150    .rodata.armBitRevIndexTable_fixed_32  arm_cortexM4lf_math.lib(arm_common_tables.o)
    0x080096b6   0x080096b6   0x00001f80   Data   RO         2157    .rodata.armBitRevIndexTable_fixed_4096  arm_cortexM4lf_math.lib(arm_common_tables.o)
    0x0800b636   0x0800b636   0x000003c0   Data   RO         2154    .rodata.armBitRevIndexTable_fixed_512  arm_cortexM4lf_math.lib(arm_common_tables.o)
    0x0800b9f6   0x0800b9f6   0x00000070   Data   RO         2151    .rodata.armBitRevIndexTable_fixed_64  arm_cortexM4lf_math.lib(arm_common_tables.o)
    0x0800ba66   0x0800ba66   0x00000002   PAD
    0x0800ba68   0x0800ba68   0x00000010   Data   RO         2238    .rodata.arm_cfft_sR_q31_len1024  arm_cortexM4lf_math.lib(arm_const_structs.o)
    0x0800ba78   0x0800ba78   0x00000010   Data   RO         2235    .rodata.arm_cfft_sR_q31_len128  arm_cortexM4lf_math.lib(arm_const_structs.o)
    0x0800ba88   0x0800ba88   0x00000010   Data   RO         2232    .rodata.arm_cfft_sR_q31_len16  arm_cortexM4lf_math.lib(arm_const_structs.o)
    0x0800ba98   0x0800ba98   0x00000010   Data   RO         2239    .rodata.arm_cfft_sR_q31_len2048  arm_cortexM4lf_math.lib(arm_const_structs.o)
    0x0800baa8   0x0800baa8   0x00000010   Data   RO         2236    .rodata.arm_cfft_sR_q31_len256  arm_cortexM4lf_math.lib(arm_const_structs.o)
    0x0800bab8   0x0800bab8   0x00000010   Data   RO         2233    .rodata.arm_cfft_sR_q31_len32  arm_cortexM4lf_math.lib(arm_const_structs.o)
    0x0800bac8   0x0800bac8   0x00000010   Data   RO         2240    .rodata.arm_cfft_sR_q31_len4096  arm_cortexM4lf_math.lib(arm_const_structs.o)
    0x0800bad8   0x0800bad8   0x00000010   Data   RO         2237    .rodata.arm_cfft_sR_q31_len512  arm_cortexM4lf_math.lib(arm_const_structs.o)
    0x0800bae8   0x0800bae8   0x00000010   Data   RO         2234    .rodata.arm_cfft_sR_q31_len64  arm_cortexM4lf_math.lib(arm_const_structs.o)
    0x0800baf8   0x0800baf8   0x00000008   Data   RO         1701    .rodata.cfar_param  micromotion_detection.o
    0x0800bb00   0x0800bb00   0x0000000e   Data   RO         1828    .rodata.download_cmd  protocol.o
    0x0800bb0e   0x0800bb0e   0x00000800   Data   RO         1683    .rodata.freq_linspace  freq_linspace.o
    0x0800c30e   0x0800c30e   0x00000800   Data   RO         1677    .rodata.hamming_TAB512  hamming.o
    0x0800cb0e   0x0800cb0e   0x00000002   PAD
    0x0800cb10   0x0800cb10   0x000007fc   Data   RO         1689    .rodata.hanning_conv_TAB511  hanning_conv.o
    0x0800d30c   0x0800d30c   0x00008000   Data   RO         2176    .rodata.realCoefAQ31  arm_cortexM4lf_math.lib(arm_common_tables.o)
    0x0801530c   0x0801530c   0x00008000   Data   RO         2177    .rodata.realCoefBQ31  arm_cortexM4lf_math.lib(arm_common_tables.o)
    0x0801d30c   0x0801d30c   0x00000010   Data   RO          898    .rodata.s_AdcHclkPresTable  n32g4fr_rcc.o
    0x0801d31c   0x0801d31c   0x00000020   Data   RO          899    .rodata.s_AdcPllClkPresTable  n32g4fr_rcc.o
    0x0801d33c   0x0801d33c   0x00000010   Data   RO          897    .rodata.s_ApbAhbPresTable  n32g4fr_rcc.o
    0x0801d34c   0x0801d34c   0x0000001c   Data   RO           79    .rodata.str1.1      memalloc.o
    0x0801d368   0x0801d368   0x00000027   Data   RO           95    .rodata.str1.1      ringbuffer.o
    0x0801d38f   0x0801d38f   0x000000be   Data   RO          120    .rodata.str1.1      main.o
    0x0801d44d   0x0801d44d   0x00000034   Data   RO         1537    .rodata.str1.1      sysclk.o
    0x0801d481   0x0801d481   0x00000033   Data   RO         1557    .rodata.str1.1      timera_pwm.o
    0x0801d4b4   0x0801d4b4   0x0000000f   Data   RO         1873    .rodata.str1.1      system.o
    0x0801d4c3   0x0801d4c3   0x00000014   Data   RO         1956    .rodata.str1.1      segger_rtt.o
    0x0801d4d7   0x0801d4d7   0x00000001   PAD
    0x0801d4d8   0x0801d4d8   0x00001800   Data   RO         2119    .rodata.twiddleCoef_1024_q31  arm_cortexM4lf_math.lib(arm_common_tables.o)
    0x0801ecd8   0x0801ecd8   0x00000300   Data   RO         2116    .rodata.twiddleCoef_128_q31  arm_cortexM4lf_math.lib(arm_common_tables.o)
    0x0801efd8   0x0801efd8   0x00000060   Data   RO         2113    .rodata.twiddleCoef_16_q31  arm_cortexM4lf_math.lib(arm_common_tables.o)
    0x0801f038   0x0801f038   0x00003000   Data   RO         2120    .rodata.twiddleCoef_2048_q31  arm_cortexM4lf_math.lib(arm_common_tables.o)
    0x08022038   0x08022038   0x00000600   Data   RO         2117    .rodata.twiddleCoef_256_q31  arm_cortexM4lf_math.lib(arm_common_tables.o)
    0x08022638   0x08022638   0x000000c0   Data   RO         2114    .rodata.twiddleCoef_32_q31  arm_cortexM4lf_math.lib(arm_common_tables.o)
    0x080226f8   0x080226f8   0x00006000   Data   RO         2121    .rodata.twiddleCoef_4096_q31  arm_cortexM4lf_math.lib(arm_common_tables.o)
    0x080286f8   0x080286f8   0x00000c00   Data   RO         2118    .rodata.twiddleCoef_512_q31  arm_cortexM4lf_math.lib(arm_common_tables.o)
    0x080292f8   0x080292f8   0x00000180   Data   RO         2115    .rodata.twiddleCoef_64_q31  arm_cortexM4lf_math.lib(arm_common_tables.o)
    0x08029478   0x08029478   0x00000004   Data   RO          113    .rodata.version_num  main.o
    0x0802947c   0x0802947c   0x00000020   Data   RO         2463    Region$$Table       anon$$obj.o


    Execution Region RW_IRAM1 (Exec base: 0x20000000, Load base: 0x080294a0, Size: 0x0000dae8, Max: 0x00020000, ABSOLUTE)

    Exec Addr    Load Addr    Size         Type   Attr      Idx    E Section Name        Object

    0x20000000   0x080294a0   0x00000004   Data   RW         2429    .data               mc_w.l(stdout.o)
    0x20000004   0x080294a4   0x00000004   Data   RW            8    .data.SystemCoreClock  system_n32g4fr.o
    0x20000008   0x080294a8   0x00000014   Data   RW          114    .data.measure_th    main.o
    0x2000001c   0x080294bc   0x0000000c   Data   RW         1590    .data.ring_buffer   adc.o
    0x20000028        -       0x00000004   Zero   RW           59    .bss.DMA1_Channel8_IRQHandler.current_address  n32g4fr_it.o
    0x2000002c        -       0x00000004   Zero   RW           58    .bss.DMA1_Channel8_IRQHandler.i  n32g4fr_it.o
    0x20000030        -       0x00000004   Zero   RW           60    .bss.TIM1_CC_IRQHandler.byte_offset_addr  n32g4fr_it.o
    0x20000034        -       0x00000002   Zero   RW         1770    .bss.UART_RX_Count  mcu_api.o
    0x20000036   0x080294c8   0x00000002   PAD
    0x20000038        -       0x000000a8   Zero   RW         1953    .bss._SEGGER_RTT    segger_rtt.o
    0x200000e0        -       0x00000010   Zero   RW         1958    .bss._acDownBuffer  segger_rtt.o
    0x200000f0        -       0x00000400   Zero   RW         1957    .bss._acUpBuffer    segger_rtt.o
    0x200004f0        -       0x00000017   Zero   RW         1869    .bss.bt_queue_buf   system.o
    0x20000507        -       0x00000087   Zero   RW         1864    .bss.bt_uart_rx_buf  system.o
    0x2000058e        -       0x00000003   Zero   RW         1769    .bss.bt_uart_rx_buf_temp  mcu_api.o
    0x20000591   0x080294c8   0x00000001   PAD
    0x20000592        -       0x00000002   Zero   RW         1768    .bss.bt_uart_service.rx_in  mcu_api.o
    0x20000594        -       0x00000207   Zero   RW         1863    .bss.bt_uart_tx_buf  system.o
    0x2000079b        -       0x00000001   Zero   RW         1865    .bss.bt_work_state  system.o
    0x2000079c        -       0x00000800   Zero   RW         1589    .bss.buffer         adc.o
    0x20000f9c        -       0x000000f0   Zero   RW           77    .bss.chunks         memalloc.o
    0x2000108c        -       0x00000001   Zero   RW         1771    .bss.current_uart_rev_state_type  mcu_api.o
    0x2000108d   0x080294c8   0x00000001   PAD
    0x2000108e        -       0x00000200   Zero   RW          122    .bss.data_buf       main.o
    0x2000128e        -       0x00000400   Zero   RW         1657    .bss.data_cumulation_1  distance_measure.o
    0x2000168e        -       0x00000400   Zero   RW         1658    .bss.data_cumulation_2  distance_measure.o
    0x20001a8e   0x080294c8   0x00000002   PAD
    0x20001a90        -       0x00000004   Zero   RW          158    .bss.diff_tick      app.o
    0x20001a94        -       0x00000004   Zero   RW          116    .bss.distance_f     main.o
    0x20001a98        -       0x00000002   Zero   RW           62    .bss.g_light_adc_value  n32g4fr_it.o
    0x20001a9a        -       0x00000002   Zero   RW           61    .bss.g_radar_if_adc_value  n32g4fr_it.o
    0x20001a9c        -       0x00000001   Zero   RW         1872    .bss.heat_beat_check.mcu_reset_state  system.o
    0x20001a9d   0x080294c8   0x00000003   PAD
    0x20001aa0        -       0x00000004   Zero   RW          159    .bss.leave_en       app.o
    0x20001aa4        -       0x00004000   Zero   RW          121    .bss.m_JS_RTT_UpBuffer  main.o
    0x20005aa4        -       0x00000004   Zero   RW          161    .bss.m_u32TickCount  app.o
    0x20005aa8        -       0x00000004   Zero   RW          160    .bss.m_u32TickStep  app.o
    0x20005aac        -       0x00000004   Zero   RW          118    .bss.mag_f          main.o
    0x20005ab0        -       0x00000004   Zero   RW         1656    .bss.measure_distance.data_index  distance_measure.o
    0x20005ab4        -       0x00000004   Zero   RW          157    .bss.now_tick       app.o
    0x20005ab8        -       0x00000004   Zero   RW          119    .bss.part_charge    main.o
    0x20005abc        -       0x00000004   Zero   RW         1867    .bss.queue_in       system.o
    0x20005ac0        -       0x00000004   Zero   RW         1868    .bss.queue_out      system.o
    0x20005ac4        -       0x00007800   Zero   RW           76    .bss.reserved_mem   memalloc.o
    0x2000d2c4        -       0x00000001   Zero   RW         1866    .bss.reset_bt_flag  system.o
    0x2000d2c5   0x080294c8   0x00000003   PAD
    0x2000d2c8        -       0x00000004   Zero   RW          117    .bss.speed_f        main.o
    0x2000d2cc        -       0x00000004   Zero   RW          156    .bss.start_tick     app.o
    0x2000d2d0        -       0x00000004   Zero   RW          115    .bss.state          main.o
    0x2000d2d4        -       0x00000001   Zero   RW         1870    .bss.stop_update_flag  system.o
    0x2000d2d5   0x080294c8   0x00000003   PAD
    0x2000d2d8        -       0x00000004   Zero   RW           78    .bss.total          memalloc.o
    0x2000d2dc        -       0x00000002   Zero   RW         1772    .bss.uart_data_len  mcu_api.o
    0x2000d2de   0x080294c8   0x00000002   PAD
    0x2000d2e0        -       0x00000008   Zero   RW         1829    .bss.updata_data    protocol.o
    0x2000d2e8        -       0x00000800   Zero   RW           16    STACK               startup_n32g4fr.o


==============================================================================

Image component sizes


      Code (inc. data)   RO Data    RW Data    ZI Data      Debug   Object Name

       644          0          0         12       2048       7082   adc.o
       146          0          0          0          0       1208   alphabeta_filter.o
       366          0          0          0          0       1763   apfft.o
       952         12          0          0         24       5823   app.o
       518          0          0          0          0       1930   arm_absmax_q31.o
       416          0          0          0          0       1692   corrcoef.o
       398          0          0          0       2052       1621   distance_measure.o
         0          0       2048          0          0        565   freq_linspace.o
        94          0          0          0          0       1428   gpio.o
         0          0       2048          0          0        554   hamming.o
         0          0       2044          0          0        567   hanning_conv.o
        54          0          0          0          0       1613   led.o
       690          4        194         20      16916       3826   main.o
       402          0          0          0          0       1269   math_fp.o
      1522          6          0          0         10       6616   mcu_api.o
       430          0         28          0      30964       1593   memalloc.o
       608          0          8          0          0       2847   micromotion_detection.o
       198          0          0          0          0       2910   misc.o
      1242          0          0          0          0      10178   n32g4fr_adc.o
       850          0          0          0          0       3905   n32g4fr_dma.o
      1520          0          0          0          0       6248   n32g4fr_gpio.o
       568          0          0          0         16       4077   n32g4fr_it.o
       854          0         64          0          0       8694   n32g4fr_rcc.o
      1620          0          0          0          0      23640   n32g4fr_tim.o
       766          0          0          0          0       6792   n32g4fr_usart.o
       560         16         14          0          8       5241   protocol.o
       394          0         39          0          0       1629   ringbuffer.o
      1006          0         20          0       1208      13097   segger_rtt.o
      1876         14         16          0          0       3789   segger_rtt_printf.o
        36          8        408          0       2048        856   startup_n32g4fr.o
       218          0         52          0          0       1131   sysclk.o
      1554          0         15          0        689       3895   system.o
       532          0          0          4          0       2908   system_n32g4fr.o
       196          0          0          0          0       3207   tim3.o
       456          4         51          0          0       5997   timera_pwm.o
       178          0          0          0          0       4227   usart.o
       970          0          0          0          0       2971   vd_calculation.o

    ----------------------------------------------------------------------
     22988         64       7084         36      56000     157389   Object Totals
         0          0         32          0          0          0   (incl. Generated)
       154          0          3          0         17          0   (incl. Padding)

    ----------------------------------------------------------------------

      Code (inc. data)   RO Data    RW Data    ZI Data      Debug   Library Member Name

        68          0          0          0          0       1792   arm_bitreversal2.o
       762          0          0          0          0       3279   arm_cfft_q31.o
      1956          0          0          0          0       7914   arm_cfft_radix4_q31.o
       194          0          0          0          0       1363   arm_cmplx_mag_q31.o
         0          0     130456          0          0       6294   arm_common_tables.o
         0          0        144          0          0       4820   arm_const_structs.o
        82          0          0          0          0       1313   arm_mean_q15.o
       122          0          0          0          0       1150   arm_mean_q31.o
        78          0          0          0          0       1584   arm_offset_q15.o
       212          0          0          0          0       1711   arm_rfft_init_q31.o
       524          0          0          0          0       3339   arm_rfft_q31.o
       244          8          0          0          0       2022   arm_sqrt_q31.o
       248          0          0          0          0       1688   arm_std_q31.o
         0          0          0          0          0          0   entry.o
         0          0          0          0          0          0   entry10a.o
         0          0          0          0          0          0   entry11a.o
         8          4          0          0          0          0   entry2.o
         4          0          0          0          0          0   entry5.o
         0          0          0          0          0          0   entry7b.o
         0          0          0          0          0          0   entry8b.o
         8          4          0          0          0          0   entry9a.o
        30          0          0          0          0          0   handlers.o
        36          8          0          0          0         68   init.o
         0          0          0          0          0          0   iusefp.o
        98          0          0          0          0         84   ldiv.o
        30          0          0          0          0         68   llshl.o
        36          0          0          0          0         68   llsshr.o
        32          0          0          0          0         68   llushr.o
        64          0          0          0          0         76   memmovea.o
      2258         90          0          0          0        452   printfa.o
         8          0          0          0          0         68   siabs.o
         0          0          0          4          0          0   stdout.o
        18          0          0          0          0         68   strcpy.o
        44          0          0          0          0         80   uidiv.o
        98          0          0          0          0         92   uldiv.o
        48          0          0          0          0         68   cdrcmple.o
       334          0          0          0          0        148   dadd.o
        54          0          0          0          0         80   dcmple.o
       222          0          0          0          0        100   ddiv.o
       186          0          0          0          0        176   depilogue.o
        48          0          0          0          0         68   dfixul.o
       228          0          0          0          0         96   dmul.o
        38          0          0          0          0         68   f2d.o

    ----------------------------------------------------------------------
      8442        114     130602          4          0      40265   Library Totals
        22          0          2          0          0          0   (incl. Padding)

    ----------------------------------------------------------------------

      Code (inc. data)   RO Data    RW Data    ZI Data      Debug   Library Name

      4490          8     130600          0          0      38269   arm_cortexM4lf_math.lib
      2772        106          0          4          0       1192   mc_w.l
      1158          0          0          0          0        804   mf_w.l

    ----------------------------------------------------------------------
      8442        114     130602          4          0      40265   Library Totals

    ----------------------------------------------------------------------

==============================================================================


      Code (inc. data)   RO Data    RW Data    ZI Data      Debug   

     31430        178     137686         40      56000     196070   Grand Totals
     31430        178     137686         40      56000     196070   ELF Image Totals
     31430        178     137686         40          0          0   ROM Totals

==============================================================================

    Total RO  Size (Code + RO Data)               169116 ( 165.15kB)
    Total RW  Size (RW Data + ZI Data)             56040 (  54.73kB)
    Total ROM Size (Code + RO Data + RW Data)     169156 ( 165.19kB)

==============================================================================

