Component: ARM Compiler 6.16 Tool: armlink [5dfeaa00]

==============================================================================

Image Symbol Table

    Local Symbols

    Symbol Name                              Value     Ov Type        Size  Object(Section)

    ../clib/division.s                       0x00000000   Number         0  aeabi_sdiv.o ABSOLUTE
    ../clib/microlib/ctype/ctype.c           0x00000000   Number         0  ctype_o.o ABSOLUTE
    ../clib/microlib/ctype/ctype.c           0x00000000   Number         0  isalnum_o.o ABSOLUTE
    ../clib/microlib/ctype/ctype.c           0x00000000   Number         0  isalpha_o.o ABSOLUTE
    ../clib/microlib/ctype/ctype.c           0x00000000   Number         0  isblank_o.o ABSOLUTE
    ../clib/microlib/ctype/ctype.c           0x00000000   Number         0  iscntrl_o.o ABSOLUTE
    ../clib/microlib/ctype/ctype.c           0x00000000   Number         0  isdigit_o.o ABSOLUTE
    ../clib/microlib/ctype/ctype.c           0x00000000   Number         0  isgraph_o.o ABSOLUTE
    ../clib/microlib/ctype/ctype.c           0x00000000   Number         0  islower_o.o ABSOLUTE
    ../clib/microlib/ctype/ctype.c           0x00000000   Number         0  isprint_o.o ABSOLUTE
    ../clib/microlib/ctype/ctype.c           0x00000000   Number         0  ispunct_o.o ABSOLUTE
    ../clib/microlib/ctype/ctype.c           0x00000000   Number         0  isspace_o.o ABSOLUTE
    ../clib/microlib/ctype/ctype.c           0x00000000   Number         0  isupper_o.o ABSOLUTE
    ../clib/microlib/ctype/ctype.c           0x00000000   Number         0  isxdigit_o.o ABSOLUTE
    ../clib/microlib/division.c              0x00000000   Number         0  uldiv.o ABSOLUTE
    ../clib/microlib/division.c              0x00000000   Number         0  ldiv.o ABSOLUTE
    ../clib/microlib/division.c              0x00000000   Number         0  uidiv.o ABSOLUTE
    ../clib/microlib/init/entry.s            0x00000000   Number         0  entry.o ABSOLUTE
    ../clib/microlib/init/entry.s            0x00000000   Number         0  entry2.o ABSOLUTE
    ../clib/microlib/init/entry.s            0x00000000   Number         0  entry5.o ABSOLUTE
    ../clib/microlib/init/entry.s            0x00000000   Number         0  entry7a.o ABSOLUTE
    ../clib/microlib/init/entry.s            0x00000000   Number         0  entry7b.o ABSOLUTE
    ../clib/microlib/init/entry.s            0x00000000   Number         0  entry8a.o ABSOLUTE
    ../clib/microlib/init/entry.s            0x00000000   Number         0  entry8b.o ABSOLUTE
    ../clib/microlib/init/entry.s            0x00000000   Number         0  entry9a.o ABSOLUTE
    ../clib/microlib/init/entry.s            0x00000000   Number         0  entry9b.o ABSOLUTE
    ../clib/microlib/init/entry.s            0x00000000   Number         0  entry10a.o ABSOLUTE
    ../clib/microlib/init/entry.s            0x00000000   Number         0  entry10b.o ABSOLUTE
    ../clib/microlib/init/entry.s            0x00000000   Number         0  entry11a.o ABSOLUTE
    ../clib/microlib/init/entry.s            0x00000000   Number         0  entry11b.o ABSOLUTE
    ../clib/microlib/longlong.c              0x00000000   Number         0  llshl.o ABSOLUTE
    ../clib/microlib/longlong.c              0x00000000   Number         0  llushr.o ABSOLUTE
    ../clib/microlib/longlong.c              0x00000000   Number         0  llsshr.o ABSOLUTE
    ../clib/microlib/printf/printf.c         0x00000000   Number         0  printfa.o ABSOLUTE
    ../clib/microlib/stdio/streams.c         0x00000000   Number         0  stdout.o ABSOLUTE
    ../clib/microlib/stdlib/abs.c            0x00000000   Number         0  siabs.o ABSOLUTE
    ../clib/microlib/stdlib/abs.c            0x00000000   Number         0  ilabs.o ABSOLUTE
    ../clib/microlib/string/memcpy.c         0x00000000   Number         0  memcpya.o ABSOLUTE
    ../clib/microlib/string/memcpy.c         0x00000000   Number         0  memmovea.o ABSOLUTE
    ../clib/microlib/string/memcpy.c         0x00000000   Number         0  memcpyb.o ABSOLUTE
    ../clib/microlib/string/memcpy.c         0x00000000   Number         0  memmoveb.o ABSOLUTE
    ../clib/microlib/string/memset.c         0x00000000   Number         0  memseta.o ABSOLUTE
    ../clib/microlib/string/strcpy.c         0x00000000   Number         0  strcpy.o ABSOLUTE
    ../clib/microlib/string/strlen.c         0x00000000   Number         0  strlen.o ABSOLUTE
    ../clib/microlib/stubs.s                 0x00000000   Number         0  iusefp.o ABSOLUTE
    ../common/startup_n32g4fr.s              0x00000000   Number         0  startup_n32g4fr.o ABSOLUTE
    ../fplib/microlib/f2d.c                  0x00000000   Number         0  f2d.o ABSOLUTE
    ../fplib/microlib/fpadd.c                0x00000000   Number         0  dadd.o ABSOLUTE
    ../fplib/microlib/fpcmp.c                0x00000000   Number         0  dcmple.o ABSOLUTE
[...]
    i._printf_pre_padding                    0x08007774   Section        0  printfa.o(i._printf_pre_padding)
    _PrintUnsigned._aV2C                     0x080077a2   Data          16  segger_rtt_printf.o(.rodata._PrintUnsigned._aV2C)
    [Anonymous Symbol]                       0x080077a2   Section        0  segger_rtt_printf.o(.rodata._PrintUnsigned._aV2C)
    s_AdcHclkPresTable                       0x0801ce50   Data          16  n32g4fr_rcc.o(.rodata.s_AdcHclkPresTable)
    [Anonymous Symbol]                       0x0801ce50   Section        0  n32g4fr_rcc.o(.rodata.s_AdcHclkPresTable)
    s_AdcPllClkPresTable                     0x0801ce60   Data          32  n32g4fr_rcc.o(.rodata.s_AdcPllClkPresTable)
    [Anonymous Symbol]                       0x0801ce60   Section        0  n32g4fr_rcc.o(.rodata.s_AdcPllClkPresTable)
    s_ApbAhbPresTable                        0x0801ce80   Data          16  n32g4fr_rcc.o(.rodata.s_ApbAhbPresTable)
    [Anonymous Symbol]                       0x0801ce80   Section        0  n32g4fr_rcc.o(.rodata.s_ApbAhbPresTable)
    .L.str                                   0x0801ce90   Data          28  memalloc.o(.rodata.str1.1)
    [Anonymous Symbol]                       0x0801ce90   Section        0  memalloc.o(.rodata.str1.1)
    .L.str.1                                 0x0801ceac   Data          13  ringbuffer.o(.rodata.str1.1)
    [Anonymous Symbol]                       0x0801ceac   Section        0  ringbuffer.o(.rodata.str1.1)
    .L.str                                   0x0801ceb9   Data          26  ringbuffer.o(.rodata.str1.1)
    .L.str.7                                 0x0801ced3   Data          29  main.o(.rodata.str1.1)
    [Anonymous Symbol]                       0x0801ced3   Section        0  main.o(.rodata.str1.1)
    .L.str.4                                 0x0801cef0   Data          23  main.o(.rodata.str1.1)
    .L.str.1                                 0x0801cf07   Data          54  main.o(.rodata.str1.1)
    .L.str.8                                 0x0801cf3d   Data          35  main.o(.rodata.str1.1)
    .L.str.5                                 0x0801cf60   Data          12  main.o(.rodata.str1.1)
    .L.str                                   0x0801cf6c   Data          12  main.o(.rodata.str1.1)
    .L.str.6                                 0x0801cf78   Data           9  main.o(.rodata.str1.1)
    .L.str.3                                 0x0801cf81   Data           5  main.o(.rodata.str1.1)
    .L.str.2                                 0x0801cf86   Data           8  main.o(.rodata.str1.1)
    .L.str.2                                 0x0801cf8e   Data          12  sysclk.o(.rodata.str1.1)
    [Anonymous Symbol]                       0x0801cf8e   Section        0  sysclk.o(.rodata.str1.1)
    .L.str.3                                 0x0801cf9a   Data          12  sysclk.o(.rodata.str1.1)
    .L.str.4                                 0x0801cfa6   Data          15  sysclk.o(.rodata.str1.1)
    .L.str.1                                 0x0801cfaa   Data          11  sysclk.o(.rodata.str1.1)
    .L.str                                   0x0801cfb5   Data          13  sysclk.o(.rodata.str1.1)
    .L.str                                   0x0801cfc2   Data          18  timera_pwm.o(.rodata.str1.1)
    [Anonymous Symbol]                       0x0801cfc2   Section        0  timera_pwm.o(.rodata.str1.1)
    .L.str.1                                 0x0801cfd4   Data          18  timera_pwm.o(.rodata.str1.1)
    .L__func__.init_timer_pin                0x0801cfe6   Data          15  timera_pwm.o(.rodata.str1.1)
    .L.str.1                                 0x0801cff5   Data           6  system.o(.rodata.str1.1)
    [Anonymous Symbol]                       0x0801cff5   Section        0  system.o(.rodata.str1.1)
    .L.str                                   0x0801cffb   Data           9  system.o(.rodata.str1.1)
    .L.str.2                                 0x0801d004   Data           7  segger_rtt.o(.rodata.str1.1)
    [Anonymous Symbol]                       0x0801d004   Section        0  segger_rtt.o(.rodata.str1.1)
    .L.str.1                                 0x0801d00b   Data           4  segger_rtt.o(.rodata.str1.1)
    .L.str                                   0x0801d00f   Data           9  segger_rtt.o(.rodata.str1.1)
    .data                                    0x20000000   Section        4  stdout.o(.data)
    DMA1_Channel8_IRQHandler.current_address 0x20000028   Data           4  n32g4fr_it.o(.bss.DMA1_Channel8_IRQHandler.current_address)
    [Anonymous Symbol]                       0x20000028   Section        0  n32g4fr_it.o(.bss.DMA1_Channel8_IRQHandler.current_address)
    DMA1_Channel8_IRQHandler.i               0x2000002c   Data           4  n32g4fr_it.o(.bss.DMA1_Channel8_IRQHandler.i)
    [Anonymous Symbol]                       0x2000002c   Section        0  n32g4fr_it.o(.bss.DMA1_Channel8_IRQHandler.i)
    UART_RX_Count                            0x20000030   Data           2  mcu_api.o(.bss.UART_RX_Count)
    [Anonymous Symbol]                       0x20000030   Section        0  mcu_api.o(.bss.UART_RX_Count)
    _acDownBuffer                            0x200000dc   Data          16  segger_rtt.o(.bss._acDownBuffer)
    [Anonymous Symbol]                       0x200000dc   Section        0  segger_rtt.o(.bss._acDownBuffer)
    _acUpBuffer                              0x200000ec   Data        1024  segger_rtt.o(.bss._acUpBuffer)
    [Anonymous Symbol]                       0x200000ec   Section        0  segger_rtt.o(.bss._acUpBuffer)
    bt_uart_rx_buf_temp                      0x2000058a   Data           3  mcu_api.o(.bss.bt_uart_rx_buf_temp)
    [Anonymous Symbol]                       0x2000058a   Section        0  mcu_api.o(.bss.bt_uart_rx_buf_temp)
    bt_uart_service.rx_in                    0x2000058e   Data           2  mcu_api.o(.bss.bt_uart_service.rx_in)
    [Anonymous Symbol]                       0x2000058e   Section        0  mcu_api.o(.bss.bt_uart_service.rx_in)
    chunks                                   0x20000f98   Data         240  memalloc.o(.bss.chunks)
    [Anonymous Symbol]                       0x20000f98   Section        0  memalloc.o(.bss.chunks)
    current_uart_rev_state_type              0x20001088   Data           1  mcu_api.o(.bss.current_uart_rev_state_type)
    [Anonymous Symbol]                       0x20001088   Section        0  mcu_api.o(.bss.current_uart_rev_state_type)
    heat_beat_check.mcu_reset_state          0x20001a96   Data           1  system.o(.bss.heat_beat_check.mcu_reset_state)
    [Anonymous Symbol]                       0x20001a96   Section        0  system.o(.bss.heat_beat_check.mcu_reset_state)
    m_u32TickCount                           0x20005a9c   Data           4  app.o(.bss.m_u32TickCount)
    [Anonymous Symbol]                       0x20005a9c   Section        0  app.o(.bss.m_u32TickCount)
    m_u32TickStep                            0x20005aa0   Data           4  app.o(.bss.m_u32TickStep)
    [Anonymous Symbol]                       0x20005aa0   Section        0  app.o(.bss.m_u32TickStep)
    measure_distance.data_index              0x20005aa8   Data           4  distance_measure.o(.bss.measure_distance.data_index)
    [Anonymous Symbol]                       0x20005aa8   Section        0  distance_measure.o(.bss.measure_distance.data_index)
    reserved_mem                             0x20005ab8   Data       30720  memalloc.o(.bss.reserved_mem)
    [Anonymous Symbol]                       0x20005ab8   Section        0  memalloc.o(.bss.reserved_mem)
    total                                    0x2000d2cc   Data           4  memalloc.o(.bss.total)
    [Anonymous Symbol]                       0x2000d2cc   Section        0  memalloc.o(.bss.total)
    uart_data_len                            0x2000d2d0   Data           2  mcu_api.o(.bss.uart_data_len)
    [Anonymous Symbol]                       0x2000d2d0   Section        0  mcu_api.o(.bss.uart_data_len)
    STACK                                    0x2000d2e0   Section     2048  startup_n32g4fr.o(STACK)

    Global Symbols

    Symbol Name                              Value     Ov Type        Size  Object(Section)

    BuildAttributes$$THM_ISAv4$E$P$D$K$B$S$7EM$VFPi3$EXTD16$VFPS$VFMA$PE$A:L22UL41UL21$X:L11$S22US41US21$IEEE1$IW$~IW$USESV6$~STKCKD$USESV7$~SHL$OSPACE$ROPI$EBA8$MICROLIB$REQ8$PRES8$EABIv2 0x00000000   Number         0  anon$$obj.o ABSOLUTE
    __cpp_initialize__aeabi_                  - Undefined Weak Reference
    __cxa_finalize                            - Undefined Weak Reference
    __decompress                              - Undefined Weak Reference
    _clock_init                               - Undefined Weak Reference
    _microlib_exit                            - Undefined Weak Reference
    __Vectors_Size                           0x00000198   Number         0  startup_n32g4fr.o ABSOLUTE
    __Vectors                                0x08000000   Data           4  startup_n32g4fr.o(RESET)
    __Vectors_End                            0x08000198   Data           0  startup_n32g4fr.o(RESET)
    __main                                   0x08000199   Thumb Code     0  entry.o(.ARM.Collect$$$$00000000)
    _main_stk                                0x08000199   Thumb Code     0  entry2.o(.ARM.Collect$$$$00000001)
    _main_scatterload                        0x0800019d   Thumb Code     0  entry5.o(.ARM.Collect$$$$00000004)
    __main_after_scatterload                 0x080001a1   Thumb Code     0  entry5.o(.ARM.Collect$$$$00000004)
    _main_clock                              0x080001a1   Thumb Code     0  entry7b.o(.ARM.Collect$$$$00000008)
    _main_cpp_init                           0x080001a1   Thumb Code     0  entry8b.o(.ARM.Collect$$$$0000000A)
    _main_init                               0x080001a1   Thumb Code     0  entry9a.o(.ARM.Collect$$$$0000000B)
    __rt_final_cpp                           0x080001a9   Thumb Code     0  entry10a.o(.ARM.Collect$$$$0000000D)
    __rt_final_exit                          0x080001a9   Thumb Code     0  entry11a.o(.ARM.Collect$$$$0000000F)
    Reset_Handler                            0x080001ad   Thumb Code     8  startup_n32g4fr.o(.text)
    HardFault_Handler                        0x080001b7   Thumb Code     2  startup_n32g4fr.o(.text)
    PendSV_Handler                           0x080001c3   Thumb Code     2  startup_n32g4fr.o(.text)
    ADC1_2_IRQHandler                        0x080001c7   Thumb Code     0  startup_n32g4fr.o(.text)
    ADC3_4_IRQHandler                        0x080001c7   Thumb Code     0  startup_n32g4fr.o(.text)
    CAN1_RX1_IRQHandler                      0x080001c7   Thumb Code     0  startup_n32g4fr.o(.text)
    CAN1_SCE_IRQHandler                      0x080001c7   Thumb Code     0  startup_n32g4fr.o(.text)
    CAN2_RX0_IRQHandler                      0x080001c7   Thumb Code     0  startup_n32g4fr.o(.text)
    CAN2_RX1_IRQHandler                      0x080001c7   Thumb Code     0  startup_n32g4fr.o(.text)
    CAN2_SCE_IRQHandler                      0x080001c7   Thumb Code     0  startup_n32g4fr.o(.text)
    CAN2_TX_IRQHandler                       0x080001c7   Thumb Code     0  startup_n32g4fr.o(.text)
    COMP7_IRQHandler                         0x080001c7   Thumb Code     0  startup_n32g4fr.o(.text)
    COMP_1_2_3_IRQHandler                    0x080001c7   Thumb Code     0  startup_n32g4fr.o(.text)
    COMP_4_5_6_IRQHandler                    0x080001c7   Thumb Code     0  startup_n32g4fr.o(.text)
    DMA1_Channel1_IRQHandler                 0x080001c7   Thumb Code     0  startup_n32g4fr.o(.text)
    DMA1_Channel2_IRQHandler                 0x080001c7   Thumb Code     0  startup_n32g4fr.o(.text)
    DMA1_Channel3_IRQHandler                 0x080001c7   Thumb Code     0  startup_n32g4fr.o(.text)
    DMA1_Channel4_IRQHandler                 0x080001c7   Thumb Code     0  startup_n32g4fr.o(.text)
    DMA1_Channel5_IRQHandler                 0x080001c7   Thumb Code     0  startup_n32g4fr.o(.text)
    DMA1_Channel6_IRQHandler                 0x080001c7   Thumb Code     0  startup_n32g4fr.o(.text)
    DMA1_Channel7_IRQHandler                 0x080001c7   Thumb Code     0  startup_n32g4fr.o(.text)
    DMA2_Channel1_IRQHandler                 0x080001c7   Thumb Code     0  startup_n32g4fr.o(.text)
    DMA2_Channel2_IRQHandler                 0x080001c7   Thumb Code     0  startup_n32g4fr.o(.text)
    DMA2_Channel3_IRQHandler                 0x080001c7   Thumb Code     0  startup_n32g4fr.o(.text)
    DMA2_Channel4_IRQHandler                 0x080001c7   Thumb Code     0  startup_n32g4fr.o(.text)
    DMA2_Channel5_IRQHandler                 0x080001c7   Thumb Code     0  startup_n32g4fr.o(.text)
    DMA2_Channel6_IRQHandler                 0x080001c7   Thumb Code     0  startup_n32g4fr.o(.text)
    DMA2_Channel7_IRQHandler                 0x080001c7   Thumb Code     0  startup_n32g4fr.o(.text)
    DMA2_Channel8_IRQHandler                 0x080001c7   Thumb Code     0  startup_n32g4fr.o(.text)
    DVP_IRQHandler                           0x080001c7   Thumb Code     0  startup_n32g4fr.o(.text)
    ETH_IRQHandler                           0x080001c7   Thumb Code     0  startup_n32g4fr.o(.text)
    ETH_WKUP_IRQHandler                      0x080001c7   Thumb Code     0  startup_n32g4fr.o(.text)
    EXTI0_IRQHandler                         0x080001c7   Thumb Code     0  startup_n32g4fr.o(.text)
    EXTI15_10_IRQHandler                     0x080001c7   Thumb Code     0  startup_n32g4fr.o(.text)
    EXTI1_IRQHandler                         0x080001c7   Thumb Code     0  startup_n32g4fr.o(.text)
    EXTI2_IRQHandler                         0x080001c7   Thumb Code     0  startup_n32g4fr.o(.text)
    EXTI3_IRQHandler                         0x080001c7   Thumb Code     0  startup_n32g4fr.o(.text)
    EXTI4_IRQHandler                         0x080001c7   Thumb Code     0  startup_n32g4fr.o(.text)
    EXTI9_5_IRQHandler                       0x080001c7   Thumb Code     0  startup_n32g4fr.o(.text)
    FLASH_IRQHandler                         0x080001c7   Thumb Code     0  startup_n32g4fr.o(.text)
    I2C1_ER_IRQHandler                       0x080001c7   Thumb Code     0  startup_n32g4fr.o(.text)
    I2C1_EV_IRQHandler                       0x080001c7   Thumb Code     0  startup_n32g4fr.o(.text)
    I2C2_ER_IRQHandler                       0x080001c7   Thumb Code     0  startup_n32g4fr.o(.text)
    I2C2_EV_IRQHandler                       0x080001c7   Thumb Code     0  startup_n32g4fr.o(.text)
    I2C3_ER_IRQHandler                       0x080001c7   Thumb Code     0  startup_n32g4fr.o(.text)
    I2C3_EV_IRQHandler                       0x080001c7   Thumb Code     0  startup_n32g4fr.o(.text)
    I2C4_ER_IRQHandler                       0x080001c7   Thumb Code     0  startup_n32g4fr.o(.text)
    I2C4_EV_IRQHandler                       0x080001c7   Thumb Code     0  startup_n32g4fr.o(.text)
    MMU_IRQHandler                           0x080001c7   Thumb Code     0  startup_n32g4fr.o(.text)
    PVD_IRQHandler                           0x080001c7   Thumb Code     0  startup_n32g4fr.o(.text)
    QSPI_IRQHandler                          0x080001c7   Thumb Code     0  startup_n32g4fr.o(.text)
    RCC_IRQHandler                           0x080001c7   Thumb Code     0  startup_n32g4fr.o(.text)
    RSRAM_IRQHandler                         0x080001c7   Thumb Code     0  startup_n32g4fr.o(.text)
    RTCAlarm_IRQHandler                      0x080001c7   Thumb Code     0  startup_n32g4fr.o(.text)
    RTC_WKUP_IRQHandler                      0x080001c7   Thumb Code     0  startup_n32g4fr.o(.text)
    SAC_IRQHandler                           0x080001c7   Thumb Code     0  startup_n32g4fr.o(.text)
    SDIO_IRQHandler                          0x080001c7   Thumb Code     0  startup_n32g4fr.o(.text)
    SPI1_IRQHandler                          0x080001c7   Thumb Code     0  startup_n32g4fr.o(.text)
    SPI2_IRQHandler                          0x080001c7   Thumb Code     0  startup_n32g4fr.o(.text)
    SPI3_IRQHandler                          0x080001c7   Thumb Code     0  startup_n32g4fr.o(.text)
    TAMPER_IRQHandler                        0x080001c7   Thumb Code     0  startup_n32g4fr.o(.text)
    TIM1_BRK_IRQHandler                      0x080001c7   Thumb Code     0  startup_n32g4fr.o(.text)
    TIM1_TRG_COM_IRQHandler                  0x080001c7   Thumb Code     0  startup_n32g4fr.o(.text)
    TIM1_UP_IRQHandler                       0x080001c7   Thumb Code     0  startup_n32g4fr.o(.text)
    TIM4_IRQHandler                          0x080001c7   Thumb Code     0  startup_n32g4fr.o(.text)
    TIM5_IRQHandler                          0x080001c7   Thumb Code     0  startup_n32g4fr.o(.text)
    TIM6_IRQHandler                          0x080001c7   Thumb Code     0  startup_n32g4fr.o(.text)
    TIM7_IRQHandler                          0x080001c7   Thumb Code     0  startup_n32g4fr.o(.text)
    TIM8_BRK_IRQHandler                      0x080001c7   Thumb Code     0  startup_n32g4fr.o(.text)
    TIM8_CC_IRQHandler                       0x080001c7   Thumb Code     0  startup_n32g4fr.o(.text)
    TIM8_TRG_COM_IRQHandler                  0x080001c7   Thumb Code     0  startup_n32g4fr.o(.text)
    TIM8_UP_IRQHandler                       0x080001c7   Thumb Code     0  startup_n32g4fr.o(.text)
    TSC_IRQHandler                           0x080001c7   Thumb Code     0  startup_n32g4fr.o(.text)
    UART4_IRQHandler                         0x080001c7   Thumb Code     0  startup_n32g4fr.o(.text)
    UART5_IRQHandler                         0x080001c7   Thumb Code     0  startup_n32g4fr.o(.text)
    UART6_IRQHandler                         0x080001c7   Thumb Code     0  startup_n32g4fr.o(.text)
    UART7_IRQHandler                         0x080001c7   Thumb Code     0  startup_n32g4fr.o(.text)
    USART1_IRQHandler                        0x080001c7   Thumb Code     0  startup_n32g4fr.o(.text)
    USART2_IRQHandler                        0x080001c7   Thumb Code     0  startup_n32g4fr.o(.text)
    USBWakeUp_IRQHandler                     0x080001c7   Thumb Code     0  startup_n32g4fr.o(.text)
    USB_HP_CAN1_TX_IRQHandler                0x080001c7   Thumb Code     0  startup_n32g4fr.o(.text)
    USB_LP_CAN1_RX0_IRQHandler               0x080001c7   Thumb Code     0  startup_n32g4fr.o(.text)
    WWDG_IRQHandler                          0x080001c7   Thumb Code     0  startup_n32g4fr.o(.text)
    XFMC_IRQHandler                          0x080001c7   Thumb Code     0  startup_n32g4fr.o(.text)
    __aeabi_uldivmod                         0x080001d1   Thumb Code    98  uldiv.o(.text)
    __aeabi_ldivmod                          0x08000233   Thumb Code    98  ldiv.o(.text)
    abs                                      0x08000295   Thumb Code     8  siabs.o(.text)
    ___aeabi_memcpy4$move                    0x0800029d   Thumb Code     0  memmovea.o(.text)
    ___aeabi_memcpy8$move                    0x0800029d   Thumb Code     0  memmovea.o(.text)
    __aeabi_memcpy                           0x0800029d   Thumb Code    64  memmovea.o(.text)
    __aeabi_memmove                          0x0800029d   Thumb Code     0  memmovea.o(.text)
    __aeabi_memmove4                         0x0800029d   Thumb Code     0  memmovea.o(.text)
    __aeabi_memmove8                         0x0800029d   Thumb Code     0  memmovea.o(.text)
    strcpy                                   0x080002dd   Thumb Code    18  strcpy.o(.text)
    __aeabi_dcmple                           0x080002ef   Thumb Code    54  dcmple.o(.text)
    __aeabi_f2d                              0x08000325   Thumb Code    38  f2d.o(.text)
    __aeabi_uidiv                            0x0800034b   Thumb Code     0  uidiv.o(.text)
    __aeabi_uidivmod                         0x0800034b   Thumb Code    44  uidiv.o(.text)
    __aeabi_llsl                             0x08000377   Thumb Code    30  llshl.o(.text)
    _ll_shift_l                              0x08000377   Thumb Code     0  llshl.o(.text)
    __aeabi_llsr                             0x08000395   Thumb Code    32  llushr.o(.text)
    _ll_ushift_r                             0x08000395   Thumb Code     0  llushr.o(.text)
    __I$use$fp                               0x080003b5   Thumb Code     0  iusefp.o(.text)
    __aeabi_dadd                             0x080003b5   Thumb Code   322  dadd.o(.text)
    __aeabi_dsub                             0x080004f7   Thumb Code     6  dadd.o(.text)
    __aeabi_drsub                            0x080004fd   Thumb Code     6  dadd.o(.text)
    __aeabi_dmul                             0x08000503   Thumb Code   228  dmul.o(.text)
    __aeabi_ddiv                             0x080005e7   Thumb Code   222  ddiv.o(.text)
    __aeabi_d2ulz                            0x080006c5   Thumb Code    48  dfixul.o(.text)
    __aeabi_cdrcmple                         0x080006f5   Thumb Code    48  cdrcmple.o(.text)
    __scatterload                            0x08000725   Thumb Code    28  init.o(.text)
    __scatterload_rt2                        0x08000725   Thumb Code     0  init.o(.text)
    __aeabi_lasr                             0x08000749   Thumb Code    36  llsshr.o(.text)
    _ll_sshift_r                             0x08000749   Thumb Code     0  llsshr.o(.text)
    _double_round                            0x0800076d   Thumb Code    30  depilogue.o(.text)
    _double_epilogue                         0x0800078b   Thumb Code   156  depilogue.o(.text)
    ADC_ConfigClk                            0x08000829   Thumb Code    56  n32g4fr_adc.o(.text.ADC_ConfigClk)
    ADC_ConfigRegularChannel                 0x08000861   Thumb Code   424  n32g4fr_adc.o(.text.ADC_ConfigRegularChannel)
    ADC_Enable                               0x08000a09   Thumb Code    44  n32g4fr_adc.o(.text.ADC_Enable)
    ADC_EnableDMA                            0x08000a35   Thumb Code    44  n32g4fr_adc.o(.text.ADC_EnableDMA)
    ADC_EnableExternalTrigConv               0x08000a61   Thumb Code    44  n32g4fr_adc.o(.text.ADC_EnableExternalTrigConv)
    ADC_EnableSoftwareStartConv              0x08000a8d   Thumb Code    44  n32g4fr_adc.o(.text.ADC_EnableSoftwareStartConv)
    ADC_GetCalibrationStatus                 0x08000ab9   Thumb Code    46  n32g4fr_adc.o(.text.ADC_GetCalibrationStatus)
    ADC_GetFlagStatusNew                     0x08000ae9   Thumb Code    52  n32g4fr_adc.o(.text.ADC_GetFlagStatusNew)
    ADC_Init                                 0x08000b1d   Thumb Code   154  n32g4fr_adc.o(.text.ADC_Init)
    ADC_InitEx                               0x08000bb9   Thumb Code   316  n32g4fr_adc.o(.text.ADC_InitEx)
    ADC_StartCalibration                     0x08000cf5   Thumb Code    18  n32g4fr_adc.o(.text.ADC_StartCalibration)
    AdcConfig                                0x08000d09   Thumb Code    40  adc.o(.text.AdcConfig)
    AdcInitConfig                            0x08000d31   Thumb Code   306  adc.o(.text.AdcInitConfig)
    BusFault_Handler                         0x08000e65   Thumb Code     4  n32g4fr_it.o(.text.BusFault_Handler)
    DMA1_Channel8_IRQHandler                 0x08000e69   Thumb Code   188  n32g4fr_it.o(.text.DMA1_Channel8_IRQHandler)
    DMA_ClrIntPendingBit                     0x08000f25   Thumb Code    16  n32g4fr_dma.o(.text.DMA_ClrIntPendingBit)
    DMA_ConfigInt                            0x08000f35   Thumb Code    46  n32g4fr_dma.o(.text.DMA_ConfigInt)
    DMA_DeInit                               0x08000f65   Thumb Code   580  n32g4fr_dma.o(.text.DMA_DeInit)
    DMA_EnableChannel                        0x080011a9   Thumb Code    46  n32g4fr_dma.o(.text.DMA_EnableChannel)
    DMA_GetIntStatus                         0x080011d9   Thumb Code    54  n32g4fr_dma.o(.text.DMA_GetIntStatus)
    DMA_Init                                 0x08001211   Thumb Code   108  n32g4fr_dma.o(.text.DMA_Init)
    DebugMon_Handler                         0x0800127d   Thumb Code     2  n32g4fr_it.o(.text.DebugMon_Handler)
    DmaConfig                                0x08001281   Thumb Code     8  adc.o(.text.DmaConfig)
    DmaInitConfig                            0x08001289   Thumb Code   230  adc.o(.text.DmaInitConfig)
    GPIO_InitPeripheral                      0x08001371   Thumb Code   390  n32g4fr_gpio.o(.text.GPIO_InitPeripheral)
    GPIO_ReadInputDataBit                    0x080014f9   Thumb Code    52  n32g4fr_gpio.o(.text.GPIO_ReadInputDataBit)
    GPIO_ResetBits                           0x0800152d   Thumb Code    20  n32g4fr_gpio.o(.text.GPIO_ResetBits)
    GPIO_SetBits                             0x08001541   Thumb Code    20  n32g4fr_gpio.o(.text.GPIO_SetBits)
    MemManage_Handler                        0x08001555   Thumb Code     4  n32g4fr_it.o(.text.MemManage_Handler)
    NMI_Handler                              0x08001559   Thumb Code     2  n32g4fr_it.o(.text.NMI_Handler)
    NVIC_Init                                0x0800155d   Thumb Code   170  misc.o(.text.NVIC_Init)
    NVIC_PriorityGroupConfig                 0x08001609   Thumb Code    28  misc.o(.text.NVIC_PriorityGroupConfig)
    Queue_Read_Byte                          0x08001625   Thumb Code   104  system.o(.text.Queue_Read_Byte)
    RCC_ConfigAdc1mClk                       0x0800168d   Thumb Code    62  n32g4fr_rcc.o(.text.RCC_ConfigAdc1mClk)
    RCC_ConfigAdcHclk                        0x080016cd   Thumb Code    44  n32g4fr_rcc.o(.text.RCC_ConfigAdcHclk)
    RCC_ConfigAdcPllClk                      0x080016f9   Thumb Code    84  n32g4fr_rcc.o(.text.RCC_ConfigAdcPllClk)
    RCC_ConfigPclk1                          0x0800174d   Thumb Code    44  n32g4fr_rcc.o(.text.RCC_ConfigPclk1)
    RCC_EnableAHBPeriphClk                   0x08001779   Thumb Code    56  n32g4fr_rcc.o(.text.RCC_EnableAHBPeriphClk)
    RCC_EnableAPB1PeriphClk                  0x080017b1   Thumb Code    56  n32g4fr_rcc.o(.text.RCC_EnableAPB1PeriphClk)
    RCC_EnableAPB2PeriphClk                  0x080017e9   Thumb Code    56  n32g4fr_rcc.o(.text.RCC_EnableAPB2PeriphClk)
    RCC_GetClocksFreqValue                   0x08001821   Thumb Code   452  n32g4fr_rcc.o(.text.RCC_GetClocksFreqValue)
    SEGGER_RTT_ConfigUpBuffer                0x080019e5   Thumb Code   160  segger_rtt.o(.text.SEGGER_RTT_ConfigUpBuffer)
    SEGGER_RTT_Init                          0x08001a85   Thumb Code     8  segger_rtt.o(.text.SEGGER_RTT_Init)
    SEGGER_RTT_Write                         0x08001a8d   Thumb Code    76  segger_rtt.o(.text.SEGGER_RTT_Write)
    SEGGER_RTT_WriteNoLock                   0x08001ad9   Thumb Code   176  segger_rtt.o(.text.SEGGER_RTT_WriteNoLock)
    SEGGER_RTT_printf                        0x08001b89   Thumb Code    42  segger_rtt_printf.o(.text.SEGGER_RTT_printf)
    SEGGER_RTT_vprintf                       0x08001bb5   Thumb Code   828  segger_rtt_printf.o(.text.SEGGER_RTT_vprintf)
    SVC_Handler                              0x08001ef1   Thumb Code     2  n32g4fr_it.o(.text.SVC_Handler)
    SysClkInit                               0x0800203d   Thumb Code   134  sysclk.o(.text.SysClkInit)
    SysTick_GetTick                          0x08002119   Thumb Code    12  app.o(.text.SysTick_GetTick)
    SysTick_Handler                          0x08002125   Thumb Code     2  n32g4fr_it.o(.text.SysTick_Handler)
    SysTick_Init                             0x08002129   Thumb Code    66  app.o(.text.SysTick_Init)
    SystemInit                               0x0800216d   Thumb Code   204  system_n32g4fr.o(.text.SystemInit)
    TIM1_CC_IRQHandler                       0x08002239   Thumb Code   126  n32g4fr_it.o(.text.TIM1_CC_IRQHandler)
    TIM2_IRQHandler                          0x080022b9   Thumb Code     2  n32g4fr_it.o(.text.TIM2_IRQHandler)
    TIM3_IRQHandler                          0x080022bd   Thumb Code     2  n32g4fr_it.o(.text.TIM3_IRQHandler)
    TIM_ClrIntPendingBit                     0x080022c1   Thumb Code    20  n32g4fr_tim.o(.text.TIM_ClrIntPendingBit)
    TIM_ConfigArPreload                      0x080022d5   Thumb Code    44  n32g4fr_tim.o(.text.TIM_ConfigArPreload)
    TIM_ConfigOc1Preload                     0x08002301   Thumb Code    60  n32g4fr_tim.o(.text.TIM_ConfigOc1Preload)
    TIM_ConfigOc3Preload                     0x0800233d   Thumb Code    60  n32g4fr_tim.o(.text.TIM_ConfigOc3Preload)
    TIM_ConfigOc4Preload                     0x08002379   Thumb Code    62  n32g4fr_tim.o(.text.TIM_ConfigOc4Preload)
    TIM_Enable                               0x080023b9   Thumb Code    44  n32g4fr_tim.o(.text.TIM_Enable)
    TIM_EnableCtrlPwmOutputs                 0x080023e5   Thumb Code    52  n32g4fr_tim.o(.text.TIM_EnableCtrlPwmOutputs)
    TIM_GetIntStatus                         0x08002419   Thumb Code    72  n32g4fr_tim.o(.text.TIM_GetIntStatus)
    TIM_InitOc1                              0x08002461   Thumb Code   250  n32g4fr_tim.o(.text.TIM_InitOc1)
    TIM_InitOc3                              0x0800255d   Thumb Code   262  n32g4fr_tim.o(.text.TIM_InitOc3)
    TIM_InitOc4                              0x08002665   Thumb Code   206  n32g4fr_tim.o(.text.TIM_InitOc4)
    TIM_InitTimeBase                         0x08002735   Thumb Code   756  n32g4fr_tim.o(.text.TIM_InitTimeBase)
    Timera_Config                            0x08002a29   Thumb Code    18  timera_pwm.o(.text.Timera_Config)
    USART3_IRQHandler                        0x08002a3d   Thumb Code    54  n32g4fr_it.o(.text.USART3_IRQHandler)
    USART_ConfigInt                          0x08002a75   Thumb Code   146  n32g4fr_usart.o(.text.USART_ConfigInt)
    USART_Enable                             0x08002b09   Thumb Code    44  n32g4fr_usart.o(.text.USART_Enable)
    USART_GetFlagStatus                      0x08002b35   Thumb Code    68  n32g4fr_usart.o(.text.USART_GetFlagStatus)
    USART_GetIntStatus                       0x08002b79   Thumb Code   176  n32g4fr_usart.o(.text.USART_GetIntStatus)
    USART_Init                               0x08002c29   Thumb Code   292  n32g4fr_usart.o(.text.USART_Init)
    USART_ReceiveData                        0x08002d4d   Thumb Code    16  n32g4fr_usart.o(.text.USART_ReceiveData)
    USART_SendData                           0x08002d5d   Thumb Code    24  n32g4fr_usart.o(.text.USART_SendData)
    UsageFault_Handler                       0x08002d75   Thumb Code     4  n32g4fr_it.o(.text.UsageFault_Handler)
    accumulate_data                          0x080033f9   Thumb Code    50  distance_measure.o(.text.accumulate_data)
    all_data_update                          0x0800342d   Thumb Code    36  protocol.o(.text.all_data_update)
    alloc_mem                                0x08003451   Thumb Code   260  memalloc.o(.text.alloc_mem)
    alphabeta_filter                         0x08003555   Thumb Code   146  alphabeta_filter.o(.text.alphabeta_filter)
    apfft                                    0x080035e9   Thumb Code   366  apfft.o(.text.apfft)
    app                                      0x08003759   Thumb Code    64  app.o(.text.app)
    arctan                                   0x08003799   Thumb Code    92  math_fp.o(.text.arctan)
    arctan2                                  0x080037f5   Thumb Code   310  math_fp.o(.text.arctan2)
    arm_absmax_q31                           0x0800392d   Thumb Code   518  arm_absmax_q31.o(.text.arm_absmax_q31)
    arm_bitreversal_32                       0x08003b35   Thumb Code    68  arm_bitreversal2.o(.text.arm_bitreversal_32)
    arm_cfft_q31                             0x08003b79   Thumb Code   214  arm_cfft_q31.o(.text.arm_cfft_q31)
    arm_cfft_radix4by2_inverse_q31           0x08003c51   Thumb Code   264  arm_cfft_q31.o(.text.arm_cfft_radix4by2_inverse_q31)
    arm_cfft_radix4by2_q31                   0x08003d59   Thumb Code   284  arm_cfft_q31.o(.text.arm_cfft_radix4by2_q31)
    arm_cmplx_mag_q31                        0x08003e75   Thumb Code   194  arm_cmplx_mag_q31.o(.text.arm_cmplx_mag_q31)
    arm_mean_q15                             0x08003f39   Thumb Code    82  arm_mean_q15.o(.text.arm_mean_q15)
    arm_mean_q31                             0x08003f8d   Thumb Code   122  arm_mean_q31.o(.text.arm_mean_q31)
    arm_offset_q15                           0x08004009   Thumb Code    78  arm_offset_q15.o(.text.arm_offset_q15)
    arm_radix4_butterfly_inverse_q31         0x08004059   Thumb Code   982  arm_cfft_radix4_q31.o(.text.arm_radix4_butterfly_inverse_q31)
    arm_radix4_butterfly_q31                 0x08004431   Thumb Code   974  arm_cfft_radix4_q31.o(.text.arm_radix4_butterfly_q31)
    arm_rfft_init_q31                        0x080047ff   Thumb Code   212  arm_rfft_init_q31.o(.text.arm_rfft_init_q31)
    arm_rfft_q31                             0x080048d5   Thumb Code   118  arm_rfft_q31.o(.text.arm_rfft_q31)
    arm_split_rfft_q31                       0x0800494d   Thumb Code   274  arm_rfft_q31.o(.text.arm_split_rfft_q31)
    arm_split_rifft_q31                      0x08004a61   Thumb Code   132  arm_rfft_q31.o(.text.arm_split_rifft_q31)
    arm_sqrt_q31                             0x08004ae5   Thumb Code   244  arm_sqrt_q31.o(.text.arm_sqrt_q31)
    arm_std_q31                              0x08004bd9   Thumb Code   248  arm_std_q31.o(.text.arm_std_q31)
    bt_close_timer_result                    0x08004cd1   Thumb Code    22  protocol.o(.text.bt_close_timer_result)
    bt_disconnect_result                     0x08004ce9   Thumb Code    22  protocol.o(.text.bt_disconnect_result)
    bt_enable_lowpoer_result                 0x08004d01   Thumb Code    22  protocol.o(.text.bt_enable_lowpoer_result)
    bt_factor_reset_notify                   0x08004d19   Thumb Code     2  protocol.o(.text.bt_factor_reset_notify)
    bt_modify_adv_interval_result            0x08004d1d   Thumb Code    22  protocol.o(.text.bt_modify_adv_interval_result)
    bt_protocol_init                         0x08004d35   Thumb Code    42  mcu_api.o(.text.bt_protocol_init)
    bt_send_one_time_password_token_result   0x08004d61   Thumb Code    22  protocol.o(.text.bt_send_one_time_password_token_result)
    bt_uart_service                          0x08004d79   Thumb Code   144  mcu_api.o(.text.bt_uart_service)
    bt_uart_write_frame                      0x08004e49   Thumb Code   112  system.o(.text.bt_uart_write_frame)
    cfar_ca                                  0x08004f41   Thumb Code   110  micromotion_detection.o(.text.cfar_ca)
    clk_test                                 0x08004fb1   Thumb Code    84  sysclk.o(.text.clk_test)
    close_process                            0x08005005   Thumb Code    86  app.o(.text.close_process)
    corrcoef_q31                             0x0800505d   Thumb Code   348  corrcoef.o(.text.corrcoef_q31)
    data_handle                              0x080051b9   Thumb Code   606  system.o(.text.data_handle)
    dp_download_handle                       0x080054a1   Thumb Code   358  protocol.o(.text.dp_download_handle)
    enable_timer_pwm                         0x08005609   Thumb Code    18  timera_pwm.o(.text.enable_timer_pwm)
    find_max_peak                            0x0800561d   Thumb Code   118  vd_calculation.o(.text.find_max_peak)
    fputc                                    0x08005695   Thumb Code    52  main.o(.text.fputc)
    free_mem                                 0x080056c9   Thumb Code    96  memalloc.o(.text.free_mem)
    get_check_sum                            0x08005729   Thumb Code    74  system.o(.text.get_check_sum)
    get_download_cmd_total                   0x080057cd   Thumb Code     4  protocol.o(.text.get_download_cmd_total)
    get_queue_total_data                     0x080057e9   Thumb Code    52  system.o(.text.get_queue_total_data)
    get_sample_data                          0x0800581d   Thumb Code    28  adc.o(.text.get_sample_data)
    gpio_init                                0x08005839   Thumb Code    94  gpio.o(.text.gpio_init)
    idle_process                             0x080058f1   Thumb Code   392  app.o(.text.idle_process)
    init_mem                                 0x08005a79   Thumb Code    74  memalloc.o(.text.init_mem)
    init_pin                                 0x08005ac5   Thumb Code    32  adc.o(.text.init_pin)
    init_timer                               0x08005ae5   Thumb Code   226  timera_pwm.o(.text.init_timer)
    init_timer_pin                           0x08005bc9   Thumb Code   262  timera_pwm.o(.text.init_timer_pin)
    leave_s0                                 0x08005ce9   Thumb Code    52  app.o(.text.leave_s0)
    leave_s1                                 0x08005d1d   Thumb Code    76  app.o(.text.leave_s1)
    led_init                                 0x08005d69   Thumb Code    54  led.o(.text.led_init)
    main                                     0x08005da1   Thumb Code   312  main.o(.text.main)
    mcu_dp_value_update                      0x08006169   Thumb Code   188  mcu_api.o(.text.mcu_dp_value_update)
    measure_distance                         0x08006225   Thumb Code   348  distance_measure.o(.text.measure_distance)
    micromotion_detection                    0x08006381   Thumb Code   430  micromotion_detection.o(.text.micromotion_detection)
    my_memcpy                                0x08006531   Thumb Code   174  mcu_api.o(.text.my_memcpy)
    my_memset                                0x080065e1   Thumb Code    70  mcu_api.o(.text.my_memset)
    my_strlen                                0x08006629   Thumb Code    58  mcu_api.o(.text.my_strlen)
    ring_buffer_get                          0x08006785   Thumb Code   164  ringbuffer.o(.text.ring_buffer_get)
    ring_buffer_put                          0x08006829   Thumb Code    94  ringbuffer.o(.text.ring_buffer_put)
    rtt_init                                 0x08006889   Thumb Code   130  main.o(.text.rtt_init)
    set_bt_uart_buffer                       0x0800690d   Thumb Code    66  system.o(.text.set_bt_uart_buffer)
    set_bt_uart_byte                         0x08006951   Thumb Code    54  system.o(.text.set_bt_uart_byte)
    start_timer                              0x08006989   Thumb Code    18  timera_pwm.o(.text.start_timer)
    tick_init                                0x0800699d   Thumb Code    22  app.o(.text.tick_init)
    uart_receive_input                       0x080069b5   Thumb Code   190  mcu_api.o(.text.uart_receive_input)
    uart_transmit_output                     0x08006a75   Thumb Code    50  protocol.o(.text.uart_transmit_output)
    usart_init                               0x08006aa9   Thumb Code   178  usart.o(.text.usart_init)
    vd_calculation                           0x08006b5d   Thumb Code   852  vd_calculation.o(.text.vd_calculation)
    __0printf                                0x08006eb1   Thumb Code    22  printfa.o(i.__0printf)
    __1printf                                0x08006eb1   Thumb Code     0  printfa.o(i.__0printf)
    __2printf                                0x08006eb1   Thumb Code     0  printfa.o(i.__0printf)
    __c89printf                              0x08006eb1   Thumb Code     0  printfa.o(i.__0printf)
    printf                                   0x08006eb1   Thumb Code     0  printfa.o(i.__0printf)
    __scatterload_copy                       0x08006ed1   Thumb Code    14  handlers.o(i.__scatterload_copy)
    __scatterload_null                       0x08006edf   Thumb Code     2  handlers.o(i.__scatterload_null)
    __scatterload_zeroinit                   0x08006ee1   Thumb Code    14  handlers.o(i.__scatterload_zeroinit)
    armBitRevIndexTable_fixed_1024           0x080077b2   Data        1984  arm_common_tables.o(.rodata.armBitRevIndexTable_fixed_1024)
    armBitRevIndexTable_fixed_128            0x08007f72   Data         224  arm_common_tables.o(.rodata.armBitRevIndexTable_fixed_128)
    armBitRevIndexTable_fixed_16             0x08008052   Data          24  arm_common_tables.o(.rodata.armBitRevIndexTable_fixed_16)
    armBitRevIndexTable_fixed_2048           0x0800806a   Data        3968  arm_common_tables.o(.rodata.armBitRevIndexTable_fixed_2048)
    armBitRevIndexTable_fixed_256            0x08008fea   Data         480  arm_common_tables.o(.rodata.armBitRevIndexTable_fixed_256)
    armBitRevIndexTable_fixed_32             0x080091ca   Data          48  arm_common_tables.o(.rodata.armBitRevIndexTable_fixed_32)
    armBitRevIndexTable_fixed_4096           0x080091fa   Data        8064  arm_common_tables.o(.rodata.armBitRevIndexTable_fixed_4096)
    armBitRevIndexTable_fixed_512            0x0800b17a   Data         960  arm_common_tables.o(.rodata.armBitRevIndexTable_fixed_512)
    armBitRevIndexTable_fixed_64             0x0800b53a   Data         112  arm_common_tables.o(.rodata.armBitRevIndexTable_fixed_64)
    arm_cfft_sR_q31_len1024                  0x0800b5ac   Data          16  arm_const_structs.o(.rodata.arm_cfft_sR_q31_len1024)
    arm_cfft_sR_q31_len128                   0x0800b5bc   Data          16  arm_const_structs.o(.rodata.arm_cfft_sR_q31_len128)
    arm_cfft_sR_q31_len16                    0x0800b5cc   Data          16  arm_const_structs.o(.rodata.arm_cfft_sR_q31_len16)
    arm_cfft_sR_q31_len2048                  0x0800b5dc   Data          16  arm_const_structs.o(.rodata.arm_cfft_sR_q31_len2048)
    arm_cfft_sR_q31_len256                   0x0800b5ec   Data          16  arm_const_structs.o(.rodata.arm_cfft_sR_q31_len256)
    arm_cfft_sR_q31_len32                    0x0800b5fc   Data          16  arm_const_structs.o(.rodata.arm_cfft_sR_q31_len32)
    arm_cfft_sR_q31_len4096                  0x0800b60c   Data          16  arm_const_structs.o(.rodata.arm_cfft_sR_q31_len4096)
    arm_cfft_sR_q31_len512                   0x0800b61c   Data          16  arm_const_structs.o(.rodata.arm_cfft_sR_q31_len512)
    arm_cfft_sR_q31_len64                    0x0800b62c   Data          16  arm_const_structs.o(.rodata.arm_cfft_sR_q31_len64)
    cfar_param                               0x0800b63c   Data           8  micromotion_detection.o(.rodata.cfar_param)
    download_cmd                             0x0800b644   Data          14  protocol.o(.rodata.download_cmd)
    freq_linspace                            0x0800b652   Data        2048  freq_linspace.o(.rodata.freq_linspace)
    hamming_TAB512                           0x0800be52   Data        2048  hamming.o(.rodata.hamming_TAB512)
    hanning_conv_TAB511                      0x0800c654   Data        2044  hanning_conv.o(.rodata.hanning_conv_TAB511)
    realCoefAQ31                             0x0800ce50   Data       32768  arm_common_tables.o(.rodata.realCoefAQ31)
    realCoefBQ31                             0x08014e50   Data       32768  arm_common_tables.o(.rodata.realCoefBQ31)
    twiddleCoef_1024_q31                     0x0801d018   Data        6144  arm_common_tables.o(.rodata.twiddleCoef_1024_q31)
    twiddleCoef_128_q31                      0x0801e818   Data         768  arm_common_tables.o(.rodata.twiddleCoef_128_q31)
    twiddleCoef_16_q31                       0x0801eb18   Data          96  arm_common_tables.o(.rodata.twiddleCoef_16_q31)
    twiddleCoef_2048_q31                     0x0801eb78   Data       12288  arm_common_tables.o(.rodata.twiddleCoef_2048_q31)
    twiddleCoef_256_q31                      0x08021b78   Data        1536  arm_common_tables.o(.rodata.twiddleCoef_256_q31)
    twiddleCoef_32_q31                       0x08022178   Data         192  arm_common_tables.o(.rodata.twiddleCoef_32_q31)
    twiddleCoef_4096_q31                     0x08022238   Data       24576  arm_common_tables.o(.rodata.twiddleCoef_4096_q31)
    twiddleCoef_512_q31                      0x08028238   Data        3072  arm_common_tables.o(.rodata.twiddleCoef_512_q31)
    twiddleCoef_64_q31                       0x08028e38   Data         384  arm_common_tables.o(.rodata.twiddleCoef_64_q31)
    version_num                              0x08028fb8   Data           4  main.o(.rodata.version_num)
    Region$$Table$$Base                      0x08028fbc   Number         0  anon$$obj.o(Region$$Table)
    Region$$Table$$Limit                     0x08028fdc   Number         0  anon$$obj.o(Region$$Table)
    __stdout                                 0x20000000   Data           4  stdout.o(.data)
    SystemCoreClock                          0x20000004   Data           4  system_n32g4fr.o(.data.SystemCoreClock)
    measure_th                               0x20000008   Data          20  main.o(.data.measure_th)
    ring_buffer                              0x2000001c   Data          12  adc.o(.data.ring_buffer)
    _SEGGER_RTT                              0x20000034   Data         168  segger_rtt.o(.bss._SEGGER_RTT)
    bt_queue_buf                             0x200004ec   Data          23  system.o(.bss.bt_queue_buf)
    bt_uart_rx_buf                           0x20000503   Data         135  system.o(.bss.bt_uart_rx_buf)
    bt_uart_tx_buf                           0x20000590   Data         519  system.o(.bss.bt_uart_tx_buf)
    bt_work_state                            0x20000797   Data           1  system.o(.bss.bt_work_state)
    buffer                                   0x20000798   Data        2048  adc.o(.bss.buffer)
    data_buf                                 0x2000108a   Data         512  main.o(.bss.data_buf)
    data_cumulation_1                        0x2000128a   Data        1024  distance_measure.o(.bss.data_cumulation_1)
    data_cumulation_2                        0x2000168a   Data        1024  distance_measure.o(.bss.data_cumulation_2)
    diff_tick                                0x20001a8c   Data           4  app.o(.bss.diff_tick)
    distance_f                               0x20001a90   Data           4  main.o(.bss.distance_f)
    g_light_adc_value                        0x20001a94   Data           2  n32g4fr_it.o(.bss.g_light_adc_value)
    leave_en                                 0x20001a98   Data           4  app.o(.bss.leave_en)
    m_JS_RTT_UpBuffer                        0x20001a9c   Data       16384  main.o(.bss.m_JS_RTT_UpBuffer)
    mag_f                                    0x20005aa4   Data           4  main.o(.bss.mag_f)
    now_tick                                 0x20005aac   Data           4  app.o(.bss.now_tick)
    queue_in                                 0x20005ab0   Data           4  system.o(.bss.queue_in)
    queue_out                                0x20005ab4   Data           4  system.o(.bss.queue_out)
    reset_bt_flag                            0x2000d2b8   Data           1  system.o(.bss.reset_bt_flag)
    speed_f                                  0x2000d2bc   Data           4  main.o(.bss.speed_f)
    start_tick                               0x2000d2c0   Data           4  app.o(.bss.start_tick)
    state                                    0x2000d2c4   Data           4  main.o(.bss.state)
    stop_update_flag                         0x2000d2c8   Data           1  system.o(.bss.stop_update_flag)
    updata_data                              0x2000d2d4   Data           8  protocol.o(.bss.updata_data)
    __initial_sp                             0x2000dae0   Data           0  startup_n32g4fr.o(STACK)



==============================================================================

Memory Map of the image

  Image Entry point : 0x08000199

  Load Region LR_IROM1 (Base: 0x08000000, Size: 0x00029008, Max: 0x00080000, ABSOLUTE)

    Execution Region ER_IROM1 (Exec base: 0x08000000, Load base: 0x08000000, Size: 0x00028fdc, Max: 0x00080000, ABSOLUTE)

    Exec Addr    Load Addr    Size         Type   Attr      Idx    E Section Name        Object

    0x08000000   0x08000000   0x00000198   Data   RO           18    RESET               startup_n32g4fr.o
    0x08000198   0x08000198   0x00000000   Code   RO         2311  * .ARM.Collect$$$$00000000  mc_w.l(entry.o)
    0x08000198   0x08000198   0x00000004   Code   RO         2396    .ARM.Collect$$$$00000001  mc_w.l(entry2.o)
    0x0800019c   0x0800019c   0x00000004   Code   RO         2399    .ARM.Collect$$$$00000004  mc_w.l(entry5.o)
    0x080001a0   0x080001a0   0x00000000   Code   RO         2401    .ARM.Collect$$$$00000008  mc_w.l(entry7b.o)
    0x080001a0   0x080001a0   0x00000000   Code   RO         2403    .ARM.Collect$$$$0000000A  mc_w.l(entry8b.o)
    0x080001a0   0x080001a0   0x00000008   Code   RO         2404    .ARM.Collect$$$$0000000B  mc_w.l(entry9a.o)
    0x080001a8   0x080001a8   0x00000000   Code   RO         2406    .ARM.Collect$$$$0000000D  mc_w.l(entry10a.o)
    0x080001a8   0x080001a8   0x00000000   Code   RO         2408    .ARM.Collect$$$$0000000F  mc_w.l(entry11a.o)
    0x080001a8   0x080001a8   0x00000004   Code   RO         2397    .ARM.Collect$$$$00002712  mc_w.l(entry2.o)
    0x080001ac   0x080001ac   0x00000024   Code   RO           19    .text               startup_n32g4fr.o
    0x080001d0   0x080001d0   0x00000062   Code   RO         2314    .text               mc_w.l(uldiv.o)
    0x08000232   0x08000232   0x00000062   Code   RO         2316    .text               mc_w.l(ldiv.o)
    0x08000294   0x08000294   0x00000008   Code   RO         2346    .text               mc_w.l(siabs.o)
    0x0800029c   0x0800029c   0x00000040   Code   RO         2352    .text               mc_w.l(memmovea.o)
    0x080002dc   0x080002dc   0x00000012   Code   RO         2358    .text               mc_w.l(strcpy.o)
    0x080002ee   0x080002ee   0x00000036   Code   RO         2392    .text               mf_w.l(dcmple.o)
    0x08000324   0x08000324   0x00000026   Code   RO         2394    .text               mf_w.l(f2d.o)
    0x0800034a   0x0800034a   0x0000002c   Code   RO         2420    .text               mc_w.l(uidiv.o)
    0x08000376   0x08000376   0x0000001e   Code   RO         2422    .text               mc_w.l(llshl.o)
    0x08000394   0x08000394   0x00000020   Code   RO         2424    .text               mc_w.l(llushr.o)
    0x080003b4   0x080003b4   0x00000000   Code   RO         2426    .text               mc_w.l(iusefp.o)
    0x080003b4   0x080003b4   0x0000014e   Code   RO         2427    .text               mf_w.l(dadd.o)
    0x08000502   0x08000502   0x000000e4   Code   RO         2429    .text               mf_w.l(dmul.o)
    0x080005e6   0x080005e6   0x000000de   Code   RO         2431    .text               mf_w.l(ddiv.o)
    0x080006c4   0x080006c4   0x00000030   Code   RO         2433    .text               mf_w.l(dfixul.o)
    0x080006f4   0x080006f4   0x00000030   Code   RO         2435    .text               mf_w.l(cdrcmple.o)
    0x08000724   0x08000724   0x00000024   Code   RO         2437    .text               mc_w.l(init.o)
    0x08000748   0x08000748   0x00000024   Code   RO         2439    .text               mc_w.l(llsshr.o)
    0x0800076c   0x0800076c   0x000000ba   Code   RO         2441    .text               mf_w.l(depilogue.o)
    0x08000826   0x08000826   0x00000002   PAD
    0x08000828   0x08000828   0x00000038   Code   RO          264    .text.ADC_ConfigClk  n32g4fr_adc.o
    0x08000860   0x08000860   0x000001a8   Code   RO          210    .text.ADC_ConfigRegularChannel  n32g4fr_adc.o
    0x08000a08   0x08000a08   0x0000002c   Code   RO          192    .text.ADC_Enable    n32g4fr_adc.o
    0x08000a34   0x08000a34   0x0000002c   Code   RO          194    .text.ADC_EnableDMA  n32g4fr_adc.o
    0x08000a60   0x08000a60   0x0000002c   Code   RO          212    .text.ADC_EnableExternalTrigConv  n32g4fr_adc.o
    0x08000a8c   0x08000a8c   0x0000002c   Code   RO          202    .text.ADC_EnableSoftwareStartConv  n32g4fr_adc.o
    0x08000ab8   0x08000ab8   0x0000002e   Code   RO          200    .text.ADC_GetCalibrationStatus  n32g4fr_adc.o
    0x08000ae6   0x08000ae6   0x00000002   PAD
    0x08000ae8   0x08000ae8   0x00000034   Code   RO          258    .text.ADC_GetFlagStatusNew  n32g4fr_adc.o
    0x08000b1c   0x08000b1c   0x0000009a   Code   RO          188    .text.ADC_Init      n32g4fr_adc.o
    0x08000bb6   0x08000bb6   0x00000002   PAD
    0x08000bb8   0x08000bb8   0x0000013c   Code   RO          254    .text.ADC_InitEx    n32g4fr_adc.o
    0x08000cf4   0x08000cf4   0x00000012   Code   RO          198    .text.ADC_StartCalibration  n32g4fr_adc.o
    0x08000d06   0x08000d06   0x00000002   PAD
    0x08000d08   0x08000d08   0x00000028   Code   RO         1571    .text.AdcConfig     adc.o
    0x08000d30   0x08000d30   0x00000132   Code   RO         1573    .text.AdcInitConfig  adc.o
    0x08000e62   0x08000e62   0x00000002   PAD
    0x08000e64   0x08000e64   0x00000004   Code   RO           30    .text.BusFault_Handler  n32g4fr_it.o
    0x08000e68   0x08000e68   0x000000bc   Code   RO           48    .text.DMA1_Channel8_IRQHandler  n32g4fr_it.o
    0x08000f24   0x08000f24   0x00000010   Code   RO          472    .text.DMA_ClrIntPendingBit  n32g4fr_dma.o
    0x08000f34   0x08000f34   0x0000002e   Code   RO          460    .text.DMA_ConfigInt  n32g4fr_dma.o
    0x08000f62   0x08000f62   0x00000002   PAD
    0x08000f64   0x08000f64   0x00000244   Code   RO          452    .text.DMA_DeInit    n32g4fr_dma.o
    0x080011a8   0x080011a8   0x0000002e   Code   RO          458    .text.DMA_EnableChannel  n32g4fr_dma.o
    0x080011d6   0x080011d6   0x00000002   PAD
    0x080011d8   0x080011d8   0x00000036   Code   RO          470    .text.DMA_GetIntStatus  n32g4fr_dma.o
    0x0800120e   0x0800120e   0x00000002   PAD
    0x08001210   0x08001210   0x0000006c   Code   RO          454    .text.DMA_Init      n32g4fr_dma.o
    0x0800127c   0x0800127c   0x00000002   Code   RO           36    .text.DebugMon_Handler  n32g4fr_it.o
    0x0800127e   0x0800127e   0x00000002   PAD
    0x08001280   0x08001280   0x00000008   Code   RO         1575    .text.DmaConfig     adc.o
    0x08001288   0x08001288   0x000000e6   Code   RO         1577    .text.DmaInitConfig  adc.o
    0x0800136e   0x0800136e   0x00000002   PAD
    0x08001370   0x08001370   0x00000186   Code   RO          592    .text.GPIO_InitPeripheral  n32g4fr_gpio.o
    0x080014f6   0x080014f6   0x00000002   PAD
    0x080014f8   0x080014f8   0x00000034   Code   RO          596    .text.GPIO_ReadInputDataBit  n32g4fr_gpio.o
    0x0800152c   0x0800152c   0x00000014   Code   RO          608    .text.GPIO_ResetBits  n32g4fr_gpio.o
    0x08001540   0x08001540   0x00000014   Code   RO          604    .text.GPIO_SetBits  n32g4fr_gpio.o
    0x08001554   0x08001554   0x00000004   Code   RO           28    .text.MemManage_Handler  n32g4fr_it.o
    0x08001558   0x08001558   0x00000002   Code   RO           26    .text.NMI_Handler   n32g4fr_it.o
    0x0800155a   0x0800155a   0x00000002   PAD
    0x0800155c   0x0800155c   0x000000aa   Code   RO          171    .text.NVIC_Init     misc.o
    0x08001606   0x08001606   0x00000002   PAD
    0x08001608   0x08001608   0x0000001c   Code   RO          169    .text.NVIC_PriorityGroupConfig  misc.o
    0x08001624   0x08001624   0x00000068   Code   RO         1840    .text.Queue_Read_Byte  system.o
    0x0800168c   0x0800168c   0x0000003e   Code   RO          847    .text.RCC_ConfigAdc1mClk  n32g4fr_rcc.o
    0x080016ca   0x080016ca   0x00000002   PAD
    0x080016cc   0x080016cc   0x0000002c   Code   RO          851    .text.RCC_ConfigAdcHclk  n32g4fr_rcc.o
    0x080016f8   0x080016f8   0x00000054   Code   RO          849    .text.RCC_ConfigAdcPllClk  n32g4fr_rcc.o
    0x0800174c   0x0800174c   0x0000002c   Code   RO          833    .text.RCC_ConfigPclk1  n32g4fr_rcc.o
    0x08001778   0x08001778   0x00000038   Code   RO          867    .text.RCC_EnableAHBPeriphClk  n32g4fr_rcc.o
    0x080017b0   0x080017b0   0x00000038   Code   RO          871    .text.RCC_EnableAPB1PeriphClk  n32g4fr_rcc.o
    0x080017e8   0x080017e8   0x00000038   Code   RO          869    .text.RCC_EnableAPB2PeriphClk  n32g4fr_rcc.o
    0x08001820   0x08001820   0x000001c4   Code   RO          865    .text.RCC_GetClocksFreqValue  n32g4fr_rcc.o
    0x080019e4   0x080019e4   0x000000a0   Code   RO         1910    .text.SEGGER_RTT_ConfigUpBuffer  segger_rtt.o
    0x08001a84   0x08001a84   0x00000008   Code   RO         1922    .text.SEGGER_RTT_Init  segger_rtt.o
    0x08001a8c   0x08001a8c   0x0000004c   Code   RO         1886    .text.SEGGER_RTT_Write  segger_rtt.o
    0x08001ad8   0x08001ad8   0x000000b0   Code   RO         1882    .text.SEGGER_RTT_WriteNoLock  segger_rtt.o
    0x08001b88   0x08001b88   0x0000002a   Code   RO         1955    .text.SEGGER_RTT_printf  segger_rtt_printf.o
    0x08001bb2   0x08001bb2   0x00000002   PAD
    0x08001bb4   0x08001bb4   0x0000033c   Code   RO         1947    .text.SEGGER_RTT_vprintf  segger_rtt_printf.o
    0x08001ef0   0x08001ef0   0x00000002   Code   RO           34    .text.SVC_Handler   n32g4fr_it.o
    0x08001ef2   0x08001ef2   0x00000002   PAD
    0x08001ef4   0x08001ef4   0x00000148   Code   RO            4    .text.SetSysClock   system_n32g4fr.o
    0x0800203c   0x0800203c   0x00000086   Code   RO         1531    .text.SysClkInit    sysclk.o
    0x080020c2   0x080020c2   0x00000002   PAD
    0x080020c4   0x080020c4   0x00000052   Code   RO          131    .text.SysTick_Config  app.o
    0x08002116   0x08002116   0x00000002   PAD
    0x08002118   0x08002118   0x0000000c   Code   RO          141    .text.SysTick_GetTick  app.o
    0x08002124   0x08002124   0x00000002   Code   RO           38    .text.SysTick_Handler  n32g4fr_it.o
    0x08002126   0x08002126   0x00000002   PAD
    0x08002128   0x08002128   0x00000042   Code   RO          129    .text.SysTick_Init  app.o
    0x0800216a   0x0800216a   0x00000002   PAD
    0x0800216c   0x0800216c   0x000000cc   Code   RO            2    .text.SystemInit    system_n32g4fr.o
    0x08002238   0x08002238   0x0000007e   Code   RO           50    .text.TIM1_CC_IRQHandler  n32g4fr_it.o
    0x080022b6   0x080022b6   0x00000002   PAD
    0x080022b8   0x080022b8   0x00000002   Code   RO           42    .text.TIM2_IRQHandler  n32g4fr_it.o
    0x080022ba   0x080022ba   0x00000002   PAD
    0x080022bc   0x080022bc   0x00000002   Code   RO           44    .text.TIM3_IRQHandler  n32g4fr_it.o
    0x080022be   0x080022be   0x00000002   PAD
    0x080022c0   0x080022c0   0x00000014   Code   RO         1338    .text.TIM_ClrIntPendingBit  n32g4fr_tim.o
    0x080022d4   0x080022d4   0x0000002c   Code   RO         1212    .text.TIM_ConfigArPreload  n32g4fr_tim.o
    0x08002300   0x08002300   0x0000003c   Code   RO         1220    .text.TIM_ConfigOc1Preload  n32g4fr_tim.o
    0x0800233c   0x0800233c   0x0000003c   Code   RO         1224    .text.TIM_ConfigOc3Preload  n32g4fr_tim.o
    0x08002378   0x08002378   0x0000003e   Code   RO         1226    .text.TIM_ConfigOc4Preload  n32g4fr_tim.o
    0x080023b6   0x080023b6   0x00000002   PAD
    0x080023b8   0x080023b8   0x0000002c   Code   RO         1168    .text.TIM_Enable    n32g4fr_tim.o
    0x080023e4   0x080023e4   0x00000034   Code   RO         1170    .text.TIM_EnableCtrlPwmOutputs  n32g4fr_tim.o
    0x08002418   0x08002418   0x00000048   Code   RO         1336    .text.TIM_GetIntStatus  n32g4fr_tim.o
    0x08002460   0x08002460   0x000000fa   Code   RO         1126    .text.TIM_InitOc1   n32g4fr_tim.o
    0x0800255a   0x0800255a   0x00000002   PAD
    0x0800255c   0x0800255c   0x00000106   Code   RO         1130    .text.TIM_InitOc3   n32g4fr_tim.o
    0x08002662   0x08002662   0x00000002   PAD
    0x08002664   0x08002664   0x000000ce   Code   RO         1132    .text.TIM_InitOc4   n32g4fr_tim.o
    0x08002732   0x08002732   0x00000002   PAD
    0x08002734   0x08002734   0x000002f4   Code   RO         1124    .text.TIM_InitTimeBase  n32g4fr_tim.o
    0x08002a28   0x08002a28   0x00000012   Code   RO         1551    .text.Timera_Config  timera_pwm.o
    0x08002a3a   0x08002a3a   0x00000002   PAD
    0x08002a3c   0x08002a3c   0x00000036   Code   RO           46    .text.USART3_IRQHandler  n32g4fr_it.o
    0x08002a72   0x08002a72   0x00000002   PAD
    0x08002a74   0x08002a74   0x00000092   Code   RO         1386    .text.USART_ConfigInt  n32g4fr_usart.o
    0x08002b06   0x08002b06   0x00000002   PAD
    0x08002b08   0x08002b08   0x0000002c   Code   RO         1384    .text.USART_Enable  n32g4fr_usart.o
    0x08002b34   0x08002b34   0x00000044   Code   RO         1420    .text.USART_GetFlagStatus  n32g4fr_usart.o
    0x08002b78   0x08002b78   0x000000b0   Code   RO         1424    .text.USART_GetIntStatus  n32g4fr_usart.o
    0x08002c28   0x08002c28   0x00000124   Code   RO         1376    .text.USART_Init    n32g4fr_usart.o
    0x08002d4c   0x08002d4c   0x00000010   Code   RO         1402    .text.USART_ReceiveData  n32g4fr_usart.o
    0x08002d5c   0x08002d5c   0x00000018   Code   RO         1400    .text.USART_SendData  n32g4fr_usart.o
    0x08002d74   0x08002d74   0x00000004   Code   RO           32    .text.UsageFault_Handler  n32g4fr_it.o
    0x08002d78   0x08002d78   0x0000009c   Code   RO         1864    .text._DoInit       segger_rtt.o
    0x08002e14   0x08002e14   0x0000003e   Code   RO         1876    .text._GetAvailWriteSpace  segger_rtt.o
    0x08002e52   0x08002e52   0x00000002   PAD
    0x08002e54   0x08002e54   0x000001cc   Code   RO         1951    .text._PrintInt     segger_rtt_printf.o
    0x08003020   0x08003020   0x000001ac   Code   RO         1953    .text._PrintUnsigned  segger_rtt_printf.o
    0x080031cc   0x080031cc   0x00000076   Code   RO         1949    .text._StoreChar    segger_rtt_printf.o
    0x08003242   0x08003242   0x00000002   PAD
    0x08003244   0x08003244   0x000000e4   Code   RO         1880    .text._WriteBlocking  segger_rtt.o
    0x08003328   0x08003328   0x0000008c   Code   RO         1878    .text._WriteNoCheck  segger_rtt.o
    0x080033b4   0x080033b4   0x00000042   Code   RO          137    .text.__NVIC_SetPriority  app.o
    0x080033f6   0x080033f6   0x00000002   PAD
    0x080033f8   0x080033f8   0x00000032   Code   RO         1633    .text.accumulate_data  distance_measure.o
    0x0800342a   0x0800342a   0x00000002   PAD
    0x0800342c   0x0800342c   0x00000024   Code   RO         1763    .text.all_data_update  protocol.o
    0x08003450   0x08003450   0x00000104   Code   RO           71    .text.alloc_mem     memalloc.o
    0x08003554   0x08003554   0x00000092   Code   RO         1592    .text.alphabeta_filter  alphabeta_filter.o
    0x080035e6   0x080035e6   0x00000002   PAD
    0x080035e8   0x080035e8   0x0000016e   Code   RO         1600    .text.apfft         apfft.o
    0x08003756   0x08003756   0x00000002   PAD
    0x08003758   0x08003758   0x00000040   Code   RO          151    .text.app           app.o
    0x08003798   0x08003798   0x0000005c   Code   RO         1491    .text.arctan        math_fp.o
    0x080037f4   0x080037f4   0x00000136   Code   RO         1493    .text.arctan2       math_fp.o
    0x0800392a   0x0800392a   0x00000002   PAD
    0x0800392c   0x0800392c   0x00000206   Code   RO         1502    .text.arm_absmax_q31  arm_absmax_q31.o
    0x08003b32   0x08003b32   0x00000002   PAD
    0x08003b34   0x08003b34   0x00000044   Code   RO         2272    .text.arm_bitreversal_32  arm_cortexM4lf_math.lib(arm_bitreversal2.o)
    0x08003b78   0x08003b78   0x000000d6   Code   RO         2061    .text.arm_cfft_q31  arm_cortexM4lf_math.lib(arm_cfft_q31.o)
    0x08003c4e   0x08003c4e   0x00000002   PAD
    0x08003c50   0x08003c50   0x00000108   Code   RO         2063    .text.arm_cfft_radix4by2_inverse_q31  arm_cortexM4lf_math.lib(arm_cfft_q31.o)
    0x08003d58   0x08003d58   0x0000011c   Code   RO         2065    .text.arm_cfft_radix4by2_q31  arm_cortexM4lf_math.lib(arm_cfft_q31.o)
    0x08003e74   0x08003e74   0x000000c2   Code   RO         1974    .text.arm_cmplx_mag_q31  arm_cortexM4lf_math.lib(arm_cmplx_mag_q31.o)
    0x08003f36   0x08003f36   0x00000002   PAD
    0x08003f38   0x08003f38   0x00000052   Code   RO         2025    .text.arm_mean_q15  arm_cortexM4lf_math.lib(arm_mean_q15.o)
    0x08003f8a   0x08003f8a   0x00000002   PAD
    0x08003f8c   0x08003f8c   0x0000007a   Code   RO         2034    .text.arm_mean_q31  arm_cortexM4lf_math.lib(arm_mean_q31.o)
    0x08004006   0x08004006   0x00000002   PAD
    0x08004008   0x08004008   0x0000004e   Code   RO         1965    .text.arm_offset_q15  arm_cortexM4lf_math.lib(arm_offset_q15.o)
    0x08004056   0x08004056   0x00000002   PAD
    0x08004058   0x08004058   0x000003d6   Code   RO         2286    .text.arm_radix4_butterfly_inverse_q31  arm_cortexM4lf_math.lib(arm_cfft_radix4_q31.o)
    0x0800442e   0x0800442e   0x00000002   PAD
    0x08004430   0x08004430   0x000003ce   Code   RO         2288    .text.arm_radix4_butterfly_q31  arm_cortexM4lf_math.lib(arm_cfft_radix4_q31.o)
    0x080047fe   0x080047fe   0x000000d4   Code   RO         2002    .text.arm_rfft_init_q31  arm_cortexM4lf_math.lib(arm_rfft_init_q31.o)
    0x080048d2   0x080048d2   0x00000002   PAD
    0x080048d4   0x080048d4   0x00000076   Code   RO         2011    .text.arm_rfft_q31  arm_cortexM4lf_math.lib(arm_rfft_q31.o)
    0x0800494a   0x0800494a   0x00000002   PAD
    0x0800494c   0x0800494c   0x00000112   Code   RO         2015    .text.arm_split_rfft_q31  arm_cortexM4lf_math.lib(arm_rfft_q31.o)
    0x08004a5e   0x08004a5e   0x00000002   PAD
    0x08004a60   0x08004a60   0x00000084   Code   RO         2013    .text.arm_split_rifft_q31  arm_cortexM4lf_math.lib(arm_rfft_q31.o)
    0x08004ae4   0x08004ae4   0x000000f4   Code   RO         2052    .text.arm_sqrt_q31  arm_cortexM4lf_math.lib(arm_sqrt_q31.o)
    0x08004bd8   0x08004bd8   0x000000f8   Code   RO         2043    .text.arm_std_q31   arm_cortexM4lf_math.lib(arm_std_q31.o)
    0x08004cd0   0x08004cd0   0x00000016   Code   RO         1777    .text.bt_close_timer_result  protocol.o
    0x08004ce6   0x08004ce6   0x00000002   PAD
    0x08004ce8   0x08004ce8   0x00000016   Code   RO         1789    .text.bt_disconnect_result  protocol.o
    0x08004cfe   0x08004cfe   0x00000002   PAD
    0x08004d00   0x08004d00   0x00000016   Code   RO         1781    .text.bt_enable_lowpoer_result  protocol.o
    0x08004d16   0x08004d16   0x00000002   PAD
    0x08004d18   0x08004d18   0x00000002   Code   RO         1793    .text.bt_factor_reset_notify  protocol.o
    0x08004d1a   0x08004d1a   0x00000002   PAD
    0x08004d1c   0x08004d1c   0x00000016   Code   RO         1773    .text.bt_modify_adv_interval_result  protocol.o
    0x08004d32   0x08004d32   0x00000002   PAD
    0x08004d34   0x08004d34   0x0000002a   Code   RO         1747    .text.bt_protocol_init  mcu_api.o
    0x08004d5e   0x08004d5e   0x00000002   PAD
    0x08004d60   0x08004d60   0x00000016   Code   RO         1785    .text.bt_send_one_time_password_token_result  protocol.o
    0x08004d76   0x08004d76   0x00000002   PAD
    0x08004d78   0x08004d78   0x00000090   Code   RO         1743    .text.bt_uart_service  mcu_api.o
    0x08004e08   0x08004e08   0x0000003e   Code   RO         1826    .text.bt_uart_write_data  system.o
    0x08004e46   0x08004e46   0x00000002   PAD
    0x08004e48   0x08004e48   0x00000070   Code   RO         1824    .text.bt_uart_write_frame  system.o
    0x08004eb8   0x08004eb8   0x00000044   Code   RO         1616    .text.cal_q_q31     corrcoef.o
    0x08004efc   0x08004efc   0x00000044   Code   RO         1680    .text.cal_q_q31     micromotion_detection.o
    0x08004f40   0x08004f40   0x0000006e   Code   RO         1676    .text.cfar_ca       micromotion_detection.o
    0x08004fae   0x08004fae   0x00000002   PAD
    0x08004fb0   0x08004fb0   0x00000054   Code   RO         1533    .text.clk_test      sysclk.o
    0x08005004   0x08005004   0x00000056   Code   RO          143    .text.close_process  app.o
    0x0800505a   0x0800505a   0x00000002   PAD
    0x0800505c   0x0800505c   0x0000015c   Code   RO         1614    .text.corrcoef_q31  corrcoef.o
    0x080051b8   0x080051b8   0x0000025e   Code   RO         1828    .text.data_handle   system.o
    0x08005416   0x08005416   0x00000002   PAD
    0x08005418   0x08005418   0x00000086   Code   RO         1836    .text.data_point_handle  system.o
    0x0800549e   0x0800549e   0x00000002   PAD
    0x080054a0   0x080054a0   0x00000166   Code   RO         1765    .text.dp_download_handle  protocol.o
    0x08005606   0x08005606   0x00000002   PAD
    0x08005608   0x08005608   0x00000012   Code   RO         1547    .text.enable_timer_pwm  timera_pwm.o
    0x0800561a   0x0800561a   0x00000002   PAD
    0x0800561c   0x0800561c   0x00000076   Code   RO         1690    .text.find_max_peak  vd_calculation.o
    0x08005692   0x08005692   0x00000002   PAD
    0x08005694   0x08005694   0x00000034   Code   RO          104    .text.fputc         main.o
    0x080056c8   0x080056c8   0x00000060   Code   RO           73    .text.free_mem      memalloc.o
    0x08005728   0x08005728   0x0000004a   Code   RO         1822    .text.get_check_sum  system.o
    0x08005772   0x08005772   0x00000002   PAD
    0x08005774   0x08005774   0x00000058   Code   RO         1842    .text.get_dowmload_dpid_index  system.o
    0x080057cc   0x080057cc   0x00000004   Code   RO         1767    .text.get_download_cmd_total  protocol.o
    0x080057d0   0x080057d0   0x00000018   Code   RO         1834    .text.get_mcu_bt_mode  system.o
    0x080057e8   0x080057e8   0x00000034   Code   RO         1838    .text.get_queue_total_data  system.o
    0x0800581c   0x0800581c   0x0000001c   Code   RO         1579    .text.get_sample_data  adc.o
    0x08005838   0x08005838   0x0000005e   Code   RO         1510    .text.gpio_init     gpio.o
    0x08005896   0x08005896   0x00000002   PAD
    0x08005898   0x08005898   0x00000052   Code   RO         1830    .text.heat_beat_check  system.o
    0x080058ea   0x080058ea   0x00000006   PAD
    0x080058f0   0x080058f0   0x00000188   Code   RO          149    .text.idle_process  app.o
    0x08005a78   0x08005a78   0x0000004a   Code   RO           69    .text.init_mem      memalloc.o
    0x08005ac2   0x08005ac2   0x00000002   PAD
    0x08005ac4   0x08005ac4   0x00000020   Code   RO         1569    .text.init_pin      adc.o
    0x08005ae4   0x08005ae4   0x000000e2   Code   RO         1545    .text.init_timer    timera_pwm.o
    0x08005bc6   0x08005bc6   0x00000002   PAD
    0x08005bc8   0x08005bc8   0x00000106   Code   RO         1543    .text.init_timer_pin  timera_pwm.o
    0x08005cce   0x08005cce   0x00000002   PAD
    0x08005cd0   0x08005cd0   0x00000016   Code   RO          108    .text.is_data_available  main.o
    0x08005ce6   0x08005ce6   0x00000002   PAD
    0x08005ce8   0x08005ce8   0x00000034   Code   RO          145    .text.leave_s0      app.o
    0x08005d1c   0x08005d1c   0x0000004c   Code   RO          147    .text.leave_s1      app.o
    0x08005d68   0x08005d68   0x00000036   Code   RO         1518    .text.led_init      led.o
    0x08005d9e   0x08005d9e   0x00000002   PAD
    0x08005da0   0x08005da0   0x00000138   Code   RO          106    .text.main          main.o
    0x08005ed8   0x08005ed8   0x00000290   Code   RO         1745    .text.mcu_common_uart_data_unpack  mcu_api.o
    0x08006168   0x08006168   0x000000bc   Code   RO         1727    .text.mcu_dp_value_update  mcu_api.o
    0x08006224   0x08006224   0x0000015c   Code   RO         1635    .text.measure_distance  distance_measure.o
    0x08006380   0x08006380   0x000001ae   Code   RO         1678    .text.micromotion_detection  micromotion_detection.o
    0x0800652e   0x0800652e   0x00000002   PAD
    0x08006530   0x08006530   0x000000ae   Code   RO         1707    .text.my_memcpy     mcu_api.o
    0x080065de   0x080065de   0x00000002   PAD
    0x080065e0   0x080065e0   0x00000046   Code   RO         1705    .text.my_memset     mcu_api.o
    0x08006626   0x08006626   0x00000002   PAD
    0x08006628   0x08006628   0x0000003a   Code   RO         1703    .text.my_strlen     mcu_api.o
    0x08006662   0x08006662   0x00000002   PAD
    0x08006664   0x08006664   0x00000060   Code   RO         1832    .text.product_info_update  system.o
    0x080066c4   0x080066c4   0x00000032   Code   RO           92    .text.ring_buf_empty  ringbuffer.o
    0x080066f6   0x080066f6   0x00000002   PAD
    0x080066f8   0x080066f8   0x00000032   Code   RO          110    .text.ring_buf_empty  main.o
    0x0800672a   0x0800672a   0x00000002   PAD
    0x0800672c   0x0800672c   0x00000056   Code   RO           88    .text.ring_buf_full  ringbuffer.o
    0x08006782   0x08006782   0x00000002   PAD
    0x08006784   0x08006784   0x000000a4   Code   RO           90    .text.ring_buffer_get  ringbuffer.o
    0x08006828   0x08006828   0x0000005e   Code   RO           86    .text.ring_buffer_put  ringbuffer.o
    0x08006886   0x08006886   0x00000002   PAD
    0x08006888   0x08006888   0x00000082   Code   RO          102    .text.rtt_init      main.o
    0x0800690a   0x0800690a   0x00000002   PAD
    0x0800690c   0x0800690c   0x00000042   Code   RO         1820    .text.set_bt_uart_buffer  system.o
    0x0800694e   0x0800694e   0x00000002   PAD
    0x08006950   0x08006950   0x00000036   Code   RO         1818    .text.set_bt_uart_byte  system.o
    0x08006986   0x08006986   0x00000002   PAD
    0x08006988   0x08006988   0x00000012   Code   RO         1549    .text.start_timer   timera_pwm.o
    0x0800699a   0x0800699a   0x00000002   PAD
    0x0800699c   0x0800699c   0x00000016   Code   RO          135    .text.tick_init     app.o
    0x080069b2   0x080069b2   0x00000002   PAD
    0x080069b4   0x080069b4   0x000000be   Code   RO         1741    .text.uart_receive_input  mcu_api.o
    0x08006a72   0x08006a72   0x00000002   PAD
    0x08006a74   0x08006a74   0x00000032   Code   RO         1761    .text.uart_transmit_output  protocol.o
    0x08006aa6   0x08006aa6   0x00000002   PAD
    0x08006aa8   0x08006aa8   0x000000b2   Code   RO         1561    .text.usart_init    usart.o
    0x08006b5a   0x08006b5a   0x00000002   PAD
    0x08006b5c   0x08006b5c   0x00000354   Code   RO         1692    .text.vd_calculation  vd_calculation.o
    0x08006eb0   0x08006eb0   0x00000020   Code   RO         2365    i.__0printf         mc_w.l(printfa.o)
    0x08006ed0   0x08006ed0   0x0000000e   Code   RO         2445    i.__scatterload_copy  mc_w.l(handlers.o)
    0x08006ede   0x08006ede   0x00000002   Code   RO         2446    i.__scatterload_null  mc_w.l(handlers.o)
    0x08006ee0   0x08006ee0   0x0000000e   Code   RO         2447    i.__scatterload_zeroinit  mc_w.l(handlers.o)
    0x08006eee   0x08006eee   0x00000002   PAD
    0x08006ef0   0x08006ef0   0x00000184   Code   RO         2372    i._fp_digits        mc_w.l(printfa.o)
    0x08007074   0x08007074   0x000006dc   Code   RO         2373    i._printf_core      mc_w.l(printfa.o)
    0x08007750   0x08007750   0x00000024   Code   RO         2374    i._printf_post_padding  mc_w.l(printfa.o)
    0x08007774   0x08007774   0x0000002e   Code   RO         2375    i._printf_pre_padding  mc_w.l(printfa.o)
    0x080077a2   0x080077a2   0x00000010   Data   RO         1957    .rodata._PrintUnsigned._aV2C  segger_rtt_printf.o
    0x080077b2   0x080077b2   0x000007c0   Data   RO         2136    .rodata.armBitRevIndexTable_fixed_1024  arm_cortexM4lf_math.lib(arm_common_tables.o)
    0x08007f72   0x08007f72   0x000000e0   Data   RO         2133    .rodata.armBitRevIndexTable_fixed_128  arm_cortexM4lf_math.lib(arm_common_tables.o)
    0x08008052   0x08008052   0x00000018   Data   RO         2130    .rodata.armBitRevIndexTable_fixed_16  arm_cortexM4lf_math.lib(arm_common_tables.o)
    0x0800806a   0x0800806a   0x00000f80   Data   RO         2137    .rodata.armBitRevIndexTable_fixed_2048  arm_cortexM4lf_math.lib(arm_common_tables.o)
    0x08008fea   0x08008fea   0x000001e0   Data   RO         2134    .rodata.armBitRevIndexTable_fixed_256  arm_cortexM4lf_math.lib(arm_common_tables.o)
    0x080091ca   0x080091ca   0x00000030   Data   RO         2131    .rodata.armBitRevIndexTable_fixed_32  arm_cortexM4lf_math.lib(arm_common_tables.o)
    0x080091fa   0x080091fa   0x00001f80   Data   RO         2138    .rodata.armBitRevIndexTable_fixed_4096  arm_cortexM4lf_math.lib(arm_common_tables.o)
    0x0800b17a   0x0800b17a   0x000003c0   Data   RO         2135    .rodata.armBitRevIndexTable_fixed_512  arm_cortexM4lf_math.lib(arm_common_tables.o)
    0x0800b53a   0x0800b53a   0x00000070   Data   RO         2132    .rodata.armBitRevIndexTable_fixed_64  arm_cortexM4lf_math.lib(arm_common_tables.o)
    0x0800b5aa   0x0800b5aa   0x00000002   PAD
    0x0800b5ac   0x0800b5ac   0x00000010   Data   RO         2219    .rodata.arm_cfft_sR_q31_len1024  arm_cortexM4lf_math.lib(arm_const_structs.o)
    0x0800b5bc   0x0800b5bc   0x00000010   Data   RO         2216    .rodata.arm_cfft_sR_q31_len128  arm_cortexM4lf_math.lib(arm_const_structs.o)
    0x0800b5cc   0x0800b5cc   0x00000010   Data   RO         2213    .rodata.arm_cfft_sR_q31_len16  arm_cortexM4lf_math.lib(arm_const_structs.o)
    0x0800b5dc   0x0800b5dc   0x00000010   Data   RO         2220    .rodata.arm_cfft_sR_q31_len2048  arm_cortexM4lf_math.lib(arm_const_structs.o)
    0x0800b5ec   0x0800b5ec   0x00000010   Data   RO         2217    .rodata.arm_cfft_sR_q31_len256  arm_cortexM4lf_math.lib(arm_const_structs.o)
    0x0800b5fc   0x0800b5fc   0x00000010   Data   RO         2214    .rodata.arm_cfft_sR_q31_len32  arm_cortexM4lf_math.lib(arm_const_structs.o)
    0x0800b60c   0x0800b60c   0x00000010   Data   RO         2221    .rodata.arm_cfft_sR_q31_len4096  arm_cortexM4lf_math.lib(arm_const_structs.o)
    0x0800b61c   0x0800b61c   0x00000010   Data   RO         2218    .rodata.arm_cfft_sR_q31_len512  arm_cortexM4lf_math.lib(arm_const_structs.o)
    0x0800b62c   0x0800b62c   0x00000010   Data   RO         2215    .rodata.arm_cfft_sR_q31_len64  arm_cortexM4lf_math.lib(arm_const_structs.o)
    0x0800b63c   0x0800b63c   0x00000008   Data   RO         1682    .rodata.cfar_param  micromotion_detection.o
    0x0800b644   0x0800b644   0x0000000e   Data   RO         1809    .rodata.download_cmd  protocol.o
    0x0800b652   0x0800b652   0x00000800   Data   RO         1658    .rodata.freq_linspace  freq_linspace.o
    0x0800be52   0x0800be52   0x00000800   Data   RO         1664    .rodata.hamming_TAB512  hamming.o
    0x0800c652   0x0800c652   0x00000002   PAD
    0x0800c654   0x0800c654   0x000007fc   Data   RO         1670    .rodata.hanning_conv_TAB511  hanning_conv.o
    0x0800ce50   0x0800ce50   0x00008000   Data   RO         2157    .rodata.realCoefAQ31  arm_cortexM4lf_math.lib(arm_common_tables.o)
    0x08014e50   0x08014e50   0x00008000   Data   RO         2158    .rodata.realCoefBQ31  arm_cortexM4lf_math.lib(arm_common_tables.o)
    0x0801ce50   0x0801ce50   0x00000010   Data   RO          896    .rodata.s_AdcHclkPresTable  n32g4fr_rcc.o
    0x0801ce60   0x0801ce60   0x00000020   Data   RO          897    .rodata.s_AdcPllClkPresTable  n32g4fr_rcc.o
    0x0801ce80   0x0801ce80   0x00000010   Data   RO          895    .rodata.s_ApbAhbPresTable  n32g4fr_rcc.o
    0x0801ce90   0x0801ce90   0x0000001c   Data   RO           78    .rodata.str1.1      memalloc.o
    0x0801ceac   0x0801ceac   0x00000027   Data   RO           94    .rodata.str1.1      ringbuffer.o
    0x0801ced3   0x0801ced3   0x000000bb   Data   RO          118    .rodata.str1.1      main.o
    0x0801cf8e   0x0801cf8e   0x00000034   Data   RO         1535    .rodata.str1.1      sysclk.o
    0x0801cfc2   0x0801cfc2   0x00000033   Data   RO         1553    .rodata.str1.1      timera_pwm.o
    0x0801cff5   0x0801cff5   0x0000000f   Data   RO         1854    .rodata.str1.1      system.o
    0x0801d004   0x0801d004   0x00000014   Data   RO         1937    .rodata.str1.1      segger_rtt.o
    0x0801d018   0x0801d018   0x00001800   Data   RO         2100    .rodata.twiddleCoef_1024_q31  arm_cortexM4lf_math.lib(arm_common_tables.o)
    0x0801e818   0x0801e818   0x00000300   Data   RO         2097    .rodata.twiddleCoef_128_q31  arm_cortexM4lf_math.lib(arm_common_tables.o)
    0x0801eb18   0x0801eb18   0x00000060   Data   RO         2094    .rodata.twiddleCoef_16_q31  arm_cortexM4lf_math.lib(arm_common_tables.o)
    0x0801eb78   0x0801eb78   0x00003000   Data   RO         2101    .rodata.twiddleCoef_2048_q31  arm_cortexM4lf_math.lib(arm_common_tables.o)
    0x08021b78   0x08021b78   0x00000600   Data   RO         2098    .rodata.twiddleCoef_256_q31  arm_cortexM4lf_math.lib(arm_common_tables.o)
    0x08022178   0x08022178   0x000000c0   Data   RO         2095    .rodata.twiddleCoef_32_q31  arm_cortexM4lf_math.lib(arm_common_tables.o)
    0x08022238   0x08022238   0x00006000   Data   RO         2102    .rodata.twiddleCoef_4096_q31  arm_cortexM4lf_math.lib(arm_common_tables.o)
    0x08028238   0x08028238   0x00000c00   Data   RO         2099    .rodata.twiddleCoef_512_q31  arm_cortexM4lf_math.lib(arm_common_tables.o)
    0x08028e38   0x08028e38   0x00000180   Data   RO         2096    .rodata.twiddleCoef_64_q31  arm_cortexM4lf_math.lib(arm_common_tables.o)
    0x08028fb8   0x08028fb8   0x00000004   Data   RO          112    .rodata.version_num  main.o
    0x08028fbc   0x08028fbc   0x00000020   Data   RO         2444    Region$$Table       anon$$obj.o


    Execution Region RW_IRAM1 (Exec base: 0x20000000, Load base: 0x08028fe0, Size: 0x0000dae0, Max: 0x00020000, ABSOLUTE)

    Exec Addr    Load Addr    Size         Type   Attr      Idx    E Section Name        Object

    0x20000000   0x08028fe0   0x00000004   Data   RW         2410    .data               mc_w.l(stdout.o)
    0x20000004   0x08028fe4   0x00000004   Data   RW            8    .data.SystemCoreClock  system_n32g4fr.o
    0x20000008   0x08028fe8   0x00000014   Data   RW          113    .data.measure_th    main.o
    0x2000001c   0x08028ffc   0x0000000c   Data   RW         1582    .data.ring_buffer   adc.o
    0x20000028        -       0x00000004   Zero   RW           59    .bss.DMA1_Channel8_IRQHandler.current_address  n32g4fr_it.o
    0x2000002c        -       0x00000004   Zero   RW           58    .bss.DMA1_Channel8_IRQHandler.i  n32g4fr_it.o
    0x20000030        -       0x00000002   Zero   RW         1751    .bss.UART_RX_Count  mcu_api.o
    0x20000032   0x08029008   0x00000002   PAD
    0x20000034        -       0x000000a8   Zero   RW         1934    .bss._SEGGER_RTT    segger_rtt.o
    0x200000dc        -       0x00000010   Zero   RW         1939    .bss._acDownBuffer  segger_rtt.o
    0x200000ec        -       0x00000400   Zero   RW         1938    .bss._acUpBuffer    segger_rtt.o
    0x200004ec        -       0x00000017   Zero   RW         1850    .bss.bt_queue_buf   system.o
    0x20000503        -       0x00000087   Zero   RW         1845    .bss.bt_uart_rx_buf  system.o
    0x2000058a        -       0x00000003   Zero   RW         1750    .bss.bt_uart_rx_buf_temp  mcu_api.o
    0x2000058d   0x08029008   0x00000001   PAD
    0x2000058e        -       0x00000002   Zero   RW         1749    .bss.bt_uart_service.rx_in  mcu_api.o
    0x20000590        -       0x00000207   Zero   RW         1844    .bss.bt_uart_tx_buf  system.o
    0x20000797        -       0x00000001   Zero   RW         1846    .bss.bt_work_state  system.o
    0x20000798        -       0x00000800   Zero   RW         1581    .bss.buffer         adc.o
    0x20000f98        -       0x000000f0   Zero   RW           76    .bss.chunks         memalloc.o
    0x20001088        -       0x00000001   Zero   RW         1752    .bss.current_uart_rev_state_type  mcu_api.o
    0x20001089   0x08029008   0x00000001   PAD
    0x2000108a        -       0x00000200   Zero   RW          120    .bss.data_buf       main.o
    0x2000128a        -       0x00000400   Zero   RW         1638    .bss.data_cumulation_1  distance_measure.o
    0x2000168a        -       0x00000400   Zero   RW         1639    .bss.data_cumulation_2  distance_measure.o
    0x20001a8a   0x08029008   0x00000002   PAD
    0x20001a8c        -       0x00000004   Zero   RW          156    .bss.diff_tick      app.o
    0x20001a90        -       0x00000004   Zero   RW          115    .bss.distance_f     main.o
    0x20001a94        -       0x00000002   Zero   RW           61    .bss.g_light_adc_value  n32g4fr_it.o
    0x20001a96        -       0x00000001   Zero   RW         1853    .bss.heat_beat_check.mcu_reset_state  system.o
    0x20001a97   0x08029008   0x00000001   PAD
    0x20001a98        -       0x00000004   Zero   RW          157    .bss.leave_en       app.o
    0x20001a9c        -       0x00004000   Zero   RW          119    .bss.m_JS_RTT_UpBuffer  main.o
    0x20005a9c        -       0x00000004   Zero   RW          159    .bss.m_u32TickCount  app.o
    0x20005aa0        -       0x00000004   Zero   RW          158    .bss.m_u32TickStep  app.o
    0x20005aa4        -       0x00000004   Zero   RW          117    .bss.mag_f          main.o
    0x20005aa8        -       0x00000004   Zero   RW         1637    .bss.measure_distance.data_index  distance_measure.o
    0x20005aac        -       0x00000004   Zero   RW          155    .bss.now_tick       app.o
    0x20005ab0        -       0x00000004   Zero   RW         1848    .bss.queue_in       system.o
    0x20005ab4        -       0x00000004   Zero   RW         1849    .bss.queue_out      system.o
    0x20005ab8        -       0x00007800   Zero   RW           75    .bss.reserved_mem   memalloc.o
    0x2000d2b8        -       0x00000001   Zero   RW         1847    .bss.reset_bt_flag  system.o
    0x2000d2b9   0x08029008   0x00000003   PAD
    0x2000d2bc        -       0x00000004   Zero   RW          116    .bss.speed_f        main.o
    0x2000d2c0        -       0x00000004   Zero   RW          154    .bss.start_tick     app.o
    0x2000d2c4        -       0x00000004   Zero   RW          114    .bss.state          main.o
    0x2000d2c8        -       0x00000001   Zero   RW         1851    .bss.stop_update_flag  system.o
    0x2000d2c9   0x08029008   0x00000003   PAD
    0x2000d2cc        -       0x00000004   Zero   RW           77    .bss.total          memalloc.o
    0x2000d2d0        -       0x00000002   Zero   RW         1753    .bss.uart_data_len  mcu_api.o
    0x2000d2d2   0x08029008   0x00000002   PAD
    0x2000d2d4        -       0x00000008   Zero   RW         1810    .bss.updata_data    protocol.o
    0x2000d2dc   0x08029008   0x00000004   PAD
    0x2000d2e0        -       0x00000800   Zero   RW           16    STACK               startup_n32g4fr.o


==============================================================================

Image component sizes


      Code (inc. data)   RO Data    RW Data    ZI Data      Debug   Object Name

       644          0          0         12       2048       6645   adc.o
       146          0          0          0          0       1209   alphabeta_filter.o
       366          0          0          0          0       1764   apfft.o
       918         12          0          0         24       5824   app.o
       518          0          0          0          0       1931   arm_absmax_q31.o
       416          0          0          0          0       1693   corrcoef.o
       398          0          0          0       2052       1622   distance_measure.o
         0          0       2048          0          0        566   freq_linspace.o
        94          0          0          0          0       1429   gpio.o
         0          0       2048          0          0        555   hamming.o
         0          0       2044          0          0        568   hanning_conv.o
        54          0          0          0          0       1614   led.o
       566          4        191         20      16912       3042   main.o
       402          0          0          0          0       1270   math_fp.o
      1522          6          0          0         10       6617   mcu_api.o
       430          0         28          0      30964       1594   memalloc.o
       608          0          8          0          0       2848   micromotion_detection.o
       198          0          0          0          0       2911   misc.o
      1242          0          0          0          0      10179   n32g4fr_adc.o
       850          0          0          0          0       3906   n32g4fr_dma.o
       482          0          0          0          0       6249   n32g4fr_gpio.o
       392          0          0          0         10       3868   n32g4fr_it.o
       854          0         64          0          0       8695   n32g4fr_rcc.o
      1888          0          0          0          0      23641   n32g4fr_tim.o
       766          0          0          0          0       6793   n32g4fr_usart.o
       560         16         14          0          8       5242   protocol.o
       394          0         39          0          0       1630   ringbuffer.o
      1006          0         20          0       1208      13097   segger_rtt.o
      1876         14         16          0          0       3790   segger_rtt_printf.o
        36          8        408          0       2048        856   startup_n32g4fr.o
       218          0         52          0          0       1132   sysclk.o
      1554          0         15          0        689       3895   system.o
       532          0          0          4          0       2909   system_n32g4fr.o
       542          4         51          0          0       5909   timera_pwm.o
       178          0          0          0          0       4228   usart.o
       970          0          0          0          0       2972   vd_calculation.o

    ----------------------------------------------------------------------
     21776         64       7080         36      55992     152693   Object Totals
         0          0         32          0          0          0   (incl. Generated)
       156          0          2          0         19          0   (incl. Padding)

    ----------------------------------------------------------------------

      Code (inc. data)   RO Data    RW Data    ZI Data      Debug   Library Member Name

        68          0          0          0          0       1792   arm_bitreversal2.o
       762          0          0          0          0       3279   arm_cfft_q31.o
      1956          0          0          0          0       7914   arm_cfft_radix4_q31.o
       194          0          0          0          0       1363   arm_cmplx_mag_q31.o
         0          0     130456          0          0       6294   arm_common_tables.o
         0          0        144          0          0       4820   arm_const_structs.o
        82          0          0          0          0       1313   arm_mean_q15.o
       122          0          0          0          0       1150   arm_mean_q31.o
        78          0          0          0          0       1584   arm_offset_q15.o
       212          0          0          0          0       1711   arm_rfft_init_q31.o
       524          0          0          0          0       3339   arm_rfft_q31.o
       244          8          0          0          0       2022   arm_sqrt_q31.o
       248          0          0          0          0       1688   arm_std_q31.o
         0          0          0          0          0          0   entry.o
         0          0          0          0          0          0   entry10a.o
         0          0          0          0          0          0   entry11a.o
         8          4          0          0          0          0   entry2.o
         4          0          0          0          0          0   entry5.o
         0          0          0          0          0          0   entry7b.o
         0          0          0          0          0          0   entry8b.o
         8          4          0          0          0          0   entry9a.o
        30          0          0          0          0          0   handlers.o
        36          8          0          0          0         68   init.o
         0          0          0          0          0          0   iusefp.o
        98          0          0          0          0         84   ldiv.o
        30          0          0          0          0         68   llshl.o
        36          0          0          0          0         68   llsshr.o
        32          0          0          0          0         68   llushr.o
        64          0          0          0          0         76   memmovea.o
      2258         90          0          0          0        452   printfa.o
         8          0          0          0          0         68   siabs.o
         0          0          0          4          0          0   stdout.o
        18          0          0          0          0         68   strcpy.o
        44          0          0          0          0         80   uidiv.o
        98          0          0          0          0         92   uldiv.o
        48          0          0          0          0         68   cdrcmple.o
       334          0          0          0          0        148   dadd.o
        54          0          0          0          0         80   dcmple.o
       222          0          0          0          0        100   ddiv.o
       186          0          0          0          0        176   depilogue.o
        48          0          0          0          0         68   dfixul.o
       228          0          0          0          0         96   dmul.o
        38          0          0          0          0         68   f2d.o

    ----------------------------------------------------------------------
      8442        114     130602          4          0      40265   Library Totals
        22          0          2          0          0          0   (incl. Padding)

    ----------------------------------------------------------------------

      Code (inc. data)   RO Data    RW Data    ZI Data      Debug   Library Name

      4490          8     130600          0          0      38269   arm_cortexM4lf_math.lib
      2772        106          0          4          0       1192   mc_w.l
      1158          0          0          0          0        804   mf_w.l

    ----------------------------------------------------------------------
      8442        114     130602          4          0      40265   Library Totals

    ----------------------------------------------------------------------

==============================================================================


      Code (inc. data)   RO Data    RW Data    ZI Data      Debug   

     30218        178     137682         40      55992     191394   Grand Totals
     30218        178     137682         40      55992     191394   ELF Image Totals
     30218        178     137682         40          0          0   ROM Totals

==============================================================================

    Total RO  Size (Code + RO Data)               167900 ( 163.96kB)
    Total RW  Size (RW Data + ZI Data)             56032 (  54.72kB)
    Total ROM Size (Code + RO Data + RW Data)     167940 ( 164.00kB)

==============================================================================

