<html>
<body>
<pre>
<h1>µVision Build Log</h1>
<h2>Tool Versions:</h2>
IDE-Version: ¦ÌVision V5.36.0.0
Copyright (C) 2021 ARM Ltd and ARM Germany GmbH. All rights reserved.
License Information: cc cc, cccc, LIC=BUURY-IZ4N7-BS6YX-H1QE2-4SU49-2HYG2
 
Tool Versions:
Toolchain:       MDK-ARM Plus  Version: 5.36.0.0
Toolchain Path:  d:\Keil_v5\ARM\ARMCLANG\Bin
C Compiler:      ArmClang.exe V6.16
Assembler:       Armasm.exe V6.16
Linker/Locator:  ArmLink.exe V6.16
Library Manager: ArmAr.exe V6.16
Hex Converter:   FromElf.exe V6.16
CPU DLL:         
Dialog DLL:      
Target DLL:      CMSIS_AGDI_V8M.DLL V1.7.0.0
Dialog DLL:      TCM.DLL V1.53.0.0
 
<h2>Project:</h2>
d:\cccc2020\CODE\workspace\bfsk_acm32\embedded\test_pwm\MDK\test_pwm.uvprojx
Project File Date:  02/15/2022

<h2>Output:</h2>
*** Using Compiler 'V6.16', folder: 'd:\Keil_v5\ARM\ARMCLANG\Bin'
Build target 'flashcode'
assembling Startup_ACM32F4.s...
compiling app.c...
compiling HAL_CRC.c...
compiling HAL_COMP.c...
compiling main.c...
compiling System_ACM32F4.c...
compiling HAL_DAC.c...
compiling HAL_CAN.c...
compiling HAL_EFlash.c...
compiling HAL_DMA.c...
compiling HAL_EXTI.c...
compiling HAL_IWDT.c...
compiling HAL_FSUSB.c...
compiling HAL_I2S.c...
compiling HAL_GPIO.c...
compiling HAL_LPUART.c...
compiling HAL_OPA.c...
compiling HAL_I2C.c...
compiling HAL_RTC.c...
compiling HAL_TIMER_EX.c...
compiling SEGGER_HardFaultHandler.c...
compiling HAL_SPI.c...
compiling HAL_WDT.c...
compiling HAL_UART.c...
compiling HAL_UART_EX.c...
compiling HAL_TIMER.c...
compiling HAL_ADC.c...
assembling HardFaultHandler.S...
compiling SEGGER_RTT_printf.c...
compiling SEGGER_RTT.c...
linking...
Program Size: Code=11924 RO-data=656 RW-data=4 ZI-data=3820  
FromELF: creating hex file...
After Build - User command #1: fromelf --bin -o ".\bin\flashcode.bin" "d:\cccc2020\CODE\workspace\bfsk_acm32\embedded\test_pwm\MDK\output\flashcode\flashcode.axf"
After Build - User command #2: fromelf -c "d:\cccc2020\CODE\workspace\bfsk_acm32\embedded\test_pwm\MDK\output\flashcode\flashcode.axf" -o "d:\cccc2020\CODE\workspace\bfsk_acm32\embedded\test_pwm\MDK\output\flashcode\flashcode.asm"
".\output\flashcode\flashcode.axf" - 0 Error(s), 0 Warning(s).

<h2>Software Packages used:</h2>

Package Vendor: Aisinochip
                
                Aisinochip.ACM32F4.1.0.0
                Aisinochip ACM32F4 ARMv8-M Device Family Pack

<h2>Collection of Component include folders:</h2>

<h2>Collection of Component Files used:</h2>
Build Time Elapsed:  00:00:03
</pre>
</body>
</html>
