<html>
<body>
<pre>
<h1>µVision Build Log</h1>
<h2>Tool Versions:</h2>
IDE-Version: ¦ÌVision V5.36.0.0
Copyright (C) 2021 ARM Ltd and ARM Germany GmbH. All rights reserved.
License Information: cc cc, cccc, LIC=BUURY-IZ4N7-BS6YX-H1QE2-4SU49-2HYG2
 
Tool Versions:
Toolchain:       MDK-ARM Plus  Version: 5.36.0.0
Toolchain Path:  d:\Keil_v5\ARM\ARMCLANG\Bin
C Compiler:      ArmClang.exe V6.16
Assembler:       Armasm.exe V6.16
Linker/Locator:  ArmLink.exe V6.16
Library Manager: ArmAr.exe V6.16
Hex Converter:   FromElf.exe V6.16
CPU DLL:         SARMCM3.DLL V5.36.0.0
Dialog DLL:      DCM.DLL V1.17.3.0
Target DLL:      Segger\JL2CM3.dll V2.99.40.0
Dialog DLL:      TCM.DLL V1.53.0.0
 
<h2>Project:</h2>
d:\cccc2020\CODE\workspace\bfsk_stm32f103\embedded\test_fft\MDK\test_fft.uvprojx
Project File Date:  02/22/2022

<h2>Output:</h2>
*** Using Compiler 'V6.16', folder: 'd:\Keil_v5\ARM\ARMCLANG\Bin'
Build target 'flashcode'
compiling DWTDelay.c...
compiling misc.c...
compiling main.c...
compiling systick.c...
assembling startup_stm32f10x_md_vl.s...
compiling system_stm32f10x.c...
compiling app.c...
compiling stm32f10x_adc.c...
compiling stm32f10x_bkp.c...
compiling stm32f10x_crc.c...
compiling stm32f10x_dbgmcu.c...
compiling stm32f10x_cec.c...
compiling stm32f10x_dac.c...
compiling stm32f10x_dma.c...
compiling stm32f10x_exti.c...
compiling stm32f10x_can.c...
compiling stm32f10x_iwdg.c...
compiling stm32f10x_pwr.c...
compiling stm32f10x_gpio.c...
compiling stm32f10x_fsmc.c...
compiling stm32f10x_i2c.c...
compiling stm32f10x_rtc.c...
compiling stm32f10x_rcc.c...
compiling stm32f10x_wwdg.c...
compiling stm32f10x_sdio.c...
compiling stm32f10x_spi.c...
compiling stm32f10x_usart.c...
compiling stm32f10x_flash.c...
compiling SEGGER_RTT_printf.c...
compiling SEGGER_HardFaultHandler.c...
compiling stm32f10x_tim.c...
assembling cr4_fft_1024_stm32.s...
assembling cr4_fft_256_stm32.s...
assembling HardFaultHandler.S...
compiling SEGGER_RTT.c...
linking...
Program Size: Code=10520 RO-data=420 RW-data=8 ZI-data=8712  
FromELF: creating hex file...
After Build - User command #1: fromelf --bin -o ".\bin\flashcode.bin" "d:\cccc2020\CODE\workspace\bfsk_stm32f103\embedded\test_fft\MDK\output\flashcode\flashcode.axf"
After Build - User command #2: fromelf -c "d:\cccc2020\CODE\workspace\bfsk_stm32f103\embedded\test_fft\MDK\output\flashcode\flashcode.axf" -o "d:\cccc2020\CODE\workspace\bfsk_stm32f103\embedded\test_fft\MDK\output\flashcode\flashcode.asm"
".\output\flashcode\flashcode.axf" - 0 Error(s), 0 Warning(s).

<h2>Software Packages used:</h2>

Package Vendor: Keil
                http://www.keil.com/pack/Keil.STM32F1xx_DFP.2.3.0.pack
                Keil.STM32F1xx_DFP.2.3.0
                STMicroelectronics STM32F1 Series Device Support, Drivers and Examples

<h2>Collection of Component include folders:</h2>
  d:\Keil_v5\Arm\Packs\Keil\STM32F1xx_DFP\2.3.0\Device\Include

<h2>Collection of Component Files used:</h2>
Build Time Elapsed:  00:00:03
</pre>
</body>
</html>
