Component: ARM Compiler 6.14.1 Tool: armlink [5db06d00]

==============================================================================

Image Symbol Table

    Local Symbols

    Symbol Name                              Value     Ov Type        Size  Object(Section)

    ../clib/microlib/division.c              0x00000000   Number         0  uldiv.o ABSOLUTE
    ../clib/microlib/division.c              0x00000000   Number         0  uidiv.o ABSOLUTE
    ../clib/microlib/init/entry.s            0x00000000   Number         0  entry.o ABSOLUTE
    ../clib/microlib/init/entry.s            0x00000000   Number         0  entry2.o ABSOLUTE
    ../clib/microlib/init/entry.s            0x00000000   Number         0  entry5.o ABSOLUTE
    ../clib/microlib/init/entry.s            0x00000000   Number         0  entry7a.o ABSOLUTE
    ../clib/microlib/init/entry.s            0x00000000   Number         0  entry7b.o ABSOLUTE
    ../clib/microlib/init/entry.s            0x00000000   Number         0  entry8a.o ABSOLUTE
    ../clib/microlib/init/entry.s            0x00000000   Number         0  entry8b.o ABSOLUTE
    ../clib/microlib/init/entry.s            0x00000000   Number         0  entry9a.o ABSOLUTE
    ../clib/microlib/init/entry.s            0x00000000   Number         0  entry9b.o ABSOLUTE
    ../clib/microlib/init/entry.s            0x00000000   Number         0  entry10a.o ABSOLUTE
    ../clib/microlib/init/entry.s            0x00000000   Number         0  entry10b.o ABSOLUTE
    ../clib/microlib/init/entry.s            0x00000000   Number         0  entry11a.o ABSOLUTE
    ../clib/microlib/init/entry.s            0x00000000   Number         0  entry11b.o ABSOLUTE
    ../clib/microlib/longlong.c              0x00000000   Number         0  llshl.o ABSOLUTE
    ../clib/microlib/longlong.c              0x00000000   Number         0  llushr.o ABSOLUTE
    ../clib/microlib/longlong.c              0x00000000   Number         0  llsshr.o ABSOLUTE
    ../clib/microlib/printf/printf.c         0x00000000   Number         0  printfb.o ABSOLUTE
    ../clib/microlib/printf/printf.c         0x00000000   Number         0  printf0.o ABSOLUTE
    ../clib/microlib/printf/printf.c         0x00000000   Number         0  printf1.o ABSOLUTE
    ../clib/microlib/printf/printf.c         0x00000000   Number         0  printf2.o ABSOLUTE
    ../clib/microlib/printf/printf.c         0x00000000   Number         0  printf3.o ABSOLUTE
    ../clib/microlib/printf/printf.c         0x00000000   Number         0  printf4.o ABSOLUTE
    ../clib/microlib/printf/printf.c         0x00000000   Number         0  printf5.o ABSOLUTE
    ../clib/microlib/printf/printf.c         0x00000000   Number         0  printf6.o ABSOLUTE
    ../clib/microlib/printf/printf.c         0x00000000   Number         0  printf7.o ABSOLUTE
    ../clib/microlib/printf/printf.c         0x00000000   Number         0  printf8.o ABSOLUTE
    ../clib/microlib/printf/printf.c         0x00000000   Number         0  printfa.o ABSOLUTE
    ../clib/microlib/printf/stubs.s          0x00000000   Number         0  printfstubs.o ABSOLUTE
    ../clib/microlib/stdio/putchar.c         0x00000000   Number         0  putchar.o ABSOLUTE
    ../clib/microlib/stdio/puts.c            0x00000000   Number         0  puts.o ABSOLUTE
    ../clib/microlib/stdio/puts.c            0x00000000   Number         0  puts_e.o ABSOLUTE
    ../clib/microlib/stdio/streams.c         0x00000000   Number         0  stdout.o ABSOLUTE
    ../clib/microlib/string/memcpy.c         0x00000000   Number         0  memcpya.o ABSOLUTE
    ../clib/microlib/string/memcpy.c         0x00000000   Number         0  memcpyb.o ABSOLUTE
    ../clib/microlib/string/memset.c         0x00000000   Number         0  memseta.o ABSOLUTE
    ../clib/microlib/string/strlen.c         0x00000000   Number         0  strlen.o ABSOLUTE
    ../clib/microlib/stubs.s                 0x00000000   Number         0  iusefp.o ABSOLUTE
    ../common/Startup_ACM32F4.s              0x00000000   Number         0  startup_acm32f4.o ABSOLUTE
    ../fplib/microlib/fpadd.c                0x00000000   Number         0  dadd.o ABSOLUTE
    ../fplib/microlib/fpcmp.c                0x00000000   Number         0  dcmple.o ABSOLUTE
    ../fplib/microlib/fpcmp.c                0x00000000   Number         0  dcmpge.o ABSOLUTE
    ../fplib/microlib/fpdiv.c                0x00000000   Number         0  ddiv.o ABSOLUTE
    ../fplib/microlib/fpepilogue.c           0x00000000   Number         0  depilogue.o ABSOLUTE
    ../fplib/microlib/fpfix.c                0x00000000   Number         0  dfixui.o ABSOLUTE
    ../fplib/microlib/fpfix.c                0x00000000   Number         0  dfixul.o ABSOLUTE
    ../fplib/microlib/fpflt.c                0x00000000   Number         0  dfltui.o ABSOLUTE
    ../fplib/microlib/fpmul.c                0x00000000   Number         0  dmul.o ABSOLUTE
    ..\application\HardFaultHandlerMDK\HardFaultHandler.S 0x00000000   Number         0  hardfaulthandler.o ABSOLUTE
    HAL_CAN.c                                0x00000000   Number         0  hal_can.o ABSOLUTE
    HAL_COMP.c                               0x00000000   Number         0  hal_comp.o ABSOLUTE
    HAL_CRC.c                                0x00000000   Number         0  hal_crc.o ABSOLUTE
    HAL_DAC.c                                0x00000000   Number         0  hal_dac.o ABSOLUTE
    HAL_DMA.c                                0x00000000   Number         0  hal_dma.o ABSOLUTE
    HAL_EFlash.c                             0x00000000   Number         0  hal_eflash.o ABSOLUTE
    HAL_EFlash_Ex.c                          0x00000000   Number         0  hal_eflash_ex.o ABSOLUTE
    HAL_EXTI.c                               0x00000000   Number         0  hal_exti.o ABSOLUTE
    HAL_FSUSB.c                              0x00000000   Number         0  hal_fsusb.o ABSOLUTE
    HAL_GPIO.c                               0x00000000   Number         0  hal_gpio.o ABSOLUTE
    HAL_I2C.c                                0x00000000   Number         0  hal_i2c.o ABSOLUTE
    HAL_I2S.c                                0x00000000   Number         0  hal_i2s.o ABSOLUTE
    HAL_IWDT.c                               0x00000000   Number         0  hal_iwdt.o ABSOLUTE
    HAL_LPUART.c                             0x00000000   Number         0  hal_lpuart.o ABSOLUTE
    HAL_OPA.c                                0x00000000   Number         0  hal_opa.o ABSOLUTE
    HAL_RTC.c                                0x00000000   Number         0  hal_rtc.o ABSOLUTE
    HAL_SPI.c                                0x00000000   Number         0  hal_spi.o ABSOLUTE
    HAL_TIMER.c                              0x00000000   Number         0  hal_timer.o ABSOLUTE
    HAL_TIMER_EX.c                           0x00000000   Number         0  hal_timer_ex.o ABSOLUTE
    HAL_UART.c                               0x00000000   Number         0  hal_uart.o ABSOLUTE
    HAL_UART_EX.c                            0x00000000   Number         0  hal_uart_ex.o ABSOLUTE
    HAL_WDT.c                                0x00000000   Number         0  hal_wdt.o ABSOLUTE
    SEGGER_HardFaultHandler.c                0x00000000   Number         0  segger_hardfaulthandler.o ABSOLUTE
    SEGGER_RTT.c                             0x00000000   Number         0  segger_rtt.o ABSOLUTE
    SEGGER_RTT_printf.c                      0x00000000   Number         0  segger_rtt_printf.o ABSOLUTE
    System_ACM32F4.c                         0x00000000   Number         0  system_acm32f4.o ABSOLUTE
    System_Accelerate.c                      0x00000000   Number         0  system_accelerate.o ABSOLUTE
    app.c                                    0x00000000   Number         0  app.o ABSOLUTE
    cdrcmple.s                               0x00000000   Number         0  cdrcmple.o ABSOLUTE
    core_list_join.c                         0x00000000   Number         0  core_list_join.o ABSOLUTE
    core_main.c                              0x00000000   Number         0  core_main.o ABSOLUTE
    core_matrix.c                            0x00000000   Number         0  core_matrix.o ABSOLUTE
    core_portme.c                            0x00000000   Number         0  core_portme.o ABSOLUTE
    core_state.c                             0x00000000   Number         0  core_state.o ABSOLUTE
    core_util.c                              0x00000000   Number         0  core_util.o ABSOLUTE
    dc.s                                     0x00000000   Number         0  dc.o ABSOLUTE
    handlers.s                               0x00000000   Number         0  handlers.o ABSOLUTE
    init.s                                   0x00000000   Number         0  init.o ABSOLUTE
    main.c                                   0x00000000   Number         0  main.o ABSOLUTE
    RESET                                    0x00000000   Section      228  startup_acm32f4.o(RESET)
    .ARM.Collect$$$$00000000                 0x000000e4   Section        0  entry.o(.ARM.Collect$$$$00000000)
    .ARM.Collect$$$$00000001                 0x000000e4   Section        4  entry2.o(.ARM.Collect$$$$00000001)
    .ARM.Collect$$$$00000004                 0x000000e8   Section        4  entry5.o(.ARM.Collect$$$$00000004)
    .ARM.Collect$$$$00000008                 0x000000ec   Section        0  entry7b.o(.ARM.Collect$$$$00000008)
    .ARM.Collect$$$$0000000A                 0x000000ec   Section        0  entry8b.o(.ARM.Collect$$$$0000000A)
    .ARM.Collect$$$$0000000B                 0x000000ec   Section        8  entry9a.o(.ARM.Collect$$$$0000000B)
    __lit__00000000                          0x000000f4   Data           4  entry2.o(.ARM.Collect$$$$00002712)
    .ARM.Collect$$$$0000000D                 0x000000f4   Section        0  entry10a.o(.ARM.Collect$$$$0000000D)
    .ARM.Collect$$$$0000000F                 0x000000f4   Section        0  entry11a.o(.ARM.Collect$$$$0000000F)
    .ARM.Collect$$$$00002712                 0x000000f4   Section        4  entry2.o(.ARM.Collect$$$$00002712)
    $v0                                      0x000000f8   Number         0  startup_acm32f4.o(.text)
    .text                                    0x000000f8   Section       36  startup_acm32f4.o(.text)
    .text                                    0x0000011c   Section        0  uldiv.o(.text)
    .text                                    0x0000017e   Section        0  memcpya.o(.text)
    .text                                    0x000001a2   Section        0  memseta.o(.text)
    .text                                    0x000001c6   Section        0  dmul.o(.text)
    .text                                    0x000002aa   Section        0  ddiv.o(.text)
    .text                                    0x00000388   Section        0  dcmple.o(.text)
    .text                                    0x000003be   Section        0  dcmpge.o(.text)
    .text                                    0x000003f4   Section        0  dfltui.o(.text)
    .text                                    0x0000040e   Section        0  dfixui.o(.text)
    .text                                    0x00000440   Section        0  uidiv.o(.text)
    .text                                    0x0000046c   Section        0  llshl.o(.text)
    .text                                    0x0000048a   Section        0  llushr.o(.text)
    .text                                    0x000004aa   Section        0  iusefp.o(.text)
    .text                                    0x000004aa   Section        0  depilogue.o(.text)
    .text                                    0x00000564   Section        0  dadd.o(.text)
    .text                                    0x000006b2   Section        0  dfixul.o(.text)
    .text                                    0x000006e4   Section       48  cdrcmple.o(.text)
    .text                                    0x00000714   Section       36  init.o(.text)
    .text                                    0x00000738   Section        0  llsshr.o(.text)
    [Anonymous Symbol]                       0x00000760   Section        0  core_main.o(.text.CoreMark)
    [Anonymous Symbol]                       0x00000ed4   Section        0  main.o(.text.GPIOAB_IRQHandler)
    [Anonymous Symbol]                       0x00000efc   Section        0  hal_eflash.o(.text.HAL_EFlash_Init)
    [Anonymous Symbol]                       0x00000f00   Section        0  hal_eflash_ex.o(.text.HAL_EFlash_Init_Para)
    [Anonymous Symbol]                       0x0000101c   Section        0  hal_gpio.o(.text.HAL_GPIO_IRQHandler)
    [Anonymous Symbol]                       0x0000105c   Section        0  hal_gpio.o(.text.HAL_GPIO_Init)
    [Anonymous Symbol]                       0x000013c4   Section        0  hal_gpio.o(.text.HAL_GPIO_WritePin)
    [Anonymous Symbol]                       0x00001430   Section        0  hal_uart.o(.text.HAL_UART_Init)
    [Anonymous Symbol]                       0x000015bc   Section        0  hal_uart.o(.text.HAL_UART_MspInit)
    [Anonymous Symbol]                       0x00001640   Section        0  hal_uart.o(.text.HAL_UART_Transmit)
    [Anonymous Symbol]                       0x000018b4   Section        0  hal_eflash_ex.o(.text.HAL_Verify_Chip)
    [Anonymous Symbol]                       0x000018c8   Section        0  segger_hardfaulthandler.o(.text.HardFaultHandler)
    [Anonymous Symbol]                       0x00001970   Section        0  segger_rtt.o(.text.SEGGER_RTT_Init)
    [Anonymous Symbol]                       0x000019ec   Section        0  segger_rtt.o(.text.SEGGER_RTT_Write)
    [Anonymous Symbol]                       0x00001aac   Section        0  segger_rtt.o(.text.SEGGER_RTT_WriteNoLock)
    [Anonymous Symbol]                       0x00001c3c   Section        0  segger_rtt_printf.o(.text.SEGGER_RTT_printf)
    [Anonymous Symbol]                       0x00001c5c   Section        0  segger_rtt_printf.o(.text.SEGGER_RTT_vprintf)
    [Anonymous Symbol]                       0x00002240   Section        0  system_acm32f4.o(.text.Set_Pll_Div)
    [Anonymous Symbol]                       0x00002448   Section        0  main.o(.text.SysTick_Handler)
    [Anonymous Symbol]                       0x00002468   Section        0  main.o(.text.SysTick_Init)
    [Anonymous Symbol]                       0x0000246c   Section        0  main.o(.text.SysTick_Stop_time)
    [Anonymous Symbol]                       0x00002484   Section        0  system_acm32f4.o(.text.System_Clock_Init)
    [Anonymous Symbol]                       0x00002600   Section        0  system_acm32f4.o(.text.System_Core_Config)
    [Anonymous Symbol]                       0x00002618   Section        0  system_acm32f4.o(.text.System_Delay_MS)
    [Anonymous Symbol]                       0x00002654   Section        0  system_accelerate.o(.text.System_EnableIAccelerate)
    [Anonymous Symbol]                       0x0000268c   Section        0  system_acm32f4.o(.text.System_Get_APBClock)
    [Anonymous Symbol]                       0x00002698   Section        0  system_acm32f4.o(.text.System_Get_Clk_Source)
    [Anonymous Symbol]                       0x000026a4   Section        0  system_acm32f4.o(.text.System_Get_SystemClock)
    [Anonymous Symbol]                       0x000026b0   Section        0  system_acm32f4.o(.text.System_Init)
    [Anonymous Symbol]                       0x0000273c   Section        0  system_acm32f4.o(.text.System_Module_Enable)
    [Anonymous Symbol]                       0x00002794   Section        0  system_acm32f4.o(.text.System_SysTick_Init)
    [Anonymous Symbol]                       0x000027dc   Section        0  main.o(.text.UART1_IRQHandler)
    _PrintUnsigned                           0x00002815   Thumb Code   436  segger_rtt_printf.o(.text._PrintUnsigned)
    [Anonymous Symbol]                       0x00002814   Section        0  segger_rtt_printf.o(.text._PrintUnsigned)
    _PrintUnsigned._aV2C                     0x000029b8   Number         0  segger_rtt_printf.o(.text._PrintUnsigned)
    [Anonymous Symbol]                       0x000029c8   Section        0  app.o(.text.app)
    [Anonymous Symbol]                       0x000029cc   Section        0  core_list_join.o(.text.calc_func)
    [Anonymous Symbol]                       0x00002a54   Section        0  core_util.o(.text.check_data_types)
    [Anonymous Symbol]                       0x00002a58   Section        0  core_list_join.o(.text.core_bench_list)
    [Anonymous Symbol]                       0x00002ef0   Section        0  core_matrix.o(.text.core_bench_matrix)
    [Anonymous Symbol]                       0x00002f18   Section        0  core_state.o(.text.core_bench_state)
    [Anonymous Symbol]                       0x0000314c   Section        0  core_matrix.o(.text.core_init_matrix)
    [Anonymous Symbol]                       0x000033c4   Section        0  core_state.o(.text.core_init_state)
    [Anonymous Symbol]                       0x0000350c   Section        0  core_list_join.o(.text.core_list_init)
    [Anonymous Symbol]                       0x000038f0   Section        0  core_state.o(.text.core_state_transition)
    [Anonymous Symbol]                       0x00003af0   Section        0  core_util.o(.text.crc16)
    [Anonymous Symbol]                       0x00003af8   Section        0  core_util.o(.text.crcu16)
    [Anonymous Symbol]                       0x00003c10   Section        0  core_util.o(.text.crcu32)
    [Anonymous Symbol]                       0x00003c28   Section        0  hal_uart.o(.text.fputc)
    [Anonymous Symbol]                       0x00003c60   Section        0  core_util.o(.text.get_seed_32)
    [Anonymous Symbol]                       0x00003c88   Section        0  core_portme.o(.text.get_time)
    [Anonymous Symbol]                       0x00003c94   Section        0  main.o(.text.main)
    [Anonymous Symbol]                       0x00003e8c   Section        0  core_matrix.o(.text.matrix_test)
    [Anonymous Symbol]                       0x00004db8   Section        0  core_portme.o(.text.portable_fini)
    [Anonymous Symbol]                       0x00004dc0   Section        0  core_portme.o(.text.portable_init)
    [Anonymous Symbol]                       0x00004dc8   Section        0  core_portme.o(.text.start_time)
    [Anonymous Symbol]                       0x00004ddc   Section        0  core_portme.o(.text.stop_time)
    [Anonymous Symbol]                       0x00004de0   Section        0  core_portme.o(.text.time_in_secs)
    $v0                                      0x00004e00   Number         0  hardfaulthandler.o(OSKERNEL)
    OSKERNEL                                 0x00004e00   Section       18  hardfaulthandler.o(OSKERNEL)
    i.__0printf                              0x00004e14   Section        0  printfa.o(i.__0printf)
    i.__scatterload_copy                     0x00004e34   Section       14  handlers.o(i.__scatterload_copy)
    i.__scatterload_null                     0x00004e42   Section        2  handlers.o(i.__scatterload_null)
    i.__scatterload_zeroinit                 0x00004e44   Section       14  handlers.o(i.__scatterload_zeroinit)
    _fp_digits                               0x00004e55   Thumb Code   366  printfa.o(i._fp_digits)
    i._fp_digits                             0x00004e54   Section        0  printfa.o(i._fp_digits)
    _printf_core                             0x00004fd9   Thumb Code  1744  printfa.o(i._printf_core)
    i._printf_core                           0x00004fd8   Section        0  printfa.o(i._printf_core)
    _printf_post_padding                     0x000056b5   Thumb Code    36  printfa.o(i._printf_post_padding)
    i._printf_post_padding                   0x000056b4   Section        0  printfa.o(i._printf_post_padding)
    _printf_pre_padding                      0x000056d9   Thumb Code    46  printfa.o(i._printf_pre_padding)
    i._printf_pre_padding                    0x000056d8   Section        0  printfa.o(i._printf_pre_padding)
    i.putchar                                0x00005708   Section        0  putchar.o(i.putchar)
    i.puts                                   0x00005714   Section        0  puts.o(i.puts)
    errpat                                   0x000057c4   Data          16  core_state.o(.rodata.errpat)
    [Anonymous Symbol]                       0x000057c4   Section        0  core_state.o(.rodata.errpat)
    floatpat                                 0x000057d4   Data          16  core_state.o(.rodata.floatpat)
    [Anonymous Symbol]                       0x000057d4   Section        0  core_state.o(.rodata.floatpat)
    intpat                                   0x000057e4   Data          16  core_state.o(.rodata.intpat)
    [Anonymous Symbol]                       0x000057e4   Section        0  core_state.o(.rodata.intpat)
    list_known_crc                           0x000057f4   Data          10  core_main.o(.rodata.list_known_crc)
    [Anonymous Symbol]                       0x000057f4   Section        0  core_main.o(.rodata.list_known_crc)
    matrix_known_crc                         0x000057fe   Data          10  core_main.o(.rodata.matrix_known_crc)
    [Anonymous Symbol]                       0x000057fe   Section        0  core_main.o(.rodata.matrix_known_crc)
    scipat                                   0x00005808   Data          16  core_state.o(.rodata.scipat)
    [Anonymous Symbol]                       0x00005808   Section        0  core_state.o(.rodata.scipat)
    state_known_crc                          0x00005818   Data          10  core_main.o(.rodata.state_known_crc)
    [Anonymous Symbol]                       0x00005818   Section        0  core_main.o(.rodata.state_known_crc)
    .L.str.3                                 0x00005822   Data          23  main.o(.rodata.str1.1)
    [Anonymous Symbol]                       0x00005822   Section        0  main.o(.rodata.str1.1)
    .L.str                                   0x00005839   Data          35  main.o(.rodata.str1.1)
    .L.str.6                                 0x0000585c   Data          38  main.o(.rodata.str1.1)
    .L.str.4                                 0x00005882   Data          12  main.o(.rodata.str1.1)
    .L.str.5                                 0x0000588e   Data           9  main.o(.rodata.str1.1)
    .L.str.2                                 0x00005897   Data           5  main.o(.rodata.str1.1)
    .L.str.1                                 0x0000589c   Data           8  main.o(.rodata.str1.1)
    .L.str                                   0x000058a4   Data           9  segger_rtt.o(.rodata.str1.1)
    [Anonymous Symbol]                       0x000058a4   Section        0  segger_rtt.o(.rodata.str1.1)
    .L.str                                   0x000058ad   Data           7  core_main.o(.rodata.str1.1)
    .L.str.14                                0x000058ad   Data          23  core_main.o(.rodata.str1.1)
    [Anonymous Symbol]                       0x000058ad   Section        0  core_main.o(.rodata.str1.1)
    .L.str.1                                 0x000058b4   Data           5  core_main.o(.rodata.str1.1)
    .L.str.2                                 0x000058b9   Data           6  core_main.o(.rodata.str1.1)
    .L.str.13                                0x000058c4   Data          23  core_main.o(.rodata.str1.1)
    .L.str.19                                0x000058db   Data          23  core_main.o(.rodata.str1.1)
    .L.str.21                                0x000058f2   Data          23  core_main.o(.rodata.str1.1)
    .L.str.17                                0x00005909   Data          23  core_main.o(.rodata.str1.1)
    .L.str.16                                0x00005920   Data          24  core_main.o(.rodata.str1.1)
    .L.str.12                                0x00005938   Data          24  core_main.o(.rodata.str1.1)
    .L.str.11                                0x00005950   Data          24  core_main.o(.rodata.str1.1)
    .L.str.23                                0x00005968   Data          27  core_main.o(.rodata.str1.1)
    .L.str.24                                0x00005983   Data          28  core_main.o(.rodata.str1.1)
    .L.str.26                                0x0000599f   Data          28  core_main.o(.rodata.str1.1)
    .L.str.27                                0x000059bb   Data          28  core_main.o(.rodata.str1.1)
    .L.str.25                                0x000059d7   Data          28  core_main.o(.rodata.str1.1)
    .L.str.10                                0x000059f3   Data          48  core_main.o(.rodata.str1.1)
    .L.str.8                                 0x00005a23   Data          47  core_main.o(.rodata.str1.1)
    .L.str.9                                 0x00005a52   Data          49  core_main.o(.rodata.str1.1)
    .Lstr.37                                 0x00005a83   Data          61  core_main.o(.rodata.str1.1)
    .Lstr.40                                 0x00005ac0   Data          43  core_main.o(.rodata.str1.1)
    .Lstr.39                                 0x00005aeb   Data          48  core_main.o(.rodata.str1.1)
    .Lstr.34                                 0x00005b1b   Data          98  core_main.o(.rodata.str1.1)
    .Lstr.36                                 0x00005b7d   Data          72  core_main.o(.rodata.str1.1)
    .L.str.18                                0x00005bc5   Data          17  core_main.o(.rodata.str1.1)
    .L.str.22                                0x00005bd6   Data           6  core_main.o(.rodata.str1.1)
    .Lstr.35                                 0x00005bdc   Data          16  core_main.o(.rodata.str1.1)
    .L.str.29                                0x00005bec   Data          26  core_main.o(.rodata.str1.1)
    .L.str.20                                0x00005c06   Data           7  core_main.o(.rodata.str1.1)
    .L.str.4                                 0x00005c0d   Data           9  core_state.o(.rodata.str1.1)
    [Anonymous Symbol]                       0x00005c0d   Section        0  core_state.o(.rodata.str1.1)
    .L.str.7                                 0x00005c16   Data           9  core_state.o(.rodata.str1.1)
    .L.str.5                                 0x00005c1f   Data           9  core_state.o(.rodata.str1.1)
    .L.str.6                                 0x00005c28   Data           9  core_state.o(.rodata.str1.1)
    .L.str.9                                 0x00005c31   Data           9  core_state.o(.rodata.str1.1)
    .L.str.11                                0x00005c3a   Data           9  core_state.o(.rodata.str1.1)
    .L.str                                   0x00005c43   Data           5  core_state.o(.rodata.str1.1)
    .L.str.3                                 0x00005c48   Data           5  core_state.o(.rodata.str1.1)
    .L.str.10                                0x00005c4d   Data           9  core_state.o(.rodata.str1.1)
    .L.str.8                                 0x00005c56   Data           9  core_state.o(.rodata.str1.1)
    .L.str.1                                 0x00005c5f   Data           5  core_state.o(.rodata.str1.1)
    .L.str.2                                 0x00005c64   Data           5  core_state.o(.rodata.str1.1)
    .L.str.12                                0x00005c69   Data           9  core_state.o(.rodata.str1.1)
    .L.str.15                                0x00005c72   Data           9  core_state.o(.rodata.str1.1)
    .L.str.13                                0x00005c7b   Data           9  core_state.o(.rodata.str1.1)
    .L.str.14                                0x00005c84   Data           9  core_state.o(.rodata.str1.1)
    .data                                    0x20000000   Section        4  stdout.o(.data)
    .L_MergedGlobals                         0x20000010   Data          76  main.o(.bss..L_MergedGlobals)
    [Anonymous Symbol]                       0x20000010   Section        0  main.o(.bss..L_MergedGlobals)
    .L_MergedGlobals                         0x2000005c   Data          16  system_acm32f4.o(.bss..L_MergedGlobals)
    [Anonymous Symbol]                       0x2000005c   Section        0  system_acm32f4.o(.bss..L_MergedGlobals)
    .L_MergedGlobals                         0x2000006c   Data          68  segger_hardfaulthandler.o(.bss..L_MergedGlobals)
    _Continue                                0x2000006c   Data           4  segger_hardfaulthandler.o(.bss..L_MergedGlobals)
    [Anonymous Symbol]                       0x2000006c   Section        0  segger_hardfaulthandler.o(.bss..L_MergedGlobals)
    HardFaultRegs                            0x20000070   Data          64  segger_hardfaulthandler.o(.bss..L_MergedGlobals)
    .L_MergedGlobals                         0x200000b0   Data          17  segger_rtt.o(.bss..L_MergedGlobals)
    _ActiveTerminal                          0x200000b0   Data           1  segger_rtt.o(.bss..L_MergedGlobals)
    [Anonymous Symbol]                       0x200000b0   Section        0  segger_rtt.o(.bss..L_MergedGlobals)
    _acDownBuffer                            0x200000b1   Data          16  segger_rtt.o(.bss..L_MergedGlobals)
    _acUpBuffer                              0x20000174   Data        1024  segger_rtt.o(.bss._acUpBuffer)
    [Anonymous Symbol]                       0x20000174   Section        0  segger_rtt.o(.bss._acUpBuffer)
    STACK                                    0x20000580   Section    32768  startup_acm32f4.o(STACK)

    Global Symbols

    Symbol Name                              Value     Ov Type        Size  Object(Section)

    BuildAttributes$$THM_ISAv4$E$P$D$K$B$S$7EM$8M$VFPi5$EXTD16$VFPS$VFMA$PE$A:L22UL41UL21$X:L11$S22US41US21$IEEE1$IW$~IW$USESV6$~STKCKD$USESV7$~SHL$OTIME$ROPI$EBA8$MICROLIB$REQ8$PRES8$EABIv2 0x00000000   Number         0  anon$$obj.o ABSOLUTE
    __Vectors                                0x00000000   Data           0  startup_acm32f4.o(RESET)
    _printf_a                                0x00000000   Number         0  printfstubs.o ABSOLUTE
    _printf_c                                0x00000000   Number         0  printfstubs.o ABSOLUTE
    _printf_charcount                        0x00000000   Number         0  printfstubs.o ABSOLUTE
    _printf_d                                0x00000000   Number         0  printfstubs.o ABSOLUTE
    _printf_e                                0x00000000   Number         0  printfstubs.o ABSOLUTE
    _printf_f                                0x00000000   Number         0  printfstubs.o ABSOLUTE
    _printf_flags                            0x00000000   Number         0  printfstubs.o ABSOLUTE
    _printf_fp_dec                           0x00000000   Number         0  printfstubs.o ABSOLUTE
    _printf_fp_hex                           0x00000000   Number         0  printfstubs.o ABSOLUTE
    _printf_g                                0x00000000   Number         0  printfstubs.o ABSOLUTE
    _printf_i                                0x00000000   Number         0  printfstubs.o ABSOLUTE
    _printf_int_dec                          0x00000000   Number         0  printfstubs.o ABSOLUTE
    _printf_l                                0x00000000   Number         0  printfstubs.o ABSOLUTE
    _printf_lc                               0x00000000   Number         0  printfstubs.o ABSOLUTE
    _printf_ll                               0x00000000   Number         0  printfstubs.o ABSOLUTE
    _printf_lld                              0x00000000   Number         0  printfstubs.o ABSOLUTE
    _printf_lli                              0x00000000   Number         0  printfstubs.o ABSOLUTE
    _printf_llo                              0x00000000   Number         0  printfstubs.o ABSOLUTE
    _printf_llu                              0x00000000   Number         0  printfstubs.o ABSOLUTE
    _printf_llx                              0x00000000   Number         0  printfstubs.o ABSOLUTE
    _printf_longlong_dec                     0x00000000   Number         0  printfstubs.o ABSOLUTE
    _printf_longlong_hex                     0x00000000   Number         0  printfstubs.o ABSOLUTE
    _printf_longlong_oct                     0x00000000   Number         0  printfstubs.o ABSOLUTE
    _printf_ls                               0x00000000   Number         0  printfstubs.o ABSOLUTE
    _printf_mbtowc                           0x00000000   Number         0  printfstubs.o ABSOLUTE
    _printf_n                                0x00000000   Number         0  printfstubs.o ABSOLUTE
    _printf_o                                0x00000000   Number         0  printfstubs.o ABSOLUTE
    _printf_p                                0x00000000   Number         0  printfstubs.o ABSOLUTE
    _printf_percent                          0x00000000   Number         0  printfstubs.o ABSOLUTE
    _printf_pre_padding                      0x00000000   Number         0  printfstubs.o ABSOLUTE
    _printf_return_value                     0x00000000   Number         0  printfstubs.o ABSOLUTE
    _printf_s                                0x00000000   Number         0  printfstubs.o ABSOLUTE
    _printf_sizespec                         0x00000000   Number         0  printfstubs.o ABSOLUTE
    _printf_str                              0x00000000   Number         0  printfstubs.o ABSOLUTE
    _printf_truncate_signed                  0x00000000   Number         0  printfstubs.o ABSOLUTE
    _printf_truncate_unsigned                0x00000000   Number         0  printfstubs.o ABSOLUTE
    _printf_u                                0x00000000   Number         0  printfstubs.o ABSOLUTE
    _printf_wc                               0x00000000   Number         0  printfstubs.o ABSOLUTE
    _printf_wctomb                           0x00000000   Number         0  printfstubs.o ABSOLUTE
    _printf_widthprec                        0x00000000   Number         0  printfstubs.o ABSOLUTE
    _printf_x                                0x00000000   Number         0  printfstubs.o ABSOLUTE
    HAL_UART_ErrorCallback                    - Undefined Weak Reference
    __cpp_initialize__aeabi_                  - Undefined Weak Reference
    __cxa_finalize                            - Undefined Weak Reference
    __decompress                              - Undefined Weak Reference
    _clock_init                               - Undefined Weak Reference
    _microlib_exit                            - Undefined Weak Reference
    __main                                   0x000000e5   Thumb Code     0  entry.o(.ARM.Collect$$$$00000000)
    _main_stk                                0x000000e5   Thumb Code     0  entry2.o(.ARM.Collect$$$$00000001)
    _main_scatterload                        0x000000e9   Thumb Code     0  entry5.o(.ARM.Collect$$$$00000004)
    __main_after_scatterload                 0x000000ed   Thumb Code     0  entry5.o(.ARM.Collect$$$$00000004)
    _main_clock                              0x000000ed   Thumb Code     0  entry7b.o(.ARM.Collect$$$$00000008)
    _main_cpp_init                           0x000000ed   Thumb Code     0  entry8b.o(.ARM.Collect$$$$0000000A)
    _main_init                               0x000000ed   Thumb Code     0  entry9a.o(.ARM.Collect$$$$0000000B)
    __rt_final_cpp                           0x000000f5   Thumb Code     0  entry10a.o(.ARM.Collect$$$$0000000D)
    __rt_final_exit                          0x000000f5   Thumb Code     0  entry11a.o(.ARM.Collect$$$$0000000F)
    Reset_Handler                            0x000000f9   Thumb Code     8  startup_acm32f4.o(.text)
    NMI_Handler                              0x00000101   Thumb Code     2  startup_acm32f4.o(.text)
    MemManage_Handler                        0x00000105   Thumb Code     2  startup_acm32f4.o(.text)
    BusFault_Handler                         0x00000107   Thumb Code     2  startup_acm32f4.o(.text)
    UsageFault_Handler                       0x00000109   Thumb Code     2  startup_acm32f4.o(.text)
    SVC_Handler                              0x0000010b   Thumb Code     2  startup_acm32f4.o(.text)
    DebugMon_Handler                         0x0000010d   Thumb Code     2  startup_acm32f4.o(.text)
    PendSV_Handler                           0x0000010f   Thumb Code     2  startup_acm32f4.o(.text)
    ADC_IRQHandler                           0x00000113   Thumb Code     0  startup_acm32f4.o(.text)
    AES_IRQHandler                           0x00000113   Thumb Code     0  startup_acm32f4.o(.text)
    CAN1_IRQHandler                          0x00000113   Thumb Code     0  startup_acm32f4.o(.text)
    CAN2_IRQHandler                          0x00000113   Thumb Code     0  startup_acm32f4.o(.text)
    CLKRDY_IRQHandler                        0x00000113   Thumb Code     0  startup_acm32f4.o(.text)
    DAC_IRQHandler                           0x00000113   Thumb Code     0  startup_acm32f4.o(.text)
    DMA_IRQHandler                           0x00000113   Thumb Code     0  startup_acm32f4.o(.text)
    EFC_IRQHandler                           0x00000113   Thumb Code     0  startup_acm32f4.o(.text)
    EXTI_IRQHandler                          0x00000113   Thumb Code     0  startup_acm32f4.o(.text)
    FPU_IRQHandler                           0x00000113   Thumb Code     0  startup_acm32f4.o(.text)
    GPIOCD_IRQHandler                        0x00000113   Thumb Code     0  startup_acm32f4.o(.text)
    GPIOEF_IRQHandler                        0x00000113   Thumb Code     0  startup_acm32f4.o(.text)
    I2C1_IRQHandler                          0x00000113   Thumb Code     0  startup_acm32f4.o(.text)
    I2C2_IRQHandler                          0x00000113   Thumb Code     0  startup_acm32f4.o(.text)
    I2S_IRQHandler                           0x00000113   Thumb Code     0  startup_acm32f4.o(.text)
    LPUART_IRQHandler                        0x00000113   Thumb Code     0  startup_acm32f4.o(.text)
    RSV_IRQHandler                           0x00000113   Thumb Code     0  startup_acm32f4.o(.text)
    RTC_IRQHandler                           0x00000113   Thumb Code     0  startup_acm32f4.o(.text)
    SPI1_IRQHandler                          0x00000113   Thumb Code     0  startup_acm32f4.o(.text)
    SPI2_IRQHandler                          0x00000113   Thumb Code     0  startup_acm32f4.o(.text)
    SPI3_IRQHandler                          0x00000113   Thumb Code     0  startup_acm32f4.o(.text)
    SPI4_IRQHandler                          0x00000113   Thumb Code     0  startup_acm32f4.o(.text)
    SRAM_PARITY_IRQHandler                   0x00000113   Thumb Code     0  startup_acm32f4.o(.text)
    TIM14_IRQHandler                         0x00000113   Thumb Code     0  startup_acm32f4.o(.text)
    TIM15_IRQHandler                         0x00000113   Thumb Code     0  startup_acm32f4.o(.text)
    TIM16_IRQHandler                         0x00000113   Thumb Code     0  startup_acm32f4.o(.text)
    TIM17_IRQHandler                         0x00000113   Thumb Code     0  startup_acm32f4.o(.text)
    TIM1_BRK_UP_TRG_COM_IRQHandler           0x00000113   Thumb Code     0  startup_acm32f4.o(.text)
    TIM1_CC_IRQHandler                       0x00000113   Thumb Code     0  startup_acm32f4.o(.text)
    TIM2_IRQHandler                          0x00000113   Thumb Code     0  startup_acm32f4.o(.text)
    TIM3_IRQHandler                          0x00000113   Thumb Code     0  startup_acm32f4.o(.text)
    TIM4_IRQHandler                          0x00000113   Thumb Code     0  startup_acm32f4.o(.text)
    TIM6_IRQHandler                          0x00000113   Thumb Code     0  startup_acm32f4.o(.text)
    TIM7_IRQHandler                          0x00000113   Thumb Code     0  startup_acm32f4.o(.text)
    UART2_IRQHandler                         0x00000113   Thumb Code     0  startup_acm32f4.o(.text)
    UART3_IRQHandler                         0x00000113   Thumb Code     0  startup_acm32f4.o(.text)
    UART4_IRQHandler                         0x00000113   Thumb Code     0  startup_acm32f4.o(.text)
    USB_IRQHandler                           0x00000113   Thumb Code     0  startup_acm32f4.o(.text)
    WDT_IRQHandler                           0x00000113   Thumb Code     0  startup_acm32f4.o(.text)
    __aeabi_uldivmod                         0x0000011d   Thumb Code    98  uldiv.o(.text)
    __aeabi_memcpy                           0x0000017f   Thumb Code    36  memcpya.o(.text)
    __aeabi_memcpy4                          0x0000017f   Thumb Code     0  memcpya.o(.text)
    __aeabi_memcpy8                          0x0000017f   Thumb Code     0  memcpya.o(.text)
    __aeabi_memset                           0x000001a3   Thumb Code    14  memseta.o(.text)
    __aeabi_memset4                          0x000001a3   Thumb Code     0  memseta.o(.text)
    __aeabi_memset8                          0x000001a3   Thumb Code     0  memseta.o(.text)
    __aeabi_memclr                           0x000001b1   Thumb Code     4  memseta.o(.text)
    __aeabi_memclr4                          0x000001b1   Thumb Code     0  memseta.o(.text)
    __aeabi_memclr8                          0x000001b1   Thumb Code     0  memseta.o(.text)
    _memset$wrapper                          0x000001b5   Thumb Code    18  memseta.o(.text)
    __aeabi_dmul                             0x000001c7   Thumb Code   228  dmul.o(.text)
    __aeabi_ddiv                             0x000002ab   Thumb Code   222  ddiv.o(.text)
    __aeabi_dcmple                           0x00000389   Thumb Code    54  dcmple.o(.text)
    __aeabi_dcmpge                           0x000003bf   Thumb Code    54  dcmpge.o(.text)
    __aeabi_ui2d                             0x000003f5   Thumb Code    26  dfltui.o(.text)
    __aeabi_d2uiz                            0x0000040f   Thumb Code    50  dfixui.o(.text)
    __aeabi_uidiv                            0x00000441   Thumb Code     0  uidiv.o(.text)
    __aeabi_uidivmod                         0x00000441   Thumb Code    44  uidiv.o(.text)
    __aeabi_llsl                             0x0000046d   Thumb Code    30  llshl.o(.text)
    _ll_shift_l                              0x0000046d   Thumb Code     0  llshl.o(.text)
    __aeabi_llsr                             0x0000048b   Thumb Code    32  llushr.o(.text)
    _ll_ushift_r                             0x0000048b   Thumb Code     0  llushr.o(.text)
    __I$use$fp                               0x000004ab   Thumb Code     0  iusefp.o(.text)
    _double_round                            0x000004ab   Thumb Code    30  depilogue.o(.text)
    _double_epilogue                         0x000004c9   Thumb Code   156  depilogue.o(.text)
    __aeabi_dadd                             0x00000565   Thumb Code   322  dadd.o(.text)
    __aeabi_dsub                             0x000006a7   Thumb Code     6  dadd.o(.text)
    __aeabi_drsub                            0x000006ad   Thumb Code     6  dadd.o(.text)
    __aeabi_d2ulz                            0x000006b3   Thumb Code    48  dfixul.o(.text)
    __aeabi_cdrcmple                         0x000006e5   Thumb Code    48  cdrcmple.o(.text)
    __scatterload                            0x00000715   Thumb Code    28  init.o(.text)
    __scatterload_rt2                        0x00000715   Thumb Code     0  init.o(.text)
    __aeabi_lasr                             0x00000739   Thumb Code    36  llsshr.o(.text)
    _ll_sshift_r                             0x00000739   Thumb Code     0  llsshr.o(.text)
    CoreMark                                 0x00000761   Thumb Code  1908  core_main.o(.text.CoreMark)
    GPIOAB_IRQHandler                        0x00000ed5   Thumb Code    38  main.o(.text.GPIOAB_IRQHandler)
    HAL_EFlash_Init                          0x00000efd   Thumb Code     4  hal_eflash.o(.text.HAL_EFlash_Init)
    HAL_EFlash_Init_Para                     0x00000f01   Thumb Code   284  hal_eflash_ex.o(.text.HAL_EFlash_Init_Para)
    HAL_GPIO_IRQHandler                      0x0000101d   Thumb Code    62  hal_gpio.o(.text.HAL_GPIO_IRQHandler)
    HAL_GPIO_Init                            0x0000105d   Thumb Code   872  hal_gpio.o(.text.HAL_GPIO_Init)
    HAL_GPIO_WritePin                        0x000013c5   Thumb Code   106  hal_gpio.o(.text.HAL_GPIO_WritePin)
    HAL_UART_Init                            0x00001431   Thumb Code   394  hal_uart.o(.text.HAL_UART_Init)
    HAL_UART_MspInit                         0x000015bd   Thumb Code   130  hal_uart.o(.text.HAL_UART_MspInit)
    HAL_UART_Transmit                        0x00001641   Thumb Code   626  hal_uart.o(.text.HAL_UART_Transmit)
    HAL_Verify_Chip                          0x000018b5   Thumb Code    18  hal_eflash_ex.o(.text.HAL_Verify_Chip)
    HardFaultHandler                         0x000018c9   Thumb Code   168  segger_hardfaulthandler.o(.text.HardFaultHandler)
    SEGGER_RTT_Init                          0x00001971   Thumb Code   124  segger_rtt.o(.text.SEGGER_RTT_Init)
    SEGGER_RTT_Write                         0x000019ed   Thumb Code   190  segger_rtt.o(.text.SEGGER_RTT_Write)
    SEGGER_RTT_WriteNoLock                   0x00001aad   Thumb Code   398  segger_rtt.o(.text.SEGGER_RTT_WriteNoLock)
    SEGGER_RTT_printf                        0x00001c3d   Thumb Code    30  segger_rtt_printf.o(.text.SEGGER_RTT_printf)
    SEGGER_RTT_vprintf                       0x00001c5d   Thumb Code  1508  segger_rtt_printf.o(.text.SEGGER_RTT_vprintf)
    Set_Pll_Div                              0x00002241   Thumb Code   518  system_acm32f4.o(.text.Set_Pll_Div)
    SysTick_Handler                          0x00002449   Thumb Code    30  main.o(.text.SysTick_Handler)
    SysTick_Init                             0x00002469   Thumb Code     4  main.o(.text.SysTick_Init)
    SysTick_Stop_time                        0x0000246d   Thumb Code    22  main.o(.text.SysTick_Stop_time)
    System_Clock_Init                        0x00002485   Thumb Code   378  system_acm32f4.o(.text.System_Clock_Init)
    System_Core_Config                       0x00002601   Thumb Code    24  system_acm32f4.o(.text.System_Core_Config)
    System_Delay_MS                          0x00002619   Thumb Code    60  system_acm32f4.o(.text.System_Delay_MS)
    System_EnableIAccelerate                 0x00002655   Thumb Code    54  system_accelerate.o(.text.System_EnableIAccelerate)
    System_Get_APBClock                      0x0000268d   Thumb Code    12  system_acm32f4.o(.text.System_Get_APBClock)
    System_Get_Clk_Source                    0x00002699   Thumb Code    12  system_acm32f4.o(.text.System_Get_Clk_Source)
    System_Get_SystemClock                   0x000026a5   Thumb Code    12  system_acm32f4.o(.text.System_Get_SystemClock)
    System_Init                              0x000026b1   Thumb Code   138  system_acm32f4.o(.text.System_Init)
    System_Module_Enable                     0x0000273d   Thumb Code    86  system_acm32f4.o(.text.System_Module_Enable)
    System_SysTick_Init                      0x00002795   Thumb Code    72  system_acm32f4.o(.text.System_SysTick_Init)
    UART1_IRQHandler                         0x000027dd   Thumb Code    54  main.o(.text.UART1_IRQHandler)
    app                                      0x000029c9   Thumb Code     2  app.o(.text.app)
    calc_func                                0x000029cd   Thumb Code   136  core_list_join.o(.text.calc_func)
    check_data_types                         0x00002a55   Thumb Code     4  core_util.o(.text.check_data_types)
    core_bench_list                          0x00002a59   Thumb Code  1174  core_list_join.o(.text.core_bench_list)
    core_bench_matrix                        0x00002ef1   Thumb Code    38  core_matrix.o(.text.core_bench_matrix)
    core_bench_state                         0x00002f19   Thumb Code   562  core_state.o(.text.core_bench_state)
    core_init_matrix                         0x0000314d   Thumb Code   632  core_matrix.o(.text.core_init_matrix)
    core_init_state                          0x000033c5   Thumb Code   328  core_state.o(.text.core_init_state)
    core_list_init                           0x0000350d   Thumb Code   994  core_list_join.o(.text.core_list_init)
    core_state_transition                    0x000038f1   Thumb Code   510  core_state.o(.text.core_state_transition)
    crc16                                    0x00003af1   Thumb Code     6  core_util.o(.text.crc16)
    crcu16                                   0x00003af9   Thumb Code   278  core_util.o(.text.crcu16)
    crcu32                                   0x00003c11   Thumb Code    22  core_util.o(.text.crcu32)
    fputc                                    0x00003c29   Thumb Code    54  hal_uart.o(.text.fputc)
    get_seed_32                              0x00003c61   Thumb Code    40  core_util.o(.text.get_seed_32)
    get_time                                 0x00003c89   Thumb Code    12  core_portme.o(.text.get_time)
    main                                     0x00003c95   Thumb Code   504  main.o(.text.main)
    matrix_test                              0x00003e8d   Thumb Code  3884  core_matrix.o(.text.matrix_test)
    portable_fini                            0x00004db9   Thumb Code     6  core_portme.o(.text.portable_fini)
    portable_init                            0x00004dc1   Thumb Code     6  core_portme.o(.text.portable_init)
    start_time                               0x00004dc9   Thumb Code    20  core_portme.o(.text.start_time)
    stop_time                                0x00004ddd   Thumb Code     4  core_portme.o(.text.stop_time)
    time_in_secs                             0x00004de1   Thumb Code    32  core_portme.o(.text.time_in_secs)
    HardFault_Handler                        0x00004e01   Thumb Code     0  hardfaulthandler.o(OSKERNEL)
    __0printf                                0x00004e15   Thumb Code    22  printfa.o(i.__0printf)
    __1printf                                0x00004e15   Thumb Code     0  printfa.o(i.__0printf)
    __2printf                                0x00004e15   Thumb Code     0  printfa.o(i.__0printf)
    __c89printf                              0x00004e15   Thumb Code     0  printfa.o(i.__0printf)
    printf                                   0x00004e15   Thumb Code     0  printfa.o(i.__0printf)
    __scatterload_copy                       0x00004e35   Thumb Code    14  handlers.o(i.__scatterload_copy)
    __scatterload_null                       0x00004e43   Thumb Code     2  handlers.o(i.__scatterload_null)
    __scatterload_zeroinit                   0x00004e45   Thumb Code    14  handlers.o(i.__scatterload_zeroinit)
    putchar                                  0x00005709   Thumb Code     6  putchar.o(i.putchar)
    puts                                     0x00005715   Thumb Code    30  puts.o(i.puts)
    System_Clock_Map                         0x00005738   Data         140  system_acm32f4.o(.rodata.System_Clock_Map)
    Region$$Table$$Base                      0x00005c90   Number         0  anon$$obj.o(Region$$Table)
    Region$$Table$$Limit                     0x00005cb0   Number         0  anon$$obj.o(Region$$Table)
    __stdout                                 0x20000000   Data           4  stdout.o(.data)
    default_num_contexts                     0x20000004   Data           4  core_portme.o(.data.default_num_contexts)
    seed3_volatile                           0x20000008   Data           4  core_portme.o(.data.seed3_volatile)
    seed4_volatile                           0x2000000c   Data           4  core_portme.o(.data.seed4_volatile)
    gu32_GPIOIRQ_Flag                        0x20000010   Data           4  main.o(.bss..L_MergedGlobals)
    UART1_Handle                             0x20000014   Data          72  main.o(.bss..L_MergedGlobals)
    gu32_Clocksrc                            0x2000005c   Data           4  system_acm32f4.o(.bss..L_MergedGlobals)
    gu32_SystemCount                         0x20000060   Data           4  system_acm32f4.o(.bss..L_MergedGlobals)
    gu32_SystemClock                         0x20000064   Data           4  system_acm32f4.o(.bss..L_MergedGlobals)
    gu32_APBClock                            0x20000068   Data           4  system_acm32f4.o(.bss..L_MergedGlobals)
    Tick                                     0x200000c4   Data           4  core_portme.o(.bss.Tick)
    Uart_Debug                               0x200000c8   Data           4  hal_uart.o(.bss.Uart_Debug)
    _SEGGER_RTT                              0x200000cc   Data         168  segger_rtt.o(.bss._SEGGER_RTT)
    seed1_volatile                           0x20000574   Data           4  core_portme.o(.bss.seed1_volatile)
    seed2_volatile                           0x20000578   Data           4  core_portme.o(.bss.seed2_volatile)
    seed5_volatile                           0x2000057c   Data           4  core_portme.o(.bss.seed5_volatile)
    __initial_sp                             0x20008580   Data           0  startup_acm32f4.o(STACK)



==============================================================================

Memory Map of the image

  Image Entry point : 0x000000e5

  Load Region LR_IROM1 (Base: 0x00000000, Size: 0x00005cc0, Max: 0x00080000, ABSOLUTE)

    Execution Region ER_IROM1 (Exec base: 0x00000000, Load base: 0x00000000, Size: 0x00005cb0, Max: 0x00080000, ABSOLUTE)

    Exec Addr    Load Addr    Size         Type   Attr      Idx    E Section Name        Object

    0x00000000   0x00000000   0x000000e4   Data   RO          112    RESET               startup_acm32f4.o
    0x000000e4   0x000000e4   0x00000000   Code   RO         1052  * .ARM.Collect$$$$00000000  mc_w.l(entry.o)
    0x000000e4   0x000000e4   0x00000004   Code   RO         1344    .ARM.Collect$$$$00000001  mc_w.l(entry2.o)
    0x000000e8   0x000000e8   0x00000004   Code   RO         1347    .ARM.Collect$$$$00000004  mc_w.l(entry5.o)
    0x000000ec   0x000000ec   0x00000000   Code   RO         1349    .ARM.Collect$$$$00000008  mc_w.l(entry7b.o)
    0x000000ec   0x000000ec   0x00000000   Code   RO         1351    .ARM.Collect$$$$0000000A  mc_w.l(entry8b.o)
    0x000000ec   0x000000ec   0x00000008   Code   RO         1352    .ARM.Collect$$$$0000000B  mc_w.l(entry9a.o)
    0x000000f4   0x000000f4   0x00000000   Code   RO         1354    .ARM.Collect$$$$0000000D  mc_w.l(entry10a.o)
    0x000000f4   0x000000f4   0x00000000   Code   RO         1356    .ARM.Collect$$$$0000000F  mc_w.l(entry11a.o)
    0x000000f4   0x000000f4   0x00000004   Code   RO         1345    .ARM.Collect$$$$00002712  mc_w.l(entry2.o)
    0x000000f8   0x000000f8   0x00000024   Code   RO          113    .text               startup_acm32f4.o
    0x0000011c   0x0000011c   0x00000062   Code   RO         1061    .text               mc_w.l(uldiv.o)
    0x0000017e   0x0000017e   0x00000024   Code   RO         1063    .text               mc_w.l(memcpya.o)
    0x000001a2   0x000001a2   0x00000024   Code   RO         1065    .text               mc_w.l(memseta.o)
    0x000001c6   0x000001c6   0x000000e4   Code   RO         1332    .text               mf_w.l(dmul.o)
    0x000002aa   0x000002aa   0x000000de   Code   RO         1334    .text               mf_w.l(ddiv.o)
    0x00000388   0x00000388   0x00000036   Code   RO         1336    .text               mf_w.l(dcmple.o)
    0x000003be   0x000003be   0x00000036   Code   RO         1338    .text               mf_w.l(dcmpge.o)
    0x000003f4   0x000003f4   0x0000001a   Code   RO         1340    .text               mf_w.l(dfltui.o)
    0x0000040e   0x0000040e   0x00000032   Code   RO         1342    .text               mf_w.l(dfixui.o)
    0x00000440   0x00000440   0x0000002c   Code   RO         1359    .text               mc_w.l(uidiv.o)
    0x0000046c   0x0000046c   0x0000001e   Code   RO         1361    .text               mc_w.l(llshl.o)
    0x0000048a   0x0000048a   0x00000020   Code   RO         1363    .text               mc_w.l(llushr.o)
    0x000004aa   0x000004aa   0x00000000   Code   RO         1365    .text               mc_w.l(iusefp.o)
    0x000004aa   0x000004aa   0x000000ba   Code   RO         1366    .text               mf_w.l(depilogue.o)
    0x00000564   0x00000564   0x0000014e   Code   RO         1368    .text               mf_w.l(dadd.o)
    0x000006b2   0x000006b2   0x00000030   Code   RO         1370    .text               mf_w.l(dfixul.o)
    0x000006e2   0x000006e2   0x00000002   PAD
    0x000006e4   0x000006e4   0x00000030   Code   RO         1372    .text               mf_w.l(cdrcmple.o)
    0x00000714   0x00000714   0x00000024   Code   RO         1374    .text               mc_w.l(init.o)
    0x00000738   0x00000738   0x00000024   Code   RO         1376    .text               mc_w.l(llsshr.o)
    0x0000075c   0x0000075c   0x00000004   PAD
    0x00000760   0x00000760   0x00000774   Code   RO          897    .text.CoreMark      core_main.o
    0x00000ed4   0x00000ed4   0x00000026   Code   RO           18    .text.GPIOAB_IRQHandler  main.o
    0x00000efa   0x00000efa   0x00000002   PAD
    0x00000efc   0x00000efc   0x00000004   Code   RO          293    .text.HAL_EFlash_Init  hal_eflash.o
    0x00000f00   0x00000f00   0x0000011c   Code   RO         1039    .text.HAL_EFlash_Init_Para  HAL_EFlash_EX.lib(hal_eflash_ex.o)
    0x0000101c   0x0000101c   0x0000003e   Code   RO          364    .text.HAL_GPIO_IRQHandler  hal_gpio.o
    0x0000105a   0x0000105a   0x00000002   PAD
    0x0000105c   0x0000105c   0x00000368   Code   RO          366    .text.HAL_GPIO_Init  hal_gpio.o
    0x000013c4   0x000013c4   0x0000006a   Code   RO          372    .text.HAL_GPIO_WritePin  hal_gpio.o
    0x0000142e   0x0000142e   0x00000002   PAD
    0x00001430   0x00001430   0x0000018a   Code   RO          682    .text.HAL_UART_Init  hal_uart.o
    0x000015ba   0x000015ba   0x00000002   PAD
    0x000015bc   0x000015bc   0x00000082   Code   RO          680    .text.HAL_UART_MspInit  hal_uart.o
    0x0000163e   0x0000163e   0x00000002   PAD
    0x00001640   0x00001640   0x00000272   Code   RO          688    .text.HAL_UART_Transmit  hal_uart.o
    0x000018b2   0x000018b2   0x00000002   PAD
    0x000018b4   0x000018b4   0x00000012   Code   RO         1037    .text.HAL_Verify_Chip  HAL_EFlash_EX.lib(hal_eflash_ex.o)
    0x000018c6   0x000018c6   0x00000002   PAD
    0x000018c8   0x000018c8   0x000000a8   Code   RO          761    .text.HardFaultHandler  segger_hardfaulthandler.o
    0x00001970   0x00001970   0x0000007c   Code   RO          826    .text.SEGGER_RTT_Init  segger_rtt.o
    0x000019ec   0x000019ec   0x000000be   Code   RO          790    .text.SEGGER_RTT_Write  segger_rtt.o
    0x00001aaa   0x00001aaa   0x00000002   PAD
    0x00001aac   0x00001aac   0x0000018e   Code   RO          786    .text.SEGGER_RTT_WriteNoLock  segger_rtt.o
    0x00001c3a   0x00001c3a   0x00000002   PAD
    0x00001c3c   0x00001c3c   0x0000001e   Code   RO          853    .text.SEGGER_RTT_printf  segger_rtt_printf.o
    0x00001c5a   0x00001c5a   0x00000002   PAD
    0x00001c5c   0x00001c5c   0x000005e4   Code   RO          849    .text.SEGGER_RTT_vprintf  segger_rtt_printf.o
    0x00002240   0x00002240   0x00000206   Code   RO           55    .text.Set_Pll_Div   system_acm32f4.o
    0x00002446   0x00002446   0x00000002   PAD
    0x00002448   0x00002448   0x0000001e   Code   RO           26    .text.SysTick_Handler  main.o
    0x00002466   0x00002466   0x00000002   PAD
    0x00002468   0x00002468   0x00000004   Code   RO           28    .text.SysTick_Init  main.o
    0x0000246c   0x0000246c   0x00000016   Code   RO           24    .text.SysTick_Stop_time  main.o
    0x00002482   0x00002482   0x00000002   PAD
    0x00002484   0x00002484   0x0000017a   Code   RO           51    .text.System_Clock_Init  system_acm32f4.o
    0x000025fe   0x000025fe   0x00000002   PAD
    0x00002600   0x00002600   0x00000018   Code   RO           53    .text.System_Core_Config  system_acm32f4.o
    0x00002618   0x00002618   0x0000003c   Code   RO           71    .text.System_Delay_MS  system_acm32f4.o
    0x00002654   0x00002654   0x00000036   Code   RO         1004    .text.System_EnableIAccelerate  System_Accelerate.lib(system_accelerate.o)
    0x0000268a   0x0000268a   0x00000002   PAD
    0x0000268c   0x0000268c   0x0000000c   Code   RO           59    .text.System_Get_APBClock  system_acm32f4.o
    0x00002698   0x00002698   0x0000000c   Code   RO           61    .text.System_Get_Clk_Source  system_acm32f4.o
    0x000026a4   0x000026a4   0x0000000c   Code   RO           57    .text.System_Get_SystemClock  system_acm32f4.o
    0x000026b0   0x000026b0   0x0000008a   Code   RO           47    .text.System_Init   system_acm32f4.o
    0x0000273a   0x0000273a   0x00000002   PAD
    0x0000273c   0x0000273c   0x00000056   Code   RO           67    .text.System_Module_Enable  system_acm32f4.o
    0x00002792   0x00002792   0x00000002   PAD
    0x00002794   0x00002794   0x00000048   Code   RO           43    .text.System_SysTick_Init  system_acm32f4.o
    0x000027dc   0x000027dc   0x00000036   Code   RO           22    .text.UART1_IRQHandler  main.o
    0x00002812   0x00002812   0x00000002   PAD
    0x00002814   0x00002814   0x000001b4   Code   RO          851    .text._PrintUnsigned  segger_rtt_printf.o
    0x000029c8   0x000029c8   0x00000002   Code   RO            2    .text.app           app.o
    0x000029ca   0x000029ca   0x00000002   PAD
    0x000029cc   0x000029cc   0x00000088   Code   RO          863    .text.calc_func     core_list_join.o
    0x00002a54   0x00002a54   0x00000004   Code   RO          994    .text.check_data_types  core_util.o
    0x00002a58   0x00002a58   0x00000496   Code   RO          871    .text.core_bench_list  core_list_join.o
    0x00002eee   0x00002eee   0x00000002   PAD
    0x00002ef0   0x00002ef0   0x00000026   Code   RO          912    .text.core_bench_matrix  core_matrix.o
    0x00002f16   0x00002f16   0x00000002   PAD
    0x00002f18   0x00002f18   0x00000232   Code   RO          965    .text.core_bench_state  core_state.o
    0x0000314a   0x0000314a   0x00000002   PAD
    0x0000314c   0x0000314c   0x00000278   Code   RO          928    .text.core_init_matrix  core_matrix.o
    0x000033c4   0x000033c4   0x00000148   Code   RO          969    .text.core_init_state  core_state.o
    0x0000350c   0x0000350c   0x000003e2   Code   RO          883    .text.core_list_init  core_list_join.o
    0x000038ee   0x000038ee   0x00000002   PAD
    0x000038f0   0x000038f0   0x000001fe   Code   RO          967    .text.core_state_transition  core_state.o
    0x00003aee   0x00003aee   0x00000002   PAD
    0x00003af0   0x00003af0   0x00000006   Code   RO          992    .text.crc16         core_util.o
    0x00003af6   0x00003af6   0x00000002   PAD
    0x00003af8   0x00003af8   0x00000116   Code   RO          988    .text.crcu16        core_util.o
    0x00003c0e   0x00003c0e   0x00000002   PAD
    0x00003c10   0x00003c10   0x00000016   Code   RO          990    .text.crcu32        core_util.o
    0x00003c26   0x00003c26   0x00000002   PAD
    0x00003c28   0x00003c28   0x00000036   Code   RO          712    .text.fputc         hal_uart.o
    0x00003c5e   0x00003c5e   0x00000002   PAD
    0x00003c60   0x00003c60   0x00000028   Code   RO          984    .text.get_seed_32   core_util.o
    0x00003c88   0x00003c88   0x0000000c   Code   RO          942    .text.get_time      core_portme.o
    0x00003c94   0x00003c94   0x000001f8   Code   RO           30    .text.main          main.o
    0x00003e8c   0x00003e8c   0x00000f2c   Code   RO          914    .text.matrix_test   core_matrix.o
    0x00004db8   0x00004db8   0x00000006   Code   RO          948    .text.portable_fini  core_portme.o
    0x00004dbe   0x00004dbe   0x00000002   PAD
    0x00004dc0   0x00004dc0   0x00000006   Code   RO          946    .text.portable_init  core_portme.o
    0x00004dc6   0x00004dc6   0x00000002   PAD
    0x00004dc8   0x00004dc8   0x00000014   Code   RO          938    .text.start_time    core_portme.o
    0x00004ddc   0x00004ddc   0x00000004   Code   RO          940    .text.stop_time     core_portme.o
    0x00004de0   0x00004de0   0x00000020   Code   RO          944    .text.time_in_secs  core_portme.o
    0x00004e00   0x00004e00   0x00000012   Code   RO          770    OSKERNEL            hardfaulthandler.o
    0x00004e12   0x00004e12   0x00000002   PAD
    0x00004e14   0x00004e14   0x00000020   Code   RO         1304    i.__0printf         mc_w.l(printfa.o)
    0x00004e34   0x00004e34   0x0000000e   Code   RO         1380    i.__scatterload_copy  mc_w.l(handlers.o)
    0x00004e42   0x00004e42   0x00000002   Code   RO         1381    i.__scatterload_null  mc_w.l(handlers.o)
    0x00004e44   0x00004e44   0x0000000e   Code   RO         1382    i.__scatterload_zeroinit  mc_w.l(handlers.o)
    0x00004e52   0x00004e52   0x00000002   PAD
    0x00004e54   0x00004e54   0x00000184   Code   RO         1311    i._fp_digits        mc_w.l(printfa.o)
    0x00004fd8   0x00004fd8   0x000006dc   Code   RO         1312    i._printf_core      mc_w.l(printfa.o)
    0x000056b4   0x000056b4   0x00000024   Code   RO         1313    i._printf_post_padding  mc_w.l(printfa.o)
    0x000056d8   0x000056d8   0x0000002e   Code   RO         1314    i._printf_pre_padding  mc_w.l(printfa.o)
    0x00005706   0x00005706   0x00000002   PAD
    0x00005708   0x00005708   0x0000000c   Code   RO         1057    i.putchar           mc_w.l(putchar.o)
    0x00005714   0x00005714   0x00000024   Code   RO         1055    i.puts              mc_w.l(puts.o)
    0x00005738   0x00005738   0x0000008c   Data   RO          101    .rodata.System_Clock_Map  system_acm32f4.o
    0x000057c4   0x000057c4   0x00000010   Data   RO          974    .rodata.errpat      core_state.o
    0x000057d4   0x000057d4   0x00000010   Data   RO          972    .rodata.floatpat    core_state.o
    0x000057e4   0x000057e4   0x00000010   Data   RO          971    .rodata.intpat      core_state.o
    0x000057f4   0x000057f4   0x0000000a   Data   RO          901    .rodata.list_known_crc  core_main.o
    0x000057fe   0x000057fe   0x0000000a   Data   RO          902    .rodata.matrix_known_crc  core_main.o
    0x00005808   0x00005808   0x00000010   Data   RO          973    .rodata.scipat      core_state.o
    0x00005818   0x00005818   0x0000000a   Data   RO          903    .rodata.state_known_crc  core_main.o
    0x00005822   0x00005822   0x00000082   Data   RO           32    .rodata.str1.1      main.o
    0x000058a4   0x000058a4   0x00000009   Data   RO          838    .rodata.str1.1      segger_rtt.o
    0x000058ad   0x000058ad   0x00000360   Data   RO          899    .rodata.str1.1      core_main.o
    0x00005c0d   0x00005c0d   0x00000080   Data   RO          975    .rodata.str1.1      core_state.o
    0x00005c8d   0x00005c8d   0x00000003   PAD
    0x00005c90   0x00005c90   0x00000020   Data   RO         1379    Region$$Table       anon$$obj.o


    Execution Region RW_IRAM1 (Exec base: 0x20000000, Load base: 0x00005cb0, Size: 0x00008580, Max: 0x00030000, ABSOLUTE)

    Exec Addr    Load Addr    Size         Type   Attr      Idx    E Section Name        Object

    0x20000000   0x00005cb0   0x00000004   Data   RW         1358    .data               mc_w.l(stdout.o)
    0x20000004   0x00005cb4   0x00000004   Data   RW          956    .data.default_num_contexts  core_portme.o
    0x20000008   0x00005cb8   0x00000004   Data   RW          952    .data.seed3_volatile  core_portme.o
    0x2000000c   0x00005cbc   0x00000004   Data   RW          953    .data.seed4_volatile  core_portme.o
    0x20000010        -       0x0000004c   Zero   RW           34    .bss..L_MergedGlobals  main.o
    0x2000005c        -       0x00000010   Zero   RW          102    .bss..L_MergedGlobals  system_acm32f4.o
    0x2000006c        -       0x00000044   Zero   RW          763    .bss..L_MergedGlobals  segger_hardfaulthandler.o
    0x200000b0        -       0x00000011   Zero   RW          840    .bss..L_MergedGlobals  segger_rtt.o
    0x200000c1   0x00005cc0   0x00000003   PAD
    0x200000c4        -       0x00000004   Zero   RW          955    .bss.Tick           core_portme.o
    0x200000c8        -       0x00000004   Zero   RW          714    .bss.Uart_Debug     hal_uart.o
    0x200000cc        -       0x000000a8   Zero   RW          836    .bss._SEGGER_RTT    segger_rtt.o
    0x20000174        -       0x00000400   Zero   RW          839    .bss._acUpBuffer    segger_rtt.o
    0x20000574        -       0x00000004   Zero   RW          950    .bss.seed1_volatile  core_portme.o
    0x20000578        -       0x00000004   Zero   RW          951    .bss.seed2_volatile  core_portme.o
    0x2000057c        -       0x00000004   Zero   RW          954    .bss.seed5_volatile  core_portme.o
    0x20000580        -       0x00008000   Zero   RW          110    STACK               startup_acm32f4.o


==============================================================================

Image component sizes


      Code (inc. data)   RO Data    RW Data    ZI Data      Debug   Object Name

         2          0          0          0          0        358   app.o
      2304          0          0          0          0      17479   core_list_join.o
      1908        164        894          0          0       4959   core_main.o
      4554          0          0          0          0      17072   core_matrix.o
        80          8          0         12         16       1941   core_portme.o
      1400         64        192          0          0       5106   core_state.o
       350         20          0          0          0       3258   core_util.o
         4          0          0          0          0       1483   hal_eflash.o
      1040          0          0          0          0       7502   hal_gpio.o
      1204          0          0          0          4      13611   hal_uart.o
        18          0          0          0          0        308   hardfaulthandler.o
       652        144        130          0         76       6010   main.o
       168          0          0          0         68       2742   segger_hardfaulthandler.o
       712          0          9          0       1209      29392   segger_rtt.o
      1974        198          0          0          0       7679   segger_rtt_printf.o
        36          8        228          0      32768        852   startup_acm32f4.o
      1312          0        140          0         16      15763   system_acm32f4.o

    ----------------------------------------------------------------------
     17776        606       1628         12      34160     135515   Object Totals
         0          0         32          0          0          0   (incl. Generated)
        58          0          3          0          3          0   (incl. Padding)

    ----------------------------------------------------------------------

      Code (inc. data)   RO Data    RW Data    ZI Data      Debug   Library Member Name

       302          0          0          0          0       4364   hal_eflash_ex.o
        54          0          0          0          0       3896   system_accelerate.o
         0          0          0          0          0          0   entry.o
         0          0          0          0          0          0   entry10a.o
         0          0          0          0          0          0   entry11a.o
         8          4          0          0          0          0   entry2.o
         4          0          0          0          0          0   entry5.o
         0          0          0          0          0          0   entry7b.o
         0          0          0          0          0          0   entry8b.o
         8          4          0          0          0          0   entry9a.o
        30          0          0          0          0          0   handlers.o
        36          8          0          0          0         68   init.o
         0          0          0          0          0          0   iusefp.o
        30          0          0          0          0         68   llshl.o
        36          0          0          0          0         68   llsshr.o
        32          0          0          0          0         68   llushr.o
        36          0          0          0          0         68   memcpya.o
        36          0          0          0          0        108   memseta.o
      2258         90          0          0          0        452   printfa.o
        12          6          0          0          0         68   putchar.o
        36          6          0          0          0         80   puts.o
         0          0          0          4          0          0   stdout.o
        44          0          0          0          0         80   uidiv.o
        98          0          0          0          0         92   uldiv.o
        48          0          0          0          0         68   cdrcmple.o
       334          0          0          0          0        148   dadd.o
        54          0          0          0          0         80   dcmpge.o
        54          0          0          0          0         80   dcmple.o
       222          0          0          0          0        100   ddiv.o
       186          0          0          0          0        176   depilogue.o
        50          0          0          0          0         76   dfixui.o
        48          0          0          0          0         68   dfixul.o
        26          0          0          0          0         76   dfltui.o
       228          0          0          0          0         96   dmul.o

    ----------------------------------------------------------------------
      4324        118          0          4          0      10448   Library Totals
        14          0          0          0          0          0   (incl. Padding)

    ----------------------------------------------------------------------

      Code (inc. data)   RO Data    RW Data    ZI Data      Debug   Library Name

       302          0          0          0          0       4364   HAL_EFlash_EX.lib
        54          0          0          0          0       3896   System_Accelerate.lib
      2704        118          0          4          0       1220   mc_w.l
      1250          0          0          0          0        968   mf_w.l

    ----------------------------------------------------------------------
      4324        118          0          4          0      10448   Library Totals

    ----------------------------------------------------------------------

==============================================================================


      Code (inc. data)   RO Data    RW Data    ZI Data      Debug   

     22100        724       1628         16      34160     144715   Grand Totals
     22100        724       1628         16      34160     144715   ELF Image Totals
     22100        724       1628         16          0          0   ROM Totals

==============================================================================

    Total RO  Size (Code + RO Data)                23728 (  23.17kB)
    Total RW  Size (RW Data + ZI Data)             34176 (  33.38kB)
    Total ROM Size (Code + RO Data + RW Data)      23744 (  23.19kB)

==============================================================================

