Component: ARM Compiler 6.14.1 Tool: armlink [5db06d00]

==============================================================================

Image Symbol Table

    Local Symbols

    Symbol Name                              Value     Ov Type        Size  Object(Section)

    ../clib/microlib/division.c              0x00000000   Number         0  uldiv.o ABSOLUTE
    ../clib/microlib/division.c              0x00000000   Number         0  uidiv.o ABSOLUTE
    ../clib/microlib/init/entry.s            0x00000000   Number         0  entry.o ABSOLUTE
    ../clib/microlib/init/entry.s            0x00000000   Number         0  entry2.o ABSOLUTE
    ../clib/microlib/init/entry.s            0x00000000   Number         0  entry5.o ABSOLUTE
    ../clib/microlib/init/entry.s            0x00000000   Number         0  entry7a.o ABSOLUTE
    ../clib/microlib/init/entry.s            0x00000000   Number         0  entry7b.o ABSOLUTE
    ../clib/microlib/init/entry.s            0x00000000   Number         0  entry8a.o ABSOLUTE
    ../clib/microlib/init/entry.s            0x00000000   Number         0  entry8b.o ABSOLUTE
    ../clib/microlib/init/entry.s            0x00000000   Number         0  entry9a.o ABSOLUTE
    ../clib/microlib/init/entry.s            0x00000000   Number         0  entry9b.o ABSOLUTE
    ../clib/microlib/init/entry.s            0x00000000   Number         0  entry10a.o ABSOLUTE
    ../clib/microlib/init/entry.s            0x00000000   Number         0  entry10b.o ABSOLUTE
    ../clib/microlib/init/entry.s            0x00000000   Number         0  entry11a.o ABSOLUTE
    ../clib/microlib/init/entry.s            0x00000000   Number         0  entry11b.o ABSOLUTE
    ../clib/microlib/longlong.c              0x00000000   Number         0  llshl.o ABSOLUTE
    ../clib/microlib/longlong.c              0x00000000   Number         0  llushr.o ABSOLUTE
    ../clib/microlib/longlong.c              0x00000000   Number         0  llsshr.o ABSOLUTE
    ../clib/microlib/printf/printf.c         0x00000000   Number         0  printfb.o ABSOLUTE
    ../clib/microlib/printf/printf.c         0x00000000   Number         0  printf0.o ABSOLUTE
    ../clib/microlib/printf/printf.c         0x00000000   Number         0  printf1.o ABSOLUTE
    ../clib/microlib/printf/printf.c         0x00000000   Number         0  printf2.o ABSOLUTE
    ../clib/microlib/printf/printf.c         0x00000000   Number         0  printf3.o ABSOLUTE
    ../clib/microlib/printf/printf.c         0x00000000   Number         0  printf4.o ABSOLUTE
    ../clib/microlib/printf/printf.c         0x00000000   Number         0  printf5.o ABSOLUTE
    ../clib/microlib/printf/printf.c         0x00000000   Number         0  printf6.o ABSOLUTE
    ../clib/microlib/printf/printf.c         0x00000000   Number         0  printf7.o ABSOLUTE
    ../clib/microlib/printf/printf.c         0x00000000   Number         0  printf8.o ABSOLUTE
    ../clib/microlib/printf/printf.c         0x00000000   Number         0  printfa.o ABSOLUTE
    ../clib/microlib/printf/stubs.s          0x00000000   Number         0  printfstubs.o ABSOLUTE
    ../clib/microlib/stdio/putchar.c         0x00000000   Number         0  putchar.o ABSOLUTE
    ../clib/microlib/stdio/puts.c            0x00000000   Number         0  puts.o ABSOLUTE
    ../clib/microlib/stdio/puts.c            0x00000000   Number         0  puts_e.o ABSOLUTE
    ../clib/microlib/stdio/streams.c         0x00000000   Number         0  stdout.o ABSOLUTE
    ../clib/microlib/string/memcpy.c         0x00000000   Number         0  memcpya.o ABSOLUTE
    ../clib/microlib/string/memcpy.c         0x00000000   Number         0  memcpyb.o ABSOLUTE
    ../clib/microlib/string/memset.c         0x00000000   Number         0  memseta.o ABSOLUTE
    ../clib/microlib/string/strlen.c         0x00000000   Number         0  strlen.o ABSOLUTE
    ../clib/microlib/stubs.s                 0x00000000   Number         0  iusefp.o ABSOLUTE
    ../fplib/microlib/fpadd.c                0x00000000   Number         0  dadd.o ABSOLUTE
    ../fplib/microlib/fpcmp.c                0x00000000   Number         0  dcmple.o ABSOLUTE
    ../fplib/microlib/fpcmp.c                0x00000000   Number         0  dcmpge.o ABSOLUTE
    ../fplib/microlib/fpdiv.c                0x00000000   Number         0  ddiv.o ABSOLUTE
    ../fplib/microlib/fpepilogue.c           0x00000000   Number         0  depilogue.o ABSOLUTE
    ../fplib/microlib/fpfix.c                0x00000000   Number         0  dfixui.o ABSOLUTE
    ../fplib/microlib/fpfix.c                0x00000000   Number         0  dfixul.o ABSOLUTE
    ../fplib/microlib/fpflt.c                0x00000000   Number         0  dfltui.o ABSOLUTE
    ../fplib/microlib/fpmul.c                0x00000000   Number         0  dmul.o ABSOLUTE
    ..\application\HardFaultHandlerMDK\HardFaultHandler.S 0x00000000   Number         0  hardfaulthandler.o ABSOLUTE
[...]
    _printf_l                                0x00000000   Number         0  printfstubs.o ABSOLUTE
    _printf_lc                               0x00000000   Number         0  printfstubs.o ABSOLUTE
    _printf_ll                               0x00000000   Number         0  printfstubs.o ABSOLUTE
    _printf_lld                              0x00000000   Number         0  printfstubs.o ABSOLUTE
    _printf_lli                              0x00000000   Number         0  printfstubs.o ABSOLUTE
    _printf_llo                              0x00000000   Number         0  printfstubs.o ABSOLUTE
    _printf_llu                              0x00000000   Number         0  printfstubs.o ABSOLUTE
    _printf_llx                              0x00000000   Number         0  printfstubs.o ABSOLUTE
    _printf_longlong_dec                     0x00000000   Number         0  printfstubs.o ABSOLUTE
    _printf_longlong_hex                     0x00000000   Number         0  printfstubs.o ABSOLUTE
    _printf_longlong_oct                     0x00000000   Number         0  printfstubs.o ABSOLUTE
    _printf_ls                               0x00000000   Number         0  printfstubs.o ABSOLUTE
    _printf_mbtowc                           0x00000000   Number         0  printfstubs.o ABSOLUTE
    _printf_n                                0x00000000   Number         0  printfstubs.o ABSOLUTE
    _printf_o                                0x00000000   Number         0  printfstubs.o ABSOLUTE
    _printf_p                                0x00000000   Number         0  printfstubs.o ABSOLUTE
    _printf_percent                          0x00000000   Number         0  printfstubs.o ABSOLUTE
    _printf_pre_padding                      0x00000000   Number         0  printfstubs.o ABSOLUTE
    _printf_return_value                     0x00000000   Number         0  printfstubs.o ABSOLUTE
    _printf_s                                0x00000000   Number         0  printfstubs.o ABSOLUTE
    _printf_sizespec                         0x00000000   Number         0  printfstubs.o ABSOLUTE
    _printf_str                              0x00000000   Number         0  printfstubs.o ABSOLUTE
    _printf_truncate_signed                  0x00000000   Number         0  printfstubs.o ABSOLUTE
    _printf_truncate_unsigned                0x00000000   Number         0  printfstubs.o ABSOLUTE
    _printf_u                                0x00000000   Number         0  printfstubs.o ABSOLUTE
    _printf_wc                               0x00000000   Number         0  printfstubs.o ABSOLUTE
    _printf_wctomb                           0x00000000   Number         0  printfstubs.o ABSOLUTE
    _printf_widthprec                        0x00000000   Number         0  printfstubs.o ABSOLUTE
    _printf_x                                0x00000000   Number         0  printfstubs.o ABSOLUTE
    ADC1A_IrqHandler                          - Undefined Weak Reference
    ADC1B_IrqHandler                          - Undefined Weak Reference
    ADC1ChCmp_IrqHandler                      - Undefined Weak Reference
    ADC1SeqCmp_IrqHandler                     - Undefined Weak Reference
    ADC2A_IrqHandler                          - Undefined Weak Reference
    ADC2B_IrqHandler                          - Undefined Weak Reference
    ADC2ChCmp_IrqHandler                      - Undefined Weak Reference
    ADC2SeqCmp_IrqHandler                     - Undefined Weak Reference
    BusFault_IrqHandler                       - Undefined Weak Reference
    Can_IrqHandler                            - Undefined Weak Reference
    Dcu1_IrqHandler                           - Undefined Weak Reference
    Dcu2_IrqHandler                           - Undefined Weak Reference
    Dcu3_IrqHandler                           - Undefined Weak Reference
    Dcu4_IrqHandler                           - Undefined Weak Reference
    DebugMon_IrqHandler                       - Undefined Weak Reference
    Dma1Btc0_IrqHandler                       - Undefined Weak Reference
    Dma1Btc1_IrqHandler                       - Undefined Weak Reference
    Dma1Btc2_IrqHandler                       - Undefined Weak Reference
    Dma1Btc3_IrqHandler                       - Undefined Weak Reference
    Dma1Err0_IrqHandler                       - Undefined Weak Reference
    Dma1Err1_IrqHandler                       - Undefined Weak Reference
    Dma1Err2_IrqHandler                       - Undefined Weak Reference
    Dma1Err3_IrqHandler                       - Undefined Weak Reference
    Dma1Tc0_IrqHandler                        - Undefined Weak Reference
    Dma1Tc1_IrqHandler                        - Undefined Weak Reference
    Dma1Tc2_IrqHandler                        - Undefined Weak Reference
    Dma1Tc3_IrqHandler                        - Undefined Weak Reference
    Dma2Btc0_IrqHandler                       - Undefined Weak Reference
    Dma2Btc1_IrqHandler                       - Undefined Weak Reference
    Dma2Btc2_IrqHandler                       - Undefined Weak Reference
    Dma2Btc3_IrqHandler                       - Undefined Weak Reference
    Dma2Err0_IrqHandler                       - Undefined Weak Reference
    Dma2Err1_IrqHandler                       - Undefined Weak Reference
    Dma2Err2_IrqHandler                       - Undefined Weak Reference
    Dma2Err3_IrqHandler                       - Undefined Weak Reference
    Dma2Tc0_IrqHandler                        - Undefined Weak Reference
    Dma2Tc1_IrqHandler                        - Undefined Weak Reference
    Dma2Tc2_IrqHandler                        - Undefined Weak Reference
    Dma2Tc3_IrqHandler                        - Undefined Weak Reference
    EfmColErr_IrqHandler                      - Undefined Weak Reference
    EfmOpEnd_IrqHandler                       - Undefined Weak Reference
    EfmPgmEraseErr_IrqHandler                 - Undefined Weak Reference
    Emb1_IrqHandler                           - Undefined Weak Reference
    Emb2_IrqHandler                           - Undefined Weak Reference
    Emb3_IrqHandler                           - Undefined Weak Reference
    Emb4_IrqHandler                           - Undefined Weak Reference
    Extint00_IrqHandler                       - Undefined Weak Reference
    Extint01_IrqHandler                       - Undefined Weak Reference
    Extint02_IrqHandler                       - Undefined Weak Reference
    Extint03_IrqHandler                       - Undefined Weak Reference
    Extint04_IrqHandler                       - Undefined Weak Reference
    Extint05_IrqHandler                       - Undefined Weak Reference
    Extint06_IrqHandler                       - Undefined Weak Reference
    Extint07_IrqHandler                       - Undefined Weak Reference
    Extint08_IrqHandler                       - Undefined Weak Reference
    Extint09_IrqHandler                       - Undefined Weak Reference
    Extint10_IrqHandler                       - Undefined Weak Reference
    Extint11_IrqHandler                       - Undefined Weak Reference
    Extint12_IrqHandler                       - Undefined Weak Reference
    Extint13_IrqHandler                       - Undefined Weak Reference
    Extint14_IrqHandler                       - Undefined Weak Reference
    Extint15_IrqHandler                       - Undefined Weak Reference
    FcmEnd_IrqHandler                         - Undefined Weak Reference
    FcmErr_IrqHandler                         - Undefined Weak Reference
    FcmOV_IrqHandler                          - Undefined Weak Reference
    I2c1Err_IrqHandler                        - Undefined Weak Reference
    I2c1RxEnd_IrqHandler                      - Undefined Weak Reference
    I2c1TxEmpty_IrqHandler                    - Undefined Weak Reference
    I2c1TxEnd_IrqHandler                      - Undefined Weak Reference
    I2c2Err_IrqHandler                        - Undefined Weak Reference
    I2c2RxEnd_IrqHandler                      - Undefined Weak Reference
    I2c2TxEmpty_IrqHandler                    - Undefined Weak Reference
    I2c2TxEnd_IrqHandler                      - Undefined Weak Reference
    I2c3Err_IrqHandler                        - Undefined Weak Reference
    I2c3RxEnd_IrqHandler                      - Undefined Weak Reference
    I2c3TxEmpty_IrqHandler                    - Undefined Weak Reference
    I2c3TxEnd_IrqHandler                      - Undefined Weak Reference
    I2s1Err_IrqHandler                        - Undefined Weak Reference
    I2s1Rx_IrqHandler                         - Undefined Weak Reference
    I2s1Tx_IrqHandler                         - Undefined Weak Reference
    I2s2Err_IrqHandler                        - Undefined Weak Reference
    I2s2Rx_IrqHandler                         - Undefined Weak Reference
    I2s2Tx_IrqHandler                         - Undefined Weak Reference
    I2s3Err_IrqHandler                        - Undefined Weak Reference
    I2s3Rx_IrqHandler                         - Undefined Weak Reference
    I2s3Tx_IrqHandler                         - Undefined Weak Reference
    I2s4Err_IrqHandler                        - Undefined Weak Reference
    I2s4Rx_IrqHandler                         - Undefined Weak Reference
    I2s4Tx_IrqHandler                         - Undefined Weak Reference
    MainOscStop_IrqHandler                    - Undefined Weak Reference
    MemManage_IrqHandler                      - Undefined Weak Reference
    NMI_IrqHandler                            - Undefined Weak Reference
    PendSV_IrqHandler                         - Undefined Weak Reference
    Pvd1_IrqHandler                           - Undefined Weak Reference
    Pvd2_IrqHandler                           - Undefined Weak Reference
    QspiInt_IrqHandler                        - Undefined Weak Reference
    SVC_IrqHandler                            - Undefined Weak Reference
    Sdio1_IrqHandler                          - Undefined Weak Reference
    Sdio2_IrqHandler                          - Undefined Weak Reference
    Spi1Err_IrqHandler                        - Undefined Weak Reference
    Spi1Idle_IrqHandler                       - Undefined Weak Reference
    Spi1RxEnd_IrqHandler                      - Undefined Weak Reference
    Spi1TxEmpty_IrqHandler                    - Undefined Weak Reference
    Spi2Err_IrqHandler                        - Undefined Weak Reference
    Spi2Idle_IrqHandler                       - Undefined Weak Reference
    Spi2RxEnd_IrqHandler                      - Undefined Weak Reference
    Spi2TxEmpty_IrqHandler                    - Undefined Weak Reference
    Spi3Err_IrqHandler                        - Undefined Weak Reference
    Spi3Idle_IrqHandler                       - Undefined Weak Reference
    Spi3RxEnd_IrqHandler                      - Undefined Weak Reference
    Spi3TxEmpty_IrqHandler                    - Undefined Weak Reference
    Spi4Err_IrqHandler                        - Undefined Weak Reference
    Spi4Idle_IrqHandler                       - Undefined Weak Reference
    Spi4RxEnd_IrqHandler                      - Undefined Weak Reference
    Spi4TxEmpty_IrqHandler                    - Undefined Weak Reference
    Swdt_IrqHandler                           - Undefined Weak Reference
    Timer01GCMA_IrqHandler                    - Undefined Weak Reference
    Timer01GCMB_IrqHandler                    - Undefined Weak Reference
    Timer02GCMA_IrqHandler                    - Undefined Weak Reference
    Timer02GCMB_IrqHandler                    - Undefined Weak Reference
    Timer41GCMUH_IrqHandler                   - Undefined Weak Reference
    Timer41GCMUL_IrqHandler                   - Undefined Weak Reference
    Timer41GCMVH_IrqHandler                   - Undefined Weak Reference
    Timer41GCMVL_IrqHandler                   - Undefined Weak Reference
    Timer41GCMWH_IrqHandler                   - Undefined Weak Reference
    Timer41GCMWL_IrqHandler                   - Undefined Weak Reference
    Timer41GOV_IrqHandler                     - Undefined Weak Reference
    Timer41GUD_IrqHandler                     - Undefined Weak Reference
    Timer41ReloadU_IrqHandler                 - Undefined Weak Reference
    Timer41ReloadV_IrqHandler                 - Undefined Weak Reference
    Timer41ReloadW_IrqHandler                 - Undefined Weak Reference
    Timer42GCMVH_IrqHandler                   - Undefined Weak Reference
    Timer42GCMVL_IrqHandler                   - Undefined Weak Reference
    Timer42GCMWH_IrqHandler                   - Undefined Weak Reference
    Timer42GCMWL_IrqHandler                   - Undefined Weak Reference
    Timer42GOV_IrqHandler                     - Undefined Weak Reference
    Timer42GUD_IrqHandler                     - Undefined Weak Reference
    Timer42ReloadU_IrqHandler                 - Undefined Weak Reference
    Timer42ReloadV_IrqHandler                 - Undefined Weak Reference
    Timer42ReloadW_IrqHandler                 - Undefined Weak Reference
    Timer43GCMUH_IrqHandler                   - Undefined Weak Reference
    Timer43GCMUL_IrqHandler                   - Undefined Weak Reference
    Timer43GCMVH_IrqHandler                   - Undefined Weak Reference
    Timer43GCMVL_IrqHandler                   - Undefined Weak Reference
    Timer43GCMWH_IrqHandler                   - Undefined Weak Reference
    Timer43GCMWL_IrqHandler                   - Undefined Weak Reference
    Timer43GOV_IrqHandler                     - Undefined Weak Reference
    Timer43GUD_IrqHandler                     - Undefined Weak Reference
    Timer43ReloadV_IrqHandler                 - Undefined Weak Reference
    Timer43ReloadW_IrqHandler                 - Undefined Weak Reference
    Timer61GCMA_IrqHandler                    - Undefined Weak Reference
    Timer61GCMB_IrqHandler                    - Undefined Weak Reference
    Timer61GCMC_IrqHandler                    - Undefined Weak Reference
    Timer61GCMD_IrqHandler                    - Undefined Weak Reference
    Timer61GCME_IrqHandler                    - Undefined Weak Reference
    Timer61GCMF_IrqHandler                    - Undefined Weak Reference
    Timer61GDT_IrqHandler                     - Undefined Weak Reference
    Timer61GOV_IrqHandler                     - Undefined Weak Reference
    Timer61GUD_IrqHandler                     - Undefined Weak Reference
    Timer61SCMA_IrqHandler                    - Undefined Weak Reference
    Timer61SCMB_IrqHandler                    - Undefined Weak Reference
    Timer62GCMA_IrqHandler                    - Undefined Weak Reference
    Timer62GCMB_IrqHandler                    - Undefined Weak Reference
    Timer62GCMC_IrqHandler                    - Undefined Weak Reference
    Timer62GCMD_IrqHandler                    - Undefined Weak Reference
    Timer62GCME_IrqHandler                    - Undefined Weak Reference
    Timer62GCMF_IrqHandler                    - Undefined Weak Reference
    Timer62GDT_IrqHandler                     - Undefined Weak Reference
    Timer62GOV_IrqHandler                     - Undefined Weak Reference
    Timer62GUD_IrqHandler                     - Undefined Weak Reference
    Timer62SCMA_IrqHandler                    - Undefined Weak Reference
    Timer62SCMB_IrqHandler                    - Undefined Weak Reference
    Timer63GCMA_IrqHandler                    - Undefined Weak Reference
    Timer63GCMB_IrqHandler                    - Undefined Weak Reference
    Timer63GCMC_IrqHandler                    - Undefined Weak Reference
    Timer63GCMD_IrqHandler                    - Undefined Weak Reference
    Timer63GCME_IrqHandler                    - Undefined Weak Reference
    Timer63GCMF_IrqHandler                    - Undefined Weak Reference
    Timer63GDT_IrqHandler                     - Undefined Weak Reference
    Timer63GOV_IrqHandler                     - Undefined Weak Reference
    Timer63GUD_IrqHandler                     - Undefined Weak Reference
    Timer63SCMA_IrqHandler                    - Undefined Weak Reference
    Timer63SCMB_IrqHandler                    - Undefined Weak Reference
    TimerA1CMP_IrqHandler                     - Undefined Weak Reference
    TimerA1OV_IrqHandler                      - Undefined Weak Reference
    TimerA1UD_IrqHandler                      - Undefined Weak Reference
    TimerA2CMP_IrqHandler                     - Undefined Weak Reference
    TimerA2OV_IrqHandler                      - Undefined Weak Reference
    TimerA2UD_IrqHandler                      - Undefined Weak Reference
    TimerA3CMP_IrqHandler                     - Undefined Weak Reference
    TimerA3OV_IrqHandler                      - Undefined Weak Reference
    TimerA3UD_IrqHandler                      - Undefined Weak Reference
    TimerA4CMP_IrqHandler                     - Undefined Weak Reference
    TimerA4OV_IrqHandler                      - Undefined Weak Reference
    TimerA4UD_IrqHandler                      - Undefined Weak Reference
    TimerA5CMP_IrqHandler                     - Undefined Weak Reference
    TimerA5OV_IrqHandler                      - Undefined Weak Reference
    TimerA5UD_IrqHandler                      - Undefined Weak Reference
    TimerA6CMP_IrqHandler                     - Undefined Weak Reference
    TimerA6OV_IrqHandler                      - Undefined Weak Reference
    TimerA6UD_IrqHandler                      - Undefined Weak Reference
    UsageFault_IrqHandler                     - Undefined Weak Reference
    Usart1RxEnd_IrqHandler                    - Undefined Weak Reference
    Usart1RxErr_IrqHandler                    - Undefined Weak Reference
    Usart1RxTO_IrqHandler                     - Undefined Weak Reference
    Usart1TxEmpty_IrqHandler                  - Undefined Weak Reference
    Usart1TxEnd_IrqHandler                    - Undefined Weak Reference
    Usart2RxEnd_IrqHandler                    - Undefined Weak Reference
    Usart2RxErr_IrqHandler                    - Undefined Weak Reference
    Usart2RxTO_IrqHandler                     - Undefined Weak Reference
    Usart2TxEmpty_IrqHandler                  - Undefined Weak Reference
    Usart2TxEnd_IrqHandler                    - Undefined Weak Reference
    Usart3RxEnd_IrqHandler                    - Undefined Weak Reference
    Usart3RxErr_IrqHandler                    - Undefined Weak Reference
    Usart3RxTO_IrqHandler                     - Undefined Weak Reference
    Usart3TxEmpty_IrqHandler                  - Undefined Weak Reference
    Usart3TxEnd_IrqHandler                    - Undefined Weak Reference
    Usart4RxEnd_IrqHandler                    - Undefined Weak Reference
    Usart4RxErr_IrqHandler                    - Undefined Weak Reference
    Usart4RxTO_IrqHandler                     - Undefined Weak Reference
    Usart4TxEmpty_IrqHandler                  - Undefined Weak Reference
    Usart4TxEnd_IrqHandler                    - Undefined Weak Reference
    UsbGlobal_IrqHandler                      - Undefined Weak Reference
    WakeupTimer_IrqHandler                    - Undefined Weak Reference
    Wdt_IrqHandler                            - Undefined Weak Reference
    __cpp_initialize__aeabi_                  - Undefined Weak Reference
    __cxa_finalize                            - Undefined Weak Reference
    __decompress                              - Undefined Weak Reference
    _clock_init                               - Undefined Weak Reference
    _microlib_exit                            - Undefined Weak Reference
    __Vectors_End                            0x00000280   Data           0  startup_hc32f46x.o(RESET)
    __Vectors_Size                           0x00000280   Number         0  startup_hc32f46x.o ABSOLUTE
    __main                                   0x00000281   Thumb Code     0  entry.o(.ARM.Collect$$$$00000000)
    _main_stk                                0x00000281   Thumb Code     0  entry2.o(.ARM.Collect$$$$00000001)
    _main_scatterload                        0x00000285   Thumb Code     0  entry5.o(.ARM.Collect$$$$00000004)
    __main_after_scatterload                 0x00000289   Thumb Code     0  entry5.o(.ARM.Collect$$$$00000004)
    _main_clock                              0x00000289   Thumb Code     0  entry7b.o(.ARM.Collect$$$$00000008)
    _main_cpp_init                           0x00000289   Thumb Code     0  entry8b.o(.ARM.Collect$$$$0000000A)
    _main_init                               0x00000289   Thumb Code     0  entry9a.o(.ARM.Collect$$$$0000000B)
    __rt_final_cpp                           0x00000291   Thumb Code     0  entry10a.o(.ARM.Collect$$$$0000000D)
    __rt_final_exit                          0x00000291   Thumb Code     0  entry11a.o(.ARM.Collect$$$$0000000F)
    Reset_Handler                            0x00000295   Thumb Code    46  startup_hc32f46x.o(.text)
    IRQ133_Handler                           0x000002d5   Thumb Code     0  startup_hc32f46x.o(.text)
    IRQ134_Handler                           0x000002d5   Thumb Code     0  startup_hc32f46x.o(.text)
    IRQ135_Handler                           0x000002d5   Thumb Code     0  startup_hc32f46x.o(.text)
    __aeabi_uldivmod                         0x000002f1   Thumb Code    98  uldiv.o(.text)
    __aeabi_memcpy                           0x00000353   Thumb Code    36  memcpya.o(.text)
    __aeabi_memcpy4                          0x00000353   Thumb Code     0  memcpya.o(.text)
    __aeabi_memcpy8                          0x00000353   Thumb Code     0  memcpya.o(.text)
    __aeabi_memset                           0x00000377   Thumb Code    14  memseta.o(.text)
    __aeabi_memset4                          0x00000377   Thumb Code     0  memseta.o(.text)
    __aeabi_memset8                          0x00000377   Thumb Code     0  memseta.o(.text)
    __aeabi_memclr                           0x00000385   Thumb Code     4  memseta.o(.text)
    __aeabi_memclr4                          0x00000385   Thumb Code     0  memseta.o(.text)
    __aeabi_memclr8                          0x00000385   Thumb Code     0  memseta.o(.text)
    _memset$wrapper                          0x00000389   Thumb Code    18  memseta.o(.text)
    __aeabi_dmul                             0x0000039b   Thumb Code   228  dmul.o(.text)
    __aeabi_ddiv                             0x0000047f   Thumb Code   222  ddiv.o(.text)
    __aeabi_dcmple                           0x0000055d   Thumb Code    54  dcmple.o(.text)
    __aeabi_dcmpge                           0x00000593   Thumb Code    54  dcmpge.o(.text)
    __aeabi_ui2d                             0x000005c9   Thumb Code    26  dfltui.o(.text)
    __aeabi_d2uiz                            0x000005e3   Thumb Code    50  dfixui.o(.text)
    __aeabi_uidiv                            0x00000615   Thumb Code     0  uidiv.o(.text)
    __aeabi_uidivmod                         0x00000615   Thumb Code    44  uidiv.o(.text)
    __aeabi_llsl                             0x00000641   Thumb Code    30  llshl.o(.text)
    _ll_shift_l                              0x00000641   Thumb Code     0  llshl.o(.text)
    __aeabi_llsr                             0x0000065f   Thumb Code    32  llushr.o(.text)
    _ll_ushift_r                             0x0000065f   Thumb Code     0  llushr.o(.text)
    __I$use$fp                               0x0000067f   Thumb Code     0  iusefp.o(.text)
    _double_round                            0x0000067f   Thumb Code    30  depilogue.o(.text)
    _double_epilogue                         0x0000069d   Thumb Code   156  depilogue.o(.text)
    __aeabi_dadd                             0x00000739   Thumb Code   322  dadd.o(.text)
    __aeabi_dsub                             0x0000087b   Thumb Code     6  dadd.o(.text)
    __aeabi_drsub                            0x00000881   Thumb Code     6  dadd.o(.text)
    __aeabi_d2ulz                            0x00000887   Thumb Code    48  dfixul.o(.text)
    __aeabi_cdrcmple                         0x000008b9   Thumb Code    48  cdrcmple.o(.text)
    __scatterload                            0x000008e9   Thumb Code    28  init.o(.text)
    __scatterload_rt2                        0x000008e9   Thumb Code     0  init.o(.text)
    __aeabi_lasr                             0x0000090d   Thumb Code    36  llsshr.o(.text)
    _ll_sshift_r                             0x0000090d   Thumb Code     0  llsshr.o(.text)
    BusFault_Handler                         0x00000931   Thumb Code     8  hc32f46x_interrupts.o(.text.BusFault_Handler)
    CLK_GetClockFreq                         0x00000939   Thumb Code   224  hc32f46x_clk.o(.text.CLK_GetClockFreq)
    CLK_GetFlagStatus                        0x00000a19   Thumb Code    66  hc32f46x_clk.o(.text.CLK_GetFlagStatus)
    CLK_MpllCmd                              0x00000a5d   Thumb Code   196  hc32f46x_clk.o(.text.CLK_MpllCmd)
    CLK_MpllConfig                           0x00000b21   Thumb Code   160  hc32f46x_clk.o(.text.CLK_MpllConfig)
    CLK_SetPllSource                         0x00000bc1   Thumb Code    56  hc32f46x_clk.o(.text.CLK_SetPllSource)
    CLK_SetSysClkSource                      0x00000bf9   Thumb Code   328  hc32f46x_clk.o(.text.CLK_SetSysClkSource)
    CLK_SysClkConfig                         0x00000d41   Thumb Code   344  hc32f46x_clk.o(.text.CLK_SysClkConfig)
    CLK_XtalCmd                              0x00000e99   Thumb Code   228  hc32f46x_clk.o(.text.CLK_XtalCmd)
    CLK_XtalConfig                           0x00000f7d   Thumb Code    96  hc32f46x_clk.o(.text.CLK_XtalConfig)
    CoreMark                                 0x00000fe1   Thumb Code  1900  core_main.o(.text.CoreMark)
    Ddl_Delay1ms                             0x0000174d   Thumb Code   358  hc32f46x_utility.o(.text.Ddl_Delay1ms)
    DebugMon_Handler                         0x000018b5   Thumb Code     8  hc32f46x_interrupts.o(.text.DebugMon_Handler)
    DebugOutput                              0x000018bd   Thumb Code    42  hc32f46x_utility.o(.text.DebugOutput)
    EFM_FlashCmd                             0x000018e9   Thumb Code    24  hc32f46x_efm.o(.text.EFM_FlashCmd)
    EFM_GetFlagStatus                        0x00001901   Thumb Code    18  hc32f46x_efm.o(.text.EFM_GetFlagStatus)
    EFM_InstructionCacheCmd                  0x00001915   Thumb Code    26  hc32f46x_efm.o(.text.EFM_InstructionCacheCmd)
    EFM_Lock                                 0x00001931   Thumb Code    24  hc32f46x_efm.o(.text.EFM_Lock)
    EFM_SetLatency                           0x00001949   Thumb Code    18  hc32f46x_efm.o(.text.EFM_SetLatency)
    EFM_Unlock                               0x0000195d   Thumb Code    22  hc32f46x_efm.o(.text.EFM_Unlock)
    HardFaultHandler                         0x00001975   Thumb Code   168  segger_hardfaulthandler.o(.text.HardFaultHandler)
    IRQ000_Handler                           0x00001a1d   Thumb Code    18  hc32f46x_interrupts.o(.text.IRQ000_Handler)
    IRQ001_Handler                           0x00001a31   Thumb Code    18  hc32f46x_interrupts.o(.text.IRQ001_Handler)
    IRQ002_Handler                           0x00001a45   Thumb Code    18  hc32f46x_interrupts.o(.text.IRQ002_Handler)
    IRQ003_Handler                           0x00001a59   Thumb Code    18  hc32f46x_interrupts.o(.text.IRQ003_Handler)
    IRQ004_Handler                           0x00001a6d   Thumb Code    18  hc32f46x_interrupts.o(.text.IRQ004_Handler)
    IRQ005_Handler                           0x00001a81   Thumb Code    18  hc32f46x_interrupts.o(.text.IRQ005_Handler)
    IRQ006_Handler                           0x00001a95   Thumb Code    18  hc32f46x_interrupts.o(.text.IRQ006_Handler)
    IRQ007_Handler                           0x00001aa9   Thumb Code    18  hc32f46x_interrupts.o(.text.IRQ007_Handler)
    IRQ008_Handler                           0x00001abd   Thumb Code    18  hc32f46x_interrupts.o(.text.IRQ008_Handler)
    IRQ009_Handler                           0x00001ad1   Thumb Code    18  hc32f46x_interrupts.o(.text.IRQ009_Handler)
    IRQ010_Handler                           0x00001ae5   Thumb Code    18  hc32f46x_interrupts.o(.text.IRQ010_Handler)
    IRQ011_Handler                           0x00001af9   Thumb Code    18  hc32f46x_interrupts.o(.text.IRQ011_Handler)
    IRQ012_Handler                           0x00001b0d   Thumb Code    18  hc32f46x_interrupts.o(.text.IRQ012_Handler)
    IRQ013_Handler                           0x00001b21   Thumb Code    18  hc32f46x_interrupts.o(.text.IRQ013_Handler)
    IRQ014_Handler                           0x00001b35   Thumb Code    18  hc32f46x_interrupts.o(.text.IRQ014_Handler)
    IRQ015_Handler                           0x00001b49   Thumb Code    18  hc32f46x_interrupts.o(.text.IRQ015_Handler)
    IRQ016_Handler                           0x00001b5d   Thumb Code    18  hc32f46x_interrupts.o(.text.IRQ016_Handler)
    IRQ017_Handler                           0x00001b71   Thumb Code    18  hc32f46x_interrupts.o(.text.IRQ017_Handler)
    IRQ018_Handler                           0x00001b85   Thumb Code    18  hc32f46x_interrupts.o(.text.IRQ018_Handler)
    IRQ019_Handler                           0x00001b99   Thumb Code    18  hc32f46x_interrupts.o(.text.IRQ019_Handler)
    IRQ020_Handler                           0x00001bad   Thumb Code    18  hc32f46x_interrupts.o(.text.IRQ020_Handler)
    IRQ021_Handler                           0x00001bc1   Thumb Code    18  hc32f46x_interrupts.o(.text.IRQ021_Handler)
    IRQ022_Handler                           0x00001bd5   Thumb Code    18  hc32f46x_interrupts.o(.text.IRQ022_Handler)
    IRQ023_Handler                           0x00001be9   Thumb Code    18  hc32f46x_interrupts.o(.text.IRQ023_Handler)
    IRQ024_Handler                           0x00001bfd   Thumb Code    18  hc32f46x_interrupts.o(.text.IRQ024_Handler)
    IRQ025_Handler                           0x00001c11   Thumb Code    18  hc32f46x_interrupts.o(.text.IRQ025_Handler)
    IRQ026_Handler                           0x00001c25   Thumb Code    18  hc32f46x_interrupts.o(.text.IRQ026_Handler)
    IRQ027_Handler                           0x00001c39   Thumb Code    18  hc32f46x_interrupts.o(.text.IRQ027_Handler)
    IRQ028_Handler                           0x00001c4d   Thumb Code    18  hc32f46x_interrupts.o(.text.IRQ028_Handler)
    IRQ029_Handler                           0x00001c61   Thumb Code    18  hc32f46x_interrupts.o(.text.IRQ029_Handler)
    IRQ030_Handler                           0x00001c75   Thumb Code    18  hc32f46x_interrupts.o(.text.IRQ030_Handler)
    IRQ031_Handler                           0x00001c89   Thumb Code    18  hc32f46x_interrupts.o(.text.IRQ031_Handler)
    IRQ032_Handler                           0x00001c9d   Thumb Code    20  hc32f46x_interrupts.o(.text.IRQ032_Handler)
    IRQ033_Handler                           0x00001cb1   Thumb Code    20  hc32f46x_interrupts.o(.text.IRQ033_Handler)
    IRQ034_Handler                           0x00001cc5   Thumb Code    20  hc32f46x_interrupts.o(.text.IRQ034_Handler)
    IRQ035_Handler                           0x00001cd9   Thumb Code    20  hc32f46x_interrupts.o(.text.IRQ035_Handler)
    IRQ036_Handler                           0x00001ced   Thumb Code    20  hc32f46x_interrupts.o(.text.IRQ036_Handler)
    IRQ037_Handler                           0x00001d01   Thumb Code    20  hc32f46x_interrupts.o(.text.IRQ037_Handler)
    IRQ038_Handler                           0x00001d15   Thumb Code    20  hc32f46x_interrupts.o(.text.IRQ038_Handler)
    IRQ039_Handler                           0x00001d29   Thumb Code    20  hc32f46x_interrupts.o(.text.IRQ039_Handler)
    IRQ040_Handler                           0x00001d3d   Thumb Code    20  hc32f46x_interrupts.o(.text.IRQ040_Handler)
    IRQ041_Handler                           0x00001d51   Thumb Code    20  hc32f46x_interrupts.o(.text.IRQ041_Handler)
    IRQ042_Handler                           0x00001d65   Thumb Code    20  hc32f46x_interrupts.o(.text.IRQ042_Handler)
    IRQ043_Handler                           0x00001d79   Thumb Code    20  hc32f46x_interrupts.o(.text.IRQ043_Handler)
    IRQ044_Handler                           0x00001d8d   Thumb Code    20  hc32f46x_interrupts.o(.text.IRQ044_Handler)
    IRQ045_Handler                           0x00001da1   Thumb Code    20  hc32f46x_interrupts.o(.text.IRQ045_Handler)
    IRQ046_Handler                           0x00001db5   Thumb Code    20  hc32f46x_interrupts.o(.text.IRQ046_Handler)
    IRQ047_Handler                           0x00001dc9   Thumb Code    20  hc32f46x_interrupts.o(.text.IRQ047_Handler)
    IRQ048_Handler                           0x00001ddd   Thumb Code    20  hc32f46x_interrupts.o(.text.IRQ048_Handler)
    IRQ049_Handler                           0x00001df1   Thumb Code    20  hc32f46x_interrupts.o(.text.IRQ049_Handler)
    IRQ050_Handler                           0x00001e05   Thumb Code    20  hc32f46x_interrupts.o(.text.IRQ050_Handler)
    IRQ051_Handler                           0x00001e19   Thumb Code    20  hc32f46x_interrupts.o(.text.IRQ051_Handler)
    IRQ052_Handler                           0x00001e2d   Thumb Code    20  hc32f46x_interrupts.o(.text.IRQ052_Handler)
    IRQ053_Handler                           0x00001e41   Thumb Code    20  hc32f46x_interrupts.o(.text.IRQ053_Handler)
    IRQ054_Handler                           0x00001e55   Thumb Code    20  hc32f46x_interrupts.o(.text.IRQ054_Handler)
    IRQ055_Handler                           0x00001e69   Thumb Code    20  hc32f46x_interrupts.o(.text.IRQ055_Handler)
    IRQ056_Handler                           0x00001e7d   Thumb Code    20  hc32f46x_interrupts.o(.text.IRQ056_Handler)
    IRQ057_Handler                           0x00001e91   Thumb Code    20  hc32f46x_interrupts.o(.text.IRQ057_Handler)
    IRQ058_Handler                           0x00001ea5   Thumb Code    20  hc32f46x_interrupts.o(.text.IRQ058_Handler)
    IRQ059_Handler                           0x00001eb9   Thumb Code    20  hc32f46x_interrupts.o(.text.IRQ059_Handler)
    IRQ060_Handler                           0x00001ecd   Thumb Code    20  hc32f46x_interrupts.o(.text.IRQ060_Handler)
    IRQ061_Handler                           0x00001ee1   Thumb Code    20  hc32f46x_interrupts.o(.text.IRQ061_Handler)
    IRQ062_Handler                           0x00001ef5   Thumb Code    20  hc32f46x_interrupts.o(.text.IRQ062_Handler)
    IRQ063_Handler                           0x00001f09   Thumb Code    20  hc32f46x_interrupts.o(.text.IRQ063_Handler)
    IRQ064_Handler                           0x00001f1d   Thumb Code    20  hc32f46x_interrupts.o(.text.IRQ064_Handler)
    IRQ065_Handler                           0x00001f31   Thumb Code    20  hc32f46x_interrupts.o(.text.IRQ065_Handler)
    IRQ066_Handler                           0x00001f45   Thumb Code    20  hc32f46x_interrupts.o(.text.IRQ066_Handler)
    IRQ067_Handler                           0x00001f59   Thumb Code    20  hc32f46x_interrupts.o(.text.IRQ067_Handler)
    IRQ068_Handler                           0x00001f6d   Thumb Code    20  hc32f46x_interrupts.o(.text.IRQ068_Handler)
    IRQ069_Handler                           0x00001f81   Thumb Code    20  hc32f46x_interrupts.o(.text.IRQ069_Handler)
    IRQ070_Handler                           0x00001f95   Thumb Code    20  hc32f46x_interrupts.o(.text.IRQ070_Handler)
    IRQ071_Handler                           0x00001fa9   Thumb Code    20  hc32f46x_interrupts.o(.text.IRQ071_Handler)
    IRQ072_Handler                           0x00001fbd   Thumb Code    20  hc32f46x_interrupts.o(.text.IRQ072_Handler)
    IRQ073_Handler                           0x00001fd1   Thumb Code    20  hc32f46x_interrupts.o(.text.IRQ073_Handler)
    IRQ074_Handler                           0x00001fe5   Thumb Code    20  hc32f46x_interrupts.o(.text.IRQ074_Handler)
    IRQ075_Handler                           0x00001ff9   Thumb Code    20  hc32f46x_interrupts.o(.text.IRQ075_Handler)
    IRQ076_Handler                           0x0000200d   Thumb Code    20  hc32f46x_interrupts.o(.text.IRQ076_Handler)
    IRQ077_Handler                           0x00002021   Thumb Code    20  hc32f46x_interrupts.o(.text.IRQ077_Handler)
    IRQ078_Handler                           0x00002035   Thumb Code    20  hc32f46x_interrupts.o(.text.IRQ078_Handler)
    IRQ079_Handler                           0x00002049   Thumb Code    20  hc32f46x_interrupts.o(.text.IRQ079_Handler)
    IRQ080_Handler                           0x0000205d   Thumb Code    20  hc32f46x_interrupts.o(.text.IRQ080_Handler)
    IRQ081_Handler                           0x00002071   Thumb Code    20  hc32f46x_interrupts.o(.text.IRQ081_Handler)
    IRQ082_Handler                           0x00002085   Thumb Code    20  hc32f46x_interrupts.o(.text.IRQ082_Handler)
    IRQ083_Handler                           0x00002099   Thumb Code    20  hc32f46x_interrupts.o(.text.IRQ083_Handler)
    IRQ084_Handler                           0x000020ad   Thumb Code    20  hc32f46x_interrupts.o(.text.IRQ084_Handler)
    IRQ085_Handler                           0x000020c1   Thumb Code    20  hc32f46x_interrupts.o(.text.IRQ085_Handler)
    IRQ086_Handler                           0x000020d5   Thumb Code    20  hc32f46x_interrupts.o(.text.IRQ086_Handler)
    IRQ087_Handler                           0x000020e9   Thumb Code    20  hc32f46x_interrupts.o(.text.IRQ087_Handler)
    IRQ088_Handler                           0x000020fd   Thumb Code    20  hc32f46x_interrupts.o(.text.IRQ088_Handler)
    IRQ089_Handler                           0x00002111   Thumb Code    20  hc32f46x_interrupts.o(.text.IRQ089_Handler)
    IRQ090_Handler                           0x00002125   Thumb Code    20  hc32f46x_interrupts.o(.text.IRQ090_Handler)
    IRQ091_Handler                           0x00002139   Thumb Code    20  hc32f46x_interrupts.o(.text.IRQ091_Handler)
    IRQ092_Handler                           0x0000214d   Thumb Code    20  hc32f46x_interrupts.o(.text.IRQ092_Handler)
    IRQ093_Handler                           0x00002161   Thumb Code    20  hc32f46x_interrupts.o(.text.IRQ093_Handler)
    IRQ094_Handler                           0x00002175   Thumb Code    20  hc32f46x_interrupts.o(.text.IRQ094_Handler)
    IRQ095_Handler                           0x00002189   Thumb Code    20  hc32f46x_interrupts.o(.text.IRQ095_Handler)
    IRQ096_Handler                           0x0000219d   Thumb Code    20  hc32f46x_interrupts.o(.text.IRQ096_Handler)
    IRQ097_Handler                           0x000021b1   Thumb Code    20  hc32f46x_interrupts.o(.text.IRQ097_Handler)
    IRQ098_Handler                           0x000021c5   Thumb Code    20  hc32f46x_interrupts.o(.text.IRQ098_Handler)
    IRQ099_Handler                           0x000021d9   Thumb Code    20  hc32f46x_interrupts.o(.text.IRQ099_Handler)
    IRQ100_Handler                           0x000021ed   Thumb Code    20  hc32f46x_interrupts.o(.text.IRQ100_Handler)
    IRQ101_Handler                           0x00002201   Thumb Code    20  hc32f46x_interrupts.o(.text.IRQ101_Handler)
    IRQ102_Handler                           0x00002215   Thumb Code    20  hc32f46x_interrupts.o(.text.IRQ102_Handler)
    IRQ103_Handler                           0x00002229   Thumb Code    20  hc32f46x_interrupts.o(.text.IRQ103_Handler)
    IRQ104_Handler                           0x0000223d   Thumb Code    20  hc32f46x_interrupts.o(.text.IRQ104_Handler)
    IRQ105_Handler                           0x00002251   Thumb Code    20  hc32f46x_interrupts.o(.text.IRQ105_Handler)
    IRQ106_Handler                           0x00002265   Thumb Code    20  hc32f46x_interrupts.o(.text.IRQ106_Handler)
    IRQ107_Handler                           0x00002279   Thumb Code    20  hc32f46x_interrupts.o(.text.IRQ107_Handler)
    IRQ108_Handler                           0x0000228d   Thumb Code    20  hc32f46x_interrupts.o(.text.IRQ108_Handler)
    IRQ109_Handler                           0x000022a1   Thumb Code    20  hc32f46x_interrupts.o(.text.IRQ109_Handler)
    IRQ110_Handler                           0x000022b5   Thumb Code    20  hc32f46x_interrupts.o(.text.IRQ110_Handler)
    IRQ111_Handler                           0x000022c9   Thumb Code    20  hc32f46x_interrupts.o(.text.IRQ111_Handler)
    IRQ112_Handler                           0x000022dd   Thumb Code    20  hc32f46x_interrupts.o(.text.IRQ112_Handler)
    IRQ113_Handler                           0x000022f1   Thumb Code    20  hc32f46x_interrupts.o(.text.IRQ113_Handler)
    IRQ114_Handler                           0x00002305   Thumb Code    20  hc32f46x_interrupts.o(.text.IRQ114_Handler)
    IRQ115_Handler                           0x00002319   Thumb Code    20  hc32f46x_interrupts.o(.text.IRQ115_Handler)
    IRQ116_Handler                           0x0000232d   Thumb Code    20  hc32f46x_interrupts.o(.text.IRQ116_Handler)
    IRQ117_Handler                           0x00002341   Thumb Code    20  hc32f46x_interrupts.o(.text.IRQ117_Handler)
    IRQ118_Handler                           0x00002355   Thumb Code    20  hc32f46x_interrupts.o(.text.IRQ118_Handler)
    IRQ119_Handler                           0x00002369   Thumb Code    20  hc32f46x_interrupts.o(.text.IRQ119_Handler)
    IRQ120_Handler                           0x0000237d   Thumb Code    20  hc32f46x_interrupts.o(.text.IRQ120_Handler)
    IRQ121_Handler                           0x00002391   Thumb Code    20  hc32f46x_interrupts.o(.text.IRQ121_Handler)
    IRQ122_Handler                           0x000023a5   Thumb Code    20  hc32f46x_interrupts.o(.text.IRQ122_Handler)
    IRQ123_Handler                           0x000023b9   Thumb Code    20  hc32f46x_interrupts.o(.text.IRQ123_Handler)
    IRQ124_Handler                           0x000023cd   Thumb Code    20  hc32f46x_interrupts.o(.text.IRQ124_Handler)
    IRQ125_Handler                           0x000023e1   Thumb Code    20  hc32f46x_interrupts.o(.text.IRQ125_Handler)
    IRQ126_Handler                           0x000023f5   Thumb Code    20  hc32f46x_interrupts.o(.text.IRQ126_Handler)
    IRQ127_Handler                           0x00002409   Thumb Code    20  hc32f46x_interrupts.o(.text.IRQ127_Handler)
    IRQ128_Handler                           0x0000241d   Thumb Code   250  hc32f46x_interrupts.o(.text.IRQ128_Handler)
    IRQ129_Handler                           0x00002519   Thumb Code   892  hc32f46x_interrupts.o(.text.IRQ129_Handler)
    IRQ130_Handler                           0x00002895   Thumb Code   190  hc32f46x_interrupts.o(.text.IRQ130_Handler)
    IRQ131_Handler                           0x00002955   Thumb Code   536  hc32f46x_interrupts.o(.text.IRQ131_Handler)
    IRQ132_Handler                           0x00002b6d   Thumb Code   274  hc32f46x_interrupts.o(.text.IRQ132_Handler)
    IRQ136_Handler                           0x00002c81   Thumb Code   684  hc32f46x_interrupts.o(.text.IRQ136_Handler)
    IRQ137_Handler                           0x00002f2d   Thumb Code   680  hc32f46x_interrupts.o(.text.IRQ137_Handler)
    IRQ138_Handler                           0x000031d5   Thumb Code   406  hc32f46x_interrupts.o(.text.IRQ138_Handler)
    IRQ139_Handler                           0x0000336d   Thumb Code   212  hc32f46x_interrupts.o(.text.IRQ139_Handler)
    IRQ140_Handler                           0x00003441   Thumb Code   408  hc32f46x_interrupts.o(.text.IRQ140_Handler)
    IRQ141_Handler                           0x000035d9   Thumb Code   474  hc32f46x_interrupts.o(.text.IRQ141_Handler)
    IRQ142_Handler                           0x000037b5   Thumb Code   298  hc32f46x_interrupts.o(.text.IRQ142_Handler)
    IRQ143_Handler                           0x000038e1   Thumb Code   234  hc32f46x_interrupts.o(.text.IRQ143_Handler)
    MemManage_Handler                        0x000039cd   Thumb Code     8  hc32f46x_interrupts.o(.text.MemManage_Handler)
    NMI_Handler                              0x000039d5   Thumb Code     8  hc32f46x_interrupts.o(.text.NMI_Handler)
    PORT_SetFunc                             0x000039dd   Thumb Code   646  hc32f46x_gpio.o(.text.PORT_SetFunc)
    PWC_Fcg1PeriphClockCmd                   0x00003c65   Thumb Code    24  hc32f46x_pwc.o(.text.PWC_Fcg1PeriphClockCmd)
    PendSV_Handler                           0x00003c7d   Thumb Code     8  hc32f46x_interrupts.o(.text.PendSV_Handler)
    SEGGER_RTT_Init                          0x00003c85   Thumb Code   124  segger_rtt.o(.text.SEGGER_RTT_Init)
    SEGGER_RTT_Write                         0x00003d01   Thumb Code   190  segger_rtt.o(.text.SEGGER_RTT_Write)
    SEGGER_RTT_WriteNoLock                   0x00003dc1   Thumb Code   394  segger_rtt.o(.text.SEGGER_RTT_WriteNoLock)
    SEGGER_RTT_printf                        0x00003f4d   Thumb Code    30  segger_rtt_printf.o(.text.SEGGER_RTT_printf)
    SEGGER_RTT_vprintf                       0x00003f6d   Thumb Code  1708  segger_rtt_printf.o(.text.SEGGER_RTT_vprintf)
    SVC_Handler                              0x00004619   Thumb Code     8  hc32f46x_interrupts.o(.text.SVC_Handler)
    SysClkIni                                0x00004621   Thumb Code   120  myclk.o(.text.SysClkIni)
    SysTick_Handler                          0x00004699   Thumb Code     8  hc32f46x_interrupts.o(.text.SysTick_Handler)
    SysTick_IncTick                          0x000046a1   Thumb Code    18  hc32f46x_utility.o(.text.SysTick_IncTick)
    SysTick_Init                             0x000046b5   Thumb Code    78  hc32f46x_utility.o(.text.SysTick_Init)
    SysTick_Init_hc32                        0x00004705   Thumb Code    58  main.o(.text.SysTick_Init_hc32)
    SysTick_IrqHandler                       0x00004741   Thumb Code    18  main.o(.text.SysTick_IrqHandler)
    SysTick_Stop_time                        0x00004755   Thumb Code    22  main.o(.text.SysTick_Stop_time)
    SystemCoreClockUpdate                    0x0000476d   Thumb Code   164  system_hc32f46x.o(.text.SystemCoreClockUpdate)
    SystemInit                               0x00004811   Thumb Code   180  system_hc32f46x.o(.text.SystemInit)
    USART_FuncCmd                            0x000048c5   Thumb Code   412  hc32f46x_usart.o(.text.USART_FuncCmd)
    USART_RecData                            0x00004a61   Thumb Code     8  hc32f46x_usart.o(.text.USART_RecData)
    USART_SetBaudrate                        0x00004a69   Thumb Code   968  hc32f46x_usart.o(.text.USART_SetBaudrate)
    USART_UART_Init                          0x00004e31   Thumb Code   330  hc32f46x_usart.o(.text.USART_UART_Init)
    UsageFault_Handler                       0x00004f7d   Thumb Code     8  hc32f46x_interrupts.o(.text.UsageFault_Handler)
    app                                      0x00005141   Thumb Code     2  app.o(.text.app)
    calc_func                                0x00005145   Thumb Code   136  core_list_join.o(.text.calc_func)
    check_data_types                         0x000051cd   Thumb Code     4  core_util.o(.text.check_data_types)
    clk_test                                 0x000051d1   Thumb Code   332  myclk.o(.text.clk_test)
    core_bench_list                          0x0000531d   Thumb Code  1150  core_list_join.o(.text.core_bench_list)
    core_bench_matrix                        0x0000579d   Thumb Code    38  core_matrix.o(.text.core_bench_matrix)
    core_bench_state                         0x000057c5   Thumb Code   562  core_state.o(.text.core_bench_state)
    core_init_matrix                         0x000059f9   Thumb Code   616  core_matrix.o(.text.core_init_matrix)
    core_init_state                          0x00005c61   Thumb Code   328  core_state.o(.text.core_init_state)
    core_list_init                           0x00005da9   Thumb Code   958  core_list_join.o(.text.core_list_init)
    core_state_transition                    0x00006169   Thumb Code   510  core_state.o(.text.core_state_transition)
    crc16                                    0x00006369   Thumb Code     6  core_util.o(.text.crc16)
    crcu16                                   0x00006371   Thumb Code   278  core_util.o(.text.crcu16)
    crcu32                                   0x00006489   Thumb Code    22  core_util.o(.text.crcu32)
    enIrqRegistration                        0x000064a1   Thumb Code   124  hc32f46x_interrupts.o(.text.enIrqRegistration)
    fputc                                    0x0000651d   Thumb Code    14  main.o(.text.fputc)
    get_seed_32                              0x0000652d   Thumb Code    40  core_util.o(.text.get_seed_32)
    get_time                                 0x00006555   Thumb Code    12  core_portme.o(.text.get_time)
    main                                     0x00006561   Thumb Code   260  main.o(.text.main)
    matrix_test                              0x00006665   Thumb Code  3782  core_matrix.o(.text.matrix_test)
    portable_fini                            0x0000752d   Thumb Code     6  core_portme.o(.text.portable_fini)
    portable_init                            0x00007535   Thumb Code     6  core_portme.o(.text.portable_init)
    read_uid                                 0x0000753d   Thumb Code   204  main.o(.text.read_uid)
    start_time                               0x00007609   Thumb Code    20  core_portme.o(.text.start_time)
    stop_time                                0x0000761d   Thumb Code     4  core_portme.o(.text.stop_time)
    time_in_secs                             0x00007621   Thumb Code    32  core_portme.o(.text.time_in_secs)
    usart_init                               0x0000764d   Thumb Code   404  myusart.o(.text.usart_init)
    HardFault_Handler                        0x000077e1   Thumb Code     0  hardfaulthandler.o(OSKERNEL)
    __0printf                                0x000077f5   Thumb Code    22  printfa.o(i.__0printf)
    __1printf                                0x000077f5   Thumb Code     0  printfa.o(i.__0printf)
    __2printf                                0x000077f5   Thumb Code     0  printfa.o(i.__0printf)
    __c89printf                              0x000077f5   Thumb Code     0  printfa.o(i.__0printf)
    printf                                   0x000077f5   Thumb Code     0  printfa.o(i.__0printf)
    __scatterload_copy                       0x00007815   Thumb Code    14  handlers.o(i.__scatterload_copy)
    __scatterload_null                       0x00007823   Thumb Code     2  handlers.o(i.__scatterload_null)
    __scatterload_zeroinit                   0x00007825   Thumb Code    14  handlers.o(i.__scatterload_zeroinit)
    putchar                                  0x000080e9   Thumb Code     6  putchar.o(i.putchar)
    puts                                     0x000080f5   Thumb Code    30  puts.o(i.puts)
    Region$$Table$$Base                      0x000085f8   Number         0  anon$$obj.o(Region$$Table)
    Region$$Table$$Limit                     0x00008618   Number         0  anon$$obj.o(Region$$Table)
    __stdout                                 0x1fff8000   Data           4  stdout.o(.data)
    HRC_VALUE                                0x1fff8004   Data           4  system_hc32f46x.o(.data..L_MergedGlobals)
    SystemCoreClock                          0x1fff8008   Data           4  system_hc32f46x.o(.data..L_MergedGlobals)
    default_num_contexts                     0x1fff800c   Data           4  core_portme.o(.data.default_num_contexts)
    seed3_volatile                           0x1fff8010   Data           4  core_portme.o(.data.seed3_volatile)
    seed4_volatile                           0x1fff8014   Data           4  core_portme.o(.data.seed4_volatile)
    IrqHandler                               0x1fff8078   Data         512  hc32f46x_interrupts.o(.bss.IrqHandler)
    Tick                                     0x1fff8278   Data           4  core_portme.o(.bss.Tick)
    _SEGGER_RTT                              0x1fff827c   Data         120  segger_rtt.o(.bss._SEGGER_RTT)
    seed1_volatile                           0x1fff92f4   Data           4  core_portme.o(.bss.seed1_volatile)
    seed2_volatile                           0x1fff92f8   Data           4  core_portme.o(.bss.seed2_volatile)
    seed5_volatile                           0x1fff92fc   Data           4  core_portme.o(.bss.seed5_volatile)
    __initial_sp                             0x20001300   Data           0  startup_hc32f46x.o(STACK)



==============================================================================

Memory Map of the image

  Image Entry point : 0x00000281

  Load Region LR_IROM1 (Base: 0x00000000, Size: 0x00008630, Max: 0x00080000, ABSOLUTE)

    Execution Region ER_IROM1 (Exec base: 0x00000000, Load base: 0x00000000, Size: 0x00008618, Max: 0x00080000, ABSOLUTE)

    Exec Addr    Load Addr    Size         Type   Attr      Idx    E Section Name        Object

    0x00000000   0x00000000   0x00000280   Data   RO           70    RESET               startup_hc32f46x.o
    0x00000280   0x00000280   0x00000000   Code   RO         1313  * .ARM.Collect$$$$00000000  mc_w.l(entry.o)
    0x00000280   0x00000280   0x00000004   Code   RO         1605    .ARM.Collect$$$$00000001  mc_w.l(entry2.o)
    0x00000284   0x00000284   0x00000004   Code   RO         1608    .ARM.Collect$$$$00000004  mc_w.l(entry5.o)
    0x00000288   0x00000288   0x00000000   Code   RO         1610    .ARM.Collect$$$$00000008  mc_w.l(entry7b.o)
    0x00000288   0x00000288   0x00000000   Code   RO         1612    .ARM.Collect$$$$0000000A  mc_w.l(entry8b.o)
    0x00000288   0x00000288   0x00000008   Code   RO         1613    .ARM.Collect$$$$0000000B  mc_w.l(entry9a.o)
    0x00000290   0x00000290   0x00000000   Code   RO         1615    .ARM.Collect$$$$0000000D  mc_w.l(entry10a.o)
    0x00000290   0x00000290   0x00000000   Code   RO         1617    .ARM.Collect$$$$0000000F  mc_w.l(entry11a.o)
    0x00000290   0x00000290   0x00000004   Code   RO         1606    .ARM.Collect$$$$00002712  mc_w.l(entry2.o)
    0x00000294   0x00000294   0x0000005c   Code   RO           71    .text               startup_hc32f46x.o
    0x000002f0   0x000002f0   0x00000062   Code   RO         1322    .text               mc_w.l(uldiv.o)
    0x00000352   0x00000352   0x00000024   Code   RO         1324    .text               mc_w.l(memcpya.o)
    0x00000376   0x00000376   0x00000024   Code   RO         1326    .text               mc_w.l(memseta.o)
    0x0000039a   0x0000039a   0x000000e4   Code   RO         1593    .text               mf_w.l(dmul.o)
    0x0000047e   0x0000047e   0x000000de   Code   RO         1595    .text               mf_w.l(ddiv.o)
    0x0000055c   0x0000055c   0x00000036   Code   RO         1597    .text               mf_w.l(dcmple.o)
    0x00000592   0x00000592   0x00000036   Code   RO         1599    .text               mf_w.l(dcmpge.o)
    0x000005c8   0x000005c8   0x0000001a   Code   RO         1601    .text               mf_w.l(dfltui.o)
    0x000005e2   0x000005e2   0x00000032   Code   RO         1603    .text               mf_w.l(dfixui.o)
    0x00000614   0x00000614   0x0000002c   Code   RO         1620    .text               mc_w.l(uidiv.o)
    0x00000640   0x00000640   0x0000001e   Code   RO         1622    .text               mc_w.l(llshl.o)
    0x0000065e   0x0000065e   0x00000020   Code   RO         1624    .text               mc_w.l(llushr.o)
    0x0000067e   0x0000067e   0x00000000   Code   RO         1626    .text               mc_w.l(iusefp.o)
    0x0000067e   0x0000067e   0x000000ba   Code   RO         1627    .text               mf_w.l(depilogue.o)
    0x00000738   0x00000738   0x0000014e   Code   RO         1629    .text               mf_w.l(dadd.o)
    0x00000886   0x00000886   0x00000030   Code   RO         1631    .text               mf_w.l(dfixul.o)
    0x000008b6   0x000008b6   0x00000002   PAD
    0x000008b8   0x000008b8   0x00000030   Code   RO         1633    .text               mf_w.l(cdrcmple.o)
    0x000008e8   0x000008e8   0x00000024   Code   RO         1635    .text               mc_w.l(init.o)
    0x0000090c   0x0000090c   0x00000024   Code   RO         1637    .text               mc_w.l(llsshr.o)
    0x00000930   0x00000930   0x00000008   Code   RO          121    .text.BusFault_Handler  hc32f46x_interrupts.o
    0x00000938   0x00000938   0x000000e0   Code   RO          497    .text.CLK_GetClockFreq  hc32f46x_clk.o
    0x00000a18   0x00000a18   0x00000042   Code   RO          463    .text.CLK_GetFlagStatus  hc32f46x_clk.o
    0x00000a5a   0x00000a5a   0x00000002   PAD
    0x00000a5c   0x00000a5c   0x000000c4   Code   RO          485    .text.CLK_MpllCmd   hc32f46x_clk.o
    0x00000b20   0x00000b20   0x000000a0   Code   RO          483    .text.CLK_MpllConfig  hc32f46x_clk.o
    0x00000bc0   0x00000bc0   0x00000038   Code   RO          481    .text.CLK_SetPllSource  hc32f46x_clk.o
    0x00000bf8   0x00000bf8   0x00000148   Code   RO          491    .text.CLK_SetSysClkSource  hc32f46x_clk.o
    0x00000d40   0x00000d40   0x00000158   Code   RO          495    .text.CLK_SysClkConfig  hc32f46x_clk.o
    0x00000e98   0x00000e98   0x000000e4   Code   RO          461    .text.CLK_XtalCmd   hc32f46x_clk.o
    0x00000f7c   0x00000f7c   0x00000060   Code   RO          455    .text.CLK_XtalConfig  hc32f46x_clk.o
    0x00000fdc   0x00000fdc   0x00000004   PAD
    0x00000fe0   0x00000fe0   0x0000076c   Code   RO         1207    .text.CoreMark      core_main.o
    0x0000174c   0x0000174c   0x00000166   Code   RO          430    .text.Ddl_Delay1ms  hc32f46x_utility.o
    0x000018b2   0x000018b2   0x00000002   PAD
    0x000018b4   0x000018b4   0x00000008   Code   RO          127    .text.DebugMon_Handler  hc32f46x_interrupts.o
    0x000018bc   0x000018bc   0x0000002a   Code   RO          424    .text.DebugOutput   hc32f46x_utility.o
    0x000018e6   0x000018e6   0x00000002   PAD
    0x000018e8   0x000018e8   0x00000018   Code   RO          613    .text.EFM_FlashCmd  hc32f46x_efm.o
    0x00001900   0x00001900   0x00000012   Code   RO          629    .text.EFM_GetFlagStatus  hc32f46x_efm.o
    0x00001912   0x00001912   0x00000002   PAD
    0x00001914   0x00001914   0x0000001a   Code   RO          617    .text.EFM_InstructionCacheCmd  hc32f46x_efm.o
    0x0000192e   0x0000192e   0x00000002   PAD
    0x00001930   0x00001930   0x00000018   Code   RO          611    .text.EFM_Lock      hc32f46x_efm.o
    0x00001948   0x00001948   0x00000012   Code   RO          615    .text.EFM_SetLatency  hc32f46x_efm.o
    0x0000195a   0x0000195a   0x00000002   PAD
    0x0000195c   0x0000195c   0x00000016   Code   RO          609    .text.EFM_Unlock    hc32f46x_efm.o
    0x00001972   0x00001972   0x00000002   PAD
    0x00001974   0x00001974   0x000000a8   Code   RO         1071    .text.HardFaultHandler  segger_hardfaulthandler.o
    0x00001a1c   0x00001a1c   0x00000012   Code   RO          133    .text.IRQ000_Handler  hc32f46x_interrupts.o
    0x00001a2e   0x00001a2e   0x00000002   PAD
    0x00001a30   0x00001a30   0x00000012   Code   RO          135    .text.IRQ001_Handler  hc32f46x_interrupts.o
    0x00001a42   0x00001a42   0x00000002   PAD
    0x00001a44   0x00001a44   0x00000012   Code   RO          137    .text.IRQ002_Handler  hc32f46x_interrupts.o
    0x00001a56   0x00001a56   0x00000002   PAD
    0x00001a58   0x00001a58   0x00000012   Code   RO          139    .text.IRQ003_Handler  hc32f46x_interrupts.o
    0x00001a6a   0x00001a6a   0x00000002   PAD
    0x00001a6c   0x00001a6c   0x00000012   Code   RO          141    .text.IRQ004_Handler  hc32f46x_interrupts.o
    0x00001a7e   0x00001a7e   0x00000002   PAD
    0x00001a80   0x00001a80   0x00000012   Code   RO          143    .text.IRQ005_Handler  hc32f46x_interrupts.o
    0x00001a92   0x00001a92   0x00000002   PAD
    0x00001a94   0x00001a94   0x00000012   Code   RO          145    .text.IRQ006_Handler  hc32f46x_interrupts.o
    0x00001aa6   0x00001aa6   0x00000002   PAD
    0x00001aa8   0x00001aa8   0x00000012   Code   RO          147    .text.IRQ007_Handler  hc32f46x_interrupts.o
    0x00001aba   0x00001aba   0x00000002   PAD
    0x00001abc   0x00001abc   0x00000012   Code   RO          149    .text.IRQ008_Handler  hc32f46x_interrupts.o
    0x00001ace   0x00001ace   0x00000002   PAD
    0x00001ad0   0x00001ad0   0x00000012   Code   RO          151    .text.IRQ009_Handler  hc32f46x_interrupts.o
    0x00001ae2   0x00001ae2   0x00000002   PAD
    0x00001ae4   0x00001ae4   0x00000012   Code   RO          153    .text.IRQ010_Handler  hc32f46x_interrupts.o
    0x00001af6   0x00001af6   0x00000002   PAD
    0x00001af8   0x00001af8   0x00000012   Code   RO          155    .text.IRQ011_Handler  hc32f46x_interrupts.o
    0x00001b0a   0x00001b0a   0x00000002   PAD
    0x00001b0c   0x00001b0c   0x00000012   Code   RO          157    .text.IRQ012_Handler  hc32f46x_interrupts.o
    0x00001b1e   0x00001b1e   0x00000002   PAD
    0x00001b20   0x00001b20   0x00000012   Code   RO          159    .text.IRQ013_Handler  hc32f46x_interrupts.o
    0x00001b32   0x00001b32   0x00000002   PAD
    0x00001b34   0x00001b34   0x00000012   Code   RO          161    .text.IRQ014_Handler  hc32f46x_interrupts.o
    0x00001b46   0x00001b46   0x00000002   PAD
    0x00001b48   0x00001b48   0x00000012   Code   RO          163    .text.IRQ015_Handler  hc32f46x_interrupts.o
    0x00001b5a   0x00001b5a   0x00000002   PAD
    0x00001b5c   0x00001b5c   0x00000012   Code   RO          165    .text.IRQ016_Handler  hc32f46x_interrupts.o
    0x00001b6e   0x00001b6e   0x00000002   PAD
    0x00001b70   0x00001b70   0x00000012   Code   RO          167    .text.IRQ017_Handler  hc32f46x_interrupts.o
    0x00001b82   0x00001b82   0x00000002   PAD
    0x00001b84   0x00001b84   0x00000012   Code   RO          169    .text.IRQ018_Handler  hc32f46x_interrupts.o
    0x00001b96   0x00001b96   0x00000002   PAD
    0x00001b98   0x00001b98   0x00000012   Code   RO          171    .text.IRQ019_Handler  hc32f46x_interrupts.o
    0x00001baa   0x00001baa   0x00000002   PAD
    0x00001bac   0x00001bac   0x00000012   Code   RO          173    .text.IRQ020_Handler  hc32f46x_interrupts.o
    0x00001bbe   0x00001bbe   0x00000002   PAD
    0x00001bc0   0x00001bc0   0x00000012   Code   RO          175    .text.IRQ021_Handler  hc32f46x_interrupts.o
    0x00001bd2   0x00001bd2   0x00000002   PAD
    0x00001bd4   0x00001bd4   0x00000012   Code   RO          177    .text.IRQ022_Handler  hc32f46x_interrupts.o
    0x00001be6   0x00001be6   0x00000002   PAD
    0x00001be8   0x00001be8   0x00000012   Code   RO          179    .text.IRQ023_Handler  hc32f46x_interrupts.o
    0x00001bfa   0x00001bfa   0x00000002   PAD
    0x00001bfc   0x00001bfc   0x00000012   Code   RO          181    .text.IRQ024_Handler  hc32f46x_interrupts.o
    0x00001c0e   0x00001c0e   0x00000002   PAD
    0x00001c10   0x00001c10   0x00000012   Code   RO          183    .text.IRQ025_Handler  hc32f46x_interrupts.o
    0x00001c22   0x00001c22   0x00000002   PAD
    0x00001c24   0x00001c24   0x00000012   Code   RO          185    .text.IRQ026_Handler  hc32f46x_interrupts.o
    0x00001c36   0x00001c36   0x00000002   PAD
    0x00001c38   0x00001c38   0x00000012   Code   RO          187    .text.IRQ027_Handler  hc32f46x_interrupts.o
    0x00001c4a   0x00001c4a   0x00000002   PAD
    0x00001c4c   0x00001c4c   0x00000012   Code   RO          189    .text.IRQ028_Handler  hc32f46x_interrupts.o
    0x00001c5e   0x00001c5e   0x00000002   PAD
    0x00001c60   0x00001c60   0x00000012   Code   RO          191    .text.IRQ029_Handler  hc32f46x_interrupts.o
    0x00001c72   0x00001c72   0x00000002   PAD
    0x00001c74   0x00001c74   0x00000012   Code   RO          193    .text.IRQ030_Handler  hc32f46x_interrupts.o
    0x00001c86   0x00001c86   0x00000002   PAD
    0x00001c88   0x00001c88   0x00000012   Code   RO          195    .text.IRQ031_Handler  hc32f46x_interrupts.o
    0x00001c9a   0x00001c9a   0x00000002   PAD
    0x00001c9c   0x00001c9c   0x00000014   Code   RO          197    .text.IRQ032_Handler  hc32f46x_interrupts.o
    0x00001cb0   0x00001cb0   0x00000014   Code   RO          199    .text.IRQ033_Handler  hc32f46x_interrupts.o
    0x00001cc4   0x00001cc4   0x00000014   Code   RO          201    .text.IRQ034_Handler  hc32f46x_interrupts.o
    0x00001cd8   0x00001cd8   0x00000014   Code   RO          203    .text.IRQ035_Handler  hc32f46x_interrupts.o
    0x00001cec   0x00001cec   0x00000014   Code   RO          205    .text.IRQ036_Handler  hc32f46x_interrupts.o
    0x00001d00   0x00001d00   0x00000014   Code   RO          207    .text.IRQ037_Handler  hc32f46x_interrupts.o
    0x00001d14   0x00001d14   0x00000014   Code   RO          209    .text.IRQ038_Handler  hc32f46x_interrupts.o
    0x00001d28   0x00001d28   0x00000014   Code   RO          211    .text.IRQ039_Handler  hc32f46x_interrupts.o
    0x00001d3c   0x00001d3c   0x00000014   Code   RO          213    .text.IRQ040_Handler  hc32f46x_interrupts.o
    0x00001d50   0x00001d50   0x00000014   Code   RO          215    .text.IRQ041_Handler  hc32f46x_interrupts.o
    0x00001d64   0x00001d64   0x00000014   Code   RO          217    .text.IRQ042_Handler  hc32f46x_interrupts.o
    0x00001d78   0x00001d78   0x00000014   Code   RO          219    .text.IRQ043_Handler  hc32f46x_interrupts.o
    0x00001d8c   0x00001d8c   0x00000014   Code   RO          221    .text.IRQ044_Handler  hc32f46x_interrupts.o
    0x00001da0   0x00001da0   0x00000014   Code   RO          223    .text.IRQ045_Handler  hc32f46x_interrupts.o
    0x00001db4   0x00001db4   0x00000014   Code   RO          225    .text.IRQ046_Handler  hc32f46x_interrupts.o
    0x00001dc8   0x00001dc8   0x00000014   Code   RO          227    .text.IRQ047_Handler  hc32f46x_interrupts.o
    0x00001ddc   0x00001ddc   0x00000014   Code   RO          229    .text.IRQ048_Handler  hc32f46x_interrupts.o
    0x00001df0   0x00001df0   0x00000014   Code   RO          231    .text.IRQ049_Handler  hc32f46x_interrupts.o
    0x00001e04   0x00001e04   0x00000014   Code   RO          233    .text.IRQ050_Handler  hc32f46x_interrupts.o
    0x00001e18   0x00001e18   0x00000014   Code   RO          235    .text.IRQ051_Handler  hc32f46x_interrupts.o
    0x00001e2c   0x00001e2c   0x00000014   Code   RO          237    .text.IRQ052_Handler  hc32f46x_interrupts.o
    0x00001e40   0x00001e40   0x00000014   Code   RO          239    .text.IRQ053_Handler  hc32f46x_interrupts.o
    0x00001e54   0x00001e54   0x00000014   Code   RO          241    .text.IRQ054_Handler  hc32f46x_interrupts.o
    0x00001e68   0x00001e68   0x00000014   Code   RO          243    .text.IRQ055_Handler  hc32f46x_interrupts.o
    0x00001e7c   0x00001e7c   0x00000014   Code   RO          245    .text.IRQ056_Handler  hc32f46x_interrupts.o
    0x00001e90   0x00001e90   0x00000014   Code   RO          247    .text.IRQ057_Handler  hc32f46x_interrupts.o
    0x00001ea4   0x00001ea4   0x00000014   Code   RO          249    .text.IRQ058_Handler  hc32f46x_interrupts.o
    0x00001eb8   0x00001eb8   0x00000014   Code   RO          251    .text.IRQ059_Handler  hc32f46x_interrupts.o
    0x00001ecc   0x00001ecc   0x00000014   Code   RO          253    .text.IRQ060_Handler  hc32f46x_interrupts.o
    0x00001ee0   0x00001ee0   0x00000014   Code   RO          255    .text.IRQ061_Handler  hc32f46x_interrupts.o
    0x00001ef4   0x00001ef4   0x00000014   Code   RO          257    .text.IRQ062_Handler  hc32f46x_interrupts.o
    0x00001f08   0x00001f08   0x00000014   Code   RO          259    .text.IRQ063_Handler  hc32f46x_interrupts.o
    0x00001f1c   0x00001f1c   0x00000014   Code   RO          261    .text.IRQ064_Handler  hc32f46x_interrupts.o
    0x00001f30   0x00001f30   0x00000014   Code   RO          263    .text.IRQ065_Handler  hc32f46x_interrupts.o
    0x00001f44   0x00001f44   0x00000014   Code   RO          265    .text.IRQ066_Handler  hc32f46x_interrupts.o
    0x00001f58   0x00001f58   0x00000014   Code   RO          267    .text.IRQ067_Handler  hc32f46x_interrupts.o
    0x00001f6c   0x00001f6c   0x00000014   Code   RO          269    .text.IRQ068_Handler  hc32f46x_interrupts.o
    0x00001f80   0x00001f80   0x00000014   Code   RO          271    .text.IRQ069_Handler  hc32f46x_interrupts.o
    0x00001f94   0x00001f94   0x00000014   Code   RO          273    .text.IRQ070_Handler  hc32f46x_interrupts.o
    0x00001fa8   0x00001fa8   0x00000014   Code   RO          275    .text.IRQ071_Handler  hc32f46x_interrupts.o
    0x00001fbc   0x00001fbc   0x00000014   Code   RO          277    .text.IRQ072_Handler  hc32f46x_interrupts.o
    0x00001fd0   0x00001fd0   0x00000014   Code   RO          279    .text.IRQ073_Handler  hc32f46x_interrupts.o
    0x00001fe4   0x00001fe4   0x00000014   Code   RO          281    .text.IRQ074_Handler  hc32f46x_interrupts.o
    0x00001ff8   0x00001ff8   0x00000014   Code   RO          283    .text.IRQ075_Handler  hc32f46x_interrupts.o
    0x0000200c   0x0000200c   0x00000014   Code   RO          285    .text.IRQ076_Handler  hc32f46x_interrupts.o
    0x00002020   0x00002020   0x00000014   Code   RO          287    .text.IRQ077_Handler  hc32f46x_interrupts.o
    0x00002034   0x00002034   0x00000014   Code   RO          289    .text.IRQ078_Handler  hc32f46x_interrupts.o
    0x00002048   0x00002048   0x00000014   Code   RO          291    .text.IRQ079_Handler  hc32f46x_interrupts.o
    0x0000205c   0x0000205c   0x00000014   Code   RO          293    .text.IRQ080_Handler  hc32f46x_interrupts.o
    0x00002070   0x00002070   0x00000014   Code   RO          295    .text.IRQ081_Handler  hc32f46x_interrupts.o
    0x00002084   0x00002084   0x00000014   Code   RO          297    .text.IRQ082_Handler  hc32f46x_interrupts.o
    0x00002098   0x00002098   0x00000014   Code   RO          299    .text.IRQ083_Handler  hc32f46x_interrupts.o
    0x000020ac   0x000020ac   0x00000014   Code   RO          301    .text.IRQ084_Handler  hc32f46x_interrupts.o
    0x000020c0   0x000020c0   0x00000014   Code   RO          303    .text.IRQ085_Handler  hc32f46x_interrupts.o
    0x000020d4   0x000020d4   0x00000014   Code   RO          305    .text.IRQ086_Handler  hc32f46x_interrupts.o
    0x000020e8   0x000020e8   0x00000014   Code   RO          307    .text.IRQ087_Handler  hc32f46x_interrupts.o
    0x000020fc   0x000020fc   0x00000014   Code   RO          309    .text.IRQ088_Handler  hc32f46x_interrupts.o
    0x00002110   0x00002110   0x00000014   Code   RO          311    .text.IRQ089_Handler  hc32f46x_interrupts.o
    0x00002124   0x00002124   0x00000014   Code   RO          313    .text.IRQ090_Handler  hc32f46x_interrupts.o
    0x00002138   0x00002138   0x00000014   Code   RO          315    .text.IRQ091_Handler  hc32f46x_interrupts.o
    0x0000214c   0x0000214c   0x00000014   Code   RO          317    .text.IRQ092_Handler  hc32f46x_interrupts.o
    0x00002160   0x00002160   0x00000014   Code   RO          319    .text.IRQ093_Handler  hc32f46x_interrupts.o
    0x00002174   0x00002174   0x00000014   Code   RO          321    .text.IRQ094_Handler  hc32f46x_interrupts.o
    0x00002188   0x00002188   0x00000014   Code   RO          323    .text.IRQ095_Handler  hc32f46x_interrupts.o
    0x0000219c   0x0000219c   0x00000014   Code   RO          325    .text.IRQ096_Handler  hc32f46x_interrupts.o
    0x000021b0   0x000021b0   0x00000014   Code   RO          327    .text.IRQ097_Handler  hc32f46x_interrupts.o
    0x000021c4   0x000021c4   0x00000014   Code   RO          329    .text.IRQ098_Handler  hc32f46x_interrupts.o
    0x000021d8   0x000021d8   0x00000014   Code   RO          331    .text.IRQ099_Handler  hc32f46x_interrupts.o
    0x000021ec   0x000021ec   0x00000014   Code   RO          333    .text.IRQ100_Handler  hc32f46x_interrupts.o
    0x00002200   0x00002200   0x00000014   Code   RO          335    .text.IRQ101_Handler  hc32f46x_interrupts.o
    0x00002214   0x00002214   0x00000014   Code   RO          337    .text.IRQ102_Handler  hc32f46x_interrupts.o
    0x00002228   0x00002228   0x00000014   Code   RO          339    .text.IRQ103_Handler  hc32f46x_interrupts.o
    0x0000223c   0x0000223c   0x00000014   Code   RO          341    .text.IRQ104_Handler  hc32f46x_interrupts.o
    0x00002250   0x00002250   0x00000014   Code   RO          343    .text.IRQ105_Handler  hc32f46x_interrupts.o
    0x00002264   0x00002264   0x00000014   Code   RO          345    .text.IRQ106_Handler  hc32f46x_interrupts.o
    0x00002278   0x00002278   0x00000014   Code   RO          347    .text.IRQ107_Handler  hc32f46x_interrupts.o
    0x0000228c   0x0000228c   0x00000014   Code   RO          349    .text.IRQ108_Handler  hc32f46x_interrupts.o
    0x000022a0   0x000022a0   0x00000014   Code   RO          351    .text.IRQ109_Handler  hc32f46x_interrupts.o
    0x000022b4   0x000022b4   0x00000014   Code   RO          353    .text.IRQ110_Handler  hc32f46x_interrupts.o
    0x000022c8   0x000022c8   0x00000014   Code   RO          355    .text.IRQ111_Handler  hc32f46x_interrupts.o
    0x000022dc   0x000022dc   0x00000014   Code   RO          357    .text.IRQ112_Handler  hc32f46x_interrupts.o
    0x000022f0   0x000022f0   0x00000014   Code   RO          359    .text.IRQ113_Handler  hc32f46x_interrupts.o
    0x00002304   0x00002304   0x00000014   Code   RO          361    .text.IRQ114_Handler  hc32f46x_interrupts.o
    0x00002318   0x00002318   0x00000014   Code   RO          363    .text.IRQ115_Handler  hc32f46x_interrupts.o
    0x0000232c   0x0000232c   0x00000014   Code   RO          365    .text.IRQ116_Handler  hc32f46x_interrupts.o
    0x00002340   0x00002340   0x00000014   Code   RO          367    .text.IRQ117_Handler  hc32f46x_interrupts.o
    0x00002354   0x00002354   0x00000014   Code   RO          369    .text.IRQ118_Handler  hc32f46x_interrupts.o
    0x00002368   0x00002368   0x00000014   Code   RO          371    .text.IRQ119_Handler  hc32f46x_interrupts.o
    0x0000237c   0x0000237c   0x00000014   Code   RO          373    .text.IRQ120_Handler  hc32f46x_interrupts.o
    0x00002390   0x00002390   0x00000014   Code   RO          375    .text.IRQ121_Handler  hc32f46x_interrupts.o
    0x000023a4   0x000023a4   0x00000014   Code   RO          377    .text.IRQ122_Handler  hc32f46x_interrupts.o
    0x000023b8   0x000023b8   0x00000014   Code   RO          379    .text.IRQ123_Handler  hc32f46x_interrupts.o
    0x000023cc   0x000023cc   0x00000014   Code   RO          381    .text.IRQ124_Handler  hc32f46x_interrupts.o
    0x000023e0   0x000023e0   0x00000014   Code   RO          383    .text.IRQ125_Handler  hc32f46x_interrupts.o
    0x000023f4   0x000023f4   0x00000014   Code   RO          385    .text.IRQ126_Handler  hc32f46x_interrupts.o
    0x00002408   0x00002408   0x00000014   Code   RO          387    .text.IRQ127_Handler  hc32f46x_interrupts.o
    0x0000241c   0x0000241c   0x000000fa   Code   RO          389    .text.IRQ128_Handler  hc32f46x_interrupts.o
    0x00002516   0x00002516   0x00000002   PAD
    0x00002518   0x00002518   0x0000037c   Code   RO          391    .text.IRQ129_Handler  hc32f46x_interrupts.o
    0x00002894   0x00002894   0x000000be   Code   RO          393    .text.IRQ130_Handler  hc32f46x_interrupts.o
    0x00002952   0x00002952   0x00000002   PAD
    0x00002954   0x00002954   0x00000218   Code   RO          395    .text.IRQ131_Handler  hc32f46x_interrupts.o
    0x00002b6c   0x00002b6c   0x00000112   Code   RO          397    .text.IRQ132_Handler  hc32f46x_interrupts.o
    0x00002c7e   0x00002c7e   0x00000002   PAD
    0x00002c80   0x00002c80   0x000002ac   Code   RO          399    .text.IRQ136_Handler  hc32f46x_interrupts.o
    0x00002f2c   0x00002f2c   0x000002a8   Code   RO          401    .text.IRQ137_Handler  hc32f46x_interrupts.o
    0x000031d4   0x000031d4   0x00000196   Code   RO          403    .text.IRQ138_Handler  hc32f46x_interrupts.o
    0x0000336a   0x0000336a   0x00000002   PAD
    0x0000336c   0x0000336c   0x000000d4   Code   RO          405    .text.IRQ139_Handler  hc32f46x_interrupts.o
    0x00003440   0x00003440   0x00000198   Code   RO          407    .text.IRQ140_Handler  hc32f46x_interrupts.o
    0x000035d8   0x000035d8   0x000001da   Code   RO          409    .text.IRQ141_Handler  hc32f46x_interrupts.o
    0x000037b2   0x000037b2   0x00000002   PAD
    0x000037b4   0x000037b4   0x0000012a   Code   RO          411    .text.IRQ142_Handler  hc32f46x_interrupts.o
    0x000038de   0x000038de   0x00000002   PAD
    0x000038e0   0x000038e0   0x000000ea   Code   RO          413    .text.IRQ143_Handler  hc32f46x_interrupts.o
    0x000039ca   0x000039ca   0x00000002   PAD
    0x000039cc   0x000039cc   0x00000008   Code   RO          119    .text.MemManage_Handler  hc32f46x_interrupts.o
    0x000039d4   0x000039d4   0x00000008   Code   RO          117    .text.NMI_Handler   hc32f46x_interrupts.o
    0x000039dc   0x000039dc   0x00000286   Code   RO          691    .text.PORT_SetFunc  hc32f46x_gpio.o
    0x00003c62   0x00003c62   0x00000002   PAD
    0x00003c64   0x00003c64   0x00000018   Code   RO          884    .text.PWC_Fcg1PeriphClockCmd  hc32f46x_pwc.o
    0x00003c7c   0x00003c7c   0x00000008   Code   RO          129    .text.PendSV_Handler  hc32f46x_interrupts.o
    0x00003c84   0x00003c84   0x0000007c   Code   RO         1136    .text.SEGGER_RTT_Init  segger_rtt.o
    0x00003d00   0x00003d00   0x000000be   Code   RO         1100    .text.SEGGER_RTT_Write  segger_rtt.o
    0x00003dbe   0x00003dbe   0x00000002   PAD
    0x00003dc0   0x00003dc0   0x0000018a   Code   RO         1096    .text.SEGGER_RTT_WriteNoLock  segger_rtt.o
    0x00003f4a   0x00003f4a   0x00000002   PAD
    0x00003f4c   0x00003f4c   0x0000001e   Code   RO         1163    .text.SEGGER_RTT_printf  segger_rtt_printf.o
    0x00003f6a   0x00003f6a   0x00000002   PAD
    0x00003f6c   0x00003f6c   0x000006ac   Code   RO         1159    .text.SEGGER_RTT_vprintf  segger_rtt_printf.o
    0x00004618   0x00004618   0x00000008   Code   RO          125    .text.SVC_Handler   hc32f46x_interrupts.o
    0x00004620   0x00004620   0x00000078   Code   RO           10    .text.SysClkIni     myclk.o
    0x00004698   0x00004698   0x00000008   Code   RO          131    .text.SysTick_Handler  hc32f46x_interrupts.o
    0x000046a0   0x000046a0   0x00000012   Code   RO          440    .text.SysTick_IncTick  hc32f46x_utility.o
    0x000046b2   0x000046b2   0x00000002   PAD
    0x000046b4   0x000046b4   0x0000004e   Code   RO          434    .text.SysTick_Init  hc32f46x_utility.o
    0x00004702   0x00004702   0x00000002   PAD
    0x00004704   0x00004704   0x0000003a   Code   RO           43    .text.SysTick_Init_hc32  main.o
    0x0000473e   0x0000473e   0x00000002   PAD
    0x00004740   0x00004740   0x00000012   Code   RO           47    .text.SysTick_IrqHandler  main.o
    0x00004752   0x00004752   0x00000002   PAD
    0x00004754   0x00004754   0x00000016   Code   RO           45    .text.SysTick_Stop_time  main.o
    0x0000476a   0x0000476a   0x00000002   PAD
    0x0000476c   0x0000476c   0x000000a4   Code   RO           80    .text.SystemCoreClockUpdate  system_hc32f46x.o
    0x00004810   0x00004810   0x000000b4   Code   RO           78    .text.SystemInit    system_hc32f46x.o
    0x000048c4   0x000048c4   0x0000019c   Code   RO          549    .text.USART_FuncCmd  hc32f46x_usart.o
    0x00004a60   0x00004a60   0x00000008   Code   RO          597    .text.USART_RecData  hc32f46x_usart.o
    0x00004a68   0x00004a68   0x000003c8   Code   RO          599    .text.USART_SetBaudrate  hc32f46x_usart.o
    0x00004e30   0x00004e30   0x0000014a   Code   RO          537    .text.USART_UART_Init  hc32f46x_usart.o
    0x00004f7a   0x00004f7a   0x00000002   PAD
    0x00004f7c   0x00004f7c   0x00000008   Code   RO          123    .text.UsageFault_Handler  hc32f46x_interrupts.o
    0x00004f84   0x00004f84   0x0000000c   Code   RO           30    .text.UsartRxIrqCallback  myusart.o
    0x00004f90   0x00004f90   0x000001b0   Code   RO         1161    .text._PrintUnsigned  segger_rtt_printf.o
    0x00005140   0x00005140   0x00000002   Code   RO            2    .text.app           app.o
    0x00005142   0x00005142   0x00000002   PAD
    0x00005144   0x00005144   0x00000088   Code   RO         1173    .text.calc_func     core_list_join.o
    0x000051cc   0x000051cc   0x00000004   Code   RO         1304    .text.check_data_types  core_util.o
    0x000051d0   0x000051d0   0x0000014c   Code   RO           12    .text.clk_test      myclk.o
    0x0000531c   0x0000531c   0x0000047e   Code   RO         1181    .text.core_bench_list  core_list_join.o
    0x0000579a   0x0000579a   0x00000002   PAD
    0x0000579c   0x0000579c   0x00000026   Code   RO         1222    .text.core_bench_matrix  core_matrix.o
    0x000057c2   0x000057c2   0x00000002   PAD
    0x000057c4   0x000057c4   0x00000232   Code   RO         1275    .text.core_bench_state  core_state.o
    0x000059f6   0x000059f6   0x00000002   PAD
    0x000059f8   0x000059f8   0x00000268   Code   RO         1238    .text.core_init_matrix  core_matrix.o
    0x00005c60   0x00005c60   0x00000148   Code   RO         1279    .text.core_init_state  core_state.o
    0x00005da8   0x00005da8   0x000003be   Code   RO         1193    .text.core_list_init  core_list_join.o
    0x00006166   0x00006166   0x00000002   PAD
    0x00006168   0x00006168   0x000001fe   Code   RO         1277    .text.core_state_transition  core_state.o
    0x00006366   0x00006366   0x00000002   PAD
    0x00006368   0x00006368   0x00000006   Code   RO         1302    .text.crc16         core_util.o
    0x0000636e   0x0000636e   0x00000002   PAD
    0x00006370   0x00006370   0x00000116   Code   RO         1298    .text.crcu16        core_util.o
    0x00006486   0x00006486   0x00000002   PAD
    0x00006488   0x00006488   0x00000016   Code   RO         1300    .text.crcu32        core_util.o
    0x0000649e   0x0000649e   0x00000002   PAD
    0x000064a0   0x000064a0   0x0000007c   Code   RO           97    .text.enIrqRegistration  hc32f46x_interrupts.o
    0x0000651c   0x0000651c   0x0000000e   Code   RO           41    .text.fputc         main.o
    0x0000652a   0x0000652a   0x00000002   PAD
    0x0000652c   0x0000652c   0x00000028   Code   RO         1294    .text.get_seed_32   core_util.o
    0x00006554   0x00006554   0x0000000c   Code   RO         1252    .text.get_time      core_portme.o
    0x00006560   0x00006560   0x00000104   Code   RO           57    .text.main          main.o
    0x00006664   0x00006664   0x00000ec6   Code   RO         1224    .text.matrix_test   core_matrix.o
    0x0000752a   0x0000752a   0x00000002   PAD
    0x0000752c   0x0000752c   0x00000006   Code   RO         1258    .text.portable_fini  core_portme.o
    0x00007532   0x00007532   0x00000002   PAD
    0x00007534   0x00007534   0x00000006   Code   RO         1256    .text.portable_init  core_portme.o
    0x0000753a   0x0000753a   0x00000002   PAD
    0x0000753c   0x0000753c   0x000000cc   Code   RO           49    .text.read_uid      main.o
    0x00007608   0x00007608   0x00000014   Code   RO         1248    .text.start_time    core_portme.o
    0x0000761c   0x0000761c   0x00000004   Code   RO         1250    .text.stop_time     core_portme.o
    0x00007620   0x00007620   0x00000020   Code   RO         1254    .text.time_in_secs  core_portme.o
    0x00007640   0x00007640   0x0000000c   Code   RO           28    .text.tuya_UsartRxIrqCallback  myusart.o
    0x0000764c   0x0000764c   0x00000194   Code   RO           26    .text.usart_init    myusart.o
    0x000077e0   0x000077e0   0x00000012   Code   RO         1080    OSKERNEL            hardfaulthandler.o
    0x000077f2   0x000077f2   0x00000002   PAD
    0x000077f4   0x000077f4   0x00000020   Code   RO         1565    i.__0printf         mc_w.l(printfa.o)
    0x00007814   0x00007814   0x0000000e   Code   RO         1641    i.__scatterload_copy  mc_w.l(handlers.o)
    0x00007822   0x00007822   0x00000002   Code   RO         1642    i.__scatterload_null  mc_w.l(handlers.o)
    0x00007824   0x00007824   0x0000000e   Code   RO         1643    i.__scatterload_zeroinit  mc_w.l(handlers.o)
    0x00007832   0x00007832   0x00000002   PAD
    0x00007834   0x00007834   0x00000184   Code   RO         1572    i._fp_digits        mc_w.l(printfa.o)
    0x000079b8   0x000079b8   0x000006dc   Code   RO         1573    i._printf_core      mc_w.l(printfa.o)
    0x00008094   0x00008094   0x00000024   Code   RO         1574    i._printf_post_padding  mc_w.l(printfa.o)
    0x000080b8   0x000080b8   0x0000002e   Code   RO         1575    i._printf_pre_padding  mc_w.l(printfa.o)
    0x000080e6   0x000080e6   0x00000002   PAD
    0x000080e8   0x000080e8   0x0000000c   Code   RO         1318    i.putchar           mc_w.l(putchar.o)
    0x000080f4   0x000080f4   0x00000024   Code   RO         1316    i.puts              mc_w.l(puts.o)
    0x00008118   0x00008118   0x00000009   Data   RO           32    .rodata..L__const.usart_init.stcInitCfg  myusart.o
    0x00008121   0x00008121   0x00000003   PAD
    0x00008124   0x00008124   0x00000010   Data   RO         1284    .rodata.errpat      core_state.o
    0x00008134   0x00008134   0x00000010   Data   RO         1282    .rodata.floatpat    core_state.o
    0x00008144   0x00008144   0x00000010   Data   RO         1281    .rodata.intpat      core_state.o
    0x00008154   0x00008154   0x0000000a   Data   RO         1211    .rodata.list_known_crc  core_main.o
    0x0000815e   0x0000815e   0x0000000a   Data   RO         1212    .rodata.matrix_known_crc  core_main.o
    0x00008168   0x00008168   0x00000010   Data   RO         1283    .rodata.scipat      core_state.o
    0x00008178   0x00008178   0x0000000a   Data   RO         1213    .rodata.state_known_crc  core_main.o
    0x00008182   0x00008182   0x0000001e   Data   RO           14    .rodata.str1.1      myclk.o
    0x000081a0   0x000081a0   0x0000006c   Data   RO           59    .rodata.str1.1      main.o
    0x0000820c   0x0000820c   0x00000009   Data   RO         1148    .rodata.str1.1      segger_rtt.o
    0x00008215   0x00008215   0x00000360   Data   RO         1209    .rodata.str1.1      core_main.o
    0x00008575   0x00008575   0x00000080   Data   RO         1285    .rodata.str1.1      core_state.o
    0x000085f5   0x000085f5   0x00000003   PAD
    0x000085f8   0x000085f8   0x00000020   Data   RO         1640    Region$$Table       anon$$obj.o


    Execution Region RW_IRAM1 (Exec base: 0x1fff8000, Load base: 0x00008618, Size: 0x00009300, Max: 0x0002f000, ABSOLUTE)

    Exec Addr    Load Addr    Size         Type   Attr      Idx    E Section Name        Object

    0x1fff8000   0x00008618   0x00000004   Data   RW         1619    .data               mc_w.l(stdout.o)
    0x1fff8004   0x0000861c   0x00000008   Data   RW           82    .data..L_MergedGlobals  system_hc32f46x.o
    0x1fff800c   0x00008624   0x00000004   Data   RW         1266    .data.default_num_contexts  core_portme.o
    0x1fff8010   0x00008628   0x00000004   Data   RW         1262    .data.seed3_volatile  core_portme.o
    0x1fff8014   0x0000862c   0x00000004   Data   RW         1263    .data.seed4_volatile  core_portme.o
    0x1fff8018        -       0x00000008   Zero   RW          446    .bss..L_MergedGlobals  hc32f46x_utility.o
    0x1fff8020        -       0x00000044   Zero   RW         1073    .bss..L_MergedGlobals  segger_hardfaulthandler.o
    0x1fff8064        -       0x00000011   Zero   RW         1150    .bss..L_MergedGlobals  segger_rtt.o
    0x1fff8075   0x00008630   0x00000003   PAD
    0x1fff8078        -       0x00000200   Zero   RW          415    .bss.IrqHandler     hc32f46x_interrupts.o
    0x1fff8278        -       0x00000004   Zero   RW         1265    .bss.Tick           core_portme.o
    0x1fff827c        -       0x00000078   Zero   RW         1146    .bss._SEGGER_RTT    segger_rtt.o
    0x1fff82f4        -       0x00001000   Zero   RW         1149    .bss._acUpBuffer    segger_rtt.o
    0x1fff92f4        -       0x00000004   Zero   RW         1260    .bss.seed1_volatile  core_portme.o
    0x1fff92f8        -       0x00000004   Zero   RW         1261    .bss.seed2_volatile  core_portme.o
    0x1fff92fc        -       0x00000004   Zero   RW         1264    .bss.seed5_volatile  core_portme.o
    0x1fff9300        -       0x00008000   Zero   RW           68    STACK               startup_hc32f46x.o


==============================================================================

Image component sizes


      Code (inc. data)   RO Data    RW Data    ZI Data      Debug   Object Name

         2          0          0          0          0        355   app.o
      2244          0          0          0          0      17353   core_list_join.o
      1900        164        894          0          0       4963   core_main.o
      4436          0          0          0          0      17072   core_matrix.o
        80          8          0         12         16       1940   core_portme.o
      1400         64        192          0          0       5102   core_state.o
       350         20          0          0          0       3305   core_util.o
        18          0          0          0          0        308   hardfaulthandler.o
      1698         10          0          0          0      35678   hc32f46x_clk.o
       132          0          0          0          0      12794   hc32f46x_efm.o
       646          0          0          0          0      25048   hc32f46x_gpio.o
      8222          0          0          0        512     123025   hc32f46x_interrupts.o
        24          0          0          0          0      56535   hc32f46x_pwc.o
      1718         36          0          0          0      31239   hc32f46x_usart.o
       496          0          0          0          8      41555   hc32f46x_utility.o
       576        120        108          0          0       7069   main.o
       452        124         30          0          0       2812   myclk.o
       428          0          9          0          0      18152   myusart.o
       168          0          0          0         68       2741   segger_hardfaulthandler.o
       708          0          9          0       4233      29457   segger_rtt.o
      2170        198          0          0          0       7726   segger_rtt_printf.o
        92         26        640          0      32768        848   startup_hc32f46x.o
       344         12          0          8          0      14401   system_hc32f46x.o

    ----------------------------------------------------------------------
     28448        782       1920         20      37608     459478   Object Totals
         0          0         32          0          0          0   (incl. Generated)
       144          0          6          0          3          0   (incl. Padding)

    ----------------------------------------------------------------------

      Code (inc. data)   RO Data    RW Data    ZI Data      Debug   Library Member Name

         0          0          0          0          0          0   entry.o
         0          0          0          0          0          0   entry10a.o
         0          0          0          0          0          0   entry11a.o
         8          4          0          0          0          0   entry2.o
         4          0          0          0          0          0   entry5.o
         0          0          0          0          0          0   entry7b.o
         0          0          0          0          0          0   entry8b.o
         8          4          0          0          0          0   entry9a.o
        30          0          0          0          0          0   handlers.o
        36          8          0          0          0         68   init.o
         0          0          0          0          0          0   iusefp.o
        30          0          0          0          0         68   llshl.o
        36          0          0          0          0         68   llsshr.o
        32          0          0          0          0         68   llushr.o
        36          0          0          0          0         68   memcpya.o
        36          0          0          0          0        108   memseta.o
      2258         90          0          0          0        452   printfa.o
        12          6          0          0          0         68   putchar.o
        36          6          0          0          0         80   puts.o
         0          0          0          4          0          0   stdout.o
        44          0          0          0          0         80   uidiv.o
        98          0          0          0          0         92   uldiv.o
        48          0          0          0          0         68   cdrcmple.o
       334          0          0          0          0        148   dadd.o
        54          0          0          0          0         80   dcmpge.o
        54          0          0          0          0         80   dcmple.o
       222          0          0          0          0        100   ddiv.o
       186          0          0          0          0        176   depilogue.o
        50          0          0          0          0         76   dfixui.o
        48          0          0          0          0         68   dfixul.o
        26          0          0          0          0         76   dfltui.o
       228          0          0          0          0         96   dmul.o

    ----------------------------------------------------------------------
      3960        118          0          4          0       2188   Library Totals
         6          0          0          0          0          0   (incl. Padding)

    ----------------------------------------------------------------------

      Code (inc. data)   RO Data    RW Data    ZI Data      Debug   Library Name

      2704        118          0          4          0       1220   mc_w.l
      1250          0          0          0          0        968   mf_w.l

    ----------------------------------------------------------------------
      3960        118          0          4          0       2188   Library Totals

    ----------------------------------------------------------------------

==============================================================================


      Code (inc. data)   RO Data    RW Data    ZI Data      Debug   

     32408        900       1920         24      37608     460354   Grand Totals
     32408        900       1920         24      37608     460354   ELF Image Totals
     32408        900       1920         24          0          0   ROM Totals

==============================================================================

    Total RO  Size (Code + RO Data)                34328 (  33.52kB)
    Total RW  Size (RW Data + ZI Data)             37632 (  36.75kB)
    Total ROM Size (Code + RO Data + RW Data)      34352 (  33.55kB)

==============================================================================

