Component: ARM Compiler 6.14.1 Tool: armlink [5db06d00]

==============================================================================

Image Symbol Table

    Local Symbols

    Symbol Name                              Value     Ov Type        Size  Object(Section)

    ../clib/microlib/division.c              0x00000000   Number         0  uidiv.o ABSOLUTE
    ../clib/microlib/division.c              0x00000000   Number         0  uldiv.o ABSOLUTE
    ../clib/microlib/init/entry.s            0x00000000   Number         0  entry.o ABSOLUTE
    ../clib/microlib/init/entry.s            0x00000000   Number         0  entry2.o ABSOLUTE
    ../clib/microlib/init/entry.s            0x00000000   Number         0  entry5.o ABSOLUTE
    ../clib/microlib/init/entry.s            0x00000000   Number         0  entry7a.o ABSOLUTE
    ../clib/microlib/init/entry.s            0x00000000   Number         0  entry7b.o ABSOLUTE
    ../clib/microlib/init/entry.s            0x00000000   Number         0  entry8a.o ABSOLUTE
    ../clib/microlib/init/entry.s            0x00000000   Number         0  entry8b.o ABSOLUTE
    ../clib/microlib/init/entry.s            0x00000000   Number         0  entry9a.o ABSOLUTE
    ../clib/microlib/init/entry.s            0x00000000   Number         0  entry9b.o ABSOLUTE
    ../clib/microlib/init/entry.s            0x00000000   Number         0  entry10a.o ABSOLUTE
    ../clib/microlib/init/entry.s            0x00000000   Number         0  entry10b.o ABSOLUTE
    ../clib/microlib/init/entry.s            0x00000000   Number         0  entry11a.o ABSOLUTE
    ../clib/microlib/init/entry.s            0x00000000   Number         0  entry11b.o ABSOLUTE
    ../clib/microlib/longlong.c              0x00000000   Number         0  llushr.o ABSOLUTE
    ../clib/microlib/longlong.c              0x00000000   Number         0  llshl.o ABSOLUTE
    ../clib/microlib/longlong.c              0x00000000   Number         0  llsshr.o ABSOLUTE
    ../clib/microlib/printf/printf.c         0x00000000   Number         0  printfb.o ABSOLUTE
    ../clib/microlib/printf/printf.c         0x00000000   Number         0  printf0.o ABSOLUTE
    ../clib/microlib/printf/printf.c         0x00000000   Number         0  printf1.o ABSOLUTE
    ../clib/microlib/printf/printf.c         0x00000000   Number         0  printf2.o ABSOLUTE
    ../clib/microlib/printf/printf.c         0x00000000   Number         0  printf3.o ABSOLUTE
    ../clib/microlib/printf/printf.c         0x00000000   Number         0  printf4.o ABSOLUTE
    ../clib/microlib/printf/printf.c         0x00000000   Number         0  printf5.o ABSOLUTE
    ../clib/microlib/printf/printf.c         0x00000000   Number         0  printf6.o ABSOLUTE
    ../clib/microlib/printf/printf.c         0x00000000   Number         0  printf7.o ABSOLUTE
    ../clib/microlib/printf/printf.c         0x00000000   Number         0  printf8.o ABSOLUTE
    ../clib/microlib/printf/printf.c         0x00000000   Number         0  printfa.o ABSOLUTE
    ../clib/microlib/printf/stubs.s          0x00000000   Number         0  printfstubs.o ABSOLUTE
    ../clib/microlib/stdio/putchar.c         0x00000000   Number         0  putchar.o ABSOLUTE
    ../clib/microlib/stdio/puts.c            0x00000000   Number         0  puts.o ABSOLUTE
    ../clib/microlib/stdio/puts.c            0x00000000   Number         0  puts_e.o ABSOLUTE
    ../clib/microlib/stdio/streams.c         0x00000000   Number         0  stdout.o ABSOLUTE
    ../clib/microlib/string/memcpy.c         0x00000000   Number         0  memcpya.o ABSOLUTE
    ../clib/microlib/string/memcpy.c         0x00000000   Number         0  memcpyb.o ABSOLUTE
    ../clib/microlib/string/memset.c         0x00000000   Number         0  memseta.o ABSOLUTE
    ../clib/microlib/string/strlen.c         0x00000000   Number         0  strlen.o ABSOLUTE
    ../clib/microlib/stubs.s                 0x00000000   Number         0  iusefp.o ABSOLUTE
    ../common/startup_pt32z192.s             0x00000000   Number         0  startup_pt32z192.o ABSOLUTE
    ../fplib/microlib/fpadd.c                0x00000000   Number         0  dadd.o ABSOLUTE
    ../fplib/microlib/fpcmp.c                0x00000000   Number         0  dcmple.o ABSOLUTE
    ../fplib/microlib/fpcmp.c                0x00000000   Number         0  dcmpge.o ABSOLUTE
    ../fplib/microlib/fpdiv.c                0x00000000   Number         0  ddiv.o ABSOLUTE
    ../fplib/microlib/fpepilogue.c           0x00000000   Number         0  depilogue.o ABSOLUTE
    ../fplib/microlib/fpfix.c                0x00000000   Number         0  dfixui.o ABSOLUTE
    ../fplib/microlib/fpfix.c                0x00000000   Number         0  dfixul.o ABSOLUTE
    ../fplib/microlib/fpflt.c                0x00000000   Number         0  dfltui.o ABSOLUTE
    ../fplib/microlib/fpmul.c                0x00000000   Number         0  dmul.o ABSOLUTE
    ..\application\HardFaultHandlerMDK\HardFaultHandler.S 0x00000000   Number         0  hardfaulthandler.o ABSOLUTE
    SEGGER_HardFaultHandler.c                0x00000000   Number         0  segger_hardfaulthandler.o ABSOLUTE
    SEGGER_RTT.c                             0x00000000   Number         0  segger_rtt.o ABSOLUTE
    SEGGER_RTT_printf.c                      0x00000000   Number         0  segger_rtt_printf.o ABSOLUTE
    app.c                                    0x00000000   Number         0  app.o ABSOLUTE
    cdrcmple.s                               0x00000000   Number         0  cdrcmple.o ABSOLUTE
    core_list_join.c                         0x00000000   Number         0  core_list_join.o ABSOLUTE
    core_main.c                              0x00000000   Number         0  core_main.o ABSOLUTE
    core_matrix.c                            0x00000000   Number         0  core_matrix.o ABSOLUTE
    core_portme.c                            0x00000000   Number         0  core_portme.o ABSOLUTE
    core_state.c                             0x00000000   Number         0  core_state.o ABSOLUTE
    core_util.c                              0x00000000   Number         0  core_util.o ABSOLUTE
    dc.s                                     0x00000000   Number         0  dc.o ABSOLUTE
    handlers.s                               0x00000000   Number         0  handlers.o ABSOLUTE
    init.s                                   0x00000000   Number         0  init.o ABSOLUTE
    main.c                                   0x00000000   Number         0  main.o ABSOLUTE
    pt32z192xx_adc.c                         0x00000000   Number         0  pt32z192xx_adc.o ABSOLUTE
    pt32z192xx_dma.c                         0x00000000   Number         0  pt32z192xx_dma.o ABSOLUTE
    pt32z192xx_dsp.c                         0x00000000   Number         0  pt32z192xx_dsp.o ABSOLUTE
    pt32z192xx_gpio.c                        0x00000000   Number         0  pt32z192xx_gpio.o ABSOLUTE
    pt32z192xx_i2c.c                         0x00000000   Number         0  pt32z192xx_i2c.o ABSOLUTE
    pt32z192xx_it.c                          0x00000000   Number         0  pt32z192xx_it.o ABSOLUTE
    pt32z192xx_misc.c                        0x00000000   Number         0  pt32z192xx_misc.o ABSOLUTE
    pt32z192xx_pwm.c                         0x00000000   Number         0  pt32z192xx_pwm.o ABSOLUTE
    pt32z192xx_qspi.c                        0x00000000   Number         0  pt32z192xx_qspi.o ABSOLUTE
    pt32z192xx_retarget.c                    0x00000000   Number         0  pt32z192xx_retarget.o ABSOLUTE
    pt32z192xx_serial.c                      0x00000000   Number         0  pt32z192xx_serial.o ABSOLUTE
    pt32z192xx_spi.c                         0x00000000   Number         0  pt32z192xx_spi.o ABSOLUTE
    pt32z192xx_sys.c                         0x00000000   Number         0  pt32z192xx_sys.o ABSOLUTE
    pt32z192xx_tim.c                         0x00000000   Number         0  pt32z192xx_tim.o ABSOLUTE
    pt32z192xx_uart.c                        0x00000000   Number         0  pt32z192xx_uart.o ABSOLUTE
    pt32z192xx_wdg.c                         0x00000000   Number         0  pt32z192xx_wdg.o ABSOLUTE
    system_pt32z192xx.c                      0x00000000   Number         0  system_pt32z192xx.o ABSOLUTE
    RESET                                    0x00000000   Section      304  startup_pt32z192.o(RESET)
    .ARM.Collect$$$$00000000                 0x00000130   Section        0  entry.o(.ARM.Collect$$$$00000000)
    .ARM.Collect$$$$00000001                 0x00000130   Section        4  entry2.o(.ARM.Collect$$$$00000001)
    .ARM.Collect$$$$00000004                 0x00000134   Section        4  entry5.o(.ARM.Collect$$$$00000004)
    .ARM.Collect$$$$00000008                 0x00000138   Section        0  entry7b.o(.ARM.Collect$$$$00000008)
    .ARM.Collect$$$$0000000A                 0x00000138   Section        0  entry8b.o(.ARM.Collect$$$$0000000A)
    .ARM.Collect$$$$0000000B                 0x00000138   Section        8  entry9a.o(.ARM.Collect$$$$0000000B)
    __lit__00000000                          0x00000140   Data           4  entry2.o(.ARM.Collect$$$$00002712)
    .ARM.Collect$$$$0000000D                 0x00000140   Section        0  entry10a.o(.ARM.Collect$$$$0000000D)
    .ARM.Collect$$$$0000000F                 0x00000140   Section        0  entry11a.o(.ARM.Collect$$$$0000000F)
    .ARM.Collect$$$$00002712                 0x00000140   Section        4  entry2.o(.ARM.Collect$$$$00002712)
    .text                                    0x00000144   Section       52  startup_pt32z192.o(.text)
    .text                                    0x00000178   Section        0  memcpya.o(.text)
    .text                                    0x0000019c   Section        0  memseta.o(.text)
    .text                                    0x000001c0   Section        0  dmul.o(.text)
    .text                                    0x000002a4   Section        0  ddiv.o(.text)
    .text                                    0x00000382   Section        0  dcmple.o(.text)
    .text                                    0x000003b8   Section        0  dcmpge.o(.text)
    .text                                    0x000003ee   Section        0  dfltui.o(.text)
    .text                                    0x00000408   Section        0  dfixui.o(.text)
    .text                                    0x0000043a   Section        0  uidiv.o(.text)
    .text                                    0x00000466   Section        0  uldiv.o(.text)
    .text                                    0x000004c8   Section        0  llushr.o(.text)
    .text                                    0x000004e8   Section        0  iusefp.o(.text)
    .text                                    0x000004e8   Section        0  depilogue.o(.text)
    .text                                    0x000005a2   Section        0  dadd.o(.text)
    .text                                    0x000006f0   Section        0  dfixul.o(.text)
    .text                                    0x00000720   Section       48  cdrcmple.o(.text)
    .text                                    0x00000750   Section       36  init.o(.text)
    .text                                    0x00000774   Section        0  llshl.o(.text)
    .text                                    0x00000792   Section        0  llsshr.o(.text)
    [Anonymous Symbol]                       0x000007b8   Section        0  pt32z192xx_adc.o(.text.ADC_ChannelConfig)
    [Anonymous Symbol]                       0x000007d4   Section        0  pt32z192xx_adc.o(.text.ADC_Cmd)
    [Anonymous Symbol]                       0x000007e8   Section        0  pt32z192xx_it.o(.text.ADC_Handler)
    [Anonymous Symbol]                       0x000007ec   Section        0  pt32z192xx_adc.o(.text.ADC_Init)
    [Anonymous Symbol]                       0x00000824   Section        0  pt32z192xx_adc.o(.text.ADC_StartOfConversion)
    [Anonymous Symbol]                       0x00000830   Section        0  core_main.o(.text.CoreMark)
    [Anonymous Symbol]                       0x00000f50   Section        0  pt32z192xx_dma.o(.text.DMA_AutoRepeat_Cmd)
    [Anonymous Symbol]                       0x00000f7c   Section        0  pt32z192xx_dma.o(.text.DMA_Cmd)
    [Anonymous Symbol]                       0x00000fa8   Section        0  pt32z192xx_dma.o(.text.DMA_Config)
    [Anonymous Symbol]                       0x00000fec   Section        0  pt32z192xx_dma.o(.text.DMA_DirectionConfig)
    [Anonymous Symbol]                       0x00001008   Section        0  pt32z192xx_it.o(.text.DMA_Handler)
    [Anonymous Symbol]                       0x0000100c   Section        0  pt32z192xx_dma.o(.text.DMA_PeripheralConfig)
    [Anonymous Symbol]                       0x00001038   Section        0  pt32z192xx_it.o(.text.FLASH_Handler)
    [Anonymous Symbol]                       0x0000103c   Section        0  pt32z192xx_gpio.o(.text.GPIO_ClearITPendingBit)
    [Anonymous Symbol]                       0x00001040   Section        0  pt32z192xx_gpio.o(.text.GPIO_ITConfig)
    [Anonymous Symbol]                       0x0000104c   Section        0  pt32z192xx_gpio.o(.text.GPIO_Init)
    [Anonymous Symbol]                       0x000010a4   Section        0  pt32z192xx_gpio.o(.text.GPIO_PinAFConfig)
    [Anonymous Symbol]                       0x000010b4   Section        0  pt32z192xx_gpio.o(.text.GPIO_SetBits)
    [Anonymous Symbol]                       0x000010bc   Section        0  pt32z192xx_gpio.o(.text.GPIO_TriTypeConfig)
    [Anonymous Symbol]                       0x000010f0   Section        0  segger_hardfaulthandler.o(.text.HardFaultHandler)
    [Anonymous Symbol]                       0x00001198   Section        0  pt32z192xx_it.o(.text.NMI_Handler)
    [Anonymous Symbol]                       0x0000119c   Section        0  pt32z192xx_misc.o(.text.NVIC_Init)
    [Anonymous Symbol]                       0x000011f8   Section        0  pt32z192xx_it.o(.text.PA_Handler)
    [Anonymous Symbol]                       0x000011fc   Section        0  pt32z192xx_it.o(.text.PB_Handler)
    [Anonymous Symbol]                       0x00001200   Section        0  pt32z192xx_it.o(.text.PC_Handler)
    [Anonymous Symbol]                       0x00001250   Section        0  pt32z192xx_it.o(.text.PD_Handler)
    [Anonymous Symbol]                       0x00001254   Section        0  pt32z192xx_pwm.o(.text.PMW_TimeBaseInit)
    [Anonymous Symbol]                       0x00001270   Section        0  pt32z192xx_pwm.o(.text.PWM_BKI_LevelConfig)
    [Anonymous Symbol]                       0x0000127c   Section        0  pt32z192xx_pwm.o(.text.PWM_BreakInput_Cmd)
    [Anonymous Symbol]                       0x00001290   Section        0  pt32z192xx_pwm.o(.text.PWM_ClearFlag)
    [Anonymous Symbol]                       0x00001294   Section        0  pt32z192xx_pwm.o(.text.PWM_Cmd)
    [Anonymous Symbol]                       0x000012a8   Section        0  pt32z192xx_pwm.o(.text.PWM_GetFlagStatus)
    [Anonymous Symbol]                       0x000012b4   Section        0  pt32z192xx_pwm.o(.text.PWM_IntConfig)
    [Anonymous Symbol]                       0x00001324   Section        0  pt32z192xx_pwm.o(.text.PWM_OutputInit)
    [Anonymous Symbol]                       0x00001388   Section        0  pt32z192xx_it.o(.text.PendSV_Handler)
    [Anonymous Symbol]                       0x0000138c   Section        0  pt32z192xx_it.o(.text.RTC_Handler)
    [Anonymous Symbol]                       0x00001390   Section        0  segger_rtt.o(.text.SEGGER_RTT_Init)
    [Anonymous Symbol]                       0x00001400   Section        0  segger_rtt.o(.text.SEGGER_RTT_Write)
    [Anonymous Symbol]                       0x000014b4   Section        0  segger_rtt.o(.text.SEGGER_RTT_WriteNoLock)
    [Anonymous Symbol]                       0x00001624   Section        0  segger_rtt_printf.o(.text.SEGGER_RTT_printf)
    [Anonymous Symbol]                       0x00001644   Section        0  segger_rtt_printf.o(.text.SEGGER_RTT_vprintf)
    [Anonymous Symbol]                       0x00001c28   Section        0  pt32z192xx_serial.o(.text.SERIAL_PutChar)
    [Anonymous Symbol]                       0x00001c50   Section        0  pt32z192xx_it.o(.text.SPI0_Handler)
    [Anonymous Symbol]                       0x00001c54   Section        0  pt32z192xx_it.o(.text.SPI1_Handler)
    [Anonymous Symbol]                       0x00001c58   Section        0  pt32z192xx_it.o(.text.SVC_Handler)
    [Anonymous Symbol]                       0x00001c5c   Section        0  pt32z192xx_it.o(.text.SysTick_Handler)
    [Anonymous Symbol]                       0x00001c80   Section        0  main.o(.text.SysTick_Init)
    [Anonymous Symbol]                       0x00001cc8   Section        0  main.o(.text.SysTick_Stop_time)
    [Anonymous Symbol]                       0x00001ce0   Section        0  system_pt32z192xx.o(.text.SystemInit)
    [Anonymous Symbol]                       0x00001e60   Section        0  pt32z192xx_it.o(.text.TMR0_Handler)
    [Anonymous Symbol]                       0x00001e84   Section        0  pt32z192xx_it.o(.text.TMR1_Handler)
    [Anonymous Symbol]                       0x00001e88   Section        0  pt32z192xx_it.o(.text.TMR2_Handler)
    [Anonymous Symbol]                       0x00001e8c   Section        0  pt32z192xx_it.o(.text.TMR3_Handler)
    [Anonymous Symbol]                       0x00001e90   Section        0  pt32z192xx_it.o(.text.TMR4_Handler)
    [Anonymous Symbol]                       0x00001e94   Section        0  pt32z192xx_it.o(.text.TMR5_Handler)
    [Anonymous Symbol]                       0x00001e98   Section        0  pt32z192xx_it.o(.text.UART0_Handler)
    [Anonymous Symbol]                       0x00001e9c   Section        0  pt32z192xx_it.o(.text.UART1_Handler)
    [Anonymous Symbol]                       0x00001ea0   Section        0  pt32z192xx_it.o(.text.UART2_Handler)
    [Anonymous Symbol]                       0x00001ec4   Section        0  pt32z192xx_uart.o(.text.UART_Cmd)
    [Anonymous Symbol]                       0x00001ed8   Section        0  pt32z192xx_uart.o(.text.UART_ITConfig)
    [Anonymous Symbol]                       0x00001ee8   Section        0  pt32z192xx_uart.o(.text.UART_Init)
    _PrintUnsigned                           0x00001f85   Thumb Code   432  segger_rtt_printf.o(.text._PrintUnsigned)
    [Anonymous Symbol]                       0x00001f84   Section        0  segger_rtt_printf.o(.text._PrintUnsigned)
    _PrintUnsigned._aV2C                     0x00002124   Number         0  segger_rtt_printf.o(.text._PrintUnsigned)
    [Anonymous Symbol]                       0x00002134   Section        0  app.o(.text.app)
    [Anonymous Symbol]                       0x000021c4   Section        0  core_list_join.o(.text.calc_func)
    [Anonymous Symbol]                       0x0000224c   Section        0  core_util.o(.text.check_data_types)
    [Anonymous Symbol]                       0x00002250   Section        0  core_list_join.o(.text.core_bench_list)
    [Anonymous Symbol]                       0x000026d0   Section        0  core_matrix.o(.text.core_bench_matrix)
    [Anonymous Symbol]                       0x000026f8   Section        0  core_state.o(.text.core_bench_state)
    [Anonymous Symbol]                       0x0000292c   Section        0  core_matrix.o(.text.core_init_matrix)
    [Anonymous Symbol]                       0x00002b94   Section        0  core_state.o(.text.core_init_state)
    [Anonymous Symbol]                       0x00002cdc   Section        0  core_list_join.o(.text.core_list_init)
    [Anonymous Symbol]                       0x0000309c   Section        0  core_state.o(.text.core_state_transition)
    [Anonymous Symbol]                       0x0000329c   Section        0  core_util.o(.text.crc16)
    [Anonymous Symbol]                       0x000032a4   Section        0  core_util.o(.text.crcu16)
    [Anonymous Symbol]                       0x000033bc   Section        0  core_util.o(.text.crcu32)
    [Anonymous Symbol]                       0x000033d4   Section        0  pt32z192xx_retarget.o(.text.fputc)
    [Anonymous Symbol]                       0x000033e0   Section        0  core_util.o(.text.get_seed_32)
    [Anonymous Symbol]                       0x00003408   Section        0  core_portme.o(.text.get_time)
    [Anonymous Symbol]                       0x00003414   Section        0  main.o(.text.main)
    [Anonymous Symbol]                       0x0000373c   Section        0  core_matrix.o(.text.matrix_test)
    [Anonymous Symbol]                       0x0000468c   Section        0  core_portme.o(.text.portable_fini)
    [Anonymous Symbol]                       0x00004694   Section        0  core_portme.o(.text.portable_init)
    [Anonymous Symbol]                       0x0000469c   Section        0  main.o(.text.read_uid)
    [Anonymous Symbol]                       0x00004790   Section        0  core_portme.o(.text.start_time)
    [Anonymous Symbol]                       0x000047a4   Section        0  core_portme.o(.text.stop_time)
    [Anonymous Symbol]                       0x000047a8   Section        0  core_portme.o(.text.time_in_secs)
    OSKERNEL                                 0x000047c4   Section       18  hardfaulthandler.o(OSKERNEL)
    i.__0printf                              0x000047d8   Section        0  printfa.o(i.__0printf)
    i.__scatterload_copy                     0x000047f8   Section       14  handlers.o(i.__scatterload_copy)
    i.__scatterload_null                     0x00004806   Section        2  handlers.o(i.__scatterload_null)
    i.__scatterload_zeroinit                 0x00004808   Section       14  handlers.o(i.__scatterload_zeroinit)
    _fp_digits                               0x00004819   Thumb Code   366  printfa.o(i._fp_digits)
    i._fp_digits                             0x00004818   Section        0  printfa.o(i._fp_digits)
    _printf_core                             0x0000499d   Thumb Code  1744  printfa.o(i._printf_core)
    i._printf_core                           0x0000499c   Section        0  printfa.o(i._printf_core)
    _printf_post_padding                     0x00005079   Thumb Code    36  printfa.o(i._printf_post_padding)
    i._printf_post_padding                   0x00005078   Section        0  printfa.o(i._printf_post_padding)
    _printf_pre_padding                      0x0000509d   Thumb Code    46  printfa.o(i._printf_pre_padding)
    i._printf_pre_padding                    0x0000509c   Section        0  printfa.o(i._printf_pre_padding)
    i.putchar                                0x000050cc   Section        0  putchar.o(i.putchar)
    i.puts                                   0x000050d8   Section        0  puts.o(i.puts)
    errpat                                   0x000050fc   Data          16  core_state.o(.rodata.errpat)
    [Anonymous Symbol]                       0x000050fc   Section        0  core_state.o(.rodata.errpat)
    floatpat                                 0x0000510c   Data          16  core_state.o(.rodata.floatpat)
    [Anonymous Symbol]                       0x0000510c   Section        0  core_state.o(.rodata.floatpat)
    intpat                                   0x0000511c   Data          16  core_state.o(.rodata.intpat)
    [Anonymous Symbol]                       0x0000511c   Section        0  core_state.o(.rodata.intpat)
    list_known_crc                           0x0000512c   Data          10  core_main.o(.rodata.list_known_crc)
    [Anonymous Symbol]                       0x0000512c   Section        0  core_main.o(.rodata.list_known_crc)
    matrix_known_crc                         0x00005136   Data          10  core_main.o(.rodata.matrix_known_crc)
    [Anonymous Symbol]                       0x00005136   Section        0  core_main.o(.rodata.matrix_known_crc)
    scipat                                   0x00005140   Data          16  core_state.o(.rodata.scipat)
    [Anonymous Symbol]                       0x00005140   Section        0  core_state.o(.rodata.scipat)
    state_known_crc                          0x00005150   Data          10  core_main.o(.rodata.state_known_crc)
    [Anonymous Symbol]                       0x00005150   Section        0  core_main.o(.rodata.state_known_crc)
    .L.str.3                                 0x0000515a   Data          23  main.o(.rodata.str1.1)
    [Anonymous Symbol]                       0x0000515a   Section        0  main.o(.rodata.str1.1)
    .L.str                                   0x00005171   Data          34  main.o(.rodata.str1.1)
    .L.str.8                                 0x00005193   Data           6  main.o(.rodata.str1.1)
    .L.str.4                                 0x00005199   Data          12  main.o(.rodata.str1.1)
    .L.str.5                                 0x000051a5   Data           9  main.o(.rodata.str1.1)
    .L.str.2                                 0x000051ae   Data           5  main.o(.rodata.str1.1)
    .L.str.1                                 0x000051b3   Data           8  main.o(.rodata.str1.1)
    .L.str                                   0x000051bb   Data           9  segger_rtt.o(.rodata.str1.1)
    [Anonymous Symbol]                       0x000051bb   Section        0  segger_rtt.o(.rodata.str1.1)
    .L.str                                   0x000051c4   Data           7  core_main.o(.rodata.str1.1)
    .L.str.14                                0x000051c4   Data          23  core_main.o(.rodata.str1.1)
    [Anonymous Symbol]                       0x000051c4   Section        0  core_main.o(.rodata.str1.1)
    .L.str.1                                 0x000051cb   Data           5  core_main.o(.rodata.str1.1)
    .L.str.2                                 0x000051d0   Data           6  core_main.o(.rodata.str1.1)
    .L.str.13                                0x000051db   Data          23  core_main.o(.rodata.str1.1)
    .L.str.19                                0x000051f2   Data          23  core_main.o(.rodata.str1.1)
    .L.str.21                                0x00005209   Data          23  core_main.o(.rodata.str1.1)
    .L.str.17                                0x00005220   Data          23  core_main.o(.rodata.str1.1)
    .L.str.16                                0x00005237   Data          24  core_main.o(.rodata.str1.1)
    .L.str.12                                0x0000524f   Data          24  core_main.o(.rodata.str1.1)
    .L.str.11                                0x00005267   Data          24  core_main.o(.rodata.str1.1)
    .L.str.23                                0x0000527f   Data          27  core_main.o(.rodata.str1.1)
    .L.str.24                                0x0000529a   Data          28  core_main.o(.rodata.str1.1)
    .L.str.26                                0x000052b6   Data          28  core_main.o(.rodata.str1.1)
    .L.str.27                                0x000052d2   Data          28  core_main.o(.rodata.str1.1)
    .L.str.25                                0x000052ee   Data          28  core_main.o(.rodata.str1.1)
    .L.str.10                                0x0000530a   Data          48  core_main.o(.rodata.str1.1)
    .L.str.8                                 0x0000533a   Data          47  core_main.o(.rodata.str1.1)
    .L.str.9                                 0x00005369   Data          49  core_main.o(.rodata.str1.1)
    .Lstr.37                                 0x0000539a   Data          61  core_main.o(.rodata.str1.1)
    .Lstr.40                                 0x000053d7   Data          43  core_main.o(.rodata.str1.1)
    .Lstr.39                                 0x00005402   Data          48  core_main.o(.rodata.str1.1)
    .Lstr.34                                 0x00005432   Data          98  core_main.o(.rodata.str1.1)
    .Lstr.36                                 0x00005494   Data          72  core_main.o(.rodata.str1.1)
    .L.str.18                                0x000054dc   Data          17  core_main.o(.rodata.str1.1)
    .L.str.22                                0x000054ed   Data           6  core_main.o(.rodata.str1.1)
    .Lstr.35                                 0x000054f3   Data          16  core_main.o(.rodata.str1.1)
    .L.str.29                                0x00005503   Data          26  core_main.o(.rodata.str1.1)
    .L.str.20                                0x0000551d   Data           7  core_main.o(.rodata.str1.1)
    .L.str.4                                 0x00005524   Data           9  core_state.o(.rodata.str1.1)
    [Anonymous Symbol]                       0x00005524   Section        0  core_state.o(.rodata.str1.1)
    .L.str.7                                 0x0000552d   Data           9  core_state.o(.rodata.str1.1)
    .L.str.5                                 0x00005536   Data           9  core_state.o(.rodata.str1.1)
    .L.str.6                                 0x0000553f   Data           9  core_state.o(.rodata.str1.1)
    .L.str.9                                 0x00005548   Data           9  core_state.o(.rodata.str1.1)
    .L.str.11                                0x00005551   Data           9  core_state.o(.rodata.str1.1)
    .L.str                                   0x0000555a   Data           5  core_state.o(.rodata.str1.1)
    .L.str.3                                 0x0000555f   Data           5  core_state.o(.rodata.str1.1)
    .L.str.10                                0x00005564   Data           9  core_state.o(.rodata.str1.1)
    .L.str.8                                 0x0000556d   Data           9  core_state.o(.rodata.str1.1)
    .L.str.1                                 0x00005576   Data           5  core_state.o(.rodata.str1.1)
    .L.str.2                                 0x0000557b   Data           5  core_state.o(.rodata.str1.1)
    .L.str.12                                0x00005580   Data           9  core_state.o(.rodata.str1.1)
    .L.str.15                                0x00005589   Data           9  core_state.o(.rodata.str1.1)
    .L.str.13                                0x00005592   Data           9  core_state.o(.rodata.str1.1)
    .L.str.14                                0x0000559b   Data           9  core_state.o(.rodata.str1.1)
    .data                                    0x20000000   Section        4  stdout.o(.data)
    .L_MergedGlobals                         0x20000018   Data           8  app.o(.bss..L_MergedGlobals)
    [Anonymous Symbol]                       0x20000018   Section        0  app.o(.bss..L_MergedGlobals)
    .L_MergedGlobals                         0x20000020   Data          17  segger_rtt.o(.bss..L_MergedGlobals)
    _ActiveTerminal                          0x20000020   Data           1  segger_rtt.o(.bss..L_MergedGlobals)
    [Anonymous Symbol]                       0x20000020   Section        0  segger_rtt.o(.bss..L_MergedGlobals)
    _acDownBuffer                            0x20000021   Data          16  segger_rtt.o(.bss..L_MergedGlobals)
    .L_MergedGlobals                         0x20000034   Data          68  segger_hardfaulthandler.o(.bss..L_MergedGlobals)
    _Continue                                0x20000034   Data           4  segger_hardfaulthandler.o(.bss..L_MergedGlobals)
    [Anonymous Symbol]                       0x20000034   Section        0  segger_hardfaulthandler.o(.bss..L_MergedGlobals)
    HardFaultRegs                            0x20000038   Data          64  segger_hardfaulthandler.o(.bss..L_MergedGlobals)
    _acUpBuffer                              0x20000124   Data        1024  segger_rtt.o(.bss._acUpBuffer)
    [Anonymous Symbol]                       0x20000124   Section        0  segger_rtt.o(.bss._acUpBuffer)
    STACK                                    0x20000538   Section    32768  startup_pt32z192.o(STACK)

    Global Symbols

    Symbol Name                              Value     Ov Type        Size  Object(Section)

    BuildAttributes$$THM_ISAv4$P$D$K$B$S$PE$A:L22UL41UL21$X:L11$S22US41US21$IEEE1$IW$~IW$USESV6$~STKCKD$USESV7$~SHL$OTIME$ROPI$EBA8$MICROLIB$REQ8$PRES8$EABIv2 0x00000000   Number         0  anon$$obj.o ABSOLUTE
    __Vectors                                0x00000000   Data           4  startup_pt32z192.o(RESET)
    _printf_a                                0x00000000   Number         0  printfstubs.o ABSOLUTE
    _printf_c                                0x00000000   Number         0  printfstubs.o ABSOLUTE
    _printf_charcount                        0x00000000   Number         0  printfstubs.o ABSOLUTE
    _printf_d                                0x00000000   Number         0  printfstubs.o ABSOLUTE
    _printf_e                                0x00000000   Number         0  printfstubs.o ABSOLUTE
    _printf_f                                0x00000000   Number         0  printfstubs.o ABSOLUTE
    _printf_flags                            0x00000000   Number         0  printfstubs.o ABSOLUTE
    _printf_fp_dec                           0x00000000   Number         0  printfstubs.o ABSOLUTE
    _printf_fp_hex                           0x00000000   Number         0  printfstubs.o ABSOLUTE
    _printf_g                                0x00000000   Number         0  printfstubs.o ABSOLUTE
    _printf_i                                0x00000000   Number         0  printfstubs.o ABSOLUTE
    _printf_int_dec                          0x00000000   Number         0  printfstubs.o ABSOLUTE
    _printf_l                                0x00000000   Number         0  printfstubs.o ABSOLUTE
    _printf_lc                               0x00000000   Number         0  printfstubs.o ABSOLUTE
    _printf_ll                               0x00000000   Number         0  printfstubs.o ABSOLUTE
    _printf_lld                              0x00000000   Number         0  printfstubs.o ABSOLUTE
    _printf_lli                              0x00000000   Number         0  printfstubs.o ABSOLUTE
    _printf_llo                              0x00000000   Number         0  printfstubs.o ABSOLUTE
    _printf_llu                              0x00000000   Number         0  printfstubs.o ABSOLUTE
    _printf_llx                              0x00000000   Number         0  printfstubs.o ABSOLUTE
    _printf_longlong_dec                     0x00000000   Number         0  printfstubs.o ABSOLUTE
    _printf_longlong_hex                     0x00000000   Number         0  printfstubs.o ABSOLUTE
    _printf_longlong_oct                     0x00000000   Number         0  printfstubs.o ABSOLUTE
    _printf_ls                               0x00000000   Number         0  printfstubs.o ABSOLUTE
    _printf_mbtowc                           0x00000000   Number         0  printfstubs.o ABSOLUTE
    _printf_n                                0x00000000   Number         0  printfstubs.o ABSOLUTE
    _printf_o                                0x00000000   Number         0  printfstubs.o ABSOLUTE
    _printf_p                                0x00000000   Number         0  printfstubs.o ABSOLUTE
    _printf_percent                          0x00000000   Number         0  printfstubs.o ABSOLUTE
    _printf_pre_padding                      0x00000000   Number         0  printfstubs.o ABSOLUTE
    _printf_return_value                     0x00000000   Number         0  printfstubs.o ABSOLUTE
    _printf_s                                0x00000000   Number         0  printfstubs.o ABSOLUTE
    _printf_sizespec                         0x00000000   Number         0  printfstubs.o ABSOLUTE
    _printf_str                              0x00000000   Number         0  printfstubs.o ABSOLUTE
    _printf_truncate_signed                  0x00000000   Number         0  printfstubs.o ABSOLUTE
    _printf_truncate_unsigned                0x00000000   Number         0  printfstubs.o ABSOLUTE
    _printf_u                                0x00000000   Number         0  printfstubs.o ABSOLUTE
    _printf_wc                               0x00000000   Number         0  printfstubs.o ABSOLUTE
    _printf_wctomb                           0x00000000   Number         0  printfstubs.o ABSOLUTE
    _printf_widthprec                        0x00000000   Number         0  printfstubs.o ABSOLUTE
    _printf_x                                0x00000000   Number         0  printfstubs.o ABSOLUTE
    __cpp_initialize__aeabi_                  - Undefined Weak Reference
    __cxa_finalize                            - Undefined Weak Reference
    __decompress                              - Undefined Weak Reference
    _clock_init                               - Undefined Weak Reference
    _microlib_exit                            - Undefined Weak Reference
    __Vectors_End                            0x00000130   Data           0  startup_pt32z192.o(RESET)
    __Vectors_Size                           0x00000130   Number         0  startup_pt32z192.o ABSOLUTE
    __main                                   0x00000131   Thumb Code     0  entry.o(.ARM.Collect$$$$00000000)
    _main_stk                                0x00000131   Thumb Code     0  entry2.o(.ARM.Collect$$$$00000001)
    _main_scatterload                        0x00000135   Thumb Code     0  entry5.o(.ARM.Collect$$$$00000004)
    __main_after_scatterload                 0x00000139   Thumb Code     0  entry5.o(.ARM.Collect$$$$00000004)
    _main_clock                              0x00000139   Thumb Code     0  entry7b.o(.ARM.Collect$$$$00000008)
    _main_cpp_init                           0x00000139   Thumb Code     0  entry8b.o(.ARM.Collect$$$$0000000A)
    _main_init                               0x00000139   Thumb Code     0  entry9a.o(.ARM.Collect$$$$0000000B)
    __rt_final_cpp                           0x00000141   Thumb Code     0  entry10a.o(.ARM.Collect$$$$0000000D)
    __rt_final_exit                          0x00000141   Thumb Code     0  entry11a.o(.ARM.Collect$$$$0000000F)
    Reset_Handler                            0x00000145   Thumb Code    14  startup_pt32z192.o(.text)
    MemManage_Handler                        0x00000157   Thumb Code     2  startup_pt32z192.o(.text)
    BusFault_Handler                         0x00000159   Thumb Code     2  startup_pt32z192.o(.text)
    UsageFault_Handler                       0x0000015b   Thumb Code     2  startup_pt32z192.o(.text)
    DebugMon_Handler                         0x0000015f   Thumb Code     2  startup_pt32z192.o(.text)
    AES_Handler                              0x00000165   Thumb Code     0  startup_pt32z192.o(.text)
    I2C_Handler                              0x00000165   Thumb Code     0  startup_pt32z192.o(.text)
    QSPI_Handler                             0x00000165   Thumb Code     0  startup_pt32z192.o(.text)
    RCC_Handler                              0x00000165   Thumb Code     0  startup_pt32z192.o(.text)
    USB11_Handler                            0x00000165   Thumb Code     0  startup_pt32z192.o(.text)
    WDG_Handler                              0x00000165   Thumb Code     0  startup_pt32z192.o(.text)
    __aeabi_memcpy                           0x00000179   Thumb Code    36  memcpya.o(.text)
    __aeabi_memcpy4                          0x00000179   Thumb Code     0  memcpya.o(.text)
    __aeabi_memcpy8                          0x00000179   Thumb Code     0  memcpya.o(.text)
    __aeabi_memset                           0x0000019d   Thumb Code    14  memseta.o(.text)
    __aeabi_memset4                          0x0000019d   Thumb Code     0  memseta.o(.text)
    __aeabi_memset8                          0x0000019d   Thumb Code     0  memseta.o(.text)
    __aeabi_memclr                           0x000001ab   Thumb Code     4  memseta.o(.text)
    __aeabi_memclr4                          0x000001ab   Thumb Code     0  memseta.o(.text)
    __aeabi_memclr8                          0x000001ab   Thumb Code     0  memseta.o(.text)
    _memset$wrapper                          0x000001af   Thumb Code    18  memseta.o(.text)
    __aeabi_dmul                             0x000001c1   Thumb Code   228  dmul.o(.text)
    __aeabi_ddiv                             0x000002a5   Thumb Code   222  ddiv.o(.text)
    __aeabi_dcmple                           0x00000383   Thumb Code    54  dcmple.o(.text)
    __aeabi_dcmpge                           0x000003b9   Thumb Code    54  dcmpge.o(.text)
    __aeabi_ui2d                             0x000003ef   Thumb Code    26  dfltui.o(.text)
    __aeabi_d2uiz                            0x00000409   Thumb Code    50  dfixui.o(.text)
    __aeabi_uidiv                            0x0000043b   Thumb Code     0  uidiv.o(.text)
    __aeabi_uidivmod                         0x0000043b   Thumb Code    44  uidiv.o(.text)
    __aeabi_uldivmod                         0x00000467   Thumb Code    98  uldiv.o(.text)
    __aeabi_llsr                             0x000004c9   Thumb Code    32  llushr.o(.text)
    _ll_ushift_r                             0x000004c9   Thumb Code     0  llushr.o(.text)
    __I$use$fp                               0x000004e9   Thumb Code     0  iusefp.o(.text)
    _double_round                            0x000004e9   Thumb Code    30  depilogue.o(.text)
    _double_epilogue                         0x00000507   Thumb Code   156  depilogue.o(.text)
    __aeabi_dadd                             0x000005a3   Thumb Code   322  dadd.o(.text)
    __aeabi_dsub                             0x000006e5   Thumb Code     6  dadd.o(.text)
    __aeabi_drsub                            0x000006eb   Thumb Code     6  dadd.o(.text)
    __aeabi_d2ulz                            0x000006f1   Thumb Code    48  dfixul.o(.text)
    __aeabi_cdrcmple                         0x00000721   Thumb Code    48  cdrcmple.o(.text)
    __scatterload                            0x00000751   Thumb Code    28  init.o(.text)
    __scatterload_rt2                        0x00000751   Thumb Code     0  init.o(.text)
    __aeabi_llsl                             0x00000775   Thumb Code    30  llshl.o(.text)
    _ll_shift_l                              0x00000775   Thumb Code     0  llshl.o(.text)
    __aeabi_lasr                             0x00000793   Thumb Code    36  llsshr.o(.text)
    _ll_sshift_r                             0x00000793   Thumb Code     0  llsshr.o(.text)
    ADC_ChannelConfig                        0x000007b9   Thumb Code    26  pt32z192xx_adc.o(.text.ADC_ChannelConfig)
    ADC_Cmd                                  0x000007d5   Thumb Code    18  pt32z192xx_adc.o(.text.ADC_Cmd)
    ADC_Handler                              0x000007e9   Thumb Code     2  pt32z192xx_it.o(.text.ADC_Handler)
    ADC_Init                                 0x000007ed   Thumb Code    56  pt32z192xx_adc.o(.text.ADC_Init)
    ADC_StartOfConversion                    0x00000825   Thumb Code    10  pt32z192xx_adc.o(.text.ADC_StartOfConversion)
    CoreMark                                 0x00000831   Thumb Code  1824  core_main.o(.text.CoreMark)
    DMA_AutoRepeat_Cmd                       0x00000f51   Thumb Code    44  pt32z192xx_dma.o(.text.DMA_AutoRepeat_Cmd)
    DMA_Cmd                                  0x00000f7d   Thumb Code    44  pt32z192xx_dma.o(.text.DMA_Cmd)
    DMA_Config                               0x00000fa9   Thumb Code    66  pt32z192xx_dma.o(.text.DMA_Config)
    DMA_DirectionConfig                      0x00000fed   Thumb Code    26  pt32z192xx_dma.o(.text.DMA_DirectionConfig)
    DMA_Handler                              0x00001009   Thumb Code     2  pt32z192xx_it.o(.text.DMA_Handler)
    DMA_PeripheralConfig                     0x0000100d   Thumb Code    42  pt32z192xx_dma.o(.text.DMA_PeripheralConfig)
    FLASH_Handler                            0x00001039   Thumb Code     2  pt32z192xx_it.o(.text.FLASH_Handler)
    GPIO_ClearITPendingBit                   0x0000103d   Thumb Code     4  pt32z192xx_gpio.o(.text.GPIO_ClearITPendingBit)
    GPIO_ITConfig                            0x00001041   Thumb Code    12  pt32z192xx_gpio.o(.text.GPIO_ITConfig)
    GPIO_Init                                0x0000104d   Thumb Code    86  pt32z192xx_gpio.o(.text.GPIO_Init)
    GPIO_PinAFConfig                         0x000010a5   Thumb Code    14  pt32z192xx_gpio.o(.text.GPIO_PinAFConfig)
    GPIO_SetBits                             0x000010b5   Thumb Code     8  pt32z192xx_gpio.o(.text.GPIO_SetBits)
    GPIO_TriTypeConfig                       0x000010bd   Thumb Code    52  pt32z192xx_gpio.o(.text.GPIO_TriTypeConfig)
    HardFaultHandler                         0x000010f1   Thumb Code   168  segger_hardfaulthandler.o(.text.HardFaultHandler)
    NMI_Handler                              0x00001199   Thumb Code     2  pt32z192xx_it.o(.text.NMI_Handler)
    NVIC_Init                                0x0000119d   Thumb Code    92  pt32z192xx_misc.o(.text.NVIC_Init)
    PA_Handler                               0x000011f9   Thumb Code     2  pt32z192xx_it.o(.text.PA_Handler)
    PB_Handler                               0x000011fd   Thumb Code     2  pt32z192xx_it.o(.text.PB_Handler)
    PC_Handler                               0x00001201   Thumb Code    80  pt32z192xx_it.o(.text.PC_Handler)
    PD_Handler                               0x00001251   Thumb Code     2  pt32z192xx_it.o(.text.PD_Handler)
    PMW_TimeBaseInit                         0x00001255   Thumb Code    26  pt32z192xx_pwm.o(.text.PMW_TimeBaseInit)
    PWM_BKI_LevelConfig                      0x00001271   Thumb Code    12  pt32z192xx_pwm.o(.text.PWM_BKI_LevelConfig)
    PWM_BreakInput_Cmd                       0x0000127d   Thumb Code    18  pt32z192xx_pwm.o(.text.PWM_BreakInput_Cmd)
    PWM_ClearFlag                            0x00001291   Thumb Code     4  pt32z192xx_pwm.o(.text.PWM_ClearFlag)
    PWM_Cmd                                  0x00001295   Thumb Code    18  pt32z192xx_pwm.o(.text.PWM_Cmd)
    PWM_GetFlagStatus                        0x000012a9   Thumb Code    10  pt32z192xx_pwm.o(.text.PWM_GetFlagStatus)
    PWM_IntConfig                            0x000012b5   Thumb Code   112  pt32z192xx_pwm.o(.text.PWM_IntConfig)
    PWM_OutputInit                           0x00001325   Thumb Code    98  pt32z192xx_pwm.o(.text.PWM_OutputInit)
    PendSV_Handler                           0x00001389   Thumb Code     2  pt32z192xx_it.o(.text.PendSV_Handler)
    RTC_Handler                              0x0000138d   Thumb Code     2  pt32z192xx_it.o(.text.RTC_Handler)
    SEGGER_RTT_Init                          0x00001391   Thumb Code   112  segger_rtt.o(.text.SEGGER_RTT_Init)
    SEGGER_RTT_Write                         0x00001401   Thumb Code   178  segger_rtt.o(.text.SEGGER_RTT_Write)
    SEGGER_RTT_WriteNoLock                   0x000014b5   Thumb Code   368  segger_rtt.o(.text.SEGGER_RTT_WriteNoLock)
    SEGGER_RTT_printf                        0x00001625   Thumb Code    30  segger_rtt_printf.o(.text.SEGGER_RTT_printf)
    SEGGER_RTT_vprintf                       0x00001645   Thumb Code  1508  segger_rtt_printf.o(.text.SEGGER_RTT_vprintf)
    SERIAL_PutChar                           0x00001c29   Thumb Code    40  pt32z192xx_serial.o(.text.SERIAL_PutChar)
    SPI0_Handler                             0x00001c51   Thumb Code     2  pt32z192xx_it.o(.text.SPI0_Handler)
    SPI1_Handler                             0x00001c55   Thumb Code     2  pt32z192xx_it.o(.text.SPI1_Handler)
    SVC_Handler                              0x00001c59   Thumb Code     2  pt32z192xx_it.o(.text.SVC_Handler)
    SysTick_Handler                          0x00001c5d   Thumb Code    34  pt32z192xx_it.o(.text.SysTick_Handler)
    SysTick_Init                             0x00001c81   Thumb Code    70  main.o(.text.SysTick_Init)
    SysTick_Stop_time                        0x00001cc9   Thumb Code    22  main.o(.text.SysTick_Stop_time)
    SystemInit                               0x00001ce1   Thumb Code   384  system_pt32z192xx.o(.text.SystemInit)
    TMR0_Handler                             0x00001e61   Thumb Code    36  pt32z192xx_it.o(.text.TMR0_Handler)
    TMR1_Handler                             0x00001e85   Thumb Code     2  pt32z192xx_it.o(.text.TMR1_Handler)
    TMR2_Handler                             0x00001e89   Thumb Code     2  pt32z192xx_it.o(.text.TMR2_Handler)
    TMR3_Handler                             0x00001e8d   Thumb Code     2  pt32z192xx_it.o(.text.TMR3_Handler)
    TMR4_Handler                             0x00001e91   Thumb Code     2  pt32z192xx_it.o(.text.TMR4_Handler)
    TMR5_Handler                             0x00001e95   Thumb Code     2  pt32z192xx_it.o(.text.TMR5_Handler)
    UART0_Handler                            0x00001e99   Thumb Code     2  pt32z192xx_it.o(.text.UART0_Handler)
    UART1_Handler                            0x00001e9d   Thumb Code     2  pt32z192xx_it.o(.text.UART1_Handler)
    UART2_Handler                            0x00001ea1   Thumb Code    36  pt32z192xx_it.o(.text.UART2_Handler)
    UART_Cmd                                 0x00001ec5   Thumb Code    18  pt32z192xx_uart.o(.text.UART_Cmd)
    UART_ITConfig                            0x00001ed9   Thumb Code    16  pt32z192xx_uart.o(.text.UART_ITConfig)
    UART_Init                                0x00001ee9   Thumb Code   154  pt32z192xx_uart.o(.text.UART_Init)
    app                                      0x00002135   Thumb Code   144  app.o(.text.app)
    calc_func                                0x000021c5   Thumb Code   136  core_list_join.o(.text.calc_func)
    check_data_types                         0x0000224d   Thumb Code     4  core_util.o(.text.check_data_types)
    core_bench_list                          0x00002251   Thumb Code  1150  core_list_join.o(.text.core_bench_list)
    core_bench_matrix                        0x000026d1   Thumb Code    38  core_matrix.o(.text.core_bench_matrix)
    core_bench_state                         0x000026f9   Thumb Code   562  core_state.o(.text.core_bench_state)
    core_init_matrix                         0x0000292d   Thumb Code   616  core_matrix.o(.text.core_init_matrix)
    core_init_state                          0x00002b95   Thumb Code   328  core_state.o(.text.core_init_state)
    core_list_init                           0x00002cdd   Thumb Code   958  core_list_join.o(.text.core_list_init)
    core_state_transition                    0x0000309d   Thumb Code   510  core_state.o(.text.core_state_transition)
    crc16                                    0x0000329d   Thumb Code     6  core_util.o(.text.crc16)
    crcu16                                   0x000032a5   Thumb Code   278  core_util.o(.text.crcu16)
    crcu32                                   0x000033bd   Thumb Code    22  core_util.o(.text.crcu32)
    fputc                                    0x000033d5   Thumb Code    10  pt32z192xx_retarget.o(.text.fputc)
    get_seed_32                              0x000033e1   Thumb Code    40  core_util.o(.text.get_seed_32)
    get_time                                 0x00003409   Thumb Code    12  core_portme.o(.text.get_time)
    main                                     0x00003415   Thumb Code   808  main.o(.text.main)
    matrix_test                              0x0000373d   Thumb Code  3918  core_matrix.o(.text.matrix_test)
    portable_fini                            0x0000468d   Thumb Code     6  core_portme.o(.text.portable_fini)
    portable_init                            0x00004695   Thumb Code     6  core_portme.o(.text.portable_init)
    read_uid                                 0x0000469d   Thumb Code   244  main.o(.text.read_uid)
    start_time                               0x00004791   Thumb Code    20  core_portme.o(.text.start_time)
    stop_time                                0x000047a5   Thumb Code     4  core_portme.o(.text.stop_time)
    time_in_secs                             0x000047a9   Thumb Code    28  core_portme.o(.text.time_in_secs)
    HardFault_Handler                        0x000047c5   Thumb Code     0  hardfaulthandler.o(OSKERNEL)
    __0printf                                0x000047d9   Thumb Code    22  printfa.o(i.__0printf)
    __1printf                                0x000047d9   Thumb Code     0  printfa.o(i.__0printf)
    __2printf                                0x000047d9   Thumb Code     0  printfa.o(i.__0printf)
    __c89printf                              0x000047d9   Thumb Code     0  printfa.o(i.__0printf)
    printf                                   0x000047d9   Thumb Code     0  printfa.o(i.__0printf)
    __scatterload_copy                       0x000047f9   Thumb Code    14  handlers.o(i.__scatterload_copy)
    __scatterload_null                       0x00004807   Thumb Code     2  handlers.o(i.__scatterload_null)
    __scatterload_zeroinit                   0x00004809   Thumb Code    14  handlers.o(i.__scatterload_zeroinit)
    putchar                                  0x000050cd   Thumb Code     6  putchar.o(i.putchar)
    puts                                     0x000050d9   Thumb Code    30  puts.o(i.puts)
    Region$$Table$$Base                      0x000055a4   Number         0  anon$$obj.o(Region$$Table)
    Region$$Table$$Limit                     0x000055c4   Number         0  anon$$obj.o(Region$$Table)
    __stdout                                 0x20000000   Data           4  stdout.o(.data)
    SystemCoreClock                          0x20000004   Data           4  system_pt32z192xx.o(.data.SystemCoreClock)
    VCO_VALUE                                0x20000008   Data           4  system_pt32z192xx.o(.data.VCO_VALUE)
    default_num_contexts                     0x2000000c   Data           4  core_portme.o(.data.default_num_contexts)
    seed3_volatile                           0x20000010   Data           4  core_portme.o(.data.seed3_volatile)
    seed4_volatile                           0x20000014   Data           4  core_portme.o(.data.seed4_volatile)
    TimingDelay                              0x20000018   Data           4  app.o(.bss..L_MergedGlobals)
    key_flag                                 0x2000001c   Data           4  app.o(.bss..L_MergedGlobals)
    Tick                                     0x20000078   Data           4  core_portme.o(.bss.Tick)
    _SEGGER_RTT                              0x2000007c   Data         168  segger_rtt.o(.bss._SEGGER_RTT)
    m_AdcValue                               0x20000524   Data           2  main.o(.bss.m_AdcValue)
    seed1_volatile                           0x20000528   Data           4  core_portme.o(.bss.seed1_volatile)
    seed2_volatile                           0x2000052c   Data           4  core_portme.o(.bss.seed2_volatile)
    seed5_volatile                           0x20000530   Data           4  core_portme.o(.bss.seed5_volatile)
    __initial_sp                             0x20008538   Data           0  startup_pt32z192.o(STACK)



==============================================================================

Memory Map of the image

  Image Entry point : 0x00000131

  Load Region LR_IROM1 (Base: 0x00000000, Size: 0x000055e0, Max: 0x00080000, ABSOLUTE)

    Execution Region ER_IROM1 (Exec base: 0x00000000, Load base: 0x00000000, Size: 0x000055c4, Max: 0x00080000, ABSOLUTE)

    Exec Addr    Load Addr    Size         Type   Attr      Idx    E Section Name        Object

    0x00000000   0x00000000   0x00000130   Data   RO          134    RESET               startup_pt32z192.o
    0x00000130   0x00000130   0x00000000   Code   RO         1024  * .ARM.Collect$$$$00000000  mc_w.l(entry.o)
    0x00000130   0x00000130   0x00000004   Code   RO         1314    .ARM.Collect$$$$00000001  mc_w.l(entry2.o)
    0x00000134   0x00000134   0x00000004   Code   RO         1317    .ARM.Collect$$$$00000004  mc_w.l(entry5.o)
    0x00000138   0x00000138   0x00000000   Code   RO         1319    .ARM.Collect$$$$00000008  mc_w.l(entry7b.o)
    0x00000138   0x00000138   0x00000000   Code   RO         1321    .ARM.Collect$$$$0000000A  mc_w.l(entry8b.o)
    0x00000138   0x00000138   0x00000008   Code   RO         1322    .ARM.Collect$$$$0000000B  mc_w.l(entry9a.o)
    0x00000140   0x00000140   0x00000000   Code   RO         1324    .ARM.Collect$$$$0000000D  mc_w.l(entry10a.o)
    0x00000140   0x00000140   0x00000000   Code   RO         1326    .ARM.Collect$$$$0000000F  mc_w.l(entry11a.o)
    0x00000140   0x00000140   0x00000004   Code   RO         1315    .ARM.Collect$$$$00002712  mc_w.l(entry2.o)
    0x00000144   0x00000144   0x00000034   Code   RO          135    .text               startup_pt32z192.o
    0x00000178   0x00000178   0x00000024   Code   RO         1033    .text               mc_w.l(memcpya.o)
    0x0000019c   0x0000019c   0x00000024   Code   RO         1035    .text               mc_w.l(memseta.o)
    0x000001c0   0x000001c0   0x000000e4   Code   RO         1302    .text               mf_w.l(dmul.o)
    0x000002a4   0x000002a4   0x000000de   Code   RO         1304    .text               mf_w.l(ddiv.o)
    0x00000382   0x00000382   0x00000036   Code   RO         1306    .text               mf_w.l(dcmple.o)
    0x000003b8   0x000003b8   0x00000036   Code   RO         1308    .text               mf_w.l(dcmpge.o)
    0x000003ee   0x000003ee   0x0000001a   Code   RO         1310    .text               mf_w.l(dfltui.o)
    0x00000408   0x00000408   0x00000032   Code   RO         1312    .text               mf_w.l(dfixui.o)
    0x0000043a   0x0000043a   0x0000002c   Code   RO         1329    .text               mc_w.l(uidiv.o)
    0x00000466   0x00000466   0x00000062   Code   RO         1331    .text               mc_w.l(uldiv.o)
    0x000004c8   0x000004c8   0x00000020   Code   RO         1333    .text               mc_w.l(llushr.o)
    0x000004e8   0x000004e8   0x00000000   Code   RO         1335    .text               mc_w.l(iusefp.o)
    0x000004e8   0x000004e8   0x000000ba   Code   RO         1336    .text               mf_w.l(depilogue.o)
    0x000005a2   0x000005a2   0x0000014e   Code   RO         1338    .text               mf_w.l(dadd.o)
    0x000006f0   0x000006f0   0x00000030   Code   RO         1340    .text               mf_w.l(dfixul.o)
    0x00000720   0x00000720   0x00000030   Code   RO         1342    .text               mf_w.l(cdrcmple.o)
    0x00000750   0x00000750   0x00000024   Code   RO         1344    .text               mc_w.l(init.o)
    0x00000774   0x00000774   0x0000001e   Code   RO         1346    .text               mc_w.l(llshl.o)
    0x00000792   0x00000792   0x00000024   Code   RO         1348    .text               mc_w.l(llsshr.o)
    0x000007b6   0x000007b6   0x00000002   PAD
    0x000007b8   0x000007b8   0x0000001a   Code   RO          150    .text.ADC_ChannelConfig  pt32z192xx_adc.o
    0x000007d2   0x000007d2   0x00000002   PAD
    0x000007d4   0x000007d4   0x00000012   Code   RO          146    .text.ADC_Cmd       pt32z192xx_adc.o
    0x000007e6   0x000007e6   0x00000002   PAD
    0x000007e8   0x000007e8   0x00000002   Code   RO           74    .text.ADC_Handler   pt32z192xx_it.o
    0x000007ea   0x000007ea   0x00000002   PAD
    0x000007ec   0x000007ec   0x00000038   Code   RO          142    .text.ADC_Init      pt32z192xx_adc.o
    0x00000824   0x00000824   0x0000000a   Code   RO          156    .text.ADC_StartOfConversion  pt32z192xx_adc.o
    0x0000082e   0x0000082e   0x00000002   PAD
    0x00000830   0x00000830   0x00000720   Code   RO          918    .text.CoreMark      core_main.o
    0x00000f50   0x00000f50   0x0000002c   Code   RO          746    .text.DMA_AutoRepeat_Cmd  pt32z192xx_dma.o
    0x00000f7c   0x00000f7c   0x0000002c   Code   RO          740    .text.DMA_Cmd       pt32z192xx_dma.o
    0x00000fa8   0x00000fa8   0x00000042   Code   RO          738    .text.DMA_Config    pt32z192xx_dma.o
    0x00000fea   0x00000fea   0x00000002   PAD
    0x00000fec   0x00000fec   0x0000001a   Code   RO          744    .text.DMA_DirectionConfig  pt32z192xx_dma.o
    0x00001006   0x00001006   0x00000002   PAD
    0x00001008   0x00001008   0x00000002   Code   RO          110    .text.DMA_Handler   pt32z192xx_it.o
    0x0000100a   0x0000100a   0x00000002   PAD
    0x0000100c   0x0000100c   0x0000002a   Code   RO          772    .text.DMA_PeripheralConfig  pt32z192xx_dma.o
    0x00001036   0x00001036   0x00000002   PAD
    0x00001038   0x00001038   0x00000002   Code   RO           60    .text.FLASH_Handler  pt32z192xx_it.o
    0x0000103a   0x0000103a   0x00000002   PAD
    0x0000103c   0x0000103c   0x00000004   Code   RO          310    .text.GPIO_ClearITPendingBit  pt32z192xx_gpio.o
    0x00001040   0x00001040   0x0000000c   Code   RO          300    .text.GPIO_ITConfig  pt32z192xx_gpio.o
    0x0000104c   0x0000104c   0x00000056   Code   RO          272    .text.GPIO_Init     pt32z192xx_gpio.o
    0x000010a2   0x000010a2   0x00000002   PAD
    0x000010a4   0x000010a4   0x0000000e   Code   RO          298    .text.GPIO_PinAFConfig  pt32z192xx_gpio.o
    0x000010b2   0x000010b2   0x00000002   PAD
    0x000010b4   0x000010b4   0x00000008   Code   RO          288    .text.GPIO_SetBits  pt32z192xx_gpio.o
    0x000010bc   0x000010bc   0x00000034   Code   RO          302    .text.GPIO_TriTypeConfig  pt32z192xx_gpio.o
    0x000010f0   0x000010f0   0x000000a8   Code   RO          871    .text.HardFaultHandler  segger_hardfaulthandler.o
    0x00001198   0x00001198   0x00000002   Code   RO           48    .text.NMI_Handler   pt32z192xx_it.o
    0x0000119a   0x0000119a   0x00000002   PAD
    0x0000119c   0x0000119c   0x0000005c   Code   RO          374    .text.NVIC_Init     pt32z192xx_misc.o
    0x000011f8   0x000011f8   0x00000002   Code   RO           62    .text.PA_Handler    pt32z192xx_it.o
    0x000011fa   0x000011fa   0x00000002   PAD
    0x000011fc   0x000011fc   0x00000002   Code   RO           64    .text.PB_Handler    pt32z192xx_it.o
    0x000011fe   0x000011fe   0x00000002   PAD
    0x00001200   0x00001200   0x00000050   Code   RO           66    .text.PC_Handler    pt32z192xx_it.o
    0x00001250   0x00001250   0x00000002   Code   RO           68    .text.PD_Handler    pt32z192xx_it.o
    0x00001252   0x00001252   0x00000002   PAD
    0x00001254   0x00001254   0x0000001a   Code   RO          386    .text.PMW_TimeBaseInit  pt32z192xx_pwm.o
    0x0000126e   0x0000126e   0x00000002   PAD
    0x00001270   0x00001270   0x0000000c   Code   RO          418    .text.PWM_BKI_LevelConfig  pt32z192xx_pwm.o
    0x0000127c   0x0000127c   0x00000012   Code   RO          416    .text.PWM_BreakInput_Cmd  pt32z192xx_pwm.o
    0x0000128e   0x0000128e   0x00000002   PAD
    0x00001290   0x00001290   0x00000004   Code   RO          424    .text.PWM_ClearFlag  pt32z192xx_pwm.o
    0x00001294   0x00001294   0x00000012   Code   RO          414    .text.PWM_Cmd       pt32z192xx_pwm.o
    0x000012a6   0x000012a6   0x00000002   PAD
    0x000012a8   0x000012a8   0x0000000a   Code   RO          422    .text.PWM_GetFlagStatus  pt32z192xx_pwm.o
    0x000012b2   0x000012b2   0x00000002   PAD
    0x000012b4   0x000012b4   0x00000070   Code   RO          420    .text.PWM_IntConfig  pt32z192xx_pwm.o
    0x00001324   0x00001324   0x00000062   Code   RO          388    .text.PWM_OutputInit  pt32z192xx_pwm.o
    0x00001386   0x00001386   0x00000002   PAD
    0x00001388   0x00001388   0x00000002   Code   RO           52    .text.PendSV_Handler  pt32z192xx_it.o
    0x0000138a   0x0000138a   0x00000002   PAD
    0x0000138c   0x0000138c   0x00000002   Code   RO          104    .text.RTC_Handler   pt32z192xx_it.o
    0x0000138e   0x0000138e   0x00000002   PAD
    0x00001390   0x00001390   0x00000070   Code   RO          834    .text.SEGGER_RTT_Init  segger_rtt.o
    0x00001400   0x00001400   0x000000b2   Code   RO          798    .text.SEGGER_RTT_Write  segger_rtt.o
    0x000014b2   0x000014b2   0x00000002   PAD
    0x000014b4   0x000014b4   0x00000170   Code   RO          794    .text.SEGGER_RTT_WriteNoLock  segger_rtt.o
    0x00001624   0x00001624   0x0000001e   Code   RO          861    .text.SEGGER_RTT_printf  segger_rtt_printf.o
    0x00001642   0x00001642   0x00000002   PAD
    0x00001644   0x00001644   0x000005e4   Code   RO          857    .text.SEGGER_RTT_vprintf  segger_rtt_printf.o
    0x00001c28   0x00001c28   0x00000028   Code   RO          726    .text.SERIAL_PutChar  pt32z192xx_serial.o
    0x00001c50   0x00001c50   0x00000002   Code   RO           76    .text.SPI0_Handler  pt32z192xx_it.o
    0x00001c52   0x00001c52   0x00000002   PAD
    0x00001c54   0x00001c54   0x00000002   Code   RO           78    .text.SPI1_Handler  pt32z192xx_it.o
    0x00001c56   0x00001c56   0x00000002   PAD
    0x00001c58   0x00001c58   0x00000002   Code   RO           50    .text.SVC_Handler   pt32z192xx_it.o
    0x00001c5a   0x00001c5a   0x00000002   PAD
    0x00001c5c   0x00001c5c   0x00000022   Code   RO           54    .text.SysTick_Handler  pt32z192xx_it.o
    0x00001c7e   0x00001c7e   0x00000002   PAD
    0x00001c80   0x00001c80   0x00000046   Code   RO           25    .text.SysTick_Init  main.o
    0x00001cc6   0x00001cc6   0x00000002   PAD
    0x00001cc8   0x00001cc8   0x00000016   Code   RO           27    .text.SysTick_Stop_time  main.o
    0x00001cde   0x00001cde   0x00000002   PAD
    0x00001ce0   0x00001ce0   0x00000180   Code   RO          122    .text.SystemInit    system_pt32z192xx.o
    0x00001e60   0x00001e60   0x00000024   Code   RO           92    .text.TMR0_Handler  pt32z192xx_it.o
    0x00001e84   0x00001e84   0x00000002   Code   RO           94    .text.TMR1_Handler  pt32z192xx_it.o
    0x00001e86   0x00001e86   0x00000002   PAD
    0x00001e88   0x00001e88   0x00000002   Code   RO           96    .text.TMR2_Handler  pt32z192xx_it.o
    0x00001e8a   0x00001e8a   0x00000002   PAD
    0x00001e8c   0x00001e8c   0x00000002   Code   RO           98    .text.TMR3_Handler  pt32z192xx_it.o
    0x00001e8e   0x00001e8e   0x00000002   PAD
    0x00001e90   0x00001e90   0x00000002   Code   RO          100    .text.TMR4_Handler  pt32z192xx_it.o
    0x00001e92   0x00001e92   0x00000002   PAD
    0x00001e94   0x00001e94   0x00000002   Code   RO          102    .text.TMR5_Handler  pt32z192xx_it.o
    0x00001e96   0x00001e96   0x00000002   PAD
    0x00001e98   0x00001e98   0x00000002   Code   RO           80    .text.UART0_Handler  pt32z192xx_it.o
    0x00001e9a   0x00001e9a   0x00000002   PAD
    0x00001e9c   0x00001e9c   0x00000002   Code   RO           82    .text.UART1_Handler  pt32z192xx_it.o
    0x00001e9e   0x00001e9e   0x00000002   PAD
    0x00001ea0   0x00001ea0   0x00000024   Code   RO           84    .text.UART2_Handler  pt32z192xx_it.o
    0x00001ec4   0x00001ec4   0x00000012   Code   RO          558    .text.UART_Cmd      pt32z192xx_uart.o
    0x00001ed6   0x00001ed6   0x00000002   PAD
    0x00001ed8   0x00001ed8   0x00000010   Code   RO          586    .text.UART_ITConfig  pt32z192xx_uart.o
    0x00001ee8   0x00001ee8   0x0000009a   Code   RO          554    .text.UART_Init     pt32z192xx_uart.o
    0x00001f82   0x00001f82   0x00000002   PAD
    0x00001f84   0x00001f84   0x000001b0   Code   RO          859    .text._PrintUnsigned  segger_rtt_printf.o
    0x00002134   0x00002134   0x00000090   Code   RO            4    .text.app           app.o
    0x000021c4   0x000021c4   0x00000088   Code   RO          884    .text.calc_func     core_list_join.o
    0x0000224c   0x0000224c   0x00000004   Code   RO         1015    .text.check_data_types  core_util.o
    0x00002250   0x00002250   0x0000047e   Code   RO          892    .text.core_bench_list  core_list_join.o
    0x000026ce   0x000026ce   0x00000002   PAD
    0x000026d0   0x000026d0   0x00000026   Code   RO          933    .text.core_bench_matrix  core_matrix.o
    0x000026f6   0x000026f6   0x00000002   PAD
    0x000026f8   0x000026f8   0x00000232   Code   RO          986    .text.core_bench_state  core_state.o
    0x0000292a   0x0000292a   0x00000002   PAD
    0x0000292c   0x0000292c   0x00000268   Code   RO          949    .text.core_init_matrix  core_matrix.o
    0x00002b94   0x00002b94   0x00000148   Code   RO          990    .text.core_init_state  core_state.o
    0x00002cdc   0x00002cdc   0x000003be   Code   RO          904    .text.core_list_init  core_list_join.o
    0x0000309a   0x0000309a   0x00000002   PAD
    0x0000309c   0x0000309c   0x000001fe   Code   RO          988    .text.core_state_transition  core_state.o
    0x0000329a   0x0000329a   0x00000002   PAD
    0x0000329c   0x0000329c   0x00000006   Code   RO         1013    .text.crc16         core_util.o
    0x000032a2   0x000032a2   0x00000002   PAD
    0x000032a4   0x000032a4   0x00000116   Code   RO         1009    .text.crcu16        core_util.o
    0x000033ba   0x000033ba   0x00000002   PAD
    0x000033bc   0x000033bc   0x00000016   Code   RO         1011    .text.crcu32        core_util.o
    0x000033d2   0x000033d2   0x00000002   PAD
    0x000033d4   0x000033d4   0x0000000a   Code   RO          712    .text.fputc         pt32z192xx_retarget.o
    0x000033de   0x000033de   0x00000002   PAD
    0x000033e0   0x000033e0   0x00000028   Code   RO         1005    .text.get_seed_32   core_util.o
    0x00003408   0x00003408   0x0000000c   Code   RO          963    .text.get_time      core_portme.o
    0x00003414   0x00003414   0x00000328   Code   RO           35    .text.main          main.o
    0x0000373c   0x0000373c   0x00000f4e   Code   RO          935    .text.matrix_test   core_matrix.o
    0x0000468a   0x0000468a   0x00000002   PAD
    0x0000468c   0x0000468c   0x00000006   Code   RO          969    .text.portable_fini  core_portme.o
    0x00004692   0x00004692   0x00000002   PAD
    0x00004694   0x00004694   0x00000006   Code   RO          967    .text.portable_init  core_portme.o
    0x0000469a   0x0000469a   0x00000002   PAD
    0x0000469c   0x0000469c   0x000000f4   Code   RO           31    .text.read_uid      main.o
    0x00004790   0x00004790   0x00000014   Code   RO          959    .text.start_time    core_portme.o
    0x000047a4   0x000047a4   0x00000004   Code   RO          961    .text.stop_time     core_portme.o
    0x000047a8   0x000047a8   0x0000001c   Code   RO          965    .text.time_in_secs  core_portme.o
    0x000047c4   0x000047c4   0x00000012   Code   RO          880    OSKERNEL            hardfaulthandler.o
    0x000047d6   0x000047d6   0x00000002   PAD
    0x000047d8   0x000047d8   0x00000020   Code   RO         1274    i.__0printf         mc_w.l(printfa.o)
    0x000047f8   0x000047f8   0x0000000e   Code   RO         1352    i.__scatterload_copy  mc_w.l(handlers.o)
    0x00004806   0x00004806   0x00000002   Code   RO         1353    i.__scatterload_null  mc_w.l(handlers.o)
    0x00004808   0x00004808   0x0000000e   Code   RO         1354    i.__scatterload_zeroinit  mc_w.l(handlers.o)
    0x00004816   0x00004816   0x00000002   PAD
    0x00004818   0x00004818   0x00000184   Code   RO         1281    i._fp_digits        mc_w.l(printfa.o)
    0x0000499c   0x0000499c   0x000006dc   Code   RO         1282    i._printf_core      mc_w.l(printfa.o)
    0x00005078   0x00005078   0x00000024   Code   RO         1283    i._printf_post_padding  mc_w.l(printfa.o)
    0x0000509c   0x0000509c   0x0000002e   Code   RO         1284    i._printf_pre_padding  mc_w.l(printfa.o)
    0x000050ca   0x000050ca   0x00000002   PAD
    0x000050cc   0x000050cc   0x0000000c   Code   RO         1029    i.putchar           mc_w.l(putchar.o)
    0x000050d8   0x000050d8   0x00000024   Code   RO         1027    i.puts              mc_w.l(puts.o)
    0x000050fc   0x000050fc   0x00000010   Data   RO          995    .rodata.errpat      core_state.o
    0x0000510c   0x0000510c   0x00000010   Data   RO          993    .rodata.floatpat    core_state.o
    0x0000511c   0x0000511c   0x00000010   Data   RO          992    .rodata.intpat      core_state.o
    0x0000512c   0x0000512c   0x0000000a   Data   RO          922    .rodata.list_known_crc  core_main.o
    0x00005136   0x00005136   0x0000000a   Data   RO          923    .rodata.matrix_known_crc  core_main.o
    0x00005140   0x00005140   0x00000010   Data   RO          994    .rodata.scipat      core_state.o
    0x00005150   0x00005150   0x0000000a   Data   RO          924    .rodata.state_known_crc  core_main.o
    0x0000515a   0x0000515a   0x00000061   Data   RO           37    .rodata.str1.1      main.o
    0x000051bb   0x000051bb   0x00000009   Data   RO          846    .rodata.str1.1      segger_rtt.o
    0x000051c4   0x000051c4   0x00000360   Data   RO          920    .rodata.str1.1      core_main.o
    0x00005524   0x00005524   0x00000080   Data   RO          996    .rodata.str1.1      core_state.o
    0x000055a4   0x000055a4   0x00000020   Data   RO         1351    Region$$Table       anon$$obj.o


    Execution Region RW_IRAM1 (Exec base: 0x20000000, Load base: 0x000055c8, Size: 0x00008538, Max: 0x00010000, ABSOLUTE)

    Exec Addr    Load Addr    Size         Type   Attr      Idx    E Section Name        Object

    0x20000000   0x000055c8   0x00000004   Data   RW         1328    .data               mc_w.l(stdout.o)
    0x20000004   0x000055cc   0x00000004   Data   RW          124    .data.SystemCoreClock  system_pt32z192xx.o
    0x20000008   0x000055d0   0x00000004   Data   RW          125    .data.VCO_VALUE     system_pt32z192xx.o
    0x2000000c   0x000055d4   0x00000004   Data   RW          977    .data.default_num_contexts  core_portme.o
    0x20000010   0x000055d8   0x00000004   Data   RW          973    .data.seed3_volatile  core_portme.o
    0x20000014   0x000055dc   0x00000004   Data   RW          974    .data.seed4_volatile  core_portme.o
    0x20000018        -       0x00000008   Zero   RW            7    .bss..L_MergedGlobals  app.o
    0x20000020        -       0x00000011   Zero   RW          848    .bss..L_MergedGlobals  segger_rtt.o
    0x20000031   0x000055e0   0x00000003   PAD
    0x20000034        -       0x00000044   Zero   RW          873    .bss..L_MergedGlobals  segger_hardfaulthandler.o
    0x20000078        -       0x00000004   Zero   RW          976    .bss.Tick           core_portme.o
    0x2000007c        -       0x000000a8   Zero   RW          844    .bss._SEGGER_RTT    segger_rtt.o
    0x20000124        -       0x00000400   Zero   RW          847    .bss._acUpBuffer    segger_rtt.o
    0x20000524        -       0x00000002   Zero   RW           38    .bss.m_AdcValue     main.o
    0x20000526   0x000055e0   0x00000002   PAD
    0x20000528        -       0x00000004   Zero   RW          971    .bss.seed1_volatile  core_portme.o
    0x2000052c        -       0x00000004   Zero   RW          972    .bss.seed2_volatile  core_portme.o
    0x20000530        -       0x00000004   Zero   RW          975    .bss.seed5_volatile  core_portme.o
    0x20000534   0x000055e0   0x00000004   PAD
    0x20000538        -       0x00008000   Zero   RW          132    STACK               startup_pt32z192.o


==============================================================================

Image component sizes


      Code (inc. data)   RO Data    RW Data    ZI Data      Debug   Object Name

       144         48          0          0          8       1247   app.o
      2244          0          0          0          0      17353   core_list_join.o
      1824        140        894          0          0       4917   core_main.o
      4572          0          0          0          0      17228   core_matrix.o
        76          0          0         12         16       1878   core_portme.o
      1400         64        192          0          0       5102   core_state.o
       350         20          0          0          0       3305   core_util.o
        18          0          0          0          0        308   hardfaulthandler.o
      1144         96         97          0          2       9007   main.o
       110          0          0          0          0       3436   pt32z192xx_adc.o
       222          0          0          0          0       5075   pt32z192xx_dma.o
       176          6          0          0          0       6864   pt32z192xx_gpio.o
       224         44          0          0          0       4754   pt32z192xx_it.o
        92          0          0          0          0       2392   pt32z192xx_misc.o
       298          4          0          0          0       8295   pt32z192xx_pwm.o
        10          0          0          0          0       1300   pt32z192xx_retarget.o
        40          0          0          0          0       1109   pt32z192xx_serial.o
       188          0          0          0          0       6039   pt32z192xx_uart.o
       168          0          0          0         68       2741   segger_hardfaulthandler.o
       658          0          9          0       1209      31449   segger_rtt.o
      1970        198          0          0          0       7685   segger_rtt_printf.o
        52         18        304          0      32768        808   startup_pt32z192.o
       384          0          0          8          0       2257   system_pt32z192xx.o

    ----------------------------------------------------------------------
     16468        638       1528         20      34080     144549   Object Totals
         0          0         32          0          0          0   (incl. Generated)
       104          0          0          0          9          0   (incl. Padding)

    ----------------------------------------------------------------------

      Code (inc. data)   RO Data    RW Data    ZI Data      Debug   Library Member Name

         0          0          0          0          0          0   entry.o
         0          0          0          0          0          0   entry10a.o
         0          0          0          0          0          0   entry11a.o
         8          4          0          0          0          0   entry2.o
         4          0          0          0          0          0   entry5.o
         0          0          0          0          0          0   entry7b.o
         0          0          0          0          0          0   entry8b.o
         8          4          0          0          0          0   entry9a.o
        30          0          0          0          0          0   handlers.o
        36          8          0          0          0         68   init.o
         0          0          0          0          0          0   iusefp.o
        30          0          0          0          0         68   llshl.o
        36          0          0          0          0         68   llsshr.o
        32          0          0          0          0         68   llushr.o
        36          0          0          0          0         68   memcpya.o
        36          0          0          0          0        108   memseta.o
      2258         90          0          0          0        452   printfa.o
        12          6          0          0          0         68   putchar.o
        36          6          0          0          0         80   puts.o
         0          0          0          4          0          0   stdout.o
        44          0          0          0          0         80   uidiv.o
        98          0          0          0          0         92   uldiv.o
        48          0          0          0          0         68   cdrcmple.o
       334          0          0          0          0        148   dadd.o
        54          0          0          0          0         80   dcmpge.o
        54          0          0          0          0         80   dcmple.o
       222          0          0          0          0        100   ddiv.o
       186          0          0          0          0        176   depilogue.o
        50          0          0          0          0         76   dfixui.o
        48          0          0          0          0         68   dfixul.o
        26          0          0          0          0         76   dfltui.o
       228          0          0          0          0         96   dmul.o

    ----------------------------------------------------------------------
      3960        118          0          4          0       2188   Library Totals
         6          0          0          0          0          0   (incl. Padding)

    ----------------------------------------------------------------------

      Code (inc. data)   RO Data    RW Data    ZI Data      Debug   Library Name

      2704        118          0          4          0       1220   mc_w.l
      1250          0          0          0          0        968   mf_w.l

    ----------------------------------------------------------------------
      3960        118          0          4          0       2188   Library Totals

    ----------------------------------------------------------------------

==============================================================================


      Code (inc. data)   RO Data    RW Data    ZI Data      Debug   

     20428        756       1528         24      34080     145373   Grand Totals
     20428        756       1528         24      34080     145373   ELF Image Totals
     20428        756       1528         24          0          0   ROM Totals

==============================================================================

    Total RO  Size (Code + RO Data)                21956 (  21.44kB)
    Total RW  Size (RW Data + ZI Data)             34104 (  33.30kB)
    Total ROM Size (Code + RO Data + RW Data)      21980 (  21.46kB)

==============================================================================

