<html>
<body>
<pre>
<h1>µVision Build Log</h1>
<h2>Tool Versions:</h2>
IDE-Version: ¦ÌVision V5.32.0.0
Copyright (C) 2020 ARM Ltd and ARM Germany GmbH. All rights reserved.
License Information: cccc phosense, cccc, LIC=BUURY-IZ4N7-BS6YX-H1QE2-4SU49-2HYG2
 
Tool Versions:
Toolchain:       MDK-ARM Plus  Version: 5.32.0.0
Toolchain Path:  d:\Keil_v5\ARM\ARMCLANG\Bin
C Compiler:      ArmClang.exe V6.14.1
Assembler:       Armasm.exe V6.14.1
Linker/Locator:  ArmLink.exe V6.14.1
Library Manager: ArmAr.exe V6.14.1
Hex Converter:   FromElf.exe V6.14.1
CPU DLL:         
Dialog DLL:      
Target DLL:      CMSIS_AGDI_V8M.DLL V1.6.17.0
Dialog DLL:      TCM.DLL V1.46.0.0
 
<h2>Project:</h2>
D:\cccc2020\CODE\workspace\bfsk_acm32\embedded\test_gpio\MDK\test_gpio.uvprojx
Project File Date:  01/24/2022

<h2>Output:</h2>
*** Using Compiler 'V6.14.1', folder: 'd:\Keil_v5\ARM\ARMCLANG\Bin'
Build target 'ramcode'
compiling app.c...
linking...
Program Size: Code=7520 RO-data=576 RW-data=0 ZI-data=3344  
After Build - User command #1: fromelf --bin -o ".\bin\ramcode.bin" "D:\cccc2020\CODE\workspace\bfsk_acm32\embedded\test_gpio\MDK\output\ramcode\ramcode.axf"
After Build - User command #2: fromelf -c "D:\cccc2020\CODE\workspace\bfsk_acm32\embedded\test_gpio\MDK\output\ramcode\ramcode.axf" -o "D:\cccc2020\CODE\workspace\bfsk_acm32\embedded\test_gpio\MDK\output\ramcode\ramcode.asm"
".\output\ramcode\ramcode.axf" - 0 Error(s), 0 Warning(s).

<h2>Software Packages used:</h2>

Package Vendor: Aisinochip
                
                Aisinochip.ACM32F4.1.0.0
                Aisinochip ACM32F4 ARMv8-M Device Family Pack

<h2>Collection of Component include folders:</h2>

<h2>Collection of Component Files used:</h2>
Build Time Elapsed:  00:00:01
</pre>
</body>
</html>
