<html>
<body>
<pre>
<h1>µVision Build Log</h1>
<h2>Tool Versions:</h2>
IDE-Version: ¦ÌVision V5.32.0.0
Copyright (C) 2020 ARM Ltd and ARM Germany GmbH. All rights reserved.
License Information: cccc phosense, cccc, LIC=BUURY-IZ4N7-BS6YX-H1QE2-4SU49-2HYG2
 
Tool Versions:
Toolchain:       MDK-ARM Plus  Version: 5.32.0.0
Toolchain Path:  d:\Keil_v5\ARM\ARMCLANG\Bin
C Compiler:      ArmClang.exe V6.14.1
Assembler:       Armasm.exe V6.14.1
Linker/Locator:  ArmLink.exe V6.14.1
Library Manager: ArmAr.exe V6.14.1
Hex Converter:   FromElf.exe V6.14.1
CPU DLL:         SARMCM3.DLL V5.32.0.0
Dialog DLL:      DCM.DLL V1.17.3.0
Target DLL:      Segger\JL2CM3.dll V2.99.20.0
Dialog DLL:      TCM.DLL V1.46.0.0
 
<h2>Project:</h2>
d:\cccc2020\CODE\workspace\bfsk_n32\embedded\test_pwm\MDK\test_pwm.uvprojx
Project File Date:  01/23/2022

<h2>Output:</h2>
*** Using Compiler 'V6.14.1', folder: 'd:\Keil_v5\ARM\ARMCLANG\Bin'
Build target 'ramcode'
assembling startup_n32g4fr.s...
compiling system_n32g4fr.c...
compiling misc.c...
compiling systick.c...
compiling n32g4fr_adc.c...
compiling app.c...
compiling n32g4fr_it.c...
compiling main.c...
compiling n32g4fr_bkp.c...
compiling n32g4fr_crc.c...
compiling n32g4fr_dbg.c...
compiling n32g4fr_dac.c...
compiling n32g4fr_exti.c...
compiling n32g4fr_dvp.c...
compiling n32g4fr_dma.c...
compiling n32g4fr_can.c...
compiling n32g4fr_flash.c...
compiling n32g4fr_iwdg.c...
compiling n32g4fr_gpio.c...
compiling n32g4fr_pwr.c...
compiling n32g4fr_i2c.c...
compiling n32g4fr_qspi.c...
compiling n32g4fr_rcc.c...
compiling n32g4fr_rtc.c...
compiling n32g4fr_sdio.c...
compiling SEGGER_HardFaultHandler.c...
compiling n32g4fr_wwdg.c...
compiling n32g4fr_spi.c...
compiling n32g4fr_tsc.c...
compiling n32g4fr_usart.c...
compiling n32g4fr_xfmc.c...
assembling HardFaultHandler.S...
compiling n32g4fr_tim.c...
compiling SEGGER_RTT_printf.c...
compiling SEGGER_RTT.c...
compiling delay.c...
compiling log.c...
linking...
Program Size: Code=18094 RO-data=810 RW-data=8 ZI-data=3352  
After Build - User command #1: fromelf --bin -o ".\bin\ramcode.bin" "d:\cccc2020\CODE\workspace\bfsk_n32\embedded\test_pwm\MDK\output\ramcode\ramcode.axf"
After Build - User command #2: fromelf -c "d:\cccc2020\CODE\workspace\bfsk_n32\embedded\test_pwm\MDK\output\ramcode\ramcode.axf" -o "d:\cccc2020\CODE\workspace\bfsk_n32\embedded\test_pwm\MDK\output\ramcode\ramcode.asm"
".\output\ramcode\ramcode.axf" - 0 Error(s), 0 Warning(s).

<h2>Software Packages used:</h2>

Package Vendor: Nationstech
                http://www.keil.com/pack/Nationstech.N32G4FR_DFP.1.0.1.pack
                Nationstech.N32G4FR_DFP.1.0.1
                Nationstech N32G4FR Series Device Support, Drivers and Examples

<h2>Collection of Component include folders:</h2>
  d:\Keil_v5\Arm\Packs\Nationstech\N32G4FR_DFP\1.0.1\firmware\CMSIS\device

<h2>Collection of Component Files used:</h2>
Build Time Elapsed:  00:00:03
</pre>
</body>
</html>
