Component: ARM Compiler 6.15 Tool: armlink [5dd79300]

==============================================================================

Section Cross References

    startup_acm32f4.o(RESET) refers to startup_acm32f4.o(STACK) for __initial_sp
    startup_acm32f4.o(RESET) refers to startup_acm32f4.o(.text) for Reset_Handler
    startup_acm32f4.o(RESET) refers to system_acm32f4.o(.text.HardFault_Handler) for HardFault_Handler
    startup_acm32f4.o(RESET) refers to system_acm32f4.o(.text.SysTick_Handler) for SysTick_Handler
    startup_acm32f4.o(.text) refers to system_acm32f4.o(.text.System_Core_Config) for System_Core_Config
    startup_acm32f4.o(.text) refers to entry.o(.ARM.Collect$$$$00000000) for __main
    system_acm32f4.o(.ARM.exidx.text.HardFault_Handler) refers to system_acm32f4.o(.text.HardFault_Handler) for [Anonymous Symbol]
    system_acm32f4.o(.text.SysTick_Handler) refers to system_acm32f4.o(.bss.gu32_SystemCount) for gu32_SystemCount
    system_acm32f4.o(.ARM.exidx.text.SysTick_Handler) refers to system_acm32f4.o(.text.SysTick_Handler) for [Anonymous Symbol]
    system_acm32f4.o(.text.System_SysTick_Init) refers to system_acm32f4.o(.bss.gu32_SystemCount) for gu32_SystemCount
    system_acm32f4.o(.text.System_SysTick_Init) refers to system_acm32f4.o(.bss.gu32_SystemClock) for gu32_SystemClock
    system_acm32f4.o(.text.System_SysTick_Init) refers to system_acm32f4.o(.text.SysTick_Config) for SysTick_Config
    system_acm32f4.o(.ARM.exidx.text.System_SysTick_Init) refers to system_acm32f4.o(.text.System_SysTick_Init) for [Anonymous Symbol]
    system_acm32f4.o(.text.SysTick_Config) refers to system_acm32f4.o(.text.__NVIC_SetPriority) for __NVIC_SetPriority
    system_acm32f4.o(.ARM.exidx.text.SysTick_Config) refers to system_acm32f4.o(.text.SysTick_Config) for [Anonymous Symbol]
    system_acm32f4.o(.ARM.exidx.text.System_SysTick_Off) refers to system_acm32f4.o(.text.System_SysTick_Off) for [Anonymous Symbol]
    system_acm32f4.o(.text.System_Init) refers to system_acm32f4.o(.text.System_Set_Buzzer_Divider) for System_Set_Buzzer_Divider
    system_acm32f4.o(.text.System_Init) refers to system_acm32f4.o(.text.__NVIC_SetPriorityGrouping) for __NVIC_SetPriorityGrouping
    system_acm32f4.o(.text.System_Init) refers to system_acm32f4.o(.text.System_Clock_Init) for System_Clock_Init
    system_acm32f4.o(.text.System_Init) refers to system_accelerate.o(.text.System_EnableIAccelerate) for System_EnableIAccelerate
    system_acm32f4.o(.text.System_Init) refers to system_acm32f4.o(.text.System_SysTick_Init) for System_SysTick_Init
    system_acm32f4.o(.ARM.exidx.text.System_Init) refers to system_acm32f4.o(.text.System_Init) for [Anonymous Symbol]
    system_acm32f4.o(.ARM.exidx.text.System_Set_Buzzer_Divider) refers to system_acm32f4.o(.text.System_Set_Buzzer_Divider) for [Anonymous Symbol]
    system_acm32f4.o(.ARM.exidx.text.__NVIC_SetPriorityGrouping) refers to system_acm32f4.o(.text.__NVIC_SetPriorityGrouping) for [Anonymous Symbol]
    system_acm32f4.o(.text.System_Clock_Init) refers to system_acm32f4.o(.bss.gu32_SystemClock) for gu32_SystemClock
    system_acm32f4.o(.text.System_Clock_Init) refers to system_acm32f4.o(.bss.gu32_APBClock) for gu32_APBClock
    system_acm32f4.o(.text.System_Clock_Init) refers to hal_eflash.o(.text.HAL_EFlash_Init) for HAL_EFlash_Init
    system_acm32f4.o(.ARM.exidx.text.System_Clock_Init) refers to system_acm32f4.o(.text.System_Clock_Init) for [Anonymous Symbol]
    system_acm32f4.o(.ARM.exidx.text.System_Core_Config) refers to system_acm32f4.o(.text.System_Core_Config) for [Anonymous Symbol]
    system_acm32f4.o(.text.System_Get_SystemClock) refers to system_acm32f4.o(.bss.gu32_SystemClock) for gu32_SystemClock
    system_acm32f4.o(.ARM.exidx.text.System_Get_SystemClock) refers to system_acm32f4.o(.text.System_Get_SystemClock) for [Anonymous Symbol]
    system_acm32f4.o(.text.System_Get_APBClock) refers to system_acm32f4.o(.bss.gu32_APBClock) for gu32_APBClock
    system_acm32f4.o(.ARM.exidx.text.System_Get_APBClock) refers to system_acm32f4.o(.text.System_Get_APBClock) for [Anonymous Symbol]
    system_acm32f4.o(.text.System_Module_Reset) refers to system_acm32f4.o(.text.System_Delay) for System_Delay
    system_acm32f4.o(.ARM.exidx.text.System_Module_Reset) refers to system_acm32f4.o(.text.System_Module_Reset) for [Anonymous Symbol]
    system_acm32f4.o(.ARM.exidx.text.System_Delay) refers to system_acm32f4.o(.text.System_Delay) for [Anonymous Symbol]
    system_acm32f4.o(.text.System_Module_Enable) refers to system_acm32f4.o(.text.System_Delay) for System_Delay
    system_acm32f4.o(.ARM.exidx.text.System_Module_Enable) refers to system_acm32f4.o(.text.System_Module_Enable) for [Anonymous Symbol]
    system_acm32f4.o(.ARM.exidx.text.System_Module_Disable) refers to system_acm32f4.o(.text.System_Module_Disable) for [Anonymous Symbol]
    system_acm32f4.o(.text.System_Delay_MS) refers to system_acm32f4.o(.bss.gu32_SystemCount) for gu32_SystemCount
[...]
    hal_uart.o(.ARM.exidx.text.HAL_UART_Receive_IT) refers to hal_uart.o(.text.HAL_UART_Receive_IT) for [Anonymous Symbol]
    hal_uart.o(.text.HAL_UART_Transmit_DMA) refers to hal_dma.o(.text.HAL_DMA_Start_IT) for HAL_DMA_Start_IT
    hal_uart.o(.ARM.exidx.text.HAL_UART_Transmit_DMA) refers to hal_uart.o(.text.HAL_UART_Transmit_DMA) for [Anonymous Symbol]
    hal_uart.o(.text.HAL_UART_Receive_DMA) refers to hal_dma.o(.text.HAL_DMA_Start_IT) for HAL_DMA_Start_IT
    hal_uart.o(.ARM.exidx.text.HAL_UART_Receive_DMA) refers to hal_uart.o(.text.HAL_UART_Receive_DMA) for [Anonymous Symbol]
    hal_uart.o(.ARM.exidx.text.HAL_UART_ErrorCallBack) refers to hal_uart.o(.text.HAL_UART_ErrorCallBack) for [Anonymous Symbol]
    hal_uart.o(.ARM.exidx.text.HAL_UART_GetState) refers to hal_uart.o(.text.HAL_UART_GetState) for [Anonymous Symbol]
    hal_uart.o(.ARM.exidx.text.HAL_UART_GetError) refers to hal_uart.o(.text.HAL_UART_GetError) for [Anonymous Symbol]
    hal_uart.o(.text.HAL_UART_Abort) refers to hal_dma.o(.text.HAL_DMA_Abort) for HAL_DMA_Abort
    hal_uart.o(.ARM.exidx.text.HAL_UART_Abort) refers to hal_uart.o(.text.HAL_UART_Abort) for [Anonymous Symbol]
    hal_uart.o(.ARM.exidx.text.HAL_UART_DMAPause) refers to hal_uart.o(.text.HAL_UART_DMAPause) for [Anonymous Symbol]
    hal_uart.o(.ARM.exidx.text.HAL_UART_DMAResume) refers to hal_uart.o(.text.HAL_UART_DMAResume) for [Anonymous Symbol]
    hal_uart.o(.text.fputc) refers to hal_uart.o(.bss.Uart_Debug) for Uart_Debug
    hal_uart.o(.ARM.exidx.text.fputc) refers to hal_uart.o(.text.fputc) for [Anonymous Symbol]
    hal_dma.o(.ARM.exidx.text.HAL_DMA_IRQHandler) refers to hal_dma.o(.text.HAL_DMA_IRQHandler) for [Anonymous Symbol]
    hal_dma.o(.text.HAL_DMA_Init) refers to system_acm32f4.o(.text.System_Module_Enable) for System_Module_Enable
    hal_dma.o(.text.HAL_DMA_Init) refers to hal_dma.o(.text.__NVIC_ClearPendingIRQ) for __NVIC_ClearPendingIRQ
    hal_dma.o(.text.HAL_DMA_Init) refers to hal_dma.o(.text.__NVIC_EnableIRQ) for __NVIC_EnableIRQ
    hal_dma.o(.ARM.exidx.text.HAL_DMA_Init) refers to hal_dma.o(.text.HAL_DMA_Init) for [Anonymous Symbol]
    hal_dma.o(.ARM.exidx.text.__NVIC_ClearPendingIRQ) refers to hal_dma.o(.text.__NVIC_ClearPendingIRQ) for [Anonymous Symbol]
    hal_dma.o(.ARM.exidx.text.__NVIC_EnableIRQ) refers to hal_dma.o(.text.__NVIC_EnableIRQ) for [Anonymous Symbol]
    hal_dma.o(.text.HAL_DMA_DeInit) refers to system_acm32f4.o(.text.System_Module_Reset) for System_Module_Reset
    hal_dma.o(.text.HAL_DMA_DeInit) refers to system_acm32f4.o(.text.System_Module_Disable) for System_Module_Disable
    hal_dma.o(.text.HAL_DMA_DeInit) refers to hal_dma.o(.text.__NVIC_ClearPendingIRQ) for __NVIC_ClearPendingIRQ
    hal_dma.o(.text.HAL_DMA_DeInit) refers to hal_dma.o(.text.__NVIC_DisableIRQ) for __NVIC_DisableIRQ
    hal_dma.o(.text.HAL_DMA_DeInit) refers to memseta.o(.text) for __aeabi_memclr4
    hal_dma.o(.ARM.exidx.text.HAL_DMA_DeInit) refers to hal_dma.o(.text.HAL_DMA_DeInit) for [Anonymous Symbol]
    hal_dma.o(.ARM.exidx.text.__NVIC_DisableIRQ) refers to hal_dma.o(.text.__NVIC_DisableIRQ) for [Anonymous Symbol]
    hal_dma.o(.ARM.exidx.text.HAL_DMA_NormalMode_Start) refers to hal_dma.o(.text.HAL_DMA_NormalMode_Start) for [Anonymous Symbol]
    hal_dma.o(.ARM.exidx.text.HAL_DMA_NormalMode_Start_IT) refers to hal_dma.o(.text.HAL_DMA_NormalMode_Start_IT) for [Anonymous Symbol]
    hal_dma.o(.text.HAL_DMA_CycleMode_Start) refers to hal_dma.o(.bss.Cycle_Channel) for Cycle_Channel
    hal_dma.o(.ARM.exidx.text.HAL_DMA_CycleMode_Start) refers to hal_dma.o(.text.HAL_DMA_CycleMode_Start) for [Anonymous Symbol]
    hal_dma.o(.text.HAL_DMA_CycleMode_Start_IT) refers to hal_dma.o(.bss.Cycle_Channel) for Cycle_Channel
    hal_dma.o(.ARM.exidx.text.HAL_DMA_CycleMode_Start_IT) refers to hal_dma.o(.text.HAL_DMA_CycleMode_Start_IT) for [Anonymous Symbol]
    hal_dma.o(.text.HAL_DMA_Start) refers to hal_dma.o(.text.HAL_DMA_CycleMode_Start) for HAL_DMA_CycleMode_Start
    hal_dma.o(.text.HAL_DMA_Start) refers to hal_dma.o(.text.HAL_DMA_NormalMode_Start) for HAL_DMA_NormalMode_Start
    hal_dma.o(.ARM.exidx.text.HAL_DMA_Start) refers to hal_dma.o(.text.HAL_DMA_Start) for [Anonymous Symbol]
    hal_dma.o(.text.HAL_DMA_Start_IT) refers to hal_dma.o(.text.HAL_DMA_CycleMode_Start_IT) for HAL_DMA_CycleMode_Start_IT
    hal_dma.o(.text.HAL_DMA_Start_IT) refers to hal_dma.o(.text.HAL_DMA_NormalMode_Start_IT) for HAL_DMA_NormalMode_Start_IT
    hal_dma.o(.ARM.exidx.text.HAL_DMA_Start_IT) refers to hal_dma.o(.text.HAL_DMA_Start_IT) for [Anonymous Symbol]
    hal_dma.o(.ARM.exidx.text.HAL_DMA_Abort) refers to hal_dma.o(.text.HAL_DMA_Abort) for [Anonymous Symbol]
    hal_dma.o(.ARM.exidx.text.HAL_DMA_GetState) refers to hal_dma.o(.text.HAL_DMA_GetState) for [Anonymous Symbol]
    hal_eflash.o(.text.HAL_EFlash_Init) refers to hal_eflash_ex.o(.text.HAL_EFlash_Init_Para) for HAL_EFlash_Init_Para
    hal_eflash.o(.ARM.exidx.text.HAL_EFlash_Init) refers to hal_eflash.o(.text.HAL_EFlash_Init) for [Anonymous Symbol]
    hal_eflash.o(.ARM.exidx.text.HAL_EFlash_ErasePage) refers to hal_eflash.o(.text.HAL_EFlash_ErasePage) for [Anonymous Symbol]
    hal_eflash.o(.ARM.exidx.text.HAL_EFlash_Program_Word) refers to hal_eflash.o(.text.HAL_EFlash_Program_Word) for [Anonymous Symbol]
    app.o(.text.APP_ARM_Variance_Test) refers to app.o(.data.blockSize) for blockSize
    app.o(.text.APP_ARM_Variance_Test) refers to app.o(.bss.wire1) for wire1
    app.o(.text.APP_ARM_Variance_Test) refers to arm_fill_f32.o(.text.arm_fill_f32) for arm_fill_f32
    app.o(.text.APP_ARM_Variance_Test) refers to app.o(.data.testInput_f32) for testInput_f32
    app.o(.text.APP_ARM_Variance_Test) refers to arm_dot_prod_f32.o(.text.arm_dot_prod_f32) for arm_dot_prod_f32
    app.o(.text.APP_ARM_Variance_Test) refers to dfltui.o(.text) for __aeabi_ui2d
    app.o(.text.APP_ARM_Variance_Test) refers to ddiv.o(.text) for __aeabi_ddiv
    app.o(.text.APP_ARM_Variance_Test) refers to d2f.o(.text) for __aeabi_d2f
    app.o(.text.APP_ARM_Variance_Test) refers to arm_mult_f32.o(.text.arm_mult_f32) for arm_mult_f32
    app.o(.text.APP_ARM_Variance_Test) refers to app.o(.bss.wire2) for wire2
    app.o(.text.APP_ARM_Variance_Test) refers to app.o(.bss.wire3) for wire3
    app.o(.text.APP_ARM_Variance_Test) refers to arm_sub_f32.o(.text.arm_sub_f32) for arm_sub_f32
    app.o(.text.APP_ARM_Variance_Test) refers to arm_copy_f32.o(.text.arm_copy_f32) for arm_copy_f32
    app.o(.text.APP_ARM_Variance_Test) refers to app.o(.data.refVarianceOut) for refVarianceOut
    app.o(.text.APP_ARM_Variance_Test) refers to puts.o(i.puts) for puts
    app.o(.ARM.exidx.text.APP_ARM_Variance_Test) refers to app.o(.text.APP_ARM_Variance_Test) for [Anonymous Symbol]
    main.o(.text.Uart_Init) refers to main.o(.bss.UART1_Handle) for UART1_Handle
    main.o(.text.Uart_Init) refers to hal_uart.o(.text.HAL_UART_Init) for HAL_UART_Init
    main.o(.text.Uart_Init) refers to system_acm32f4.o(.text.System_Get_SystemClock) for System_Get_SystemClock
    main.o(.text.Uart_Init) refers to system_acm32f4.o(.text.System_Get_APBClock) for System_Get_APBClock
    main.o(.text.Uart_Init) refers to printf1.o(i.__0printf$1) for __2printf
    main.o(.ARM.exidx.text.Uart_Init) refers to main.o(.text.Uart_Init) for [Anonymous Symbol]
    main.o(.text.main) refers to system_acm32f4.o(.text.System_Init) for System_Init
    main.o(.text.main) refers to main.o(.text.Uart_Init) for Uart_Init
    main.o(.text.main) refers to app.o(.text.APP_ARM_Variance_Test) for APP_ARM_Variance_Test
    main.o(.ARM.exidx.text.main) refers to main.o(.text.main) for [Anonymous Symbol]
    arm_dot_prod_f32.o(.ARM.exidx.text.arm_dot_prod_f32) refers to arm_dot_prod_f32.o(.text.arm_dot_prod_f32) for [Anonymous Symbol]
    arm_mult_f32.o(.ARM.exidx.text.arm_mult_f32) refers to arm_mult_f32.o(.text.arm_mult_f32) for [Anonymous Symbol]
    arm_sub_f32.o(.ARM.exidx.text.arm_sub_f32) refers to arm_sub_f32.o(.text.arm_sub_f32) for [Anonymous Symbol]
    arm_copy_f32.o(.ARM.exidx.text.arm_copy_f32) refers to arm_copy_f32.o(.text.arm_copy_f32) for [Anonymous Symbol]
    arm_fill_f32.o(.ARM.exidx.text.arm_fill_f32) refers to arm_fill_f32.o(.text.arm_fill_f32) for [Anonymous Symbol]
    system_accelerate.o(.ARM.exidx.text.System_EnableIAccelerate) refers to system_accelerate.o(.text.System_EnableIAccelerate) for [Anonymous Symbol]
    system_accelerate.o(.ARM.exidx.text.System_DisableIAccelerate) refers to system_accelerate.o(.text.System_DisableIAccelerate) for [Anonymous Symbol]
    system_accelerate.o(.ARM.exidx.text.System_InvalidateIAccelerate) refers to system_accelerate.o(.text.System_InvalidateIAccelerate) for [Anonymous Symbol]
    system_accelerate.o(.ARM.exidx.text.System_EnableDAccelerate) refers to system_accelerate.o(.text.System_EnableDAccelerate) for [Anonymous Symbol]
    system_accelerate.o(.ARM.exidx.text.System_DisableDAccelerate) refers to system_accelerate.o(.text.System_DisableDAccelerate) for [Anonymous Symbol]
    system_accelerate.o(.ARM.exidx.text.System_InvalidateDAccelerate) refers to system_accelerate.o(.text.System_InvalidateDAccelerate) for [Anonymous Symbol]
    system_accelerate.o(.ARM.exidx.text.System_CleanDAccelerate) refers to system_accelerate.o(.text.System_CleanDAccelerate) for [Anonymous Symbol]
    system_accelerate.o(.ARM.exidx.text.System_CleanInvalidateDAccelerate) refers to system_accelerate.o(.text.System_CleanInvalidateDAccelerate) for [Anonymous Symbol]
    system_accelerate.o(.ARM.exidx.text.System_InvalidateDAccelerate_by_Addr) refers to system_accelerate.o(.text.System_InvalidateDAccelerate_by_Addr) for [Anonymous Symbol]
    system_accelerate.o(.ARM.exidx.text.System_CleanDAccelerate_by_Addr) refers to system_accelerate.o(.text.System_CleanDAccelerate_by_Addr) for [Anonymous Symbol]
    system_accelerate.o(.ARM.exidx.text.System_CleanInvalidateDAccelerate_by_Addr) refers to system_accelerate.o(.text.System_CleanInvalidateDAccelerate_by_Addr) for [Anonymous Symbol]
    hal_eflash_ex.o(.text.HAL_EFlash_ReWrite_Word) refers to hal_eflash.o(.text.HAL_EFlash_ErasePage) for HAL_EFlash_ErasePage
    hal_eflash_ex.o(.text.HAL_EFlash_ReWrite_Word) refers to hal_eflash.o(.text.HAL_EFlash_Program_Word) for HAL_EFlash_Program_Word
    hal_eflash_ex.o(.ARM.exidx.text.HAL_EFlash_ReWrite_Word) refers to hal_eflash_ex.o(.text.HAL_EFlash_ReWrite_Word) for [Anonymous Symbol]
    hal_eflash_ex.o(.text.HAL_EFlash_Return_to_Boot) refers to hal_eflash_ex.o(.text.HAL_EFlash_ReWrite_Word) for HAL_EFlash_ReWrite_Word
    hal_eflash_ex.o(.ARM.exidx.text.HAL_EFlash_Return_to_Boot) refers to hal_eflash_ex.o(.text.HAL_EFlash_Return_to_Boot) for [Anonymous Symbol]
    hal_eflash_ex.o(.ARM.exidx.text.HAL_Verify_Chip) refers to hal_eflash_ex.o(.text.HAL_Verify_Chip) for [Anonymous Symbol]
    hal_eflash_ex.o(.text.HAL_EFlash_Init_Para) refers to hal_eflash_ex.o(.text.HAL_Verify_Chip) for HAL_Verify_Chip
    hal_eflash_ex.o(.ARM.exidx.text.HAL_EFlash_Init_Para) refers to hal_eflash_ex.o(.text.HAL_EFlash_Init_Para) for [Anonymous Symbol]
    hal_eflash_ex.o(.text.HAL_EFlash_ErasePage_EX) refers to system_accelerate.o(.text.System_InvalidateDAccelerate_by_Addr) for System_InvalidateDAccelerate_by_Addr
    hal_eflash_ex.o(.ARM.exidx.text.HAL_EFlash_ErasePage_EX) refers to hal_eflash_ex.o(.text.HAL_EFlash_ErasePage_EX) for [Anonymous Symbol]
    hal_eflash_ex.o(.text.HAL_EFlash_Program_Word_EX) refers to system_accelerate.o(.text.System_InvalidateDAccelerate_by_Addr) for System_InvalidateDAccelerate_by_Addr
    hal_eflash_ex.o(.ARM.exidx.text.HAL_EFlash_Program_Word_EX) refers to hal_eflash_ex.o(.text.HAL_EFlash_Program_Word_EX) for [Anonymous Symbol]
    entry.o(.ARM.Collect$$$$00000000) refers (Special) to entry10a.o(.ARM.Collect$$$$0000000D) for __rt_final_cpp
    entry.o(.ARM.Collect$$$$00000000) refers (Special) to entry11a.o(.ARM.Collect$$$$0000000F) for __rt_final_exit
    entry.o(.ARM.Collect$$$$00000000) refers (Special) to entry7b.o(.ARM.Collect$$$$00000008) for _main_clock
    entry.o(.ARM.Collect$$$$00000000) refers (Special) to entry8b.o(.ARM.Collect$$$$0000000A) for _main_cpp_init
    entry.o(.ARM.Collect$$$$00000000) refers (Special) to entry9a.o(.ARM.Collect$$$$0000000B) for _main_init
    entry.o(.ARM.Collect$$$$00000000) refers (Special) to entry5.o(.ARM.Collect$$$$00000004) for _main_scatterload
    entry.o(.ARM.Collect$$$$00000000) refers (Special) to entry2.o(.ARM.Collect$$$$00000001) for _main_stk
    puts.o(i.puts) refers to hal_uart.o(.text.fputc) for fputc
    puts.o(i.puts) refers to stdout.o(.data) for __stdout
    puts_e.o(.text) refers to hal_uart.o(.text.fputc) for fputc
    puts_e.o(.text) refers to stdout.o(.data) for __stdout
    uldiv.o(.text) refers to llushr.o(.text) for __aeabi_llsr
    uldiv.o(.text) refers to llshl.o(.text) for __aeabi_llsl
    printfb.o(i.__0fprintf$bare) refers to printfb.o(i._printf_core) for _printf_core
    printfb.o(i.__0fprintf$bare) refers to hal_uart.o(.text.fputc) for fputc
    printfb.o(i.__0printf$bare) refers to printfb.o(i._printf_core) for _printf_core
    printfb.o(i.__0printf$bare) refers to hal_uart.o(.text.fputc) for fputc
    printfb.o(i.__0printf$bare) refers to stdout.o(.data) for __stdout
    printfb.o(i.__0snprintf$bare) refers to printfb.o(i._printf_core) for _printf_core
    printfb.o(i.__0snprintf$bare) refers to printfb.o(i._snputc) for _snputc
    printfb.o(i.__0sprintf$bare) refers to printfb.o(i._printf_core) for _printf_core
    printfb.o(i.__0sprintf$bare) refers to printfb.o(i._sputc) for _sputc
    printfb.o(i.__0vfprintf$bare) refers to printfb.o(i._printf_core) for _printf_core
    printfb.o(i.__0vfprintf$bare) refers to hal_uart.o(.text.fputc) for fputc
    printfb.o(i.__0vprintf$bare) refers to printfb.o(i._printf_core) for _printf_core
    printfb.o(i.__0vprintf$bare) refers to hal_uart.o(.text.fputc) for fputc
    printfb.o(i.__0vprintf$bare) refers to stdout.o(.data) for __stdout
    printfb.o(i.__0vsnprintf$bare) refers to printfb.o(i._printf_core) for _printf_core
    printfb.o(i.__0vsnprintf$bare) refers to printfb.o(i._snputc) for _snputc
    printfb.o(i.__0vsprintf$bare) refers to printfb.o(i._printf_core) for _printf_core
    printfb.o(i.__0vsprintf$bare) refers to printfb.o(i._sputc) for _sputc
    printf0.o(i.__0fprintf$0) refers to printf0.o(i._printf_core) for _printf_core
    printf0.o(i.__0fprintf$0) refers to hal_uart.o(.text.fputc) for fputc
    printf0.o(i.__0printf$0) refers to printf0.o(i._printf_core) for _printf_core
    printf0.o(i.__0printf$0) refers to hal_uart.o(.text.fputc) for fputc
    printf0.o(i.__0printf$0) refers to stdout.o(.data) for __stdout
    printf0.o(i.__0snprintf$0) refers to printf0.o(i._printf_core) for _printf_core
    printf0.o(i.__0snprintf$0) refers to printf0.o(i._snputc) for _snputc
    printf0.o(i.__0sprintf$0) refers to printf0.o(i._printf_core) for _printf_core
    printf0.o(i.__0sprintf$0) refers to printf0.o(i._sputc) for _sputc
    printf0.o(i.__0vfprintf$0) refers to printf0.o(i._printf_core) for _printf_core
    printf0.o(i.__0vfprintf$0) refers to hal_uart.o(.text.fputc) for fputc
    printf0.o(i.__0vprintf$0) refers to printf0.o(i._printf_core) for _printf_core
    printf0.o(i.__0vprintf$0) refers to hal_uart.o(.text.fputc) for fputc
    printf0.o(i.__0vprintf$0) refers to stdout.o(.data) for __stdout
    printf0.o(i.__0vsnprintf$0) refers to printf0.o(i._printf_core) for _printf_core
    printf0.o(i.__0vsnprintf$0) refers to printf0.o(i._snputc) for _snputc
    printf0.o(i.__0vsprintf$0) refers to printf0.o(i._printf_core) for _printf_core
    printf0.o(i.__0vsprintf$0) refers to printf0.o(i._sputc) for _sputc
    printf1.o(i.__0fprintf$1) refers to printf1.o(i._printf_core) for _printf_core
    printf1.o(i.__0fprintf$1) refers to hal_uart.o(.text.fputc) for fputc
    printf1.o(i.__0printf$1) refers to printf1.o(i._printf_core) for _printf_core
    printf1.o(i.__0printf$1) refers to hal_uart.o(.text.fputc) for fputc
    printf1.o(i.__0printf$1) refers to stdout.o(.data) for __stdout
    printf1.o(i.__0snprintf$1) refers to printf1.o(i._printf_core) for _printf_core
    printf1.o(i.__0snprintf$1) refers to printf1.o(i._snputc) for _snputc
    printf1.o(i.__0sprintf$1) refers to printf1.o(i._printf_core) for _printf_core
    printf1.o(i.__0sprintf$1) refers to printf1.o(i._sputc) for _sputc
    printf1.o(i.__0vfprintf$1) refers to printf1.o(i._printf_core) for _printf_core
    printf1.o(i.__0vfprintf$1) refers to hal_uart.o(.text.fputc) for fputc
    printf1.o(i.__0vprintf$1) refers to printf1.o(i._printf_core) for _printf_core
    printf1.o(i.__0vprintf$1) refers to hal_uart.o(.text.fputc) for fputc
    printf1.o(i.__0vprintf$1) refers to stdout.o(.data) for __stdout
    printf1.o(i.__0vsnprintf$1) refers to printf1.o(i._printf_core) for _printf_core
    printf1.o(i.__0vsnprintf$1) refers to printf1.o(i._snputc) for _snputc
    printf1.o(i.__0vsprintf$1) refers to printf1.o(i._printf_core) for _printf_core
    printf1.o(i.__0vsprintf$1) refers to printf1.o(i._sputc) for _sputc
    printf1.o(i._printf_core) refers to uidiv.o(.text) for __aeabi_uidivmod
    printf2.o(i.__0fprintf$2) refers to printf2.o(i._printf_core) for _printf_core
    printf2.o(i.__0fprintf$2) refers to hal_uart.o(.text.fputc) for fputc
    printf2.o(i.__0printf$2) refers to printf2.o(i._printf_core) for _printf_core
    printf2.o(i.__0printf$2) refers to hal_uart.o(.text.fputc) for fputc
    printf2.o(i.__0printf$2) refers to stdout.o(.data) for __stdout
    printf2.o(i.__0snprintf$2) refers to printf2.o(i._printf_core) for _printf_core
    printf2.o(i.__0snprintf$2) refers to printf2.o(i._snputc) for _snputc
    printf2.o(i.__0sprintf$2) refers to printf2.o(i._printf_core) for _printf_core
    printf2.o(i.__0sprintf$2) refers to printf2.o(i._sputc) for _sputc
    printf2.o(i.__0vfprintf$2) refers to printf2.o(i._printf_core) for _printf_core
    printf2.o(i.__0vfprintf$2) refers to hal_uart.o(.text.fputc) for fputc
    printf2.o(i.__0vprintf$2) refers to printf2.o(i._printf_core) for _printf_core
    printf2.o(i.__0vprintf$2) refers to hal_uart.o(.text.fputc) for fputc
    printf2.o(i.__0vprintf$2) refers to stdout.o(.data) for __stdout
    printf2.o(i.__0vsnprintf$2) refers to printf2.o(i._printf_core) for _printf_core
    printf2.o(i.__0vsnprintf$2) refers to printf2.o(i._snputc) for _snputc
    printf2.o(i.__0vsprintf$2) refers to printf2.o(i._printf_core) for _printf_core
    printf2.o(i.__0vsprintf$2) refers to printf2.o(i._sputc) for _sputc
    printf3.o(i.__0fprintf$3) refers to printf3.o(i._printf_core) for _printf_core
    printf3.o(i.__0fprintf$3) refers to hal_uart.o(.text.fputc) for fputc
    printf3.o(i.__0printf$3) refers to printf3.o(i._printf_core) for _printf_core
    printf3.o(i.__0printf$3) refers to hal_uart.o(.text.fputc) for fputc
    printf3.o(i.__0printf$3) refers to stdout.o(.data) for __stdout
    printf3.o(i.__0snprintf$3) refers to printf3.o(i._printf_core) for _printf_core
    printf3.o(i.__0snprintf$3) refers to printf3.o(i._snputc) for _snputc
    printf3.o(i.__0sprintf$3) refers to printf3.o(i._printf_core) for _printf_core
    printf3.o(i.__0sprintf$3) refers to printf3.o(i._sputc) for _sputc
    printf3.o(i.__0vfprintf$3) refers to printf3.o(i._printf_core) for _printf_core
    printf3.o(i.__0vfprintf$3) refers to hal_uart.o(.text.fputc) for fputc
    printf3.o(i.__0vprintf$3) refers to printf3.o(i._printf_core) for _printf_core
    printf3.o(i.__0vprintf$3) refers to hal_uart.o(.text.fputc) for fputc
    printf3.o(i.__0vprintf$3) refers to stdout.o(.data) for __stdout
    printf3.o(i.__0vsnprintf$3) refers to printf3.o(i._printf_core) for _printf_core
    printf3.o(i.__0vsnprintf$3) refers to printf3.o(i._snputc) for _snputc
    printf3.o(i.__0vsprintf$3) refers to printf3.o(i._printf_core) for _printf_core
    printf3.o(i.__0vsprintf$3) refers to printf3.o(i._sputc) for _sputc
    printf3.o(i._printf_core) refers to uidiv.o(.text) for __aeabi_uidivmod
    printf4.o(i.__0fprintf$4) refers to printf4.o(i._printf_core) for _printf_core
    printf4.o(i.__0fprintf$4) refers to hal_uart.o(.text.fputc) for fputc
    printf4.o(i.__0printf$4) refers to printf4.o(i._printf_core) for _printf_core
    printf4.o(i.__0printf$4) refers to hal_uart.o(.text.fputc) for fputc
    printf4.o(i.__0printf$4) refers to stdout.o(.data) for __stdout
    printf4.o(i.__0snprintf$4) refers to printf4.o(i._printf_core) for _printf_core
    printf4.o(i.__0snprintf$4) refers to printf4.o(i._snputc) for _snputc
    printf4.o(i.__0sprintf$4) refers to printf4.o(i._printf_core) for _printf_core
    printf4.o(i.__0sprintf$4) refers to printf4.o(i._sputc) for _sputc
    printf4.o(i.__0vfprintf$4) refers to printf4.o(i._printf_core) for _printf_core
    printf4.o(i.__0vfprintf$4) refers to hal_uart.o(.text.fputc) for fputc
    printf4.o(i.__0vprintf$4) refers to printf4.o(i._printf_core) for _printf_core
    printf4.o(i.__0vprintf$4) refers to hal_uart.o(.text.fputc) for fputc
    printf4.o(i.__0vprintf$4) refers to stdout.o(.data) for __stdout
    printf4.o(i.__0vsnprintf$4) refers to printf4.o(i._printf_core) for _printf_core
    printf4.o(i.__0vsnprintf$4) refers to printf4.o(i._snputc) for _snputc
    printf4.o(i.__0vsprintf$4) refers to printf4.o(i._printf_core) for _printf_core
    printf4.o(i.__0vsprintf$4) refers to printf4.o(i._sputc) for _sputc
    printf4.o(i._printf_core) refers to uldiv.o(.text) for __aeabi_uldivmod
    printf5.o(i.__0fprintf$5) refers to printf5.o(i._printf_core) for _printf_core
    printf5.o(i.__0fprintf$5) refers to hal_uart.o(.text.fputc) for fputc
    printf5.o(i.__0printf$5) refers to printf5.o(i._printf_core) for _printf_core
    printf5.o(i.__0printf$5) refers to hal_uart.o(.text.fputc) for fputc
    printf5.o(i.__0printf$5) refers to stdout.o(.data) for __stdout
    printf5.o(i.__0snprintf$5) refers to printf5.o(i._printf_core) for _printf_core
    printf5.o(i.__0snprintf$5) refers to printf5.o(i._snputc) for _snputc
    printf5.o(i.__0sprintf$5) refers to printf5.o(i._printf_core) for _printf_core
    printf5.o(i.__0sprintf$5) refers to printf5.o(i._sputc) for _sputc
    printf5.o(i.__0vfprintf$5) refers to printf5.o(i._printf_core) for _printf_core
    printf5.o(i.__0vfprintf$5) refers to hal_uart.o(.text.fputc) for fputc
    printf5.o(i.__0vprintf$5) refers to printf5.o(i._printf_core) for _printf_core
    printf5.o(i.__0vprintf$5) refers to hal_uart.o(.text.fputc) for fputc
    printf5.o(i.__0vprintf$5) refers to stdout.o(.data) for __stdout
    printf5.o(i.__0vsnprintf$5) refers to printf5.o(i._printf_core) for _printf_core
    printf5.o(i.__0vsnprintf$5) refers to printf5.o(i._snputc) for _snputc
    printf5.o(i.__0vsprintf$5) refers to printf5.o(i._printf_core) for _printf_core
    printf5.o(i.__0vsprintf$5) refers to printf5.o(i._sputc) for _sputc
    printf5.o(i._printf_core) refers to uldiv.o(.text) for __aeabi_uldivmod
    printf6.o(i.__0fprintf$6) refers to printf6.o(i._printf_core) for _printf_core
    printf6.o(i.__0fprintf$6) refers to hal_uart.o(.text.fputc) for fputc
    printf6.o(i.__0printf$6) refers to printf6.o(i._printf_core) for _printf_core
    printf6.o(i.__0printf$6) refers to hal_uart.o(.text.fputc) for fputc
    printf6.o(i.__0printf$6) refers to stdout.o(.data) for __stdout
    printf6.o(i.__0snprintf$6) refers to printf6.o(i._printf_core) for _printf_core
    printf6.o(i.__0snprintf$6) refers to printf6.o(i._snputc) for _snputc
    printf6.o(i.__0sprintf$6) refers to printf6.o(i._printf_core) for _printf_core
    printf6.o(i.__0sprintf$6) refers to printf6.o(i._sputc) for _sputc
    printf6.o(i.__0vfprintf$6) refers to printf6.o(i._printf_core) for _printf_core
    printf6.o(i.__0vfprintf$6) refers to hal_uart.o(.text.fputc) for fputc
    printf6.o(i.__0vprintf$6) refers to printf6.o(i._printf_core) for _printf_core
    printf6.o(i.__0vprintf$6) refers to hal_uart.o(.text.fputc) for fputc
    printf6.o(i.__0vprintf$6) refers to stdout.o(.data) for __stdout
    printf6.o(i.__0vsnprintf$6) refers to printf6.o(i._printf_core) for _printf_core
    printf6.o(i.__0vsnprintf$6) refers to printf6.o(i._snputc) for _snputc
    printf6.o(i.__0vsprintf$6) refers to printf6.o(i._printf_core) for _printf_core
    printf6.o(i.__0vsprintf$6) refers to printf6.o(i._sputc) for _sputc
    printf6.o(i._printf_core) refers to printf6.o(i._printf_pre_padding) for _printf_pre_padding
    printf6.o(i._printf_core) refers to uidiv.o(.text) for __aeabi_uidivmod
    printf6.o(i._printf_core) refers to printf6.o(i._printf_post_padding) for _printf_post_padding
    printf7.o(i.__0fprintf$7) refers to printf7.o(i._printf_core) for _printf_core
    printf7.o(i.__0fprintf$7) refers to hal_uart.o(.text.fputc) for fputc
    printf7.o(i.__0printf$7) refers to printf7.o(i._printf_core) for _printf_core
    printf7.o(i.__0printf$7) refers to hal_uart.o(.text.fputc) for fputc
    printf7.o(i.__0printf$7) refers to stdout.o(.data) for __stdout
    printf7.o(i.__0snprintf$7) refers to printf7.o(i._printf_core) for _printf_core
    printf7.o(i.__0snprintf$7) refers to printf7.o(i._snputc) for _snputc
    printf7.o(i.__0sprintf$7) refers to printf7.o(i._printf_core) for _printf_core
    printf7.o(i.__0sprintf$7) refers to printf7.o(i._sputc) for _sputc
    printf7.o(i.__0vfprintf$7) refers to printf7.o(i._printf_core) for _printf_core
    printf7.o(i.__0vfprintf$7) refers to hal_uart.o(.text.fputc) for fputc
    printf7.o(i.__0vprintf$7) refers to printf7.o(i._printf_core) for _printf_core
    printf7.o(i.__0vprintf$7) refers to hal_uart.o(.text.fputc) for fputc
    printf7.o(i.__0vprintf$7) refers to stdout.o(.data) for __stdout
    printf7.o(i.__0vsnprintf$7) refers to printf7.o(i._printf_core) for _printf_core
    printf7.o(i.__0vsnprintf$7) refers to printf7.o(i._snputc) for _snputc
    printf7.o(i.__0vsprintf$7) refers to printf7.o(i._printf_core) for _printf_core
    printf7.o(i.__0vsprintf$7) refers to printf7.o(i._sputc) for _sputc
    printf7.o(i._printf_core) refers to printf7.o(i._printf_pre_padding) for _printf_pre_padding
    printf7.o(i._printf_core) refers to uldiv.o(.text) for __aeabi_uldivmod
    printf7.o(i._printf_core) refers to printf7.o(i._printf_post_padding) for _printf_post_padding
    printf8.o(i.__0fprintf$8) refers to printf8.o(i._printf_core) for _printf_core
    printf8.o(i.__0fprintf$8) refers to hal_uart.o(.text.fputc) for fputc
    printf8.o(i.__0printf$8) refers to printf8.o(i._printf_core) for _printf_core
    printf8.o(i.__0printf$8) refers to hal_uart.o(.text.fputc) for fputc
    printf8.o(i.__0printf$8) refers to stdout.o(.data) for __stdout
    printf8.o(i.__0snprintf$8) refers to printf8.o(i._printf_core) for _printf_core
    printf8.o(i.__0snprintf$8) refers to printf8.o(i._snputc) for _snputc
    printf8.o(i.__0sprintf$8) refers to printf8.o(i._printf_core) for _printf_core
    printf8.o(i.__0sprintf$8) refers to printf8.o(i._sputc) for _sputc
    printf8.o(i.__0vfprintf$8) refers to printf8.o(i._printf_core) for _printf_core
    printf8.o(i.__0vfprintf$8) refers to hal_uart.o(.text.fputc) for fputc
    printf8.o(i.__0vprintf$8) refers to printf8.o(i._printf_core) for _printf_core
    printf8.o(i.__0vprintf$8) refers to hal_uart.o(.text.fputc) for fputc
    printf8.o(i.__0vprintf$8) refers to stdout.o(.data) for __stdout
    printf8.o(i.__0vsnprintf$8) refers to printf8.o(i._printf_core) for _printf_core
    printf8.o(i.__0vsnprintf$8) refers to printf8.o(i._snputc) for _snputc
    printf8.o(i.__0vsprintf$8) refers to printf8.o(i._printf_core) for _printf_core
    printf8.o(i.__0vsprintf$8) refers to printf8.o(i._sputc) for _sputc
    printf8.o(i._printf_core) refers to printf8.o(i._printf_pre_padding) for _printf_pre_padding
    printf8.o(i._printf_core) refers to uldiv.o(.text) for __aeabi_uldivmod
    printf8.o(i._printf_core) refers to printf8.o(i._printf_post_padding) for _printf_post_padding
    printfa.o(i.__0fprintf) refers (Special) to iusefp.o(.text) for __I$use$fp
    printfa.o(i.__0fprintf) refers to printfa.o(i._printf_core) for _printf_core
    printfa.o(i.__0fprintf) refers to hal_uart.o(.text.fputc) for fputc
    printfa.o(i.__0printf) refers (Special) to iusefp.o(.text) for __I$use$fp
    printfa.o(i.__0printf) refers to printfa.o(i._printf_core) for _printf_core
    printfa.o(i.__0printf) refers to hal_uart.o(.text.fputc) for fputc
    printfa.o(i.__0printf) refers to stdout.o(.data) for __stdout
    printfa.o(i.__0snprintf) refers (Special) to iusefp.o(.text) for __I$use$fp
    printfa.o(i.__0snprintf) refers to printfa.o(i._printf_core) for _printf_core
    printfa.o(i.__0snprintf) refers to printfa.o(i._snputc) for _snputc
    printfa.o(i.__0sprintf) refers (Special) to iusefp.o(.text) for __I$use$fp
    printfa.o(i.__0sprintf) refers to printfa.o(i._printf_core) for _printf_core
    printfa.o(i.__0sprintf) refers to printfa.o(i._sputc) for _sputc
    printfa.o(i.__0vfprintf) refers (Special) to iusefp.o(.text) for __I$use$fp
    printfa.o(i.__0vfprintf) refers to printfa.o(i._printf_core) for _printf_core
    printfa.o(i.__0vfprintf) refers to hal_uart.o(.text.fputc) for fputc
    printfa.o(i.__0vprintf) refers (Special) to iusefp.o(.text) for __I$use$fp
    printfa.o(i.__0vprintf) refers to printfa.o(i._printf_core) for _printf_core
    printfa.o(i.__0vprintf) refers to hal_uart.o(.text.fputc) for fputc
    printfa.o(i.__0vprintf) refers to stdout.o(.data) for __stdout
    printfa.o(i.__0vsnprintf) refers (Special) to iusefp.o(.text) for __I$use$fp
    printfa.o(i.__0vsnprintf) refers to printfa.o(i._printf_core) for _printf_core
    printfa.o(i.__0vsnprintf) refers to printfa.o(i._snputc) for _snputc
    printfa.o(i.__0vsprintf) refers (Special) to iusefp.o(.text) for __I$use$fp
    printfa.o(i.__0vsprintf) refers to printfa.o(i._printf_core) for _printf_core
    printfa.o(i.__0vsprintf) refers to printfa.o(i._sputc) for _sputc
    printfa.o(i._fp_digits) refers (Special) to iusefp.o(.text) for __I$use$fp
    printfa.o(i._fp_digits) refers to dmul.o(.text) for __aeabi_dmul
    printfa.o(i._fp_digits) refers to ddiv.o(.text) for __aeabi_ddiv
    printfa.o(i._fp_digits) refers to cdrcmple.o(.text) for __aeabi_cdrcmple
    printfa.o(i._fp_digits) refers to dadd.o(.text) for __aeabi_dadd
    printfa.o(i._fp_digits) refers to dfixul.o(.text) for __aeabi_d2ulz
    printfa.o(i._fp_digits) refers to uldiv.o(.text) for __aeabi_uldivmod
    printfa.o(i._printf_core) refers (Special) to iusefp.o(.text) for __I$use$fp
    printfa.o(i._printf_core) refers to printfa.o(i._printf_pre_padding) for _printf_pre_padding
    printfa.o(i._printf_core) refers to uldiv.o(.text) for __aeabi_uldivmod
    printfa.o(i._printf_core) refers to printfa.o(i._printf_post_padding) for _printf_post_padding
    printfa.o(i._printf_core) refers to printfa.o(i._fp_digits) for _fp_digits
    printfa.o(i._printf_core) refers to uidiv.o(.text) for __aeabi_uidivmod
    printfa.o(i._printf_post_padding) refers (Special) to iusefp.o(.text) for __I$use$fp
    printfa.o(i._printf_pre_padding) refers (Special) to iusefp.o(.text) for __I$use$fp
    printfa.o(i._snputc) refers (Special) to iusefp.o(.text) for __I$use$fp
    printfa.o(i._sputc) refers (Special) to iusefp.o(.text) for __I$use$fp
    ddiv.o(.text) refers (Special) to iusefp.o(.text) for __I$use$fp
    ddiv.o(.text) refers to depilogue.o(.text) for _double_round
    dfltui.o(.text) refers (Special) to iusefp.o(.text) for __I$use$fp
    dfltui.o(.text) refers to depilogue.o(.text) for _double_epilogue
    d2f.o(.text) refers (Special) to iusefp.o(.text) for __I$use$fp
    d2f.o(.text) refers to fepilogue.o(.text) for _float_round
    entry2.o(.ARM.Collect$$$$00000001) refers to entry2.o(.ARM.Collect$$$$00002712) for __lit__00000000
    entry2.o(.ARM.Collect$$$$00002712) refers to startup_acm32f4.o(STACK) for __initial_sp
    entry2.o(__vectab_stack_and_reset_area) refers to startup_acm32f4.o(STACK) for __initial_sp
    entry2.o(__vectab_stack_and_reset_area) refers to entry.o(.ARM.Collect$$$$00000000) for __main
    entry5.o(.ARM.Collect$$$$00000004) refers to init.o(.text) for __scatterload
    entry9a.o(.ARM.Collect$$$$0000000B) refers to main.o(.text.main) for main
    entry9b.o(.ARM.Collect$$$$0000000C) refers to main.o(.text.main) for main
    fepilogue.o(.text) refers (Special) to iusefp.o(.text) for __I$use$fp
    depilogue.o(.text) refers (Special) to iusefp.o(.text) for __I$use$fp
    depilogue.o(.text) refers to llshl.o(.text) for __aeabi_llsl
    depilogue.o(.text) refers to llushr.o(.text) for __aeabi_llsr
    dadd.o(.text) refers (Special) to iusefp.o(.text) for __I$use$fp
    dadd.o(.text) refers to llshl.o(.text) for __aeabi_llsl
    dadd.o(.text) refers to llsshr.o(.text) for __aeabi_lasr
    dadd.o(.text) refers to depilogue.o(.text) for _double_epilogue
    dmul.o(.text) refers (Special) to iusefp.o(.text) for __I$use$fp
    dmul.o(.text) refers to depilogue.o(.text) for _double_epilogue
    dfixul.o(.text) refers (Special) to iusefp.o(.text) for __I$use$fp
    dfixul.o(.text) refers to llushr.o(.text) for __aeabi_llsr
    dfixul.o(.text) refers to llshl.o(.text) for __aeabi_llsl
    cdrcmple.o(.text) refers (Special) to iusefp.o(.text) for __I$use$fp
    init.o(.text) refers to entry5.o(.ARM.Collect$$$$00000004) for __main_after_scatterload


==============================================================================

Removing Unused input sections from the image.

    Removing startup_acm32f4.o(HEAP), (0 bytes).
    Removing system_acm32f4.o(.text), (0 bytes).
    Removing system_acm32f4.o(.ARM.exidx.text.HardFault_Handler), (8 bytes).
    Removing system_acm32f4.o(.ARM.exidx.text.SysTick_Handler), (8 bytes).
    Removing system_acm32f4.o(.ARM.exidx.text.System_SysTick_Init), (8 bytes).
    Removing system_acm32f4.o(.ARM.exidx.text.SysTick_Config), (8 bytes).
    Removing system_acm32f4.o(.text.System_SysTick_Off), (14 bytes).
    Removing system_acm32f4.o(.ARM.exidx.text.System_SysTick_Off), (8 bytes).
    Removing system_acm32f4.o(.ARM.exidx.text.System_Init), (8 bytes).
    Removing system_acm32f4.o(.ARM.exidx.text.System_Set_Buzzer_Divider), (8 bytes).
    Removing system_acm32f4.o(.ARM.exidx.text.__NVIC_SetPriorityGrouping), (8 bytes).
    Removing system_acm32f4.o(.ARM.exidx.text.System_Clock_Init), (8 bytes).
    Removing system_acm32f4.o(.ARM.exidx.text.System_Core_Config), (8 bytes).
    Removing system_acm32f4.o(.ARM.exidx.text.System_Get_SystemClock), (8 bytes).
    Removing system_acm32f4.o(.ARM.exidx.text.System_Get_APBClock), (8 bytes).
    Removing system_acm32f4.o(.text.System_Module_Reset), (72 bytes).
    Removing system_acm32f4.o(.ARM.exidx.text.System_Module_Reset), (8 bytes).
    Removing system_acm32f4.o(.ARM.exidx.text.System_Delay), (8 bytes).
    Removing system_acm32f4.o(.ARM.exidx.text.System_Module_Enable), (8 bytes).
    Removing system_acm32f4.o(.text.System_Module_Disable), (46 bytes).
    Removing system_acm32f4.o(.ARM.exidx.text.System_Module_Disable), (8 bytes).
    Removing system_acm32f4.o(.text.System_Delay_MS), (30 bytes).
    Removing system_acm32f4.o(.ARM.exidx.text.System_Delay_MS), (8 bytes).
    Removing system_acm32f4.o(.text.System_Enable_RC32K), (24 bytes).
    Removing system_acm32f4.o(.ARM.exidx.text.System_Enable_RC32K), (8 bytes).
    Removing system_acm32f4.o(.text.System_Disable_RC32K), (18 bytes).
    Removing system_acm32f4.o(.ARM.exidx.text.System_Disable_RC32K), (8 bytes).
    Removing system_acm32f4.o(.text.System_Enable_XTAL), (48 bytes).
    Removing system_acm32f4.o(.ARM.exidx.text.System_Enable_XTAL), (8 bytes).
    Removing system_acm32f4.o(.text.System_Disable_XTAL), (18 bytes).
    Removing system_acm32f4.o(.ARM.exidx.text.System_Disable_XTAL), (8 bytes).
    Removing system_acm32f4.o(.text.System_Enable_Disable_RTC_Domain_Access), (54 bytes).
    Removing system_acm32f4.o(.ARM.exidx.text.System_Enable_Disable_RTC_Domain_Access), (8 bytes).
    Removing system_acm32f4.o(.text.System_Enable_Disable_Reset), (36 bytes).
    Removing system_acm32f4.o(.ARM.exidx.text.System_Enable_Disable_Reset), (8 bytes).
    Removing system_acm32f4.o(.text.System_Reset_MCU), (54 bytes).
    Removing system_acm32f4.o(.ARM.exidx.text.System_Reset_MCU), (8 bytes).
    Removing system_acm32f4.o(.text.__NVIC_SystemReset), (36 bytes).
    Removing system_acm32f4.o(.ARM.exidx.text.__NVIC_SystemReset), (8 bytes).
    Removing system_acm32f4.o(.text.System_Enter_Standby_Mode), (104 bytes).
    Removing system_acm32f4.o(.ARM.exidx.text.System_Enter_Standby_Mode), (8 bytes).
    Removing system_acm32f4.o(.text.System_Clear_Stop_Wakeup), (30 bytes).
    Removing system_acm32f4.o(.ARM.exidx.text.System_Clear_Stop_Wakeup), (8 bytes).
    Removing system_acm32f4.o(.text.System_Enter_Stop_Mode), (66 bytes).
    Removing system_acm32f4.o(.ARM.exidx.text.System_Enter_Stop_Mode), (8 bytes).
    Removing system_acm32f4.o(.text.System_Enter_Sleep_Mode), (30 bytes).
    Removing system_acm32f4.o(.ARM.exidx.text.System_Enter_Sleep_Mode), (8 bytes).
    Removing system_acm32f4.o(.text.System_Return_Last_Reset_Reason), (62 bytes).
    Removing system_acm32f4.o(.ARM.exidx.text.System_Return_Last_Reset_Reason), (8 bytes).
    Removing system_acm32f4.o(.text.System_USB_PHY_Config), (56 bytes).
    Removing system_acm32f4.o(.ARM.exidx.text.System_USB_PHY_Config), (8 bytes).
    Removing system_acm32f4.o(.ARM.exidx.text.__NVIC_SetPriority), (8 bytes).
    Removing hal_gpio.o(.text), (0 bytes).
    Removing hal_gpio.o(.text.HAL_GPIO_IRQHandler), (62 bytes).
    Removing hal_gpio.o(.ARM.exidx.text.HAL_GPIO_IRQHandler), (8 bytes).
    Removing hal_gpio.o(.ARM.exidx.text.HAL_GPIO_Init), (8 bytes).
    Removing hal_gpio.o(.text.HAL_GPIO_DeInit), (458 bytes).
    Removing hal_gpio.o(.ARM.exidx.text.HAL_GPIO_DeInit), (8 bytes).
    Removing hal_gpio.o(.text.HAL_GPIO_AnalogEnable), (124 bytes).
    Removing hal_gpio.o(.ARM.exidx.text.HAL_GPIO_AnalogEnable), (8 bytes).
    Removing hal_gpio.o(.text.HAL_GPIO_WritePin), (106 bytes).
    Removing hal_gpio.o(.ARM.exidx.text.HAL_GPIO_WritePin), (8 bytes).
    Removing hal_gpio.o(.text.HAL_GPIO_ReadPin), (62 bytes).
    Removing hal_gpio.o(.ARM.exidx.text.HAL_GPIO_ReadPin), (8 bytes).
    Removing hal_uart.o(.text), (0 bytes).
    Removing hal_uart.o(.text.HAL_UART_IRQHandler), (454 bytes).
    Removing hal_uart.o(.ARM.exidx.text.HAL_UART_IRQHandler), (8 bytes).
    Removing hal_uart.o(.text.HAL_UART_TxCpltCallback), (2 bytes).
    Removing hal_uart.o(.ARM.exidx.text.HAL_UART_TxCpltCallback), (8 bytes).
    Removing hal_uart.o(.text.HAL_UART_RxCpltCallback), (2 bytes).
    Removing hal_uart.o(.ARM.exidx.text.HAL_UART_RxCpltCallback), (8 bytes).
    Removing hal_uart.o(.ARM.exidx.text.HAL_UART_MspInit), (8 bytes).
    Removing hal_uart.o(.ARM.exidx.text.__NVIC_ClearPendingIRQ), (8 bytes).
    Removing hal_uart.o(.ARM.exidx.text.__NVIC_SetPriority), (8 bytes).
    Removing hal_uart.o(.ARM.exidx.text.__NVIC_EnableIRQ), (8 bytes).
    Removing hal_uart.o(.ARM.exidx.text.HAL_UART_Init), (8 bytes).
    Removing hal_uart.o(.ARM.exidx.text.UART_Config_BaudRate), (8 bytes).
    Removing hal_uart.o(.text.HAL_UART_MspDeInit), (74 bytes).
    Removing hal_uart.o(.ARM.exidx.text.HAL_UART_MspDeInit), (8 bytes).
    Removing hal_uart.o(.text.__NVIC_DisableIRQ), (24 bytes).
    Removing hal_uart.o(.ARM.exidx.text.__NVIC_DisableIRQ), (8 bytes).
    Removing hal_uart.o(.text.HAL_UART_DeInit), (72 bytes).
    Removing hal_uart.o(.ARM.exidx.text.HAL_UART_DeInit), (8 bytes).
    Removing hal_uart.o(.text.HAL_UART_Transmit), (144 bytes).
    Removing hal_uart.o(.ARM.exidx.text.HAL_UART_Transmit), (8 bytes).
    Removing hal_uart.o(.text.HAL_UART_Receive), (186 bytes).
    Removing hal_uart.o(.ARM.exidx.text.HAL_UART_Receive), (8 bytes).
    Removing hal_uart.o(.text.HAL_UART_Transmit_IT), (208 bytes).
    Removing hal_uart.o(.ARM.exidx.text.HAL_UART_Transmit_IT), (8 bytes).
    Removing hal_uart.o(.text.HAL_UART_Receive_IT), (178 bytes).
    Removing hal_uart.o(.ARM.exidx.text.HAL_UART_Receive_IT), (8 bytes).
    Removing hal_uart.o(.text.HAL_UART_Transmit_DMA), (122 bytes).
    Removing hal_uart.o(.ARM.exidx.text.HAL_UART_Transmit_DMA), (8 bytes).
    Removing hal_uart.o(.text.HAL_UART_Receive_DMA), (126 bytes).
    Removing hal_uart.o(.ARM.exidx.text.HAL_UART_Receive_DMA), (8 bytes).
    Removing hal_uart.o(.text.HAL_UART_ErrorCallBack), (2 bytes).
    Removing hal_uart.o(.ARM.exidx.text.HAL_UART_ErrorCallBack), (8 bytes).
    Removing hal_uart.o(.text.HAL_UART_GetState), (86 bytes).
    Removing hal_uart.o(.ARM.exidx.text.HAL_UART_GetState), (8 bytes).
    Removing hal_uart.o(.text.HAL_UART_GetError), (4 bytes).
    Removing hal_uart.o(.ARM.exidx.text.HAL_UART_GetError), (8 bytes).
    Removing hal_uart.o(.text.HAL_UART_Abort), (148 bytes).
    Removing hal_uart.o(.ARM.exidx.text.HAL_UART_Abort), (8 bytes).
    Removing hal_uart.o(.text.HAL_UART_DMAPause), (106 bytes).
    Removing hal_uart.o(.ARM.exidx.text.HAL_UART_DMAPause), (8 bytes).
    Removing hal_uart.o(.text.HAL_UART_DMAResume), (108 bytes).
    Removing hal_uart.o(.ARM.exidx.text.HAL_UART_DMAResume), (8 bytes).
    Removing hal_uart.o(.ARM.exidx.text.fputc), (8 bytes).
    Removing hal_dma.o(.text), (0 bytes).
    Removing hal_dma.o(.text.HAL_DMA_IRQHandler), (86 bytes).
    Removing hal_dma.o(.ARM.exidx.text.HAL_DMA_IRQHandler), (8 bytes).
    Removing hal_dma.o(.text.HAL_DMA_Init), (200 bytes).
    Removing hal_dma.o(.ARM.exidx.text.HAL_DMA_Init), (8 bytes).
    Removing hal_dma.o(.text.__NVIC_ClearPendingIRQ), (16 bytes).
    Removing hal_dma.o(.ARM.exidx.text.__NVIC_ClearPendingIRQ), (8 bytes).
    Removing hal_dma.o(.text.__NVIC_EnableIRQ), (16 bytes).
    Removing hal_dma.o(.ARM.exidx.text.__NVIC_EnableIRQ), (8 bytes).
    Removing hal_dma.o(.text.HAL_DMA_DeInit), (124 bytes).
    Removing hal_dma.o(.ARM.exidx.text.HAL_DMA_DeInit), (8 bytes).
    Removing hal_dma.o(.text.__NVIC_DisableIRQ), (24 bytes).
    Removing hal_dma.o(.ARM.exidx.text.__NVIC_DisableIRQ), (8 bytes).
    Removing hal_dma.o(.text.HAL_DMA_NormalMode_Start), (84 bytes).
    Removing hal_dma.o(.ARM.exidx.text.HAL_DMA_NormalMode_Start), (8 bytes).
    Removing hal_dma.o(.text.HAL_DMA_NormalMode_Start_IT), (68 bytes).
    Removing hal_dma.o(.ARM.exidx.text.HAL_DMA_NormalMode_Start_IT), (8 bytes).
    Removing hal_dma.o(.text.HAL_DMA_CycleMode_Start), (112 bytes).
    Removing hal_dma.o(.ARM.exidx.text.HAL_DMA_CycleMode_Start), (8 bytes).
    Removing hal_dma.o(.text.HAL_DMA_CycleMode_Start_IT), (114 bytes).
    Removing hal_dma.o(.ARM.exidx.text.HAL_DMA_CycleMode_Start_IT), (8 bytes).
    Removing hal_dma.o(.text.HAL_DMA_Start), (34 bytes).
    Removing hal_dma.o(.ARM.exidx.text.HAL_DMA_Start), (8 bytes).
    Removing hal_dma.o(.text.HAL_DMA_Start_IT), (34 bytes).
    Removing hal_dma.o(.ARM.exidx.text.HAL_DMA_Start_IT), (8 bytes).
    Removing hal_dma.o(.text.HAL_DMA_Abort), (64 bytes).
    Removing hal_dma.o(.ARM.exidx.text.HAL_DMA_Abort), (8 bytes).
    Removing hal_dma.o(.text.HAL_DMA_GetState), (60 bytes).
    Removing hal_dma.o(.ARM.exidx.text.HAL_DMA_GetState), (8 bytes).
    Removing hal_dma.o(.bss.Cycle_Channel), (128 bytes).
    Removing hal_eflash.o(.text), (0 bytes).
    Removing hal_eflash.o(.ARM.exidx.text.HAL_EFlash_Init), (8 bytes).
    Removing hal_eflash.o(.text.HAL_EFlash_ErasePage), (54 bytes).
    Removing hal_eflash.o(.ARM.exidx.text.HAL_EFlash_ErasePage), (8 bytes).
    Removing hal_eflash.o(.text.HAL_EFlash_Program_Word), (70 bytes).
    Removing hal_eflash.o(.ARM.exidx.text.HAL_EFlash_Program_Word), (8 bytes).
    Removing app.o(.text), (0 bytes).
    Removing app.o(.ARM.exidx.text.APP_ARM_Variance_Test), (8 bytes).
    Removing main.o(.text), (0 bytes).
    Removing main.o(.ARM.exidx.text.Uart_Init), (8 bytes).
    Removing main.o(.ARM.exidx.text.main), (8 bytes).
    Removing main.o(.ARM.use_no_argv), (4 bytes).
    Removing arm_dot_prod_f32.o(.text), (0 bytes).
    Removing arm_dot_prod_f32.o(.ARM.exidx.text.arm_dot_prod_f32), (8 bytes).
    Removing arm_mult_f32.o(.text), (0 bytes).
    Removing arm_mult_f32.o(.ARM.exidx.text.arm_mult_f32), (8 bytes).
    Removing arm_sub_f32.o(.text), (0 bytes).
    Removing arm_sub_f32.o(.ARM.exidx.text.arm_sub_f32), (8 bytes).
    Removing arm_copy_f32.o(.text), (0 bytes).
    Removing arm_copy_f32.o(.ARM.exidx.text.arm_copy_f32), (8 bytes).
    Removing arm_fill_f32.o(.text), (0 bytes).
    Removing arm_fill_f32.o(.ARM.exidx.text.arm_fill_f32), (8 bytes).
    Removing system_accelerate.o(.text), (0 bytes).
    Removing system_accelerate.o(.ARM.exidx.text.System_EnableIAccelerate), (8 bytes).
    Removing system_accelerate.o(.text.System_DisableIAccelerate), (46 bytes).
    Removing system_accelerate.o(.ARM.exidx.text.System_DisableIAccelerate), (8 bytes).
    Removing system_accelerate.o(.text.System_InvalidateIAccelerate), (30 bytes).
    Removing system_accelerate.o(.ARM.exidx.text.System_InvalidateIAccelerate), (8 bytes).
    Removing system_accelerate.o(.text.System_EnableDAccelerate), (130 bytes).
    Removing system_accelerate.o(.ARM.exidx.text.System_EnableDAccelerate), (8 bytes).
    Removing system_accelerate.o(.text.System_DisableDAccelerate), (130 bytes).
    Removing system_accelerate.o(.ARM.exidx.text.System_DisableDAccelerate), (8 bytes).
    Removing system_accelerate.o(.text.System_InvalidateDAccelerate), (110 bytes).
    Removing system_accelerate.o(.ARM.exidx.text.System_InvalidateDAccelerate), (8 bytes).
    Removing system_accelerate.o(.text.System_CleanDAccelerate), (110 bytes).
    Removing system_accelerate.o(.ARM.exidx.text.System_CleanDAccelerate), (8 bytes).
    Removing system_accelerate.o(.text.System_CleanInvalidateDAccelerate), (110 bytes).
    Removing system_accelerate.o(.ARM.exidx.text.System_CleanInvalidateDAccelerate), (8 bytes).
    Removing system_accelerate.o(.text.System_InvalidateDAccelerate_by_Addr), (74 bytes).
    Removing system_accelerate.o(.ARM.exidx.text.System_InvalidateDAccelerate_by_Addr), (8 bytes).
    Removing system_accelerate.o(.text.System_CleanDAccelerate_by_Addr), (74 bytes).
    Removing system_accelerate.o(.ARM.exidx.text.System_CleanDAccelerate_by_Addr), (8 bytes).
    Removing system_accelerate.o(.text.System_CleanInvalidateDAccelerate_by_Addr), (74 bytes).
    Removing system_accelerate.o(.ARM.exidx.text.System_CleanInvalidateDAccelerate_by_Addr), (8 bytes).
    Removing hal_eflash_ex.o(.text), (0 bytes).
    Removing hal_eflash_ex.o(.text.HAL_EFlash_ReWrite_Word), (74 bytes).
    Removing hal_eflash_ex.o(.ARM.exidx.text.HAL_EFlash_ReWrite_Word), (8 bytes).
    Removing hal_eflash_ex.o(.text.HAL_EFlash_Return_to_Boot), (20 bytes).
    Removing hal_eflash_ex.o(.ARM.exidx.text.HAL_EFlash_Return_to_Boot), (8 bytes).
    Removing hal_eflash_ex.o(.ARM.exidx.text.HAL_Verify_Chip), (8 bytes).
    Removing hal_eflash_ex.o(.ARM.exidx.text.HAL_EFlash_Init_Para), (8 bytes).
    Removing hal_eflash_ex.o(.text.HAL_EFlash_ErasePage_EX), (100 bytes).
    Removing hal_eflash_ex.o(.ARM.exidx.text.HAL_EFlash_ErasePage_EX), (8 bytes).
    Removing hal_eflash_ex.o(.text.HAL_EFlash_Program_Word_EX), (86 bytes).
    Removing hal_eflash_ex.o(.ARM.exidx.text.HAL_EFlash_Program_Word_EX), (8 bytes).
    Removing dadd.o(.text), (334 bytes).
    Removing dmul.o(.text), (228 bytes).
    Removing dfixul.o(.text), (48 bytes).
    Removing cdrcmple.o(.text), (48 bytes).

197 unused section(s) (total 7614 bytes) removed from the image.

==============================================================================

Image Symbol Table

    Local Symbols

    Symbol Name                              Value     Ov Type        Size  Object(Section)

    ../clib/division.s                       0x00000000   Number         0  aeabi_sdiv.o ABSOLUTE
    ../clib/microlib/division.c              0x00000000   Number         0  uldiv.o ABSOLUTE
    ../clib/microlib/division.c              0x00000000   Number         0  uidiv.o ABSOLUTE
    ../clib/microlib/init/entry.s            0x00000000   Number         0  entry.o ABSOLUTE
    ../clib/microlib/init/entry.s            0x00000000   Number         0  entry2.o ABSOLUTE
    ../clib/microlib/init/entry.s            0x00000000   Number         0  entry5.o ABSOLUTE
    ../clib/microlib/init/entry.s            0x00000000   Number         0  entry7a.o ABSOLUTE
    ../clib/microlib/init/entry.s            0x00000000   Number         0  entry7b.o ABSOLUTE
    ../clib/microlib/init/entry.s            0x00000000   Number         0  entry8a.o ABSOLUTE
    ../clib/microlib/init/entry.s            0x00000000   Number         0  entry8b.o ABSOLUTE
    ../clib/microlib/init/entry.s            0x00000000   Number         0  entry9a.o ABSOLUTE
    ../clib/microlib/init/entry.s            0x00000000   Number         0  entry9b.o ABSOLUTE
    ../clib/microlib/init/entry.s            0x00000000   Number         0  entry10a.o ABSOLUTE
    ../clib/microlib/init/entry.s            0x00000000   Number         0  entry10b.o ABSOLUTE
    ../clib/microlib/init/entry.s            0x00000000   Number         0  entry11a.o ABSOLUTE
    ../clib/microlib/init/entry.s            0x00000000   Number         0  entry11b.o ABSOLUTE
    ../clib/microlib/longlong.c              0x00000000   Number         0  llshl.o ABSOLUTE
    ../clib/microlib/longlong.c              0x00000000   Number         0  llushr.o ABSOLUTE
    ../clib/microlib/longlong.c              0x00000000   Number         0  llsshr.o ABSOLUTE
    ../clib/microlib/printf/printf.c         0x00000000   Number         0  printfb.o ABSOLUTE
    ../clib/microlib/printf/printf.c         0x00000000   Number         0  printf0.o ABSOLUTE
    ../clib/microlib/printf/printf.c         0x00000000   Number         0  printf1.o ABSOLUTE
    ../clib/microlib/printf/printf.c         0x00000000   Number         0  printf2.o ABSOLUTE
    ../clib/microlib/printf/printf.c         0x00000000   Number         0  printf3.o ABSOLUTE
    ../clib/microlib/printf/printf.c         0x00000000   Number         0  printf4.o ABSOLUTE
    ../clib/microlib/printf/printf.c         0x00000000   Number         0  printf5.o ABSOLUTE
    ../clib/microlib/printf/printf.c         0x00000000   Number         0  printf6.o ABSOLUTE
    ../clib/microlib/printf/printf.c         0x00000000   Number         0  printf7.o ABSOLUTE
    ../clib/microlib/printf/printf.c         0x00000000   Number         0  printf8.o ABSOLUTE
    ../clib/microlib/printf/printf.c         0x00000000   Number         0  printfa.o ABSOLUTE
    ../clib/microlib/printf/stubs.s          0x00000000   Number         0  printfstubs.o ABSOLUTE
    ../clib/microlib/stdio/puts.c            0x00000000   Number         0  puts.o ABSOLUTE
    ../clib/microlib/stdio/puts.c            0x00000000   Number         0  puts_e.o ABSOLUTE
    ../clib/microlib/stdio/streams.c         0x00000000   Number         0  stdout.o ABSOLUTE
    ../clib/microlib/string/memset.c         0x00000000   Number         0  memseta.o ABSOLUTE
    ../clib/microlib/stubs.s                 0x00000000   Number         0  iusefp.o ABSOLUTE
    ../fplib/microlib/d2f.c                  0x00000000   Number         0  d2f.o ABSOLUTE
    ../fplib/microlib/fpadd.c                0x00000000   Number         0  dadd.o ABSOLUTE
    ../fplib/microlib/fpdiv.c                0x00000000   Number         0  ddiv.o ABSOLUTE
    ../fplib/microlib/fpepilogue.c           0x00000000   Number         0  fepilogue.o ABSOLUTE
    ../fplib/microlib/fpepilogue.c           0x00000000   Number         0  depilogue.o ABSOLUTE
    ../fplib/microlib/fpfix.c                0x00000000   Number         0  dfixul.o ABSOLUTE
    ../fplib/microlib/fpflt.c                0x00000000   Number         0  dfltui.o ABSOLUTE
    ../fplib/microlib/fpmul.c                0x00000000   Number         0  dmul.o ABSOLUTE
    ..\..\..\Core_Drivers\Device\Startup_ACM32F4.s 0x00000000   Number         0  startup_acm32f4.o ABSOLUTE
    APP.c                                    0x00000000   Number         0  app.o ABSOLUTE
    HAL_DMA.c                                0x00000000   Number         0  hal_dma.o ABSOLUTE
    HAL_EFlash.c                             0x00000000   Number         0  hal_eflash.o ABSOLUTE
    HAL_EFlash_Ex.c                          0x00000000   Number         0  hal_eflash_ex.o ABSOLUTE
    HAL_GPIO.c                               0x00000000   Number         0  hal_gpio.o ABSOLUTE
    HAL_Uart.c                               0x00000000   Number         0  hal_uart.o ABSOLUTE
    System_ACM32F4.c                         0x00000000   Number         0  system_acm32f4.o ABSOLUTE
    System_Accelerate.c                      0x00000000   Number         0  system_accelerate.o ABSOLUTE
    arm_copy_f32.c                           0x00000000   Number         0  arm_copy_f32.o ABSOLUTE
    arm_dot_prod_f32.c                       0x00000000   Number         0  arm_dot_prod_f32.o ABSOLUTE
    arm_fill_f32.c                           0x00000000   Number         0  arm_fill_f32.o ABSOLUTE
    arm_mult_f32.c                           0x00000000   Number         0  arm_mult_f32.o ABSOLUTE
    arm_sub_f32.c                            0x00000000   Number         0  arm_sub_f32.o ABSOLUTE
    cdrcmple.s                               0x00000000   Number         0  cdrcmple.o ABSOLUTE
    dc.s                                     0x00000000   Number         0  dc.o ABSOLUTE
    handlers.s                               0x00000000   Number         0  handlers.o ABSOLUTE
    init.s                                   0x00000000   Number         0  init.o ABSOLUTE
    main.c                                   0x00000000   Number         0  main.o ABSOLUTE
    RESET                                    0x00000000   Section      228  startup_acm32f4.o(RESET)
    .ARM.Collect$$$$00000000                 0x000000e4   Section        0  entry.o(.ARM.Collect$$$$00000000)
    .ARM.Collect$$$$00000001                 0x000000e4   Section        4  entry2.o(.ARM.Collect$$$$00000001)
    .ARM.Collect$$$$00000004                 0x000000e8   Section        4  entry5.o(.ARM.Collect$$$$00000004)
    .ARM.Collect$$$$00000008                 0x000000ec   Section        0  entry7b.o(.ARM.Collect$$$$00000008)
    .ARM.Collect$$$$0000000A                 0x000000ec   Section        0  entry8b.o(.ARM.Collect$$$$0000000A)
    .ARM.Collect$$$$0000000B                 0x000000ec   Section        8  entry9a.o(.ARM.Collect$$$$0000000B)
    __lit__00000000                          0x000000f4   Data           4  entry2.o(.ARM.Collect$$$$00002712)
    .ARM.Collect$$$$0000000D                 0x000000f4   Section        0  entry10a.o(.ARM.Collect$$$$0000000D)
    .ARM.Collect$$$$0000000F                 0x000000f4   Section        0  entry11a.o(.ARM.Collect$$$$0000000F)
    .ARM.Collect$$$$00002712                 0x000000f4   Section        4  entry2.o(.ARM.Collect$$$$00002712)
    $v0                                      0x000000f8   Number         0  startup_acm32f4.o(.text)
    .text                                    0x000000f8   Section       36  startup_acm32f4.o(.text)
    .text                                    0x0000011c   Section        0  uldiv.o(.text)
    .text                                    0x0000017e   Section        0  ddiv.o(.text)
    .text                                    0x0000025c   Section        0  dfltui.o(.text)
    .text                                    0x00000276   Section        0  d2f.o(.text)
    .text                                    0x000002ae   Section        0  uidiv.o(.text)
    .text                                    0x000002da   Section        0  llshl.o(.text)
    .text                                    0x000002f8   Section        0  llushr.o(.text)
    .text                                    0x00000318   Section        0  iusefp.o(.text)
    .text                                    0x00000318   Section        0  fepilogue.o(.text)
    .text                                    0x00000386   Section        0  depilogue.o(.text)
    .text                                    0x00000440   Section       36  init.o(.text)
    [Anonymous Symbol]                       0x00000468   Section        0  app.o(.text.APP_ARM_Variance_Test)
    [Anonymous Symbol]                       0x000005b8   Section        0  hal_eflash.o(.text.HAL_EFlash_Init)
    [Anonymous Symbol]                       0x000005c0   Section        0  hal_eflash_ex.o(.text.HAL_EFlash_Init_Para)
    [Anonymous Symbol]                       0x000006dc   Section        0  hal_gpio.o(.text.HAL_GPIO_Init)
    [Anonymous Symbol]                       0x00000a44   Section        0  hal_uart.o(.text.HAL_UART_Init)
    [Anonymous Symbol]                       0x00000b50   Section        0  hal_uart.o(.text.HAL_UART_MspInit)
    [Anonymous Symbol]                       0x00000bc0   Section        0  hal_eflash_ex.o(.text.HAL_Verify_Chip)
    [Anonymous Symbol]                       0x00000bd4   Section        0  system_acm32f4.o(.text.HardFault_Handler)
    SysTick_Config                           0x00000bd9   Thumb Code    36  system_acm32f4.o(.text.SysTick_Config)
    [Anonymous Symbol]                       0x00000bd8   Section        0  system_acm32f4.o(.text.SysTick_Config)
    [Anonymous Symbol]                       0x00000bfc   Section        0  system_acm32f4.o(.text.SysTick_Handler)
    [Anonymous Symbol]                       0x00000c0c   Section        0  system_acm32f4.o(.text.System_Clock_Init)
    [Anonymous Symbol]                       0x00000e78   Section        0  system_acm32f4.o(.text.System_Core_Config)
    [Anonymous Symbol]                       0x00000e90   Section        0  system_acm32f4.o(.text.System_Delay)
    [Anonymous Symbol]                       0x00000ea4   Section        0  system_accelerate.o(.text.System_EnableIAccelerate)
    [Anonymous Symbol]                       0x00000edc   Section        0  system_acm32f4.o(.text.System_Get_APBClock)
    [Anonymous Symbol]                       0x00000ee8   Section        0  system_acm32f4.o(.text.System_Get_SystemClock)
    [Anonymous Symbol]                       0x00000ef4   Section        0  system_acm32f4.o(.text.System_Init)
    [Anonymous Symbol]                       0x00000f30   Section        0  system_acm32f4.o(.text.System_Module_Enable)
    [Anonymous Symbol]                       0x00000f64   Section        0  system_acm32f4.o(.text.System_Set_Buzzer_Divider)
    [Anonymous Symbol]                       0x00000f90   Section        0  system_acm32f4.o(.text.System_SysTick_Init)
    UART_Config_BaudRate                     0x00000fbd   Thumb Code    84  hal_uart.o(.text.UART_Config_BaudRate)
    [Anonymous Symbol]                       0x00000fbc   Section        0  hal_uart.o(.text.UART_Config_BaudRate)
    [Anonymous Symbol]                       0x00001010   Section        0  main.o(.text.Uart_Init)
    __NVIC_ClearPendingIRQ                   0x00001085   Thumb Code    16  hal_uart.o(.text.__NVIC_ClearPendingIRQ)
    [Anonymous Symbol]                       0x00001084   Section        0  hal_uart.o(.text.__NVIC_ClearPendingIRQ)
    __NVIC_EnableIRQ                         0x00001095   Thumb Code    16  hal_uart.o(.text.__NVIC_EnableIRQ)
    [Anonymous Symbol]                       0x00001094   Section        0  hal_uart.o(.text.__NVIC_EnableIRQ)
    __NVIC_SetPriority                       0x000010a5   Thumb Code    14  system_acm32f4.o(.text.__NVIC_SetPriority)
    [Anonymous Symbol]                       0x000010a4   Section        0  system_acm32f4.o(.text.__NVIC_SetPriority)
    __NVIC_SetPriority                       0x000010b5   Thumb Code    14  hal_uart.o(.text.__NVIC_SetPriority)
    [Anonymous Symbol]                       0x000010b4   Section        0  hal_uart.o(.text.__NVIC_SetPriority)
    __NVIC_SetPriorityGrouping               0x000010c5   Thumb Code    28  system_acm32f4.o(.text.__NVIC_SetPriorityGrouping)
    [Anonymous Symbol]                       0x000010c4   Section        0  system_acm32f4.o(.text.__NVIC_SetPriorityGrouping)
    [Anonymous Symbol]                       0x000010e0   Section        0  arm_copy_f32.o(.text.arm_copy_f32)
    [Anonymous Symbol]                       0x00001124   Section        0  arm_dot_prod_f32.o(.text.arm_dot_prod_f32)
    [Anonymous Symbol]                       0x000011b4   Section        0  arm_fill_f32.o(.text.arm_fill_f32)
    [Anonymous Symbol]                       0x000011f0   Section        0  arm_mult_f32.o(.text.arm_mult_f32)
    [Anonymous Symbol]                       0x00001280   Section        0  arm_sub_f32.o(.text.arm_sub_f32)
    [Anonymous Symbol]                       0x00001310   Section        0  hal_uart.o(.text.fputc)
    [Anonymous Symbol]                       0x0000132c   Section        0  main.o(.text.main)
    i.__0printf$1                            0x0000133c   Section        0  printf1.o(i.__0printf$1)
    i.__scatterload_copy                     0x0000135c   Section       14  handlers.o(i.__scatterload_copy)
    i.__scatterload_null                     0x0000136a   Section        2  handlers.o(i.__scatterload_null)
    i.__scatterload_zeroinit                 0x0000136c   Section       14  handlers.o(i.__scatterload_zeroinit)
    _printf_core                             0x0000137d   Thumb Code   336  printf1.o(i._printf_core)
    i._printf_core                           0x0000137c   Section        0  printf1.o(i._printf_core)
    i.puts                                   0x000014d0   Section        0  puts.o(i.puts)
    .data                                    0x20000000   Section        4  stdout.o(.data)
    STACK                                    0x20000268   Section     2048  startup_acm32f4.o(STACK)

    Global Symbols

    Symbol Name                              Value     Ov Type        Size  Object(Section)

    BuildAttributes$$THM_ISAv4$E$P$D$K$B$S$7EM$8M$VFPi5$EXTD16$VFPS$VFMA$PE$A:L22UL41UL21$X:L11$S22US41US21$IEEE1$IW$~IW$USESV6$~STKCKD$USESV7$~SHL$OTIME$ROPI$EBA8$MICROLIB$REQ8$PRES8$EABIv2 0x00000000   Number         0  anon$$obj.o ABSOLUTE
    __Vectors                                0x00000000   Data           0  startup_acm32f4.o(RESET)
    _printf_a                                0x00000000   Number         0  printfstubs.o ABSOLUTE
    _printf_c                                0x00000000   Number         0  printfstubs.o ABSOLUTE
    _printf_charcount                        0x00000000   Number         0  printfstubs.o ABSOLUTE
    _printf_d                                0x00000000   Number         0  printfstubs.o ABSOLUTE
    _printf_e                                0x00000000   Number         0  printfstubs.o ABSOLUTE
    _printf_f                                0x00000000   Number         0  printfstubs.o ABSOLUTE
    _printf_flags                            0x00000000   Number         0  printfstubs.o ABSOLUTE
    _printf_fp_dec                           0x00000000   Number         0  printfstubs.o ABSOLUTE
    _printf_fp_hex                           0x00000000   Number         0  printfstubs.o ABSOLUTE
    _printf_g                                0x00000000   Number         0  printfstubs.o ABSOLUTE
    _printf_i                                0x00000000   Number         0  printfstubs.o ABSOLUTE
    _printf_int_dec                          0x00000000   Number         0  printfstubs.o ABSOLUTE
    _printf_l                                0x00000000   Number         0  printfstubs.o ABSOLUTE
    _printf_lc                               0x00000000   Number         0  printfstubs.o ABSOLUTE
    _printf_ll                               0x00000000   Number         0  printfstubs.o ABSOLUTE
    _printf_lld                              0x00000000   Number         0  printfstubs.o ABSOLUTE
    _printf_lli                              0x00000000   Number         0  printfstubs.o ABSOLUTE
    _printf_llo                              0x00000000   Number         0  printfstubs.o ABSOLUTE
    _printf_llu                              0x00000000   Number         0  printfstubs.o ABSOLUTE
    _printf_llx                              0x00000000   Number         0  printfstubs.o ABSOLUTE
    _printf_longlong_dec                     0x00000000   Number         0  printfstubs.o ABSOLUTE
    _printf_longlong_hex                     0x00000000   Number         0  printfstubs.o ABSOLUTE
    _printf_longlong_oct                     0x00000000   Number         0  printfstubs.o ABSOLUTE
    _printf_ls                               0x00000000   Number         0  printfstubs.o ABSOLUTE
    _printf_mbtowc                           0x00000000   Number         0  printfstubs.o ABSOLUTE
    _printf_n                                0x00000000   Number         0  printfstubs.o ABSOLUTE
    _printf_o                                0x00000000   Number         0  printfstubs.o ABSOLUTE
    _printf_p                                0x00000000   Number         0  printfstubs.o ABSOLUTE
    _printf_percent                          0x00000000   Number         0  printfstubs.o ABSOLUTE
    _printf_pre_padding                      0x00000000   Number         0  printfstubs.o ABSOLUTE
    _printf_return_value                     0x00000000   Number         0  printfstubs.o ABSOLUTE
    _printf_s                                0x00000000   Number         0  printfstubs.o ABSOLUTE
    _printf_sizespec                         0x00000000   Number         0  printfstubs.o ABSOLUTE
    _printf_str                              0x00000000   Number         0  printfstubs.o ABSOLUTE
    _printf_truncate_signed                  0x00000000   Number         0  printfstubs.o ABSOLUTE
    _printf_truncate_unsigned                0x00000000   Number         0  printfstubs.o ABSOLUTE
    _printf_u                                0x00000000   Number         0  printfstubs.o ABSOLUTE
    _printf_wc                               0x00000000   Number         0  printfstubs.o ABSOLUTE
    _printf_wctomb                           0x00000000   Number         0  printfstubs.o ABSOLUTE
    _printf_widthprec                        0x00000000   Number         0  printfstubs.o ABSOLUTE
    _printf_x                                0x00000000   Number         0  printfstubs.o ABSOLUTE
    HAL_UART_ErrorCallback                    - Undefined Weak Reference
    __cpp_initialize__aeabi_                  - Undefined Weak Reference
    __cxa_finalize                            - Undefined Weak Reference
    __decompress                              - Undefined Weak Reference
    _clock_init                               - Undefined Weak Reference
    _microlib_exit                            - Undefined Weak Reference
    __main                                   0x000000e5   Thumb Code     0  entry.o(.ARM.Collect$$$$00000000)
    _main_stk                                0x000000e5   Thumb Code     0  entry2.o(.ARM.Collect$$$$00000001)
    _main_scatterload                        0x000000e9   Thumb Code     0  entry5.o(.ARM.Collect$$$$00000004)
    __main_after_scatterload                 0x000000ed   Thumb Code     0  entry5.o(.ARM.Collect$$$$00000004)
    _main_clock                              0x000000ed   Thumb Code     0  entry7b.o(.ARM.Collect$$$$00000008)
    _main_cpp_init                           0x000000ed   Thumb Code     0  entry8b.o(.ARM.Collect$$$$0000000A)
    _main_init                               0x000000ed   Thumb Code     0  entry9a.o(.ARM.Collect$$$$0000000B)
    __rt_final_cpp                           0x000000f5   Thumb Code     0  entry10a.o(.ARM.Collect$$$$0000000D)
    __rt_final_exit                          0x000000f5   Thumb Code     0  entry11a.o(.ARM.Collect$$$$0000000F)
    Reset_Handler                            0x000000f9   Thumb Code     8  startup_acm32f4.o(.text)
    NMI_Handler                              0x00000101   Thumb Code     2  startup_acm32f4.o(.text)
    MemManage_Handler                        0x00000105   Thumb Code     2  startup_acm32f4.o(.text)
    BusFault_Handler                         0x00000107   Thumb Code     2  startup_acm32f4.o(.text)
    UsageFault_Handler                       0x00000109   Thumb Code     2  startup_acm32f4.o(.text)
    SVC_Handler                              0x0000010b   Thumb Code     2  startup_acm32f4.o(.text)
    DebugMon_Handler                         0x0000010d   Thumb Code     2  startup_acm32f4.o(.text)
    PendSV_Handler                           0x0000010f   Thumb Code     2  startup_acm32f4.o(.text)
    ADC_IRQHandler                           0x00000113   Thumb Code     0  startup_acm32f4.o(.text)
    AES_IRQHandler                           0x00000113   Thumb Code     0  startup_acm32f4.o(.text)
    CAN1_IRQHandler                          0x00000113   Thumb Code     0  startup_acm32f4.o(.text)
    CAN2_IRQHandler                          0x00000113   Thumb Code     0  startup_acm32f4.o(.text)
    CLKRDY_IRQHandler                        0x00000113   Thumb Code     0  startup_acm32f4.o(.text)
    DAC_IRQHandler                           0x00000113   Thumb Code     0  startup_acm32f4.o(.text)
    DMA_IRQHandler                           0x00000113   Thumb Code     0  startup_acm32f4.o(.text)
    EFC_IRQHandler                           0x00000113   Thumb Code     0  startup_acm32f4.o(.text)
    EXTI_IRQHandler                          0x00000113   Thumb Code     0  startup_acm32f4.o(.text)
    FPU_IRQHandler                           0x00000113   Thumb Code     0  startup_acm32f4.o(.text)
    GPIOAB_IRQHandler                        0x00000113   Thumb Code     0  startup_acm32f4.o(.text)
    GPIOCD_IRQHandler                        0x00000113   Thumb Code     0  startup_acm32f4.o(.text)
    GPIOEF_IRQHandler                        0x00000113   Thumb Code     0  startup_acm32f4.o(.text)
    I2C1_IRQHandler                          0x00000113   Thumb Code     0  startup_acm32f4.o(.text)
    I2C2_IRQHandler                          0x00000113   Thumb Code     0  startup_acm32f4.o(.text)
    I2S_IRQHandler                           0x00000113   Thumb Code     0  startup_acm32f4.o(.text)
    LPUART_IRQHandler                        0x00000113   Thumb Code     0  startup_acm32f4.o(.text)
    RSV_IRQHandler                           0x00000113   Thumb Code     0  startup_acm32f4.o(.text)
    RTC_IRQHandler                           0x00000113   Thumb Code     0  startup_acm32f4.o(.text)
    SPI1_IRQHandler                          0x00000113   Thumb Code     0  startup_acm32f4.o(.text)
    SPI2_IRQHandler                          0x00000113   Thumb Code     0  startup_acm32f4.o(.text)
    SPI3_IRQHandler                          0x00000113   Thumb Code     0  startup_acm32f4.o(.text)
    SPI4_IRQHandler                          0x00000113   Thumb Code     0  startup_acm32f4.o(.text)
    SRAM_PARITY_IRQHandler                   0x00000113   Thumb Code     0  startup_acm32f4.o(.text)
    TIM14_IRQHandler                         0x00000113   Thumb Code     0  startup_acm32f4.o(.text)
    TIM15_IRQHandler                         0x00000113   Thumb Code     0  startup_acm32f4.o(.text)
    TIM16_IRQHandler                         0x00000113   Thumb Code     0  startup_acm32f4.o(.text)
    TIM17_IRQHandler                         0x00000113   Thumb Code     0  startup_acm32f4.o(.text)
    TIM1_BRK_UP_TRG_COM_IRQHandler           0x00000113   Thumb Code     0  startup_acm32f4.o(.text)
    TIM1_CC_IRQHandler                       0x00000113   Thumb Code     0  startup_acm32f4.o(.text)
    TIM2_IRQHandler                          0x00000113   Thumb Code     0  startup_acm32f4.o(.text)
    TIM3_IRQHandler                          0x00000113   Thumb Code     0  startup_acm32f4.o(.text)
    TIM4_IRQHandler                          0x00000113   Thumb Code     0  startup_acm32f4.o(.text)
    TIM6_IRQHandler                          0x00000113   Thumb Code     0  startup_acm32f4.o(.text)
    TIM7_IRQHandler                          0x00000113   Thumb Code     0  startup_acm32f4.o(.text)
    UART1_IRQHandler                         0x00000113   Thumb Code     0  startup_acm32f4.o(.text)
    UART2_IRQHandler                         0x00000113   Thumb Code     0  startup_acm32f4.o(.text)
    UART3_IRQHandler                         0x00000113   Thumb Code     0  startup_acm32f4.o(.text)
    UART4_IRQHandler                         0x00000113   Thumb Code     0  startup_acm32f4.o(.text)
    USB_IRQHandler                           0x00000113   Thumb Code     0  startup_acm32f4.o(.text)
    WDT_IRQHandler                           0x00000113   Thumb Code     0  startup_acm32f4.o(.text)
    __aeabi_uldivmod                         0x0000011d   Thumb Code    98  uldiv.o(.text)
    __aeabi_ddiv                             0x0000017f   Thumb Code   222  ddiv.o(.text)
    __aeabi_ui2d                             0x0000025d   Thumb Code    26  dfltui.o(.text)
    __aeabi_d2f                              0x00000277   Thumb Code    56  d2f.o(.text)
    __aeabi_uidiv                            0x000002af   Thumb Code     0  uidiv.o(.text)
    __aeabi_uidivmod                         0x000002af   Thumb Code    44  uidiv.o(.text)
    __aeabi_llsl                             0x000002db   Thumb Code    30  llshl.o(.text)
    _ll_shift_l                              0x000002db   Thumb Code     0  llshl.o(.text)
    __aeabi_llsr                             0x000002f9   Thumb Code    32  llushr.o(.text)
    _ll_ushift_r                             0x000002f9   Thumb Code     0  llushr.o(.text)
    __I$use$fp                               0x00000319   Thumb Code     0  iusefp.o(.text)
    _float_round                             0x00000319   Thumb Code    18  fepilogue.o(.text)
    _float_epilogue                          0x0000032b   Thumb Code    92  fepilogue.o(.text)
    _double_round                            0x00000387   Thumb Code    30  depilogue.o(.text)
    _double_epilogue                         0x000003a5   Thumb Code   156  depilogue.o(.text)
    __scatterload                            0x00000441   Thumb Code    28  init.o(.text)
    __scatterload_rt2                        0x00000441   Thumb Code     0  init.o(.text)
    APP_ARM_Variance_Test                    0x00000469   Thumb Code   336  app.o(.text.APP_ARM_Variance_Test)
    HAL_EFlash_Init                          0x000005b9   Thumb Code     8  hal_eflash.o(.text.HAL_EFlash_Init)
    HAL_EFlash_Init_Para                     0x000005c1   Thumb Code   284  hal_eflash_ex.o(.text.HAL_EFlash_Init_Para)
    HAL_GPIO_Init                            0x000006dd   Thumb Code   872  hal_gpio.o(.text.HAL_GPIO_Init)
    HAL_UART_Init                            0x00000a45   Thumb Code   266  hal_uart.o(.text.HAL_UART_Init)
    HAL_UART_MspInit                         0x00000b51   Thumb Code   112  hal_uart.o(.text.HAL_UART_MspInit)
    HAL_Verify_Chip                          0x00000bc1   Thumb Code    18  hal_eflash_ex.o(.text.HAL_Verify_Chip)
    HardFault_Handler                        0x00000bd5   Thumb Code     2  system_acm32f4.o(.text.HardFault_Handler)
    SysTick_Handler                          0x00000bfd   Thumb Code    16  system_acm32f4.o(.text.SysTick_Handler)
    System_Clock_Init                        0x00000c0d   Thumb Code   618  system_acm32f4.o(.text.System_Clock_Init)
    System_Core_Config                       0x00000e79   Thumb Code    24  system_acm32f4.o(.text.System_Core_Config)
    System_Delay                             0x00000e91   Thumb Code    18  system_acm32f4.o(.text.System_Delay)
    System_EnableIAccelerate                 0x00000ea5   Thumb Code    54  system_accelerate.o(.text.System_EnableIAccelerate)
    System_Get_APBClock                      0x00000edd   Thumb Code    12  system_acm32f4.o(.text.System_Get_APBClock)
    System_Get_SystemClock                   0x00000ee9   Thumb Code    12  system_acm32f4.o(.text.System_Get_SystemClock)
    System_Init                              0x00000ef5   Thumb Code    58  system_acm32f4.o(.text.System_Init)
    System_Module_Enable                     0x00000f31   Thumb Code    50  system_acm32f4.o(.text.System_Module_Enable)
    System_Set_Buzzer_Divider                0x00000f65   Thumb Code    42  system_acm32f4.o(.text.System_Set_Buzzer_Divider)
    System_SysTick_Init                      0x00000f91   Thumb Code    44  system_acm32f4.o(.text.System_SysTick_Init)
    Uart_Init                                0x00001011   Thumb Code   116  main.o(.text.Uart_Init)
    arm_copy_f32                             0x000010e1   Thumb Code    66  arm_copy_f32.o(.text.arm_copy_f32)
    arm_dot_prod_f32                         0x00001125   Thumb Code   144  arm_dot_prod_f32.o(.text.arm_dot_prod_f32)
    arm_fill_f32                             0x000011b5   Thumb Code    58  arm_fill_f32.o(.text.arm_fill_f32)
    arm_mult_f32                             0x000011f1   Thumb Code   142  arm_mult_f32.o(.text.arm_mult_f32)
    arm_sub_f32                              0x00001281   Thumb Code   142  arm_sub_f32.o(.text.arm_sub_f32)
    fputc                                    0x00001311   Thumb Code    28  hal_uart.o(.text.fputc)
    main                                     0x0000132d   Thumb Code    14  main.o(.text.main)
    __0printf$1                              0x0000133d   Thumb Code    22  printf1.o(i.__0printf$1)
    __1printf$1                              0x0000133d   Thumb Code     0  printf1.o(i.__0printf$1)
    __2printf                                0x0000133d   Thumb Code     0  printf1.o(i.__0printf$1)
    __scatterload_copy                       0x0000135d   Thumb Code    14  handlers.o(i.__scatterload_copy)
    __scatterload_null                       0x0000136b   Thumb Code     2  handlers.o(i.__scatterload_null)
    __scatterload_zeroinit                   0x0000136d   Thumb Code    14  handlers.o(i.__scatterload_zeroinit)
    puts                                     0x000014d1   Thumb Code    30  puts.o(i.puts)
    Region$$Table$$Base                      0x000014f4   Number         0  anon$$obj.o(Region$$Table)
    Region$$Table$$Limit                     0x00001514   Number         0  anon$$obj.o(Region$$Table)
    __stdout                                 0x20000000   Data           4  stdout.o(.data)
    blockSize                                0x20000004   Data           4  app.o(.data.blockSize)
    refVarianceOut                           0x20000008   Data           4  app.o(.data.refVarianceOut)
    testInput_f32                            0x2000000c   Data         128  app.o(.data.testInput_f32)
    UART1_Handle                             0x20000090   Data          72  main.o(.bss.UART1_Handle)
    Uart_Debug                               0x200000d8   Data           4  hal_uart.o(.bss.Uart_Debug)
    gu32_APBClock                            0x200000dc   Data           4  system_acm32f4.o(.bss.gu32_APBClock)
    gu32_SystemClock                         0x200000e0   Data           4  system_acm32f4.o(.bss.gu32_SystemClock)
    gu32_SystemCount                         0x200000e4   Data           4  system_acm32f4.o(.bss.gu32_SystemCount)
    wire1                                    0x200000e8   Data         128  app.o(.bss.wire1)
    wire2                                    0x20000168   Data         128  app.o(.bss.wire2)
    wire3                                    0x200001e8   Data         128  app.o(.bss.wire3)
    __initial_sp                             0x20000a68   Data           0  startup_acm32f4.o(STACK)



==============================================================================

Memory Map of the image

  Image Entry point : 0x000000e5

  Load Region LR_IROM1 (Base: 0x00000000, Size: 0x000015a8, Max: 0x00200000, ABSOLUTE)

    Execution Region ER_IROM1 (Exec base: 0x00000000, Load base: 0x00000000, Size: 0x00001514, Max: 0x00200000, ABSOLUTE)

    Exec Addr    Load Addr    Size         Type   Attr      Idx    E Section Name        Object

    0x00000000   0x00000000   0x000000e4   Data   RO            3    RESET               startup_acm32f4.o
    0x000000e4   0x000000e4   0x00000000   Code   RO          337  * .ARM.Collect$$$$00000000  mc_w.l(entry.o)
    0x000000e4   0x000000e4   0x00000004   Code   RO          615    .ARM.Collect$$$$00000001  mc_w.l(entry2.o)
    0x000000e8   0x000000e8   0x00000004   Code   RO          618    .ARM.Collect$$$$00000004  mc_w.l(entry5.o)
    0x000000ec   0x000000ec   0x00000000   Code   RO          620    .ARM.Collect$$$$00000008  mc_w.l(entry7b.o)
    0x000000ec   0x000000ec   0x00000000   Code   RO          622    .ARM.Collect$$$$0000000A  mc_w.l(entry8b.o)
    0x000000ec   0x000000ec   0x00000008   Code   RO          623    .ARM.Collect$$$$0000000B  mc_w.l(entry9a.o)
    0x000000f4   0x000000f4   0x00000000   Code   RO          625    .ARM.Collect$$$$0000000D  mc_w.l(entry10a.o)
    0x000000f4   0x000000f4   0x00000000   Code   RO          627    .ARM.Collect$$$$0000000F  mc_w.l(entry11a.o)
    0x000000f4   0x000000f4   0x00000004   Code   RO          616    .ARM.Collect$$$$00002712  mc_w.l(entry2.o)
    0x000000f8   0x000000f8   0x00000024   Code   RO            4    .text               startup_acm32f4.o
    0x0000011c   0x0000011c   0x00000062   Code   RO          344    .text               mc_w.l(uldiv.o)
    0x0000017e   0x0000017e   0x000000de   Code   RO          609    .text               mf_w.l(ddiv.o)
    0x0000025c   0x0000025c   0x0000001a   Code   RO          611    .text               mf_w.l(dfltui.o)
    0x00000276   0x00000276   0x00000038   Code   RO          613    .text               mf_w.l(d2f.o)
    0x000002ae   0x000002ae   0x0000002c   Code   RO          639    .text               mc_w.l(uidiv.o)
    0x000002da   0x000002da   0x0000001e   Code   RO          641    .text               mc_w.l(llshl.o)
    0x000002f8   0x000002f8   0x00000020   Code   RO          643    .text               mc_w.l(llushr.o)
    0x00000318   0x00000318   0x00000000   Code   RO          645    .text               mc_w.l(iusefp.o)
    0x00000318   0x00000318   0x0000006e   Code   RO          646    .text               mf_w.l(fepilogue.o)
    0x00000386   0x00000386   0x000000ba   Code   RO          648    .text               mf_w.l(depilogue.o)
    0x00000440   0x00000440   0x00000024   Code   RO          658    .text               mc_w.l(init.o)
    0x00000464   0x00000464   0x00000004   PAD
    0x00000468   0x00000468   0x00000150   Code   RO          216    .text.APP_ARM_Variance_Test  app.o
    0x000005b8   0x000005b8   0x00000008   Code   RO          202    .text.HAL_EFlash_Init  hal_eflash.o
    0x000005c0   0x000005c0   0x0000011c   Code   RO          324    .text.HAL_EFlash_Init_Para  HAL_EFlash_EX.lib(hal_eflash_ex.o)
    0x000006dc   0x000006dc   0x00000368   Code   RO           88    .text.HAL_GPIO_Init  hal_gpio.o
    0x00000a44   0x00000a44   0x0000010a   Code   RO          120    .text.HAL_UART_Init  hal_uart.o
    0x00000b4e   0x00000b4e   0x00000002   PAD
    0x00000b50   0x00000b50   0x00000070   Code   RO          112    .text.HAL_UART_MspInit  hal_uart.o
    0x00000bc0   0x00000bc0   0x00000012   Code   RO          322    .text.HAL_Verify_Chip  HAL_EFlash_EX.lib(hal_eflash_ex.o)
    0x00000bd2   0x00000bd2   0x00000002   PAD
    0x00000bd4   0x00000bd4   0x00000002   Code   RO           11    .text.HardFault_Handler  system_acm32f4.o
    0x00000bd6   0x00000bd6   0x00000002   PAD
    0x00000bd8   0x00000bd8   0x00000024   Code   RO           17    .text.SysTick_Config  system_acm32f4.o
    0x00000bfc   0x00000bfc   0x00000010   Code   RO           13    .text.SysTick_Handler  system_acm32f4.o
    0x00000c0c   0x00000c0c   0x0000026a   Code   RO           27    .text.System_Clock_Init  system_acm32f4.o
    0x00000e76   0x00000e76   0x00000002   PAD
    0x00000e78   0x00000e78   0x00000018   Code   RO           29    .text.System_Core_Config  system_acm32f4.o
    0x00000e90   0x00000e90   0x00000012   Code   RO           37    .text.System_Delay  system_acm32f4.o
    0x00000ea2   0x00000ea2   0x00000002   PAD
    0x00000ea4   0x00000ea4   0x00000036   Code   RO          289    .text.System_EnableIAccelerate  System_Accelerate.lib(system_accelerate.o)
    0x00000eda   0x00000eda   0x00000002   PAD
    0x00000edc   0x00000edc   0x0000000c   Code   RO           33    .text.System_Get_APBClock  system_acm32f4.o
    0x00000ee8   0x00000ee8   0x0000000c   Code   RO           31    .text.System_Get_SystemClock  system_acm32f4.o
    0x00000ef4   0x00000ef4   0x0000003a   Code   RO           21    .text.System_Init   system_acm32f4.o
    0x00000f2e   0x00000f2e   0x00000002   PAD
    0x00000f30   0x00000f30   0x00000032   Code   RO           39    .text.System_Module_Enable  system_acm32f4.o
    0x00000f62   0x00000f62   0x00000002   PAD
    0x00000f64   0x00000f64   0x0000002a   Code   RO           23    .text.System_Set_Buzzer_Divider  system_acm32f4.o
    0x00000f8e   0x00000f8e   0x00000002   PAD
    0x00000f90   0x00000f90   0x0000002c   Code   RO           15    .text.System_SysTick_Init  system_acm32f4.o
    0x00000fbc   0x00000fbc   0x00000054   Code   RO          122    .text.UART_Config_BaudRate  hal_uart.o
    0x00001010   0x00001010   0x00000074   Code   RO          231    .text.Uart_Init     main.o
    0x00001084   0x00001084   0x00000010   Code   RO          114    .text.__NVIC_ClearPendingIRQ  hal_uart.o
    0x00001094   0x00001094   0x00000010   Code   RO          118    .text.__NVIC_EnableIRQ  hal_uart.o
    0x000010a4   0x000010a4   0x0000000e   Code   RO           73    .text.__NVIC_SetPriority  system_acm32f4.o
    0x000010b2   0x000010b2   0x00000002   PAD
    0x000010b4   0x000010b4   0x0000000e   Code   RO          116    .text.__NVIC_SetPriority  hal_uart.o
    0x000010c2   0x000010c2   0x00000002   PAD
    0x000010c4   0x000010c4   0x0000001c   Code   RO           25    .text.__NVIC_SetPriorityGrouping  system_acm32f4.o
    0x000010e0   0x000010e0   0x00000042   Code   RO          271    .text.arm_copy_f32  arm_ARMv8MMLldfsp_math.lib(arm_copy_f32.o)
    0x00001122   0x00001122   0x00000002   PAD
    0x00001124   0x00001124   0x00000090   Code   RO          244    .text.arm_dot_prod_f32  arm_ARMv8MMLldfsp_math.lib(arm_dot_prod_f32.o)
    0x000011b4   0x000011b4   0x0000003a   Code   RO          280    .text.arm_fill_f32  arm_ARMv8MMLldfsp_math.lib(arm_fill_f32.o)
    0x000011ee   0x000011ee   0x00000002   PAD
    0x000011f0   0x000011f0   0x0000008e   Code   RO          253    .text.arm_mult_f32  arm_ARMv8MMLldfsp_math.lib(arm_mult_f32.o)
    0x0000127e   0x0000127e   0x00000002   PAD
    0x00001280   0x00001280   0x0000008e   Code   RO          262    .text.arm_sub_f32   arm_ARMv8MMLldfsp_math.lib(arm_sub_f32.o)
    0x0000130e   0x0000130e   0x00000002   PAD
    0x00001310   0x00001310   0x0000001c   Code   RO          154    .text.fputc         hal_uart.o
    0x0000132c   0x0000132c   0x0000000e   Code   RO          233    .text.main          main.o
    0x0000133a   0x0000133a   0x00000002   PAD
    0x0000133c   0x0000133c   0x00000020   Code   RO          393    i.__0printf$1       mc_w.l(printf1.o)
    0x0000135c   0x0000135c   0x0000000e   Code   RO          664    i.__scatterload_copy  mc_w.l(handlers.o)
    0x0000136a   0x0000136a   0x00000002   Code   RO          665    i.__scatterload_null  mc_w.l(handlers.o)
    0x0000136c   0x0000136c   0x0000000e   Code   RO          666    i.__scatterload_zeroinit  mc_w.l(handlers.o)
    0x0000137a   0x0000137a   0x00000002   PAD
    0x0000137c   0x0000137c   0x00000154   Code   RO          400    i._printf_core      mc_w.l(printf1.o)
    0x000014d0   0x000014d0   0x00000024   Code   RO          340    i.puts              mc_w.l(puts.o)
    0x000014f4   0x000014f4   0x00000020   Data   RO          663    Region$$Table       anon$$obj.o


    Execution Region RW_IRAM1 (Exec base: 0x20000000, Load base: 0x00001518, Size: 0x00000a68, Max: 0x00020000, ABSOLUTE)

    Exec Addr    Load Addr    Size         Type   Attr      Idx    E Section Name        Object

    0x20000000   0x00001518   0x00000004   Data   RW          629    .data               mc_w.l(stdout.o)
    0x20000004   0x0000151c   0x00000004   Data   RW          219    .data.blockSize     app.o
    0x20000008   0x00001520   0x00000004   Data   RW          220    .data.refVarianceOut  app.o
    0x2000000c   0x00001524   0x00000080   Data   RW          218    .data.testInput_f32  app.o
    0x2000008c   0x000015a4   0x00000004   PAD
    0x20000090        -       0x00000048   Zero   RW          235    .bss.UART1_Handle   main.o
    0x200000d8        -       0x00000004   Zero   RW          156    .bss.Uart_Debug     hal_uart.o
    0x200000dc        -       0x00000004   Zero   RW           77    .bss.gu32_APBClock  system_acm32f4.o
    0x200000e0        -       0x00000004   Zero   RW           76    .bss.gu32_SystemClock  system_acm32f4.o
    0x200000e4        -       0x00000004   Zero   RW           75    .bss.gu32_SystemCount  system_acm32f4.o
    0x200000e8        -       0x00000080   Zero   RW          221    .bss.wire1          app.o
    0x20000168        -       0x00000080   Zero   RW          222    .bss.wire2          app.o
    0x200001e8        -       0x00000080   Zero   RW          223    .bss.wire3          app.o
    0x20000268        -       0x00000800   Zero   RW            1    STACK               startup_acm32f4.o


==============================================================================

Image component sizes


      Code (inc. data)   RO Data    RW Data    ZI Data      Debug   Object Name

       336         72          0        136        384       1612   app.o
         8          0          0          0          0       1656   hal_eflash.o
       872          0          0          0          0       7574   hal_gpio.o
       536          0          0          0          4      12836   hal_uart.o
       130         40          0          0         72       2406   main.o
        36          8        228          0       2048        940   startup_acm32f4.o
       974          0          0          0         12      13843   system_acm32f4.o

    ----------------------------------------------------------------------
      2912        120        260        136       2524      40867   Object Totals
         0          0         32          0          0          0   (incl. Generated)
        20          0          0          0          4          0   (incl. Padding)

    ----------------------------------------------------------------------

      Code (inc. data)   RO Data    RW Data    ZI Data      Debug   Library Member Name

       302          0          0          0          0       4364   hal_eflash_ex.o
        54          0          0          0          0       3896   system_accelerate.o
        66          0          0          0          0        952   arm_copy_f32.o
       144          4          0          0          0       1140   arm_dot_prod_f32.o
        58          0          0          0          0        885   arm_fill_f32.o
       142          0          0          0          0       1071   arm_mult_f32.o
       142          0          0          0          0       1068   arm_sub_f32.o
         0          0          0          0          0          0   entry.o
         0          0          0          0          0          0   entry10a.o
         0          0          0          0          0          0   entry11a.o
         8          4          0          0          0          0   entry2.o
         4          0          0          0          0          0   entry5.o
         0          0          0          0          0          0   entry7b.o
         0          0          0          0          0          0   entry8b.o
         8          4          0          0          0          0   entry9a.o
        30          0          0          0          0          0   handlers.o
        36          8          0          0          0         68   init.o
         0          0          0          0          0          0   iusefp.o
        30          0          0          0          0         68   llshl.o
        32          0          0          0          0         68   llushr.o
       372         14          0          0          0        184   printf1.o
        36          6          0          0          0         80   puts.o
         0          0          0          4          0          0   stdout.o
        44          0          0          0          0         80   uidiv.o
        98          0          0          0          0         92   uldiv.o
        56          0          0          0          0         88   d2f.o
       222          0          0          0          0        100   ddiv.o
       186          0          0          0          0        176   depilogue.o
        26          0          0          0          0         76   dfltui.o
       110          0          0          0          0        168   fepilogue.o

    ----------------------------------------------------------------------
      2224         44          0          4          0      14624   Library Totals
        18          4          0          0          0          0   (incl. Padding)

    ----------------------------------------------------------------------

      Code (inc. data)   RO Data    RW Data    ZI Data      Debug   Library Name

       302          0          0          0          0       4364   HAL_EFlash_EX.lib
        54          0          0          0          0       3896   System_Accelerate.lib
       552          4          0          0          0       5116   arm_ARMv8MMLldfsp_math.lib
       698         36          0          4          0        640   mc_w.l
       600          0          0          0          0        608   mf_w.l

    ----------------------------------------------------------------------
      2224         44          0          4          0      14624   Library Totals

    ----------------------------------------------------------------------

==============================================================================


      Code (inc. data)   RO Data    RW Data    ZI Data      Debug   

      5136        164        260        140       2524      54931   Grand Totals
      5136        164        260        140       2524      54931   ELF Image Totals
      5136        164        260        140          0          0   ROM Totals

==============================================================================

    Total RO  Size (Code + RO Data)                 5396 (   5.27kB)
    Total RW  Size (RW Data + ZI Data)              2664 (   2.60kB)
    Total ROM Size (Code + RO Data + RW Data)       5536 (   5.41kB)

==============================================================================

