Component: ARM Compiler 6.16 Tool: armlink [5dfeaa00]

==============================================================================

Image Symbol Table

    Local Symbols

    Symbol Name                              Value     Ov Type        Size  Object(Section)

    ../clib/angel/boardlib.s                 0x00000000   Number         0  boardinit1.o ABSOLUTE
    ../clib/angel/boardlib.s                 0x00000000   Number         0  boardinit2.o ABSOLUTE
    ../clib/angel/boardlib.s                 0x00000000   Number         0  boardinit3.o ABSOLUTE
    ../clib/angel/boardlib.s                 0x00000000   Number         0  boardshut.o ABSOLUTE
    ../clib/angel/dczerorl.s                 0x00000000   Number         0  __dczerorl.o ABSOLUTE
    ../clib/angel/handlers.s                 0x00000000   Number         0  __scatter_zi.o ABSOLUTE
    ../clib/angel/kernel.s                   0x00000000   Number         0  __rtentry.o ABSOLUTE
    ../clib/angel/kernel.s                   0x00000000   Number         0  __rtentry2.o ABSOLUTE
    ../clib/angel/kernel.s                   0x00000000   Number         0  __rtentry4.o ABSOLUTE
    ../clib/angel/kernel.s                   0x00000000   Number         0  rtexit.o ABSOLUTE
    ../clib/angel/kernel.s                   0x00000000   Number         0  rtexit2.o ABSOLUTE
    ../clib/angel/rt.s                       0x00000000   Number         0  rt_ctype_table.o ABSOLUTE
    ../clib/angel/rt.s                       0x00000000   Number         0  rt_locale.o ABSOLUTE
    ../clib/angel/rt.s                       0x00000000   Number         0  rt_locale_intlibspace.o ABSOLUTE
    ../clib/angel/rt.s                       0x00000000   Number         0  rt_ddtor_pointer_addr.o ABSOLUTE
    ../clib/angel/rt.s                       0x00000000   Number         0  rt_ddtor_pointer_addr_intlibspace.o ABSOLUTE
    ../clib/angel/rt.s                       0x00000000   Number         0  rt_raise.o ABSOLUTE
    ../clib/angel/rt.s                       0x00000000   Number         0  rt_heap_descriptor.o ABSOLUTE
    ../clib/angel/rt.s                       0x00000000   Number         0  rt_heap_descriptor_intlibspace.o ABSOLUTE
    ../clib/angel/rt.s                       0x00000000   Number         0  rt_errno_addr.o ABSOLUTE
    ../clib/angel/rt.s                       0x00000000   Number         0  rt_errno_addr_intlibspace.o ABSOLUTE
    ../clib/angel/scatter.s                  0x00000000   Number         0  __scatter.o ABSOLUTE
    ../clib/angel/startup.s                  0x00000000   Number         0  __main.o ABSOLUTE
    ../clib/angel/sys.s                      0x00000000   Number         0  libspace.o ABSOLUTE
    ../clib/angel/sys.s                      0x00000000   Number         0  mutex_dummy.o ABSOLUTE
    ../clib/angel/sys.s                      0x00000000   Number         0  sys_stackheap_outer.o ABSOLUTE
    ../clib/angel/sys.s                      0x00000000   Number         0  use_no_semi.o ABSOLUTE
    ../clib/angel/sys.s                      0x00000000   Number         0  indicate_semi.o ABSOLUTE
    ../clib/angel/sysapp.c                   0x00000000   Number         0  sys_io_names.o ABSOLUTE
    ../clib/angel/sysapp.c                   0x00000000   Number         0  sys_io.o ABSOLUTE
    ../clib/angel/sysapp.c                   0x00000000   Number         0  sys_io_hlt.o ABSOLUTE
    ../clib/angel/sysapp.c                   0x00000000   Number         0  sys_command.o ABSOLUTE
    ../clib/angel/sysapp.c                   0x00000000   Number         0  sys_exit.o ABSOLUTE
    ../clib/angel/sysapp.c                   0x00000000   Number         0  sys_command_hlt.o ABSOLUTE
    ../clib/angel/sysapp.c                   0x00000000   Number         0  sys_exit_hlt.o ABSOLUTE
    ../clib/angel/sysapp.c                   0x00000000   Number         0  sys_wrch.o ABSOLUTE
    ../clib/angel/sysapp.c                   0x00000000   Number         0  sys_wrch_hlt.o ABSOLUTE
    ../clib/arm_runtime.c                    0x00000000   Number         0  init_aeabi.o ABSOLUTE
    ../clib/arm_runtime.c                    0x00000000   Number         0  init_aeabi.o ABSOLUTE
    ../clib/armsys.c                         0x00000000   Number         0  argv_veneer.o ABSOLUTE
    ../clib/armsys.c                         0x00000000   Number         0  argv_veneer.o ABSOLUTE
    ../clib/armsys.c                         0x00000000   Number         0  _get_argv.o ABSOLUTE
    ../clib/armsys.c                         0x00000000   Number         0  _get_argv_nomalloc.o ABSOLUTE
    ../clib/armsys.c                         0x00000000   Number         0  no_argv.o ABSOLUTE
    ../clib/bigflt.c                         0x00000000   Number         0  bigflt0.o ABSOLUTE
    ../clib/btod.s                           0x00000000   Number         0  btod.o ABSOLUTE
    ../clib/btod_accurate.c                  0x00000000   Number         0  btod_accurate.o ABSOLUTE
[...]
    _printf_longlong_dec                     0x08000805   Thumb Code   108  _printf_longlong_dec.o(.text)
    _printf_longlong_oct                     0x08000881   Thumb Code    68  _printf_oct_int_ll.o(.text)
    _printf_int_oct                          0x080008c5   Thumb Code    24  _printf_oct_int_ll.o(.text)
    _printf_ll_oct                           0x080008dd   Thumb Code    12  _printf_oct_int_ll.o(.text)
    _printf_longlong_hex                     0x080008f1   Thumb Code    86  _printf_hex_int_ll_ptr.o(.text)
    _printf_int_hex                          0x08000947   Thumb Code    28  _printf_hex_int_ll_ptr.o(.text)
    _printf_ll_hex                           0x08000963   Thumb Code    12  _printf_hex_int_ll_ptr.o(.text)
    _printf_hex_ptr                          0x0800096f   Thumb Code    18  _printf_hex_int_ll_ptr.o(.text)
    __printf                                 0x08000985   Thumb Code   388  __printf_flags_ss_wp.o(.text)
    _initio                                  0x08000b0d   Thumb Code   210  initio.o(.text)
    _terminateio                             0x08000bdf   Thumb Code    56  initio.o(.text)
    __aeabi_atexit                           0x08000c45   Thumb Code    46  aeabi_atexit.o(.text)
    __aeabi_memcpy4                          0x08000c73   Thumb Code     0  rt_memcpy_w.o(.text)
    __aeabi_memcpy8                          0x08000c73   Thumb Code     0  rt_memcpy_w.o(.text)
    __rt_memcpy_w                            0x08000c73   Thumb Code   100  rt_memcpy_w.o(.text)
    _memcpy_lastbytes_aligned                0x08000cbb   Thumb Code     0  rt_memcpy_w.o(.text)
    __aeabi_memclr4                          0x08000cd7   Thumb Code     0  rt_memclr_w.o(.text)
    __aeabi_memclr8                          0x08000cd7   Thumb Code     0  rt_memclr_w.o(.text)
    __rt_memclr_w                            0x08000cd7   Thumb Code     0  rt_memclr_w.o(.text)
    _memset_w                                0x08000cdb   Thumb Code    74  rt_memclr_w.o(.text)
    __user_libspace                          0x08000d25   Thumb Code     8  libspace.o(.text)
    __user_perproc_libspace                  0x08000d25   Thumb Code     0  libspace.o(.text)
    __user_perthread_libspace                0x08000d25   Thumb Code     0  libspace.o(.text)
    __rt_ddtor_pointer_addr                  0x08000d2d   Thumb Code     8  rt_ddtor_pointer_addr_intlibspace.o(.text)
    malloc                                   0x08000d35   Thumb Code    94  h1_alloc.o(.text)
    free                                     0x08000d93   Thumb Code    78  h1_free.o(.text)
    _ll_udiv10                               0x08000de1   Thumb Code   138  lludiv10.o(.text)
    _printf_int_common                       0x08000e6b   Thumb Code   178  _printf_intcommon.o(.text)
    _printf_fp_dec_real                      0x080010cd   Thumb Code   620  _printf_fp_dec.o(.text)
    _printf_fp_hex_real                      0x08001339   Thumb Code   756  _printf_fp_hex.o(.text)
    _printf_char_common                      0x0800163f   Thumb Code    32  _printf_char_common.o(.text)
    _printf_cs_common                        0x08001665   Thumb Code    20  _printf_char.o(.text)
    _printf_char                             0x08001679   Thumb Code    16  _printf_char.o(.text)
    _printf_string                           0x08001689   Thumb Code     8  _printf_char.o(.text)
    _printf_lcs_common                       0x08001691   Thumb Code    20  _printf_wchar.o(.text)
    _printf_wchar                            0x080016a5   Thumb Code    16  _printf_wchar.o(.text)
    _printf_wstring                          0x080016b5   Thumb Code     8  _printf_wchar.o(.text)
    ferror                                   0x080016bd   Thumb Code     8  ferror.o(.text)
    setvbuf                                  0x080016c5   Thumb Code    70  setvbuf.o(.text)
    freopen                                  0x0800170d   Thumb Code   160  fopen.o(.text)
    fopen                                    0x080017ad   Thumb Code    74  fopen.o(.text)
    _fclose_internal                         0x080017fd   Thumb Code    76  fclose.o(.text)
    fclose                                   0x080017fd   Thumb Code     0  fclose.o(.text)
    _c16rtomb                                0x08001849   Thumb Code    72  _c16rtomb.o(.text)
    _wcrtomb                                 0x08001849   Thumb Code     0  _c16rtomb.o(.text)
    __cxa_finalize                           0x08001891   Thumb Code    66  cxa_finalize.o(.text)
    __rt_SIGRTRED                            0x080018d3   Thumb Code    14  defsig_rtred_outer.o(.text)
    _sys_open                                0x080018e1   Thumb Code    20  sys_io.o(.text)
    _sys_close                               0x080018f5   Thumb Code    12  sys_io.o(.text)
    _sys_write                               0x08001901   Thumb Code    16  sys_io.o(.text)
    _sys_read                                0x08001911   Thumb Code    14  sys_io.o(.text)
    _sys_istty                               0x0800191f   Thumb Code    12  sys_io.o(.text)
    _sys_seek                                0x0800192b   Thumb Code    14  sys_io.o(.text)
    _sys_ensure                              0x08001939   Thumb Code     2  sys_io.o(.text)
    _sys_flen                                0x0800193b   Thumb Code    12  sys_io.o(.text)
    __user_setup_stackheap                   0x08001947   Thumb Code    74  sys_stackheap_outer.o(.text)
    __rt_heap_descriptor                     0x08001991   Thumb Code     8  rt_heap_descriptor_intlibspace.o(.text)
    __use_no_heap                            0x08001999   Thumb Code     2  hguard.o(.text)
    __heap$guard                             0x0800199b   Thumb Code     2  hguard.o(.text)
    _terminate_user_alloc                    0x0800199d   Thumb Code     2  init_alloc.o(.text)
    _init_user_alloc                         0x0800199f   Thumb Code     2  init_alloc.o(.text)
    __Heap_Full                              0x080019a1   Thumb Code    34  init_alloc.o(.text)
    __Heap_Broken                            0x080019c3   Thumb Code     6  init_alloc.o(.text)
    _init_alloc                              0x080019c9   Thumb Code    94  init_alloc.o(.text)
    __Heap_Initialize                        0x08001a27   Thumb Code    10  h1_init.o(.text)
    __Heap_DescSize                          0x08001a31   Thumb Code     4  h1_init.o(.text)
    _printf_fp_infnan                        0x08001a35   Thumb Code   112  _printf_fp_infnan.o(.text)
    _btod_etento                             0x08001ab5   Thumb Code   224  bigflt0.o(.text)
    _fseek                                   0x08001b99   Thumb Code   242  fseek.o(.text)
    fseek                                    0x08001b99   Thumb Code     0  fseek.o(.text)
    _seterr                                  0x08001c91   Thumb Code    20  stdio.o(.text)
    _writebuf                                0x08001ca5   Thumb Code    84  stdio.o(.text)
    _fflush                                  0x08001cf9   Thumb Code    70  stdio.o(.text)
    _deferredlazyseek                        0x08001d3f   Thumb Code    60  stdio.o(.text)
    exit                                     0x08001d81   Thumb Code    18  exit.o(.text)
    __sig_exit                               0x08001d93   Thumb Code    10  defsig_exit.o(.text)
    __rt_SIGRTRED_inner                      0x08001d9d   Thumb Code    14  defsig_rtred_inner.o(.text)
    _sys_exit                                0x08001dd1   Thumb Code     8  sys_exit.o(.text)
    __I$use$semihosting                      0x08001ddd   Thumb Code     0  use_no_semi.o(.text)
    __use_no_semihosting_swi                 0x08001ddd   Thumb Code     2  use_no_semi.o(.text)
    __Heap_ProvideMemory                     0x08001ddf   Thumb Code    52  h1_extend.o(.text)
    __semihosting_library_function           0x08001ddf   Thumb Code     0  indicate_semi.o(.text)
    _maybe_terminate_alloc                   0x08001ddf   Thumb Code     0  maybetermalloc1.o(.text)
    _ftell_internal                          0x08001e13   Thumb Code    66  ftell.o(.text)
    ftell                                    0x08001e13   Thumb Code     0  ftell.o(.text)
    __default_signal_display                 0x08001e55   Thumb Code    50  defsig_general.o(.text)
    __rt_SIGRTMEM                            0x08001e87   Thumb Code    14  defsig_rtmem_outer.o(.text)
    _ttywrch                                 0x08001e95   Thumb Code    14  sys_wrch.o(.text)
    __aeabi_errno_addr                       0x08001ea5   Thumb Code     8  rt_errno_addr_intlibspace.o(.text)
    __errno$intlibspace                      0x08001ea5   Thumb Code     0  rt_errno_addr_intlibspace.o(.text)
    __rt_errno_addr$intlibspace              0x08001ea5   Thumb Code     0  rt_errno_addr_intlibspace.o(.text)
    __rt_SIGRTMEM_inner                      0x08001ead   Thumb Code    22  defsig_rtmem_inner.o(.text)
    ADC_ConfigClk                            0x08001efd   Thumb Code    56  n32g4fr_adc.o(.text.ADC_ConfigClk)
    ADC_ConfigRegularChannel                 0x08001f35   Thumb Code   424  n32g4fr_adc.o(.text.ADC_ConfigRegularChannel)
    ADC_Enable                               0x080020dd   Thumb Code    44  n32g4fr_adc.o(.text.ADC_Enable)
    ADC_EnableDMA                            0x08002109   Thumb Code    44  n32g4fr_adc.o(.text.ADC_EnableDMA)
    ADC_EnableSoftwareStartConv              0x08002135   Thumb Code    44  n32g4fr_adc.o(.text.ADC_EnableSoftwareStartConv)
    ADC_GetCalibrationStatus                 0x08002161   Thumb Code    46  n32g4fr_adc.o(.text.ADC_GetCalibrationStatus)
    ADC_GetFlagStatusNew                     0x08002191   Thumb Code    52  n32g4fr_adc.o(.text.ADC_GetFlagStatusNew)
    ADC_Init                                 0x080021c5   Thumb Code   154  n32g4fr_adc.o(.text.ADC_Init)
    ADC_StartCalibration                     0x08002261   Thumb Code    18  n32g4fr_adc.o(.text.ADC_StartCalibration)
    BusFault_Handler                         0x08002275   Thumb Code     4  n32g4fr_it.o(.text.BusFault_Handler)
    DMA_DeInit                               0x08002279   Thumb Code   580  n32g4fr_dma.o(.text.DMA_DeInit)
    DMA_EnableChannel                        0x080024bd   Thumb Code    46  n32g4fr_dma.o(.text.DMA_EnableChannel)
    DMA_Init                                 0x080024ed   Thumb Code   108  n32g4fr_dma.o(.text.DMA_Init)
    DebugMon_Handler                         0x08002559   Thumb Code     2  n32g4fr_it.o(.text.DebugMon_Handler)
    FIFO_GetDataCount                        0x0800255d   Thumb Code    12  fifo.o(.text.FIFO_GetDataCount)
    FIFO_Init                                0x08002569   Thumb Code    26  fifo.o(.text.FIFO_Init)
    FIFO_IsDataEmpty                         0x08002585   Thumb Code    36  fifo.o(.text.FIFO_IsDataEmpty)
    FIFO_ReadData                            0x080025a9   Thumb Code   156  fifo.o(.text.FIFO_ReadData)
    FIFO_WriteData                           0x08002645   Thumb Code   112  fifo.o(.text.FIFO_WriteData)
    FIFO_WriteOneData                        0x080026b5   Thumb Code    22  fifo.o(.text.FIFO_WriteOneData)
    GPIO_InitPeripheral                      0x080026cd   Thumb Code   390  n32g4fr_gpio.o(.text.GPIO_InitPeripheral)
    GPIO_ReadInputDataBit                    0x08002855   Thumb Code    52  n32g4fr_gpio.o(.text.GPIO_ReadInputDataBit)
    HardFaultHandler                         0x08002889   Thumb Code   276  segger_hardfaulthandler.o(.text.HardFaultHandler)
    MemManage_Handler                        0x0800299d   Thumb Code     4  n32g4fr_it.o(.text.MemManage_Handler)
    NMI_Handler                              0x080029a1   Thumb Code     2  n32g4fr_it.o(.text.NMI_Handler)
    NVIC_Init                                0x080029a5   Thumb Code   170  misc.o(.text.NVIC_Init)
    NVIC_PriorityGroupConfig                 0x08002a51   Thumb Code    28  misc.o(.text.NVIC_PriorityGroupConfig)
    RCC_ConfigAdc1mClk                       0x08002a6d   Thumb Code    62  n32g4fr_rcc.o(.text.RCC_ConfigAdc1mClk)
    RCC_ConfigAdcHclk                        0x08002aad   Thumb Code    44  n32g4fr_rcc.o(.text.RCC_ConfigAdcHclk)
    RCC_ConfigAdcPllClk                      0x08002ad9   Thumb Code    84  n32g4fr_rcc.o(.text.RCC_ConfigAdcPllClk)
    RCC_ConfigPclk1                          0x08002b2d   Thumb Code    44  n32g4fr_rcc.o(.text.RCC_ConfigPclk1)
    RCC_EnableAHBPeriphClk                   0x08002b59   Thumb Code    56  n32g4fr_rcc.o(.text.RCC_EnableAHBPeriphClk)
    RCC_EnableAPB1PeriphClk                  0x08002b91   Thumb Code    56  n32g4fr_rcc.o(.text.RCC_EnableAPB1PeriphClk)
    RCC_EnableAPB2PeriphClk                  0x08002bc9   Thumb Code    56  n32g4fr_rcc.o(.text.RCC_EnableAPB2PeriphClk)
    RCC_GetClocksFreqValue                   0x08002c01   Thumb Code   452  n32g4fr_rcc.o(.text.RCC_GetClocksFreqValue)
    SEGGER_RTT_ConfigUpBuffer                0x08002dc5   Thumb Code   160  segger_rtt.o(.text.SEGGER_RTT_ConfigUpBuffer)
    SEGGER_RTT_Init                          0x08002e65   Thumb Code     8  segger_rtt.o(.text.SEGGER_RTT_Init)
    SEGGER_RTT_Write                         0x08002e6d   Thumb Code    76  segger_rtt.o(.text.SEGGER_RTT_Write)
    SEGGER_RTT_WriteNoLock                   0x08002eb9   Thumb Code   176  segger_rtt.o(.text.SEGGER_RTT_WriteNoLock)
    SEGGER_RTT_printf                        0x08002f69   Thumb Code    42  segger_rtt_printf.o(.text.SEGGER_RTT_printf)
    SEGGER_RTT_vprintf                       0x08002f95   Thumb Code   828  segger_rtt_printf.o(.text.SEGGER_RTT_vprintf)
    SVC_Handler                              0x080032d1   Thumb Code     2  n32g4fr_it.o(.text.SVC_Handler)
    SysTick_Handler                          0x0800341d   Thumb Code    32  n32g4fr_it.o(.text.SysTick_Handler)
    SystemInit                               0x0800343d   Thumb Code   204  system_n32g4fr.o(.text.SystemInit)
    TIM1_CC_IRQHandler                       0x08003509   Thumb Code   216  n32g4fr_it.o(.text.TIM1_CC_IRQHandler)
    TIM_ClrIntPendingBit                     0x080035e1   Thumb Code    20  n32g4fr_tim.o(.text.TIM_ClrIntPendingBit)
    TIM_ConfigArPreload                      0x080035f5   Thumb Code    44  n32g4fr_tim.o(.text.TIM_ConfigArPreload)
    TIM_ConfigInt                            0x08003621   Thumb Code    52  n32g4fr_tim.o(.text.TIM_ConfigInt)
    TIM_ConfigOc3Preload                     0x08003655   Thumb Code    60  n32g4fr_tim.o(.text.TIM_ConfigOc3Preload)
    TIM_ConfigOc4Preload                     0x08003691   Thumb Code    62  n32g4fr_tim.o(.text.TIM_ConfigOc4Preload)
    TIM_Enable                               0x080036d1   Thumb Code    44  n32g4fr_tim.o(.text.TIM_Enable)
    TIM_EnableCtrlPwmOutputs                 0x080036fd   Thumb Code    52  n32g4fr_tim.o(.text.TIM_EnableCtrlPwmOutputs)
    TIM_GetIntStatus                         0x08003731   Thumb Code    72  n32g4fr_tim.o(.text.TIM_GetIntStatus)
    TIM_InitOc3                              0x08003779   Thumb Code   262  n32g4fr_tim.o(.text.TIM_InitOc3)
    TIM_InitOc4                              0x08003881   Thumb Code   206  n32g4fr_tim.o(.text.TIM_InitOc4)
    TIM_InitTimeBase                         0x08003951   Thumb Code   756  n32g4fr_tim.o(.text.TIM_InitTimeBase)
    USART3_IRQHandler                        0x08003c45   Thumb Code   124  n32g4fr_it.o(.text.USART3_IRQHandler)
    USART_ConfigInt                          0x08003cc1   Thumb Code   146  n32g4fr_usart.o(.text.USART_ConfigInt)
    USART_Enable                             0x08003d55   Thumb Code    44  n32g4fr_usart.o(.text.USART_Enable)
    USART_GetFlagStatus                      0x08003d81   Thumb Code    68  n32g4fr_usart.o(.text.USART_GetFlagStatus)
    USART_GetIntStatus                       0x08003dc5   Thumb Code   176  n32g4fr_usart.o(.text.USART_GetIntStatus)
    USART_Init                               0x08003e75   Thumb Code   292  n32g4fr_usart.o(.text.USART_Init)
    USART_ReceiveData                        0x08003f99   Thumb Code    16  n32g4fr_usart.o(.text.USART_ReceiveData)
    USART_SendData                           0x08003fa9   Thumb Code    24  n32g4fr_usart.o(.text.USART_SendData)
    UsageFault_Handler                       0x08003fc1   Thumb Code     4  n32g4fr_it.o(.text.UsageFault_Handler)
    shell_ls_cmd(char, char*)                0x0800461d   Thumb Code   278  nr_micro_shell_commands.o(.text._Z12shell_ls_cmdcPc)
    shell_mode_cmd(char, char*)              0x08004735   Thumb Code   156  nr_micro_shell_commands.o(.text._Z14shell_mode_cmdcPc)
    shell_quit_cmd(char, char*)              0x080047d1   Thumb Code    42  nr_micro_shell_commands.o(.text._Z14shell_quit_cmdcPc)
    shell_hexdump_cmd(char, char*)           0x080047fd   Thumb Code   120  nr_micro_shell_commands.o(.text._Z17shell_hexdump_cmdcPc)
    loop()                                   0x08004875   Thumb Code    16  main.o(.text._Z4loopv)
    setup()                                  0x08004885   Thumb Code     8  main.o(.text._Z5setupv)
    Do::low()                                0x0800494d   Thumb Code    16  do.o(.text._ZN2Do3lowEv)
    Do::high()                               0x0800495d   Thumb Code    16  do.o(.text._ZN2Do4highEv)
    Do::toggle()                             0x0800496d   Thumb Code    20  do.o(.text._ZN2Do6toggleEv)
    Do::init_pin(GPIO_Module*, unsigned short) 0x08004981   Thumb Code   270  do.o(.text._ZN2Do8init_pinEP11GPIO_Modulet)
    Do::Do()                                 0x08004a91   Thumb Code    10  do.o(.text._ZN2DoC2Ev)
    Do::Do__sub_object()                     0x08004a91   Thumb Code    10  do.o(.text._ZN2DoC2Ev)
    Do::~Do()                                0x08004a9d   Thumb Code    10  do.o(.text._ZN2DoD2Ev)
    Do::~Do__sub_object()                    0x08004a9d   Thumb Code    10  do.o(.text._ZN2DoD2Ev)
    Adc::init_timer()                        0x08004aa9   Thumb Code   236  adc.o(.text._ZN3Adc10init_timerEv)
    Adc::enable_timer_pwm()                  0x08004b95   Thumb Code    24  adc.o(.text._ZN3Adc16enable_timer_pwmEv)
    Adc::disable_timer_pwm()                 0x08004bad   Thumb Code    24  adc.o(.text._ZN3Adc17disable_timer_pwmEv)
    Adc::init()                              0x08004bc5   Thumb Code    68  adc.o(.text._ZN3Adc4initEv)
    Adc::init_adc()                          0x08004c09   Thumb Code   290  adc.o(.text._ZN3Adc8init_adcEv)
    Adc::init_dma()                          0x08004d2d   Thumb Code   188  adc.o(.text._ZN3Adc8init_dmaEv)
    Adc::init_pin(GPIO_Module*, unsigned int) 0x08004de9   Thumb Code    34  adc.o(.text._ZN3Adc8init_pinEP11GPIO_Modulej)
    Adc::Adc()                               0x08004e0d   Thumb Code    20  adc.o(.text._ZN3AdcC2Ev)
    Adc::Adc__sub_object()                   0x08004e0d   Thumb Code    20  adc.o(.text._ZN3AdcC2Ev)
    Adc::~Adc()                              0x08004e21   Thumb Code    10  adc.o(.text._ZN3AdcD2Ev)
    Adc::~Adc__sub_object()                  0x08004e21   Thumb Code    10  adc.o(.text._ZN3AdcD2Ev)
    App::idle_process()                      0x08004e2d   Thumb Code    52  app.o(.text._ZN3App12idle_processEv)
    App::uart_process()                      0x08004e61   Thumb Code    14  app.o(.text._ZN3App12uart_processEv)
    App::error_process()                     0x08004e71   Thumb Code    40  app.o(.text._ZN3App13error_processEv)
    App::sent_sample_data()                  0x08004e99   Thumb Code    80  app.o(.text._ZN3App16sent_sample_dataEv)
    App::run()                               0x08004ee9   Thumb Code    74  app.o(.text._ZN3App3runEv)
    App::App()                               0x08004f35   Thumb Code    32  app.o(.text._ZN3AppC2Ev)
    App::App__sub_object()                   0x08004f35   Thumb Code    32  app.o(.text._ZN3AppC2Ev)
    App::~App()                              0x08004f55   Thumb Code    10  app.o(.text._ZN3AppD2Ev)
    App::~App__sub_object()                  0x08004f55   Thumb Code    10  app.o(.text._ZN3AppD2Ev)
    Clk::print_clock()                       0x08004f61   Thumb Code   116  clk.o(.text._ZN3Clk11print_clockEv)
    Clk::Clk()                               0x08004fd5   Thumb Code   140  clk.o(.text._ZN3ClkC2Ev)
    Clk::Clk__sub_object()                   0x08004fd5   Thumb Code   140  clk.o(.text._ZN3ClkC2Ev)
    Clk::~Clk()                              0x08005061   Thumb Code    10  clk.o(.text._ZN3ClkD2Ev)
    Clk::~Clk__sub_object()                  0x08005061   Thumb Code    10  clk.o(.text._ZN3ClkD2Ev)
    Rtt::init()                              0x0800506d   Thumb Code   126  rtt.o(.text._ZN3Rtt4initEv)
    Rtt::Rtt()                               0x080050ed   Thumb Code    20  rtt.o(.text._ZN3RttC2Ev)
    Rtt::Rtt__sub_object()                   0x080050ed   Thumb Code    20  rtt.o(.text._ZN3RttC2Ev)
    Rtt::~Rtt()                              0x08005101   Thumb Code    10  rtt.o(.text._ZN3RttD2Ev)
    Rtt::~Rtt__sub_object()                  0x08005101   Thumb Code    10  rtt.o(.text._ZN3RttD2Ev)
    Uart::init(unsigned int)                 0x0800510d   Thumb Code    78  uart.o(.text._ZN4Uart4initEj)
    Uart::init_pin()                         0x0800515d   Thumb Code    78  uart.o(.text._ZN4Uart8init_pinEv)
    Uart::init_nvic()                        0x080051ad   Thumb Code    42  uart.o(.text._ZN4Uart9init_nvicEv)
    Uart::Uart()                             0x080051d9   Thumb Code    36  uart.o(.text._ZN4UartC2Ev)
    Uart::Uart__sub_object()                 0x080051d9   Thumb Code    36  uart.o(.text._ZN4UartC2Ev)
    Uart::~Uart()                            0x080051fd   Thumb Code    10  uart.o(.text._ZN4UartD2Ev)
    Uart::~Uart__sub_object()                0x080051fd   Thumb Code    10  uart.o(.text._ZN4UartD2Ev)
    Shell::init()                            0x08005209   Thumb Code    34  shell.o(.text._ZN5Shell4initEv)
    Shell::Shell()                           0x0800522d   Thumb Code    20  shell.o(.text._ZN5ShellC2Ev)
    Shell::Shell__sub_object()               0x0800522d   Thumb Code    20  shell.o(.text._ZN5ShellC2Ev)
    Shell::~Shell()                          0x08005241   Thumb Code    10  shell.o(.text._ZN5ShellD2Ev)
    Shell::~Shell__sub_object()              0x08005241   Thumb Code    10  shell.o(.text._ZN5ShellD2Ev)
    Systick::init()                          0x0800524d   Thumb Code    56  systick.o(.text._ZN7Systick4initEv)
    Systick::delay_ms(unsigned int)          0x08005285   Thumb Code    40  systick.o(.text._ZN7Systick8delay_msEj)
    Systick::Systick()                       0x080052ad   Thumb Code    20  systick.o(.text._ZN7SystickC2Ev)
    Systick::Systick__sub_object()           0x080052ad   Thumb Code    20  systick.o(.text._ZN7SystickC2Ev)
    Systick::~Systick()                      0x080052c1   Thumb Code    10  systick.o(.text._ZN7SystickD2Ev)
    Systick::~Systick__sub_object()          0x080052c1   Thumb Code    10  systick.o(.text._ZN7SystickD2Ev)
    DWTDelay::init(unsigned int)             0x080052cd   Thumb Code    48  dwtdelay.o(.text._ZN8DWTDelay4initEj)
    DWTDelay::DWTDelay()                     0x080052fd   Thumb Code    30  dwtdelay.o(.text._ZN8DWTDelayC2Ev)
    DWTDelay::DWTDelay__sub_object()         0x080052fd   Thumb Code    30  dwtdelay.o(.text._ZN8DWTDelayC2Ev)
    DWTDelay::~DWTDelay()                    0x0800531d   Thumb Code    10  dwtdelay.o(.text._ZN8DWTDelayD2Ev)
    DWTDelay::~DWTDelay__sub_object()        0x0800531d   Thumb Code    10  dwtdelay.o(.text._ZN8DWTDelayD2Ev)
    Hardware::Hardware()                     0x08005329   Thumb Code   160  hardware.o(.text._ZN8HardwareC2Ev)
    Hardware::Hardware__sub_object()         0x08005329   Thumb Code   160  hardware.o(.text._ZN8HardwareC2Ev)
    Hardware::~Hardware()                    0x080053c9   Thumb Code    68  hardware.o(.text._ZN8HardwareD2Ev)
    Hardware::~Hardware__sub_object()        0x080053c9   Thumb Code    68  hardware.o(.text._ZN8HardwareD2Ev)
    _shell_init                              0x08005515   Thumb Code   214  nr_micro_shell.o(.text._shell_init)
    ansi_clear_current_line                  0x080055ed   Thumb Code    30  ansi.o(.text.ansi_clear_current_line)
    ansi_get_char                            0x0800560d   Thumb Code   372  ansi.o(.text.ansi_get_char)
    ansi_init                                0x08005781   Thumb Code    42  ansi.o(.text.ansi_init)
    ansi_search_char                         0x080057ad   Thumb Code    98  ansi.o(.text.ansi_search_char)
    ansi_show_str                            0x08005811   Thumb Code    56  ansi_port.o(.text.ansi_show_str)
    fputc                                    0x08005849   Thumb Code    52  bsp.o(.text.fputc)
    hexdump                                  0x0800587d   Thumb Code   824  bsp.o(.text.hexdump)
    main                                     0x08005bb5   Thumb Code    20  main.o(.text.main)
    memory_init                              0x08005bc9   Thumb Code   154  bsp.o(.text.memory_init)
    nr_ansi_common_char_slover               0x08005c65   Thumb Code   212  ansi_port.o(.text.nr_ansi_common_char_slover)
    nr_ansi_ctrl_common_slover               0x08005d39   Thumb Code    62  ansi_port.o(.text.nr_ansi_ctrl_common_slover)
    nr_ansi_in__                             0x08005d79   Thumb Code   108  ansi_port.o(.text.nr_ansi_in__)
    nr_ansi_in_backspace                     0x08005de5   Thumb Code   108  ansi_port.o(.text.nr_ansi_in_backspace)
    nr_ansi_in_down                          0x08005e51   Thumb Code   164  ansi_port.o(.text.nr_ansi_in_down)
    nr_ansi_in_enter                         0x08005ef5   Thumb Code    60  ansi_port.o(.text.nr_ansi_in_enter)
    nr_ansi_in_left                          0x08005f31   Thumb Code    44  ansi_port.o(.text.nr_ansi_in_left)
    nr_ansi_in_newline                       0x08005f5d   Thumb Code    50  ansi_port.o(.text.nr_ansi_in_newline)
    nr_ansi_in_right                         0x08005f91   Thumb Code    48  ansi_port.o(.text.nr_ansi_in_right)
    nr_ansi_in_tab                           0x08005fc1   Thumb Code   254  ansi_port.o(.text.nr_ansi_in_tab)
    nr_ansi_in_up                            0x080060c1   Thumb Code   168  ansi_port.o(.text.nr_ansi_in_up)
    shell_cmd_complete                       0x08006275   Thumb Code   186  nr_micro_shell.o(.text.shell_cmd_complete)
    shell_his_copy_queue_item                0x08006331   Thumb Code   376  nr_micro_shell.o(.text.shell_his_copy_queue_item)
    shell_his_queue_add_cmd                  0x080064a9   Thumb Code   366  nr_micro_shell.o(.text.shell_his_queue_add_cmd)
    shell_his_queue_init                     0x08006619   Thumb Code    34  nr_micro_shell.o(.text.shell_his_queue_init)
    shell_his_queue_search_cmd               0x0800663d   Thumb Code   380  nr_micro_shell.o(.text.shell_his_queue_search_cmd)
    shell_parser                             0x080067b9   Thumb Code   360  nr_micro_shell.o(.text.shell_parser)
    shell_search_cmd                         0x08006921   Thumb Code    98  nr_micro_shell.o(.text.shell_search_cmd)
    _btod_d2e                                0x08006983   Thumb Code    62  btod.o(CL$$btod_d2e)
    _d2e_denorm_low                          0x080069c1   Thumb Code    70  btod.o(CL$$btod_d2e_denorm_low)
    _d2e_norm_op1                            0x08006a07   Thumb Code    96  btod.o(CL$$btod_d2e_norm_op1)
    __btod_div_common                        0x08006a69   Thumb Code   696  btod.o(CL$$btod_div_common)
    _e2e                                     0x08006da1   Thumb Code   220  btod.o(CL$$btod_e2e)
    _btod_ediv                               0x08006e7d   Thumb Code    42  btod.o(CL$$btod_ediv)
    _btod_emul                               0x08006ea7   Thumb Code    42  btod.o(CL$$btod_emul)
    __btod_mult_common                       0x08006ed1   Thumb Code   580  btod.o(CL$$btod_mult_common)
    HardFault_Handler                        0x08007115   Thumb Code     0  hardfaulthandler.o(OSKERNEL)
    __ARM_fpclassify                         0x08007127   Thumb Code    48  fpclassify.o(i.__ARM_fpclassify)
    _is_digit                                0x08007157   Thumb Code    14  __printf_wp.o(i._is_digit)
    _get_lc_ctype                            0x08007165   Thumb Code    44  lc_ctype_c.o(locale$$code)
    _get_lc_numeric                          0x08007191   Thumb Code    44  lc_numeric_c.o(locale$$code)
    _fp_init                                 0x080071bd   Thumb Code    26  fpinit.o(x$fpl$fpinit)
    __fplib_config_fpu_vfp                   0x080071d5   Thumb Code     0  fpinit.o(x$fpl$fpinit)
    __fplib_config_pureend_doubles           0x080071d5   Thumb Code     0  fpinit.o(x$fpl$fpinit)
    _printf_fp_dec                           0x080071d7   Thumb Code     4  printf1.o(x$fpl$printf1)
    _printf_fp_hex                           0x080071db   Thumb Code     4  printf2.o(x$fpl$printf2)
    __I$use$fp                               0x080071de   Number         0  usenofp.o(x$fpl$usenofp)
    __stdin_name                             0x08007221   Data           4  sys_io_names.o(.constdata)
    __stdout_name                            0x08007225   Data           4  sys_io_names.o(.constdata)
    __stderr_name                            0x08007229   Data           4  sys_io_names.o(.constdata)
    nr_ansi_in_cmd                           0x080072f8   Data          21  ansi.o(.rodata.nr_ansi_in_cmd)
    nr_ansi_in_cmd_fun                       0x08007310   Data          80  ansi.o(.rodata.nr_ansi_in_cmd_fun)
    nr_ansi_in_special_symbol                0x08007360   Data           5  ansi.o(.rodata.nr_ansi_in_special_symbol)
    nr_ansi_in_special_symbol_fun            0x08007368   Data          16  ansi.o(.rodata.nr_ansi_in_special_symbol_fun)
    _nr_cmd_start_                           0x08007378   Data          20  nr_micro_shell.o(.rodata.nr_shell_cmd0.end)
    _nr_cmd_end_                             0x0800738c   Data          20  nr_micro_shell.o(.rodata.nr_shell_cmd1.end)
    static_cmd                               0x080073e0   Data         100  nr_micro_shell_commands.o(.rodata.static_cmd)
    Region$$Table$$Base                      0x080078d4   Number         0  anon$$obj.o(Region$$Table)
    Region$$Table$$Limit                     0x080078f4   Number         0  anon$$obj.o(Region$$Table)
    __ctype                                  0x08007901   Data           0  lc_ctype_c.o(locale$$data)
    SHT$$INIT_ARRAY$$Base                    0x08007a20   Number         0  main.o(.init_array)
    SHT$$INIT_ARRAY$$Limit                   0x08007a24   Number         0  init_aeabi.o(.init_array)
    __aeabi_stdin                            0x20000000   Data           4  stdio_streams.o(.data)
    __aeabi_stdout                           0x20000004   Data           4  stdio_streams.o(.data)
    __aeabi_stderr                           0x20000008   Data           4  stdio_streams.o(.data)
    FIFO_Data                                0x2000000c   Data          20  fifo.o(.data.FIFO_Data)
    SystemCoreClock                          0x20000020   Data           4  system_n32g4fr.o(.data.SystemCoreClock)
    nr_shell                                 0x20000024   Data         316  nr_micro_shell.o(.data.nr_shell)
    __stdin                                  0x20000160   Data          84  stdio_streams.o(.bss)
    __stdout                                 0x200001b4   Data          84  stdio_streams.o(.bss)
    __stderr                                 0x20000208   Data          84  stdio_streams.o(.bss)
    __libspace_start                         0x2000025c   Data          96  libspace.o(.bss)
    FIFO_DataBuffer                          0x200002bc   Data        8000  fifo.o(.bss.FIFO_DataBuffer)
    __temporary_stack_top$libspace           0x200002bc   Data           0  libspace.o(.bss)
    _SEGGER_RTT                              0x20002240   Data         168  segger_rtt.o(.bss._SEGGER_RTT)
    adc_value                                0x200026f8   Data           4  n32g4fr_it.o(.bss.adc_value)
    app                                      0x200026fc   Data        2002  main.o(.bss.app)
    delay                                    0x20002ed0   Data           4  systick.o(.bss.delay)
    dwt                                      0x20002ed4   Data           4  main.o(.bss.dwt)
    g_light_adc_value                        0x20002ed8   Data           2  n32g4fr_it.o(.bss.g_light_adc_value)
    g_radar_if_adc_value                     0x20002eda   Data           2  n32g4fr_it.o(.bss.g_radar_if_adc_value)
    hardware_n32_ch2840adx                   0x20002edc   Data          44  main.o(.bss.hardware_n32_ch2840adx)
    nr                                       0x20002f08   Data           1  main.o(.bss.nr)
    nr_ansi                                  0x20002f0c   Data         132  ansi.o(.bss.nr_ansi)
    segger_cb                                0x20002f94   Data       16384  main.o(.bss.segger_cb)
    tick                                     0x20006f94   Data           1  main.o(.bss.tick)



==============================================================================

Memory Map of the image

  Image Entry point : 0x08000199

  Load Region LR_IROM1 (Base: 0x08000000, Size: 0x00007b88, Max: 0x00080000, ABSOLUTE, COMPRESSED[0x00007a58])

    Execution Region ER_IROM1 (Exec base: 0x08000000, Load base: 0x08000000, Size: 0x00007a24, Max: 0x00080000, ABSOLUTE)

    Exec Addr    Load Addr    Size         Type   Attr      Idx    E Section Name        Object

    0x08000000   0x08000000   0x00000198   Data   RO          371    RESET               startup_n32g4fr.o
    0x08000198   0x08000198   0x00000008   Code   RO         1881  * !!!main             c_w.l(__main.o)
    0x080001a0   0x080001a0   0x00000034   Code   RO         2387    !!!scatter          c_w.l(__scatter.o)
    0x080001d4   0x080001d4   0x0000003a   Code   RO         2385    !!dczerorl          c_w.l(__dczerorl.o)
    0x0800020e   0x0800020e   0x00000002   PAD
    0x08000210   0x08000210   0x0000001c   Code   RO         2389    !!handler_zi        c_w.l(__scatter_zi.o)
    0x0800022c   0x0800022c   0x00000000   Code   RO         1974    .ARM.Collect$$_printf_percent$$00000000  c_w.l(_printf_percent.o)
    0x0800022c   0x0800022c   0x00000006   Code   RO         1963    .ARM.Collect$$_printf_percent$$00000001  c_w.l(_printf_n.o)
    0x08000232   0x08000232   0x00000006   Code   RO         1965    .ARM.Collect$$_printf_percent$$00000002  c_w.l(_printf_p.o)
    0x08000238   0x08000238   0x00000006   Code   RO         1970    .ARM.Collect$$_printf_percent$$00000003  c_w.l(_printf_f.o)
    0x0800023e   0x0800023e   0x00000006   Code   RO         1971    .ARM.Collect$$_printf_percent$$00000004  c_w.l(_printf_e.o)
    0x08000244   0x08000244   0x00000006   Code   RO         1972    .ARM.Collect$$_printf_percent$$00000005  c_w.l(_printf_g.o)
    0x0800024a   0x0800024a   0x00000006   Code   RO         1973    .ARM.Collect$$_printf_percent$$00000006  c_w.l(_printf_a.o)
    0x08000250   0x08000250   0x0000000a   Code   RO         1978    .ARM.Collect$$_printf_percent$$00000007  c_w.l(_printf_ll.o)
    0x0800025a   0x0800025a   0x00000006   Code   RO         1967    .ARM.Collect$$_printf_percent$$00000008  c_w.l(_printf_i.o)
    0x08000260   0x08000260   0x00000006   Code   RO         1968    .ARM.Collect$$_printf_percent$$00000009  c_w.l(_printf_d.o)
    0x08000266   0x08000266   0x00000006   Code   RO         1969    .ARM.Collect$$_printf_percent$$0000000A  c_w.l(_printf_u.o)
    0x0800026c   0x0800026c   0x00000006   Code   RO         1966    .ARM.Collect$$_printf_percent$$0000000B  c_w.l(_printf_o.o)
    0x08000272   0x08000272   0x00000006   Code   RO         1964    .ARM.Collect$$_printf_percent$$0000000C  c_w.l(_printf_x.o)
    0x08000278   0x08000278   0x00000006   Code   RO         1975    .ARM.Collect$$_printf_percent$$0000000D  c_w.l(_printf_lli.o)
    0x0800027e   0x0800027e   0x00000006   Code   RO         1976    .ARM.Collect$$_printf_percent$$0000000E  c_w.l(_printf_lld.o)
    0x08000284   0x08000284   0x00000006   Code   RO         1977    .ARM.Collect$$_printf_percent$$0000000F  c_w.l(_printf_llu.o)
    0x0800028a   0x0800028a   0x00000006   Code   RO         1982    .ARM.Collect$$_printf_percent$$00000010  c_w.l(_printf_llo.o)
    0x08000290   0x08000290   0x00000006   Code   RO         1983    .ARM.Collect$$_printf_percent$$00000011  c_w.l(_printf_llx.o)
    0x08000296   0x08000296   0x0000000a   Code   RO         1979    .ARM.Collect$$_printf_percent$$00000012  c_w.l(_printf_l.o)
    0x080002a0   0x080002a0   0x00000006   Code   RO         1961    .ARM.Collect$$_printf_percent$$00000013  c_w.l(_printf_c.o)
    0x080002a6   0x080002a6   0x00000006   Code   RO         1962    .ARM.Collect$$_printf_percent$$00000014  c_w.l(_printf_s.o)
    0x080002ac   0x080002ac   0x00000006   Code   RO         1980    .ARM.Collect$$_printf_percent$$00000015  c_w.l(_printf_lc.o)
    0x080002b2   0x080002b2   0x00000006   Code   RO         1981    .ARM.Collect$$_printf_percent$$00000016  c_w.l(_printf_ls.o)
    0x080002b8   0x080002b8   0x00000004   Code   RO         2165    .ARM.Collect$$_printf_percent$$00000017  c_w.l(_printf_percent_end.o)
    0x080002bc   0x080002bc   0x00000002   Code   RO         2296    .ARM.Collect$$libinit$$00000000  c_w.l(libinit.o)
    0x080002be   0x080002be   0x00000004   Code   RO         2001    .ARM.Collect$$libinit$$00000001  c_w.l(libinit2.o)
    0x080002c2   0x080002c2   0x00000000   Code   RO         2004    .ARM.Collect$$libinit$$00000004  c_w.l(libinit2.o)
    0x080002c2   0x080002c2   0x00000008   Code   RO         2005    .ARM.Collect$$libinit$$00000005  c_w.l(libinit2.o)
    0x080002ca   0x080002ca   0x00000000   Code   RO         2007    .ARM.Collect$$libinit$$0000000A  c_w.l(libinit2.o)
    0x080002ca   0x080002ca   0x00000000   Code   RO         2009    .ARM.Collect$$libinit$$0000000C  c_w.l(libinit2.o)
    0x080002ca   0x080002ca   0x00000000   Code   RO         2011    .ARM.Collect$$libinit$$0000000E  c_w.l(libinit2.o)
    0x080002ca   0x080002ca   0x00000006   Code   RO         2012    .ARM.Collect$$libinit$$0000000F  c_w.l(libinit2.o)
    0x080002d0   0x080002d0   0x00000000   Code   RO         2014    .ARM.Collect$$libinit$$00000011  c_w.l(libinit2.o)
    0x080002d0   0x080002d0   0x0000000c   Code   RO         2015    .ARM.Collect$$libinit$$00000012  c_w.l(libinit2.o)
    0x080002dc   0x080002dc   0x00000000   Code   RO         2016    .ARM.Collect$$libinit$$00000013  c_w.l(libinit2.o)
    0x080002dc   0x080002dc   0x00000000   Code   RO         2018    .ARM.Collect$$libinit$$00000015  c_w.l(libinit2.o)
    0x080002dc   0x080002dc   0x0000000a   Code   RO         2019    .ARM.Collect$$libinit$$00000016  c_w.l(libinit2.o)
    0x080002e6   0x080002e6   0x00000000   Code   RO         2020    .ARM.Collect$$libinit$$00000017  c_w.l(libinit2.o)
    0x080002e6   0x080002e6   0x00000000   Code   RO         2022    .ARM.Collect$$libinit$$00000019  c_w.l(libinit2.o)
    0x080002e6   0x080002e6   0x00000000   Code   RO         2024    .ARM.Collect$$libinit$$0000001B  c_w.l(libinit2.o)
    0x080002e6   0x080002e6   0x00000000   Code   RO         2026    .ARM.Collect$$libinit$$0000001D  c_w.l(libinit2.o)
    0x080002e6   0x080002e6   0x00000000   Code   RO         2028    .ARM.Collect$$libinit$$0000001F  c_w.l(libinit2.o)
    0x080002e6   0x080002e6   0x00000000   Code   RO         2030    .ARM.Collect$$libinit$$00000021  c_w.l(libinit2.o)
    0x080002e6   0x080002e6   0x00000000   Code   RO         2032    .ARM.Collect$$libinit$$00000023  c_w.l(libinit2.o)
    0x080002e6   0x080002e6   0x00000004   Code   RO         2033    .ARM.Collect$$libinit$$00000024  c_w.l(libinit2.o)
    0x080002ea   0x080002ea   0x00000000   Code   RO         2034    .ARM.Collect$$libinit$$00000025  c_w.l(libinit2.o)
    0x080002ea   0x080002ea   0x00000000   Code   RO         2038    .ARM.Collect$$libinit$$0000002C  c_w.l(libinit2.o)
    0x080002ea   0x080002ea   0x00000000   Code   RO         2040    .ARM.Collect$$libinit$$0000002E  c_w.l(libinit2.o)
    0x080002ea   0x080002ea   0x00000000   Code   RO         2042    .ARM.Collect$$libinit$$00000030  c_w.l(libinit2.o)
    0x080002ea   0x080002ea   0x00000004   Code   RO         2043    .ARM.Collect$$libinit$$00000031  c_w.l(libinit2.o)
    0x080002ee   0x080002ee   0x00000000   Code   RO         2044    .ARM.Collect$$libinit$$00000032  c_w.l(libinit2.o)
    0x080002ee   0x080002ee   0x00000002   Code   RO         2045    .ARM.Collect$$libinit$$00000033  c_w.l(libinit2.o)
    0x080002f0   0x080002f0   0x00000002   Code   RO         2382    .ARM.Collect$$libshutdown$$00000000  c_w.l(libshutdown.o)
    0x080002f2   0x080002f2   0x00000006   Code   RO         2192    .ARM.Collect$$libshutdown$$00000001  c_w.l(libshutdown2.o)
    0x080002f8   0x080002f8   0x00000000   Code   RO         2193    .ARM.Collect$$libshutdown$$00000002  c_w.l(libshutdown2.o)
    0x080002f8   0x080002f8   0x00000004   Code   RO         2194    .ARM.Collect$$libshutdown$$00000003  c_w.l(libshutdown2.o)
    0x080002fc   0x080002fc   0x00000000   Code   RO         2195    .ARM.Collect$$libshutdown$$00000004  c_w.l(libshutdown2.o)
    0x080002fc   0x080002fc   0x00000000   Code   RO         2198    .ARM.Collect$$libshutdown$$00000007  c_w.l(libshutdown2.o)
    0x080002fc   0x080002fc   0x00000000   Code   RO         2201    .ARM.Collect$$libshutdown$$0000000A  c_w.l(libshutdown2.o)
    0x080002fc   0x080002fc   0x00000000   Code   RO         2203    .ARM.Collect$$libshutdown$$0000000C  c_w.l(libshutdown2.o)
    0x080002fc   0x080002fc   0x00000000   Code   RO         2206    .ARM.Collect$$libshutdown$$0000000F  c_w.l(libshutdown2.o)
    0x080002fc   0x080002fc   0x00000002   Code   RO         2207    .ARM.Collect$$libshutdown$$00000010  c_w.l(libshutdown2.o)
    0x080002fe   0x080002fe   0x00000000   Code   RO         1889    .ARM.Collect$$rtentry$$00000000  c_w.l(__rtentry.o)
    0x080002fe   0x080002fe   0x00000000   Code   RO         2067    .ARM.Collect$$rtentry$$00000002  c_w.l(__rtentry2.o)
    0x080002fe   0x080002fe   0x00000006   Code   RO         2079    .ARM.Collect$$rtentry$$00000004  c_w.l(__rtentry4.o)
    0x08000304   0x08000304   0x00000000   Code   RO         2069    .ARM.Collect$$rtentry$$00000009  c_w.l(__rtentry2.o)
    0x08000304   0x08000304   0x00000004   Code   RO         2070    .ARM.Collect$$rtentry$$0000000A  c_w.l(__rtentry2.o)
    0x08000308   0x08000308   0x00000000   Code   RO         2072    .ARM.Collect$$rtentry$$0000000C  c_w.l(__rtentry2.o)
    0x08000308   0x08000308   0x00000008   Code   RO         2073    .ARM.Collect$$rtentry$$0000000D  c_w.l(__rtentry2.o)
    0x08000310   0x08000310   0x00000002   Code   RO         2313    .ARM.Collect$$rtexit$$00000000  c_w.l(rtexit.o)
    0x08000312   0x08000312   0x00000000   Code   RO         2343    .ARM.Collect$$rtexit$$00000002  c_w.l(rtexit2.o)
    0x08000312   0x08000312   0x00000004   Code   RO         2344    .ARM.Collect$$rtexit$$00000003  c_w.l(rtexit2.o)
    0x08000316   0x08000316   0x00000006   Code   RO         2345    .ARM.Collect$$rtexit$$00000004  c_w.l(rtexit2.o)
    0x0800031c   0x0800031c   0x00000040   Code   RO          372    .text               startup_n32g4fr.o
    0x0800035c   0x0800035c   0x00000010   Code   RO         1849    .text               c_w.l(rt_ctype_table.o)
    0x0800036c   0x0800036c   0x00000018   Code   RO         1851    .text               c_w.l(printf.o)
    0x08000384   0x08000384   0x00000004   Code   RO         1853    .text               c_w.l(putc.o)
    0x08000388   0x08000388   0x0000000a   Code   RO         1864    .text               c_w.l(cxa_atexit.o)
    0x08000392   0x08000392   0x00000024   Code   RO         1867    .text               c_w.l(strstr.o)
    0x080003b6   0x080003b6   0x00000048   Code   RO         1869    .text               c_w.l(strcpy.o)
    0x080003fe   0x080003fe   0x0000003e   Code   RO         1871    .text               c_w.l(strlen.o)
    0x0800043c   0x0800043c   0x0000008a   Code   RO         1873    .text               c_w.l(rt_memcpy_v6.o)
    0x080004c6   0x080004c6   0x00000044   Code   RO         1875    .text               c_w.l(rt_memclr.o)
    0x0800050a   0x0800050a   0x00000006   PAD
    0x08000510   0x08000510   0x0000007c   Code   RO         1877    .text               c_w.l(strcmpv7em.o)
    0x0800058c   0x0800058c   0x00000006   Code   RO         1879    .text               c_w.l(heapauxi.o)
    0x08000592   0x08000592   0x00000002   PAD
    0x08000594   0x08000594   0x00000024   Code   RO         1886    .text               c_w.l(init_aeabi.o)
    0x080005b8   0x080005b8   0x00000008   Code   RO         1893    .text               c_w.l(rt_locale_intlibspace.o)
    0x080005c0   0x080005c0   0x0000004e   Code   RO         1897    .text               c_w.l(_printf_pad.o)
    0x0800060e   0x0800060e   0x00000024   Code   RO         1899    .text               c_w.l(_printf_truncate.o)
    0x08000632   0x08000632   0x00000052   Code   RO         1901    .text               c_w.l(_printf_str.o)
    0x08000684   0x08000684   0x00000078   Code   RO         1903    .text               c_w.l(_printf_dec.o)
    0x080006fc   0x080006fc   0x00000028   Code   RO         1905    .text               c_w.l(_printf_charcount.o)
    0x08000724   0x08000724   0x00000024   Code   RO         1907    .text               c_w.l(_printf_char_file.o)
    0x08000748   0x08000748   0x000000bc   Code   RO         1909    .text               c_w.l(_printf_wctomb.o)
    0x08000804   0x08000804   0x0000007c   Code   RO         1912    .text               c_w.l(_printf_longlong_dec.o)
    0x08000880   0x08000880   0x00000070   Code   RO         1918    .text               c_w.l(_printf_oct_int_ll.o)
    0x080008f0   0x080008f0   0x00000094   Code   RO         1938    .text               c_w.l(_printf_hex_int_ll_ptr.o)
    0x08000984   0x08000984   0x00000188   Code   RO         1958    .text               c_w.l(__printf_flags_ss_wp.o)
    0x08000b0c   0x08000b0c   0x00000138   Code   RO         1984    .text               c_w.l(initio.o)
    0x08000c44   0x08000c44   0x0000002e   Code   RO         1994    .text               c_w.l(aeabi_atexit.o)
    0x08000c72   0x08000c72   0x00000064   Code   RO         1997    .text               c_w.l(rt_memcpy_w.o)
    0x08000cd6   0x08000cd6   0x0000004e   Code   RO         1999    .text               c_w.l(rt_memclr_w.o)
    0x08000d24   0x08000d24   0x00000008   Code   RO         2061    .text               c_w.l(libspace.o)
    0x08000d2c   0x08000d2c   0x00000008   Code   RO         2084    .text               c_w.l(rt_ddtor_pointer_addr_intlibspace.o)
    0x08000d34   0x08000d34   0x0000005e   Code   RO         2090    .text               c_w.l(h1_alloc.o)
    0x08000d92   0x08000d92   0x0000004e   Code   RO         2092    .text               c_w.l(h1_free.o)
    0x08000de0   0x08000de0   0x0000008a   Code   RO         2148    .text               c_w.l(lludiv10.o)
    0x08000e6a   0x08000e6a   0x000000b2   Code   RO         2150    .text               c_w.l(_printf_intcommon.o)
    0x08000f1c   0x08000f1c   0x0000041c   Code   RO         2152    .text               c_w.l(_printf_fp_dec.o)
    0x08001338   0x08001338   0x000002fc   Code   RO         2156    .text               c_w.l(_printf_fp_hex.o)
    0x08001634   0x08001634   0x00000030   Code   RO         2159    .text               c_w.l(_printf_char_common.o)
    0x08001664   0x08001664   0x0000002c   Code   RO         2161    .text               c_w.l(_printf_char.o)
    0x08001690   0x08001690   0x0000002c   Code   RO         2163    .text               c_w.l(_printf_wchar.o)
    0x080016bc   0x080016bc   0x00000008   Code   RO         2166    .text               c_w.l(ferror.o)
    0x080016c4   0x080016c4   0x00000046   Code   RO         2168    .text               c_w.l(setvbuf.o)
    0x0800170a   0x0800170a   0x00000002   PAD
    0x0800170c   0x0800170c   0x000000f0   Code   RO         2171    .text               c_w.l(fopen.o)
    0x080017fc   0x080017fc   0x0000004c   Code   RO         2173    .text               c_w.l(fclose.o)
    0x08001848   0x08001848   0x00000048   Code   RO         2181    .text               c_w.l(_c16rtomb.o)
    0x08001890   0x08001890   0x00000042   Code   RO         2183    .text               c_w.l(cxa_finalize.o)
    0x080018d2   0x080018d2   0x0000000e   Code   RO         2186    .text               c_w.l(defsig_rtred_outer.o)
    0x080018e0   0x080018e0   0x00000066   Code   RO         2210    .text               c_w.l(sys_io.o)
    0x08001946   0x08001946   0x0000004a   Code   RO         2214    .text               c_w.l(sys_stackheap_outer.o)
    0x08001990   0x08001990   0x00000008   Code   RO         2221    .text               c_w.l(rt_heap_descriptor_intlibspace.o)
    0x08001998   0x08001998   0x00000004   Code   RO         2223    .text               c_w.l(hguard.o)
    0x0800199c   0x0800199c   0x0000008a   Code   RO         2225    .text               c_w.l(init_alloc.o)
    0x08001a26   0x08001a26   0x0000000e   Code   RO         2229    .text               c_w.l(h1_init.o)
    0x08001a34   0x08001a34   0x00000080   Code   RO         2241    .text               c_w.l(_printf_fp_infnan.o)
    0x08001ab4   0x08001ab4   0x000000e4   Code   RO         2245    .text               c_w.l(bigflt0.o)
    0x08001b98   0x08001b98   0x000000f8   Code   RO         2272    .text               c_w.l(fseek.o)
    0x08001c90   0x08001c90   0x000000f0   Code   RO         2274    .text               c_w.l(stdio.o)
    0x08001d80   0x08001d80   0x00000012   Code   RO         2279    .text               c_w.l(exit.o)
    0x08001d92   0x08001d92   0x0000000a   Code   RO         2281    .text               c_w.l(defsig_exit.o)
    0x08001d9c   0x08001d9c   0x00000034   Code   RO         2283    .text               c_w.l(defsig_rtred_inner.o)
    0x08001dd0   0x08001dd0   0x0000000c   Code   RO         2304    .text               c_w.l(sys_exit.o)
    0x08001ddc   0x08001ddc   0x00000002   Code   RO         2310    .text               c_w.l(use_no_semi.o)
    0x08001dde   0x08001dde   0x00000000   Code   RO         2312    .text               c_w.l(indicate_semi.o)
    0x08001dde   0x08001dde   0x00000000   Code   RO         2317    .text               c_w.l(maybetermalloc1.o)
    0x08001dde   0x08001dde   0x00000034   Code   RO         2319    .text               c_w.l(h1_extend.o)
    0x08001e12   0x08001e12   0x00000042   Code   RO         2325    .text               c_w.l(ftell.o)
    0x08001e54   0x08001e54   0x00000032   Code   RO         2329    .text               c_w.l(defsig_general.o)
    0x08001e86   0x08001e86   0x0000000e   Code   RO         2331    .text               c_w.l(defsig_rtmem_outer.o)
    0x08001e94   0x08001e94   0x0000000e   Code   RO         2338    .text               c_w.l(sys_wrch.o)
    0x08001ea2   0x08001ea2   0x00000002   PAD
    0x08001ea4   0x08001ea4   0x00000008   Code   RO         2352    .text               c_w.l(rt_errno_addr_intlibspace.o)
    0x08001eac   0x08001eac   0x00000050   Code   RO         2358    .text               c_w.l(defsig_rtmem_inner.o)
    0x08001efc   0x08001efc   0x00000038   Code   RO          505    .text.ADC_ConfigClk  n32g4fr_adc.o
    0x08001f34   0x08001f34   0x000001a8   Code   RO          451    .text.ADC_ConfigRegularChannel  n32g4fr_adc.o
    0x080020dc   0x080020dc   0x0000002c   Code   RO          433    .text.ADC_Enable    n32g4fr_adc.o
    0x08002108   0x08002108   0x0000002c   Code   RO          435    .text.ADC_EnableDMA  n32g4fr_adc.o
    0x08002134   0x08002134   0x0000002c   Code   RO          443    .text.ADC_EnableSoftwareStartConv  n32g4fr_adc.o
    0x08002160   0x08002160   0x0000002e   Code   RO          441    .text.ADC_GetCalibrationStatus  n32g4fr_adc.o
    0x0800218e   0x0800218e   0x00000002   PAD
    0x08002190   0x08002190   0x00000034   Code   RO          499    .text.ADC_GetFlagStatusNew  n32g4fr_adc.o
    0x080021c4   0x080021c4   0x0000009a   Code   RO          429    .text.ADC_Init      n32g4fr_adc.o
    0x0800225e   0x0800225e   0x00000002   PAD
    0x08002260   0x08002260   0x00000012   Code   RO          439    .text.ADC_StartCalibration  n32g4fr_adc.o
    0x08002272   0x08002272   0x00000002   PAD
    0x08002274   0x08002274   0x00000004   Code   RO          383    .text.BusFault_Handler  n32g4fr_it.o
    0x08002278   0x08002278   0x00000244   Code   RO          693    .text.DMA_DeInit    n32g4fr_dma.o
    0x080024bc   0x080024bc   0x0000002e   Code   RO          699    .text.DMA_EnableChannel  n32g4fr_dma.o
    0x080024ea   0x080024ea   0x00000002   PAD
    0x080024ec   0x080024ec   0x0000006c   Code   RO          695    .text.DMA_Init      n32g4fr_dma.o
    0x08002558   0x08002558   0x00000002   Code   RO          389    .text.DebugMon_Handler  n32g4fr_it.o
    0x0800255a   0x0800255a   0x00000002   PAD
    0x0800255c   0x0800255c   0x0000000c   Code   RO          248    .text.FIFO_GetDataCount  fifo.o
    0x08002568   0x08002568   0x0000001a   Code   RO          234    .text.FIFO_Init     fifo.o
    0x08002582   0x08002582   0x00000002   PAD
    0x08002584   0x08002584   0x00000024   Code   RO          246    .text.FIFO_IsDataEmpty  fifo.o
    0x080025a8   0x080025a8   0x0000009c   Code   RO          240    .text.FIFO_ReadData  fifo.o
    0x08002644   0x08002644   0x00000070   Code   RO          236    .text.FIFO_WriteData  fifo.o
    0x080026b4   0x080026b4   0x00000016   Code   RO          238    .text.FIFO_WriteOneData  fifo.o
    0x080026ca   0x080026ca   0x00000002   PAD
    0x080026cc   0x080026cc   0x00000186   Code   RO          833    .text.GPIO_InitPeripheral  n32g4fr_gpio.o
    0x08002852   0x08002852   0x00000002   PAD
    0x08002854   0x08002854   0x00000034   Code   RO          837    .text.GPIO_ReadInputDataBit  n32g4fr_gpio.o
    0x08002888   0x08002888   0x00000114   Code   RO         1732    .text.HardFaultHandler  segger_hardfaulthandler.o
    0x0800299c   0x0800299c   0x00000004   Code   RO          381    .text.MemManage_Handler  n32g4fr_it.o
    0x080029a0   0x080029a0   0x00000002   Code   RO          379    .text.NMI_Handler   n32g4fr_it.o
    0x080029a2   0x080029a2   0x00000002   PAD
    0x080029a4   0x080029a4   0x000000aa   Code   RO          412    .text.NVIC_Init     misc.o
    0x08002a4e   0x08002a4e   0x00000002   PAD
    0x08002a50   0x08002a50   0x0000001c   Code   RO          410    .text.NVIC_PriorityGroupConfig  misc.o
    0x08002a6c   0x08002a6c   0x0000003e   Code   RO         1088    .text.RCC_ConfigAdc1mClk  n32g4fr_rcc.o
    0x08002aaa   0x08002aaa   0x00000002   PAD
    0x08002aac   0x08002aac   0x0000002c   Code   RO         1092    .text.RCC_ConfigAdcHclk  n32g4fr_rcc.o
    0x08002ad8   0x08002ad8   0x00000054   Code   RO         1090    .text.RCC_ConfigAdcPllClk  n32g4fr_rcc.o
    0x08002b2c   0x08002b2c   0x0000002c   Code   RO         1074    .text.RCC_ConfigPclk1  n32g4fr_rcc.o
    0x08002b58   0x08002b58   0x00000038   Code   RO         1108    .text.RCC_EnableAHBPeriphClk  n32g4fr_rcc.o
    0x08002b90   0x08002b90   0x00000038   Code   RO         1112    .text.RCC_EnableAPB1PeriphClk  n32g4fr_rcc.o
    0x08002bc8   0x08002bc8   0x00000038   Code   RO         1110    .text.RCC_EnableAPB2PeriphClk  n32g4fr_rcc.o
    0x08002c00   0x08002c00   0x000001c4   Code   RO         1106    .text.RCC_GetClocksFreqValue  n32g4fr_rcc.o
    0x08002dc4   0x08002dc4   0x000000a0   Code   RO         1793    .text.SEGGER_RTT_ConfigUpBuffer  segger_rtt.o
    0x08002e64   0x08002e64   0x00000008   Code   RO         1805    .text.SEGGER_RTT_Init  segger_rtt.o
    0x08002e6c   0x08002e6c   0x0000004c   Code   RO         1769    .text.SEGGER_RTT_Write  segger_rtt.o
    0x08002eb8   0x08002eb8   0x000000b0   Code   RO         1765    .text.SEGGER_RTT_WriteNoLock  segger_rtt.o
    0x08002f68   0x08002f68   0x0000002a   Code   RO         1838    .text.SEGGER_RTT_printf  segger_rtt_printf.o
    0x08002f92   0x08002f92   0x00000002   PAD
    0x08002f94   0x08002f94   0x0000033c   Code   RO         1830    .text.SEGGER_RTT_vprintf  segger_rtt_printf.o
    0x080032d0   0x080032d0   0x00000002   Code   RO          387    .text.SVC_Handler   n32g4fr_it.o
    0x080032d2   0x080032d2   0x00000002   PAD
    0x080032d4   0x080032d4   0x00000148   Code   RO          357    .text.SetSysClock   system_n32g4fr.o
    0x0800341c   0x0800341c   0x00000020   Code   RO          391    .text.SysTick_Handler  n32g4fr_it.o
    0x0800343c   0x0800343c   0x000000cc   Code   RO          355    .text.SystemInit    system_n32g4fr.o
    0x08003508   0x08003508   0x000000d8   Code   RO          395    .text.TIM1_CC_IRQHandler  n32g4fr_it.o
    0x080035e0   0x080035e0   0x00000014   Code   RO         1579    .text.TIM_ClrIntPendingBit  n32g4fr_tim.o
    0x080035f4   0x080035f4   0x0000002c   Code   RO         1453    .text.TIM_ConfigArPreload  n32g4fr_tim.o
    0x08003620   0x08003620   0x00000034   Code   RO         1413    .text.TIM_ConfigInt  n32g4fr_tim.o
    0x08003654   0x08003654   0x0000003c   Code   RO         1465    .text.TIM_ConfigOc3Preload  n32g4fr_tim.o
    0x08003690   0x08003690   0x0000003e   Code   RO         1467    .text.TIM_ConfigOc4Preload  n32g4fr_tim.o
    0x080036ce   0x080036ce   0x00000002   PAD
    0x080036d0   0x080036d0   0x0000002c   Code   RO         1409    .text.TIM_Enable    n32g4fr_tim.o
    0x080036fc   0x080036fc   0x00000034   Code   RO         1411    .text.TIM_EnableCtrlPwmOutputs  n32g4fr_tim.o
    0x08003730   0x08003730   0x00000048   Code   RO         1577    .text.TIM_GetIntStatus  n32g4fr_tim.o
    0x08003778   0x08003778   0x00000106   Code   RO         1371    .text.TIM_InitOc3   n32g4fr_tim.o
    0x0800387e   0x0800387e   0x00000002   PAD
    0x08003880   0x08003880   0x000000ce   Code   RO         1373    .text.TIM_InitOc4   n32g4fr_tim.o
    0x0800394e   0x0800394e   0x00000002   PAD
    0x08003950   0x08003950   0x000002f4   Code   RO         1365    .text.TIM_InitTimeBase  n32g4fr_tim.o
    0x08003c44   0x08003c44   0x0000007c   Code   RO          397    .text.USART3_IRQHandler  n32g4fr_it.o
    0x08003cc0   0x08003cc0   0x00000092   Code   RO         1627    .text.USART_ConfigInt  n32g4fr_usart.o
    0x08003d52   0x08003d52   0x00000002   PAD
    0x08003d54   0x08003d54   0x0000002c   Code   RO         1625    .text.USART_Enable  n32g4fr_usart.o
    0x08003d80   0x08003d80   0x00000044   Code   RO         1661    .text.USART_GetFlagStatus  n32g4fr_usart.o
    0x08003dc4   0x08003dc4   0x000000b0   Code   RO         1665    .text.USART_GetIntStatus  n32g4fr_usart.o
    0x08003e74   0x08003e74   0x00000124   Code   RO         1617    .text.USART_Init    n32g4fr_usart.o
    0x08003f98   0x08003f98   0x00000010   Code   RO         1643    .text.USART_ReceiveData  n32g4fr_usart.o
    0x08003fa8   0x08003fa8   0x00000018   Code   RO         1641    .text.USART_SendData  n32g4fr_usart.o
    0x08003fc0   0x08003fc0   0x00000004   Code   RO          385    .text.UsageFault_Handler  n32g4fr_it.o
    0x08003fc4   0x08003fc4   0x0000009c   Code   RO         1747    .text._DoInit       segger_rtt.o
    0x08004060   0x08004060   0x0000001c   Code   RO           20    .text._GLOBAL__sub_I_main.cpp  main.o
    0x0800407c   0x0800407c   0x0000003e   Code   RO         1759    .text._GetAvailWriteSpace  segger_rtt.o
    0x080040ba   0x080040ba   0x00000002   PAD
    0x080040bc   0x080040bc   0x000001cc   Code   RO         1834    .text._PrintInt     segger_rtt_printf.o
    0x08004288   0x08004288   0x000001ac   Code   RO         1836    .text._PrintUnsigned  segger_rtt_printf.o
    0x08004434   0x08004434   0x00000076   Code   RO         1832    .text._StoreChar    segger_rtt_printf.o
    0x080044aa   0x080044aa   0x00000002   PAD
    0x080044ac   0x080044ac   0x000000e4   Code   RO         1763    .text._WriteBlocking  segger_rtt.o
    0x08004590   0x08004590   0x0000008c   Code   RO         1761    .text._WriteNoCheck  segger_rtt.o
    0x0800461c   0x0800461c   0x00000116   Code   RO          195    .text._Z12shell_ls_cmdcPc  nr_micro_shell_commands.o
    0x08004732   0x08004732   0x00000002   PAD
    0x08004734   0x08004734   0x0000009c   Code   RO          203    .text._Z14shell_mode_cmdcPc  nr_micro_shell_commands.o
    0x080047d0   0x080047d0   0x0000002a   Code   RO          199    .text._Z14shell_quit_cmdcPc  nr_micro_shell_commands.o
    0x080047fa   0x080047fa   0x00000002   PAD
    0x080047fc   0x080047fc   0x00000078   Code   RO          197    .text._Z17shell_hexdump_cmdcPc  nr_micro_shell_commands.o
    0x08004874   0x08004874   0x00000010   Code   RO           16    .text._Z4loopv      main.o
    0x08004884   0x08004884   0x00000008   Code   RO           14    .text._Z5setupv     main.o
    0x0800488c   0x0800488c   0x00000052   Code   RO          220    .text._ZL14SysTick_Configj  systick.o
    0x080048de   0x080048de   0x00000002   PAD
    0x080048e0   0x080048e0   0x00000042   Code   RO          222    .text._ZL18__NVIC_SetPriority4IRQnj  systick.o
    0x08004922   0x08004922   0x00000002   PAD
    0x08004924   0x08004924   0x00000026   Code   RO          201    .text._ZL18__NVIC_SystemResetv  nr_micro_shell_commands.o
    0x0800494a   0x0800494a   0x00000002   PAD
    0x0800494c   0x0800494c   0x00000010   Code   RO          128    .text._ZN2Do3lowEv  do.o
    0x0800495c   0x0800495c   0x00000010   Code   RO          130    .text._ZN2Do4highEv  do.o
    0x0800496c   0x0800496c   0x00000014   Code   RO          132    .text._ZN2Do6toggleEv  do.o
    0x08004980   0x08004980   0x0000010e   Code   RO          124    .text._ZN2Do8init_pinEP11GPIO_Modulet  do.o
    0x08004a8e   0x08004a8e   0x00000002   PAD
    0x08004a90   0x08004a90   0x0000000a   Code   RO          120    .text._ZN2DoC2Ev    do.o
    0x08004a9a   0x08004a9a   0x00000002   PAD
    0x08004a9c   0x08004a9c   0x0000000a   Code   RO          126    .text._ZN2DoD2Ev    do.o
    0x08004aa6   0x08004aa6   0x00000002   PAD
    0x08004aa8   0x08004aa8   0x000000ec   Code   RO           56    .text._ZN3Adc10init_timerEv  adc.o
    0x08004b94   0x08004b94   0x00000018   Code   RO           60    .text._ZN3Adc16enable_timer_pwmEv  adc.o
    0x08004bac   0x08004bac   0x00000018   Code   RO           58    .text._ZN3Adc17disable_timer_pwmEv  adc.o
    0x08004bc4   0x08004bc4   0x00000044   Code   RO           48    .text._ZN3Adc4initEv  adc.o
    0x08004c08   0x08004c08   0x00000122   Code   RO           54    .text._ZN3Adc8init_adcEv  adc.o
    0x08004d2a   0x08004d2a   0x00000002   PAD
    0x08004d2c   0x08004d2c   0x000000bc   Code   RO           52    .text._ZN3Adc8init_dmaEv  adc.o
    0x08004de8   0x08004de8   0x00000022   Code   RO           50    .text._ZN3Adc8init_pinEP11GPIO_Modulej  adc.o
    0x08004e0a   0x08004e0a   0x00000002   PAD
    0x08004e0c   0x08004e0c   0x00000014   Code   RO           62    .text._ZN3AdcC2Ev   adc.o
    0x08004e20   0x08004e20   0x0000000a   Code   RO           64    .text._ZN3AdcD2Ev   adc.o
    0x08004e2a   0x08004e2a   0x00000002   PAD
    0x08004e2c   0x08004e2c   0x00000034   Code   RO          183    .text._ZN3App12idle_processEv  app.o
    0x08004e60   0x08004e60   0x0000000e   Code   RO          181    .text._ZN3App12uart_processEv  app.o
    0x08004e6e   0x08004e6e   0x00000002   PAD
    0x08004e70   0x08004e70   0x00000028   Code   RO          185    .text._ZN3App13error_processEv  app.o
    0x08004e98   0x08004e98   0x00000050   Code   RO          179    .text._ZN3App16sent_sample_dataEv  app.o
    0x08004ee8   0x08004ee8   0x0000004a   Code   RO          177    .text._ZN3App3runEv  app.o
    0x08004f32   0x08004f32   0x00000002   PAD
    0x08004f34   0x08004f34   0x00000020   Code   RO          173    .text._ZN3AppC2Ev   app.o
    0x08004f54   0x08004f54   0x0000000a   Code   RO          175    .text._ZN3AppD2Ev   app.o
    0x08004f5e   0x08004f5e   0x00000002   PAD
    0x08004f60   0x08004f60   0x00000074   Code   RO           94    .text._ZN3Clk11print_clockEv  clk.o
    0x08004fd4   0x08004fd4   0x0000008c   Code   RO           92    .text._ZN3ClkC2Ev   clk.o
    0x08005060   0x08005060   0x0000000a   Code   RO           96    .text._ZN3ClkD2Ev   clk.o
    0x0800506a   0x0800506a   0x00000002   PAD
    0x0800506c   0x0800506c   0x0000007e   Code   RO          106    .text._ZN3Rtt4initEv  rtt.o
    0x080050ea   0x080050ea   0x00000002   PAD
    0x080050ec   0x080050ec   0x00000014   Code   RO          108    .text._ZN3RttC2Ev   rtt.o
    0x08005100   0x08005100   0x0000000a   Code   RO          110    .text._ZN3RttD2Ev   rtt.o
    0x0800510a   0x0800510a   0x00000002   PAD
    0x0800510c   0x0800510c   0x0000004e   Code   RO           77    .text._ZN4Uart4initEj  uart.o
    0x0800515a   0x0800515a   0x00000002   PAD
    0x0800515c   0x0800515c   0x0000004e   Code   RO           75    .text._ZN4Uart8init_pinEv  uart.o
    0x080051aa   0x080051aa   0x00000002   PAD
    0x080051ac   0x080051ac   0x0000002a   Code   RO           79    .text._ZN4Uart9init_nvicEv  uart.o
    0x080051d6   0x080051d6   0x00000002   PAD
    0x080051d8   0x080051d8   0x00000024   Code   RO           73    .text._ZN4UartC2Ev  uart.o
    0x080051fc   0x080051fc   0x0000000a   Code   RO           81    .text._ZN4UartD2Ev  uart.o
    0x08005206   0x08005206   0x00000002   PAD
    0x08005208   0x08005208   0x00000022   Code   RO          160    .text._ZN5Shell4initEv  shell.o
    0x0800522a   0x0800522a   0x00000002   PAD
    0x0800522c   0x0800522c   0x00000014   Code   RO          162    .text._ZN5ShellC2Ev  shell.o
    0x08005240   0x08005240   0x0000000a   Code   RO          164    .text._ZN5ShellD2Ev  shell.o
    0x0800524a   0x0800524a   0x00000002   PAD
    0x0800524c   0x0800524c   0x00000038   Code   RO          216    .text._ZN7Systick4initEv  systick.o
    0x08005284   0x08005284   0x00000028   Code   RO          224    .text._ZN7Systick8delay_msEj  systick.o
    0x080052ac   0x080052ac   0x00000014   Code   RO          214    .text._ZN7SystickC2Ev  systick.o
    0x080052c0   0x080052c0   0x0000000a   Code   RO          218    .text._ZN7SystickD2Ev  systick.o
    0x080052ca   0x080052ca   0x00000002   PAD
    0x080052cc   0x080052cc   0x00000030   Code   RO          141    .text._ZN8DWTDelay4initEj  dwtdelay.o
    0x080052fc   0x080052fc   0x0000001e   Code   RO          143    .text._ZN8DWTDelayC2Ev  dwtdelay.o
    0x0800531a   0x0800531a   0x00000002   PAD
    0x0800531c   0x0800531c   0x0000000a   Code   RO          145    .text._ZN8DWTDelayD2Ev  dwtdelay.o
    0x08005326   0x08005326   0x00000002   PAD
    0x08005328   0x08005328   0x000000a0   Code   RO           37    .text._ZN8HardwareC2Ev  hardware.o
    0x080053c8   0x080053c8   0x00000044   Code   RO           39    .text._ZN8HardwareD2Ev  hardware.o
    0x0800540c   0x0800540c   0x0000002c   Code   RO            2    .text.__cxx_global_var_init  main.o
    0x08005438   0x08005438   0x0000002c   Code   RO            4    .text.__cxx_global_var_init.1  main.o
    0x08005464   0x08005464   0x0000002c   Code   RO            6    .text.__cxx_global_var_init.2  main.o
    0x08005490   0x08005490   0x0000002c   Code   RO            8    .text.__cxx_global_var_init.3  main.o
    0x080054bc   0x080054bc   0x0000002c   Code   RO           10    .text.__cxx_global_var_init.4  main.o
    0x080054e8   0x080054e8   0x0000002c   Code   RO           12    .text.__cxx_global_var_init.5  main.o
    0x08005514   0x08005514   0x000000d6   Code   RO          325    .text._shell_init   nr_micro_shell.o
    0x080055ea   0x080055ea   0x00000002   PAD
    0x080055ec   0x080055ec   0x0000001e   Code   RO          277    .text.ansi_clear_current_line  ansi.o
    0x0800560a   0x0800560a   0x00000002   PAD
    0x0800560c   0x0800560c   0x00000174   Code   RO          279    .text.ansi_get_char  ansi.o
    0x08005780   0x08005780   0x0000002a   Code   RO          275    .text.ansi_init     ansi.o
    0x080057aa   0x080057aa   0x00000002   PAD
    0x080057ac   0x080057ac   0x00000062   Code   RO          273    .text.ansi_search_char  ansi.o
    0x0800580e   0x0800580e   0x00000002   PAD
    0x08005810   0x08005810   0x00000038   Code   RO          293    .text.ansi_show_str  ansi_port.o
    0x08005848   0x08005848   0x00000034   Code   RO          263    .text.fputc         bsp.o
    0x0800587c   0x0800587c   0x00000338   Code   RO          261    .text.hexdump       bsp.o
    0x08005bb4   0x08005bb4   0x00000014   Code   RO           18    .text.main          main.o
    0x08005bc8   0x08005bc8   0x0000009a   Code   RO          259    .text.memory_init   bsp.o
    0x08005c62   0x08005c62   0x00000002   PAD
    0x08005c64   0x08005c64   0x000000d4   Code   RO          295    .text.nr_ansi_common_char_slover  ansi_port.o
    0x08005d38   0x08005d38   0x0000003e   Code   RO          297    .text.nr_ansi_ctrl_common_slover  ansi_port.o
    0x08005d76   0x08005d76   0x00000002   PAD
    0x08005d78   0x08005d78   0x0000006c   Code   RO          315    .text.nr_ansi_in__  ansi_port.o
    0x08005de4   0x08005de4   0x0000006c   Code   RO          303    .text.nr_ansi_in_backspace  ansi_port.o
    0x08005e50   0x08005e50   0x000000a4   Code   RO          307    .text.nr_ansi_in_down  ansi_port.o
    0x08005ef4   0x08005ef4   0x0000003c   Code   RO          299    .text.nr_ansi_in_enter  ansi_port.o
    0x08005f30   0x08005f30   0x0000002c   Code   RO          309    .text.nr_ansi_in_left  ansi_port.o
    0x08005f5c   0x08005f5c   0x00000032   Code   RO          301    .text.nr_ansi_in_newline  ansi_port.o
    0x08005f8e   0x08005f8e   0x00000002   PAD
    0x08005f90   0x08005f90   0x00000030   Code   RO          311    .text.nr_ansi_in_right  ansi_port.o
    0x08005fc0   0x08005fc0   0x000000fe   Code   RO          313    .text.nr_ansi_in_tab  ansi_port.o
    0x080060be   0x080060be   0x00000002   PAD
    0x080060c0   0x080060c0   0x000000a8   Code   RO          305    .text.nr_ansi_in_up  ansi_port.o
    0x08006168   0x08006168   0x0000010a   Code   RO          337    .text.nr_shell_strtok  nr_micro_shell.o
    0x08006272   0x08006272   0x00000002   PAD
    0x08006274   0x08006274   0x000000ba   Code   RO          339    .text.shell_cmd_complete  nr_micro_shell.o
    0x0800632e   0x0800632e   0x00000002   PAD
    0x08006330   0x08006330   0x00000178   Code   RO          341    .text.shell_his_copy_queue_item  nr_micro_shell.o
    0x080064a8   0x080064a8   0x0000016e   Code   RO          329    .text.shell_his_queue_add_cmd  nr_micro_shell.o
    0x08006616   0x08006616   0x00000002   PAD
    0x08006618   0x08006618   0x00000022   Code   RO          327    .text.shell_his_queue_init  nr_micro_shell.o
    0x0800663a   0x0800663a   0x00000002   PAD
    0x0800663c   0x0800663c   0x0000017c   Code   RO          335    .text.shell_his_queue_search_cmd  nr_micro_shell.o
    0x080067b8   0x080067b8   0x00000168   Code   RO          333    .text.shell_parser  nr_micro_shell.o
    0x08006920   0x08006920   0x00000062   Code   RO          331    .text.shell_search_cmd  nr_micro_shell.o
    0x08006982   0x08006982   0x0000003e   Code   RO         2248    CL$$btod_d2e        c_w.l(btod.o)
    0x080069c0   0x080069c0   0x00000046   Code   RO         2250    CL$$btod_d2e_denorm_low  c_w.l(btod.o)
    0x08006a06   0x08006a06   0x00000060   Code   RO         2249    CL$$btod_d2e_norm_op1  c_w.l(btod.o)
    0x08006a66   0x08006a66   0x00000002   PAD
    0x08006a68   0x08006a68   0x00000338   Code   RO         2258    CL$$btod_div_common  c_w.l(btod.o)
    0x08006da0   0x08006da0   0x000000dc   Code   RO         2255    CL$$btod_e2e        c_w.l(btod.o)
    0x08006e7c   0x08006e7c   0x0000002a   Code   RO         2252    CL$$btod_ediv       c_w.l(btod.o)
    0x08006ea6   0x08006ea6   0x0000002a   Code   RO         2251    CL$$btod_emul       c_w.l(btod.o)
    0x08006ed0   0x08006ed0   0x00000244   Code   RO         2257    CL$$btod_mult_common  c_w.l(btod.o)
    0x08007114   0x08007114   0x00000012   Code   RO         1741    OSKERNEL            hardfaulthandler.o
    0x08007126   0x08007126   0x00000030   Code   RO         2300    i.__ARM_fpclassify  m_wm.l(fpclassify.o)
    0x08007156   0x08007156   0x0000000e   Code   RO         1951    i._is_digit         c_w.l(__printf_wp.o)
    0x08007164   0x08007164   0x0000002c   Code   RO         1989    locale$$code        c_w.l(lc_ctype_c.o)
    0x08007190   0x08007190   0x0000002c   Code   RO         2277    locale$$code        c_w.l(lc_numeric_c.o)
    0x080071bc   0x080071bc   0x0000001a   Code   RO         2208    x$fpl$fpinit        fz_wm.l(fpinit.o)
    0x080071d6   0x080071d6   0x00000004   Code   RO         2050    x$fpl$printf1       fz_wm.l(printf1.o)
    0x080071da   0x080071da   0x00000004   Code   RO         2052    x$fpl$printf2       fz_wm.l(printf2.o)
    0x080071de   0x080071de   0x00000000   Code   RO         2299    x$fpl$usenofp       fz_wm.l(usenofp.o)
    0x080071de   0x080071de   0x00000002   PAD
    0x080071e0   0x080071e0   0x00000008   Data   RO         1910    .constdata          c_w.l(_printf_wctomb.o)
    0x080071e8   0x080071e8   0x00000028   Data   RO         1939    .constdata          c_w.l(_printf_hex_int_ll_ptr.o)
    0x08007210   0x08007210   0x00000011   Data   RO         1959    .constdata          c_w.l(__printf_flags_ss_wp.o)
    0x08007221   0x08007221   0x00000004   Data   RO         2058    .constdata          c_w.l(sys_io_names.o)
    0x08007225   0x08007225   0x00000004   Data   RO         2059    .constdata          c_w.l(sys_io_names.o)
    0x08007229   0x08007229   0x00000004   Data   RO         2060    .constdata          c_w.l(sys_io_names.o)
    0x0800722d   0x0800722d   0x00000026   Data   RO         2157    .constdata          c_w.l(_printf_fp_hex.o)
    0x08007253   0x08007253   0x00000001   PAD
    0x08007254   0x08007254   0x00000094   Data   RO         2246    .constdata          c_w.l(bigflt0.o)
    0x080072e8   0x080072e8   0x00000010   Data   RO         1840    .rodata._PrintUnsigned._aV2C  segger_rtt_printf.o
    0x080072f8   0x080072f8   0x00000015   Data   RO          281    .rodata.nr_ansi_in_cmd  ansi.o
    0x0800730d   0x0800730d   0x00000003   PAD
    0x08007310   0x08007310   0x00000050   Data   RO          282    .rodata.nr_ansi_in_cmd_fun  ansi.o
    0x08007360   0x08007360   0x00000005   Data   RO          283    .rodata.nr_ansi_in_special_symbol  ansi.o
    0x08007365   0x08007365   0x00000003   PAD
    0x08007368   0x08007368   0x00000010   Data   RO          284    .rodata.nr_ansi_in_special_symbol_fun  ansi.o
    0x08007378   0x08007378   0x00000014   Data   RO          343    .rodata.nr_shell_cmd0.end  nr_micro_shell.o
    0x0800738c   0x0800738c   0x00000014   Data   RO          344    .rodata.nr_shell_cmd1.end  nr_micro_shell.o
    0x080073a0   0x080073a0   0x00000010   Data   RO         1137    .rodata.s_AdcHclkPresTable  n32g4fr_rcc.o
    0x080073b0   0x080073b0   0x00000020   Data   RO         1138    .rodata.s_AdcPllClkPresTable  n32g4fr_rcc.o
    0x080073d0   0x080073d0   0x00000010   Data   RO         1136    .rodata.s_ApbAhbPresTable  n32g4fr_rcc.o
    0x080073e0   0x080073e0   0x00000064   Data   RO          206    .rodata.static_cmd  nr_micro_shell_commands.o
    0x08007444   0x08007444   0x00000034   Data   RO           98    .rodata.str1.1      clk.o
    0x08007478   0x08007478   0x0000008d   Data   RO          112    .rodata.str1.1      rtt.o
    0x08007505   0x08007505   0x0000000b   Data   RO          187    .rodata.str1.1      app.o
    0x08007510   0x08007510   0x00000166   Data   RO          205    .rodata.str1.1      nr_micro_shell_commands.o
    0x08007676   0x08007676   0x00000062   Data   RO          265    .rodata.str1.1      bsp.o
    0x080076d8   0x080076d8   0x0000001e   Data   RO          317    .rodata.str1.1      ansi_port.o
    0x080076f6   0x080076f6   0x000001b7   Data   RO          346    .rodata.str1.1      nr_micro_shell.o
    0x080078ad   0x080078ad   0x00000013   Data   RO          401    .rodata.str1.1      n32g4fr_it.o
    0x080078c0   0x080078c0   0x00000014   Data   RO         1820    .rodata.str1.1      segger_rtt.o
    0x080078d4   0x080078d4   0x00000020   Data   RO         2384    Region$$Table       anon$$obj.o
    0x080078f4   0x080078f4   0x00000110   Data   RO         1988    locale$$data        c_w.l(lc_ctype_c.o)
    0x08007a04   0x08007a04   0x0000001c   Data   RO         2276    locale$$data        c_w.l(lc_numeric_c.o)
    0x08007a20   0x08007a20   0x00000004   Data   RO           28    .init_array         main.o
    0x08007a24   0x08007a20   0x00000000   Data   RO         1884    .init_array         c_w.l(init_aeabi.o)


    Execution Region RW_IRAM1 (Exec base: 0x20000000, Load base: 0x08007a28, Size: 0x00008098, Max: 0x00020000, ABSOLUTE, COMPRESSED[0x00000030])

    Exec Addr    Load Addr    Size         Type   Attr      Idx    E Section Name        Object

    0x20000000   COMPRESSED   0x00000004   Data   RW         1858    .data               c_w.l(stdio_streams.o)
    0x20000004   COMPRESSED   0x00000004   Data   RW         1859    .data               c_w.l(stdio_streams.o)
    0x20000008   COMPRESSED   0x00000004   Data   RW         1860    .data               c_w.l(stdio_streams.o)
    0x2000000c   COMPRESSED   0x00000014   Data   RW          251    .data.FIFO_Data     fifo.o
    0x20000020   COMPRESSED   0x00000004   Data   RW          361    .data.SystemCoreClock  system_n32g4fr.o
    0x20000024   COMPRESSED   0x0000013c   Data   RW          345    .data.nr_shell      nr_micro_shell.o
    0x20000160        -       0x00000054   Zero   RW         1855    .bss                c_w.l(stdio_streams.o)
    0x200001b4        -       0x00000054   Zero   RW         1856    .bss                c_w.l(stdio_streams.o)
    0x20000208        -       0x00000054   Zero   RW         1857    .bss                c_w.l(stdio_streams.o)
    0x2000025c        -       0x00000060   Zero   RW         2062    .bss                c_w.l(libspace.o)
    0x200002bc        -       0x00001f40   Zero   RW          250    .bss.FIFO_DataBuffer  fifo.o
    0x200021fc        -       0x00000040   Zero   RW         1734    .bss.HardFaultRegs  segger_hardfaulthandler.o
    0x2000223c        -       0x00000004   Zero   RW         1735    .bss._Continue      segger_hardfaulthandler.o
    0x20002240        -       0x000000a8   Zero   RW         1817    .bss._SEGGER_RTT    segger_rtt.o
    0x200022e8        -       0x00000010   Zero   RW         1822    .bss._acDownBuffer  segger_rtt.o
    0x200022f8        -       0x00000400   Zero   RW         1821    .bss._acUpBuffer    segger_rtt.o
    0x200026f8        -       0x00000004   Zero   RW          400    .bss.adc_value      n32g4fr_it.o
    0x200026fc        -       0x000007d2   Zero   RW           25    .bss.app            main.o
    0x20002ece   COMPRESSED   0x00000002   PAD
    0x20002ed0        -       0x00000004   Zero   RW          226    .bss.delay          systick.o
    0x20002ed4        -       0x00000004   Zero   RW           26    .bss.dwt            main.o
    0x20002ed8        -       0x00000002   Zero   RW          402    .bss.g_light_adc_value  n32g4fr_it.o
    0x20002eda        -       0x00000002   Zero   RW          399    .bss.g_radar_if_adc_value  n32g4fr_it.o
    0x20002edc        -       0x0000002c   Zero   RW           23    .bss.hardware_n32_ch2840adx  main.o
    0x20002f08        -       0x00000001   Zero   RW           24    .bss.nr             main.o
    0x20002f09   COMPRESSED   0x00000003   PAD
    0x20002f0c        -       0x00000084   Zero   RW          285    .bss.nr_ansi        ansi.o
    0x20002f90        -       0x00000004   Zero   RW          347    .bss.nr_shell_strtok.last  nr_micro_shell.o
    0x20002f94        -       0x00004000   Zero   RW           22    .bss.segger_cb      main.o
    0x20006f94        -       0x00000001   Zero   RW           27    .bss.tick           main.o
    0x20006f95   COMPRESSED   0x00000003   PAD
    0x20006f98        -       0x00000100   Zero   RW          370    HEAP                startup_n32g4fr.o
    0x20007098        -       0x00001000   Zero   RW          369    STACK               startup_n32g4fr.o


==============================================================================

Image component sizes


      Code (inc. data)   RO Data    RW Data    ZI Data      Debug   Object Name

       894          0          0          0          0      15956   adc.o
       542          0        122          0        132       2139   ansi.o
      1334          0         30          0          0       3172   ansi_port.o
       302          4         11          0          0      11001   app.o
      1030          0         98          0          0       2825   bsp.o
       266          0         52          0          0      10490   clk.o
       342          0          0          0          0      11671   do.o
        88          0          0          0          0      11036   dwtdelay.o
       364          0          0         20       8000       2370   fifo.o
        18          0          0          0          0        304   hardfaulthandler.o
       228          0          0          0          0      11342   hardware.o
       336          0          4          0      18436      13865   main.o
       198          0          0          0          0       2901   misc.o
       882          0          0          0          0      10169   n32g4fr_adc.o
       734          0          0          0          0       3896   n32g4fr_dma.o
       442          0          0          0          0       6239   n32g4fr_gpio.o
       390          0         19          0          8       3400   n32g4fr_it.o
       854          0         64          0          0       8685   n32g4fr_rcc.o
      1630          0          0          0          0      23631   n32g4fr_tim.o
       766          0          0          0          0       6783   n32g4fr_usart.o
      2280          0        479        316          4       5123   nr_micro_shell.o
       634          0        458          0          0      11912   nr_micro_shell_commands.o
       156          0        141          0          0      10062   rtt.o
       276          0          0          0         68       2686   segger_hardfaulthandler.o
      1006          0         20          0       1208      13103   segger_rtt.o
      1876         14         16          0          0       3796   segger_rtt_printf.o
        64          0          0          0          0       9965   shell.o
        64         26        408          0       4352        852   startup_n32g4fr.o
       532          0          0          4          0       2899   system_n32g4fr.o
       274          0          0          0          4      13729   systick.o
       244          0          0          0          0      13519   uart.o

    ----------------------------------------------------------------------
     19160         44       1960        340      32220     249521   Object Totals
         0          0         32          0          0          0   (incl. Generated)
       114          0          6          0          8          0   (incl. Padding)

    ----------------------------------------------------------------------

      Code (inc. data)   RO Data    RW Data    ZI Data      Debug   Library Member Name

        58          0          0          0          0          0   __dczerorl.o
         8          0          0          0          0         68   __main.o
       392          4         17          0          0         92   __printf_flags_ss_wp.o
        14          0          0          0          0         68   __printf_wp.o
         0          0          0          0          0          0   __rtentry.o
        12          0          0          0          0          0   __rtentry2.o
         6          0          0          0          0          0   __rtentry4.o
        52          8          0          0          0          0   __scatter.o
        28          0          0          0          0          0   __scatter_zi.o
        72          0          0          0          0         96   _c16rtomb.o
         6          0          0          0          0          0   _printf_a.o
         6          0          0          0          0          0   _printf_c.o
        44          0          0          0          0        108   _printf_char.o
        48          6          0          0          0         96   _printf_char_common.o
        36          4          0          0          0         80   _printf_char_file.o
        40          0          0          0          0         68   _printf_charcount.o
         6          0          0          0          0          0   _printf_d.o
       120         16          0          0          0         92   _printf_dec.o
         6          0          0          0          0          0   _printf_e.o
         6          0          0          0          0          0   _printf_f.o
      1052          0          0          0          0        148   _printf_fp_dec.o
       764          8         38          0          0        100   _printf_fp_hex.o
       128         16          0          0          0         84   _printf_fp_infnan.o
         6          0          0          0          0          0   _printf_g.o
       148          4         40          0          0        160   _printf_hex_int_ll_ptr.o
         6          0          0          0          0          0   _printf_i.o
       178          0          0          0          0         88   _printf_intcommon.o
        10          0          0          0          0          0   _printf_l.o
         6          0          0          0          0          0   _printf_lc.o
        10          0          0          0          0          0   _printf_ll.o
         6          0          0          0          0          0   _printf_lld.o
         6          0          0          0          0          0   _printf_lli.o
         6          0          0          0          0          0   _printf_llo.o
         6          0          0          0          0          0   _printf_llu.o
         6          0          0          0          0          0   _printf_llx.o
       124         16          0          0          0         92   _printf_longlong_dec.o
         6          0          0          0          0          0   _printf_ls.o
         6          0          0          0          0          0   _printf_n.o
         6          0          0          0          0          0   _printf_o.o
       112          8          0          0          0        124   _printf_oct_int_ll.o
         6          0          0          0          0          0   _printf_p.o
        78          0          0          0          0        108   _printf_pad.o
         0          0          0          0          0          0   _printf_percent.o
         4          0          0          0          0          0   _printf_percent_end.o
         6          0          0          0          0          0   _printf_s.o
        82          0          0          0          0         80   _printf_str.o
        36          0          0          0          0         84   _printf_truncate.o
         6          0          0          0          0          0   _printf_u.o
        44          0          0          0          0        108   _printf_wchar.o
       188          6          8          0          0         92   _printf_wctomb.o
         6          0          0          0          0          0   _printf_x.o
        46          0          0          0          0         84   aeabi_atexit.o
       228          4        148          0          0         96   bigflt0.o
      1936        128          0          0          0        668   btod.o
        10          0          0          0          0         68   cxa_atexit.o
        66          0          0          0          0         84   cxa_finalize.o
        10          0          0          0          0         68   defsig_exit.o
        50          0          0          0          0         88   defsig_general.o
        80         58          0          0          0         76   defsig_rtmem_inner.o
        14          0          0          0          0         80   defsig_rtmem_outer.o
        52         38          0          0          0         76   defsig_rtred_inner.o
        14          0          0          0          0         80   defsig_rtred_outer.o
        18          0          0          0          0         80   exit.o
        76          0          0          0          0         88   fclose.o
         8          0          0          0          0         68   ferror.o
       240          6          0          0          0        128   fopen.o
       248          6          0          0          0         84   fseek.o
        66          0          0          0          0         76   ftell.o
        94          0          0          0          0         80   h1_alloc.o
        52          0          0          0          0         68   h1_extend.o
        78          0          0          0          0         80   h1_free.o
        14          0          0          0          0         84   h1_init.o
         6          0          0          0          0        152   heapauxi.o
         4          0          0          0          0        136   hguard.o
         0          0          0          0          0          0   indicate_semi.o
        36          8          0          0          0         80   init_aeabi.o
       138          0          0          0          0        168   init_alloc.o
       312         46          0          0          0        112   initio.o
        44         10        272          0          0         76   lc_ctype_c.o
        44         10         28          0          0         76   lc_numeric_c.o
         2          0          0          0          0          0   libinit.o
        50          0          0          0          0          0   libinit2.o
         2          0          0          0          0          0   libshutdown.o
        12          0          0          0          0          0   libshutdown2.o
         8          4          0          0         96         68   libspace.o
       138          0          0          0          0         80   lludiv10.o
         0          0          0          0          0          0   maybetermalloc1.o
        24          4          0          0          0         84   printf.o
         4          0          0          0          0         68   putc.o
        16          4          0          0          0         76   rt_ctype_table.o
         8          4          0          0          0         68   rt_ddtor_pointer_addr_intlibspace.o
         8          4          0          0          0         68   rt_errno_addr_intlibspace.o
         8          4          0          0          0         68   rt_heap_descriptor_intlibspace.o
         8          4          0          0          0         68   rt_locale_intlibspace.o
        68          0          0          0          0         68   rt_memclr.o
        78          0          0          0          0         80   rt_memclr_w.o
       138          0          0          0          0         68   rt_memcpy_v6.o
       100          0          0          0          0         80   rt_memcpy_w.o
         2          0          0          0          0          0   rtexit.o
        10          0          0          0          0          0   rtexit2.o
        70          0          0          0          0         80   setvbuf.o
       240          6          0          0          0        156   stdio.o
         0          0          0         12        252          0   stdio_streams.o
       124          0          0          0          0         88   strcmpv7em.o
        72          0          0          0          0         80   strcpy.o
        62          0          0          0          0         76   strlen.o
        36          0          0          0          0         80   strstr.o
        12          4          0          0          0         68   sys_exit.o
       102          0          0          0          0        240   sys_io.o
         0          0         12          0          0          0   sys_io_names.o
        74          0          0          0          0         80   sys_stackheap_outer.o
        14          0          0          0          0         76   sys_wrch.o
         2          0          0          0          0         68   use_no_semi.o
        26          0          0          0          0        116   fpinit.o
         4          0          0          0          0        116   printf1.o
         4          0          0          0          0        116   printf2.o
         0          0          0          0          0          0   usenofp.o
        48          0          0          0          0        124   fpclassify.o

    ----------------------------------------------------------------------
      9584        448        564         12        348       7648   Library Totals
        18          0          1          0          0          0   (incl. Padding)

    ----------------------------------------------------------------------

      Code (inc. data)   RO Data    RW Data    ZI Data      Debug   Library Name

      9484        448        563         12        348       7176   c_w.l
        34          0          0          0          0        348   fz_wm.l
        48          0          0          0          0        124   m_wm.l

    ----------------------------------------------------------------------
      9584        448        564         12        348       7648   Library Totals

    ----------------------------------------------------------------------

==============================================================================


      Code (inc. data)   RO Data    RW Data    ZI Data      Debug   

     28744        492       2524        352      32568     252405   Grand Totals
     28744        492       2524         48      32568     252405   ELF Image Totals (compressed)
     28744        492       2524         48          0          0   ROM Totals

==============================================================================

    Total RO  Size (Code + RO Data)                31268 (  30.54kB)
    Total RW  Size (RW Data + ZI Data)             32920 (  32.15kB)
    Total ROM Size (Code + RO Data + RW Data)      31316 (  30.58kB)

==============================================================================

