Component: ARM Compiler 6.16 Tool: armlink [5dfeaa00]

==============================================================================

Image Symbol Table

    Local Symbols

    Symbol Name                              Value     Ov Type        Size  Object(Section)

    ../clib/../cmprslib/zerorunl.c           0x00000000   Number         0  __dczerorl.o ABSOLUTE
    ../clib/division.s                       0x00000000   Number         0  aeabi_sdiv.o ABSOLUTE
    ../clib/microlib/ctype/ctype.c           0x00000000   Number         0  ctype_o.o ABSOLUTE
    ../clib/microlib/ctype/ctype.c           0x00000000   Number         0  isalnum_o.o ABSOLUTE
    ../clib/microlib/ctype/ctype.c           0x00000000   Number         0  isalpha_o.o ABSOLUTE
    ../clib/microlib/ctype/ctype.c           0x00000000   Number         0  isblank_o.o ABSOLUTE
    ../clib/microlib/ctype/ctype.c           0x00000000   Number         0  iscntrl_o.o ABSOLUTE
    ../clib/microlib/ctype/ctype.c           0x00000000   Number         0  isdigit_o.o ABSOLUTE
    ../clib/microlib/ctype/ctype.c           0x00000000   Number         0  isgraph_o.o ABSOLUTE
    ../clib/microlib/ctype/ctype.c           0x00000000   Number         0  islower_o.o ABSOLUTE
    ../clib/microlib/ctype/ctype.c           0x00000000   Number         0  isprint_o.o ABSOLUTE
    ../clib/microlib/ctype/ctype.c           0x00000000   Number         0  ispunct_o.o ABSOLUTE
    ../clib/microlib/ctype/ctype.c           0x00000000   Number         0  isspace_o.o ABSOLUTE
    ../clib/microlib/ctype/ctype.c           0x00000000   Number         0  isupper_o.o ABSOLUTE
    ../clib/microlib/ctype/ctype.c           0x00000000   Number         0  isxdigit_o.o ABSOLUTE
    ../clib/microlib/division.c              0x00000000   Number         0  uidiv.o ABSOLUTE
    ../clib/microlib/division.c              0x00000000   Number         0  uldiv.o ABSOLUTE
    ../clib/microlib/init/entry.s            0x00000000   Number         0  entry.o ABSOLUTE
    ../clib/microlib/init/entry.s            0x00000000   Number         0  entry2.o ABSOLUTE
    ../clib/microlib/init/entry.s            0x00000000   Number         0  entry5.o ABSOLUTE
    ../clib/microlib/init/entry.s            0x00000000   Number         0  entry7a.o ABSOLUTE
    ../clib/microlib/init/entry.s            0x00000000   Number         0  entry7b.o ABSOLUTE
    ../clib/microlib/init/entry.s            0x00000000   Number         0  entry8a.o ABSOLUTE
    ../clib/microlib/init/entry.s            0x00000000   Number         0  entry8b.o ABSOLUTE
    ../clib/microlib/init/entry.s            0x00000000   Number         0  entry9a.o ABSOLUTE
    ../clib/microlib/init/entry.s            0x00000000   Number         0  entry9b.o ABSOLUTE
    ../clib/microlib/init/entry.s            0x00000000   Number         0  entry10a.o ABSOLUTE
    ../clib/microlib/init/entry.s            0x00000000   Number         0  entry10b.o ABSOLUTE
    ../clib/microlib/init/entry.s            0x00000000   Number         0  entry11a.o ABSOLUTE
    ../clib/microlib/init/entry.s            0x00000000   Number         0  entry11b.o ABSOLUTE
    ../clib/microlib/longlong.c              0x00000000   Number         0  llshl.o ABSOLUTE
    ../clib/microlib/longlong.c              0x00000000   Number         0  llushr.o ABSOLUTE
    ../clib/microlib/longlong.c              0x00000000   Number         0  llsshr.o ABSOLUTE
    ../clib/microlib/printf/printf.c         0x00000000   Number         0  printfa.o ABSOLUTE
    ../clib/microlib/stdio/fputc.c           0x00000000   Number         0  fputc.o ABSOLUTE
    ../clib/microlib/stdio/fputc.c           0x00000000   Number         0  fputc_h.o ABSOLUTE
    ../clib/microlib/stdio/putc.c            0x00000000   Number         0  putc.o ABSOLUTE
    ../clib/microlib/stdio/semi.s            0x00000000   Number         0  semi.o ABSOLUTE
    ../clib/microlib/stdio/streams.c         0x00000000   Number         0  stdout.o ABSOLUTE
    ../clib/microlib/string/memcpy.c         0x00000000   Number         0  memcpya.o ABSOLUTE
    ../clib/microlib/string/memcpy.c         0x00000000   Number         0  memcpyb.o ABSOLUTE
    ../clib/microlib/string/memset.c         0x00000000   Number         0  memseta.o ABSOLUTE
    ../clib/microlib/string/strcmp.c         0x00000000   Number         0  strcmp.o ABSOLUTE
    ../clib/microlib/string/strcpy.c         0x00000000   Number         0  strcpy.o ABSOLUTE
    ../clib/microlib/string/strlen.c         0x00000000   Number         0  strlen.o ABSOLUTE
    ../clib/microlib/string/strstr.c         0x00000000   Number         0  strstr.o ABSOLUTE
    ../clib/microlib/stubs.s                 0x00000000   Number         0  iusefp.o ABSOLUTE
    ../clib/microlib/stubs.s                 0x00000000   Number         0  iusesemip.o ABSOLUTE
    ../common/startup_n32g4fr.s              0x00000000   Number         0  startup_n32g4fr.o ABSOLUTE
    ../fplib/microlib/fpadd.c                0x00000000   Number         0  dadd.o ABSOLUTE
    ../fplib/microlib/fpdiv.c                0x00000000   Number         0  ddiv.o ABSOLUTE
    ../fplib/microlib/fpepilogue.c           0x00000000   Number         0  depilogue.o ABSOLUTE
    ../fplib/microlib/fpfix.c                0x00000000   Number         0  dfixul.o ABSOLUTE
    ../fplib/microlib/fpmul.c                0x00000000   Number         0  dmul.o ABSOLUTE
    ..\application\HardFaultHandlerMDK\HardFaultHandler.S 0x00000000   Number         0  hardfaulthandler.o ABSOLUTE
    SEGGER_HardFaultHandler.c                0x00000000   Number         0  segger_hardfaulthandler.o ABSOLUTE
    SEGGER_RTT.c                             0x00000000   Number         0  segger_rtt.o ABSOLUTE
    SEGGER_RTT_printf.c                      0x00000000   Number         0  segger_rtt_printf.o ABSOLUTE
    ansi.c                                   0x00000000   Number         0  ansi.o ABSOLUTE
    ansi_port.c                              0x00000000   Number         0  ansi_port.o ABSOLUTE
    app.c                                    0x00000000   Number         0  app.o ABSOLUTE
    bsp.c                                    0x00000000   Number         0  bsp.o ABSOLUTE
    cdrcmple.s                               0x00000000   Number         0  cdrcmple.o ABSOLUTE
    dc.s                                     0x00000000   Number         0  dc.o ABSOLUTE
    fifo.c                                   0x00000000   Number         0  fifo.o ABSOLUTE
    handlers.s                               0x00000000   Number         0  handlers.o ABSOLUTE
    init.s                                   0x00000000   Number         0  init.o ABSOLUTE
    main.c                                   0x00000000   Number         0  main.o ABSOLUTE
    misc.c                                   0x00000000   Number         0  misc.o ABSOLUTE
    n32g4fr_adc.c                            0x00000000   Number         0  n32g4fr_adc.o ABSOLUTE
    n32g4fr_bkp.c                            0x00000000   Number         0  n32g4fr_bkp.o ABSOLUTE
    n32g4fr_can.c                            0x00000000   Number         0  n32g4fr_can.o ABSOLUTE
    n32g4fr_crc.c                            0x00000000   Number         0  n32g4fr_crc.o ABSOLUTE
    n32g4fr_dac.c                            0x00000000   Number         0  n32g4fr_dac.o ABSOLUTE
    n32g4fr_dbg.c                            0x00000000   Number         0  n32g4fr_dbg.o ABSOLUTE
    n32g4fr_dma.c                            0x00000000   Number         0  n32g4fr_dma.o ABSOLUTE
    n32g4fr_dvp.c                            0x00000000   Number         0  n32g4fr_dvp.o ABSOLUTE
    n32g4fr_exti.c                           0x00000000   Number         0  n32g4fr_exti.o ABSOLUTE
    n32g4fr_flash.c                          0x00000000   Number         0  n32g4fr_flash.o ABSOLUTE
    n32g4fr_gpio.c                           0x00000000   Number         0  n32g4fr_gpio.o ABSOLUTE
    n32g4fr_i2c.c                            0x00000000   Number         0  n32g4fr_i2c.o ABSOLUTE
    n32g4fr_it.c                             0x00000000   Number         0  n32g4fr_it.o ABSOLUTE
    n32g4fr_iwdg.c                           0x00000000   Number         0  n32g4fr_iwdg.o ABSOLUTE
    n32g4fr_pwr.c                            0x00000000   Number         0  n32g4fr_pwr.o ABSOLUTE
    n32g4fr_qspi.c                           0x00000000   Number         0  n32g4fr_qspi.o ABSOLUTE
    n32g4fr_rcc.c                            0x00000000   Number         0  n32g4fr_rcc.o ABSOLUTE
    n32g4fr_rtc.c                            0x00000000   Number         0  n32g4fr_rtc.o ABSOLUTE
    n32g4fr_sdio.c                           0x00000000   Number         0  n32g4fr_sdio.o ABSOLUTE
    n32g4fr_spi.c                            0x00000000   Number         0  n32g4fr_spi.o ABSOLUTE
    n32g4fr_tim.c                            0x00000000   Number         0  n32g4fr_tim.o ABSOLUTE
    n32g4fr_tsc.c                            0x00000000   Number         0  n32g4fr_tsc.o ABSOLUTE
    n32g4fr_usart.c                          0x00000000   Number         0  n32g4fr_usart.o ABSOLUTE
    n32g4fr_wwdg.c                           0x00000000   Number         0  n32g4fr_wwdg.o ABSOLUTE
    n32g4fr_xfmc.c                           0x00000000   Number         0  n32g4fr_xfmc.o ABSOLUTE
    nr_micro_shell.c                         0x00000000   Number         0  nr_micro_shell.o ABSOLUTE
    nr_micro_shell_commands.c                0x00000000   Number         0  nr_micro_shell_commands.o ABSOLUTE
    system_n32g4fr.c                         0x00000000   Number         0  system_n32g4fr.o ABSOLUTE
    RESET                                    0x08000000   Section      408  startup_n32g4fr.o(RESET)
    .ARM.Collect$$$$00000000                 0x08000198   Section        0  entry.o(.ARM.Collect$$$$00000000)
    .ARM.Collect$$$$00000001                 0x08000198   Section        4  entry2.o(.ARM.Collect$$$$00000001)
    .ARM.Collect$$$$00000004                 0x0800019c   Section        4  entry5.o(.ARM.Collect$$$$00000004)
    .ARM.Collect$$$$00000008                 0x080001a0   Section        0  entry7b.o(.ARM.Collect$$$$00000008)
    .ARM.Collect$$$$0000000A                 0x080001a0   Section        0  entry8b.o(.ARM.Collect$$$$0000000A)
    .ARM.Collect$$$$0000000B                 0x080001a0   Section        8  entry9a.o(.ARM.Collect$$$$0000000B)
    __lit__00000000                          0x080001a8   Data           4  entry2.o(.ARM.Collect$$$$00002712)
    .ARM.Collect$$$$0000000D                 0x080001a8   Section        0  entry10a.o(.ARM.Collect$$$$0000000D)
    .ARM.Collect$$$$0000000F                 0x080001a8   Section        0  entry11a.o(.ARM.Collect$$$$0000000F)
    .ARM.Collect$$$$00002712                 0x080001a8   Section        4  entry2.o(.ARM.Collect$$$$00002712)
    $v0                                      0x080001ac   Number         0  startup_n32g4fr.o(.text)
    .text                                    0x080001ac   Section       36  startup_n32g4fr.o(.text)
    .text                                    0x080001d0   Section        0  memcpya.o(.text)
    .text                                    0x080001f4   Section        0  memseta.o(.text)
    .text                                    0x08000218   Section        0  strlen.o(.text)
    .text                                    0x08000226   Section        0  strcmp.o(.text)
    .text                                    0x08000242   Section        0  strcpy.o(.text)
    .text                                    0x08000254   Section        0  uidiv.o(.text)
    .text                                    0x08000280   Section        0  uldiv.o(.text)
    .text                                    0x080002e2   Section        0  iusefp.o(.text)
    .text                                    0x080002e2   Section        0  dadd.o(.text)
    .text                                    0x08000430   Section        0  dmul.o(.text)
    .text                                    0x08000514   Section        0  ddiv.o(.text)
    .text                                    0x080005f2   Section        0  dfixul.o(.text)
    .text                                    0x08000624   Section       48  cdrcmple.o(.text)
    .text                                    0x08000654   Section       36  init.o(.text)
    .text                                    0x08000678   Section        0  semi.o(.text)
    .text                                    0x08000678   Section        0  llshl.o(.text)
    .text                                    0x08000696   Section        0  llushr.o(.text)
    .text                                    0x080006b6   Section        0  llsshr.o(.text)
    .text                                    0x080006da   Section        0  iusesemip.o(.text)
    .text                                    0x080006da   Section        0  depilogue.o(.text)
    .text                                    0x08000794   Section        0  __dczerorl.o(.text)
    [Anonymous Symbol]                       0x080007d0   Section        0  n32g4fr_it.o(.text.BusFault_Handler)
    [Anonymous Symbol]                       0x080007d4   Section        0  bsp.o(.text.DMA_config)
    [Anonymous Symbol]                       0x080007d8   Section        0  n32g4fr_it.o(.text.DebugMon_Handler)
    [Anonymous Symbol]                       0x080007dc   Section        0  fifo.o(.text.FIFO_GetDataCount)
    [Anonymous Symbol]                       0x080007e8   Section        0  fifo.o(.text.FIFO_Init)
    [Anonymous Symbol]                       0x08000804   Section        0  fifo.o(.text.FIFO_IsDataEmpty)
    [Anonymous Symbol]                       0x08000828   Section        0  fifo.o(.text.FIFO_ReadData)
    [Anonymous Symbol]                       0x080008c4   Section        0  segger_hardfaulthandler.o(.text.HardFaultHandler)
    [Anonymous Symbol]                       0x080009d8   Section        0  bsp.o(.text.LED_GPIO_Config)
    [Anonymous Symbol]                       0x080009dc   Section        0  n32g4fr_it.o(.text.MemManage_Handler)
    [Anonymous Symbol]                       0x080009e0   Section        0  n32g4fr_it.o(.text.NMI_Handler)
    [Anonymous Symbol]                       0x080009e4   Section        0  bsp.o(.text.PWM_Mode_Config)
    [Anonymous Symbol]                       0x080009e8   Section        0  segger_rtt.o(.text.SEGGER_RTT_ConfigUpBuffer)
    [Anonymous Symbol]                       0x08000a88   Section        0  segger_rtt.o(.text.SEGGER_RTT_Init)
    [Anonymous Symbol]                       0x08000a90   Section        0  segger_rtt.o(.text.SEGGER_RTT_Write)
    [Anonymous Symbol]                       0x08000adc   Section        0  segger_rtt.o(.text.SEGGER_RTT_WriteNoLock)
    [Anonymous Symbol]                       0x08000b8c   Section        0  segger_rtt_printf.o(.text.SEGGER_RTT_printf)
    [Anonymous Symbol]                       0x08000bb8   Section        0  segger_rtt_printf.o(.text.SEGGER_RTT_vprintf)
    [Anonymous Symbol]                       0x08000ef4   Section        0  n32g4fr_it.o(.text.SVC_Handler)
    SetSysClock                              0x08000ef9   Thumb Code   328  system_n32g4fr.o(.text.SetSysClock)
    [Anonymous Symbol]                       0x08000ef8   Section        0  system_n32g4fr.o(.text.SetSysClock)
    [Anonymous Symbol]                       0x08001040   Section        0  n32g4fr_it.o(.text.SysTick_Handler)
    [Anonymous Symbol]                       0x08001044   Section        0  bsp.o(.text.SysTick_Init)
    [Anonymous Symbol]                       0x0800104c   Section        0  system_n32g4fr.o(.text.SystemInit)
    [Anonymous Symbol]                       0x08001118   Section        0  bsp.o(.text.UART_Config)
    [Anonymous Symbol]                       0x0800111c   Section        0  bsp.o(.text.UART_INT_Config)
    [Anonymous Symbol]                       0x08001120   Section        0  n32g4fr_it.o(.text.USART3_IRQHandler)
    [Anonymous Symbol]                       0x08001164   Section        0  n32g4fr_usart.o(.text.USART_GetIntStatus)
    [Anonymous Symbol]                       0x08001214   Section        0  n32g4fr_usart.o(.text.USART_ReceiveData)
    [Anonymous Symbol]                       0x08001224   Section        0  n32g4fr_it.o(.text.UsageFault_Handler)
    _DoInit                                  0x08001229   Thumb Code   156  segger_rtt.o(.text._DoInit)
    [Anonymous Symbol]                       0x08001228   Section        0  segger_rtt.o(.text._DoInit)
    _GetAvailWriteSpace                      0x080012c5   Thumb Code    62  segger_rtt.o(.text._GetAvailWriteSpace)
    [Anonymous Symbol]                       0x080012c4   Section        0  segger_rtt.o(.text._GetAvailWriteSpace)
    _PrintInt                                0x08001305   Thumb Code   460  segger_rtt_printf.o(.text._PrintInt)
    [Anonymous Symbol]                       0x08001304   Section        0  segger_rtt_printf.o(.text._PrintInt)
    _PrintUnsigned                           0x080014d1   Thumb Code   428  segger_rtt_printf.o(.text._PrintUnsigned)
    [Anonymous Symbol]                       0x080014d0   Section        0  segger_rtt_printf.o(.text._PrintUnsigned)
    _StoreChar                               0x0800167d   Thumb Code   118  segger_rtt_printf.o(.text._StoreChar)
    [Anonymous Symbol]                       0x0800167c   Section        0  segger_rtt_printf.o(.text._StoreChar)
    _WriteBlocking                           0x080016f5   Thumb Code   228  segger_rtt.o(.text._WriteBlocking)
    [Anonymous Symbol]                       0x080016f4   Section        0  segger_rtt.o(.text._WriteBlocking)
    _WriteNoCheck                            0x080017d9   Thumb Code   140  segger_rtt.o(.text._WriteNoCheck)
    [Anonymous Symbol]                       0x080017d8   Section        0  segger_rtt.o(.text._WriteNoCheck)
    [Anonymous Symbol]                       0x08001864   Section        0  nr_micro_shell.o(.text._shell_init)
    [Anonymous Symbol]                       0x0800195c   Section        0  bsp.o(.text.adc_initial)
    [Anonymous Symbol]                       0x08001960   Section        0  ansi.o(.text.ansi_init)
    [Anonymous Symbol]                       0x0800198c   Section        0  app.o(.text.app)
    [Anonymous Symbol]                       0x080019ec   Section        0  bsp.o(.text.bsp_init)
    [Anonymous Symbol]                       0x08001a34   Section        0  app.o(.text.error_process)
    [Anonymous Symbol]                       0x08001a58   Section        0  nr_micro_shell_commands.o(.text.hexdump)
    [Anonymous Symbol]                       0x08001d90   Section        0  app.o(.text.idle_process)
    [Anonymous Symbol]                       0x08001da8   Section        0  bsp.o(.text.init_all)
    [Anonymous Symbol]                       0x08001db0   Section        0  main.o(.text.loop)
    [Anonymous Symbol]                       0x08001db8   Section        0  main.o(.text.main)
    [Anonymous Symbol]                       0x08001dcc   Section        0  bsp.o(.text.memory_init)
    [Anonymous Symbol]                       0x08001e44   Section        0  bsp.o(.text.read_uid)
    [Anonymous Symbol]                       0x08001edc   Section        0  bsp.o(.text.segger_init)
    [Anonymous Symbol]                       0x08001f4c   Section        0  app.o(.text.sent_sample_data)
    [Anonymous Symbol]                       0x08001f98   Section        0  main.o(.text.setup)
    [Anonymous Symbol]                       0x08001fa0   Section        0  nr_micro_shell_commands.o(.text.shell_hexdump_cmd)
    [Anonymous Symbol]                       0x08002018   Section        0  nr_micro_shell.o(.text.shell_his_queue_add_cmd)
    [Anonymous Symbol]                       0x08002188   Section        0  nr_micro_shell.o(.text.shell_his_queue_init)
    [Anonymous Symbol]                       0x080021ac   Section        0  nr_micro_shell_commands.o(.text.shell_ls_cmd)
    [Anonymous Symbol]                       0x080022c4   Section        0  nr_micro_shell_commands.o(.text.shell_quit_cmd)
    [Anonymous Symbol]                       0x0800231c   Section        0  nr_micro_shell_commands.o(.text.shell_test_cmd)
    [Anonymous Symbol]                       0x08002368   Section        0  bsp.o(.text.switch_gpio_config)
    [Anonymous Symbol]                       0x0800236c   Section        0  app.o(.text.uart_post_process)
    [Anonymous Symbol]                       0x08002384   Section        0  bsp.o(.text.usart_init)
    $v0                                      0x08002390   Number         0  hardfaulthandler.o(OSKERNEL)
    OSKERNEL                                 0x08002390   Section       18  hardfaulthandler.o(OSKERNEL)
    i.__0printf                              0x080023a4   Section        0  printfa.o(i.__0printf)
    i.__scatterload_copy                     0x080023c4   Section       14  handlers.o(i.__scatterload_copy)
    i.__scatterload_null                     0x080023d2   Section        2  handlers.o(i.__scatterload_null)
    i.__scatterload_zeroinit                 0x080023d4   Section       14  handlers.o(i.__scatterload_zeroinit)
    _fp_digits                               0x080023e5   Thumb Code   366  printfa.o(i._fp_digits)
    i._fp_digits                             0x080023e4   Section        0  printfa.o(i._fp_digits)
    _printf_core                             0x08002569   Thumb Code  1744  printfa.o(i._printf_core)
    i._printf_core                           0x08002568   Section        0  printfa.o(i._printf_core)
    _printf_post_padding                     0x08002c45   Thumb Code    36  printfa.o(i._printf_post_padding)
    i._printf_post_padding                   0x08002c44   Section        0  printfa.o(i._printf_post_padding)
    _printf_pre_padding                      0x08002c69   Thumb Code    46  printfa.o(i._printf_pre_padding)
    i._printf_pre_padding                    0x08002c68   Section        0  printfa.o(i._printf_pre_padding)
    i.fputc                                  0x08002c96   Section        0  fputc.o(i.fputc)
    _PrintUnsigned._aV2C                     0x08002ca8   Data          16  segger_rtt_printf.o(.rodata._PrintUnsigned._aV2C)
    [Anonymous Symbol]                       0x08002ca8   Section        0  segger_rtt_printf.o(.rodata._PrintUnsigned._aV2C)
    __tagsym$$used.0                         0x08002cb8   Number         0  nr_micro_shell.o(.rodata.nr_shell_cmd0.end)
    __tagsym$$used.1                         0x08002ccc   Number         0  nr_micro_shell.o(.rodata.nr_shell_cmd1.end)
    .L.str                                   0x08002d44   Data          11  app.o(.rodata.str1.1)
    [Anonymous Symbol]                       0x08002d44   Section        0  app.o(.rodata.str1.1)
    .L.str.8                                 0x08002d4f   Data          19  bsp.o(.rodata.str1.1)
    [Anonymous Symbol]                       0x08002d4f   Section        0  bsp.o(.rodata.str1.1)
    .L.str                                   0x08002d62   Data          27  bsp.o(.rodata.str1.1)
    .L.str.5                                 0x08002d7d   Data          23  bsp.o(.rodata.str1.1)
    .L.str.2                                 0x08002d94   Data          48  bsp.o(.rodata.str1.1)
    .L.str.11                                0x08002dbf   Data           5  bsp.o(.rodata.str1.1)
    .L.str.10                                0x08002dc4   Data           6  bsp.o(.rodata.str1.1)
    .L.str.6                                 0x08002dca   Data          12  bsp.o(.rodata.str1.1)
    .L.str.1                                 0x08002dd6   Data          12  bsp.o(.rodata.str1.1)
    .L.str.7                                 0x08002de2   Data           9  bsp.o(.rodata.str1.1)
    .L.str.12                                0x08002deb   Data           8  bsp.o(.rodata.str1.1)
    .L.str.3                                 0x08002deb   Data           8  bsp.o(.rodata.str1.1)
    .L.str.9                                 0x08002df3   Data           8  bsp.o(.rodata.str1.1)
    .L.str.1                                 0x08002dfb   Data          42  nr_micro_shell.o(.rodata.str1.1)
    [Anonymous Symbol]                       0x08002dfb   Section        0  nr_micro_shell.o(.rodata.str1.1)
    .L.str.9                                 0x08002e25   Data          21  nr_micro_shell.o(.rodata.str1.1)
    .L.str.10                                0x08002e3a   Data          25  nr_micro_shell.o(.rodata.str1.1)
    .L.str.11                                0x08002e53   Data          24  nr_micro_shell.o(.rodata.str1.1)
    .L.str.2                                 0x08002e6b   Data          42  nr_micro_shell.o(.rodata.str1.1)
    .L.str.5                                 0x08002e95   Data          42  nr_micro_shell.o(.rodata.str1.1)
    .L.str.3                                 0x08002ebf   Data          42  nr_micro_shell.o(.rodata.str1.1)
    .L.str.4                                 0x08002ee9   Data          42  nr_micro_shell.o(.rodata.str1.1)
    .L.str.6                                 0x08002f13   Data          42  nr_micro_shell.o(.rodata.str1.1)
    .L.str.2                                 0x08002f3a   Data           3  nr_micro_shell.o(.rodata.str1.1)
    .L.str.15                                0x08002f3d   Data           7  nr_micro_shell.o(.rodata.str1.1)
    .L.str                                   0x08002f40   Data           4  nr_micro_shell.o(.rodata.str1.1)
    .L.str.8                                 0x08002f44   Data          47  nr_micro_shell.o(.rodata.str1.1)
    .L.str.7                                 0x08002f6c   Data           7  nr_micro_shell.o(.rodata.str1.1)
    .L.str.13                                0x08002f6e   Data           5  nr_micro_shell.o(.rodata.str1.1)
    .L.str.4                                 0x08002f6e   Data           5  nr_micro_shell.o(.rodata.str1.1)
    .L.str                                   0x08002f73   Data          10  nr_micro_shell.o(.rodata.str1.1)
    .L.str.1                                 0x08002f7d   Data           3  nr_micro_shell.o(.rodata.str1.1)
    .L.str.14                                0x08002f7d   Data           3  nr_micro_shell.o(.rodata.str1.1)
    .L.str.7                                 0x08002f80   Data          12  nr_micro_shell_commands.o(.rodata.str1.1)
    [Anonymous Symbol]                       0x08002f80   Section        0  nr_micro_shell_commands.o(.rodata.str1.1)
    .L.str.11                                0x08002f8c   Data          26  nr_micro_shell_commands.o(.rodata.str1.1)
    .L.str.16                                0x08002f94   Data          28  nr_micro_shell.o(.rodata.str1.1)
    .L.str.4                                 0x08002fa6   Data          18  nr_micro_shell_commands.o(.rodata.str1.1)
    .L.str.17                                0x08002fb0   Data           2  nr_micro_shell.o(.rodata.str1.1)
    .L.str.18                                0x08002fb2   Data          23  nr_micro_shell.o(.rodata.str1.1)
    .L.str.12                                0x08002fb8   Data          16  nr_micro_shell_commands.o(.rodata.str1.1)
    .L.str.6                                 0x08002fc8   Data          23  nr_micro_shell_commands.o(.rodata.str1.1)
    .L.str.14                                0x08002fdf   Data          19  nr_micro_shell_commands.o(.rodata.str1.1)
    .L.str.18                                0x08002ff2   Data          27  nr_micro_shell_commands.o(.rodata.str1.1)
    .L.str.9                                 0x0800300d   Data          23  nr_micro_shell_commands.o(.rodata.str1.1)
    .L.str.8                                 0x08003024   Data          20  nr_micro_shell_commands.o(.rodata.str1.1)
    .L.str.13                                0x08003038   Data          15  nr_micro_shell_commands.o(.rodata.str1.1)
    .L.str.17                                0x08003047   Data          14  nr_micro_shell_commands.o(.rodata.str1.1)
    .L.str.10                                0x08003055   Data          29  nr_micro_shell_commands.o(.rodata.str1.1)
    .L.str.19                                0x08003072   Data          24  nr_micro_shell_commands.o(.rodata.str1.1)
    .L.str.21                                0x0800308a   Data          15  nr_micro_shell_commands.o(.rodata.str1.1)
    .L.str.20                                0x08003099   Data          25  nr_micro_shell_commands.o(.rodata.str1.1)
    .L.str.16                                0x080030b2   Data          13  nr_micro_shell_commands.o(.rodata.str1.1)
    .L.str.15                                0x080030bf   Data          17  nr_micro_shell_commands.o(.rodata.str1.1)
    .L.str.5                                 0x080030d0   Data           3  nr_micro_shell_commands.o(.rodata.str1.1)
    .L__FUNCTION__.hexdump                   0x080030d3   Data           8  nr_micro_shell_commands.o(.rodata.str1.1)
    .L.str.3                                 0x080030db   Data           3  nr_micro_shell_commands.o(.rodata.str1.1)
    .L.str                                   0x080030de   Data          19  n32g4fr_it.o(.rodata.str1.1)
    [Anonymous Symbol]                       0x080030de   Section        0  n32g4fr_it.o(.rodata.str1.1)
    .L.str.2                                 0x080030f1   Data           7  segger_rtt.o(.rodata.str1.1)
    [Anonymous Symbol]                       0x080030f1   Section        0  segger_rtt.o(.rodata.str1.1)
    .L.str.1                                 0x080030f8   Data           4  segger_rtt.o(.rodata.str1.1)
    .L.str                                   0x080030fc   Data           9  segger_rtt.o(.rodata.str1.1)
    .data                                    0x20000000   Section        4  stdout.o(.data)
    HardFaultRegs                            0x20002090   Data          64  segger_hardfaulthandler.o(.bss.HardFaultRegs)
    [Anonymous Symbol]                       0x20002090   Section        0  segger_hardfaulthandler.o(.bss.HardFaultRegs)
    _Continue                                0x200060d0   Data           4  segger_hardfaulthandler.o(.bss._Continue)
    [Anonymous Symbol]                       0x200060d0   Section        0  segger_hardfaulthandler.o(.bss._Continue)
    _acDownBuffer                            0x2000617c   Data          16  segger_rtt.o(.bss._acDownBuffer)
    [Anonymous Symbol]                       0x2000617c   Section        0  segger_rtt.o(.bss._acDownBuffer)
    _acUpBuffer                              0x2000618c   Data        1024  segger_rtt.o(.bss._acUpBuffer)
    [Anonymous Symbol]                       0x2000618c   Section        0  segger_rtt.o(.bss._acUpBuffer)
    STACK                                    0x20006620   Section     2048  startup_n32g4fr.o(STACK)

    Global Symbols

    Symbol Name                              Value     Ov Type        Size  Object(Section)

    BuildAttributes$$THM_ISAv4$E$P$D$K$B$S$7EM$VFPi3$EXTD16$VFPS$VFMA$PE$A:L22UL41UL21$X:L11$S22US41US21$IEEE1$IW$~IW$USESV6$~STKCKD$USESV7$~SHL$OSPACE$ROPI$EBA8$MICROLIB$REQ8$PRES8$EABIv2 0x00000000   Number         0  anon$$obj.o ABSOLUTE
    __cpp_initialize__aeabi_                  - Undefined Weak Reference
    __cxa_finalize                            - Undefined Weak Reference
    _clock_init                               - Undefined Weak Reference
    _microlib_exit                            - Undefined Weak Reference
    __Vectors_Size                           0x00000198   Number         0  startup_n32g4fr.o ABSOLUTE
    __Vectors                                0x08000000   Data           4  startup_n32g4fr.o(RESET)
    __Vectors_End                            0x08000198   Data           0  startup_n32g4fr.o(RESET)
    __main                                   0x08000199   Thumb Code     0  entry.o(.ARM.Collect$$$$00000000)
    _main_stk                                0x08000199   Thumb Code     0  entry2.o(.ARM.Collect$$$$00000001)
    _main_scatterload                        0x0800019d   Thumb Code     0  entry5.o(.ARM.Collect$$$$00000004)
    __main_after_scatterload                 0x080001a1   Thumb Code     0  entry5.o(.ARM.Collect$$$$00000004)
    _main_clock                              0x080001a1   Thumb Code     0  entry7b.o(.ARM.Collect$$$$00000008)
    _main_cpp_init                           0x080001a1   Thumb Code     0  entry8b.o(.ARM.Collect$$$$0000000A)
    _main_init                               0x080001a1   Thumb Code     0  entry9a.o(.ARM.Collect$$$$0000000B)
    __rt_final_cpp                           0x080001a9   Thumb Code     0  entry10a.o(.ARM.Collect$$$$0000000D)
    __rt_final_exit                          0x080001a9   Thumb Code     0  entry11a.o(.ARM.Collect$$$$0000000F)
    Reset_Handler                            0x080001ad   Thumb Code     8  startup_n32g4fr.o(.text)
    PendSV_Handler                           0x080001c3   Thumb Code     2  startup_n32g4fr.o(.text)
    ADC1_2_IRQHandler                        0x080001c7   Thumb Code     0  startup_n32g4fr.o(.text)
    ADC3_4_IRQHandler                        0x080001c7   Thumb Code     0  startup_n32g4fr.o(.text)
    CAN1_RX1_IRQHandler                      0x080001c7   Thumb Code     0  startup_n32g4fr.o(.text)
    CAN1_SCE_IRQHandler                      0x080001c7   Thumb Code     0  startup_n32g4fr.o(.text)
    CAN2_RX0_IRQHandler                      0x080001c7   Thumb Code     0  startup_n32g4fr.o(.text)
    CAN2_RX1_IRQHandler                      0x080001c7   Thumb Code     0  startup_n32g4fr.o(.text)
    CAN2_SCE_IRQHandler                      0x080001c7   Thumb Code     0  startup_n32g4fr.o(.text)
    CAN2_TX_IRQHandler                       0x080001c7   Thumb Code     0  startup_n32g4fr.o(.text)
    COMP7_IRQHandler                         0x080001c7   Thumb Code     0  startup_n32g4fr.o(.text)
    COMP_1_2_3_IRQHandler                    0x080001c7   Thumb Code     0  startup_n32g4fr.o(.text)
    COMP_4_5_6_IRQHandler                    0x080001c7   Thumb Code     0  startup_n32g4fr.o(.text)
    DMA1_Channel1_IRQHandler                 0x080001c7   Thumb Code     0  startup_n32g4fr.o(.text)
    DMA1_Channel2_IRQHandler                 0x080001c7   Thumb Code     0  startup_n32g4fr.o(.text)
    DMA1_Channel3_IRQHandler                 0x080001c7   Thumb Code     0  startup_n32g4fr.o(.text)
    DMA1_Channel4_IRQHandler                 0x080001c7   Thumb Code     0  startup_n32g4fr.o(.text)
    DMA1_Channel5_IRQHandler                 0x080001c7   Thumb Code     0  startup_n32g4fr.o(.text)
    DMA1_Channel6_IRQHandler                 0x080001c7   Thumb Code     0  startup_n32g4fr.o(.text)
    DMA1_Channel7_IRQHandler                 0x080001c7   Thumb Code     0  startup_n32g4fr.o(.text)
    DMA1_Channel8_IRQHandler                 0x080001c7   Thumb Code     0  startup_n32g4fr.o(.text)
    DMA2_Channel1_IRQHandler                 0x080001c7   Thumb Code     0  startup_n32g4fr.o(.text)
    DMA2_Channel2_IRQHandler                 0x080001c7   Thumb Code     0  startup_n32g4fr.o(.text)
    DMA2_Channel3_IRQHandler                 0x080001c7   Thumb Code     0  startup_n32g4fr.o(.text)
    DMA2_Channel4_IRQHandler                 0x080001c7   Thumb Code     0  startup_n32g4fr.o(.text)
    DMA2_Channel5_IRQHandler                 0x080001c7   Thumb Code     0  startup_n32g4fr.o(.text)
    DMA2_Channel6_IRQHandler                 0x080001c7   Thumb Code     0  startup_n32g4fr.o(.text)
    DMA2_Channel7_IRQHandler                 0x080001c7   Thumb Code     0  startup_n32g4fr.o(.text)
    DMA2_Channel8_IRQHandler                 0x080001c7   Thumb Code     0  startup_n32g4fr.o(.text)
    DVP_IRQHandler                           0x080001c7   Thumb Code     0  startup_n32g4fr.o(.text)
    ETH_IRQHandler                           0x080001c7   Thumb Code     0  startup_n32g4fr.o(.text)
    ETH_WKUP_IRQHandler                      0x080001c7   Thumb Code     0  startup_n32g4fr.o(.text)
    EXTI0_IRQHandler                         0x080001c7   Thumb Code     0  startup_n32g4fr.o(.text)
    EXTI15_10_IRQHandler                     0x080001c7   Thumb Code     0  startup_n32g4fr.o(.text)
    EXTI1_IRQHandler                         0x080001c7   Thumb Code     0  startup_n32g4fr.o(.text)
    EXTI2_IRQHandler                         0x080001c7   Thumb Code     0  startup_n32g4fr.o(.text)
    EXTI3_IRQHandler                         0x080001c7   Thumb Code     0  startup_n32g4fr.o(.text)
    EXTI4_IRQHandler                         0x080001c7   Thumb Code     0  startup_n32g4fr.o(.text)
    EXTI9_5_IRQHandler                       0x080001c7   Thumb Code     0  startup_n32g4fr.o(.text)
    FLASH_IRQHandler                         0x080001c7   Thumb Code     0  startup_n32g4fr.o(.text)
    I2C1_ER_IRQHandler                       0x080001c7   Thumb Code     0  startup_n32g4fr.o(.text)
    I2C1_EV_IRQHandler                       0x080001c7   Thumb Code     0  startup_n32g4fr.o(.text)
    I2C2_ER_IRQHandler                       0x080001c7   Thumb Code     0  startup_n32g4fr.o(.text)
    I2C2_EV_IRQHandler                       0x080001c7   Thumb Code     0  startup_n32g4fr.o(.text)
    I2C3_ER_IRQHandler                       0x080001c7   Thumb Code     0  startup_n32g4fr.o(.text)
    I2C3_EV_IRQHandler                       0x080001c7   Thumb Code     0  startup_n32g4fr.o(.text)
    I2C4_ER_IRQHandler                       0x080001c7   Thumb Code     0  startup_n32g4fr.o(.text)
    I2C4_EV_IRQHandler                       0x080001c7   Thumb Code     0  startup_n32g4fr.o(.text)
    MMU_IRQHandler                           0x080001c7   Thumb Code     0  startup_n32g4fr.o(.text)
    PVD_IRQHandler                           0x080001c7   Thumb Code     0  startup_n32g4fr.o(.text)
    QSPI_IRQHandler                          0x080001c7   Thumb Code     0  startup_n32g4fr.o(.text)
    RCC_IRQHandler                           0x080001c7   Thumb Code     0  startup_n32g4fr.o(.text)
    RSRAM_IRQHandler                         0x080001c7   Thumb Code     0  startup_n32g4fr.o(.text)
    RTCAlarm_IRQHandler                      0x080001c7   Thumb Code     0  startup_n32g4fr.o(.text)
    RTC_WKUP_IRQHandler                      0x080001c7   Thumb Code     0  startup_n32g4fr.o(.text)
    SAC_IRQHandler                           0x080001c7   Thumb Code     0  startup_n32g4fr.o(.text)
    SDIO_IRQHandler                          0x080001c7   Thumb Code     0  startup_n32g4fr.o(.text)
    SPI1_IRQHandler                          0x080001c7   Thumb Code     0  startup_n32g4fr.o(.text)
    SPI2_IRQHandler                          0x080001c7   Thumb Code     0  startup_n32g4fr.o(.text)
    SPI3_IRQHandler                          0x080001c7   Thumb Code     0  startup_n32g4fr.o(.text)
    TAMPER_IRQHandler                        0x080001c7   Thumb Code     0  startup_n32g4fr.o(.text)
    TIM1_BRK_IRQHandler                      0x080001c7   Thumb Code     0  startup_n32g4fr.o(.text)
    TIM1_CC_IRQHandler                       0x080001c7   Thumb Code     0  startup_n32g4fr.o(.text)
    TIM1_TRG_COM_IRQHandler                  0x080001c7   Thumb Code     0  startup_n32g4fr.o(.text)
    TIM1_UP_IRQHandler                       0x080001c7   Thumb Code     0  startup_n32g4fr.o(.text)
    TIM2_IRQHandler                          0x080001c7   Thumb Code     0  startup_n32g4fr.o(.text)
    TIM3_IRQHandler                          0x080001c7   Thumb Code     0  startup_n32g4fr.o(.text)
    TIM4_IRQHandler                          0x080001c7   Thumb Code     0  startup_n32g4fr.o(.text)
    TIM5_IRQHandler                          0x080001c7   Thumb Code     0  startup_n32g4fr.o(.text)
    TIM6_IRQHandler                          0x080001c7   Thumb Code     0  startup_n32g4fr.o(.text)
    TIM7_IRQHandler                          0x080001c7   Thumb Code     0  startup_n32g4fr.o(.text)
    TIM8_BRK_IRQHandler                      0x080001c7   Thumb Code     0  startup_n32g4fr.o(.text)
    TIM8_CC_IRQHandler                       0x080001c7   Thumb Code     0  startup_n32g4fr.o(.text)
    TIM8_TRG_COM_IRQHandler                  0x080001c7   Thumb Code     0  startup_n32g4fr.o(.text)
    TIM8_UP_IRQHandler                       0x080001c7   Thumb Code     0  startup_n32g4fr.o(.text)
    TSC_IRQHandler                           0x080001c7   Thumb Code     0  startup_n32g4fr.o(.text)
    UART4_IRQHandler                         0x080001c7   Thumb Code     0  startup_n32g4fr.o(.text)
    UART5_IRQHandler                         0x080001c7   Thumb Code     0  startup_n32g4fr.o(.text)
    UART6_IRQHandler                         0x080001c7   Thumb Code     0  startup_n32g4fr.o(.text)
    UART7_IRQHandler                         0x080001c7   Thumb Code     0  startup_n32g4fr.o(.text)
    USART1_IRQHandler                        0x080001c7   Thumb Code     0  startup_n32g4fr.o(.text)
    USART2_IRQHandler                        0x080001c7   Thumb Code     0  startup_n32g4fr.o(.text)
    USBWakeUp_IRQHandler                     0x080001c7   Thumb Code     0  startup_n32g4fr.o(.text)
    USB_HP_CAN1_TX_IRQHandler                0x080001c7   Thumb Code     0  startup_n32g4fr.o(.text)
    USB_LP_CAN1_RX0_IRQHandler               0x080001c7   Thumb Code     0  startup_n32g4fr.o(.text)
    WWDG_IRQHandler                          0x080001c7   Thumb Code     0  startup_n32g4fr.o(.text)
    XFMC_IRQHandler                          0x080001c7   Thumb Code     0  startup_n32g4fr.o(.text)
    __aeabi_memcpy                           0x080001d1   Thumb Code    36  memcpya.o(.text)
    __aeabi_memcpy4                          0x080001d1   Thumb Code     0  memcpya.o(.text)
    __aeabi_memcpy8                          0x080001d1   Thumb Code     0  memcpya.o(.text)
    __aeabi_memset                           0x080001f5   Thumb Code    14  memseta.o(.text)
    __aeabi_memset4                          0x080001f5   Thumb Code     0  memseta.o(.text)
    __aeabi_memset8                          0x080001f5   Thumb Code     0  memseta.o(.text)
    __aeabi_memclr                           0x08000203   Thumb Code     4  memseta.o(.text)
    __aeabi_memclr4                          0x08000203   Thumb Code     0  memseta.o(.text)
    __aeabi_memclr8                          0x08000203   Thumb Code     0  memseta.o(.text)
    _memset$wrapper                          0x08000207   Thumb Code    18  memseta.o(.text)
    strlen                                   0x08000219   Thumb Code    14  strlen.o(.text)
    strcmp                                   0x08000227   Thumb Code    28  strcmp.o(.text)
    strcpy                                   0x08000243   Thumb Code    18  strcpy.o(.text)
    __aeabi_uidiv                            0x08000255   Thumb Code     0  uidiv.o(.text)
    __aeabi_uidivmod                         0x08000255   Thumb Code    44  uidiv.o(.text)
    __aeabi_uldivmod                         0x08000281   Thumb Code    98  uldiv.o(.text)
    __I$use$fp                               0x080002e3   Thumb Code     0  iusefp.o(.text)
    __aeabi_dadd                             0x080002e3   Thumb Code   322  dadd.o(.text)
    __aeabi_dsub                             0x08000425   Thumb Code     6  dadd.o(.text)
    __aeabi_drsub                            0x0800042b   Thumb Code     6  dadd.o(.text)
    __aeabi_dmul                             0x08000431   Thumb Code   228  dmul.o(.text)
    __aeabi_ddiv                             0x08000515   Thumb Code   222  ddiv.o(.text)
    __aeabi_d2ulz                            0x080005f3   Thumb Code    48  dfixul.o(.text)
    __aeabi_cdrcmple                         0x08000625   Thumb Code    48  cdrcmple.o(.text)
    __scatterload                            0x08000655   Thumb Code    28  init.o(.text)
    __scatterload_rt2                        0x08000655   Thumb Code     0  init.o(.text)
    __aeabi_llsl                             0x08000679   Thumb Code    30  llshl.o(.text)
    __semihosting_library_function           0x08000679   Thumb Code     0  semi.o(.text)
    _ll_shift_l                              0x08000679   Thumb Code     0  llshl.o(.text)
    __aeabi_llsr                             0x08000697   Thumb Code    32  llushr.o(.text)
    _ll_ushift_r                             0x08000697   Thumb Code     0  llushr.o(.text)
    __aeabi_lasr                             0x080006b7   Thumb Code    36  llsshr.o(.text)
    _ll_sshift_r                             0x080006b7   Thumb Code     0  llsshr.o(.text)
    __I$use$semihosting$fputc                0x080006db   Thumb Code     0  iusesemip.o(.text)
    _double_round                            0x080006db   Thumb Code    30  depilogue.o(.text)
    _double_epilogue                         0x080006f9   Thumb Code   156  depilogue.o(.text)
    __decompress                             0x08000795   Thumb Code     0  __dczerorl.o(.text)
    __decompress0                            0x08000795   Thumb Code    58  __dczerorl.o(.text)
    BusFault_Handler                         0x080007d1   Thumb Code     4  n32g4fr_it.o(.text.BusFault_Handler)
    DMA_config                               0x080007d5   Thumb Code     2  bsp.o(.text.DMA_config)
    DebugMon_Handler                         0x080007d9   Thumb Code     2  n32g4fr_it.o(.text.DebugMon_Handler)
    FIFO_GetDataCount                        0x080007dd   Thumb Code    12  fifo.o(.text.FIFO_GetDataCount)
    FIFO_Init                                0x080007e9   Thumb Code    26  fifo.o(.text.FIFO_Init)
    FIFO_IsDataEmpty                         0x08000805   Thumb Code    36  fifo.o(.text.FIFO_IsDataEmpty)
    FIFO_ReadData                            0x08000829   Thumb Code   156  fifo.o(.text.FIFO_ReadData)
    HardFaultHandler                         0x080008c5   Thumb Code   276  segger_hardfaulthandler.o(.text.HardFaultHandler)
    LED_GPIO_Config                          0x080009d9   Thumb Code     2  bsp.o(.text.LED_GPIO_Config)
    MemManage_Handler                        0x080009dd   Thumb Code     4  n32g4fr_it.o(.text.MemManage_Handler)
    NMI_Handler                              0x080009e1   Thumb Code     2  n32g4fr_it.o(.text.NMI_Handler)
    PWM_Mode_Config                          0x080009e5   Thumb Code     2  bsp.o(.text.PWM_Mode_Config)
    SEGGER_RTT_ConfigUpBuffer                0x080009e9   Thumb Code   160  segger_rtt.o(.text.SEGGER_RTT_ConfigUpBuffer)
    SEGGER_RTT_Init                          0x08000a89   Thumb Code     8  segger_rtt.o(.text.SEGGER_RTT_Init)
    SEGGER_RTT_Write                         0x08000a91   Thumb Code    76  segger_rtt.o(.text.SEGGER_RTT_Write)
    SEGGER_RTT_WriteNoLock                   0x08000add   Thumb Code   176  segger_rtt.o(.text.SEGGER_RTT_WriteNoLock)
    SEGGER_RTT_printf                        0x08000b8d   Thumb Code    42  segger_rtt_printf.o(.text.SEGGER_RTT_printf)
    SEGGER_RTT_vprintf                       0x08000bb9   Thumb Code   828  segger_rtt_printf.o(.text.SEGGER_RTT_vprintf)
    SVC_Handler                              0x08000ef5   Thumb Code     2  n32g4fr_it.o(.text.SVC_Handler)
    SysTick_Handler                          0x08001041   Thumb Code     2  n32g4fr_it.o(.text.SysTick_Handler)
    SysTick_Init                             0x08001045   Thumb Code     8  bsp.o(.text.SysTick_Init)
    SystemInit                               0x0800104d   Thumb Code   204  system_n32g4fr.o(.text.SystemInit)
    UART_Config                              0x08001119   Thumb Code     2  bsp.o(.text.UART_Config)
    UART_INT_Config                          0x0800111d   Thumb Code     2  bsp.o(.text.UART_INT_Config)
    USART3_IRQHandler                        0x08001121   Thumb Code    68  n32g4fr_it.o(.text.USART3_IRQHandler)
    USART_GetIntStatus                       0x08001165   Thumb Code   176  n32g4fr_usart.o(.text.USART_GetIntStatus)
    USART_ReceiveData                        0x08001215   Thumb Code    16  n32g4fr_usart.o(.text.USART_ReceiveData)
    UsageFault_Handler                       0x08001225   Thumb Code     4  n32g4fr_it.o(.text.UsageFault_Handler)
    _shell_init                              0x08001865   Thumb Code   248  nr_micro_shell.o(.text._shell_init)
    adc_initial                              0x0800195d   Thumb Code     2  bsp.o(.text.adc_initial)
    ansi_init                                0x08001961   Thumb Code    42  ansi.o(.text.ansi_init)
    app                                      0x0800198d   Thumb Code    96  app.o(.text.app)
    bsp_init                                 0x080019ed   Thumb Code    72  bsp.o(.text.bsp_init)
    error_process                            0x08001a35   Thumb Code    34  app.o(.text.error_process)
    hexdump                                  0x08001a59   Thumb Code   824  nr_micro_shell_commands.o(.text.hexdump)
    idle_process                             0x08001d91   Thumb Code    24  app.o(.text.idle_process)
    init_all                                 0x08001da9   Thumb Code     8  bsp.o(.text.init_all)
    loop                                     0x08001db1   Thumb Code     8  main.o(.text.loop)
    main                                     0x08001db9   Thumb Code    20  main.o(.text.main)
    memory_init                              0x08001dcd   Thumb Code   118  bsp.o(.text.memory_init)
    read_uid                                 0x08001e45   Thumb Code   150  bsp.o(.text.read_uid)
    segger_init                              0x08001edd   Thumb Code   112  bsp.o(.text.segger_init)
    sent_sample_data                         0x08001f4d   Thumb Code    76  app.o(.text.sent_sample_data)
    setup                                    0x08001f99   Thumb Code     8  main.o(.text.setup)
    shell_hexdump_cmd                        0x08001fa1   Thumb Code   120  nr_micro_shell_commands.o(.text.shell_hexdump_cmd)
    shell_his_queue_add_cmd                  0x08002019   Thumb Code   366  nr_micro_shell.o(.text.shell_his_queue_add_cmd)
    shell_his_queue_init                     0x08002189   Thumb Code    34  nr_micro_shell.o(.text.shell_his_queue_init)
    shell_ls_cmd                             0x080021ad   Thumb Code   278  nr_micro_shell_commands.o(.text.shell_ls_cmd)
    shell_quit_cmd                           0x080022c5   Thumb Code    88  nr_micro_shell_commands.o(.text.shell_quit_cmd)
    shell_test_cmd                           0x0800231d   Thumb Code    74  nr_micro_shell_commands.o(.text.shell_test_cmd)
    switch_gpio_config                       0x08002369   Thumb Code     2  bsp.o(.text.switch_gpio_config)
    uart_post_process                        0x0800236d   Thumb Code    22  app.o(.text.uart_post_process)
    usart_init                               0x08002385   Thumb Code    12  bsp.o(.text.usart_init)
    HardFault_Handler                        0x08002391   Thumb Code     0  hardfaulthandler.o(OSKERNEL)
    __0printf                                0x080023a5   Thumb Code    22  printfa.o(i.__0printf)
    __1printf                                0x080023a5   Thumb Code     0  printfa.o(i.__0printf)
    __2printf                                0x080023a5   Thumb Code     0  printfa.o(i.__0printf)
    __c89printf                              0x080023a5   Thumb Code     0  printfa.o(i.__0printf)
    printf                                   0x080023a5   Thumb Code     0  printfa.o(i.__0printf)
    __scatterload_copy                       0x080023c5   Thumb Code    14  handlers.o(i.__scatterload_copy)
    __scatterload_null                       0x080023d3   Thumb Code     2  handlers.o(i.__scatterload_null)
    __scatterload_zeroinit                   0x080023d5   Thumb Code    14  handlers.o(i.__scatterload_zeroinit)
    fputc                                    0x08002c97   Thumb Code    18  fputc.o(i.fputc)
    _nr_cmd_start_                           0x08002cb8   Data          20  nr_micro_shell.o(.rodata.nr_shell_cmd0.end)
    _nr_cmd_end_                             0x08002ccc   Data          20  nr_micro_shell.o(.rodata.nr_shell_cmd1.end)
    static_cmd                               0x08002ce0   Data         100  nr_micro_shell_commands.o(.rodata.static_cmd)
    Region$$Table$$Base                      0x08003108   Number         0  anon$$obj.o(Region$$Table)
    Region$$Table$$Limit                     0x08003128   Number         0  anon$$obj.o(Region$$Table)
    __stdout                                 0x20000000   Data           4  stdout.o(.data)
    FIFO_Data                                0x20000004   Data          20  fifo.o(.data.FIFO_Data)
    SystemCoreClock                          0x20000018   Data           4  system_n32g4fr.o(.data.SystemCoreClock)
    nr_shell                                 0x2000001c   Data         308  nr_micro_shell.o(.data.nr_shell)
    FIFO_DataBuffer                          0x20000150   Data        8000  fifo.o(.bss.FIFO_DataBuffer)
    JS_RTT_UpBuffer                          0x200020d0   Data       16384  app.o(.bss.JS_RTT_UpBuffer)
    _SEGGER_RTT                              0x200060d4   Data         168  segger_rtt.o(.bss._SEGGER_RTT)
    key_flag                                 0x2000658c   Data           4  app.o(.bss.key_flag)
    next_state                               0x20006590   Data           1  app.o(.bss.next_state)
    nr_ansi                                  0x20006594   Data         132  ansi.o(.bss.nr_ansi)
    state                                    0x20006618   Data           1  app.o(.bss.state)
    __initial_sp                             0x20006e20   Data           0  startup_n32g4fr.o(STACK)



==============================================================================

Memory Map of the image

  Image Entry point : 0x08000199

  Load Region LR_IROM1 (Base: 0x08000000, Size: 0x00003278, Max: 0x00080000, ABSOLUTE, COMPRESSED[0x00003158])

    Execution Region ER_IROM1 (Exec base: 0x08000000, Load base: 0x08000000, Size: 0x00003128, Max: 0x00080000, ABSOLUTE)

    Exec Addr    Load Addr    Size         Type   Attr      Idx    E Section Name        Object

    0x08000000   0x08000000   0x00000198   Data   RO          222    RESET               startup_n32g4fr.o
    0x08000198   0x08000198   0x00000000   Code   RO         1693  * .ARM.Collect$$$$00000000  mc_w.l(entry.o)
    0x08000198   0x08000198   0x00000004   Code   RO         1769    .ARM.Collect$$$$00000001  mc_w.l(entry2.o)
    0x0800019c   0x0800019c   0x00000004   Code   RO         1772    .ARM.Collect$$$$00000004  mc_w.l(entry5.o)
    0x080001a0   0x080001a0   0x00000000   Code   RO         1774    .ARM.Collect$$$$00000008  mc_w.l(entry7b.o)
    0x080001a0   0x080001a0   0x00000000   Code   RO         1776    .ARM.Collect$$$$0000000A  mc_w.l(entry8b.o)
    0x080001a0   0x080001a0   0x00000008   Code   RO         1777    .ARM.Collect$$$$0000000B  mc_w.l(entry9a.o)
    0x080001a8   0x080001a8   0x00000000   Code   RO         1779    .ARM.Collect$$$$0000000D  mc_w.l(entry10a.o)
    0x080001a8   0x080001a8   0x00000000   Code   RO         1781    .ARM.Collect$$$$0000000F  mc_w.l(entry11a.o)
    0x080001a8   0x080001a8   0x00000004   Code   RO         1770    .ARM.Collect$$$$00002712  mc_w.l(entry2.o)
    0x080001ac   0x080001ac   0x00000024   Code   RO          223    .text               startup_n32g4fr.o
    0x080001d0   0x080001d0   0x00000024   Code   RO         1727    .text               mc_w.l(memcpya.o)
    0x080001f4   0x080001f4   0x00000024   Code   RO         1729    .text               mc_w.l(memseta.o)
    0x08000218   0x08000218   0x0000000e   Code   RO         1733    .text               mc_w.l(strlen.o)
    0x08000226   0x08000226   0x0000001c   Code   RO         1735    .text               mc_w.l(strcmp.o)
    0x08000242   0x08000242   0x00000012   Code   RO         1737    .text               mc_w.l(strcpy.o)
    0x08000254   0x08000254   0x0000002c   Code   RO         1796    .text               mc_w.l(uidiv.o)
    0x08000280   0x08000280   0x00000062   Code   RO         1798    .text               mc_w.l(uldiv.o)
    0x080002e2   0x080002e2   0x00000000   Code   RO         1800    .text               mc_w.l(iusefp.o)
    0x080002e2   0x080002e2   0x0000014e   Code   RO         1801    .text               mf_w.l(dadd.o)
    0x08000430   0x08000430   0x000000e4   Code   RO         1803    .text               mf_w.l(dmul.o)
    0x08000514   0x08000514   0x000000de   Code   RO         1805    .text               mf_w.l(ddiv.o)
    0x080005f2   0x080005f2   0x00000030   Code   RO         1807    .text               mf_w.l(dfixul.o)
    0x08000622   0x08000622   0x00000002   PAD
    0x08000624   0x08000624   0x00000030   Code   RO         1809    .text               mf_w.l(cdrcmple.o)
    0x08000654   0x08000654   0x00000024   Code   RO         1811    .text               mc_w.l(init.o)
    0x08000678   0x08000678   0x00000000   Code   RO         1813    .text               mc_w.l(semi.o)
    0x08000678   0x08000678   0x0000001e   Code   RO         1814    .text               mc_w.l(llshl.o)
    0x08000696   0x08000696   0x00000020   Code   RO         1816    .text               mc_w.l(llushr.o)
    0x080006b6   0x080006b6   0x00000024   Code   RO         1818    .text               mc_w.l(llsshr.o)
    0x080006da   0x080006da   0x00000000   Code   RO         1820    .text               mc_w.l(iusesemip.o)
    0x080006da   0x080006da   0x000000ba   Code   RO         1821    .text               mf_w.l(depilogue.o)
    0x08000794   0x08000794   0x0000003a   Code   RO         1831    .text               mc_w.l(__dczerorl.o)
    0x080007ce   0x080007ce   0x00000002   PAD
    0x080007d0   0x080007d0   0x00000004   Code   RO          234    .text.BusFault_Handler  n32g4fr_it.o
    0x080007d4   0x080007d4   0x00000002   Code   RO           86    .text.DMA_config    bsp.o
    0x080007d6   0x080007d6   0x00000002   PAD
    0x080007d8   0x080007d8   0x00000002   Code   RO          240    .text.DebugMon_Handler  n32g4fr_it.o
    0x080007da   0x080007da   0x00000002   PAD
    0x080007dc   0x080007dc   0x0000000c   Code   RO           53    .text.FIFO_GetDataCount  fifo.o
    0x080007e8   0x080007e8   0x0000001a   Code   RO           39    .text.FIFO_Init     fifo.o
    0x08000802   0x08000802   0x00000002   PAD
    0x08000804   0x08000804   0x00000024   Code   RO           51    .text.FIFO_IsDataEmpty  fifo.o
    0x08000828   0x08000828   0x0000009c   Code   RO           45    .text.FIFO_ReadData  fifo.o
    0x080008c4   0x080008c4   0x00000114   Code   RO         1578    .text.HardFaultHandler  segger_hardfaulthandler.o
    0x080009d8   0x080009d8   0x00000002   Code   RO           78    .text.LED_GPIO_Config  bsp.o
    0x080009da   0x080009da   0x00000002   PAD
    0x080009dc   0x080009dc   0x00000004   Code   RO          232    .text.MemManage_Handler  n32g4fr_it.o
    0x080009e0   0x080009e0   0x00000002   Code   RO          230    .text.NMI_Handler   n32g4fr_it.o
    0x080009e2   0x080009e2   0x00000002   PAD
    0x080009e4   0x080009e4   0x00000002   Code   RO           82    .text.PWM_Mode_Config  bsp.o
    0x080009e6   0x080009e6   0x00000002   PAD
    0x080009e8   0x080009e8   0x000000a0   Code   RO         1639    .text.SEGGER_RTT_ConfigUpBuffer  segger_rtt.o
    0x08000a88   0x08000a88   0x00000008   Code   RO         1651    .text.SEGGER_RTT_Init  segger_rtt.o
    0x08000a90   0x08000a90   0x0000004c   Code   RO         1615    .text.SEGGER_RTT_Write  segger_rtt.o
    0x08000adc   0x08000adc   0x000000b0   Code   RO         1611    .text.SEGGER_RTT_WriteNoLock  segger_rtt.o
    0x08000b8c   0x08000b8c   0x0000002a   Code   RO         1684    .text.SEGGER_RTT_printf  segger_rtt_printf.o
    0x08000bb6   0x08000bb6   0x00000002   PAD
    0x08000bb8   0x08000bb8   0x0000033c   Code   RO         1676    .text.SEGGER_RTT_vprintf  segger_rtt_printf.o
    0x08000ef4   0x08000ef4   0x00000002   Code   RO          238    .text.SVC_Handler   n32g4fr_it.o
    0x08000ef6   0x08000ef6   0x00000002   PAD
    0x08000ef8   0x08000ef8   0x00000148   Code   RO          208    .text.SetSysClock   system_n32g4fr.o
    0x08001040   0x08001040   0x00000002   Code   RO          242    .text.SysTick_Handler  n32g4fr_it.o
    0x08001042   0x08001042   0x00000002   PAD
    0x08001044   0x08001044   0x00000008   Code   RO           88    .text.SysTick_Init  bsp.o
    0x0800104c   0x0800104c   0x000000cc   Code   RO          206    .text.SystemInit    system_n32g4fr.o
    0x08001118   0x08001118   0x00000002   Code   RO           70    .text.UART_Config   bsp.o
    0x0800111a   0x0800111a   0x00000002   PAD
    0x0800111c   0x0800111c   0x00000002   Code   RO           68    .text.UART_INT_Config  bsp.o
    0x0800111e   0x0800111e   0x00000002   PAD
    0x08001120   0x08001120   0x00000044   Code   RO          246    .text.USART3_IRQHandler  n32g4fr_it.o
    0x08001164   0x08001164   0x000000b0   Code   RO         1511    .text.USART_GetIntStatus  n32g4fr_usart.o
    0x08001214   0x08001214   0x00000010   Code   RO         1489    .text.USART_ReceiveData  n32g4fr_usart.o
    0x08001224   0x08001224   0x00000004   Code   RO          236    .text.UsageFault_Handler  n32g4fr_it.o
    0x08001228   0x08001228   0x0000009c   Code   RO         1593    .text._DoInit       segger_rtt.o
    0x080012c4   0x080012c4   0x0000003e   Code   RO         1605    .text._GetAvailWriteSpace  segger_rtt.o
    0x08001302   0x08001302   0x00000002   PAD
    0x08001304   0x08001304   0x000001cc   Code   RO         1680    .text._PrintInt     segger_rtt_printf.o
    0x080014d0   0x080014d0   0x000001ac   Code   RO         1682    .text._PrintUnsigned  segger_rtt_printf.o
    0x0800167c   0x0800167c   0x00000076   Code   RO         1678    .text._StoreChar    segger_rtt_printf.o
    0x080016f2   0x080016f2   0x00000002   PAD
    0x080016f4   0x080016f4   0x000000e4   Code   RO         1609    .text._WriteBlocking  segger_rtt.o
    0x080017d8   0x080017d8   0x0000008c   Code   RO         1607    .text._WriteNoCheck  segger_rtt.o
    0x08001864   0x08001864   0x000000f8   Code   RO          157    .text._shell_init   nr_micro_shell.o
    0x0800195c   0x0800195c   0x00000002   Code   RO           84    .text.adc_initial   bsp.o
    0x0800195e   0x0800195e   0x00000002   PAD
    0x08001960   0x08001960   0x0000002a   Code   RO          107    .text.ansi_init     ansi.o
    0x0800198a   0x0800198a   0x00000002   PAD
    0x0800198c   0x0800198c   0x00000060   Code   RO           10    .text.app           app.o
    0x080019ec   0x080019ec   0x00000048   Code   RO           72    .text.bsp_init      bsp.o
    0x08001a34   0x08001a34   0x00000022   Code   RO            2    .text.error_process  app.o
    0x08001a56   0x08001a56   0x00000002   PAD
    0x08001a58   0x08001a58   0x00000338   Code   RO          191    .text.hexdump       nr_micro_shell_commands.o
    0x08001d90   0x08001d90   0x00000018   Code   RO            6    .text.idle_process  app.o
    0x08001da8   0x08001da8   0x00000008   Code   RO           90    .text.init_all      bsp.o
    0x08001db0   0x08001db0   0x00000008   Code   RO           27    .text.loop          main.o
    0x08001db8   0x08001db8   0x00000014   Code   RO           29    .text.main          main.o
    0x08001dcc   0x08001dcc   0x00000076   Code   RO           64    .text.memory_init   bsp.o
    0x08001e42   0x08001e42   0x00000002   PAD
    0x08001e44   0x08001e44   0x00000096   Code   RO           76    .text.read_uid      bsp.o
    0x08001eda   0x08001eda   0x00000002   PAD
    0x08001edc   0x08001edc   0x00000070   Code   RO           74    .text.segger_init   bsp.o
    0x08001f4c   0x08001f4c   0x0000004c   Code   RO            8    .text.sent_sample_data  app.o
    0x08001f98   0x08001f98   0x00000008   Code   RO           25    .text.setup         main.o
    0x08001fa0   0x08001fa0   0x00000078   Code   RO          193    .text.shell_hexdump_cmd  nr_micro_shell_commands.o
    0x08002018   0x08002018   0x0000016e   Code   RO          161    .text.shell_his_queue_add_cmd  nr_micro_shell.o
    0x08002186   0x08002186   0x00000002   PAD
    0x08002188   0x08002188   0x00000022   Code   RO          159    .text.shell_his_queue_init  nr_micro_shell.o
    0x080021aa   0x080021aa   0x00000002   PAD
    0x080021ac   0x080021ac   0x00000116   Code   RO          187    .text.shell_ls_cmd  nr_micro_shell_commands.o
    0x080022c2   0x080022c2   0x00000002   PAD
    0x080022c4   0x080022c4   0x00000058   Code   RO          195    .text.shell_quit_cmd  nr_micro_shell_commands.o
    0x0800231c   0x0800231c   0x0000004a   Code   RO          189    .text.shell_test_cmd  nr_micro_shell_commands.o
    0x08002366   0x08002366   0x00000002   PAD
    0x08002368   0x08002368   0x00000002   Code   RO           80    .text.switch_gpio_config  bsp.o
    0x0800236a   0x0800236a   0x00000002   PAD
    0x0800236c   0x0800236c   0x00000016   Code   RO            4    .text.uart_post_process  app.o
    0x08002382   0x08002382   0x00000002   PAD
    0x08002384   0x08002384   0x0000000c   Code   RO           66    .text.usart_init    bsp.o
    0x08002390   0x08002390   0x00000012   Code   RO         1587    OSKERNEL            hardfaulthandler.o
    0x080023a2   0x080023a2   0x00000002   PAD
    0x080023a4   0x080023a4   0x00000020   Code   RO         1742    i.__0printf         mc_w.l(printfa.o)
    0x080023c4   0x080023c4   0x0000000e   Code   RO         1825    i.__scatterload_copy  mc_w.l(handlers.o)
    0x080023d2   0x080023d2   0x00000002   Code   RO         1826    i.__scatterload_null  mc_w.l(handlers.o)
    0x080023d4   0x080023d4   0x0000000e   Code   RO         1827    i.__scatterload_zeroinit  mc_w.l(handlers.o)
    0x080023e2   0x080023e2   0x00000002   PAD
    0x080023e4   0x080023e4   0x00000184   Code   RO         1749    i._fp_digits        mc_w.l(printfa.o)
    0x08002568   0x08002568   0x000006dc   Code   RO         1750    i._printf_core      mc_w.l(printfa.o)
    0x08002c44   0x08002c44   0x00000024   Code   RO         1751    i._printf_post_padding  mc_w.l(printfa.o)
    0x08002c68   0x08002c68   0x0000002e   Code   RO         1752    i._printf_pre_padding  mc_w.l(printfa.o)
    0x08002c96   0x08002c96   0x00000012   Code   RO         1783    i.fputc             mc_w.l(fputc.o)
    0x08002ca8   0x08002ca8   0x00000010   Data   RO         1686    .rodata._PrintUnsigned._aV2C  segger_rtt_printf.o
    0x08002cb8   0x08002cb8   0x00000014   Data   RO          175    .rodata.nr_shell_cmd0.end  nr_micro_shell.o
    0x08002ccc   0x08002ccc   0x00000014   Data   RO          176    .rodata.nr_shell_cmd1.end  nr_micro_shell.o
    0x08002ce0   0x08002ce0   0x00000064   Data   RO          198    .rodata.static_cmd  nr_micro_shell_commands.o
    0x08002d44   0x08002d44   0x0000000b   Data   RO           14    .rodata.str1.1      app.o
    0x08002d4f   0x08002d4f   0x000000ac   Data   RO           94    .rodata.str1.1      bsp.o
    0x08002dfb   0x08002dfb   0x00000185   Data   RO          178    .rodata.str1.1      nr_micro_shell.o
    0x08002f80   0x08002f80   0x0000015e   Data   RO          197    .rodata.str1.1      nr_micro_shell_commands.o
    0x080030de   0x080030de   0x00000013   Data   RO          248    .rodata.str1.1      n32g4fr_it.o
    0x080030f1   0x080030f1   0x00000014   Data   RO         1666    .rodata.str1.1      segger_rtt.o
    0x08003105   0x08003105   0x00000003   PAD
    0x08003108   0x08003108   0x00000020   Data   RO         1824    Region$$Table       anon$$obj.o


    Execution Region RW_IRAM1 (Exec base: 0x20000000, Load base: 0x08003128, Size: 0x00006e20, Max: 0x00020000, ABSOLUTE, COMPRESSED[0x00000030])

    Exec Addr    Load Addr    Size         Type   Attr      Idx    E Section Name        Object

    0x20000000   COMPRESSED   0x00000004   Data   RW         1698    .data               mc_w.l(stdout.o)
    0x20000004   COMPRESSED   0x00000014   Data   RW           56    .data.FIFO_Data     fifo.o
    0x20000018   COMPRESSED   0x00000004   Data   RW          212    .data.SystemCoreClock  system_n32g4fr.o
    0x2000001c   COMPRESSED   0x00000134   Data   RW          177    .data.nr_shell      nr_micro_shell.o
    0x20000150        -       0x00001f40   Zero   RW           55    .bss.FIFO_DataBuffer  fifo.o
    0x20002090        -       0x00000040   Zero   RW         1580    .bss.HardFaultRegs  segger_hardfaulthandler.o
    0x200020d0        -       0x00004000   Zero   RW           17    .bss.JS_RTT_UpBuffer  app.o
    0x200060d0        -       0x00000004   Zero   RW         1581    .bss._Continue      segger_hardfaulthandler.o
    0x200060d4        -       0x000000a8   Zero   RW         1663    .bss._SEGGER_RTT    segger_rtt.o
    0x2000617c        -       0x00000010   Zero   RW         1668    .bss._acDownBuffer  segger_rtt.o
    0x2000618c        -       0x00000400   Zero   RW         1667    .bss._acUpBuffer    segger_rtt.o
    0x2000658c        -       0x00000004   Zero   RW           16    .bss.key_flag       app.o
    0x20006590        -       0x00000001   Zero   RW           13    .bss.next_state     app.o
    0x20006591   COMPRESSED   0x00000003   PAD
    0x20006594        -       0x00000084   Zero   RW          117    .bss.nr_ansi        ansi.o
    0x20006618        -       0x00000001   Zero   RW           12    .bss.state          app.o
    0x20006619   COMPRESSED   0x00000007   PAD
    0x20006620        -       0x00000800   Zero   RW          220    STACK               startup_n32g4fr.o


==============================================================================

Image component sizes


      Code (inc. data)   RO Data    RW Data    ZI Data      Debug   Object Name

        42          0          0          0        132       2139   ansi.o
       252          4         11          0      16390       1611   app.o
       494          0        172          0          0       2180   bsp.o
       230          0          0         20       8000       2369   fifo.o
        18          0          0          0          0        304   hardfaulthandler.o
        36          0          0          0          0        573   main.o
        88          0         19          0          0       1749   n32g4fr_it.o
       192          0          0          0          0       6782   n32g4fr_usart.o
       648          0        429        308          0       5128   nr_micro_shell.o
      1384          0        450          0          0       2707   nr_micro_shell_commands.o
       276          0          0          0         68       2686   segger_hardfaulthandler.o
      1006          0         20          0       1208      13103   segger_rtt.o
      1876         14         16          0          0       3795   segger_rtt_printf.o
        36          8        408          0       2048        844   startup_n32g4fr.o
       532          0          0          4          0       2898   system_n32g4fr.o

    ----------------------------------------------------------------------
      7160         26       1560        332      27856      48868   Object Totals
         0          0         32          0          0          0   (incl. Generated)
        50          0          3          0         10          0   (incl. Padding)

    ----------------------------------------------------------------------

      Code (inc. data)   RO Data    RW Data    ZI Data      Debug   Library Member Name

        58          0          0          0          0          0   __dczerorl.o
         0          0          0          0          0          0   entry.o
         0          0          0          0          0          0   entry10a.o
         0          0          0          0          0          0   entry11a.o
         8          4          0          0          0          0   entry2.o
         4          0          0          0          0          0   entry5.o
         0          0          0          0          0          0   entry7b.o
         0          0          0          0          0          0   entry8b.o
         8          4          0          0          0          0   entry9a.o
        18          0          0          0          0         80   fputc.o
        30          0          0          0          0          0   handlers.o
        36          8          0          0          0         68   init.o
         0          0          0          0          0          0   iusefp.o
         0          0          0          0          0          0   iusesemip.o
        30          0          0          0          0         68   llshl.o
        36          0          0          0          0         68   llsshr.o
        32          0          0          0          0         68   llushr.o
        36          0          0          0          0         68   memcpya.o
        36          0          0          0          0        108   memseta.o
      2258         90          0          0          0        452   printfa.o
         0          0          0          0          0          0   semi.o
         0          0          0          4          0          0   stdout.o
        28          0          0          0          0         76   strcmp.o
        18          0          0          0          0         68   strcpy.o
        14          0          0          0          0         68   strlen.o
        44          0          0          0          0         80   uidiv.o
        98          0          0          0          0         92   uldiv.o
        48          0          0          0          0         68   cdrcmple.o
       334          0          0          0          0        148   dadd.o
       222          0          0          0          0        100   ddiv.o
       186          0          0          0          0        176   depilogue.o
        48          0          0          0          0         68   dfixul.o
       228          0          0          0          0         96   dmul.o

    ----------------------------------------------------------------------
      3864        106          0          4          0       2020   Library Totals
         6          0          0          0          0          0   (incl. Padding)

    ----------------------------------------------------------------------

      Code (inc. data)   RO Data    RW Data    ZI Data      Debug   Library Name

      2792        106          0          4          0       1364   mc_w.l
      1066          0          0          0          0        656   mf_w.l

    ----------------------------------------------------------------------
      3864        106          0          4          0       2020   Library Totals

    ----------------------------------------------------------------------

==============================================================================


      Code (inc. data)   RO Data    RW Data    ZI Data      Debug   

     11024        132       1560        336      27856      49892   Grand Totals
     11024        132       1560         48      27856      49892   ELF Image Totals (compressed)
     11024        132       1560         48          0          0   ROM Totals

==============================================================================

    Total RO  Size (Code + RO Data)                12584 (  12.29kB)
    Total RW  Size (RW Data + ZI Data)             28192 (  27.53kB)
    Total ROM Size (Code + RO Data + RW Data)      12632 (  12.34kB)

==============================================================================

