Component: ARM Compiler 6.16 Tool: armlink [5dfeaa00]

==============================================================================

Image Symbol Table

    Local Symbols

    Symbol Name                              Value     Ov Type        Size  Object(Section)

    ../clib/../cmprslib/zerorunl.c           0x00000000   Number         0  __dczerorl.o ABSOLUTE
    ../clib/division.s                       0x00000000   Number         0  aeabi_sdiv.o ABSOLUTE
    ../clib/microlib/ctype/ctype.c           0x00000000   Number         0  ctype_o.o ABSOLUTE
    ../clib/microlib/ctype/ctype.c           0x00000000   Number         0  isalnum_o.o ABSOLUTE
    ../clib/microlib/ctype/ctype.c           0x00000000   Number         0  isalpha_o.o ABSOLUTE
    ../clib/microlib/ctype/ctype.c           0x00000000   Number         0  isblank_o.o ABSOLUTE
    ../clib/microlib/ctype/ctype.c           0x00000000   Number         0  iscntrl_o.o ABSOLUTE
    ../clib/microlib/ctype/ctype.c           0x00000000   Number         0  isdigit_o.o ABSOLUTE
    ../clib/microlib/ctype/ctype.c           0x00000000   Number         0  isgraph_o.o ABSOLUTE
    ../clib/microlib/ctype/ctype.c           0x00000000   Number         0  islower_o.o ABSOLUTE
    ../clib/microlib/ctype/ctype.c           0x00000000   Number         0  isprint_o.o ABSOLUTE
    ../clib/microlib/ctype/ctype.c           0x00000000   Number         0  ispunct_o.o ABSOLUTE
    ../clib/microlib/ctype/ctype.c           0x00000000   Number         0  isspace_o.o ABSOLUTE
    ../clib/microlib/ctype/ctype.c           0x00000000   Number         0  isupper_o.o ABSOLUTE
    ../clib/microlib/ctype/ctype.c           0x00000000   Number         0  isxdigit_o.o ABSOLUTE
    ../clib/microlib/division.c              0x00000000   Number         0  uidiv.o ABSOLUTE
    ../clib/microlib/division.c              0x00000000   Number         0  uldiv.o ABSOLUTE
    ../clib/microlib/init/entry.s            0x00000000   Number         0  entry.o ABSOLUTE
    ../clib/microlib/init/entry.s            0x00000000   Number         0  entry2.o ABSOLUTE
    ../clib/microlib/init/entry.s            0x00000000   Number         0  entry5.o ABSOLUTE
    ../clib/microlib/init/entry.s            0x00000000   Number         0  entry7a.o ABSOLUTE
    ../clib/microlib/init/entry.s            0x00000000   Number         0  entry7b.o ABSOLUTE
    ../clib/microlib/init/entry.s            0x00000000   Number         0  entry8a.o ABSOLUTE
    ../clib/microlib/init/entry.s            0x00000000   Number         0  entry8b.o ABSOLUTE
    ../clib/microlib/init/entry.s            0x00000000   Number         0  entry9a.o ABSOLUTE
    ../clib/microlib/init/entry.s            0x00000000   Number         0  entry9b.o ABSOLUTE
    ../clib/microlib/init/entry.s            0x00000000   Number         0  entry10a.o ABSOLUTE
    ../clib/microlib/init/entry.s            0x00000000   Number         0  entry10b.o ABSOLUTE
    ../clib/microlib/init/entry.s            0x00000000   Number         0  entry11a.o ABSOLUTE
    ../clib/microlib/init/entry.s            0x00000000   Number         0  entry11b.o ABSOLUTE
    ../clib/microlib/longlong.c              0x00000000   Number         0  llshl.o ABSOLUTE
    ../clib/microlib/longlong.c              0x00000000   Number         0  llushr.o ABSOLUTE
    ../clib/microlib/longlong.c              0x00000000   Number         0  llsshr.o ABSOLUTE
    ../clib/microlib/printf/printf.c         0x00000000   Number         0  printfb.o ABSOLUTE
    ../clib/microlib/printf/printf.c         0x00000000   Number         0  printf0.o ABSOLUTE
    ../clib/microlib/printf/printf.c         0x00000000   Number         0  printf1.o ABSOLUTE
    ../clib/microlib/printf/printf.c         0x00000000   Number         0  printf2.o ABSOLUTE
    ../clib/microlib/printf/printf.c         0x00000000   Number         0  printf3.o ABSOLUTE
    ../clib/microlib/printf/printf.c         0x00000000   Number         0  printf4.o ABSOLUTE
    ../clib/microlib/printf/printf.c         0x00000000   Number         0  printf5.o ABSOLUTE
    ../clib/microlib/printf/printf.c         0x00000000   Number         0  printf6.o ABSOLUTE
    ../clib/microlib/printf/printf.c         0x00000000   Number         0  printf7.o ABSOLUTE
    ../clib/microlib/printf/printf.c         0x00000000   Number         0  printf8.o ABSOLUTE
    ../clib/microlib/printf/printf.c         0x00000000   Number         0  printfa.o ABSOLUTE
    ../clib/microlib/printf/stubs.s          0x00000000   Number         0  printfstubs.o ABSOLUTE
    ../clib/microlib/stdio/fputs.c           0x00000000   Number         0  fputs.o ABSOLUTE
    ../clib/microlib/stdio/fputs.c           0x00000000   Number         0  fputs_e.o ABSOLUTE
    ../clib/microlib/stdio/fwrite.c          0x00000000   Number         0  fwrite.o ABSOLUTE
    ../clib/microlib/stdio/fwrite.c          0x00000000   Number         0  fwrite_e.o ABSOLUTE
    ../clib/microlib/stdio/putc.c            0x00000000   Number         0  putc.o ABSOLUTE
    ../clib/microlib/stdio/puts.c            0x00000000   Number         0  puts.o ABSOLUTE
    ../clib/microlib/stdio/puts.c            0x00000000   Number         0  puts_e.o ABSOLUTE
    ../clib/microlib/stdio/streams.c         0x00000000   Number         0  stdout.o ABSOLUTE
    ../clib/microlib/stdio/streams.c         0x00000000   Number         0  stderr.o ABSOLUTE
    ../clib/microlib/string/memcpy.c         0x00000000   Number         0  memcpya.o ABSOLUTE
    ../clib/microlib/string/memcpy.c         0x00000000   Number         0  memcpyb.o ABSOLUTE
    ../clib/microlib/string/memset.c         0x00000000   Number         0  memseta.o ABSOLUTE
    ../clib/microlib/string/strcmp.c         0x00000000   Number         0  strcmp.o ABSOLUTE
    ../clib/microlib/string/strcpy.c         0x00000000   Number         0  strcpy.o ABSOLUTE
    ../clib/microlib/string/strlen.c         0x00000000   Number         0  strlen.o ABSOLUTE
    ../clib/microlib/string/strstr.c         0x00000000   Number         0  strstr.o ABSOLUTE
    ../clib/microlib/stubs.s                 0x00000000   Number         0  iusefp.o ABSOLUTE
    ../common/startup_pt32z192.s             0x00000000   Number         0  startup_pt32z192.o ABSOLUTE
    ../fplib/microlib/fpadd.c                0x00000000   Number         0  dadd.o ABSOLUTE
    ../fplib/microlib/fpdiv.c                0x00000000   Number         0  ddiv.o ABSOLUTE
    ../fplib/microlib/fpepilogue.c           0x00000000   Number         0  depilogue.o ABSOLUTE
    ../fplib/microlib/fpfix.c                0x00000000   Number         0  dfixul.o ABSOLUTE
    ../fplib/microlib/fpmul.c                0x00000000   Number         0  dmul.o ABSOLUTE
    ..\application\HardFaultHandlerMDK\HardFaultHandler.S 0x00000000   Number         0  hardfaulthandler.o ABSOLUTE
    EventRecorder.c                          0x00000000   Number         0  eventrecorder.o ABSOLUTE
    SEGGER_HardFaultHandler.c                0x00000000   Number         0  segger_hardfaulthandler.o ABSOLUTE
    SEGGER_RTT.c                             0x00000000   Number         0  segger_rtt.o ABSOLUTE
    SEGGER_RTT_printf.c                      0x00000000   Number         0  segger_rtt_printf.o ABSOLUTE
    ansi.c                                   0x00000000   Number         0  ansi.o ABSOLUTE
    ansi_port.c                              0x00000000   Number         0  ansi_port.o ABSOLUTE
    app.c                                    0x00000000   Number         0  app.o ABSOLUTE
    bsp.c                                    0x00000000   Number         0  bsp.o ABSOLUTE
    cdrcmple.s                               0x00000000   Number         0  cdrcmple.o ABSOLUTE
    dc.s                                     0x00000000   Number         0  dc.o ABSOLUTE
    fifo.c                                   0x00000000   Number         0  fifo.o ABSOLUTE
    handlers.s                               0x00000000   Number         0  handlers.o ABSOLUTE
    init.s                                   0x00000000   Number         0  init.o ABSOLUTE
    main.c                                   0x00000000   Number         0  main.o ABSOLUTE
    nr_micro_shell.c                         0x00000000   Number         0  nr_micro_shell.o ABSOLUTE
    nr_micro_shell_commands.c                0x00000000   Number         0  nr_micro_shell_commands.o ABSOLUTE
    pt32z192xx_adc.c                         0x00000000   Number         0  pt32z192xx_adc.o ABSOLUTE
    pt32z192xx_dma.c                         0x00000000   Number         0  pt32z192xx_dma.o ABSOLUTE
    pt32z192xx_dsp.c                         0x00000000   Number         0  pt32z192xx_dsp.o ABSOLUTE
    pt32z192xx_gpio.c                        0x00000000   Number         0  pt32z192xx_gpio.o ABSOLUTE
    pt32z192xx_i2c.c                         0x00000000   Number         0  pt32z192xx_i2c.o ABSOLUTE
    pt32z192xx_it.c                          0x00000000   Number         0  pt32z192xx_it.o ABSOLUTE
    pt32z192xx_misc.c                        0x00000000   Number         0  pt32z192xx_misc.o ABSOLUTE
    pt32z192xx_pwm.c                         0x00000000   Number         0  pt32z192xx_pwm.o ABSOLUTE
    pt32z192xx_qspi.c                        0x00000000   Number         0  pt32z192xx_qspi.o ABSOLUTE
    pt32z192xx_retarget.c                    0x00000000   Number         0  pt32z192xx_retarget.o ABSOLUTE
    pt32z192xx_serial.c                      0x00000000   Number         0  pt32z192xx_serial.o ABSOLUTE
    pt32z192xx_spi.c                         0x00000000   Number         0  pt32z192xx_spi.o ABSOLUTE
    pt32z192xx_sys.c                         0x00000000   Number         0  pt32z192xx_sys.o ABSOLUTE
    pt32z192xx_tim.c                         0x00000000   Number         0  pt32z192xx_tim.o ABSOLUTE
    pt32z192xx_uart.c                        0x00000000   Number         0  pt32z192xx_uart.o ABSOLUTE
    pt32z192xx_wdg.c                         0x00000000   Number         0  pt32z192xx_wdg.o ABSOLUTE
    retarget_io.c                            0x00000000   Number         0  retarget_io.o ABSOLUTE
    system_pt32z192xx.c                      0x00000000   Number         0  system_pt32z192xx.o ABSOLUTE
    RESET                                    0x00000000   Section      304  startup_pt32z192.o(RESET)
    .ARM.Collect$$$$00000000                 0x00000130   Section        0  entry.o(.ARM.Collect$$$$00000000)
    .ARM.Collect$$$$00000001                 0x00000130   Section        4  entry2.o(.ARM.Collect$$$$00000001)
    .ARM.Collect$$$$00000004                 0x00000134   Section        4  entry5.o(.ARM.Collect$$$$00000004)
    .ARM.Collect$$$$00000008                 0x00000138   Section        0  entry7b.o(.ARM.Collect$$$$00000008)
    .ARM.Collect$$$$0000000A                 0x00000138   Section        0  entry8b.o(.ARM.Collect$$$$0000000A)
    .ARM.Collect$$$$0000000B                 0x00000138   Section        8  entry9a.o(.ARM.Collect$$$$0000000B)
    __lit__00000000                          0x00000140   Data           4  entry2.o(.ARM.Collect$$$$00002712)
    .ARM.Collect$$$$0000000D                 0x00000140   Section        0  entry10a.o(.ARM.Collect$$$$0000000D)
    .ARM.Collect$$$$0000000F                 0x00000140   Section        0  entry11a.o(.ARM.Collect$$$$0000000F)
    .ARM.Collect$$$$00002712                 0x00000140   Section        4  entry2.o(.ARM.Collect$$$$00002712)
    .text                                    0x00000144   Section       52  startup_pt32z192.o(.text)
    .text                                    0x00000178   Section        0  ctype_o.o(.text)
    .text                                    0x00000180   Section        0  memcpya.o(.text)
    .text                                    0x000001a4   Section        0  memseta.o(.text)
    .text                                    0x000001c8   Section        0  strstr.o(.text)
    .text                                    0x000001ec   Section        0  strlen.o(.text)
    .text                                    0x000001fa   Section        0  strcmp.o(.text)
    .text                                    0x00000216   Section        0  strcpy.o(.text)
    .text                                    0x00000228   Section        0  uldiv.o(.text)
    .text                                    0x0000028c   Section       36  init.o(.text)
    .text                                    0x000002b0   Section        0  llshl.o(.text)
    .text                                    0x000002ce   Section        0  llushr.o(.text)
    .text                                    0x000002ee   Section        0  __dczerorl.o(.text)
    [Anonymous Symbol]                       0x00000328   Section        0  pt32z192xx_adc.o(.text.ADC_ChannelConfig)
    [Anonymous Symbol]                       0x00000344   Section        0  pt32z192xx_adc.o(.text.ADC_Cmd)
    [Anonymous Symbol]                       0x00000354   Section        0  pt32z192xx_it.o(.text.ADC_Handler)
    [Anonymous Symbol]                       0x00000358   Section        0  pt32z192xx_adc.o(.text.ADC_Init)
    [Anonymous Symbol]                       0x00000390   Section        0  pt32z192xx_adc.o(.text.ADC_StartOfConversion)
    [Anonymous Symbol]                       0x0000039c   Section        0  pt32z192xx_dma.o(.text.DMA_AutoRepeat_Cmd)
    [Anonymous Symbol]                       0x000003c0   Section        0  pt32z192xx_dma.o(.text.DMA_Cmd)
    [Anonymous Symbol]                       0x000003e4   Section        0  pt32z192xx_dma.o(.text.DMA_Config)
    [Anonymous Symbol]                       0x00000428   Section        0  pt32z192xx_dma.o(.text.DMA_DirectionConfig)
    [Anonymous Symbol]                       0x00000444   Section        0  pt32z192xx_it.o(.text.DMA_Handler)
    [Anonymous Symbol]                       0x00000448   Section        0  pt32z192xx_dma.o(.text.DMA_PeripheralConfig)
    [Anonymous Symbol]                       0x00000474   Section        0  fifo.o(.text.FIFO_GetDataCount)
    [Anonymous Symbol]                       0x00000478   Section        0  fifo.o(.text.FIFO_Init)
    [Anonymous Symbol]                       0x00000484   Section        0  fifo.o(.text.FIFO_IsDataEmpty)
    [Anonymous Symbol]                       0x00000490   Section        0  fifo.o(.text.FIFO_ReadData)
    [Anonymous Symbol]                       0x000004f0   Section        0  fifo.o(.text.FIFO_WriteOneData)
    [Anonymous Symbol]                       0x00000520   Section        0  pt32z192xx_it.o(.text.FLASH_Handler)
    [Anonymous Symbol]                       0x00000524   Section        0  pt32z192xx_gpio.o(.text.GPIO_ClearITPendingBit)
    [Anonymous Symbol]                       0x00000528   Section        0  pt32z192xx_gpio.o(.text.GPIO_ITConfig)
    [Anonymous Symbol]                       0x00000534   Section        0  pt32z192xx_gpio.o(.text.GPIO_Init)
    [Anonymous Symbol]                       0x00000598   Section        0  pt32z192xx_gpio.o(.text.GPIO_PinAFConfig)
    [Anonymous Symbol]                       0x000005a8   Section        0  pt32z192xx_gpio.o(.text.GPIO_ReadInputDataBit)
    [Anonymous Symbol]                       0x000005b4   Section        0  pt32z192xx_gpio.o(.text.GPIO_SetBits)
    [Anonymous Symbol]                       0x000005bc   Section        0  pt32z192xx_gpio.o(.text.GPIO_TriTypeConfig)
    [Anonymous Symbol]                       0x000005f0   Section        0  segger_hardfaulthandler.o(.text.HardFaultHandler)
    [Anonymous Symbol]                       0x00000698   Section        0  pt32z192xx_it.o(.text.NMI_Handler)
    [Anonymous Symbol]                       0x0000069c   Section        0  pt32z192xx_misc.o(.text.NVIC_Init)
    [Anonymous Symbol]                       0x00000708   Section        0  pt32z192xx_it.o(.text.PA_Handler)
    [Anonymous Symbol]                       0x0000070c   Section        0  pt32z192xx_it.o(.text.PB_Handler)
    [Anonymous Symbol]                       0x00000710   Section        0  pt32z192xx_it.o(.text.PC_Handler)
    [Anonymous Symbol]                       0x00000760   Section        0  pt32z192xx_it.o(.text.PD_Handler)
    [Anonymous Symbol]                       0x00000764   Section        0  pt32z192xx_pwm.o(.text.PMW_TimeBaseInit)
    [Anonymous Symbol]                       0x00000780   Section        0  pt32z192xx_pwm.o(.text.PWM_BKI_LevelConfig)
    [Anonymous Symbol]                       0x0000078c   Section        0  pt32z192xx_pwm.o(.text.PWM_BreakInput_Cmd)
    [Anonymous Symbol]                       0x000007a0   Section        0  pt32z192xx_pwm.o(.text.PWM_ClearFlag)
    [Anonymous Symbol]                       0x000007a4   Section        0  pt32z192xx_pwm.o(.text.PWM_Cmd)
    [Anonymous Symbol]                       0x000007b4   Section        0  pt32z192xx_pwm.o(.text.PWM_GetFlagStatus)
    [Anonymous Symbol]                       0x000007c0   Section        0  pt32z192xx_pwm.o(.text.PWM_IntConfig)
    [Anonymous Symbol]                       0x00000834   Section        0  bsp.o(.text.PWM_Mode_Config)
    [Anonymous Symbol]                       0x0000090c   Section        0  pt32z192xx_pwm.o(.text.PWM_OutputInit)
    [Anonymous Symbol]                       0x00000974   Section        0  pt32z192xx_it.o(.text.PendSV_Handler)
    [Anonymous Symbol]                       0x00000978   Section        0  pt32z192xx_it.o(.text.RTC_Handler)
    [Anonymous Symbol]                       0x0000097c   Section        0  segger_rtt.o(.text.SEGGER_RTT_ConfigUpBuffer)
    [Anonymous Symbol]                       0x00000a58   Section        0  segger_rtt.o(.text.SEGGER_RTT_Init)
    [Anonymous Symbol]                       0x00000ac8   Section        0  segger_rtt.o(.text.SEGGER_RTT_Write)
    [Anonymous Symbol]                       0x00000b7c   Section        0  segger_rtt.o(.text.SEGGER_RTT_WriteNoLock)
    [Anonymous Symbol]                       0x00000cf4   Section        0  segger_rtt_printf.o(.text.SEGGER_RTT_printf)
    [Anonymous Symbol]                       0x00000d14   Section        0  segger_rtt_printf.o(.text.SEGGER_RTT_vprintf)
    [Anonymous Symbol]                       0x00001700   Section        0  pt32z192xx_serial.o(.text.SERIAL_PutChar)
    [Anonymous Symbol]                       0x00001728   Section        0  pt32z192xx_it.o(.text.SPI0_Handler)
    [Anonymous Symbol]                       0x0000172c   Section        0  pt32z192xx_it.o(.text.SPI1_Handler)
    [Anonymous Symbol]                       0x00001730   Section        0  pt32z192xx_it.o(.text.SVC_Handler)
    [Anonymous Symbol]                       0x00001734   Section        0  pt32z192xx_it.o(.text.SysTick_Handler)
    [Anonymous Symbol]                       0x00001758   Section        0  system_pt32z192xx.o(.text.SystemInit)
    [Anonymous Symbol]                       0x000018d8   Section        0  pt32z192xx_it.o(.text.TMR0_Handler)
    [Anonymous Symbol]                       0x00001928   Section        0  pt32z192xx_it.o(.text.TMR1_Handler)
    [Anonymous Symbol]                       0x0000192c   Section        0  pt32z192xx_it.o(.text.TMR2_Handler)
    [Anonymous Symbol]                       0x00001930   Section        0  pt32z192xx_it.o(.text.TMR3_Handler)
    [Anonymous Symbol]                       0x00001934   Section        0  pt32z192xx_it.o(.text.TMR4_Handler)
    [Anonymous Symbol]                       0x00001938   Section        0  pt32z192xx_it.o(.text.TMR5_Handler)
    [Anonymous Symbol]                       0x0000193c   Section        0  pt32z192xx_it.o(.text.UART0_Handler)
    [Anonymous Symbol]                       0x00001940   Section        0  pt32z192xx_it.o(.text.UART1_Handler)
    [Anonymous Symbol]                       0x00001944   Section        0  pt32z192xx_it.o(.text.UART2_Handler)
    [Anonymous Symbol]                       0x00001998   Section        0  pt32z192xx_uart.o(.text.UART_Cmd)
    [Anonymous Symbol]                       0x000019a8   Section        0  pt32z192xx_uart.o(.text.UART_ITConfig)
    [Anonymous Symbol]                       0x000019b8   Section        0  pt32z192xx_uart.o(.text.UART_Init)
    _PrintUnsigned                           0x00001a55   Thumb Code   508  segger_rtt_printf.o(.text._PrintUnsigned)
    [Anonymous Symbol]                       0x00001a54   Section        0  segger_rtt_printf.o(.text._PrintUnsigned)
    _PrintUnsigned._aV2C                     0x00001c50   Number         0  segger_rtt_printf.o(.text._PrintUnsigned)
    [Anonymous Symbol]                       0x00001c60   Section        0  nr_micro_shell.o(.text._shell_init)
    [Anonymous Symbol]                       0x00001d90   Section        0  ansi.o(.text.ansi_clear_current_line)
    [Anonymous Symbol]                       0x00001da0   Section        0  ansi.o(.text.ansi_get_char)
    [Anonymous Symbol]                       0x00001edc   Section        0  ansi.o(.text.ansi_init)
    [Anonymous Symbol]                       0x00001ef0   Section        0  app.o(.text.app)
    [Anonymous Symbol]                       0x00001f98   Section        0  bsp.o(.text.bsp_init)
    [Anonymous Symbol]                       0x00002200   Section        0  pt32z192xx_retarget.o(.text.fputc)
    [Anonymous Symbol]                       0x0000220c   Section        0  nr_micro_shell_commands.o(.text.hexdump)
    [Anonymous Symbol]                       0x000025ec   Section        0  bsp.o(.text.init_all)
    [Anonymous Symbol]                       0x000025f0   Section        0  main.o(.text.main)
    [Anonymous Symbol]                       0x000025fc   Section        0  bsp.o(.text.memory_init)
    [Anonymous Symbol]                       0x00002668   Section        0  ansi_port.o(.text.nr_ansi_common_char_slover)
    [Anonymous Symbol]                       0x00002720   Section        0  ansi_port.o(.text.nr_ansi_ctrl_common_slover)
    [Anonymous Symbol]                       0x00002754   Section        0  ansi_port.o(.text.nr_ansi_in__)
    [Anonymous Symbol]                       0x000027e0   Section        0  ansi_port.o(.text.nr_ansi_in_backspace)
    [Anonymous Symbol]                       0x00002860   Section        0  ansi_port.o(.text.nr_ansi_in_down)
    [Anonymous Symbol]                       0x000028e0   Section        0  ansi_port.o(.text.nr_ansi_in_enter)
    [Anonymous Symbol]                       0x00002914   Section        0  ansi_port.o(.text.nr_ansi_in_left)
    [Anonymous Symbol]                       0x00002934   Section        0  ansi_port.o(.text.nr_ansi_in_newline)
    [Anonymous Symbol]                       0x00002958   Section        0  ansi_port.o(.text.nr_ansi_in_right)
    [Anonymous Symbol]                       0x0000297c   Section        0  ansi_port.o(.text.nr_ansi_in_tab)
    [Anonymous Symbol]                       0x00002a60   Section        0  ansi_port.o(.text.nr_ansi_in_up)
    [Anonymous Symbol]                       0x00002adc   Section        0  bsp.o(.text.read_uid)
    [Anonymous Symbol]                       0x00002bd0   Section        0  nr_micro_shell.o(.text.shell_cmd_complete)
    [Anonymous Symbol]                       0x00002c34   Section        0  nr_micro_shell_commands.o(.text.shell_hexdump_cmd)
    [Anonymous Symbol]                       0x00002cd0   Section        0  nr_micro_shell.o(.text.shell_his_copy_queue_item)
    [Anonymous Symbol]                       0x00002e64   Section        0  nr_micro_shell.o(.text.shell_his_queue_add_cmd)
    [Anonymous Symbol]                       0x00002f0c   Section        0  nr_micro_shell.o(.text.shell_his_queue_search_cmd)
    [Anonymous Symbol]                       0x00002fbc   Section        0  nr_micro_shell_commands.o(.text.shell_ls_cmd)
    [Anonymous Symbol]                       0x00003100   Section        0  nr_micro_shell.o(.text.shell_parser)
    [Anonymous Symbol]                       0x00003598   Section        0  nr_micro_shell_commands.o(.text.shell_test_cmd)
    OSKERNEL                                 0x000035dc   Section       18  hardfaulthandler.o(OSKERNEL)
    i.__0printf$8                            0x00003604   Section        0  printf8.o(i.__0printf$8)
    i.__scatterload_copy                     0x00003624   Section       14  handlers.o(i.__scatterload_copy)
    i.__scatterload_null                     0x00003632   Section        2  handlers.o(i.__scatterload_null)
    i.__scatterload_zeroinit                 0x00003634   Section       14  handlers.o(i.__scatterload_zeroinit)
    _printf_core                             0x00003645   Thumb Code   996  printf8.o(i._printf_core)
    i._printf_core                           0x00003644   Section        0  printf8.o(i._printf_core)
    _printf_post_padding                     0x00003a55   Thumb Code    36  printf8.o(i._printf_post_padding)
    i._printf_post_padding                   0x00003a54   Section        0  printf8.o(i._printf_post_padding)
    _printf_pre_padding                      0x00003a79   Thumb Code    46  printf8.o(i._printf_pre_padding)
    i._printf_pre_padding                    0x00003a78   Section        0  printf8.o(i._printf_pre_padding)
    i.putc                                   0x00003aa6   Section        0  putc.o(i.putc)
    i.puts                                   0x00003aac   Section        0  puts.o(i.puts)
    .constdata                               0x00003ad0   Section      129  ctype_o.o(.constdata)
    table                                    0x00003b54   Data           4  ctype_o.o(.constdata)
    .constdata                               0x00003b54   Section        4  ctype_o.o(.constdata)
    __tagsym$$used.0                         0x00003bd0   Number         0  nr_micro_shell.o(.rodata.nr_shell_cmd0.end)
    __tagsym$$used.1                         0x00003be4   Number         0  nr_micro_shell.o(.rodata.nr_shell_cmd1.end)
    .L.str                                   0x00003c48   Data          11  app.o(.rodata.str1.1)
    [Anonymous Symbol]                       0x00003c48   Section        0  app.o(.rodata.str1.1)
    .Lstr                                    0x00003c53   Data          10  app.o(.rodata.str1.1)
    .L.str                                   0x00003c5d   Data          27  bsp.o(.rodata.str1.1)
    [Anonymous Symbol]                       0x00003c5d   Section        0  bsp.o(.rodata.str1.1)
    .L.str.5                                 0x00003c78   Data          23  bsp.o(.rodata.str1.1)
    .L.str.2                                 0x00003c8f   Data          45  bsp.o(.rodata.str1.1)
    .L.str.10                                0x00003cbc   Data           6  bsp.o(.rodata.str1.1)
    .L.str.7                                 0x00003cc2   Data           9  bsp.o(.rodata.str1.1)
    .L.str.6                                 0x00003ccb   Data          12  bsp.o(.rodata.str1.1)
    .L.str.1                                 0x00003cd7   Data          12  bsp.o(.rodata.str1.1)
    .L.str.3                                 0x00003ce3   Data           8  bsp.o(.rodata.str1.1)
    .L.str                                   0x00003ceb   Data           9  segger_rtt.o(.rodata.str1.1)
    [Anonymous Symbol]                       0x00003ceb   Section        0  segger_rtt.o(.rodata.str1.1)
    .L.str.14                                0x00003cf4   Data          19  nr_micro_shell_commands.o(.rodata.str1.1)
    [Anonymous Symbol]                       0x00003cf4   Section        0  nr_micro_shell_commands.o(.rodata.str1.1)
    .L.str.13                                0x00003d07   Data          15  nr_micro_shell_commands.o(.rodata.str1.1)
    .L.str.17                                0x00003d16   Data          14  nr_micro_shell_commands.o(.rodata.str1.1)
    .L.str.16                                0x00003d24   Data          13  nr_micro_shell_commands.o(.rodata.str1.1)
    .Lstr.22                                 0x00003d31   Data          17  nr_micro_shell_commands.o(.rodata.str1.1)
    .L.str.15                                0x00003d42   Data          17  nr_micro_shell_commands.o(.rodata.str1.1)
    .L__FUNCTION__.hexdump                   0x00003d53   Data           8  nr_micro_shell_commands.o(.rodata.str1.1)
    .L.str.2                                 0x00003d5b   Data           6  ansi_port.o(.rodata.str1.1)
    [Anonymous Symbol]                       0x00003d5b   Section        0  ansi_port.o(.rodata.str1.1)
    .L.str.3                                 0x00003d61   Data           4  ansi_port.o(.rodata.str1.1)
    .L.str.15                                0x00003d65   Data           3  ansi_port.o(.rodata.str1.1)
    .L.str.7                                 0x00003d65   Data           3  ansi_port.o(.rodata.str1.1)
    .Lstr                                    0x00003d68   Data          41  nr_micro_shell.o(.rodata.str1.1)
    [Anonymous Symbol]                       0x00003d68   Section        0  nr_micro_shell.o(.rodata.str1.1)
    .Lstr.20                                 0x00003d91   Data          41  nr_micro_shell.o(.rodata.str1.1)
    .Lstr.23                                 0x00003dba   Data          41  nr_micro_shell.o(.rodata.str1.1)
    .Lstr.21                                 0x00003de3   Data          41  nr_micro_shell.o(.rodata.str1.1)
    .Lstr.22                                 0x00003e0c   Data          41  nr_micro_shell.o(.rodata.str1.1)
    .Lstr.24                                 0x00003e35   Data          41  nr_micro_shell.o(.rodata.str1.1)
    .Lstr.8                                  0x00003e5c   Data           2  nr_micro_shell.o(.rodata.str1.1)
    .L.str.8                                 0x00003e5e   Data          47  nr_micro_shell.o(.rodata.str1.1)
    .L.str.4                                 0x00003e88   Data           5  nr_micro_shell.o(.rodata.str1.1)
    EventRecordItem                          0x20000001   Thumb Code   680  eventrecorder.o(.text.EventRecordItem)
    [Anonymous Symbol]                       0x20000000   Section        0  eventrecorder.o(.text.EventRecordItem)
    [Anonymous Symbol]                       0x200002a8   Section        0  eventrecorder.o(.text.EventRecorderInitialize)
    [Anonymous Symbol]                       0x20000d10   Section        0  eventrecorder.o(.text.EventRecorderStart)
    [Anonymous Symbol]                       0x20000d70   Section        0  eventrecorder.o(.text.EventRecorderTimerGetCount)
    [Anonymous Symbol]                       0x20000d7c   Section        0  eventrecorder.o(.text.EventRecorderTimerGetFreq)
    [Anonymous Symbol]                       0x20000d88   Section        0  eventrecorder.o(.text.EventRecorderTimerSetup)
    __tagsym$$used.0                         0x20000dc0   Number         0  eventrecorder.o(.rodata.EventRecorderInfo)
    .data                                    0x20000dd8   Section        4  stdout.o(.data)
    .L_MergedGlobals                         0x20000f40   Data           8  app.o(.bss..L_MergedGlobals)
    [Anonymous Symbol]                       0x20000f40   Section        0  app.o(.bss..L_MergedGlobals)
    .L_MergedGlobals                         0x20000f48   Data          17  segger_rtt.o(.bss..L_MergedGlobals)
    _ActiveTerminal                          0x20000f48   Data           1  segger_rtt.o(.bss..L_MergedGlobals)
    [Anonymous Symbol]                       0x20000f48   Section        0  segger_rtt.o(.bss..L_MergedGlobals)
    _acDownBuffer                            0x20000f49   Data          16  segger_rtt.o(.bss..L_MergedGlobals)
    .L_MergedGlobals                         0x20000f5c   Data          68  segger_hardfaulthandler.o(.bss..L_MergedGlobals)
    _Continue                                0x20000f5c   Data           4  segger_hardfaulthandler.o(.bss..L_MergedGlobals)
    [Anonymous Symbol]                       0x20000f5c   Section        0  segger_hardfaulthandler.o(.bss..L_MergedGlobals)
    HardFaultRegs                            0x20000f60   Data          64  segger_hardfaulthandler.o(.bss..L_MergedGlobals)
    _acUpBuffer                              0x20006f8c   Data        1024  segger_rtt.o(.bss._acUpBuffer)
    [Anonymous Symbol]                       0x20006f8c   Section        0  segger_rtt.o(.bss._acUpBuffer)
    EventBuffer                              0x200073c0   Data        1024  eventrecorder.o(.bss.noinit)
    [Anonymous Symbol]                       0x200073c0   Section        0  eventrecorder.o(.bss.noinit)
    EventFilter                              0x200077c0   Data         128  eventrecorder.o(.bss.noinit)
    EventStatus                              0x20007840   Data          36  eventrecorder.o(.bss.noinit)
    nr_shell_strtok.last                     0x200078e8   Data           4  nr_micro_shell.o(.bss.nr_shell_strtok.last)
    [Anonymous Symbol]                       0x200078e8   Section        0  nr_micro_shell.o(.bss.nr_shell_strtok.last)
    STACK                                    0x200078f0   Section     4096  startup_pt32z192.o(STACK)

    Global Symbols

    Symbol Name                              Value     Ov Type        Size  Object(Section)

    BuildAttributes$$THM_ISAv4$P$D$K$B$S$PE$A:L22UL41UL21$X:L11$S22US41US21$IEEE1$IW$~IW$USESV6$~STKCKD$USESV7$~SHL$OTIME$ROPI$EBA8$MICROLIB$REQ8$PRES8$EABIv2 0x00000000   Number         0  anon$$obj.o ABSOLUTE
    __Vectors                                0x00000000   Data           4  startup_pt32z192.o(RESET)
    _printf_a                                0x00000000   Number         0  printfstubs.o ABSOLUTE
    _printf_c                                0x00000000   Number         0  printfstubs.o ABSOLUTE
    _printf_charcount                        0x00000000   Number         0  printfstubs.o ABSOLUTE
    _printf_d                                0x00000000   Number         0  printfstubs.o ABSOLUTE
    _printf_e                                0x00000000   Number         0  printfstubs.o ABSOLUTE
    _printf_f                                0x00000000   Number         0  printfstubs.o ABSOLUTE
    _printf_flags                            0x00000000   Number         0  printfstubs.o ABSOLUTE
    _printf_fp_dec                           0x00000000   Number         0  printfstubs.o ABSOLUTE
    _printf_fp_hex                           0x00000000   Number         0  printfstubs.o ABSOLUTE
    _printf_g                                0x00000000   Number         0  printfstubs.o ABSOLUTE
    _printf_i                                0x00000000   Number         0  printfstubs.o ABSOLUTE
    _printf_int_dec                          0x00000000   Number         0  printfstubs.o ABSOLUTE
    _printf_l                                0x00000000   Number         0  printfstubs.o ABSOLUTE
    _printf_lc                               0x00000000   Number         0  printfstubs.o ABSOLUTE
    _printf_ll                               0x00000000   Number         0  printfstubs.o ABSOLUTE
    _printf_lld                              0x00000000   Number         0  printfstubs.o ABSOLUTE
    _printf_lli                              0x00000000   Number         0  printfstubs.o ABSOLUTE
    _printf_llo                              0x00000000   Number         0  printfstubs.o ABSOLUTE
    _printf_llu                              0x00000000   Number         0  printfstubs.o ABSOLUTE
    _printf_llx                              0x00000000   Number         0  printfstubs.o ABSOLUTE
    _printf_longlong_dec                     0x00000000   Number         0  printfstubs.o ABSOLUTE
    _printf_longlong_hex                     0x00000000   Number         0  printfstubs.o ABSOLUTE
    _printf_longlong_oct                     0x00000000   Number         0  printfstubs.o ABSOLUTE
    _printf_ls                               0x00000000   Number         0  printfstubs.o ABSOLUTE
    _printf_mbtowc                           0x00000000   Number         0  printfstubs.o ABSOLUTE
    _printf_n                                0x00000000   Number         0  printfstubs.o ABSOLUTE
    _printf_o                                0x00000000   Number         0  printfstubs.o ABSOLUTE
    _printf_p                                0x00000000   Number         0  printfstubs.o ABSOLUTE
    _printf_percent                          0x00000000   Number         0  printfstubs.o ABSOLUTE
    _printf_pre_padding                      0x00000000   Number         0  printfstubs.o ABSOLUTE
    _printf_return_value                     0x00000000   Number         0  printfstubs.o ABSOLUTE
    _printf_s                                0x00000000   Number         0  printfstubs.o ABSOLUTE
    _printf_sizespec                         0x00000000   Number         0  printfstubs.o ABSOLUTE
    _printf_str                              0x00000000   Number         0  printfstubs.o ABSOLUTE
    _printf_truncate_signed                  0x00000000   Number         0  printfstubs.o ABSOLUTE
    _printf_truncate_unsigned                0x00000000   Number         0  printfstubs.o ABSOLUTE
    _printf_u                                0x00000000   Number         0  printfstubs.o ABSOLUTE
    _printf_wc                               0x00000000   Number         0  printfstubs.o ABSOLUTE
    _printf_wctomb                           0x00000000   Number         0  printfstubs.o ABSOLUTE
    _printf_widthprec                        0x00000000   Number         0  printfstubs.o ABSOLUTE
    _printf_x                                0x00000000   Number         0  printfstubs.o ABSOLUTE
    __cpp_initialize__aeabi_                  - Undefined Weak Reference
    __cxa_finalize                            - Undefined Weak Reference
    _clock_init                               - Undefined Weak Reference
    _microlib_exit                            - Undefined Weak Reference
    __Vectors_End                            0x00000130   Data           0  startup_pt32z192.o(RESET)
    __Vectors_Size                           0x00000130   Number         0  startup_pt32z192.o ABSOLUTE
    __main                                   0x00000131   Thumb Code     0  entry.o(.ARM.Collect$$$$00000000)
    _main_stk                                0x00000131   Thumb Code     0  entry2.o(.ARM.Collect$$$$00000001)
    _main_scatterload                        0x00000135   Thumb Code     0  entry5.o(.ARM.Collect$$$$00000004)
    __main_after_scatterload                 0x00000139   Thumb Code     0  entry5.o(.ARM.Collect$$$$00000004)
    _main_clock                              0x00000139   Thumb Code     0  entry7b.o(.ARM.Collect$$$$00000008)
    _main_cpp_init                           0x00000139   Thumb Code     0  entry8b.o(.ARM.Collect$$$$0000000A)
    _main_init                               0x00000139   Thumb Code     0  entry9a.o(.ARM.Collect$$$$0000000B)
    __rt_final_cpp                           0x00000141   Thumb Code     0  entry10a.o(.ARM.Collect$$$$0000000D)
    __rt_final_exit                          0x00000141   Thumb Code     0  entry11a.o(.ARM.Collect$$$$0000000F)
    Reset_Handler                            0x00000145   Thumb Code    14  startup_pt32z192.o(.text)
    MemManage_Handler                        0x00000157   Thumb Code     2  startup_pt32z192.o(.text)
    BusFault_Handler                         0x00000159   Thumb Code     2  startup_pt32z192.o(.text)
    UsageFault_Handler                       0x0000015b   Thumb Code     2  startup_pt32z192.o(.text)
    DebugMon_Handler                         0x0000015f   Thumb Code     2  startup_pt32z192.o(.text)
    AES_Handler                              0x00000165   Thumb Code     0  startup_pt32z192.o(.text)
    I2C_Handler                              0x00000165   Thumb Code     0  startup_pt32z192.o(.text)
    QSPI_Handler                             0x00000165   Thumb Code     0  startup_pt32z192.o(.text)
    RCC_Handler                              0x00000165   Thumb Code     0  startup_pt32z192.o(.text)
    USB11_Handler                            0x00000165   Thumb Code     0  startup_pt32z192.o(.text)
    WDG_Handler                              0x00000165   Thumb Code     0  startup_pt32z192.o(.text)
    __rt_ctype_table                         0x00000179   Thumb Code     4  ctype_o.o(.text)
    __aeabi_memcpy                           0x00000181   Thumb Code    36  memcpya.o(.text)
    __aeabi_memcpy4                          0x00000181   Thumb Code     0  memcpya.o(.text)
    __aeabi_memcpy8                          0x00000181   Thumb Code     0  memcpya.o(.text)
    __aeabi_memset                           0x000001a5   Thumb Code    14  memseta.o(.text)
    __aeabi_memset4                          0x000001a5   Thumb Code     0  memseta.o(.text)
    __aeabi_memset8                          0x000001a5   Thumb Code     0  memseta.o(.text)
    __aeabi_memclr                           0x000001b3   Thumb Code     4  memseta.o(.text)
    __aeabi_memclr4                          0x000001b3   Thumb Code     0  memseta.o(.text)
    __aeabi_memclr8                          0x000001b3   Thumb Code     0  memseta.o(.text)
    _memset$wrapper                          0x000001b7   Thumb Code    18  memseta.o(.text)
    strstr                                   0x000001c9   Thumb Code    36  strstr.o(.text)
    strlen                                   0x000001ed   Thumb Code    14  strlen.o(.text)
    strcmp                                   0x000001fb   Thumb Code    28  strcmp.o(.text)
    strcpy                                   0x00000217   Thumb Code    18  strcpy.o(.text)
    __aeabi_uldivmod                         0x00000229   Thumb Code    98  uldiv.o(.text)
    __scatterload                            0x0000028d   Thumb Code    28  init.o(.text)
    __scatterload_rt2                        0x0000028d   Thumb Code     0  init.o(.text)
    __aeabi_llsl                             0x000002b1   Thumb Code    30  llshl.o(.text)
    _ll_shift_l                              0x000002b1   Thumb Code     0  llshl.o(.text)
    __aeabi_llsr                             0x000002cf   Thumb Code    32  llushr.o(.text)
    _ll_ushift_r                             0x000002cf   Thumb Code     0  llushr.o(.text)
    __decompress                             0x000002ef   Thumb Code     0  __dczerorl.o(.text)
    __decompress0                            0x000002ef   Thumb Code    58  __dczerorl.o(.text)
    ADC_ChannelConfig                        0x00000329   Thumb Code    26  pt32z192xx_adc.o(.text.ADC_ChannelConfig)
    ADC_Cmd                                  0x00000345   Thumb Code    16  pt32z192xx_adc.o(.text.ADC_Cmd)
    ADC_Handler                              0x00000355   Thumb Code     2  pt32z192xx_it.o(.text.ADC_Handler)
    ADC_Init                                 0x00000359   Thumb Code    56  pt32z192xx_adc.o(.text.ADC_Init)
    ADC_StartOfConversion                    0x00000391   Thumb Code    10  pt32z192xx_adc.o(.text.ADC_StartOfConversion)
    DMA_AutoRepeat_Cmd                       0x0000039d   Thumb Code    36  pt32z192xx_dma.o(.text.DMA_AutoRepeat_Cmd)
    DMA_Cmd                                  0x000003c1   Thumb Code    34  pt32z192xx_dma.o(.text.DMA_Cmd)
    DMA_Config                               0x000003e5   Thumb Code    66  pt32z192xx_dma.o(.text.DMA_Config)
    DMA_DirectionConfig                      0x00000429   Thumb Code    26  pt32z192xx_dma.o(.text.DMA_DirectionConfig)
    DMA_Handler                              0x00000445   Thumb Code     2  pt32z192xx_it.o(.text.DMA_Handler)
    DMA_PeripheralConfig                     0x00000449   Thumb Code    42  pt32z192xx_dma.o(.text.DMA_PeripheralConfig)
    FIFO_GetDataCount                        0x00000475   Thumb Code     4  fifo.o(.text.FIFO_GetDataCount)
    FIFO_Init                                0x00000479   Thumb Code    12  fifo.o(.text.FIFO_Init)
    FIFO_IsDataEmpty                         0x00000485   Thumb Code    10  fifo.o(.text.FIFO_IsDataEmpty)
    FIFO_ReadData                            0x00000491   Thumb Code    96  fifo.o(.text.FIFO_ReadData)
    FIFO_WriteOneData                        0x000004f1   Thumb Code    48  fifo.o(.text.FIFO_WriteOneData)
    FLASH_Handler                            0x00000521   Thumb Code     2  pt32z192xx_it.o(.text.FLASH_Handler)
    GPIO_ClearITPendingBit                   0x00000525   Thumb Code     4  pt32z192xx_gpio.o(.text.GPIO_ClearITPendingBit)
    GPIO_ITConfig                            0x00000529   Thumb Code    12  pt32z192xx_gpio.o(.text.GPIO_ITConfig)
    GPIO_Init                                0x00000535   Thumb Code   100  pt32z192xx_gpio.o(.text.GPIO_Init)
    GPIO_PinAFConfig                         0x00000599   Thumb Code    14  pt32z192xx_gpio.o(.text.GPIO_PinAFConfig)
    GPIO_ReadInputDataBit                    0x000005a9   Thumb Code    10  pt32z192xx_gpio.o(.text.GPIO_ReadInputDataBit)
    GPIO_SetBits                             0x000005b5   Thumb Code     8  pt32z192xx_gpio.o(.text.GPIO_SetBits)
    GPIO_TriTypeConfig                       0x000005bd   Thumb Code    52  pt32z192xx_gpio.o(.text.GPIO_TriTypeConfig)
    HardFaultHandler                         0x000005f1   Thumb Code   168  segger_hardfaulthandler.o(.text.HardFaultHandler)
    NMI_Handler                              0x00000699   Thumb Code     2  pt32z192xx_it.o(.text.NMI_Handler)
    NVIC_Init                                0x0000069d   Thumb Code   108  pt32z192xx_misc.o(.text.NVIC_Init)
    PA_Handler                               0x00000709   Thumb Code     2  pt32z192xx_it.o(.text.PA_Handler)
    PB_Handler                               0x0000070d   Thumb Code     2  pt32z192xx_it.o(.text.PB_Handler)
    PC_Handler                               0x00000711   Thumb Code    52  pt32z192xx_it.o(.text.PC_Handler)
    PD_Handler                               0x00000761   Thumb Code     2  pt32z192xx_it.o(.text.PD_Handler)
    PMW_TimeBaseInit                         0x00000765   Thumb Code    26  pt32z192xx_pwm.o(.text.PMW_TimeBaseInit)
    PWM_BKI_LevelConfig                      0x00000781   Thumb Code    12  pt32z192xx_pwm.o(.text.PWM_BKI_LevelConfig)
    PWM_BreakInput_Cmd                       0x0000078d   Thumb Code    18  pt32z192xx_pwm.o(.text.PWM_BreakInput_Cmd)
    PWM_ClearFlag                            0x000007a1   Thumb Code     4  pt32z192xx_pwm.o(.text.PWM_ClearFlag)
    PWM_Cmd                                  0x000007a5   Thumb Code    16  pt32z192xx_pwm.o(.text.PWM_Cmd)
    PWM_GetFlagStatus                        0x000007b5   Thumb Code    10  pt32z192xx_pwm.o(.text.PWM_GetFlagStatus)
    PWM_IntConfig                            0x000007c1   Thumb Code   116  pt32z192xx_pwm.o(.text.PWM_IntConfig)
    PWM_Mode_Config                          0x00000835   Thumb Code   214  bsp.o(.text.PWM_Mode_Config)
    PWM_OutputInit                           0x0000090d   Thumb Code   104  pt32z192xx_pwm.o(.text.PWM_OutputInit)
    PendSV_Handler                           0x00000975   Thumb Code     2  pt32z192xx_it.o(.text.PendSV_Handler)
    RTC_Handler                              0x00000979   Thumb Code     2  pt32z192xx_it.o(.text.RTC_Handler)
    SEGGER_RTT_ConfigUpBuffer                0x0000097d   Thumb Code   220  segger_rtt.o(.text.SEGGER_RTT_ConfigUpBuffer)
    SEGGER_RTT_Init                          0x00000a59   Thumb Code   112  segger_rtt.o(.text.SEGGER_RTT_Init)
    SEGGER_RTT_Write                         0x00000ac9   Thumb Code   178  segger_rtt.o(.text.SEGGER_RTT_Write)
    SEGGER_RTT_WriteNoLock                   0x00000b7d   Thumb Code   376  segger_rtt.o(.text.SEGGER_RTT_WriteNoLock)
    SEGGER_RTT_printf                        0x00000cf5   Thumb Code    30  segger_rtt_printf.o(.text.SEGGER_RTT_printf)
    SEGGER_RTT_vprintf                       0x00000d15   Thumb Code  2538  segger_rtt_printf.o(.text.SEGGER_RTT_vprintf)
    SERIAL_PutChar                           0x00001701   Thumb Code    40  pt32z192xx_serial.o(.text.SERIAL_PutChar)
    SPI0_Handler                             0x00001729   Thumb Code     2  pt32z192xx_it.o(.text.SPI0_Handler)
    SPI1_Handler                             0x0000172d   Thumb Code     2  pt32z192xx_it.o(.text.SPI1_Handler)
    SVC_Handler                              0x00001731   Thumb Code     2  pt32z192xx_it.o(.text.SVC_Handler)
    SysTick_Handler                          0x00001735   Thumb Code    34  pt32z192xx_it.o(.text.SysTick_Handler)
    SystemInit                               0x00001759   Thumb Code   384  system_pt32z192xx.o(.text.SystemInit)
    TMR0_Handler                             0x000018d9   Thumb Code    80  pt32z192xx_it.o(.text.TMR0_Handler)
    TMR1_Handler                             0x00001929   Thumb Code     2  pt32z192xx_it.o(.text.TMR1_Handler)
    TMR2_Handler                             0x0000192d   Thumb Code     2  pt32z192xx_it.o(.text.TMR2_Handler)
    TMR3_Handler                             0x00001931   Thumb Code     2  pt32z192xx_it.o(.text.TMR3_Handler)
    TMR4_Handler                             0x00001935   Thumb Code     2  pt32z192xx_it.o(.text.TMR4_Handler)
    TMR5_Handler                             0x00001939   Thumb Code     2  pt32z192xx_it.o(.text.TMR5_Handler)
    UART0_Handler                            0x0000193d   Thumb Code     2  pt32z192xx_it.o(.text.UART0_Handler)
    UART1_Handler                            0x00001941   Thumb Code     2  pt32z192xx_it.o(.text.UART1_Handler)
    UART2_Handler                            0x00001945   Thumb Code    68  pt32z192xx_it.o(.text.UART2_Handler)
    UART_Cmd                                 0x00001999   Thumb Code    16  pt32z192xx_uart.o(.text.UART_Cmd)
    UART_ITConfig                            0x000019a9   Thumb Code    16  pt32z192xx_uart.o(.text.UART_ITConfig)
    UART_Init                                0x000019b9   Thumb Code   154  pt32z192xx_uart.o(.text.UART_Init)
    _shell_init                              0x00001c61   Thumb Code   172  nr_micro_shell.o(.text._shell_init)
    ansi_clear_current_line                  0x00001d91   Thumb Code    14  ansi.o(.text.ansi_clear_current_line)
    ansi_get_char                            0x00001da1   Thumb Code   314  ansi.o(.text.ansi_get_char)
    ansi_init                                0x00001edd   Thumb Code    18  ansi.o(.text.ansi_init)
    app                                      0x00001ef1   Thumb Code   166  app.o(.text.app)
    bsp_init                                 0x00001f99   Thumb Code   616  bsp.o(.text.bsp_init)
    fputc                                    0x00002201   Thumb Code    10  pt32z192xx_retarget.o(.text.fputc)
    hexdump                                  0x0000220d   Thumb Code   990  nr_micro_shell_commands.o(.text.hexdump)
    init_all                                 0x000025ed   Thumb Code     4  bsp.o(.text.init_all)
    main                                     0x000025f1   Thumb Code    10  main.o(.text.main)
    memory_init                              0x000025fd   Thumb Code   108  bsp.o(.text.memory_init)
    nr_ansi_common_char_slover               0x00002669   Thumb Code   176  ansi_port.o(.text.nr_ansi_common_char_slover)
    nr_ansi_ctrl_common_slover               0x00002721   Thumb Code    50  ansi_port.o(.text.nr_ansi_ctrl_common_slover)
    nr_ansi_in__                             0x00002755   Thumb Code   138  ansi_port.o(.text.nr_ansi_in__)
    nr_ansi_in_backspace                     0x000027e1   Thumb Code   120  ansi_port.o(.text.nr_ansi_in_backspace)
    nr_ansi_in_down                          0x00002861   Thumb Code   126  ansi_port.o(.text.nr_ansi_in_down)
    nr_ansi_in_enter                         0x000028e1   Thumb Code    52  ansi_port.o(.text.nr_ansi_in_enter)
    nr_ansi_in_left                          0x00002915   Thumb Code    24  ansi_port.o(.text.nr_ansi_in_left)
    nr_ansi_in_newline                       0x00002935   Thumb Code    36  ansi_port.o(.text.nr_ansi_in_newline)
    nr_ansi_in_right                         0x00002959   Thumb Code    28  ansi_port.o(.text.nr_ansi_in_right)
    nr_ansi_in_tab                           0x0000297d   Thumb Code   226  ansi_port.o(.text.nr_ansi_in_tab)
    nr_ansi_in_up                            0x00002a61   Thumb Code   124  ansi_port.o(.text.nr_ansi_in_up)
    read_uid                                 0x00002add   Thumb Code   208  bsp.o(.text.read_uid)
    shell_cmd_complete                       0x00002bd1   Thumb Code   100  nr_micro_shell.o(.text.shell_cmd_complete)
    shell_hexdump_cmd                        0x00002c35   Thumb Code    80  nr_micro_shell_commands.o(.text.shell_hexdump_cmd)
    shell_his_copy_queue_item                0x00002cd1   Thumb Code   402  nr_micro_shell.o(.text.shell_his_copy_queue_item)
    shell_his_queue_add_cmd                  0x00002e65   Thumb Code   168  nr_micro_shell.o(.text.shell_his_queue_add_cmd)
    shell_his_queue_search_cmd               0x00002f0d   Thumb Code   174  nr_micro_shell.o(.text.shell_his_queue_search_cmd)
    shell_ls_cmd                             0x00002fbd   Thumb Code   168  nr_micro_shell_commands.o(.text.shell_ls_cmd)
    shell_parser                             0x00003101   Thumb Code  1124  nr_micro_shell.o(.text.shell_parser)
    shell_test_cmd                           0x00003599   Thumb Code    52  nr_micro_shell_commands.o(.text.shell_test_cmd)
    HardFault_Handler                        0x000035dd   Thumb Code     0  hardfaulthandler.o(OSKERNEL)
    Long Thumb to Thumb Veneer to EventRecorderInitialize 0x000035ef   Thumb Code    10  anon$$obj.o(Veneer$$Code)
    Long Thumb to Thumb Veneer to EventRecorderStart 0x000035f9   Thumb Code    10  anon$$obj.o(Veneer$$Code)
    __0printf$8                              0x00003605   Thumb Code    22  printf8.o(i.__0printf$8)
    __1printf$8                              0x00003605   Thumb Code     0  printf8.o(i.__0printf$8)
    __2printf                                0x00003605   Thumb Code     0  printf8.o(i.__0printf$8)
    __scatterload_copy                       0x00003625   Thumb Code    14  handlers.o(i.__scatterload_copy)
    __scatterload_null                       0x00003633   Thumb Code     2  handlers.o(i.__scatterload_null)
    __scatterload_zeroinit                   0x00003635   Thumb Code    14  handlers.o(i.__scatterload_zeroinit)
    putc                                     0x00003aa7   Thumb Code     4  putc.o(i.putc)
    puts                                     0x00003aad   Thumb Code    30  puts.o(i.puts)
    __ctype_table                            0x00003ad0   Data         129  ctype_o.o(.constdata)
    nr_ansi_in_cmd                           0x00003b58   Data          21  ansi.o(.rodata.nr_ansi_in_cmd)
    nr_ansi_in_cmd_fun                       0x00003b70   Data          80  ansi.o(.rodata.nr_ansi_in_cmd_fun)
    nr_ansi_in_special_symbol_fun            0x00003bc0   Data          16  ansi.o(.rodata.nr_ansi_in_special_symbol_fun)
    _nr_cmd_start_                           0x00003bd0   Data          20  nr_micro_shell.o(.rodata.nr_shell_cmd0.end)
    _nr_cmd_end_                             0x00003be4   Data          20  nr_micro_shell.o(.rodata.nr_shell_cmd1.end)
    static_cmd                               0x00003bf8   Data          80  nr_micro_shell_commands.o(.rodata.static_cmd)
    Region$$Table$$Base                      0x00003e90   Number         0  anon$$obj.o(Region$$Table)
    Region$$Table$$Limit                     0x00003ec0   Number         0  anon$$obj.o(Region$$Table)
    EventRecorderInitialize                  0x200002a9   Thumb Code  2664  eventrecorder.o(.text.EventRecorderInitialize)
    EventRecorderStart                       0x20000d11   Thumb Code    94  eventrecorder.o(.text.EventRecorderStart)
    EventRecorderTimerGetCount               0x20000d71   Thumb Code    12  eventrecorder.o(.text.EventRecorderTimerGetCount)
    EventRecorderTimerGetFreq                0x20000d7d   Thumb Code    12  eventrecorder.o(.text.EventRecorderTimerGetFreq)
    EventRecorderTimerSetup                  0x20000d89   Thumb Code    36  eventrecorder.o(.text.EventRecorderTimerSetup)
    Long Thumb to Thumb Veneer to __aeabi_memclr4 0x20000dad   Thumb Code    10  anon$$obj.o(Veneer$$Code)
    Long Thumb to Thumb Veneer to __aeabi_memclr8 0x20000db7   Thumb Code    10  anon$$obj.o(Veneer$$Code)
    EventRecorderInfo                        0x20000dc0   Data          24  eventrecorder.o(.rodata.EventRecorderInfo)
    __stdout                                 0x20000dd8   Data           4  stdout.o(.data)
    FIFO_Data                                0x20000ddc   Data          20  fifo.o(.data.FIFO_Data)
    SystemCoreClock                          0x20000df0   Data           4  system_pt32z192xx.o(.data.SystemCoreClock)
    VCO_VALUE                                0x20000df4   Data           4  system_pt32z192xx.o(.data.VCO_VALUE)
    nr_shell                                 0x20000df8   Data         308  nr_micro_shell.o(.data.nr_shell)
    state                                    0x20000f40   Data           1  app.o(.bss..L_MergedGlobals)
    next_state                               0x20000f41   Data           1  app.o(.bss..L_MergedGlobals)
    key_flag                                 0x20000f44   Data           4  app.o(.bss..L_MergedGlobals)
    FIFO_DataBuffer                          0x20000fa0   Data        8000  fifo.o(.bss.FIFO_DataBuffer)
    JS_RTT_UpBuffer                          0x20002ee0   Data       16384  app.o(.bss.JS_RTT_UpBuffer)
    TimingDelay                              0x20006ee0   Data           4  bsp.o(.bss.TimingDelay)
    _SEGGER_RTT                              0x20006ee4   Data         168  segger_rtt.o(.bss._SEGGER_RTT)
    m_AdcValue                               0x2000738c   Data           2  bsp.o(.bss.m_AdcValue)
    nr_ansi                                  0x20007864   Data         132  ansi.o(.bss.nr_ansi)
    timeval                                  0x200078ec   Data           4  bsp.o(.bss.timeval)
    __initial_sp                             0x200088f0   Data           0  startup_pt32z192.o(STACK)



==============================================================================

Memory Map of the image

  Image Entry point : 0x00000131

  Load Region LR_IROM1 (Base: 0x00000000, Size: 0x00004e00, Max: 0x00080000, ABSOLUTE, COMPRESSED[0x00004cd8])

    Execution Region ER_IROM1 (Exec base: 0x00000000, Load base: 0x00000000, Size: 0x00003ec0, Max: 0x00080000, ABSOLUTE)

    Exec Addr    Load Addr    Size         Type   Attr      Idx    E Section Name        Object

    0x00000000   0x00000000   0x00000130   Data   RO          166    RESET               startup_pt32z192.o
    0x00000130   0x00000130   0x00000000   Code   RO         1096  * .ARM.Collect$$$$00000000  mc_w.l(entry.o)
    0x00000130   0x00000130   0x00000004   Code   RO         1418    .ARM.Collect$$$$00000001  mc_w.l(entry2.o)
    0x00000134   0x00000134   0x00000004   Code   RO         1421    .ARM.Collect$$$$00000004  mc_w.l(entry5.o)
    0x00000138   0x00000138   0x00000000   Code   RO         1423    .ARM.Collect$$$$00000008  mc_w.l(entry7b.o)
    0x00000138   0x00000138   0x00000000   Code   RO         1425    .ARM.Collect$$$$0000000A  mc_w.l(entry8b.o)
    0x00000138   0x00000138   0x00000008   Code   RO         1426    .ARM.Collect$$$$0000000B  mc_w.l(entry9a.o)
    0x00000140   0x00000140   0x00000000   Code   RO         1428    .ARM.Collect$$$$0000000D  mc_w.l(entry10a.o)
    0x00000140   0x00000140   0x00000000   Code   RO         1430    .ARM.Collect$$$$0000000F  mc_w.l(entry11a.o)
    0x00000140   0x00000140   0x00000004   Code   RO         1419    .ARM.Collect$$$$00002712  mc_w.l(entry2.o)
    0x00000144   0x00000144   0x00000034   Code   RO          167    .text               startup_pt32z192.o
    0x00000178   0x00000178   0x00000008   Code   RO         1115    .text               mc_w.l(ctype_o.o)
    0x00000180   0x00000180   0x00000024   Code   RO         1143    .text               mc_w.l(memcpya.o)
    0x000001a4   0x000001a4   0x00000024   Code   RO         1145    .text               mc_w.l(memseta.o)
    0x000001c8   0x000001c8   0x00000024   Code   RO         1147    .text               mc_w.l(strstr.o)
    0x000001ec   0x000001ec   0x0000000e   Code   RO         1149    .text               mc_w.l(strlen.o)
    0x000001fa   0x000001fa   0x0000001c   Code   RO         1151    .text               mc_w.l(strcmp.o)
    0x00000216   0x00000216   0x00000012   Code   RO         1153    .text               mc_w.l(strcpy.o)
    0x00000228   0x00000228   0x00000062   Code   RO         1443    .text               mc_w.l(uldiv.o)
    0x0000028a   0x0000028a   0x00000002   PAD
    0x0000028c   0x0000028c   0x00000024   Code   RO         1456    .text               mc_w.l(init.o)
    0x000002b0   0x000002b0   0x0000001e   Code   RO         1458    .text               mc_w.l(llshl.o)
    0x000002ce   0x000002ce   0x00000020   Code   RO         1460    .text               mc_w.l(llushr.o)
    0x000002ee   0x000002ee   0x0000003a   Code   RO         1474    .text               mc_w.l(__dczerorl.o)
    0x00000328   0x00000328   0x0000001a   Code   RO          182    .text.ADC_ChannelConfig  pt32z192xx_adc.o
    0x00000342   0x00000342   0x00000002   PAD
    0x00000344   0x00000344   0x00000010   Code   RO          178    .text.ADC_Cmd       pt32z192xx_adc.o
    0x00000354   0x00000354   0x00000002   Code   RO          106    .text.ADC_Handler   pt32z192xx_it.o
    0x00000356   0x00000356   0x00000002   PAD
    0x00000358   0x00000358   0x00000038   Code   RO          174    .text.ADC_Init      pt32z192xx_adc.o
    0x00000390   0x00000390   0x0000000a   Code   RO          188    .text.ADC_StartOfConversion  pt32z192xx_adc.o
    0x0000039a   0x0000039a   0x00000002   PAD
    0x0000039c   0x0000039c   0x00000024   Code   RO          777    .text.DMA_AutoRepeat_Cmd  pt32z192xx_dma.o
    0x000003c0   0x000003c0   0x00000022   Code   RO          771    .text.DMA_Cmd       pt32z192xx_dma.o
    0x000003e2   0x000003e2   0x00000002   PAD
    0x000003e4   0x000003e4   0x00000042   Code   RO          769    .text.DMA_Config    pt32z192xx_dma.o
    0x00000426   0x00000426   0x00000002   PAD
    0x00000428   0x00000428   0x0000001a   Code   RO          775    .text.DMA_DirectionConfig  pt32z192xx_dma.o
    0x00000442   0x00000442   0x00000002   PAD
    0x00000444   0x00000444   0x00000002   Code   RO          142    .text.DMA_Handler   pt32z192xx_it.o
    0x00000446   0x00000446   0x00000002   PAD
    0x00000448   0x00000448   0x0000002a   Code   RO          803    .text.DMA_PeripheralConfig  pt32z192xx_dma.o
    0x00000472   0x00000472   0x00000002   PAD
    0x00000474   0x00000474   0x00000004   Code   RO         1030    .text.FIFO_GetDataCount  fifo.o
    0x00000478   0x00000478   0x0000000c   Code   RO         1016    .text.FIFO_Init     fifo.o
    0x00000484   0x00000484   0x0000000a   Code   RO         1028    .text.FIFO_IsDataEmpty  fifo.o
    0x0000048e   0x0000048e   0x00000002   PAD
    0x00000490   0x00000490   0x00000060   Code   RO         1022    .text.FIFO_ReadData  fifo.o
    0x000004f0   0x000004f0   0x00000030   Code   RO         1020    .text.FIFO_WriteOneData  fifo.o
    0x00000520   0x00000520   0x00000002   Code   RO           92    .text.FLASH_Handler  pt32z192xx_it.o
    0x00000522   0x00000522   0x00000002   PAD
    0x00000524   0x00000524   0x00000004   Code   RO          342    .text.GPIO_ClearITPendingBit  pt32z192xx_gpio.o
    0x00000528   0x00000528   0x0000000c   Code   RO          332    .text.GPIO_ITConfig  pt32z192xx_gpio.o
    0x00000534   0x00000534   0x00000064   Code   RO          304    .text.GPIO_Init     pt32z192xx_gpio.o
    0x00000598   0x00000598   0x0000000e   Code   RO          330    .text.GPIO_PinAFConfig  pt32z192xx_gpio.o
    0x000005a6   0x000005a6   0x00000002   PAD
    0x000005a8   0x000005a8   0x0000000a   Code   RO          312    .text.GPIO_ReadInputDataBit  pt32z192xx_gpio.o
    0x000005b2   0x000005b2   0x00000002   PAD
    0x000005b4   0x000005b4   0x00000008   Code   RO          320    .text.GPIO_SetBits  pt32z192xx_gpio.o
    0x000005bc   0x000005bc   0x00000034   Code   RO          334    .text.GPIO_TriTypeConfig  pt32z192xx_gpio.o
    0x000005f0   0x000005f0   0x000000a8   Code   RO          902    .text.HardFaultHandler  segger_hardfaulthandler.o
    0x00000698   0x00000698   0x00000002   Code   RO           80    .text.NMI_Handler   pt32z192xx_it.o
    0x0000069a   0x0000069a   0x00000002   PAD
    0x0000069c   0x0000069c   0x0000006c   Code   RO          406    .text.NVIC_Init     pt32z192xx_misc.o
    0x00000708   0x00000708   0x00000002   Code   RO           94    .text.PA_Handler    pt32z192xx_it.o
    0x0000070a   0x0000070a   0x00000002   PAD
    0x0000070c   0x0000070c   0x00000002   Code   RO           96    .text.PB_Handler    pt32z192xx_it.o
    0x0000070e   0x0000070e   0x00000002   PAD
    0x00000710   0x00000710   0x00000050   Code   RO           98    .text.PC_Handler    pt32z192xx_it.o
    0x00000760   0x00000760   0x00000002   Code   RO          100    .text.PD_Handler    pt32z192xx_it.o
    0x00000762   0x00000762   0x00000002   PAD
    0x00000764   0x00000764   0x0000001a   Code   RO          418    .text.PMW_TimeBaseInit  pt32z192xx_pwm.o
    0x0000077e   0x0000077e   0x00000002   PAD
    0x00000780   0x00000780   0x0000000c   Code   RO          450    .text.PWM_BKI_LevelConfig  pt32z192xx_pwm.o
    0x0000078c   0x0000078c   0x00000012   Code   RO          448    .text.PWM_BreakInput_Cmd  pt32z192xx_pwm.o
    0x0000079e   0x0000079e   0x00000002   PAD
    0x000007a0   0x000007a0   0x00000004   Code   RO          456    .text.PWM_ClearFlag  pt32z192xx_pwm.o
    0x000007a4   0x000007a4   0x00000010   Code   RO          446    .text.PWM_Cmd       pt32z192xx_pwm.o
    0x000007b4   0x000007b4   0x0000000a   Code   RO          454    .text.PWM_GetFlagStatus  pt32z192xx_pwm.o
    0x000007be   0x000007be   0x00000002   PAD
    0x000007c0   0x000007c0   0x00000074   Code   RO          452    .text.PWM_IntConfig  pt32z192xx_pwm.o
    0x00000834   0x00000834   0x000000d6   Code   RO           40    .text.PWM_Mode_Config  bsp.o
    0x0000090a   0x0000090a   0x00000002   PAD
    0x0000090c   0x0000090c   0x00000068   Code   RO          420    .text.PWM_OutputInit  pt32z192xx_pwm.o
    0x00000974   0x00000974   0x00000002   Code   RO           84    .text.PendSV_Handler  pt32z192xx_it.o
    0x00000976   0x00000976   0x00000002   PAD
    0x00000978   0x00000978   0x00000002   Code   RO          136    .text.RTC_Handler   pt32z192xx_it.o
    0x0000097a   0x0000097a   0x00000002   PAD
    0x0000097c   0x0000097c   0x000000dc   Code   RO          853    .text.SEGGER_RTT_ConfigUpBuffer  segger_rtt.o
    0x00000a58   0x00000a58   0x00000070   Code   RO          865    .text.SEGGER_RTT_Init  segger_rtt.o
    0x00000ac8   0x00000ac8   0x000000b2   Code   RO          829    .text.SEGGER_RTT_Write  segger_rtt.o
    0x00000b7a   0x00000b7a   0x00000002   PAD
    0x00000b7c   0x00000b7c   0x00000178   Code   RO          825    .text.SEGGER_RTT_WriteNoLock  segger_rtt.o
    0x00000cf4   0x00000cf4   0x0000001e   Code   RO          892    .text.SEGGER_RTT_printf  segger_rtt_printf.o
    0x00000d12   0x00000d12   0x00000002   PAD
    0x00000d14   0x00000d14   0x000009ea   Code   RO          888    .text.SEGGER_RTT_vprintf  segger_rtt_printf.o
    0x000016fe   0x000016fe   0x00000002   PAD
    0x00001700   0x00001700   0x00000028   Code   RO          758    .text.SERIAL_PutChar  pt32z192xx_serial.o
    0x00001728   0x00001728   0x00000002   Code   RO          108    .text.SPI0_Handler  pt32z192xx_it.o
    0x0000172a   0x0000172a   0x00000002   PAD
    0x0000172c   0x0000172c   0x00000002   Code   RO          110    .text.SPI1_Handler  pt32z192xx_it.o
    0x0000172e   0x0000172e   0x00000002   PAD
    0x00001730   0x00001730   0x00000002   Code   RO           82    .text.SVC_Handler   pt32z192xx_it.o
    0x00001732   0x00001732   0x00000002   PAD
    0x00001734   0x00001734   0x00000022   Code   RO           86    .text.SysTick_Handler  pt32z192xx_it.o
    0x00001756   0x00001756   0x00000002   PAD
    0x00001758   0x00001758   0x00000180   Code   RO          154    .text.SystemInit    system_pt32z192xx.o
    0x000018d8   0x000018d8   0x00000050   Code   RO          124    .text.TMR0_Handler  pt32z192xx_it.o
    0x00001928   0x00001928   0x00000002   Code   RO          126    .text.TMR1_Handler  pt32z192xx_it.o
    0x0000192a   0x0000192a   0x00000002   PAD
    0x0000192c   0x0000192c   0x00000002   Code   RO          128    .text.TMR2_Handler  pt32z192xx_it.o
    0x0000192e   0x0000192e   0x00000002   PAD
    0x00001930   0x00001930   0x00000002   Code   RO          130    .text.TMR3_Handler  pt32z192xx_it.o
    0x00001932   0x00001932   0x00000002   PAD
    0x00001934   0x00001934   0x00000002   Code   RO          132    .text.TMR4_Handler  pt32z192xx_it.o
    0x00001936   0x00001936   0x00000002   PAD
    0x00001938   0x00001938   0x00000002   Code   RO          134    .text.TMR5_Handler  pt32z192xx_it.o
    0x0000193a   0x0000193a   0x00000002   PAD
    0x0000193c   0x0000193c   0x00000002   Code   RO          112    .text.UART0_Handler  pt32z192xx_it.o
    0x0000193e   0x0000193e   0x00000002   PAD
    0x00001940   0x00001940   0x00000002   Code   RO          114    .text.UART1_Handler  pt32z192xx_it.o
    0x00001942   0x00001942   0x00000002   PAD
    0x00001944   0x00001944   0x00000054   Code   RO          116    .text.UART2_Handler  pt32z192xx_it.o
    0x00001998   0x00001998   0x00000010   Code   RO          590    .text.UART_Cmd      pt32z192xx_uart.o
    0x000019a8   0x000019a8   0x00000010   Code   RO          618    .text.UART_ITConfig  pt32z192xx_uart.o
    0x000019b8   0x000019b8   0x0000009a   Code   RO          586    .text.UART_Init     pt32z192xx_uart.o
    0x00001a52   0x00001a52   0x00000002   PAD
    0x00001a54   0x00001a54   0x0000020c   Code   RO          890    .text._PrintUnsigned  segger_rtt_printf.o
    0x00001c60   0x00001c60   0x00000130   Code   RO          987    .text._shell_init   nr_micro_shell.o
    0x00001d90   0x00001d90   0x0000000e   Code   RO          937    .text.ansi_clear_current_line  ansi.o
    0x00001d9e   0x00001d9e   0x00000002   PAD
    0x00001da0   0x00001da0   0x0000013a   Code   RO          939    .text.ansi_get_char  ansi.o
    0x00001eda   0x00001eda   0x00000002   PAD
    0x00001edc   0x00001edc   0x00000012   Code   RO          935    .text.ansi_init     ansi.o
    0x00001eee   0x00001eee   0x00000002   PAD
    0x00001ef0   0x00001ef0   0x000000a6   Code   RO           10    .text.app           app.o
    0x00001f96   0x00001f96   0x00000002   PAD
    0x00001f98   0x00001f98   0x00000268   Code   RO           30    .text.bsp_init      bsp.o
    0x00002200   0x00002200   0x0000000a   Code   RO          744    .text.fputc         pt32z192xx_retarget.o
    0x0000220a   0x0000220a   0x00000002   PAD
    0x0000220c   0x0000220c   0x000003de   Code   RO          919    .text.hexdump       nr_micro_shell_commands.o
    0x000025ea   0x000025ea   0x00000002   PAD
    0x000025ec   0x000025ec   0x00000004   Code   RO           48    .text.init_all      bsp.o
    0x000025f0   0x000025f0   0x0000000a   Code   RO           70    .text.main          main.o
    0x000025fa   0x000025fa   0x00000002   PAD
    0x000025fc   0x000025fc   0x0000006c   Code   RO           22    .text.memory_init   bsp.o
    0x00002668   0x00002668   0x000000b8   Code   RO          956    .text.nr_ansi_common_char_slover  ansi_port.o
    0x00002720   0x00002720   0x00000032   Code   RO          958    .text.nr_ansi_ctrl_common_slover  ansi_port.o
    0x00002752   0x00002752   0x00000002   PAD
    0x00002754   0x00002754   0x0000008a   Code   RO          976    .text.nr_ansi_in__  ansi_port.o
    0x000027de   0x000027de   0x00000002   PAD
    0x000027e0   0x000027e0   0x00000080   Code   RO          964    .text.nr_ansi_in_backspace  ansi_port.o
    0x00002860   0x00002860   0x0000007e   Code   RO          968    .text.nr_ansi_in_down  ansi_port.o
    0x000028de   0x000028de   0x00000002   PAD
    0x000028e0   0x000028e0   0x00000034   Code   RO          960    .text.nr_ansi_in_enter  ansi_port.o
    0x00002914   0x00002914   0x00000020   Code   RO          970    .text.nr_ansi_in_left  ansi_port.o
    0x00002934   0x00002934   0x00000024   Code   RO          962    .text.nr_ansi_in_newline  ansi_port.o
    0x00002958   0x00002958   0x00000024   Code   RO          972    .text.nr_ansi_in_right  ansi_port.o
    0x0000297c   0x0000297c   0x000000e2   Code   RO          974    .text.nr_ansi_in_tab  ansi_port.o
    0x00002a5e   0x00002a5e   0x00000002   PAD
    0x00002a60   0x00002a60   0x0000007c   Code   RO          966    .text.nr_ansi_in_up  ansi_port.o
    0x00002adc   0x00002adc   0x000000f4   Code   RO           34    .text.read_uid      bsp.o
    0x00002bd0   0x00002bd0   0x00000064   Code   RO          999    .text.shell_cmd_complete  nr_micro_shell.o
    0x00002c34   0x00002c34   0x0000009c   Code   RO          921    .text.shell_hexdump_cmd  nr_micro_shell_commands.o
    0x00002cd0   0x00002cd0   0x00000192   Code   RO         1001    .text.shell_his_copy_queue_item  nr_micro_shell.o
    0x00002e62   0x00002e62   0x00000002   PAD
    0x00002e64   0x00002e64   0x000000a8   Code   RO          991    .text.shell_his_queue_add_cmd  nr_micro_shell.o
    0x00002f0c   0x00002f0c   0x000000ae   Code   RO          997    .text.shell_his_queue_search_cmd  nr_micro_shell.o
    0x00002fba   0x00002fba   0x00000002   PAD
    0x00002fbc   0x00002fbc   0x00000144   Code   RO          915    .text.shell_ls_cmd  nr_micro_shell_commands.o
    0x00003100   0x00003100   0x00000498   Code   RO          995    .text.shell_parser  nr_micro_shell.o
    0x00003598   0x00003598   0x00000044   Code   RO          917    .text.shell_test_cmd  nr_micro_shell_commands.o
    0x000035dc   0x000035dc   0x00000012   Code   RO          911    OSKERNEL            hardfaulthandler.o
    0x000035ee   0x000035ee   0x0000000a   Ven    RO         1476    Veneer$$Code        anon$$obj.o
    0x000035f8   0x000035f8   0x0000000a   Ven    RO         1477    Veneer$$Code        anon$$obj.o
    0x00003602   0x00003602   0x00000002   PAD
    0x00003604   0x00003604   0x00000020   Code   RO         1364    i.__0printf$8       mc_w.l(printf8.o)
    0x00003624   0x00003624   0x0000000e   Code   RO         1468    i.__scatterload_copy  mc_w.l(handlers.o)
    0x00003632   0x00003632   0x00000002   Code   RO         1469    i.__scatterload_null  mc_w.l(handlers.o)
    0x00003634   0x00003634   0x0000000e   Code   RO         1470    i.__scatterload_zeroinit  mc_w.l(handlers.o)
    0x00003642   0x00003642   0x00000002   PAD
    0x00003644   0x00003644   0x00000410   Code   RO         1371    i._printf_core      mc_w.l(printf8.o)
    0x00003a54   0x00003a54   0x00000024   Code   RO         1372    i._printf_post_padding  mc_w.l(printf8.o)
    0x00003a78   0x00003a78   0x0000002e   Code   RO         1373    i._printf_pre_padding  mc_w.l(printf8.o)
    0x00003aa6   0x00003aa6   0x00000004   Code   RO         1105    i.putc              mc_w.l(putc.o)
    0x00003aaa   0x00003aaa   0x00000002   PAD
    0x00003aac   0x00003aac   0x00000024   Code   RO         1101    i.puts              mc_w.l(puts.o)
    0x00003ad0   0x00003ad0   0x00000081   Data   RO         1116    .constdata          mc_w.l(ctype_o.o)
    0x00003b51   0x00003b51   0x00000003   PAD
    0x00003b54   0x00003b54   0x00000004   Data   RO         1117    .constdata          mc_w.l(ctype_o.o)
    0x00003b58   0x00003b58   0x00000015   Data   RO          941    .rodata.nr_ansi_in_cmd  ansi.o
    0x00003b6d   0x00003b6d   0x00000003   PAD
    0x00003b70   0x00003b70   0x00000050   Data   RO          942    .rodata.nr_ansi_in_cmd_fun  ansi.o
    0x00003bc0   0x00003bc0   0x00000010   Data   RO          944    .rodata.nr_ansi_in_special_symbol_fun  ansi.o
    0x00003bd0   0x00003bd0   0x00000014   Data   RO         1003    .rodata.nr_shell_cmd0.end  nr_micro_shell.o
    0x00003be4   0x00003be4   0x00000014   Data   RO         1004    .rodata.nr_shell_cmd1.end  nr_micro_shell.o
    0x00003bf8   0x00003bf8   0x00000050   Data   RO          924    .rodata.static_cmd  nr_micro_shell_commands.o
    0x00003c48   0x00003c48   0x00000015   Data   RO           12    .rodata.str1.1      app.o
    0x00003c5d   0x00003c5d   0x0000008e   Data   RO           54    .rodata.str1.1      bsp.o
    0x00003ceb   0x00003ceb   0x00000009   Data   RO          877    .rodata.str1.1      segger_rtt.o
    0x00003cf4   0x00003cf4   0x00000067   Data   RO          923    .rodata.str1.1      nr_micro_shell_commands.o
    0x00003d5b   0x00003d5b   0x0000000d   Data   RO          978    .rodata.str1.1      ansi_port.o
    0x00003d68   0x00003d68   0x00000125   Data   RO         1006    .rodata.str1.1      nr_micro_shell.o
    0x00003e8d   0x00003e8d   0x00000003   PAD
    0x00003e90   0x00003e90   0x00000030   Data   RO         1467    Region$$Table       anon$$obj.o


    Execution Region RW_IRAM1 (Exec base: 0x20000000, Load base: 0x00003ec0, Size: 0x000088f0, Max: 0x00020000, ABSOLUTE, COMPRESSED[0x00000040])

    Exec Addr    Load Addr    Size         Type   Attr      Idx    E Section Name        Object

    0x20000000   0x00003ec0   0x000002a8   Code   RO         1052    .text.EventRecordItem  eventrecorder.o
    0x200002a8   0x00004168   0x00000a68   Code   RO         1048    .text.EventRecorderInitialize  eventrecorder.o
    0x20000d10   0x00004bd0   0x0000005e   Code   RO         1054    .text.EventRecorderStart  eventrecorder.o
    0x20000d6e   COMPRESSED   0x00000002   PAD
    0x20000d70   0x00004c30   0x0000000c   Code   RO         1046    .text.EventRecorderTimerGetCount  eventrecorder.o
    0x20000d7c   0x00004c3c   0x0000000c   Code   RO         1044    .text.EventRecorderTimerGetFreq  eventrecorder.o
    0x20000d88   0x00004c48   0x00000024   Code   RO         1042    .text.EventRecorderTimerSetup  eventrecorder.o
    0x20000dac   0x00004c6c   0x0000000a   Ven    RO         1478    Veneer$$Code        anon$$obj.o
    0x20000db6   0x00004c76   0x0000000a   Ven    RO         1479    Veneer$$Code        anon$$obj.o
    0x20000dc0   0x00004c80   0x00000018   Data   RO         1069    .rodata.EventRecorderInfo  eventrecorder.o
    0x20000dd8   COMPRESSED   0x00000004   Data   RW         1113    .data               mc_w.l(stdout.o)
    0x20000ddc   COMPRESSED   0x00000014   Data   RW         1033    .data.FIFO_Data     fifo.o
    0x20000df0   COMPRESSED   0x00000004   Data   RW          156    .data.SystemCoreClock  system_pt32z192xx.o
    0x20000df4   COMPRESSED   0x00000004   Data   RW          157    .data.VCO_VALUE     system_pt32z192xx.o
    0x20000df8   COMPRESSED   0x00000134   Data   RW         1005    .data.nr_shell      nr_micro_shell.o
    0x20000f2c   COMPRESSED   0x00000014   PAD
    0x20000f40        -       0x00000008   Zero   RW           14    .bss..L_MergedGlobals  app.o
    0x20000f48        -       0x00000011   Zero   RW          879    .bss..L_MergedGlobals  segger_rtt.o
    0x20000f59   COMPRESSED   0x00000003   PAD
    0x20000f5c        -       0x00000044   Zero   RW          904    .bss..L_MergedGlobals  segger_hardfaulthandler.o
    0x20000fa0        -       0x00001f40   Zero   RW         1032    .bss.FIFO_DataBuffer  fifo.o
    0x20002ee0        -       0x00004000   Zero   RW           13    .bss.JS_RTT_UpBuffer  app.o
    0x20006ee0        -       0x00000004   Zero   RW           56    .bss.TimingDelay    bsp.o
    0x20006ee4        -       0x000000a8   Zero   RW          875    .bss._SEGGER_RTT    segger_rtt.o
    0x20006f8c        -       0x00000400   Zero   RW          878    .bss._acUpBuffer    segger_rtt.o
    0x2000738c        -       0x00000002   Zero   RW           55    .bss.m_AdcValue     bsp.o
    0x2000738e   COMPRESSED   0x00000032   PAD
    0x200073c0        -       0x000004a4   Zero   RW         1068    .bss.noinit         eventrecorder.o
    0x20007864        -       0x00000084   Zero   RW          945    .bss.nr_ansi        ansi.o
    0x200078e8        -       0x00000004   Zero   RW         1007    .bss.nr_shell_strtok.last  nr_micro_shell.o
    0x200078ec        -       0x00000004   Zero   RW           57    .bss.timeval        bsp.o
    0x200078f0        -       0x00001000   Zero   RW          164    STACK               startup_pt32z192.o


==============================================================================

Image component sizes


      Code (inc. data)   RO Data    RW Data    ZI Data      Debug   Object Name

       346          8        117          0        132       2897   ansi.o
      1132         32         13          0          0       5134   ansi_port.o
       166          6         21          0      16392       1845   app.o
      1186         36        142          0         10       9903   bsp.o
      3498          0         24          0       1188      18165   eventrecorder.o
       170          0          0         20       8000       3126   fifo.o
        18          0          0          0          0        304   hardfaulthandler.o
        10          0          0          0          0        747   main.o
      2324        184        333        308          4       8536   nr_micro_shell.o
      1538        248        183          0          0       4470   nr_micro_shell_commands.o
       108          0          0          0          0       3547   pt32z192xx_adc.o
       204          0          0          0          0       5410   pt32z192xx_dma.o
       200          6          0          0          0       7358   pt32z192xx_gpio.o
       316         44          0          0          0       5138   pt32z192xx_it.o
       108          0          0          0          0       2458   pt32z192xx_misc.o
       306          4          0          0          0       8638   pt32z192xx_pwm.o
        10          0          0          0          0       1250   pt32z192xx_retarget.o
        40          0          0          0          0       1083   pt32z192xx_serial.o
       186          0          0          0          0       6290   pt32z192xx_uart.o
       168          0          0          0         68       2747   segger_hardfaulthandler.o
       886          0          9          0       1209      29955   segger_rtt.o
      3092        746          0          0          0       9878   segger_rtt_printf.o
        52         18        304          0       4096        804   startup_pt32z192.o
       384          0          0          8          0       2258   system_pt32z192xx.o

    ----------------------------------------------------------------------
     16592       1332       1200        336      31172     141941   Object Totals
        40          0         48          0          0          0   (incl. Generated)
       104          0          6          0         73          0   (incl. Padding)

    ----------------------------------------------------------------------

      Code (inc. data)   RO Data    RW Data    ZI Data      Debug   Library Member Name

        58          0          0          0          0          0   __dczerorl.o
         8          4        133          0          0         68   ctype_o.o
         0          0          0          0          0          0   entry.o
         0          0          0          0          0          0   entry10a.o
         0          0          0          0          0          0   entry11a.o
         8          4          0          0          0          0   entry2.o
         4          0          0          0          0          0   entry5.o
         0          0          0          0          0          0   entry7b.o
         0          0          0          0          0          0   entry8b.o
         8          4          0          0          0          0   entry9a.o
        30          0          0          0          0          0   handlers.o
        36          8          0          0          0         68   init.o
        30          0          0          0          0         68   llshl.o
        32          0          0          0          0         68   llushr.o
        36          0          0          0          0         68   memcpya.o
        36          0          0          0          0        108   memseta.o
      1154         54          0          0          0        352   printf8.o
         4          0          0          0          0         68   putc.o
        36          6          0          0          0         80   puts.o
         0          0          0          4          0          0   stdout.o
        28          0          0          0          0         76   strcmp.o
        18          0          0          0          0         68   strcpy.o
        14          0          0          0          0         68   strlen.o
        36          0          0          0          0         80   strstr.o
        98          0          0          0          0         92   uldiv.o

    ----------------------------------------------------------------------
      1680         80        136          4          0       1332   Library Totals
         6          0          3          0          0          0   (incl. Padding)

    ----------------------------------------------------------------------

      Code (inc. data)   RO Data    RW Data    ZI Data      Debug   Library Name

      1674         80        133          4          0       1332   mc_w.l

    ----------------------------------------------------------------------
      1680         80        136          4          0       1332   Library Totals

    ----------------------------------------------------------------------

==============================================================================


      Code (inc. data)   RO Data    RW Data    ZI Data      Debug   

     18272       1412       1336        340      31172     142461   Grand Totals
     18272       1412       1336         64      31172     142461   ELF Image Totals (compressed)
     18272       1412       1336         64          0          0   ROM Totals

==============================================================================

    Total RO  Size (Code + RO Data)                19608 (  19.15kB)
    Total RW  Size (RW Data + ZI Data)             31512 (  30.77kB)
    Total ROM Size (Code + RO Data + RW Data)      19672 (  19.21kB)

==============================================================================

