Component: ARM Compiler 6.16 Tool: armlink [5dfeaa00]

==============================================================================

Image Symbol Table

    Local Symbols

    Symbol Name                              Value     Ov Type        Size  Object(Section)

    ../clib/angel/boardlib.s                 0x00000000   Number         0  boardinit1.o ABSOLUTE
    ../clib/angel/boardlib.s                 0x00000000   Number         0  boardinit2.o ABSOLUTE
    ../clib/angel/boardlib.s                 0x00000000   Number         0  boardinit3.o ABSOLUTE
    ../clib/angel/boardlib.s                 0x00000000   Number         0  boardshut.o ABSOLUTE
    ../clib/angel/handlers.s                 0x00000000   Number         0  __scatter_copy.o ABSOLUTE
    ../clib/angel/handlers.s                 0x00000000   Number         0  __scatter_zi.o ABSOLUTE
    ../clib/angel/kernel.s                   0x00000000   Number         0  __rtentry.o ABSOLUTE
    ../clib/angel/kernel.s                   0x00000000   Number         0  __rtentry2.o ABSOLUTE
    ../clib/angel/kernel.s                   0x00000000   Number         0  __rtentry4.o ABSOLUTE
    ../clib/angel/kernel.s                   0x00000000   Number         0  rtexit.o ABSOLUTE
    ../clib/angel/kernel.s                   0x00000000   Number         0  rtexit2.o ABSOLUTE
    ../clib/angel/rt.s                       0x00000000   Number         0  rt_ctype_table.o ABSOLUTE
    ../clib/angel/rt.s                       0x00000000   Number         0  rt_locale.o ABSOLUTE
    ../clib/angel/rt.s                       0x00000000   Number         0  rt_locale_intlibspace.o ABSOLUTE
    ../clib/angel/rt.s                       0x00000000   Number         0  rt_ddtor_pointer_addr.o ABSOLUTE
    ../clib/angel/rt.s                       0x00000000   Number         0  rt_ddtor_pointer_addr_intlibspace.o ABSOLUTE
    ../clib/angel/rt.s                       0x00000000   Number         0  rt_raise.o ABSOLUTE
    ../clib/angel/rt.s                       0x00000000   Number         0  rt_heap_descriptor.o ABSOLUTE
    ../clib/angel/rt.s                       0x00000000   Number         0  rt_heap_descriptor_intlibspace.o ABSOLUTE
    ../clib/angel/rt.s                       0x00000000   Number         0  rt_errno_addr.o ABSOLUTE
    ../clib/angel/rt.s                       0x00000000   Number         0  rt_errno_addr_intlibspace.o ABSOLUTE
    ../clib/angel/scatter.s                  0x00000000   Number         0  __scatter.o ABSOLUTE
    ../clib/angel/startup.s                  0x00000000   Number         0  __main.o ABSOLUTE
    ../clib/angel/sys.s                      0x00000000   Number         0  libspace.o ABSOLUTE
    ../clib/angel/sys.s                      0x00000000   Number         0  mutex_dummy.o ABSOLUTE
    ../clib/angel/sys.s                      0x00000000   Number         0  sys_stackheap_outer.o ABSOLUTE
    ../clib/angel/sys.s                      0x00000000   Number         0  use_no_semi.o ABSOLUTE
    ../clib/angel/sys.s                      0x00000000   Number         0  indicate_semi.o ABSOLUTE
    ../clib/angel/sysapp.c                   0x00000000   Number         0  sys_io_names.o ABSOLUTE
    ../clib/angel/sysapp.c                   0x00000000   Number         0  sys_io.o ABSOLUTE
    ../clib/angel/sysapp.c                   0x00000000   Number         0  sys_io_hlt.o ABSOLUTE
    ../clib/angel/sysapp.c                   0x00000000   Number         0  sys_command.o ABSOLUTE
    ../clib/angel/sysapp.c                   0x00000000   Number         0  sys_exit.o ABSOLUTE
    ../clib/angel/sysapp.c                   0x00000000   Number         0  sys_command_hlt.o ABSOLUTE
    ../clib/angel/sysapp.c                   0x00000000   Number         0  sys_exit_hlt.o ABSOLUTE
    ../clib/angel/sysapp.c                   0x00000000   Number         0  sys_wrch.o ABSOLUTE
    ../clib/angel/sysapp.c                   0x00000000   Number         0  sys_wrch_hlt.o ABSOLUTE
    ../clib/arm_runtime.c                    0x00000000   Number         0  init_aeabi.o ABSOLUTE
    ../clib/arm_runtime.c                    0x00000000   Number         0  init_aeabi.o ABSOLUTE
    ../clib/armsys.c                         0x00000000   Number         0  argv_veneer.o ABSOLUTE
    ../clib/armsys.c                         0x00000000   Number         0  argv_veneer.o ABSOLUTE
    ../clib/armsys.c                         0x00000000   Number         0  _get_argv.o ABSOLUTE
    ../clib/armsys.c                         0x00000000   Number         0  _get_argv_nomalloc.o ABSOLUTE
    ../clib/armsys.c                         0x00000000   Number         0  no_argv.o ABSOLUTE
    ../clib/assert.c                         0x00000000   Number         0  assert_stdio.o ABSOLUTE
    ../clib/bigflt.c                         0x00000000   Number         0  bigflt0.o ABSOLUTE
    ../clib/btod.s                           0x00000000   Number         0  btod.o ABSOLUTE
[...]
    .L.str                                   0x08004d17   Data          19  n32g4fr_it.o(.rodata.str1.1)
    [Anonymous Symbol]                       0x08004d17   Section        0  n32g4fr_it.o(.rodata.str1.1)
    .L.str.2                                 0x08004d2a   Data           7  segger_rtt.o(.rodata.str1.1)
    [Anonymous Symbol]                       0x08004d2a   Section        0  segger_rtt.o(.rodata.str1.1)
    .L.str.1                                 0x08004d31   Data           4  segger_rtt.o(.rodata.str1.1)
    .L.str                                   0x08004d35   Data           9  segger_rtt.o(.rodata.str1.1)
    locale$$data                             0x08004d60   Section      272  lc_ctype_c.o(locale$$data)
    __lcctype_c_name                         0x08004d64   Data           2  lc_ctype_c.o(locale$$data)
    __lcctype_c_start                        0x08004d6c   Data           0  lc_ctype_c.o(locale$$data)
    __lcctype_c_end                          0x08004e70   Data           0  lc_ctype_c.o(locale$$data)
    locale$$data                             0x08004e70   Section       28  lc_numeric_c.o(locale$$data)
    __lcnum_c_name                           0x08004e74   Data           2  lc_numeric_c.o(locale$$data)
    __lcnum_c_start                          0x08004e7c   Data           0  lc_numeric_c.o(locale$$data)
    __lcnum_c_point                          0x08004e88   Data           0  lc_numeric_c.o(locale$$data)
    __lcnum_c_thousands                      0x08004e8a   Data           0  lc_numeric_c.o(locale$$data)
    __lcnum_c_grouping                       0x08004e8b   Data           0  lc_numeric_c.o(locale$$data)
    __lcnum_c_end                            0x08004e8c   Data           0  lc_numeric_c.o(locale$$data)
    .init_array                              0x08004e90   Section        0  init_aeabi.o(.init_array)
    .data                                    0x20000000   Section        4  stdio_streams.o(.data)
    .data                                    0x20000004   Section        4  stdio_streams.o(.data)
    .data                                    0x20000008   Section        4  stdio_streams.o(.data)
    .bss                                     0x20000028   Section       84  stdio_streams.o(.bss)
    .bss                                     0x2000007c   Section       84  stdio_streams.o(.bss)
    .bss                                     0x200000d0   Section       84  stdio_streams.o(.bss)
    .bss                                     0x20000124   Section       96  libspace.o(.bss)
    HardFaultRegs                            0x200020c4   Data          64  segger_hardfaulthandler.o(.bss.HardFaultRegs)
    [Anonymous Symbol]                       0x200020c4   Section        0  segger_hardfaulthandler.o(.bss.HardFaultRegs)
    _Continue                                0x20002104   Data           4  segger_hardfaulthandler.o(.bss._Continue)
    [Anonymous Symbol]                       0x20002104   Section        0  segger_hardfaulthandler.o(.bss._Continue)
    _acDownBuffer                            0x200021b0   Data          16  segger_rtt.o(.bss._acDownBuffer)
    [Anonymous Symbol]                       0x200021b0   Section        0  segger_rtt.o(.bss._acDownBuffer)
    _acUpBuffer                              0x200021c0   Data        1024  segger_rtt.o(.bss._acUpBuffer)
    [Anonymous Symbol]                       0x200021c0   Section        0  segger_rtt.o(.bss._acUpBuffer)
    Heap_Mem                                 0x200025d0   Data           0  startup_n32g4fr.o(HEAP)
    Stack_Mem                                0x200025d0   Data        2048  startup_n32g4fr.o(STACK)
    HEAP                                     0x200025d0   Section        0  startup_n32g4fr.o(HEAP)
    STACK                                    0x200025d0   Section     2048  startup_n32g4fr.o(STACK)
    __initial_sp                             0x20002dd0   Data           0  startup_n32g4fr.o(STACK)

    Global Symbols

    Symbol Name                              Value     Ov Type        Size  Object(Section)

    BuildAttributes$$THM_ISAv4$E$P$D$K$B$S$7EM$VFPi3$EXTD16$VFPS$VFMA$PE$A:L22UL41UL21$X:L11$S22US41US21$IEEE1$IW$~IW$USESV6$~STKCKD$USESV7$~SHL$OTIME$ROPI$IEEEJ$EBA8$UX$STANDARDLIB$REQ8$PRES8$EABIv2 0x00000000   Number         0  anon$$obj.o ABSOLUTE
    _printf_flags                            0x00000000   Number         0  printf_stubs.o ABSOLUTE
    _printf_return_value                     0x00000000   Number         0  printf_stubs.o ABSOLUTE
    _printf_sizespec                         0x00000000   Number         0  printf_stubs.o ABSOLUTE
    _printf_widthprec                        0x00000000   Number         0  printf_stubs.o ABSOLUTE
    __ARM_exceptions_init                     - Undefined Weak Reference
    __alloca_initialize                       - Undefined Weak Reference
    __arm_preinit_                            - Undefined Weak Reference
    __sigvec_lookup                           - Undefined Weak Reference
    __user_heap_extent                        - Undefined Weak Reference
    _atexit_init                              - Undefined Weak Reference
    _call_atexit_fns                          - Undefined Weak Reference
    _clock_init                               - Undefined Weak Reference
    _fp_trap_init                             - Undefined Weak Reference
    _fp_trap_shutdown                         - Undefined Weak Reference
    _get_lc_collate                           - Undefined Weak Reference
    _get_lc_monetary                          - Undefined Weak Reference
    _get_lc_time                              - Undefined Weak Reference
    _getenv_init                              - Undefined Weak Reference
    _handle_redirection                       - Undefined Weak Reference
    _mutex_acquire                            - Undefined Weak Reference
    _mutex_free                               - Undefined Weak Reference
    _mutex_release                            - Undefined Weak Reference
    _printf_mbtowc                            - Undefined Weak Reference
    _printf_wc                                - Undefined Weak Reference
    _rand_init                                - Undefined Weak Reference
    _signal_finish                            - Undefined Weak Reference
    _signal_init                              - Undefined Weak Reference
    __Vectors_Size                           0x00000198   Number         0  startup_n32g4fr.o ABSOLUTE
    __Vectors                                0x08000000   Data           4  startup_n32g4fr.o(RESET)
    __dso_handle                             0x08000000   Number         0  startup_n32g4fr.o(RESET)
    __Vectors_End                            0x08000198   Data           0  startup_n32g4fr.o(RESET)
    __main                                   0x08000199   Thumb Code     8  __main.o(!!!main)
    __scatterload                            0x080001a1   Thumb Code     0  __scatter.o(!!!scatter)
    __scatterload_rt2                        0x080001a1   Thumb Code    44  __scatter.o(!!!scatter)
    __scatterload_rt2_thumb_only             0x080001a1   Thumb Code     0  __scatter.o(!!!scatter)
    __scatterload_null                       0x080001af   Thumb Code     0  __scatter.o(!!!scatter)
    __scatterload_copy                       0x080001d5   Thumb Code    26  __scatter_copy.o(!!handler_copy)
    __scatterload_zeroinit                   0x080001f1   Thumb Code    28  __scatter_zi.o(!!handler_zi)
    _printf_n                                0x0800020d   Thumb Code     0  _printf_n.o(.ARM.Collect$$_printf_percent$$00000001)
    _printf_percent                          0x0800020d   Thumb Code     0  _printf_percent.o(.ARM.Collect$$_printf_percent$$00000000)
    _printf_p                                0x08000213   Thumb Code     0  _printf_p.o(.ARM.Collect$$_printf_percent$$00000002)
    _printf_f                                0x08000219   Thumb Code     0  _printf_f.o(.ARM.Collect$$_printf_percent$$00000003)
    _printf_e                                0x0800021f   Thumb Code     0  _printf_e.o(.ARM.Collect$$_printf_percent$$00000004)
    _printf_g                                0x08000225   Thumb Code     0  _printf_g.o(.ARM.Collect$$_printf_percent$$00000005)
    _printf_a                                0x0800022b   Thumb Code     0  _printf_a.o(.ARM.Collect$$_printf_percent$$00000006)
    _printf_ll                               0x08000231   Thumb Code     0  _printf_ll.o(.ARM.Collect$$_printf_percent$$00000007)
    _printf_i                                0x0800023b   Thumb Code     0  _printf_i.o(.ARM.Collect$$_printf_percent$$00000008)
    _printf_d                                0x08000241   Thumb Code     0  _printf_d.o(.ARM.Collect$$_printf_percent$$00000009)
    _printf_u                                0x08000247   Thumb Code     0  _printf_u.o(.ARM.Collect$$_printf_percent$$0000000A)
    _printf_o                                0x0800024d   Thumb Code     0  _printf_o.o(.ARM.Collect$$_printf_percent$$0000000B)
    _printf_x                                0x08000253   Thumb Code     0  _printf_x.o(.ARM.Collect$$_printf_percent$$0000000C)
    _printf_lli                              0x08000259   Thumb Code     0  _printf_lli.o(.ARM.Collect$$_printf_percent$$0000000D)
    _printf_lld                              0x0800025f   Thumb Code     0  _printf_lld.o(.ARM.Collect$$_printf_percent$$0000000E)
    _printf_llu                              0x08000265   Thumb Code     0  _printf_llu.o(.ARM.Collect$$_printf_percent$$0000000F)
    _printf_llo                              0x0800026b   Thumb Code     0  _printf_llo.o(.ARM.Collect$$_printf_percent$$00000010)
    _printf_llx                              0x08000271   Thumb Code     0  _printf_llx.o(.ARM.Collect$$_printf_percent$$00000011)
    _printf_l                                0x08000277   Thumb Code     0  _printf_l.o(.ARM.Collect$$_printf_percent$$00000012)
    _printf_c                                0x08000281   Thumb Code     0  _printf_c.o(.ARM.Collect$$_printf_percent$$00000013)
    _printf_s                                0x08000287   Thumb Code     0  _printf_s.o(.ARM.Collect$$_printf_percent$$00000014)
    _printf_lc                               0x0800028d   Thumb Code     0  _printf_lc.o(.ARM.Collect$$_printf_percent$$00000015)
    _printf_ls                               0x08000293   Thumb Code     0  _printf_ls.o(.ARM.Collect$$_printf_percent$$00000016)
    _printf_percent_end                      0x08000299   Thumb Code     0  _printf_percent_end.o(.ARM.Collect$$_printf_percent$$00000017)
    __rt_lib_init                            0x0800029d   Thumb Code     0  libinit.o(.ARM.Collect$$libinit$$00000000)
    __rt_lib_init_fp_1                       0x0800029f   Thumb Code     0  libinit2.o(.ARM.Collect$$libinit$$00000001)
    __rt_lib_init_heap_2                     0x080002a3   Thumb Code     0  libinit2.o(.ARM.Collect$$libinit$$00000005)
    __rt_lib_init_preinit_1                  0x080002a3   Thumb Code     0  libinit2.o(.ARM.Collect$$libinit$$00000004)
    __rt_lib_init_heap_1                     0x080002ab   Thumb Code     0  libinit2.o(.ARM.Collect$$libinit$$0000000A)
    __rt_lib_init_lc_common                  0x080002ab   Thumb Code     0  libinit2.o(.ARM.Collect$$libinit$$0000000F)
    __rt_lib_init_rand_1                     0x080002ab   Thumb Code     0  libinit2.o(.ARM.Collect$$libinit$$0000000E)
    __rt_lib_init_user_alloc_1               0x080002ab   Thumb Code     0  libinit2.o(.ARM.Collect$$libinit$$0000000C)
    __rt_lib_init_lc_collate_1               0x080002b1   Thumb Code     0  libinit2.o(.ARM.Collect$$libinit$$00000011)
    __rt_lib_init_lc_ctype_2                 0x080002b1   Thumb Code     0  libinit2.o(.ARM.Collect$$libinit$$00000012)
    __rt_lib_init_lc_ctype_1                 0x080002bd   Thumb Code     0  libinit2.o(.ARM.Collect$$libinit$$00000013)
    __rt_lib_init_lc_monetary_1              0x080002bd   Thumb Code     0  libinit2.o(.ARM.Collect$$libinit$$00000015)
    __rt_lib_init_lc_numeric_2               0x080002bd   Thumb Code     0  libinit2.o(.ARM.Collect$$libinit$$00000016)
    __rt_lib_init_atexit_1                   0x080002c7   Thumb Code     0  libinit2.o(.ARM.Collect$$libinit$$0000001B)
    __rt_lib_init_clock_1                    0x080002c7   Thumb Code     0  libinit2.o(.ARM.Collect$$libinit$$00000021)
    __rt_lib_init_fp_trap_1                  0x080002c7   Thumb Code     0  libinit2.o(.ARM.Collect$$libinit$$0000001F)
    __rt_lib_init_getenv_1                   0x080002c7   Thumb Code     0  libinit2.o(.ARM.Collect$$libinit$$00000023)
    __rt_lib_init_lc_numeric_1               0x080002c7   Thumb Code     0  libinit2.o(.ARM.Collect$$libinit$$00000017)
    __rt_lib_init_lc_time_1                  0x080002c7   Thumb Code     0  libinit2.o(.ARM.Collect$$libinit$$00000019)
    __rt_lib_init_signal_1                   0x080002c7   Thumb Code     0  libinit2.o(.ARM.Collect$$libinit$$0000001D)
    __rt_lib_init_stdio_2                    0x080002c7   Thumb Code     0  libinit2.o(.ARM.Collect$$libinit$$00000024)
    __rt_lib_init_alloca_1                   0x080002cb   Thumb Code     0  libinit2.o(.ARM.Collect$$libinit$$0000002E)
    __rt_lib_init_argv_1                     0x080002cb   Thumb Code     0  libinit2.o(.ARM.Collect$$libinit$$0000002C)
    __rt_lib_init_cpp_2                      0x080002cb   Thumb Code     0  libinit2.o(.ARM.Collect$$libinit$$00000031)
    __rt_lib_init_exceptions_1               0x080002cb   Thumb Code     0  libinit2.o(.ARM.Collect$$libinit$$00000030)
    __rt_lib_init_stdio_1                    0x080002cb   Thumb Code     0  libinit2.o(.ARM.Collect$$libinit$$00000025)
    __rt_lib_init_cpp_1                      0x080002cf   Thumb Code     0  libinit2.o(.ARM.Collect$$libinit$$00000032)
    __rt_lib_init_return                     0x080002cf   Thumb Code     0  libinit2.o(.ARM.Collect$$libinit$$00000033)
    __rt_lib_shutdown                        0x080002d1   Thumb Code     0  libshutdown.o(.ARM.Collect$$libshutdown$$00000000)
    __rt_lib_shutdown_cpp_2                  0x080002d3   Thumb Code     0  libshutdown2.o(.ARM.Collect$$libshutdown$$00000001)
    __rt_lib_shutdown_cpp_1                  0x080002d9   Thumb Code     0  libshutdown2.o(.ARM.Collect$$libshutdown$$00000002)
    __rt_lib_shutdown_stdio_2                0x080002d9   Thumb Code     0  libshutdown2.o(.ARM.Collect$$libshutdown$$00000003)
    __rt_lib_shutdown_fp_trap_1              0x080002dd   Thumb Code     0  libshutdown2.o(.ARM.Collect$$libshutdown$$00000007)
    __rt_lib_shutdown_heap_1                 0x080002dd   Thumb Code     0  libshutdown2.o(.ARM.Collect$$libshutdown$$0000000F)
    __rt_lib_shutdown_return                 0x080002dd   Thumb Code     0  libshutdown2.o(.ARM.Collect$$libshutdown$$00000010)
    __rt_lib_shutdown_signal_1               0x080002dd   Thumb Code     0  libshutdown2.o(.ARM.Collect$$libshutdown$$0000000A)
    __rt_lib_shutdown_stdio_1                0x080002dd   Thumb Code     0  libshutdown2.o(.ARM.Collect$$libshutdown$$00000004)
    __rt_lib_shutdown_user_alloc_1           0x080002dd   Thumb Code     0  libshutdown2.o(.ARM.Collect$$libshutdown$$0000000C)
    __rt_entry                               0x080002df   Thumb Code     0  __rtentry.o(.ARM.Collect$$rtentry$$00000000)
    __rt_entry_presh_1                       0x080002df   Thumb Code     0  __rtentry2.o(.ARM.Collect$$rtentry$$00000002)
    __rt_entry_sh                            0x080002df   Thumb Code     0  __rtentry4.o(.ARM.Collect$$rtentry$$00000004)
    __rt_entry_li                            0x080002e5   Thumb Code     0  __rtentry2.o(.ARM.Collect$$rtentry$$0000000A)
    __rt_entry_postsh_1                      0x080002e5   Thumb Code     0  __rtentry2.o(.ARM.Collect$$rtentry$$00000009)
    __rt_entry_main                          0x080002e9   Thumb Code     0  __rtentry2.o(.ARM.Collect$$rtentry$$0000000D)
    __rt_entry_postli_1                      0x080002e9   Thumb Code     0  __rtentry2.o(.ARM.Collect$$rtentry$$0000000C)
    __rt_exit                                0x080002f1   Thumb Code     0  rtexit.o(.ARM.Collect$$rtexit$$00000000)
    __rt_exit_ls                             0x080002f3   Thumb Code     0  rtexit2.o(.ARM.Collect$$rtexit$$00000003)
    __rt_exit_prels_1                        0x080002f3   Thumb Code     0  rtexit2.o(.ARM.Collect$$rtexit$$00000002)
    __rt_exit_exit                           0x080002f7   Thumb Code     0  rtexit2.o(.ARM.Collect$$rtexit$$00000004)
    Reset_Handler                            0x080002fd   Thumb Code     8  startup_n32g4fr.o(.text)
    PendSV_Handler                           0x08000313   Thumb Code     2  startup_n32g4fr.o(.text)
    ADC1_2_IRQHandler                        0x08000317   Thumb Code     0  startup_n32g4fr.o(.text)
    ADC3_4_IRQHandler                        0x08000317   Thumb Code     0  startup_n32g4fr.o(.text)
    CAN1_RX1_IRQHandler                      0x08000317   Thumb Code     0  startup_n32g4fr.o(.text)
    CAN1_SCE_IRQHandler                      0x08000317   Thumb Code     0  startup_n32g4fr.o(.text)
    CAN2_RX0_IRQHandler                      0x08000317   Thumb Code     0  startup_n32g4fr.o(.text)
    CAN2_RX1_IRQHandler                      0x08000317   Thumb Code     0  startup_n32g4fr.o(.text)
    CAN2_SCE_IRQHandler                      0x08000317   Thumb Code     0  startup_n32g4fr.o(.text)
    CAN2_TX_IRQHandler                       0x08000317   Thumb Code     0  startup_n32g4fr.o(.text)
    COMP7_IRQHandler                         0x08000317   Thumb Code     0  startup_n32g4fr.o(.text)
    COMP_1_2_3_IRQHandler                    0x08000317   Thumb Code     0  startup_n32g4fr.o(.text)
    COMP_4_5_6_IRQHandler                    0x08000317   Thumb Code     0  startup_n32g4fr.o(.text)
    DMA1_Channel1_IRQHandler                 0x08000317   Thumb Code     0  startup_n32g4fr.o(.text)
    DMA1_Channel2_IRQHandler                 0x08000317   Thumb Code     0  startup_n32g4fr.o(.text)
    DMA1_Channel3_IRQHandler                 0x08000317   Thumb Code     0  startup_n32g4fr.o(.text)
    DMA1_Channel4_IRQHandler                 0x08000317   Thumb Code     0  startup_n32g4fr.o(.text)
    DMA1_Channel5_IRQHandler                 0x08000317   Thumb Code     0  startup_n32g4fr.o(.text)
    DMA1_Channel6_IRQHandler                 0x08000317   Thumb Code     0  startup_n32g4fr.o(.text)
    DMA1_Channel7_IRQHandler                 0x08000317   Thumb Code     0  startup_n32g4fr.o(.text)
    DMA1_Channel8_IRQHandler                 0x08000317   Thumb Code     0  startup_n32g4fr.o(.text)
    DMA2_Channel1_IRQHandler                 0x08000317   Thumb Code     0  startup_n32g4fr.o(.text)
    DMA2_Channel2_IRQHandler                 0x08000317   Thumb Code     0  startup_n32g4fr.o(.text)
    DMA2_Channel3_IRQHandler                 0x08000317   Thumb Code     0  startup_n32g4fr.o(.text)
    DMA2_Channel4_IRQHandler                 0x08000317   Thumb Code     0  startup_n32g4fr.o(.text)
    DMA2_Channel5_IRQHandler                 0x08000317   Thumb Code     0  startup_n32g4fr.o(.text)
    DMA2_Channel6_IRQHandler                 0x08000317   Thumb Code     0  startup_n32g4fr.o(.text)
    DMA2_Channel7_IRQHandler                 0x08000317   Thumb Code     0  startup_n32g4fr.o(.text)
    DMA2_Channel8_IRQHandler                 0x08000317   Thumb Code     0  startup_n32g4fr.o(.text)
    DVP_IRQHandler                           0x08000317   Thumb Code     0  startup_n32g4fr.o(.text)
    ETH_IRQHandler                           0x08000317   Thumb Code     0  startup_n32g4fr.o(.text)
    ETH_WKUP_IRQHandler                      0x08000317   Thumb Code     0  startup_n32g4fr.o(.text)
    EXTI0_IRQHandler                         0x08000317   Thumb Code     0  startup_n32g4fr.o(.text)
    EXTI15_10_IRQHandler                     0x08000317   Thumb Code     0  startup_n32g4fr.o(.text)
    EXTI1_IRQHandler                         0x08000317   Thumb Code     0  startup_n32g4fr.o(.text)
    EXTI2_IRQHandler                         0x08000317   Thumb Code     0  startup_n32g4fr.o(.text)
    EXTI3_IRQHandler                         0x08000317   Thumb Code     0  startup_n32g4fr.o(.text)
    EXTI4_IRQHandler                         0x08000317   Thumb Code     0  startup_n32g4fr.o(.text)
    EXTI9_5_IRQHandler                       0x08000317   Thumb Code     0  startup_n32g4fr.o(.text)
    FLASH_IRQHandler                         0x08000317   Thumb Code     0  startup_n32g4fr.o(.text)
    I2C1_ER_IRQHandler                       0x08000317   Thumb Code     0  startup_n32g4fr.o(.text)
    I2C1_EV_IRQHandler                       0x08000317   Thumb Code     0  startup_n32g4fr.o(.text)
    I2C2_ER_IRQHandler                       0x08000317   Thumb Code     0  startup_n32g4fr.o(.text)
    I2C2_EV_IRQHandler                       0x08000317   Thumb Code     0  startup_n32g4fr.o(.text)
    I2C3_ER_IRQHandler                       0x08000317   Thumb Code     0  startup_n32g4fr.o(.text)
    I2C3_EV_IRQHandler                       0x08000317   Thumb Code     0  startup_n32g4fr.o(.text)
    I2C4_ER_IRQHandler                       0x08000317   Thumb Code     0  startup_n32g4fr.o(.text)
    I2C4_EV_IRQHandler                       0x08000317   Thumb Code     0  startup_n32g4fr.o(.text)
    MMU_IRQHandler                           0x08000317   Thumb Code     0  startup_n32g4fr.o(.text)
    PVD_IRQHandler                           0x08000317   Thumb Code     0  startup_n32g4fr.o(.text)
    QSPI_IRQHandler                          0x08000317   Thumb Code     0  startup_n32g4fr.o(.text)
    RCC_IRQHandler                           0x08000317   Thumb Code     0  startup_n32g4fr.o(.text)
    RSRAM_IRQHandler                         0x08000317   Thumb Code     0  startup_n32g4fr.o(.text)
    RTCAlarm_IRQHandler                      0x08000317   Thumb Code     0  startup_n32g4fr.o(.text)
    RTC_WKUP_IRQHandler                      0x08000317   Thumb Code     0  startup_n32g4fr.o(.text)
    SAC_IRQHandler                           0x08000317   Thumb Code     0  startup_n32g4fr.o(.text)
    SDIO_IRQHandler                          0x08000317   Thumb Code     0  startup_n32g4fr.o(.text)
    SPI1_IRQHandler                          0x08000317   Thumb Code     0  startup_n32g4fr.o(.text)
    SPI2_IRQHandler                          0x08000317   Thumb Code     0  startup_n32g4fr.o(.text)
    SPI3_IRQHandler                          0x08000317   Thumb Code     0  startup_n32g4fr.o(.text)
    TAMPER_IRQHandler                        0x08000317   Thumb Code     0  startup_n32g4fr.o(.text)
    TIM1_BRK_IRQHandler                      0x08000317   Thumb Code     0  startup_n32g4fr.o(.text)
    TIM1_CC_IRQHandler                       0x08000317   Thumb Code     0  startup_n32g4fr.o(.text)
    TIM1_TRG_COM_IRQHandler                  0x08000317   Thumb Code     0  startup_n32g4fr.o(.text)
    TIM1_UP_IRQHandler                       0x08000317   Thumb Code     0  startup_n32g4fr.o(.text)
    TIM2_IRQHandler                          0x08000317   Thumb Code     0  startup_n32g4fr.o(.text)
    TIM3_IRQHandler                          0x08000317   Thumb Code     0  startup_n32g4fr.o(.text)
    TIM4_IRQHandler                          0x08000317   Thumb Code     0  startup_n32g4fr.o(.text)
    TIM5_IRQHandler                          0x08000317   Thumb Code     0  startup_n32g4fr.o(.text)
    TIM6_IRQHandler                          0x08000317   Thumb Code     0  startup_n32g4fr.o(.text)
    TIM7_IRQHandler                          0x08000317   Thumb Code     0  startup_n32g4fr.o(.text)
    TIM8_BRK_IRQHandler                      0x08000317   Thumb Code     0  startup_n32g4fr.o(.text)
    TIM8_CC_IRQHandler                       0x08000317   Thumb Code     0  startup_n32g4fr.o(.text)
    TIM8_TRG_COM_IRQHandler                  0x08000317   Thumb Code     0  startup_n32g4fr.o(.text)
    TIM8_UP_IRQHandler                       0x08000317   Thumb Code     0  startup_n32g4fr.o(.text)
    TSC_IRQHandler                           0x08000317   Thumb Code     0  startup_n32g4fr.o(.text)
    UART4_IRQHandler                         0x08000317   Thumb Code     0  startup_n32g4fr.o(.text)
    UART5_IRQHandler                         0x08000317   Thumb Code     0  startup_n32g4fr.o(.text)
    UART6_IRQHandler                         0x08000317   Thumb Code     0  startup_n32g4fr.o(.text)
    UART7_IRQHandler                         0x08000317   Thumb Code     0  startup_n32g4fr.o(.text)
    USART1_IRQHandler                        0x08000317   Thumb Code     0  startup_n32g4fr.o(.text)
    USART2_IRQHandler                        0x08000317   Thumb Code     0  startup_n32g4fr.o(.text)
    USBWakeUp_IRQHandler                     0x08000317   Thumb Code     0  startup_n32g4fr.o(.text)
    USB_HP_CAN1_TX_IRQHandler                0x08000317   Thumb Code     0  startup_n32g4fr.o(.text)
    USB_LP_CAN1_RX0_IRQHandler               0x08000317   Thumb Code     0  startup_n32g4fr.o(.text)
    WWDG_IRQHandler                          0x08000317   Thumb Code     0  startup_n32g4fr.o(.text)
    XFMC_IRQHandler                          0x08000317   Thumb Code     0  startup_n32g4fr.o(.text)
    __user_initial_stackheap                 0x08000319   Thumb Code     0  startup_n32g4fr.o(.text)
    __rt_ctype_table                         0x08000339   Thumb Code    16  rt_ctype_table.o(.text)
    printf                                   0x08000349   Thumb Code    20  printf.o(.text)
    __cxa_atexit                             0x08000361   Thumb Code    10  cxa_atexit.o(.text)
    strcpy                                   0x0800036b   Thumb Code    72  strcpy.o(.text)
    strlen                                   0x080003b3   Thumb Code    62  strlen.o(.text)
    __aeabi_memcpy                           0x080003f1   Thumb Code     0  rt_memcpy_v6.o(.text)
    __rt_memcpy                              0x080003f1   Thumb Code   138  rt_memcpy_v6.o(.text)
    _memcpy_lastbytes                        0x08000457   Thumb Code     0  rt_memcpy_v6.o(.text)
    __aeabi_memclr                           0x0800047b   Thumb Code     0  rt_memclr.o(.text)
    __rt_memclr                              0x0800047b   Thumb Code     0  rt_memclr.o(.text)
    _memset                                  0x0800047f   Thumb Code    64  rt_memclr.o(.text)
    strcmp                                   0x080004c1   Thumb Code   124  strcmpv7em.o(.text)
    __use_two_region_memory                  0x0800053d   Thumb Code     2  heapauxi.o(.text)
    __rt_heap_escrow                         0x0800053f   Thumb Code     2  heapauxi.o(.text)
    __rt_heap_expand                         0x08000541   Thumb Code     2  heapauxi.o(.text)
    __cpp_initialize__aeabi_                 0x08000545   Thumb Code    28  init_aeabi.o(.text)
    __rt_locale                              0x08000569   Thumb Code     8  rt_locale_intlibspace.o(.text)
    _printf_pre_padding                      0x08000571   Thumb Code    44  _printf_pad.o(.text)
    _printf_post_padding                     0x0800059d   Thumb Code    34  _printf_pad.o(.text)
    _printf_truncate_signed                  0x080005bf   Thumb Code    18  _printf_truncate.o(.text)
    _printf_truncate_unsigned                0x080005d1   Thumb Code    18  _printf_truncate.o(.text)
    _printf_str                              0x080005e3   Thumb Code    82  _printf_str.o(.text)
    _printf_int_dec                          0x08000635   Thumb Code   104  _printf_dec.o(.text)
    _printf_charcount                        0x080006ad   Thumb Code    40  _printf_charcount.o(.text)
    _printf_char_file                        0x080006d5   Thumb Code    32  _printf_char_file.o(.text)
    _printf_wctomb                           0x080006f9   Thumb Code   182  _printf_wctomb.o(.text)
    _printf_longlong_dec                     0x080007b5   Thumb Code   108  _printf_longlong_dec.o(.text)
    _printf_longlong_oct                     0x08000831   Thumb Code    68  _printf_oct_int_ll.o(.text)
    _printf_int_oct                          0x08000875   Thumb Code    24  _printf_oct_int_ll.o(.text)
    _printf_ll_oct                           0x0800088d   Thumb Code    12  _printf_oct_int_ll.o(.text)
    _printf_longlong_hex                     0x080008a1   Thumb Code    86  _printf_hex_int_ll_ptr.o(.text)
    _printf_int_hex                          0x080008f7   Thumb Code    28  _printf_hex_int_ll_ptr.o(.text)
    _printf_ll_hex                           0x08000913   Thumb Code    12  _printf_hex_int_ll_ptr.o(.text)
    _printf_hex_ptr                          0x0800091f   Thumb Code    18  _printf_hex_int_ll_ptr.o(.text)
    __printf                                 0x08000935   Thumb Code   388  __printf_flags_ss_wp.o(.text)
    _initio                                  0x08000abd   Thumb Code   210  initio.o(.text)
    _terminateio                             0x08000b8f   Thumb Code    56  initio.o(.text)
    __aeabi_atexit                           0x08000bf5   Thumb Code    46  aeabi_atexit.o(.text)
    __aeabi_memcpy4                          0x08000c23   Thumb Code     0  rt_memcpy_w.o(.text)
    __aeabi_memcpy8                          0x08000c23   Thumb Code     0  rt_memcpy_w.o(.text)
    __rt_memcpy_w                            0x08000c23   Thumb Code   100  rt_memcpy_w.o(.text)
    _memcpy_lastbytes_aligned                0x08000c6b   Thumb Code     0  rt_memcpy_w.o(.text)
    __aeabi_memclr4                          0x08000c87   Thumb Code     0  rt_memclr_w.o(.text)
    __aeabi_memclr8                          0x08000c87   Thumb Code     0  rt_memclr_w.o(.text)
    __rt_memclr_w                            0x08000c87   Thumb Code     0  rt_memclr_w.o(.text)
    _memset_w                                0x08000c8b   Thumb Code    74  rt_memclr_w.o(.text)
    __user_libspace                          0x08000cd5   Thumb Code     8  libspace.o(.text)
    __user_perproc_libspace                  0x08000cd5   Thumb Code     0  libspace.o(.text)
    __user_perthread_libspace                0x08000cd5   Thumb Code     0  libspace.o(.text)
    __rt_ddtor_pointer_addr                  0x08000cdd   Thumb Code     8  rt_ddtor_pointer_addr_intlibspace.o(.text)
    malloc                                   0x08000ce5   Thumb Code    94  h1_alloc.o(.text)
    free                                     0x08000d43   Thumb Code    78  h1_free.o(.text)
    _ll_udiv10                               0x08000d91   Thumb Code   138  lludiv10.o(.text)
    _printf_int_common                       0x08000e1b   Thumb Code   178  _printf_intcommon.o(.text)
    _printf_fp_dec_real                      0x0800107d   Thumb Code   620  _printf_fp_dec.o(.text)
    _printf_fp_hex_real                      0x080012e9   Thumb Code   756  _printf_fp_hex.o(.text)
    _printf_char_common                      0x080015ef   Thumb Code    32  _printf_char_common.o(.text)
    _printf_cs_common                        0x08001615   Thumb Code    20  _printf_char.o(.text)
    _printf_char                             0x08001629   Thumb Code    16  _printf_char.o(.text)
    _printf_string                           0x08001639   Thumb Code     8  _printf_char.o(.text)
    _printf_lcs_common                       0x08001641   Thumb Code    20  _printf_wchar.o(.text)
    _printf_wchar                            0x08001655   Thumb Code    16  _printf_wchar.o(.text)
    _printf_wstring                          0x08001665   Thumb Code     8  _printf_wchar.o(.text)
    ferror                                   0x0800166d   Thumb Code     8  ferror.o(.text)
    __flsbuf                                 0x08001675   Thumb Code   470  flsbuf.o(.text)
    __flsbuf_byte                            0x08001675   Thumb Code     0  flsbuf.o(.text)
    __flsbuf_wide                            0x08001675   Thumb Code     0  flsbuf.o(.text)
    setvbuf                                  0x0800184b   Thumb Code    70  setvbuf.o(.text)
    freopen                                  0x08001891   Thumb Code   160  fopen.o(.text)
    fopen                                    0x08001931   Thumb Code    74  fopen.o(.text)
    _fclose_internal                         0x08001981   Thumb Code    76  fclose.o(.text)
    fclose                                   0x08001981   Thumb Code     0  fclose.o(.text)
    _c16rtomb                                0x080019cd   Thumb Code    72  _c16rtomb.o(.text)
    _wcrtomb                                 0x080019cd   Thumb Code     0  _c16rtomb.o(.text)
    __cxa_finalize                           0x08001a15   Thumb Code    66  cxa_finalize.o(.text)
    __rt_SIGRTRED                            0x08001a57   Thumb Code    14  defsig_rtred_outer.o(.text)
    _sys_open                                0x08001a65   Thumb Code    20  sys_io.o(.text)
    _sys_close                               0x08001a79   Thumb Code    12  sys_io.o(.text)
    _sys_write                               0x08001a85   Thumb Code    16  sys_io.o(.text)
    _sys_read                                0x08001a95   Thumb Code    14  sys_io.o(.text)
    _sys_istty                               0x08001aa3   Thumb Code    12  sys_io.o(.text)
    _sys_seek                                0x08001aaf   Thumb Code    14  sys_io.o(.text)
    _sys_ensure                              0x08001abd   Thumb Code     2  sys_io.o(.text)
    _sys_flen                                0x08001abf   Thumb Code    12  sys_io.o(.text)
    __user_setup_stackheap                   0x08001acb   Thumb Code    74  sys_stackheap_outer.o(.text)
    __rt_heap_descriptor                     0x08001b15   Thumb Code     8  rt_heap_descriptor_intlibspace.o(.text)
    __use_no_heap                            0x08001b1d   Thumb Code     2  hguard.o(.text)
    __heap$guard                             0x08001b1f   Thumb Code     2  hguard.o(.text)
    _terminate_user_alloc                    0x08001b21   Thumb Code     2  init_alloc.o(.text)
    _init_user_alloc                         0x08001b23   Thumb Code     2  init_alloc.o(.text)
    __Heap_Full                              0x08001b25   Thumb Code    34  init_alloc.o(.text)
    __Heap_Broken                            0x08001b47   Thumb Code     6  init_alloc.o(.text)
    _init_alloc                              0x08001b4d   Thumb Code    94  init_alloc.o(.text)
    __Heap_Initialize                        0x08001bab   Thumb Code    10  h1_init.o(.text)
    __Heap_DescSize                          0x08001bb5   Thumb Code     4  h1_init.o(.text)
    _printf_fp_infnan                        0x08001bb9   Thumb Code   112  _printf_fp_infnan.o(.text)
    _btod_etento                             0x08001c39   Thumb Code   224  bigflt0.o(.text)
    _fseek                                   0x08001d1d   Thumb Code   242  fseek.o(.text)
    fseek                                    0x08001d1d   Thumb Code     0  fseek.o(.text)
    _seterr                                  0x08001e15   Thumb Code    20  stdio.o(.text)
    _writebuf                                0x08001e29   Thumb Code    84  stdio.o(.text)
    _fflush                                  0x08001e7d   Thumb Code    70  stdio.o(.text)
    _deferredlazyseek                        0x08001ec3   Thumb Code    60  stdio.o(.text)
    exit                                     0x08001f05   Thumb Code    18  exit.o(.text)
    __sig_exit                               0x08001f17   Thumb Code    10  defsig_exit.o(.text)
    __rt_SIGRTRED_inner                      0x08001f21   Thumb Code    14  defsig_rtred_inner.o(.text)
    _sys_exit                                0x08001f55   Thumb Code     8  sys_exit.o(.text)
    __I$use$semihosting                      0x08001f61   Thumb Code     0  use_no_semi.o(.text)
    __use_no_semihosting_swi                 0x08001f61   Thumb Code     2  use_no_semi.o(.text)
    __Heap_ProvideMemory                     0x08001f63   Thumb Code    52  h1_extend.o(.text)
    __semihosting_library_function           0x08001f63   Thumb Code     0  indicate_semi.o(.text)
    _maybe_terminate_alloc                   0x08001f63   Thumb Code     0  maybetermalloc1.o(.text)
    _ftell_internal                          0x08001f97   Thumb Code    66  ftell.o(.text)
    ftell                                    0x08001f97   Thumb Code     0  ftell.o(.text)
    __default_signal_display                 0x08001fd9   Thumb Code    50  defsig_general.o(.text)
    __rt_SIGRTMEM                            0x0800200b   Thumb Code    14  defsig_rtmem_outer.o(.text)
    _ttywrch                                 0x08002019   Thumb Code    14  sys_wrch.o(.text)
    __aeabi_errno_addr                       0x08002029   Thumb Code     8  rt_errno_addr_intlibspace.o(.text)
    __errno$intlibspace                      0x08002029   Thumb Code     0  rt_errno_addr_intlibspace.o(.text)
    __rt_errno_addr$intlibspace              0x08002029   Thumb Code     0  rt_errno_addr_intlibspace.o(.text)
    __rt_SIGRTMEM_inner                      0x08002031   Thumb Code    22  defsig_rtmem_inner.o(.text)
    ADC_ConfigRegularChannel                 0x08002081   Thumb Code   424  n32g4fr_adc.o(.text.ADC_ConfigRegularChannel)
    ADC_Enable                               0x08002229   Thumb Code    44  n32g4fr_adc.o(.text.ADC_Enable)
    ADC_EnableDMA                            0x08002255   Thumb Code    44  n32g4fr_adc.o(.text.ADC_EnableDMA)
    ADC_EnableSoftwareStartConv              0x08002281   Thumb Code    44  n32g4fr_adc.o(.text.ADC_EnableSoftwareStartConv)
    ADC_GetCalibrationStatus                 0x080022ad   Thumb Code    46  n32g4fr_adc.o(.text.ADC_GetCalibrationStatus)
    ADC_GetFlagStatusNew                     0x080022dd   Thumb Code    52  n32g4fr_adc.o(.text.ADC_GetFlagStatusNew)
    ADC_Init                                 0x08002311   Thumb Code   154  n32g4fr_adc.o(.text.ADC_Init)
    ADC_StartCalibration                     0x080023ad   Thumb Code    18  n32g4fr_adc.o(.text.ADC_StartCalibration)
    BusFault_Handler                         0x080023c1   Thumb Code     4  n32g4fr_it.o(.text.BusFault_Handler)
    DMA_DeInit                               0x080023c5   Thumb Code   580  n32g4fr_dma.o(.text.DMA_DeInit)
    DMA_EnableChannel                        0x08002609   Thumb Code    46  n32g4fr_dma.o(.text.DMA_EnableChannel)
    DMA_Init                                 0x08002639   Thumb Code   108  n32g4fr_dma.o(.text.DMA_Init)
    DebugMon_Handler                         0x080026a5   Thumb Code     2  n32g4fr_it.o(.text.DebugMon_Handler)
    FIFO_GetDataCount                        0x080026a9   Thumb Code    12  fifo.o(.text.FIFO_GetDataCount)
    FIFO_ReadData                            0x080026b5   Thumb Code   156  fifo.o(.text.FIFO_ReadData)
    GPIO_InitPeripheral                      0x08002751   Thumb Code   390  n32g4fr_gpio.o(.text.GPIO_InitPeripheral)
    HardFaultHandler                         0x080028d9   Thumb Code   276  segger_hardfaulthandler.o(.text.HardFaultHandler)
    MemManage_Handler                        0x080029ed   Thumb Code     4  n32g4fr_it.o(.text.MemManage_Handler)
    NMI_Handler                              0x080029f1   Thumb Code     2  n32g4fr_it.o(.text.NMI_Handler)
    NVIC_Init                                0x080029f5   Thumb Code   170  misc.o(.text.NVIC_Init)
    SEGGER_RTT_Write                         0x08002aa1   Thumb Code    76  segger_rtt.o(.text.SEGGER_RTT_Write)
    SEGGER_RTT_WriteNoLock                   0x08002aed   Thumb Code   176  segger_rtt.o(.text.SEGGER_RTT_WriteNoLock)
    SEGGER_RTT_printf                        0x08002b9d   Thumb Code    42  segger_rtt_printf.o(.text.SEGGER_RTT_printf)
    SEGGER_RTT_vprintf                       0x08002bc9   Thumb Code   828  segger_rtt_printf.o(.text.SEGGER_RTT_vprintf)
    SVC_Handler                              0x08002f05   Thumb Code     2  n32g4fr_it.o(.text.SVC_Handler)
    SysTick_Handler                          0x08003051   Thumb Code     2  n32g4fr_it.o(.text.SysTick_Handler)
    SystemInit                               0x08003055   Thumb Code   204  system_n32g4fr.o(.text.SystemInit)
    TIM_ConfigArPreload                      0x08003121   Thumb Code    44  n32g4fr_tim.o(.text.TIM_ConfigArPreload)
    TIM_ConfigInt                            0x0800314d   Thumb Code    52  n32g4fr_tim.o(.text.TIM_ConfigInt)
    TIM_ConfigOc3Preload                     0x08003181   Thumb Code    60  n32g4fr_tim.o(.text.TIM_ConfigOc3Preload)
    TIM_ConfigOc4Preload                     0x080031bd   Thumb Code    62  n32g4fr_tim.o(.text.TIM_ConfigOc4Preload)
    TIM_Enable                               0x080031fd   Thumb Code    44  n32g4fr_tim.o(.text.TIM_Enable)
    TIM_InitOc3                              0x08003229   Thumb Code   262  n32g4fr_tim.o(.text.TIM_InitOc3)
    TIM_InitOc4                              0x08003331   Thumb Code   206  n32g4fr_tim.o(.text.TIM_InitOc4)
    TIM_InitTimeBase                         0x08003401   Thumb Code   756  n32g4fr_tim.o(.text.TIM_InitTimeBase)
    USART3_IRQHandler                        0x080036f5   Thumb Code    68  n32g4fr_it.o(.text.USART3_IRQHandler)
    USART_GetIntStatus                       0x08003739   Thumb Code   176  n32g4fr_usart.o(.text.USART_GetIntStatus)
    USART_ReceiveData                        0x080037e9   Thumb Code    16  n32g4fr_usart.o(.text.USART_ReceiveData)
    UsageFault_Handler                       0x080037f9   Thumb Code     4  n32g4fr_it.o(.text.UsageFault_Handler)
    loop()                                   0x08003e41   Thumb Code     8  main.o(.text._Z4loopv)
    setup()                                  0x08003e49   Thumb Code    16  main.o(.text._Z5setupv)
    Adc::init_timer()                        0x08003e59   Thumb Code   264  adc.o(.text._ZN3Adc10init_timerEv)
    Adc::init()                              0x08003f61   Thumb Code    62  adc.o(.text._ZN3Adc4initEv)
    Adc::init_adc()                          0x08003fa1   Thumb Code   290  adc.o(.text._ZN3Adc8init_adcEv)
    Adc::init_dma()                          0x080040c5   Thumb Code   178  adc.o(.text._ZN3Adc8init_dmaEv)
    Adc::init_pin(GPIO_Module*, unsigned int) 0x08004179   Thumb Code    34  adc.o(.text._ZN3Adc8init_pinEP11GPIO_Modulej)
    Adc::Adc()                               0x0800419d   Thumb Code    28  adc.o(.text._ZN3AdcC2Ev)
    Adc::Adc__sub_object()                   0x0800419d   Thumb Code    28  adc.o(.text._ZN3AdcC2Ev)
    Adc::~Adc()                              0x080041b9   Thumb Code    28  adc.o(.text._ZN3AdcD2Ev)
    Adc::~Adc__sub_object()                  0x080041b9   Thumb Code    28  adc.o(.text._ZN3AdcD2Ev)
    Hardware::Hardware()                     0x080041d5   Thumb Code    20  hardware.o(.text._ZN8HardwareC2Ev)
    Hardware::Hardware__sub_object()         0x080041d5   Thumb Code    20  hardware.o(.text._ZN8HardwareC2Ev)
    Hardware::~Hardware()                    0x080041e9   Thumb Code    20  hardware.o(.text._ZN8HardwareD2Ev)
    Hardware::~Hardware__sub_object()        0x080041e9   Thumb Code    20  hardware.o(.text._ZN8HardwareD2Ev)
    app                                      0x08004229   Thumb Code    96  app.o(.text.app)
    error_process                            0x08004289   Thumb Code    34  app.o(.text.error_process)
    idle_process                             0x080042ad   Thumb Code    24  app.o(.text.idle_process)
    main                                     0x080042c5   Thumb Code    20  main.o(.text.main)
    sent_sample_data                         0x080042d9   Thumb Code    76  app.o(.text.sent_sample_data)
    uart_post_process                        0x08004325   Thumb Code    22  app.o(.text.uart_post_process)
    _btod_d2e                                0x0800433b   Thumb Code    62  btod.o(CL$$btod_d2e)
    _d2e_denorm_low                          0x08004379   Thumb Code    70  btod.o(CL$$btod_d2e_denorm_low)
    _d2e_norm_op1                            0x080043bf   Thumb Code    96  btod.o(CL$$btod_d2e_norm_op1)
    __btod_div_common                        0x08004421   Thumb Code   696  btod.o(CL$$btod_div_common)
    _e2e                                     0x08004759   Thumb Code   220  btod.o(CL$$btod_e2e)
    _btod_ediv                               0x08004835   Thumb Code    42  btod.o(CL$$btod_ediv)
    _btod_emul                               0x0800485f   Thumb Code    42  btod.o(CL$$btod_emul)
    __btod_mult_common                       0x08004889   Thumb Code   580  btod.o(CL$$btod_mult_common)
    HardFault_Handler                        0x08004acd   Thumb Code     0  hardfaulthandler.o(OSKERNEL)
    __ARM_fpclassify                         0x08004adf   Thumb Code    48  fpclassify.o(i.__ARM_fpclassify)
    _is_digit                                0x08004b0f   Thumb Code    14  __printf_wp.o(i._is_digit)
    fputc                                    0x08004b1d   Thumb Code    26  fputc.o(i.fputc)
    _get_lc_ctype                            0x08004b39   Thumb Code    44  lc_ctype_c.o(locale$$code)
    _get_lc_numeric                          0x08004b65   Thumb Code    44  lc_numeric_c.o(locale$$code)
    _fp_init                                 0x08004b91   Thumb Code    26  fpinit.o(x$fpl$fpinit)
    __fplib_config_fpu_vfp                   0x08004ba9   Thumb Code     0  fpinit.o(x$fpl$fpinit)
    __fplib_config_pureend_doubles           0x08004ba9   Thumb Code     0  fpinit.o(x$fpl$fpinit)
    _printf_fp_dec                           0x08004bab   Thumb Code     4  printf1.o(x$fpl$printf1)
    _printf_fp_hex                           0x08004baf   Thumb Code     4  printf2.o(x$fpl$printf2)
    __I$use$fp                               0x08004bb2   Number         0  usenofp.o(x$fpl$usenofp)
    __stdin_name                             0x08004bf5   Data           4  sys_io_names.o(.constdata)
    __stdout_name                            0x08004bf9   Data           4  sys_io_names.o(.constdata)
    __stderr_name                            0x08004bfd   Data           4  sys_io_names.o(.constdata)
    _nr_cmd_start_                           0x08004ccc   Data          20  nr_micro_shell.o(.rodata.nr_shell_cmd0.end)
    _nr_cmd_end_                             0x08004ce0   Data          20  nr_micro_shell.o(.rodata.nr_shell_cmd1.end)
    Region$$Table$$Base                      0x08004d40   Number         0  anon$$obj.o(Region$$Table)
    Region$$Table$$Limit                     0x08004d60   Number         0  anon$$obj.o(Region$$Table)
    __ctype                                  0x08004d6d   Data           0  lc_ctype_c.o(locale$$data)
    SHT$$INIT_ARRAY$$Base                    0x08004e8c   Number         0  main.o(.init_array)
    SHT$$INIT_ARRAY$$Limit                   0x08004e90   Number         0  init_aeabi.o(.init_array)
    __aeabi_stdin                            0x20000000   Data           4  stdio_streams.o(.data)
    __aeabi_stdout                           0x20000004   Data           4  stdio_streams.o(.data)
    __aeabi_stderr                           0x20000008   Data           4  stdio_streams.o(.data)
    FIFO_Data                                0x2000000c   Data          20  fifo.o(.data.FIFO_Data)
    SystemCoreClock                          0x20000020   Data           4  system_n32g4fr.o(.data.SystemCoreClock)
    __stdin                                  0x20000028   Data          84  stdio_streams.o(.bss)
    __stdout                                 0x2000007c   Data          84  stdio_streams.o(.bss)
    __stderr                                 0x200000d0   Data          84  stdio_streams.o(.bss)
    __libspace_start                         0x20000124   Data          96  libspace.o(.bss)
    FIFO_DataBuffer                          0x20000184   Data        8000  fifo.o(.bss.FIFO_DataBuffer)
    __temporary_stack_top$libspace           0x20000184   Data           0  libspace.o(.bss)
    _SEGGER_RTT                              0x20002108   Data         168  segger_rtt.o(.bss._SEGGER_RTT)
    hard_all                                 0x200025c0   Data           8  main.o(.bss.hard_all)
    key_flag                                 0x200025c8   Data           4  app.o(.bss.key_flag)
    next_state                               0x200025cc   Data           1  app.o(.bss.next_state)
    state                                    0x200025cd   Data           1  app.o(.bss.state)



==============================================================================

Memory Map of the image

  Image Entry point : 0x08000199

  Load Region LR_IROM1 (Base: 0x08000000, Size: 0x00004eb8, Max: 0x00080000, ABSOLUTE)

    Execution Region ER_IROM1 (Exec base: 0x08000000, Load base: 0x08000000, Size: 0x00004e90, Max: 0x00080000, ABSOLUTE)

    Exec Addr    Load Addr    Size         Type   Attr      Idx    E Section Name        Object

    0x08000000   0x08000000   0x00000198   Data   RO          261    RESET               startup_n32g4fr.o
    0x08000198   0x08000198   0x00000008   Code   RO         1766  * !!!main             c_w.l(__main.o)
    0x080001a0   0x080001a0   0x00000034   Code   RO         2296    !!!scatter          c_w.l(__scatter.o)
    0x080001d4   0x080001d4   0x0000001a   Code   RO         2298    !!handler_copy      c_w.l(__scatter_copy.o)
    0x080001ee   0x080001ee   0x00000002   PAD
    0x080001f0   0x080001f0   0x0000001c   Code   RO         2300    !!handler_zi        c_w.l(__scatter_zi.o)
    0x0800020c   0x0800020c   0x00000000   Code   RO         1859    .ARM.Collect$$_printf_percent$$00000000  c_w.l(_printf_percent.o)
    0x0800020c   0x0800020c   0x00000006   Code   RO         1848    .ARM.Collect$$_printf_percent$$00000001  c_w.l(_printf_n.o)
    0x08000212   0x08000212   0x00000006   Code   RO         1850    .ARM.Collect$$_printf_percent$$00000002  c_w.l(_printf_p.o)
    0x08000218   0x08000218   0x00000006   Code   RO         1855    .ARM.Collect$$_printf_percent$$00000003  c_w.l(_printf_f.o)
    0x0800021e   0x0800021e   0x00000006   Code   RO         1856    .ARM.Collect$$_printf_percent$$00000004  c_w.l(_printf_e.o)
    0x08000224   0x08000224   0x00000006   Code   RO         1857    .ARM.Collect$$_printf_percent$$00000005  c_w.l(_printf_g.o)
    0x0800022a   0x0800022a   0x00000006   Code   RO         1858    .ARM.Collect$$_printf_percent$$00000006  c_w.l(_printf_a.o)
    0x08000230   0x08000230   0x0000000a   Code   RO         1863    .ARM.Collect$$_printf_percent$$00000007  c_w.l(_printf_ll.o)
    0x0800023a   0x0800023a   0x00000006   Code   RO         1852    .ARM.Collect$$_printf_percent$$00000008  c_w.l(_printf_i.o)
    0x08000240   0x08000240   0x00000006   Code   RO         1853    .ARM.Collect$$_printf_percent$$00000009  c_w.l(_printf_d.o)
    0x08000246   0x08000246   0x00000006   Code   RO         1854    .ARM.Collect$$_printf_percent$$0000000A  c_w.l(_printf_u.o)
    0x0800024c   0x0800024c   0x00000006   Code   RO         1851    .ARM.Collect$$_printf_percent$$0000000B  c_w.l(_printf_o.o)
    0x08000252   0x08000252   0x00000006   Code   RO         1849    .ARM.Collect$$_printf_percent$$0000000C  c_w.l(_printf_x.o)
    0x08000258   0x08000258   0x00000006   Code   RO         1860    .ARM.Collect$$_printf_percent$$0000000D  c_w.l(_printf_lli.o)
    0x0800025e   0x0800025e   0x00000006   Code   RO         1861    .ARM.Collect$$_printf_percent$$0000000E  c_w.l(_printf_lld.o)
    0x08000264   0x08000264   0x00000006   Code   RO         1862    .ARM.Collect$$_printf_percent$$0000000F  c_w.l(_printf_llu.o)
    0x0800026a   0x0800026a   0x00000006   Code   RO         1867    .ARM.Collect$$_printf_percent$$00000010  c_w.l(_printf_llo.o)
    0x08000270   0x08000270   0x00000006   Code   RO         1868    .ARM.Collect$$_printf_percent$$00000011  c_w.l(_printf_llx.o)
    0x08000276   0x08000276   0x0000000a   Code   RO         1864    .ARM.Collect$$_printf_percent$$00000012  c_w.l(_printf_l.o)
    0x08000280   0x08000280   0x00000006   Code   RO         1846    .ARM.Collect$$_printf_percent$$00000013  c_w.l(_printf_c.o)
    0x08000286   0x08000286   0x00000006   Code   RO         1847    .ARM.Collect$$_printf_percent$$00000014  c_w.l(_printf_s.o)
    0x0800028c   0x0800028c   0x00000006   Code   RO         1865    .ARM.Collect$$_printf_percent$$00000015  c_w.l(_printf_lc.o)
    0x08000292   0x08000292   0x00000006   Code   RO         1866    .ARM.Collect$$_printf_percent$$00000016  c_w.l(_printf_ls.o)
    0x08000298   0x08000298   0x00000004   Code   RO         2056    .ARM.Collect$$_printf_percent$$00000017  c_w.l(_printf_percent_end.o)
    0x0800029c   0x0800029c   0x00000002   Code   RO         2199    .ARM.Collect$$libinit$$00000000  c_w.l(libinit.o)
    0x0800029e   0x0800029e   0x00000004   Code   RO         1892    .ARM.Collect$$libinit$$00000001  c_w.l(libinit2.o)
    0x080002a2   0x080002a2   0x00000000   Code   RO         1895    .ARM.Collect$$libinit$$00000004  c_w.l(libinit2.o)
    0x080002a2   0x080002a2   0x00000008   Code   RO         1896    .ARM.Collect$$libinit$$00000005  c_w.l(libinit2.o)
    0x080002aa   0x080002aa   0x00000000   Code   RO         1898    .ARM.Collect$$libinit$$0000000A  c_w.l(libinit2.o)
    0x080002aa   0x080002aa   0x00000000   Code   RO         1900    .ARM.Collect$$libinit$$0000000C  c_w.l(libinit2.o)
    0x080002aa   0x080002aa   0x00000000   Code   RO         1902    .ARM.Collect$$libinit$$0000000E  c_w.l(libinit2.o)
    0x080002aa   0x080002aa   0x00000006   Code   RO         1903    .ARM.Collect$$libinit$$0000000F  c_w.l(libinit2.o)
    0x080002b0   0x080002b0   0x00000000   Code   RO         1905    .ARM.Collect$$libinit$$00000011  c_w.l(libinit2.o)
    0x080002b0   0x080002b0   0x0000000c   Code   RO         1906    .ARM.Collect$$libinit$$00000012  c_w.l(libinit2.o)
    0x080002bc   0x080002bc   0x00000000   Code   RO         1907    .ARM.Collect$$libinit$$00000013  c_w.l(libinit2.o)
    0x080002bc   0x080002bc   0x00000000   Code   RO         1909    .ARM.Collect$$libinit$$00000015  c_w.l(libinit2.o)
    0x080002bc   0x080002bc   0x0000000a   Code   RO         1910    .ARM.Collect$$libinit$$00000016  c_w.l(libinit2.o)
    0x080002c6   0x080002c6   0x00000000   Code   RO         1911    .ARM.Collect$$libinit$$00000017  c_w.l(libinit2.o)
    0x080002c6   0x080002c6   0x00000000   Code   RO         1913    .ARM.Collect$$libinit$$00000019  c_w.l(libinit2.o)
    0x080002c6   0x080002c6   0x00000000   Code   RO         1915    .ARM.Collect$$libinit$$0000001B  c_w.l(libinit2.o)
    0x080002c6   0x080002c6   0x00000000   Code   RO         1917    .ARM.Collect$$libinit$$0000001D  c_w.l(libinit2.o)
    0x080002c6   0x080002c6   0x00000000   Code   RO         1919    .ARM.Collect$$libinit$$0000001F  c_w.l(libinit2.o)
    0x080002c6   0x080002c6   0x00000000   Code   RO         1921    .ARM.Collect$$libinit$$00000021  c_w.l(libinit2.o)
    0x080002c6   0x080002c6   0x00000000   Code   RO         1923    .ARM.Collect$$libinit$$00000023  c_w.l(libinit2.o)
    0x080002c6   0x080002c6   0x00000004   Code   RO         1924    .ARM.Collect$$libinit$$00000024  c_w.l(libinit2.o)
    0x080002ca   0x080002ca   0x00000000   Code   RO         1925    .ARM.Collect$$libinit$$00000025  c_w.l(libinit2.o)
    0x080002ca   0x080002ca   0x00000000   Code   RO         1929    .ARM.Collect$$libinit$$0000002C  c_w.l(libinit2.o)
    0x080002ca   0x080002ca   0x00000000   Code   RO         1931    .ARM.Collect$$libinit$$0000002E  c_w.l(libinit2.o)
    0x080002ca   0x080002ca   0x00000000   Code   RO         1933    .ARM.Collect$$libinit$$00000030  c_w.l(libinit2.o)
    0x080002ca   0x080002ca   0x00000004   Code   RO         1934    .ARM.Collect$$libinit$$00000031  c_w.l(libinit2.o)
    0x080002ce   0x080002ce   0x00000000   Code   RO         1935    .ARM.Collect$$libinit$$00000032  c_w.l(libinit2.o)
    0x080002ce   0x080002ce   0x00000002   Code   RO         1936    .ARM.Collect$$libinit$$00000033  c_w.l(libinit2.o)
    0x080002d0   0x080002d0   0x00000002   Code   RO         2293    .ARM.Collect$$libshutdown$$00000000  c_w.l(libshutdown.o)
    0x080002d2   0x080002d2   0x00000006   Code   RO         2085    .ARM.Collect$$libshutdown$$00000001  c_w.l(libshutdown2.o)
    0x080002d8   0x080002d8   0x00000000   Code   RO         2086    .ARM.Collect$$libshutdown$$00000002  c_w.l(libshutdown2.o)
    0x080002d8   0x080002d8   0x00000004   Code   RO         2087    .ARM.Collect$$libshutdown$$00000003  c_w.l(libshutdown2.o)
    0x080002dc   0x080002dc   0x00000000   Code   RO         2088    .ARM.Collect$$libshutdown$$00000004  c_w.l(libshutdown2.o)
    0x080002dc   0x080002dc   0x00000000   Code   RO         2091    .ARM.Collect$$libshutdown$$00000007  c_w.l(libshutdown2.o)
    0x080002dc   0x080002dc   0x00000000   Code   RO         2094    .ARM.Collect$$libshutdown$$0000000A  c_w.l(libshutdown2.o)
    0x080002dc   0x080002dc   0x00000000   Code   RO         2096    .ARM.Collect$$libshutdown$$0000000C  c_w.l(libshutdown2.o)
    0x080002dc   0x080002dc   0x00000000   Code   RO         2099    .ARM.Collect$$libshutdown$$0000000F  c_w.l(libshutdown2.o)
    0x080002dc   0x080002dc   0x00000002   Code   RO         2100    .ARM.Collect$$libshutdown$$00000010  c_w.l(libshutdown2.o)
    0x080002de   0x080002de   0x00000000   Code   RO         1774    .ARM.Collect$$rtentry$$00000000  c_w.l(__rtentry.o)
    0x080002de   0x080002de   0x00000000   Code   RO         1958    .ARM.Collect$$rtentry$$00000002  c_w.l(__rtentry2.o)
    0x080002de   0x080002de   0x00000006   Code   RO         1970    .ARM.Collect$$rtentry$$00000004  c_w.l(__rtentry4.o)
    0x080002e4   0x080002e4   0x00000000   Code   RO         1960    .ARM.Collect$$rtentry$$00000009  c_w.l(__rtentry2.o)
    0x080002e4   0x080002e4   0x00000004   Code   RO         1961    .ARM.Collect$$rtentry$$0000000A  c_w.l(__rtentry2.o)
    0x080002e8   0x080002e8   0x00000000   Code   RO         1963    .ARM.Collect$$rtentry$$0000000C  c_w.l(__rtentry2.o)
    0x080002e8   0x080002e8   0x00000008   Code   RO         1964    .ARM.Collect$$rtentry$$0000000D  c_w.l(__rtentry2.o)
    0x080002f0   0x080002f0   0x00000002   Code   RO         2216    .ARM.Collect$$rtexit$$00000000  c_w.l(rtexit.o)
    0x080002f2   0x080002f2   0x00000000   Code   RO         2254    .ARM.Collect$$rtexit$$00000002  c_w.l(rtexit2.o)
    0x080002f2   0x080002f2   0x00000004   Code   RO         2255    .ARM.Collect$$rtexit$$00000003  c_w.l(rtexit2.o)
    0x080002f6   0x080002f6   0x00000006   Code   RO         2256    .ARM.Collect$$rtexit$$00000004  c_w.l(rtexit2.o)
    0x080002fc   0x080002fc   0x0000003c   Code   RO          262    .text               startup_n32g4fr.o
    0x08000338   0x08000338   0x00000010   Code   RO         1734    .text               c_w.l(rt_ctype_table.o)
    0x08000348   0x08000348   0x00000018   Code   RO         1736    .text               c_w.l(printf.o)
    0x08000360   0x08000360   0x0000000a   Code   RO         1749    .text               c_w.l(cxa_atexit.o)
    0x0800036a   0x0800036a   0x00000048   Code   RO         1754    .text               c_w.l(strcpy.o)
    0x080003b2   0x080003b2   0x0000003e   Code   RO         1756    .text               c_w.l(strlen.o)
    0x080003f0   0x080003f0   0x0000008a   Code   RO         1758    .text               c_w.l(rt_memcpy_v6.o)
    0x0800047a   0x0800047a   0x00000044   Code   RO         1760    .text               c_w.l(rt_memclr.o)
    0x080004be   0x080004be   0x00000002   PAD
    0x080004c0   0x080004c0   0x0000007c   Code   RO         1762    .text               c_w.l(strcmpv7em.o)
    0x0800053c   0x0800053c   0x00000006   Code   RO         1764    .text               c_w.l(heapauxi.o)
    0x08000542   0x08000542   0x00000002   PAD
    0x08000544   0x08000544   0x00000024   Code   RO         1771    .text               c_w.l(init_aeabi.o)
    0x08000568   0x08000568   0x00000008   Code   RO         1778    .text               c_w.l(rt_locale_intlibspace.o)
    0x08000570   0x08000570   0x0000004e   Code   RO         1782    .text               c_w.l(_printf_pad.o)
    0x080005be   0x080005be   0x00000024   Code   RO         1784    .text               c_w.l(_printf_truncate.o)
    0x080005e2   0x080005e2   0x00000052   Code   RO         1786    .text               c_w.l(_printf_str.o)
    0x08000634   0x08000634   0x00000078   Code   RO         1788    .text               c_w.l(_printf_dec.o)
    0x080006ac   0x080006ac   0x00000028   Code   RO         1790    .text               c_w.l(_printf_charcount.o)
    0x080006d4   0x080006d4   0x00000024   Code   RO         1792    .text               c_w.l(_printf_char_file.o)
    0x080006f8   0x080006f8   0x000000bc   Code   RO         1794    .text               c_w.l(_printf_wctomb.o)
    0x080007b4   0x080007b4   0x0000007c   Code   RO         1797    .text               c_w.l(_printf_longlong_dec.o)
    0x08000830   0x08000830   0x00000070   Code   RO         1803    .text               c_w.l(_printf_oct_int_ll.o)
    0x080008a0   0x080008a0   0x00000094   Code   RO         1823    .text               c_w.l(_printf_hex_int_ll_ptr.o)
    0x08000934   0x08000934   0x00000188   Code   RO         1843    .text               c_w.l(__printf_flags_ss_wp.o)
    0x08000abc   0x08000abc   0x00000138   Code   RO         1873    .text               c_w.l(initio.o)
    0x08000bf4   0x08000bf4   0x0000002e   Code   RO         1885    .text               c_w.l(aeabi_atexit.o)
    0x08000c22   0x08000c22   0x00000064   Code   RO         1888    .text               c_w.l(rt_memcpy_w.o)
    0x08000c86   0x08000c86   0x0000004e   Code   RO         1890    .text               c_w.l(rt_memclr_w.o)
    0x08000cd4   0x08000cd4   0x00000008   Code   RO         1952    .text               c_w.l(libspace.o)
    0x08000cdc   0x08000cdc   0x00000008   Code   RO         1975    .text               c_w.l(rt_ddtor_pointer_addr_intlibspace.o)
    0x08000ce4   0x08000ce4   0x0000005e   Code   RO         1981    .text               c_w.l(h1_alloc.o)
    0x08000d42   0x08000d42   0x0000004e   Code   RO         1983    .text               c_w.l(h1_free.o)
    0x08000d90   0x08000d90   0x0000008a   Code   RO         2039    .text               c_w.l(lludiv10.o)
    0x08000e1a   0x08000e1a   0x000000b2   Code   RO         2041    .text               c_w.l(_printf_intcommon.o)
    0x08000ecc   0x08000ecc   0x0000041c   Code   RO         2043    .text               c_w.l(_printf_fp_dec.o)
    0x080012e8   0x080012e8   0x000002fc   Code   RO         2047    .text               c_w.l(_printf_fp_hex.o)
    0x080015e4   0x080015e4   0x00000030   Code   RO         2050    .text               c_w.l(_printf_char_common.o)
    0x08001614   0x08001614   0x0000002c   Code   RO         2052    .text               c_w.l(_printf_char.o)
    0x08001640   0x08001640   0x0000002c   Code   RO         2054    .text               c_w.l(_printf_wchar.o)
    0x0800166c   0x0800166c   0x00000008   Code   RO         2057    .text               c_w.l(ferror.o)
    0x08001674   0x08001674   0x000001d6   Code   RO         2059    .text               c_w.l(flsbuf.o)
    0x0800184a   0x0800184a   0x00000046   Code   RO         2061    .text               c_w.l(setvbuf.o)
    0x08001890   0x08001890   0x000000f0   Code   RO         2064    .text               c_w.l(fopen.o)
    0x08001980   0x08001980   0x0000004c   Code   RO         2066    .text               c_w.l(fclose.o)
    0x080019cc   0x080019cc   0x00000048   Code   RO         2074    .text               c_w.l(_c16rtomb.o)
    0x08001a14   0x08001a14   0x00000042   Code   RO         2076    .text               c_w.l(cxa_finalize.o)
    0x08001a56   0x08001a56   0x0000000e   Code   RO         2079    .text               c_w.l(defsig_rtred_outer.o)
    0x08001a64   0x08001a64   0x00000066   Code   RO         2105    .text               c_w.l(sys_io.o)
    0x08001aca   0x08001aca   0x0000004a   Code   RO         2109    .text               c_w.l(sys_stackheap_outer.o)
    0x08001b14   0x08001b14   0x00000008   Code   RO         2116    .text               c_w.l(rt_heap_descriptor_intlibspace.o)
    0x08001b1c   0x08001b1c   0x00000004   Code   RO         2118    .text               c_w.l(hguard.o)
    0x08001b20   0x08001b20   0x0000008a   Code   RO         2120    .text               c_w.l(init_alloc.o)
    0x08001baa   0x08001baa   0x0000000e   Code   RO         2124    .text               c_w.l(h1_init.o)
    0x08001bb8   0x08001bb8   0x00000080   Code   RO         2136    .text               c_w.l(_printf_fp_infnan.o)
    0x08001c38   0x08001c38   0x000000e4   Code   RO         2142    .text               c_w.l(bigflt0.o)
    0x08001d1c   0x08001d1c   0x000000f8   Code   RO         2169    .text               c_w.l(fseek.o)
    0x08001e14   0x08001e14   0x000000f0   Code   RO         2171    .text               c_w.l(stdio.o)
    0x08001f04   0x08001f04   0x00000012   Code   RO         2180    .text               c_w.l(exit.o)
    0x08001f16   0x08001f16   0x0000000a   Code   RO         2182    .text               c_w.l(defsig_exit.o)
    0x08001f20   0x08001f20   0x00000034   Code   RO         2184    .text               c_w.l(defsig_rtred_inner.o)
    0x08001f54   0x08001f54   0x0000000c   Code   RO         2207    .text               c_w.l(sys_exit.o)
    0x08001f60   0x08001f60   0x00000002   Code   RO         2213    .text               c_w.l(use_no_semi.o)
    0x08001f62   0x08001f62   0x00000000   Code   RO         2215    .text               c_w.l(indicate_semi.o)
    0x08001f62   0x08001f62   0x00000000   Code   RO         2220    .text               c_w.l(maybetermalloc1.o)
    0x08001f62   0x08001f62   0x00000034   Code   RO         2222    .text               c_w.l(h1_extend.o)
    0x08001f96   0x08001f96   0x00000042   Code   RO         2232    .text               c_w.l(ftell.o)
    0x08001fd8   0x08001fd8   0x00000032   Code   RO         2240    .text               c_w.l(defsig_general.o)
    0x0800200a   0x0800200a   0x0000000e   Code   RO         2242    .text               c_w.l(defsig_rtmem_outer.o)
    0x08002018   0x08002018   0x0000000e   Code   RO         2249    .text               c_w.l(sys_wrch.o)
    0x08002026   0x08002026   0x00000002   PAD
    0x08002028   0x08002028   0x00000008   Code   RO         2263    .text               c_w.l(rt_errno_addr_intlibspace.o)
    0x08002030   0x08002030   0x00000050   Code   RO         2269    .text               c_w.l(defsig_rtmem_inner.o)
    0x08002080   0x08002080   0x000001a8   Code   RO          336    .text.ADC_ConfigRegularChannel  n32g4fr_adc.o
    0x08002228   0x08002228   0x0000002c   Code   RO          318    .text.ADC_Enable    n32g4fr_adc.o
    0x08002254   0x08002254   0x0000002c   Code   RO          320    .text.ADC_EnableDMA  n32g4fr_adc.o
    0x08002280   0x08002280   0x0000002c   Code   RO          328    .text.ADC_EnableSoftwareStartConv  n32g4fr_adc.o
    0x080022ac   0x080022ac   0x0000002e   Code   RO          326    .text.ADC_GetCalibrationStatus  n32g4fr_adc.o
    0x080022da   0x080022da   0x00000002   PAD
    0x080022dc   0x080022dc   0x00000034   Code   RO          384    .text.ADC_GetFlagStatusNew  n32g4fr_adc.o
    0x08002310   0x08002310   0x0000009a   Code   RO          314    .text.ADC_Init      n32g4fr_adc.o
    0x080023aa   0x080023aa   0x00000002   PAD
    0x080023ac   0x080023ac   0x00000012   Code   RO          324    .text.ADC_StartCalibration  n32g4fr_adc.o
    0x080023be   0x080023be   0x00000002   PAD
    0x080023c0   0x080023c0   0x00000004   Code   RO          273    .text.BusFault_Handler  n32g4fr_it.o
    0x080023c4   0x080023c4   0x00000244   Code   RO          578    .text.DMA_DeInit    n32g4fr_dma.o
    0x08002608   0x08002608   0x0000002e   Code   RO          584    .text.DMA_EnableChannel  n32g4fr_dma.o
    0x08002636   0x08002636   0x00000002   PAD
    0x08002638   0x08002638   0x0000006c   Code   RO          580    .text.DMA_Init      n32g4fr_dma.o
    0x080026a4   0x080026a4   0x00000002   Code   RO          279    .text.DebugMon_Handler  n32g4fr_it.o
    0x080026a6   0x080026a6   0x00000002   PAD
    0x080026a8   0x080026a8   0x0000000c   Code   RO           92    .text.FIFO_GetDataCount  fifo.o
    0x080026b4   0x080026b4   0x0000009c   Code   RO           84    .text.FIFO_ReadData  fifo.o
    0x08002750   0x08002750   0x00000186   Code   RO          718    .text.GPIO_InitPeripheral  n32g4fr_gpio.o
    0x080028d6   0x080028d6   0x00000002   PAD
    0x080028d8   0x080028d8   0x00000114   Code   RO         1617    .text.HardFaultHandler  segger_hardfaulthandler.o
    0x080029ec   0x080029ec   0x00000004   Code   RO          271    .text.MemManage_Handler  n32g4fr_it.o
    0x080029f0   0x080029f0   0x00000002   Code   RO          269    .text.NMI_Handler   n32g4fr_it.o
    0x080029f2   0x080029f2   0x00000002   PAD
    0x080029f4   0x080029f4   0x000000aa   Code   RO          297    .text.NVIC_Init     misc.o
    0x08002a9e   0x08002a9e   0x00000002   PAD
    0x08002aa0   0x08002aa0   0x0000004c   Code   RO         1654    .text.SEGGER_RTT_Write  segger_rtt.o
    0x08002aec   0x08002aec   0x000000b0   Code   RO         1650    .text.SEGGER_RTT_WriteNoLock  segger_rtt.o
    0x08002b9c   0x08002b9c   0x0000002a   Code   RO         1723    .text.SEGGER_RTT_printf  segger_rtt_printf.o
    0x08002bc6   0x08002bc6   0x00000002   PAD
    0x08002bc8   0x08002bc8   0x0000033c   Code   RO         1715    .text.SEGGER_RTT_vprintf  segger_rtt_printf.o
    0x08002f04   0x08002f04   0x00000002   Code   RO          277    .text.SVC_Handler   n32g4fr_it.o
    0x08002f06   0x08002f06   0x00000002   PAD
    0x08002f08   0x08002f08   0x00000148   Code   RO          247    .text.SetSysClock   system_n32g4fr.o
    0x08003050   0x08003050   0x00000002   Code   RO          281    .text.SysTick_Handler  n32g4fr_it.o
    0x08003052   0x08003052   0x00000002   PAD
    0x08003054   0x08003054   0x000000cc   Code   RO          245    .text.SystemInit    system_n32g4fr.o
    0x08003120   0x08003120   0x0000002c   Code   RO         1338    .text.TIM_ConfigArPreload  n32g4fr_tim.o
    0x0800314c   0x0800314c   0x00000034   Code   RO         1298    .text.TIM_ConfigInt  n32g4fr_tim.o
    0x08003180   0x08003180   0x0000003c   Code   RO         1350    .text.TIM_ConfigOc3Preload  n32g4fr_tim.o
    0x080031bc   0x080031bc   0x0000003e   Code   RO         1352    .text.TIM_ConfigOc4Preload  n32g4fr_tim.o
    0x080031fa   0x080031fa   0x00000002   PAD
    0x080031fc   0x080031fc   0x0000002c   Code   RO         1294    .text.TIM_Enable    n32g4fr_tim.o
    0x08003228   0x08003228   0x00000106   Code   RO         1256    .text.TIM_InitOc3   n32g4fr_tim.o
    0x0800332e   0x0800332e   0x00000002   PAD
    0x08003330   0x08003330   0x000000ce   Code   RO         1258    .text.TIM_InitOc4   n32g4fr_tim.o
    0x080033fe   0x080033fe   0x00000002   PAD
    0x08003400   0x08003400   0x000002f4   Code   RO         1250    .text.TIM_InitTimeBase  n32g4fr_tim.o
    0x080036f4   0x080036f4   0x00000044   Code   RO          285    .text.USART3_IRQHandler  n32g4fr_it.o
    0x08003738   0x08003738   0x000000b0   Code   RO         1550    .text.USART_GetIntStatus  n32g4fr_usart.o
    0x080037e8   0x080037e8   0x00000010   Code   RO         1528    .text.USART_ReceiveData  n32g4fr_usart.o
    0x080037f8   0x080037f8   0x00000004   Code   RO          275    .text.UsageFault_Handler  n32g4fr_it.o
    0x080037fc   0x080037fc   0x0000009c   Code   RO         1632    .text._DoInit       segger_rtt.o
    0x08003898   0x08003898   0x00000008   Code   RO           33    .text._GLOBAL__sub_I_main.cpp  main.o
    0x080038a0   0x080038a0   0x0000003e   Code   RO         1644    .text._GetAvailWriteSpace  segger_rtt.o
    0x080038de   0x080038de   0x00000002   PAD
    0x080038e0   0x080038e0   0x000001cc   Code   RO         1719    .text._PrintInt     segger_rtt_printf.o
    0x08003aac   0x08003aac   0x000001ac   Code   RO         1721    .text._PrintUnsigned  segger_rtt_printf.o
    0x08003c58   0x08003c58   0x00000076   Code   RO         1717    .text._StoreChar    segger_rtt_printf.o
    0x08003cce   0x08003cce   0x00000002   PAD
    0x08003cd0   0x08003cd0   0x000000e4   Code   RO         1648    .text._WriteBlocking  segger_rtt.o
    0x08003db4   0x08003db4   0x0000008c   Code   RO         1646    .text._WriteNoCheck  segger_rtt.o
    0x08003e40   0x08003e40   0x00000008   Code   RO           29    .text._Z4loopv      main.o
    0x08003e48   0x08003e48   0x00000010   Code   RO           27    .text._Z5setupv     main.o
    0x08003e58   0x08003e58   0x00000108   Code   RO           64    .text._ZN3Adc10init_timerEv  adc.o
    0x08003f60   0x08003f60   0x0000003e   Code   RO           56    .text._ZN3Adc4initEv  adc.o
    0x08003f9e   0x08003f9e   0x00000002   PAD
    0x08003fa0   0x08003fa0   0x00000122   Code   RO           62    .text._ZN3Adc8init_adcEv  adc.o
    0x080040c2   0x080040c2   0x00000002   PAD
    0x080040c4   0x080040c4   0x000000b2   Code   RO           60    .text._ZN3Adc8init_dmaEv  adc.o
    0x08004176   0x08004176   0x00000002   PAD
    0x08004178   0x08004178   0x00000022   Code   RO           58    .text._ZN3Adc8init_pinEP11GPIO_Modulej  adc.o
    0x0800419a   0x0800419a   0x00000002   PAD
    0x0800419c   0x0800419c   0x0000001c   Code   RO           66    .text._ZN3AdcC2Ev   adc.o
    0x080041b8   0x080041b8   0x0000001c   Code   RO           68    .text._ZN3AdcD2Ev   adc.o
    0x080041d4   0x080041d4   0x00000014   Code   RO           45    .text._ZN8HardwareC2Ev  hardware.o
    0x080041e8   0x080041e8   0x00000014   Code   RO           47    .text._ZN8HardwareD2Ev  hardware.o
    0x080041fc   0x080041fc   0x0000002c   Code   RO           25    .text.__cxx_global_var_init  main.o
    0x08004228   0x08004228   0x00000060   Code   RO           10    .text.app           app.o
    0x08004288   0x08004288   0x00000022   Code   RO            2    .text.error_process  app.o
    0x080042aa   0x080042aa   0x00000002   PAD
    0x080042ac   0x080042ac   0x00000018   Code   RO            6    .text.idle_process  app.o
    0x080042c4   0x080042c4   0x00000014   Code   RO           31    .text.main          main.o
    0x080042d8   0x080042d8   0x0000004c   Code   RO            8    .text.sent_sample_data  app.o
    0x08004324   0x08004324   0x00000016   Code   RO            4    .text.uart_post_process  app.o
    0x0800433a   0x0800433a   0x0000003e   Code   RO         2145    CL$$btod_d2e        c_w.l(btod.o)
    0x08004378   0x08004378   0x00000046   Code   RO         2147    CL$$btod_d2e_denorm_low  c_w.l(btod.o)
    0x080043be   0x080043be   0x00000060   Code   RO         2146    CL$$btod_d2e_norm_op1  c_w.l(btod.o)
    0x0800441e   0x0800441e   0x00000002   PAD
    0x08004420   0x08004420   0x00000338   Code   RO         2155    CL$$btod_div_common  c_w.l(btod.o)
    0x08004758   0x08004758   0x000000dc   Code   RO         2152    CL$$btod_e2e        c_w.l(btod.o)
    0x08004834   0x08004834   0x0000002a   Code   RO         2149    CL$$btod_ediv       c_w.l(btod.o)
    0x0800485e   0x0800485e   0x0000002a   Code   RO         2148    CL$$btod_emul       c_w.l(btod.o)
    0x08004888   0x08004888   0x00000244   Code   RO         2154    CL$$btod_mult_common  c_w.l(btod.o)
    0x08004acc   0x08004acc   0x00000012   Code   RO         1626    OSKERNEL            hardfaulthandler.o
    0x08004ade   0x08004ade   0x00000030   Code   RO         2203    i.__ARM_fpclassify  m_wm.l(fpclassify.o)
    0x08004b0e   0x08004b0e   0x0000000e   Code   RO         1836    i._is_digit         c_w.l(__printf_wp.o)
    0x08004b1c   0x08004b1c   0x0000001a   Code   RO         1870    i.fputc             c_w.l(fputc.o)
    0x08004b36   0x08004b36   0x00000002   PAD
    0x08004b38   0x08004b38   0x0000002c   Code   RO         1880    locale$$code        c_w.l(lc_ctype_c.o)
    0x08004b64   0x08004b64   0x0000002c   Code   RO         2178    locale$$code        c_w.l(lc_numeric_c.o)
    0x08004b90   0x08004b90   0x0000001a   Code   RO         2103    x$fpl$fpinit        fz_wm.l(fpinit.o)
    0x08004baa   0x08004baa   0x00000004   Code   RO         1941    x$fpl$printf1       fz_wm.l(printf1.o)
    0x08004bae   0x08004bae   0x00000004   Code   RO         1943    x$fpl$printf2       fz_wm.l(printf2.o)
    0x08004bb2   0x08004bb2   0x00000000   Code   RO         2202    x$fpl$usenofp       fz_wm.l(usenofp.o)
    0x08004bb2   0x08004bb2   0x00000002   PAD
    0x08004bb4   0x08004bb4   0x00000008   Data   RO         1795    .constdata          c_w.l(_printf_wctomb.o)
    0x08004bbc   0x08004bbc   0x00000028   Data   RO         1824    .constdata          c_w.l(_printf_hex_int_ll_ptr.o)
    0x08004be4   0x08004be4   0x00000011   Data   RO         1844    .constdata          c_w.l(__printf_flags_ss_wp.o)
    0x08004bf5   0x08004bf5   0x00000004   Data   RO         1949    .constdata          c_w.l(sys_io_names.o)
    0x08004bf9   0x08004bf9   0x00000004   Data   RO         1950    .constdata          c_w.l(sys_io_names.o)
    0x08004bfd   0x08004bfd   0x00000004   Data   RO         1951    .constdata          c_w.l(sys_io_names.o)
    0x08004c01   0x08004c01   0x00000026   Data   RO         2048    .constdata          c_w.l(_printf_fp_hex.o)
    0x08004c27   0x08004c27   0x00000001   PAD
    0x08004c28   0x08004c28   0x00000094   Data   RO         2143    .constdata          c_w.l(bigflt0.o)
    0x08004cbc   0x08004cbc   0x00000010   Data   RO         1725    .rodata._PrintUnsigned._aV2C  segger_rtt_printf.o
    0x08004ccc   0x08004ccc   0x00000014   Data   RO          214    .rodata.nr_shell_cmd0.end  nr_micro_shell.o
    0x08004ce0   0x08004ce0   0x00000014   Data   RO          215    .rodata.nr_shell_cmd1.end  nr_micro_shell.o
    0x08004cf4   0x08004cf4   0x0000000b   Data   RO           14    .rodata.str1.1      app.o
    0x08004cff   0x08004cff   0x00000018   Data   RO           70    .rodata.str1.1      adc.o
    0x08004d17   0x08004d17   0x00000013   Data   RO          287    .rodata.str1.1      n32g4fr_it.o
    0x08004d2a   0x08004d2a   0x00000014   Data   RO         1705    .rodata.str1.1      segger_rtt.o
    0x08004d3e   0x08004d3e   0x00000002   PAD
    0x08004d40   0x08004d40   0x00000020   Data   RO         2295    Region$$Table       anon$$obj.o
    0x08004d60   0x08004d60   0x00000110   Data   RO         1879    locale$$data        c_w.l(lc_ctype_c.o)
    0x08004e70   0x08004e70   0x0000001c   Data   RO         2177    locale$$data        c_w.l(lc_numeric_c.o)
    0x08004e8c   0x08004e8c   0x00000004   Data   RO           36    .init_array         main.o
    0x08004e90   0x08004e8c   0x00000000   Data   RO         1769    .init_array         c_w.l(init_aeabi.o)


    Execution Region RW_IRAM1 (Exec base: 0x20000000, Load base: 0x08004e90, Size: 0x00002dd0, Max: 0x00020000, ABSOLUTE)

    Exec Addr    Load Addr    Size         Type   Attr      Idx    E Section Name        Object

    0x20000000   0x08004e90   0x00000004   Data   RW         1743    .data               c_w.l(stdio_streams.o)
    0x20000004   0x08004e94   0x00000004   Data   RW         1744    .data               c_w.l(stdio_streams.o)
    0x20000008   0x08004e98   0x00000004   Data   RW         1745    .data               c_w.l(stdio_streams.o)
    0x2000000c   0x08004e9c   0x00000014   Data   RW           95    .data.FIFO_Data     fifo.o
    0x20000020   0x08004eb0   0x00000004   Data   RW          251    .data.SystemCoreClock  system_n32g4fr.o
    0x20000024   0x08004eb4   0x00000004   PAD
    0x20000028        -       0x00000054   Zero   RW         1740    .bss                c_w.l(stdio_streams.o)
    0x2000007c        -       0x00000054   Zero   RW         1741    .bss                c_w.l(stdio_streams.o)
    0x200000d0        -       0x00000054   Zero   RW         1742    .bss                c_w.l(stdio_streams.o)
    0x20000124        -       0x00000060   Zero   RW         1953    .bss                c_w.l(libspace.o)
    0x20000184        -       0x00001f40   Zero   RW           94    .bss.FIFO_DataBuffer  fifo.o
    0x200020c4        -       0x00000040   Zero   RW         1619    .bss.HardFaultRegs  segger_hardfaulthandler.o
    0x20002104        -       0x00000004   Zero   RW         1620    .bss._Continue      segger_hardfaulthandler.o
    0x20002108        -       0x000000a8   Zero   RW         1702    .bss._SEGGER_RTT    segger_rtt.o
    0x200021b0        -       0x00000010   Zero   RW         1707    .bss._acDownBuffer  segger_rtt.o
    0x200021c0        -       0x00000400   Zero   RW         1706    .bss._acUpBuffer    segger_rtt.o
    0x200025c0        -       0x00000008   Zero   RW           35    .bss.hard_all       main.o
    0x200025c8        -       0x00000004   Zero   RW           16    .bss.key_flag       app.o
    0x200025cc        -       0x00000001   Zero   RW           13    .bss.next_state     app.o
    0x200025cd        -       0x00000001   Zero   RW           12    .bss.state          app.o
    0x200025ce   0x08004eb4   0x00000002   PAD
    0x200025d0        -       0x00000000   Zero   RW          260    HEAP                startup_n32g4fr.o
    0x200025d0        -       0x00000800   Zero   RW          259    STACK               startup_n32g4fr.o


==============================================================================

Image component sizes


      Code (inc. data)   RO Data    RW Data    ZI Data      Debug   Object Name

       884          0         24          0          0      15756   adc.o
       252          4         11          0          6       1612   app.o
       168          0          0         20       8000       2370   fifo.o
        18          0          0          0          0        304   hardfaulthandler.o
        40          0          0          0          0      10363   hardware.o
        96          0          4          0          8      10674   main.o
       170          0          0          0          0       2901   misc.o
       826          0          0          0          0      10169   n32g4fr_adc.o
       734          0          0          0          0       3896   n32g4fr_dma.o
       390          0          0          0          0       6239   n32g4fr_gpio.o
        88          0         19          0          0       1750   n32g4fr_it.o
      1486          0          0          0          0      23631   n32g4fr_tim.o
       192          0          0          0          0       6783   n32g4fr_usart.o
         0          0         40          0          0       4880   nr_micro_shell.o
       276          0          0          0         68       2686   segger_hardfaulthandler.o
       838          0         20          0       1208      13103   segger_rtt.o
      1876         14         16          0          0       3796   segger_rtt_printf.o
        60         22        408          0       2048        852   startup_n32g4fr.o
       532          0          0          4          0       2899   system_n32g4fr.o

    ----------------------------------------------------------------------
      8968         40        576         24      11344     124664   Object Totals
         0          0         32          0          0          0   (incl. Generated)
        42          0          2          0          6          0   (incl. Padding)

    ----------------------------------------------------------------------

      Code (inc. data)   RO Data    RW Data    ZI Data      Debug   Library Member Name

         8          0          0          0          0         68   __main.o
       392          4         17          0          0         92   __printf_flags_ss_wp.o
        14          0          0          0          0         68   __printf_wp.o
         0          0          0          0          0          0   __rtentry.o
        12          0          0          0          0          0   __rtentry2.o
         6          0          0          0          0          0   __rtentry4.o
        52          8          0          0          0          0   __scatter.o
        26          0          0          0          0          0   __scatter_copy.o
        28          0          0          0          0          0   __scatter_zi.o
        72          0          0          0          0         96   _c16rtomb.o
         6          0          0          0          0          0   _printf_a.o
         6          0          0          0          0          0   _printf_c.o
        44          0          0          0          0        108   _printf_char.o
        48          6          0          0          0         96   _printf_char_common.o
        36          4          0          0          0         80   _printf_char_file.o
        40          0          0          0          0         68   _printf_charcount.o
         6          0          0          0          0          0   _printf_d.o
       120         16          0          0          0         92   _printf_dec.o
         6          0          0          0          0          0   _printf_e.o
         6          0          0          0          0          0   _printf_f.o
      1052          0          0          0          0        148   _printf_fp_dec.o
       764          8         38          0          0        100   _printf_fp_hex.o
       128         16          0          0          0         84   _printf_fp_infnan.o
         6          0          0          0          0          0   _printf_g.o
       148          4         40          0          0        160   _printf_hex_int_ll_ptr.o
         6          0          0          0          0          0   _printf_i.o
       178          0          0          0          0         88   _printf_intcommon.o
        10          0          0          0          0          0   _printf_l.o
         6          0          0          0          0          0   _printf_lc.o
        10          0          0          0          0          0   _printf_ll.o
         6          0          0          0          0          0   _printf_lld.o
         6          0          0          0          0          0   _printf_lli.o
         6          0          0          0          0          0   _printf_llo.o
         6          0          0          0          0          0   _printf_llu.o
         6          0          0          0          0          0   _printf_llx.o
       124         16          0          0          0         92   _printf_longlong_dec.o
         6          0          0          0          0          0   _printf_ls.o
         6          0          0          0          0          0   _printf_n.o
         6          0          0          0          0          0   _printf_o.o
       112          8          0          0          0        124   _printf_oct_int_ll.o
         6          0          0          0          0          0   _printf_p.o
        78          0          0          0          0        108   _printf_pad.o
         0          0          0          0          0          0   _printf_percent.o
         4          0          0          0          0          0   _printf_percent_end.o
         6          0          0          0          0          0   _printf_s.o
        82          0          0          0          0         80   _printf_str.o
        36          0          0          0          0         84   _printf_truncate.o
         6          0          0          0          0          0   _printf_u.o
        44          0          0          0          0        108   _printf_wchar.o
       188          6          8          0          0         92   _printf_wctomb.o
         6          0          0          0          0          0   _printf_x.o
        46          0          0          0          0         84   aeabi_atexit.o
       228          4        148          0          0         96   bigflt0.o
      1936        128          0          0          0        668   btod.o
        10          0          0          0          0         68   cxa_atexit.o
        66          0          0          0          0         84   cxa_finalize.o
        10          0          0          0          0         68   defsig_exit.o
        50          0          0          0          0         88   defsig_general.o
        80         58          0          0          0         76   defsig_rtmem_inner.o
        14          0          0          0          0         80   defsig_rtmem_outer.o
        52         38          0          0          0         76   defsig_rtred_inner.o
        14          0          0          0          0         80   defsig_rtred_outer.o
        18          0          0          0          0         80   exit.o
        76          0          0          0          0         88   fclose.o
         8          0          0          0          0         68   ferror.o
       470          0          0          0          0         88   flsbuf.o
       240          6          0          0          0        128   fopen.o
        26          0          0          0          0         68   fputc.o
       248          6          0          0          0         84   fseek.o
        66          0          0          0          0         76   ftell.o
        94          0          0          0          0         80   h1_alloc.o
        52          0          0          0          0         68   h1_extend.o
        78          0          0          0          0         80   h1_free.o
        14          0          0          0          0         84   h1_init.o
         6          0          0          0          0        152   heapauxi.o
         4          0          0          0          0        136   hguard.o
         0          0          0          0          0          0   indicate_semi.o
        36          8          0          0          0         80   init_aeabi.o
       138          0          0          0          0        168   init_alloc.o
       312         46          0          0          0        112   initio.o
        44         10        272          0          0         76   lc_ctype_c.o
        44         10         28          0          0         76   lc_numeric_c.o
         2          0          0          0          0          0   libinit.o
        50          0          0          0          0          0   libinit2.o
         2          0          0          0          0          0   libshutdown.o
        12          0          0          0          0          0   libshutdown2.o
         8          4          0          0         96         68   libspace.o
       138          0          0          0          0         80   lludiv10.o
         0          0          0          0          0          0   maybetermalloc1.o
        24          4          0          0          0         84   printf.o
        16          4          0          0          0         76   rt_ctype_table.o
         8          4          0          0          0         68   rt_ddtor_pointer_addr_intlibspace.o
         8          4          0          0          0         68   rt_errno_addr_intlibspace.o
         8          4          0          0          0         68   rt_heap_descriptor_intlibspace.o
         8          4          0          0          0         68   rt_locale_intlibspace.o
        68          0          0          0          0         68   rt_memclr.o
        78          0          0          0          0         80   rt_memclr_w.o
       138          0          0          0          0         68   rt_memcpy_v6.o
       100          0          0          0          0         80   rt_memcpy_w.o
         2          0          0          0          0          0   rtexit.o
        10          0          0          0          0          0   rtexit2.o
        70          0          0          0          0         80   setvbuf.o
       240          6          0          0          0        156   stdio.o
         0          0          0         12        252          0   stdio_streams.o
       124          0          0          0          0         88   strcmpv7em.o
        72          0          0          0          0         80   strcpy.o
        62          0          0          0          0         76   strlen.o
        12          4          0          0          0         68   sys_exit.o
       102          0          0          0          0        240   sys_io.o
         0          0         12          0          0          0   sys_io_names.o
        74          0          0          0          0         80   sys_stackheap_outer.o
        14          0          0          0          0         76   sys_wrch.o
         2          0          0          0          0         68   use_no_semi.o
        26          0          0          0          0        116   fpinit.o
         4          0          0          0          0        116   printf1.o
         4          0          0          0          0        116   printf2.o
         0          0          0          0          0          0   usenofp.o
        48          0          0          0          0        124   fpclassify.o

    ----------------------------------------------------------------------
     10004        448        564         12        348       7656   Library Totals
        14          0          1          0          0          0   (incl. Padding)

    ----------------------------------------------------------------------

      Code (inc. data)   RO Data    RW Data    ZI Data      Debug   Library Name

      9908        448        563         12        348       7184   c_w.l
        34          0          0          0          0        348   fz_wm.l
        48          0          0          0          0        124   m_wm.l

    ----------------------------------------------------------------------
     10004        448        564         12        348       7656   Library Totals

    ----------------------------------------------------------------------

==============================================================================


      Code (inc. data)   RO Data    RW Data    ZI Data      Debug   

     18972        488       1140         36      11692     127816   Grand Totals
     18972        488       1140         36      11692     127816   ELF Image Totals
     18972        488       1140         36          0          0   ROM Totals

==============================================================================

    Total RO  Size (Code + RO Data)                20112 (  19.64kB)
    Total RW  Size (RW Data + ZI Data)             11728 (  11.45kB)
    Total ROM Size (Code + RO Data + RW Data)      20148 (  19.68kB)

==============================================================================

