Component: ARM Compiler 6.14.1 Tool: armlink [5db06d00]

==============================================================================

Image Symbol Table

    Local Symbols

    Symbol Name                              Value     Ov Type        Size  Object(Section)

    ../clib/microlib/ctype/ctype.c           0x00000000   Number         0  ctype_o.o ABSOLUTE
    ../clib/microlib/ctype/ctype.c           0x00000000   Number         0  isalnum_o.o ABSOLUTE
    ../clib/microlib/ctype/ctype.c           0x00000000   Number         0  isalpha_o.o ABSOLUTE
    ../clib/microlib/ctype/ctype.c           0x00000000   Number         0  isblank_o.o ABSOLUTE
    ../clib/microlib/ctype/ctype.c           0x00000000   Number         0  iscntrl_o.o ABSOLUTE
    ../clib/microlib/ctype/ctype.c           0x00000000   Number         0  isdigit_o.o ABSOLUTE
    ../clib/microlib/ctype/ctype.c           0x00000000   Number         0  isgraph_o.o ABSOLUTE
    ../clib/microlib/ctype/ctype.c           0x00000000   Number         0  islower_o.o ABSOLUTE
    ../clib/microlib/ctype/ctype.c           0x00000000   Number         0  isprint_o.o ABSOLUTE
    ../clib/microlib/ctype/ctype.c           0x00000000   Number         0  ispunct_o.o ABSOLUTE
    ../clib/microlib/ctype/ctype.c           0x00000000   Number         0  isspace_o.o ABSOLUTE
    ../clib/microlib/ctype/ctype.c           0x00000000   Number         0  isupper_o.o ABSOLUTE
    ../clib/microlib/ctype/ctype.c           0x00000000   Number         0  isxdigit_o.o ABSOLUTE
    ../clib/microlib/division.c              0x00000000   Number         0  uldiv.o ABSOLUTE
    ../clib/microlib/division.c              0x00000000   Number         0  uidiv.o ABSOLUTE
    ../clib/microlib/init/entry.s            0x00000000   Number         0  entry.o ABSOLUTE
    ../clib/microlib/init/entry.s            0x00000000   Number         0  entry2.o ABSOLUTE
    ../clib/microlib/init/entry.s            0x00000000   Number         0  entry5.o ABSOLUTE
    ../clib/microlib/init/entry.s            0x00000000   Number         0  entry7a.o ABSOLUTE
    ../clib/microlib/init/entry.s            0x00000000   Number         0  entry7b.o ABSOLUTE
    ../clib/microlib/init/entry.s            0x00000000   Number         0  entry8a.o ABSOLUTE
    ../clib/microlib/init/entry.s            0x00000000   Number         0  entry8b.o ABSOLUTE
    ../clib/microlib/init/entry.s            0x00000000   Number         0  entry9a.o ABSOLUTE
    ../clib/microlib/init/entry.s            0x00000000   Number         0  entry9b.o ABSOLUTE
    ../clib/microlib/init/entry.s            0x00000000   Number         0  entry10a.o ABSOLUTE
    ../clib/microlib/init/entry.s            0x00000000   Number         0  entry10b.o ABSOLUTE
    ../clib/microlib/init/entry.s            0x00000000   Number         0  entry11a.o ABSOLUTE
    ../clib/microlib/init/entry.s            0x00000000   Number         0  entry11b.o ABSOLUTE
    ../clib/microlib/longlong.c              0x00000000   Number         0  llshl.o ABSOLUTE
    ../clib/microlib/longlong.c              0x00000000   Number         0  llushr.o ABSOLUTE
    ../clib/microlib/longlong.c              0x00000000   Number         0  llsshr.o ABSOLUTE
    ../clib/microlib/printf/printf.c         0x00000000   Number         0  printfa.o ABSOLUTE
    ../clib/microlib/stdio/fputs.c           0x00000000   Number         0  fputs.o ABSOLUTE
    ../clib/microlib/stdio/fputs.c           0x00000000   Number         0  fputs_e.o ABSOLUTE
    ../clib/microlib/stdio/streams.c         0x00000000   Number         0  stdout.o ABSOLUTE
    ../clib/microlib/stdio/streams.c         0x00000000   Number         0  stderr.o ABSOLUTE
    ../clib/microlib/string/memcmp.c         0x00000000   Number         0  memcmp.o ABSOLUTE
    ../clib/microlib/string/memcpy.c         0x00000000   Number         0  memcpya.o ABSOLUTE
    ../clib/microlib/string/memcpy.c         0x00000000   Number         0  memcpyb.o ABSOLUTE
    ../clib/microlib/string/memset.c         0x00000000   Number         0  memseta.o ABSOLUTE
    ../clib/microlib/string/strcmp.c         0x00000000   Number         0  strcmp.o ABSOLUTE
    ../clib/microlib/string/strcpy.c         0x00000000   Number         0  strcpy.o ABSOLUTE
    ../clib/microlib/string/strlen.c         0x00000000   Number         0  strlen.o ABSOLUTE
    ../clib/microlib/string/strncmp.c        0x00000000   Number         0  strncmp.o ABSOLUTE
    ../clib/microlib/stubs.s                 0x00000000   Number         0  iusefp.o ABSOLUTE
    ../fplib/microlib/fpadd.c                0x00000000   Number         0  dadd.o ABSOLUTE
    ../fplib/microlib/fpdiv.c                0x00000000   Number         0  ddiv.o ABSOLUTE
    ../fplib/microlib/fpepilogue.c           0x00000000   Number         0  depilogue.o ABSOLUTE
    ../fplib/microlib/fpfix.c                0x00000000   Number         0  dfixul.o ABSOLUTE
[...]
    JS_RTT_UpBuffer                          0x1fffa1fc   Data       16384  app.o(.bss.JS_RTT_UpBuffer)
    Timer_Counter                            0x1fffe1fc   Data           4  mytimer.o(.bss.Timer_Counter)
    _SEGGER_RTT                              0x1fffe208   Data         120  segger_rtt.o(.bss._SEGGER_RTT)
    bt_queue_buf                             0x1ffff290   Data         519  system.o(.bss.bt_queue_buf)
    bt_uart_rx_buf                           0x1ffff497   Data         263  system.o(.bss.bt_uart_rx_buf)
    bt_uart_tx_buf                           0x1ffff5a4   Data         519  system.o(.bss.bt_uart_tx_buf)
    bt_work_state                            0x1ffff7ab   Data           1  system.o(.bss.bt_work_state)
    m_au16Adc1SaValue                        0x1ffff7be   Data          34  myadc.o(.bss.m_au16Adc1SaValue)
    m_au16Adc2SaValue                        0x1ffff7e0   Data          18  myadc.o(.bss.m_au16Adc2SaValue)
    next_state                               0x1ffff800   Data           4  app.o(.bss.next_state)
    queue_in                                 0x1ffff804   Data           4  system.o(.bss.queue_in)
    queue_out                                0x1ffff808   Data           4  system.o(.bss.queue_out)
    reset_bt_flag                            0x1ffff80c   Data           1  system.o(.bss.reset_bt_flag)
    shell                                    0x1ffff810   Data         108  shell_port.o(.bss.shell)
    shell_buffer                             0x1ffff89c   Data         512  shell_port.o(.bss.shell_buffer)
    state                                    0x1ffffa9c   Data           4  app.o(.bss.state)
    stop_update_flag                         0x1ffffaac   Data           1  system.o(.bss.stop_update_flag)
    __initial_sp                             0x20005ab8   Data           0  startup_hc32f46x.o(STACK)
    EventRecord2                             0x200f0085   Thumb Code    92  eventrecorder.o(.text.EventRecord2)
    EventRecordData                          0x200f00e1   Thumb Code   422  eventrecorder.o(.text.EventRecordData)
    EventRecorderEnable                      0x200f0389   Thumb Code   148  eventrecorder.o(.text.EventRecorderEnable)
    EventRecorderInitialize                  0x200f041d   Thumb Code   460  eventrecorder.o(.text.EventRecorderInitialize)
    EventRecorderStart                       0x200f05e9   Thumb Code    78  eventrecorder.o(.text.EventRecorderStart)
    EventRecorderTimerGetCount               0x200f0639   Thumb Code    12  eventrecorder.o(.text.EventRecorderTimerGetCount)
    EventRecorderTimerGetFreq                0x200f0645   Thumb Code    12  eventrecorder.o(.text.EventRecorderTimerGetFreq)
    EventRecorderTimerSetup                  0x200f0651   Thumb Code    36  eventrecorder.o(.text.EventRecorderTimerSetup)
    Long Thumb to Thumb Veneer to __aeabi_memcpy 0x200f084b   Thumb Code    10  anon$$obj.o(Veneer$$Code)
    Long Thumb to Thumb Veneer to __aeabi_memclr4 0x200f0855   Thumb Code    10  anon$$obj.o(Veneer$$Code)
    Long Thumb to Thumb Veneer to __aeabi_memclr8 0x200f085f   Thumb Code    10  anon$$obj.o(Veneer$$Code)
    EventRecorderInfo                        0x200f0868   Data          24  eventrecorder.o(.rodata.EventRecorderInfo)



==============================================================================

Memory Map of the image

  Image Entry point : 0x00000281

  Load Region LR_IROM1 (Base: 0x00000000, Size: 0x00013180, Max: 0x00080000, ABSOLUTE)

    Execution Region ER_IROM1 (Exec base: 0x00000000, Load base: 0x00000000, Size: 0x00012868, Max: 0x00080000, ABSOLUTE)

    Exec Addr    Load Addr    Size         Type   Attr      Idx    E Section Name        Object

    0x00000000   0x00000000   0x00000280   Data   RO            3    RESET               startup_hc32f46x.o
    0x00000280   0x00000280   0x00000000   Code   RO         1882  * .ARM.Collect$$$$00000000  mc_w.l(entry.o)
    0x00000280   0x00000280   0x00000004   Code   RO         1965    .ARM.Collect$$$$00000001  mc_w.l(entry2.o)
    0x00000284   0x00000284   0x00000004   Code   RO         1968    .ARM.Collect$$$$00000004  mc_w.l(entry5.o)
    0x00000288   0x00000288   0x00000000   Code   RO         1970    .ARM.Collect$$$$00000008  mc_w.l(entry7b.o)
    0x00000288   0x00000288   0x00000000   Code   RO         1972    .ARM.Collect$$$$0000000A  mc_w.l(entry8b.o)
    0x00000288   0x00000288   0x00000008   Code   RO         1973    .ARM.Collect$$$$0000000B  mc_w.l(entry9a.o)
    0x00000290   0x00000290   0x00000000   Code   RO         1975    .ARM.Collect$$$$0000000D  mc_w.l(entry10a.o)
    0x00000290   0x00000290   0x00000000   Code   RO         1977    .ARM.Collect$$$$0000000F  mc_w.l(entry11a.o)
    0x00000290   0x00000290   0x00000004   Code   RO         1966    .ARM.Collect$$$$00002712  mc_w.l(entry2.o)
    0x00000294   0x00000294   0x0000005c   Code   RO            4    .text               startup_hc32f46x.o
    0x000002f0   0x000002f0   0x00000062   Code   RO         1891    .text               mc_w.l(uldiv.o)
    0x00000352   0x00000352   0x00000024   Code   RO         1921    .text               mc_w.l(memcpya.o)
    0x00000376   0x00000376   0x00000024   Code   RO         1923    .text               mc_w.l(memseta.o)
    0x0000039a   0x0000039a   0x0000000e   Code   RO         1925    .text               mc_w.l(strlen.o)
    0x000003a8   0x000003a8   0x0000001c   Code   RO         1927    .text               mc_w.l(strcmp.o)
    0x000003c4   0x000003c4   0x0000001a   Code   RO         1929    .text               mc_w.l(memcmp.o)
    0x000003de   0x000003de   0x00000012   Code   RO         1931    .text               mc_w.l(strcpy.o)
    0x000003f0   0x000003f0   0x0000001e   Code   RO         1933    .text               mc_w.l(strncmp.o)
    0x0000040e   0x0000040e   0x0000002c   Code   RO         1979    .text               mc_w.l(uidiv.o)
    0x0000043a   0x0000043a   0x0000001e   Code   RO         1981    .text               mc_w.l(llshl.o)
    0x00000458   0x00000458   0x00000020   Code   RO         1983    .text               mc_w.l(llushr.o)
    0x00000478   0x00000478   0x00000000   Code   RO         1985    .text               mc_w.l(iusefp.o)
    0x00000478   0x00000478   0x0000014e   Code   RO         1986    .text               mf_w.l(dadd.o)
    0x000005c6   0x000005c6   0x000000e4   Code   RO         1988    .text               mf_w.l(dmul.o)
    0x000006aa   0x000006aa   0x000000de   Code   RO         1990    .text               mf_w.l(ddiv.o)
    0x00000788   0x00000788   0x00000030   Code   RO         1992    .text               mf_w.l(dfixul.o)
    0x000007b8   0x000007b8   0x00000030   Code   RO         1994    .text               mf_w.l(cdrcmple.o)
    0x000007e8   0x000007e8   0x00000024   Code   RO         1996    .text               mc_w.l(init.o)
    0x0000080c   0x0000080c   0x00000024   Code   RO         1998    .text               mc_w.l(llsshr.o)
    0x00000830   0x00000830   0x000000ba   Code   RO         2000    .text               mf_w.l(depilogue.o)
    0x000008ea   0x000008ea   0x00000002   PAD
    0x000008ec   0x000008ec   0x00000142   Code   RO           88    .text.ADC_AddAdcChannel  hc32f46x_adc.o
    0x00000a2e   0x00000a2e   0x00000002   PAD
    0x00000a30   0x00000a30   0x000000ae   Code   RO           96    .text.ADC_AddAvgChannel  hc32f46x_adc.o
    0x00000ade   0x00000ade   0x00000002   PAD
    0x00000ae0   0x00000ae0   0x0000001a   Code   RO          114    .text.ADC_AddPgaChannel  hc32f46x_adc.o
    0x00000afa   0x00000afa   0x00000002   PAD
    0x00000afc   0x00000afc   0x0000009c   Code   RO           94    .text.ADC_ConfigAvg  hc32f46x_adc.o
    0x00000b98   0x00000b98   0x00000088   Code   RO          110    .text.ADC_ConfigPga  hc32f46x_adc.o
    0x00000c20   0x00000c20   0x000000fc   Code   RO          148    .text.ADC_GetChannelPinNum  hc32f46x_adc.o
    0x00000d1c   0x00000d1c   0x000001cc   Code   RO           78    .text.ADC_Init      hc32f46x_adc.o
    0x00000ee8   0x00000ee8   0x0000005e   Code   RO          112    .text.ADC_PgaCmd    hc32f46x_adc.o
    0x00000f46   0x00000f46   0x00000002   PAD
    0x00000f48   0x00000f48   0x0000005a   Code   RO          122    .text.ADC_StartConvert  hc32f46x_adc.o
    0x00000fa2   0x00000fa2   0x00000002   PAD
    0x00000fa4   0x00000fa4   0x000000d0   Code   RO         1032    .text.AdcChannelConfig  myadc.o
    0x00001074   0x00001074   0x00000050   Code   RO         1028    .text.AdcClockConfig  myadc.o
    0x000010c4   0x000010c4   0x00000036   Code   RO         1036    .text.AdcConfig     myadc.o
    0x000010fa   0x000010fa   0x00000002   PAD
    0x000010fc   0x000010fc   0x0000015a   Code   RO         1040    .text.AdcDmaConfig  myadc.o
    0x00001256   0x00001256   0x00000002   PAD
    0x00001258   0x00001258   0x00000062   Code   RO         1030    .text.AdcInitConfig  myadc.o
    0x000012ba   0x000012ba   0x00000002   PAD
    0x000012bc   0x000012bc   0x00000074   Code   RO         1034    .text.AdcSetChannelPinMode  myadc.o
    0x00001330   0x00001330   0x0000011a   Code   RO         1042    .text.AdcSetPinMode  myadc.o
    0x0000144a   0x0000144a   0x00000002   PAD
    0x0000144c   0x0000144c   0x0000009c   Code   RO          776    .text.AsyncDelay    hc32f46x_timer0.o
    0x000014e8   0x000014e8   0x00000008   Code   RO          360    .text.BusFault_Handler  hc32f46x_interrupts.o
    0x000014f0   0x000014f0   0x00000180   Code   RO          200    .text.CLK_GetClockFreq  hc32f46x_clk.o
    0x00001670   0x00001670   0x000000b8   Code   RO          166    .text.CLK_GetFlagStatus  hc32f46x_clk.o
    0x00001728   0x00001728   0x000001ee   Code   RO          202    .text.CLK_GetPllClockFreq  hc32f46x_clk.o
    0x00001916   0x00001916   0x00000002   PAD
    0x00001918   0x00001918   0x000000e0   Code   RO          188    .text.CLK_MpllCmd   hc32f46x_clk.o
    0x000019f8   0x000019f8   0x0000023a   Code   RO          186    .text.CLK_MpllConfig  hc32f46x_clk.o
    0x00001c32   0x00001c32   0x00000002   PAD
    0x00001c34   0x00001c34   0x0000006c   Code   RO          206    .text.CLK_SetPeriClkSource  hc32f46x_clk.o
    0x00001ca0   0x00001ca0   0x0000006a   Code   RO          184    .text.CLK_SetPllSource  hc32f46x_clk.o
    0x00001d0a   0x00001d0a   0x00000002   PAD
    0x00001d0c   0x00001d0c   0x0000018a   Code   RO          194    .text.CLK_SetSysClkSource  hc32f46x_clk.o
    0x00001e96   0x00001e96   0x00000002   PAD
    0x00001e98   0x00001e98   0x00000236   Code   RO          198    .text.CLK_SysClkConfig  hc32f46x_clk.o
    0x000020ce   0x000020ce   0x00000002   PAD
    0x000020d0   0x000020d0   0x000000b2   Code   RO          192    .text.CLK_UpllCmd   hc32f46x_clk.o
    0x00002182   0x00002182   0x00000002   PAD
    0x00002184   0x00002184   0x0000023a   Code   RO          190    .text.CLK_UpllConfig  hc32f46x_clk.o
    0x000023be   0x000023be   0x00000002   PAD
    0x000023c0   0x000023c0   0x0000014a   Code   RO          164    .text.CLK_XtalCmd   hc32f46x_clk.o
    0x0000250a   0x0000250a   0x00000002   PAD
    0x0000250c   0x0000250c   0x00000072   Code   RO          158    .text.CLK_XtalConfig  hc32f46x_clk.o
    0x0000257e   0x0000257e   0x00000002   PAD
    0x00002580   0x00002580   0x000003ee   Code   RO          941    .text.DMA_ChannelCfg  hc32f46x_dmac.o
    0x0000296e   0x0000296e   0x00000002   PAD
    0x00002970   0x00002970   0x00000352   Code   RO          901    .text.DMA_ChannelCmd  hc32f46x_dmac.o
    0x00002cc2   0x00002cc2   0x00000002   PAD
    0x00002cc4   0x00002cc4   0x00000164   Code   RO          899    .text.DMA_ClearIrqFlag  hc32f46x_dmac.o
    0x00002e28   0x00002e28   0x00000078   Code   RO          891    .text.DMA_Cmd       hc32f46x_dmac.o
    0x00002ea0   0x00002ea0   0x000002a6   Code   RO          943    .text.DMA_InitChannel  hc32f46x_dmac.o
    0x00003146   0x00003146   0x00000002   PAD
    0x00003148   0x00003148   0x00000096   Code   RO          937    .text.DMA_SetTriggerSrc  hc32f46x_dmac.o
    0x000031de   0x000031de   0x00000002   PAD
    0x000031e0   0x000031e0   0x0000002c   Code   RO           64    .text.Ddl_AssertHandler  hc32f46x_utility.o
    0x0000320c   0x0000320c   0x00000008   Code   RO          366    .text.DebugMon_Handler  hc32f46x_interrupts.o
    0x00003214   0x00003214   0x0000002a   Code   RO         1092    .text.Delay_ms      mytimer.o
    0x0000323e   0x0000323e   0x00000002   PAD
    0x00003240   0x00003240   0x0000004a   Code   RO          244    .text.EFM_FlashCmd  hc32f46x_efm.o
    0x0000328a   0x0000328a   0x00000002   PAD
    0x0000328c   0x0000328c   0x00000070   Code   RO          260    .text.EFM_GetFlagStatus  hc32f46x_efm.o
    0x000032fc   0x000032fc   0x0000004c   Code   RO          248    .text.EFM_InstructionCacheCmd  hc32f46x_efm.o
    0x00003348   0x00003348   0x00000024   Code   RO          242    .text.EFM_Lock      hc32f46x_efm.o
    0x0000336c   0x0000336c   0x000000ba   Code   RO          246    .text.EFM_SetLatency  hc32f46x_efm.o
    0x00003426   0x00003426   0x00000002   PAD
    0x00003428   0x00003428   0x00000016   Code   RO          240    .text.EFM_Unlock    hc32f46x_efm.o
    0x0000343e   0x0000343e   0x00000002   PAD
    0x00003440   0x00003440   0x0000000c   Code   RO         1787    .text.FIFO_GetDataCount  fifo.o
    0x0000344c   0x0000344c   0x0000001a   Code   RO         1773    .text.FIFO_Init     fifo.o
    0x00003466   0x00003466   0x00000002   PAD
    0x00003468   0x00003468   0x00000026   Code   RO         1785    .text.FIFO_IsDataEmpty  fifo.o
    0x0000348e   0x0000348e   0x00000002   PAD
    0x00003490   0x00003490   0x0000009e   Code   RO         1779    .text.FIFO_ReadData  fifo.o
    0x0000352e   0x0000352e   0x00000002   PAD
    0x00003530   0x00003530   0x00000070   Code   RO         1775    .text.FIFO_WriteData  fifo.o
    0x000035a0   0x000035a0   0x00000016   Code   RO         1777    .text.FIFO_WriteOneData  fifo.o
    0x000035b6   0x000035b6   0x00000002   PAD
    0x000035b8   0x000035b8   0x00000116   Code   RO         1760    .text.HardFaultHandler  segger_hardfaulthandler.o
    0x000036ce   0x000036ce   0x00000002   PAD
    0x000036d0   0x000036d0   0x00000022   Code   RO          372    .text.IRQ000_Handler  hc32f46x_interrupts.o
    0x000036f2   0x000036f2   0x00000002   PAD
    0x000036f4   0x000036f4   0x00000022   Code   RO          374    .text.IRQ001_Handler  hc32f46x_interrupts.o
    0x00003716   0x00003716   0x00000002   PAD
    0x00003718   0x00003718   0x00000022   Code   RO          376    .text.IRQ002_Handler  hc32f46x_interrupts.o
    0x0000373a   0x0000373a   0x00000002   PAD
    0x0000373c   0x0000373c   0x00000022   Code   RO          378    .text.IRQ003_Handler  hc32f46x_interrupts.o
    0x0000375e   0x0000375e   0x00000002   PAD
    0x00003760   0x00003760   0x00000022   Code   RO          380    .text.IRQ004_Handler  hc32f46x_interrupts.o
    0x00003782   0x00003782   0x00000002   PAD
    0x00003784   0x00003784   0x00000022   Code   RO          382    .text.IRQ005_Handler  hc32f46x_interrupts.o
    0x000037a6   0x000037a6   0x00000002   PAD
    0x000037a8   0x000037a8   0x00000022   Code   RO          384    .text.IRQ006_Handler  hc32f46x_interrupts.o
    0x000037ca   0x000037ca   0x00000002   PAD
    0x000037cc   0x000037cc   0x00000022   Code   RO          386    .text.IRQ007_Handler  hc32f46x_interrupts.o
    0x000037ee   0x000037ee   0x00000002   PAD
    0x000037f0   0x000037f0   0x00000022   Code   RO          388    .text.IRQ008_Handler  hc32f46x_interrupts.o
    0x00003812   0x00003812   0x00000002   PAD
    0x00003814   0x00003814   0x00000022   Code   RO          390    .text.IRQ009_Handler  hc32f46x_interrupts.o
    0x00003836   0x00003836   0x00000002   PAD
    0x00003838   0x00003838   0x00000022   Code   RO          392    .text.IRQ010_Handler  hc32f46x_interrupts.o
    0x0000385a   0x0000385a   0x00000002   PAD
    0x0000385c   0x0000385c   0x00000022   Code   RO          394    .text.IRQ011_Handler  hc32f46x_interrupts.o
    0x0000387e   0x0000387e   0x00000002   PAD
    0x00003880   0x00003880   0x00000022   Code   RO          396    .text.IRQ012_Handler  hc32f46x_interrupts.o
    0x000038a2   0x000038a2   0x00000002   PAD
    0x000038a4   0x000038a4   0x00000022   Code   RO          398    .text.IRQ013_Handler  hc32f46x_interrupts.o
    0x000038c6   0x000038c6   0x00000002   PAD
    0x000038c8   0x000038c8   0x00000022   Code   RO          400    .text.IRQ014_Handler  hc32f46x_interrupts.o
    0x000038ea   0x000038ea   0x00000002   PAD
    0x000038ec   0x000038ec   0x00000022   Code   RO          402    .text.IRQ015_Handler  hc32f46x_interrupts.o
    0x0000390e   0x0000390e   0x00000002   PAD
    0x00003910   0x00003910   0x00000022   Code   RO          404    .text.IRQ016_Handler  hc32f46x_interrupts.o
    0x00003932   0x00003932   0x00000002   PAD
    0x00003934   0x00003934   0x00000022   Code   RO          406    .text.IRQ017_Handler  hc32f46x_interrupts.o
    0x00003956   0x00003956   0x00000002   PAD
    0x00003958   0x00003958   0x00000022   Code   RO          408    .text.IRQ018_Handler  hc32f46x_interrupts.o
    0x0000397a   0x0000397a   0x00000002   PAD
    0x0000397c   0x0000397c   0x00000022   Code   RO          410    .text.IRQ019_Handler  hc32f46x_interrupts.o
    0x0000399e   0x0000399e   0x00000002   PAD
    0x000039a0   0x000039a0   0x00000022   Code   RO          412    .text.IRQ020_Handler  hc32f46x_interrupts.o
    0x000039c2   0x000039c2   0x00000002   PAD
    0x000039c4   0x000039c4   0x00000022   Code   RO          414    .text.IRQ021_Handler  hc32f46x_interrupts.o
    0x000039e6   0x000039e6   0x00000002   PAD
    0x000039e8   0x000039e8   0x00000022   Code   RO          416    .text.IRQ022_Handler  hc32f46x_interrupts.o
    0x00003a0a   0x00003a0a   0x00000002   PAD
    0x00003a0c   0x00003a0c   0x00000022   Code   RO          418    .text.IRQ023_Handler  hc32f46x_interrupts.o
    0x00003a2e   0x00003a2e   0x00000002   PAD
    0x00003a30   0x00003a30   0x00000022   Code   RO          420    .text.IRQ024_Handler  hc32f46x_interrupts.o
    0x00003a52   0x00003a52   0x00000002   PAD
    0x00003a54   0x00003a54   0x00000022   Code   RO          422    .text.IRQ025_Handler  hc32f46x_interrupts.o
    0x00003a76   0x00003a76   0x00000002   PAD
    0x00003a78   0x00003a78   0x00000022   Code   RO          424    .text.IRQ026_Handler  hc32f46x_interrupts.o
    0x00003a9a   0x00003a9a   0x00000002   PAD
    0x00003a9c   0x00003a9c   0x00000022   Code   RO          426    .text.IRQ027_Handler  hc32f46x_interrupts.o
    0x00003abe   0x00003abe   0x00000002   PAD
    0x00003ac0   0x00003ac0   0x00000022   Code   RO          428    .text.IRQ028_Handler  hc32f46x_interrupts.o
    0x00003ae2   0x00003ae2   0x00000002   PAD
    0x00003ae4   0x00003ae4   0x00000022   Code   RO          430    .text.IRQ029_Handler  hc32f46x_interrupts.o
    0x00003b06   0x00003b06   0x00000002   PAD
    0x00003b08   0x00003b08   0x00000022   Code   RO          432    .text.IRQ030_Handler  hc32f46x_interrupts.o
    0x00003b2a   0x00003b2a   0x00000002   PAD
    0x00003b2c   0x00003b2c   0x00000022   Code   RO          434    .text.IRQ031_Handler  hc32f46x_interrupts.o
    0x00003b4e   0x00003b4e   0x00000002   PAD
    0x00003b50   0x00003b50   0x00000026   Code   RO          436    .text.IRQ032_Handler  hc32f46x_interrupts.o
    0x00003b76   0x00003b76   0x00000002   PAD
    0x00003b78   0x00003b78   0x00000026   Code   RO          438    .text.IRQ033_Handler  hc32f46x_interrupts.o
    0x00003b9e   0x00003b9e   0x00000002   PAD
    0x00003ba0   0x00003ba0   0x00000026   Code   RO          440    .text.IRQ034_Handler  hc32f46x_interrupts.o
    0x00003bc6   0x00003bc6   0x00000002   PAD
    0x00003bc8   0x00003bc8   0x00000026   Code   RO          442    .text.IRQ035_Handler  hc32f46x_interrupts.o
    0x00003bee   0x00003bee   0x00000002   PAD
    0x00003bf0   0x00003bf0   0x00000026   Code   RO          444    .text.IRQ036_Handler  hc32f46x_interrupts.o
    0x00003c16   0x00003c16   0x00000002   PAD
    0x00003c18   0x00003c18   0x00000026   Code   RO          446    .text.IRQ037_Handler  hc32f46x_interrupts.o
    0x00003c3e   0x00003c3e   0x00000002   PAD
    0x00003c40   0x00003c40   0x00000026   Code   RO          448    .text.IRQ038_Handler  hc32f46x_interrupts.o
    0x00003c66   0x00003c66   0x00000002   PAD
    0x00003c68   0x00003c68   0x00000026   Code   RO          450    .text.IRQ039_Handler  hc32f46x_interrupts.o
    0x00003c8e   0x00003c8e   0x00000002   PAD
    0x00003c90   0x00003c90   0x00000026   Code   RO          452    .text.IRQ040_Handler  hc32f46x_interrupts.o
    0x00003cb6   0x00003cb6   0x00000002   PAD
    0x00003cb8   0x00003cb8   0x00000026   Code   RO          454    .text.IRQ041_Handler  hc32f46x_interrupts.o
    0x00003cde   0x00003cde   0x00000002   PAD
    0x00003ce0   0x00003ce0   0x00000026   Code   RO          456    .text.IRQ042_Handler  hc32f46x_interrupts.o
    0x00003d06   0x00003d06   0x00000002   PAD
    0x00003d08   0x00003d08   0x00000026   Code   RO          458    .text.IRQ043_Handler  hc32f46x_interrupts.o
    0x00003d2e   0x00003d2e   0x00000002   PAD
    0x00003d30   0x00003d30   0x00000026   Code   RO          460    .text.IRQ044_Handler  hc32f46x_interrupts.o
    0x00003d56   0x00003d56   0x00000002   PAD
    0x00003d58   0x00003d58   0x00000026   Code   RO          462    .text.IRQ045_Handler  hc32f46x_interrupts.o
    0x00003d7e   0x00003d7e   0x00000002   PAD
    0x00003d80   0x00003d80   0x00000026   Code   RO          464    .text.IRQ046_Handler  hc32f46x_interrupts.o
    0x00003da6   0x00003da6   0x00000002   PAD
    0x00003da8   0x00003da8   0x00000026   Code   RO          466    .text.IRQ047_Handler  hc32f46x_interrupts.o
    0x00003dce   0x00003dce   0x00000002   PAD
    0x00003dd0   0x00003dd0   0x00000026   Code   RO          468    .text.IRQ048_Handler  hc32f46x_interrupts.o
    0x00003df6   0x00003df6   0x00000002   PAD
    0x00003df8   0x00003df8   0x00000026   Code   RO          470    .text.IRQ049_Handler  hc32f46x_interrupts.o
    0x00003e1e   0x00003e1e   0x00000002   PAD
    0x00003e20   0x00003e20   0x00000026   Code   RO          472    .text.IRQ050_Handler  hc32f46x_interrupts.o
    0x00003e46   0x00003e46   0x00000002   PAD
    0x00003e48   0x00003e48   0x00000026   Code   RO          474    .text.IRQ051_Handler  hc32f46x_interrupts.o
    0x00003e6e   0x00003e6e   0x00000002   PAD
    0x00003e70   0x00003e70   0x00000026   Code   RO          476    .text.IRQ052_Handler  hc32f46x_interrupts.o
    0x00003e96   0x00003e96   0x00000002   PAD
    0x00003e98   0x00003e98   0x00000026   Code   RO          478    .text.IRQ053_Handler  hc32f46x_interrupts.o
    0x00003ebe   0x00003ebe   0x00000002   PAD
    0x00003ec0   0x00003ec0   0x00000026   Code   RO          480    .text.IRQ054_Handler  hc32f46x_interrupts.o
    0x00003ee6   0x00003ee6   0x00000002   PAD
    0x00003ee8   0x00003ee8   0x00000026   Code   RO          482    .text.IRQ055_Handler  hc32f46x_interrupts.o
    0x00003f0e   0x00003f0e   0x00000002   PAD
    0x00003f10   0x00003f10   0x00000026   Code   RO          484    .text.IRQ056_Handler  hc32f46x_interrupts.o
    0x00003f36   0x00003f36   0x00000002   PAD
    0x00003f38   0x00003f38   0x00000026   Code   RO          486    .text.IRQ057_Handler  hc32f46x_interrupts.o
    0x00003f5e   0x00003f5e   0x00000002   PAD
    0x00003f60   0x00003f60   0x00000026   Code   RO          488    .text.IRQ058_Handler  hc32f46x_interrupts.o
    0x00003f86   0x00003f86   0x00000002   PAD
    0x00003f88   0x00003f88   0x00000026   Code   RO          490    .text.IRQ059_Handler  hc32f46x_interrupts.o
    0x00003fae   0x00003fae   0x00000002   PAD
    0x00003fb0   0x00003fb0   0x00000026   Code   RO          492    .text.IRQ060_Handler  hc32f46x_interrupts.o
    0x00003fd6   0x00003fd6   0x00000002   PAD
    0x00003fd8   0x00003fd8   0x00000026   Code   RO          494    .text.IRQ061_Handler  hc32f46x_interrupts.o
    0x00003ffe   0x00003ffe   0x00000002   PAD
    0x00004000   0x00004000   0x00000026   Code   RO          496    .text.IRQ062_Handler  hc32f46x_interrupts.o
    0x00004026   0x00004026   0x00000002   PAD
    0x00004028   0x00004028   0x00000026   Code   RO          498    .text.IRQ063_Handler  hc32f46x_interrupts.o
    0x0000404e   0x0000404e   0x00000002   PAD
    0x00004050   0x00004050   0x00000026   Code   RO          500    .text.IRQ064_Handler  hc32f46x_interrupts.o
    0x00004076   0x00004076   0x00000002   PAD
    0x00004078   0x00004078   0x00000026   Code   RO          502    .text.IRQ065_Handler  hc32f46x_interrupts.o
    0x0000409e   0x0000409e   0x00000002   PAD
    0x000040a0   0x000040a0   0x00000026   Code   RO          504    .text.IRQ066_Handler  hc32f46x_interrupts.o
    0x000040c6   0x000040c6   0x00000002   PAD
    0x000040c8   0x000040c8   0x00000026   Code   RO          506    .text.IRQ067_Handler  hc32f46x_interrupts.o
    0x000040ee   0x000040ee   0x00000002   PAD
    0x000040f0   0x000040f0   0x00000026   Code   RO          508    .text.IRQ068_Handler  hc32f46x_interrupts.o
    0x00004116   0x00004116   0x00000002   PAD
    0x00004118   0x00004118   0x00000026   Code   RO          510    .text.IRQ069_Handler  hc32f46x_interrupts.o
    0x0000413e   0x0000413e   0x00000002   PAD
    0x00004140   0x00004140   0x00000026   Code   RO          512    .text.IRQ070_Handler  hc32f46x_interrupts.o
    0x00004166   0x00004166   0x00000002   PAD
    0x00004168   0x00004168   0x00000026   Code   RO          514    .text.IRQ071_Handler  hc32f46x_interrupts.o
    0x0000418e   0x0000418e   0x00000002   PAD
    0x00004190   0x00004190   0x00000026   Code   RO          516    .text.IRQ072_Handler  hc32f46x_interrupts.o
    0x000041b6   0x000041b6   0x00000002   PAD
    0x000041b8   0x000041b8   0x00000026   Code   RO          518    .text.IRQ073_Handler  hc32f46x_interrupts.o
    0x000041de   0x000041de   0x00000002   PAD
    0x000041e0   0x000041e0   0x00000026   Code   RO          520    .text.IRQ074_Handler  hc32f46x_interrupts.o
    0x00004206   0x00004206   0x00000002   PAD
    0x00004208   0x00004208   0x00000026   Code   RO          522    .text.IRQ075_Handler  hc32f46x_interrupts.o
    0x0000422e   0x0000422e   0x00000002   PAD
    0x00004230   0x00004230   0x00000026   Code   RO          524    .text.IRQ076_Handler  hc32f46x_interrupts.o
    0x00004256   0x00004256   0x00000002   PAD
    0x00004258   0x00004258   0x00000026   Code   RO          526    .text.IRQ077_Handler  hc32f46x_interrupts.o
    0x0000427e   0x0000427e   0x00000002   PAD
    0x00004280   0x00004280   0x00000026   Code   RO          528    .text.IRQ078_Handler  hc32f46x_interrupts.o
    0x000042a6   0x000042a6   0x00000002   PAD
    0x000042a8   0x000042a8   0x00000026   Code   RO          530    .text.IRQ079_Handler  hc32f46x_interrupts.o
    0x000042ce   0x000042ce   0x00000002   PAD
    0x000042d0   0x000042d0   0x00000026   Code   RO          532    .text.IRQ080_Handler  hc32f46x_interrupts.o
    0x000042f6   0x000042f6   0x00000002   PAD
    0x000042f8   0x000042f8   0x00000026   Code   RO          534    .text.IRQ081_Handler  hc32f46x_interrupts.o
    0x0000431e   0x0000431e   0x00000002   PAD
    0x00004320   0x00004320   0x00000026   Code   RO          536    .text.IRQ082_Handler  hc32f46x_interrupts.o
    0x00004346   0x00004346   0x00000002   PAD
    0x00004348   0x00004348   0x00000026   Code   RO          538    .text.IRQ083_Handler  hc32f46x_interrupts.o
    0x0000436e   0x0000436e   0x00000002   PAD
    0x00004370   0x00004370   0x00000026   Code   RO          540    .text.IRQ084_Handler  hc32f46x_interrupts.o
    0x00004396   0x00004396   0x00000002   PAD
    0x00004398   0x00004398   0x00000026   Code   RO          542    .text.IRQ085_Handler  hc32f46x_interrupts.o
    0x000043be   0x000043be   0x00000002   PAD
    0x000043c0   0x000043c0   0x00000026   Code   RO          544    .text.IRQ086_Handler  hc32f46x_interrupts.o
    0x000043e6   0x000043e6   0x00000002   PAD
    0x000043e8   0x000043e8   0x00000026   Code   RO          546    .text.IRQ087_Handler  hc32f46x_interrupts.o
    0x0000440e   0x0000440e   0x00000002   PAD
    0x00004410   0x00004410   0x00000026   Code   RO          548    .text.IRQ088_Handler  hc32f46x_interrupts.o
    0x00004436   0x00004436   0x00000002   PAD
    0x00004438   0x00004438   0x00000026   Code   RO          550    .text.IRQ089_Handler  hc32f46x_interrupts.o
    0x0000445e   0x0000445e   0x00000002   PAD
    0x00004460   0x00004460   0x00000026   Code   RO          552    .text.IRQ090_Handler  hc32f46x_interrupts.o
    0x00004486   0x00004486   0x00000002   PAD
    0x00004488   0x00004488   0x00000026   Code   RO          554    .text.IRQ091_Handler  hc32f46x_interrupts.o
    0x000044ae   0x000044ae   0x00000002   PAD
    0x000044b0   0x000044b0   0x00000026   Code   RO          556    .text.IRQ092_Handler  hc32f46x_interrupts.o
    0x000044d6   0x000044d6   0x00000002   PAD
    0x000044d8   0x000044d8   0x00000026   Code   RO          558    .text.IRQ093_Handler  hc32f46x_interrupts.o
    0x000044fe   0x000044fe   0x00000002   PAD
    0x00004500   0x00004500   0x00000026   Code   RO          560    .text.IRQ094_Handler  hc32f46x_interrupts.o
    0x00004526   0x00004526   0x00000002   PAD
    0x00004528   0x00004528   0x00000026   Code   RO          562    .text.IRQ095_Handler  hc32f46x_interrupts.o
    0x0000454e   0x0000454e   0x00000002   PAD
    0x00004550   0x00004550   0x00000026   Code   RO          564    .text.IRQ096_Handler  hc32f46x_interrupts.o
    0x00004576   0x00004576   0x00000002   PAD
    0x00004578   0x00004578   0x00000026   Code   RO          566    .text.IRQ097_Handler  hc32f46x_interrupts.o
    0x0000459e   0x0000459e   0x00000002   PAD
    0x000045a0   0x000045a0   0x00000026   Code   RO          568    .text.IRQ098_Handler  hc32f46x_interrupts.o
    0x000045c6   0x000045c6   0x00000002   PAD
    0x000045c8   0x000045c8   0x00000026   Code   RO          570    .text.IRQ099_Handler  hc32f46x_interrupts.o
    0x000045ee   0x000045ee   0x00000002   PAD
    0x000045f0   0x000045f0   0x00000026   Code   RO          572    .text.IRQ100_Handler  hc32f46x_interrupts.o
    0x00004616   0x00004616   0x00000002   PAD
    0x00004618   0x00004618   0x00000026   Code   RO          574    .text.IRQ101_Handler  hc32f46x_interrupts.o
    0x0000463e   0x0000463e   0x00000002   PAD
    0x00004640   0x00004640   0x00000026   Code   RO          576    .text.IRQ102_Handler  hc32f46x_interrupts.o
    0x00004666   0x00004666   0x00000002   PAD
    0x00004668   0x00004668   0x00000026   Code   RO          578    .text.IRQ103_Handler  hc32f46x_interrupts.o
    0x0000468e   0x0000468e   0x00000002   PAD
    0x00004690   0x00004690   0x00000026   Code   RO          580    .text.IRQ104_Handler  hc32f46x_interrupts.o
    0x000046b6   0x000046b6   0x00000002   PAD
    0x000046b8   0x000046b8   0x00000026   Code   RO          582    .text.IRQ105_Handler  hc32f46x_interrupts.o
    0x000046de   0x000046de   0x00000002   PAD
    0x000046e0   0x000046e0   0x00000026   Code   RO          584    .text.IRQ106_Handler  hc32f46x_interrupts.o
    0x00004706   0x00004706   0x00000002   PAD
    0x00004708   0x00004708   0x00000026   Code   RO          586    .text.IRQ107_Handler  hc32f46x_interrupts.o
    0x0000472e   0x0000472e   0x00000002   PAD
    0x00004730   0x00004730   0x00000026   Code   RO          588    .text.IRQ108_Handler  hc32f46x_interrupts.o
    0x00004756   0x00004756   0x00000002   PAD
    0x00004758   0x00004758   0x00000026   Code   RO          590    .text.IRQ109_Handler  hc32f46x_interrupts.o
    0x0000477e   0x0000477e   0x00000002   PAD
    0x00004780   0x00004780   0x00000026   Code   RO          592    .text.IRQ110_Handler  hc32f46x_interrupts.o
    0x000047a6   0x000047a6   0x00000002   PAD
    0x000047a8   0x000047a8   0x00000026   Code   RO          594    .text.IRQ111_Handler  hc32f46x_interrupts.o
    0x000047ce   0x000047ce   0x00000002   PAD
    0x000047d0   0x000047d0   0x00000026   Code   RO          596    .text.IRQ112_Handler  hc32f46x_interrupts.o
    0x000047f6   0x000047f6   0x00000002   PAD
    0x000047f8   0x000047f8   0x00000026   Code   RO          598    .text.IRQ113_Handler  hc32f46x_interrupts.o
    0x0000481e   0x0000481e   0x00000002   PAD
    0x00004820   0x00004820   0x00000026   Code   RO          600    .text.IRQ114_Handler  hc32f46x_interrupts.o
    0x00004846   0x00004846   0x00000002   PAD
    0x00004848   0x00004848   0x00000026   Code   RO          602    .text.IRQ115_Handler  hc32f46x_interrupts.o
    0x0000486e   0x0000486e   0x00000002   PAD
    0x00004870   0x00004870   0x00000026   Code   RO          604    .text.IRQ116_Handler  hc32f46x_interrupts.o
    0x00004896   0x00004896   0x00000002   PAD
    0x00004898   0x00004898   0x00000026   Code   RO          606    .text.IRQ117_Handler  hc32f46x_interrupts.o
    0x000048be   0x000048be   0x00000002   PAD
    0x000048c0   0x000048c0   0x00000026   Code   RO          608    .text.IRQ118_Handler  hc32f46x_interrupts.o
    0x000048e6   0x000048e6   0x00000002   PAD
    0x000048e8   0x000048e8   0x00000026   Code   RO          610    .text.IRQ119_Handler  hc32f46x_interrupts.o
    0x0000490e   0x0000490e   0x00000002   PAD
    0x00004910   0x00004910   0x00000026   Code   RO          612    .text.IRQ120_Handler  hc32f46x_interrupts.o
    0x00004936   0x00004936   0x00000002   PAD
    0x00004938   0x00004938   0x00000026   Code   RO          614    .text.IRQ121_Handler  hc32f46x_interrupts.o
    0x0000495e   0x0000495e   0x00000002   PAD
    0x00004960   0x00004960   0x00000026   Code   RO          616    .text.IRQ122_Handler  hc32f46x_interrupts.o
    0x00004986   0x00004986   0x00000002   PAD
    0x00004988   0x00004988   0x00000026   Code   RO          618    .text.IRQ123_Handler  hc32f46x_interrupts.o
    0x000049ae   0x000049ae   0x00000002   PAD
    0x000049b0   0x000049b0   0x00000026   Code   RO          620    .text.IRQ124_Handler  hc32f46x_interrupts.o
    0x000049d6   0x000049d6   0x00000002   PAD
    0x000049d8   0x000049d8   0x00000026   Code   RO          622    .text.IRQ125_Handler  hc32f46x_interrupts.o
    0x000049fe   0x000049fe   0x00000002   PAD
    0x00004a00   0x00004a00   0x00000026   Code   RO          624    .text.IRQ126_Handler  hc32f46x_interrupts.o
    0x00004a26   0x00004a26   0x00000002   PAD
    0x00004a28   0x00004a28   0x00000026   Code   RO          626    .text.IRQ127_Handler  hc32f46x_interrupts.o
    0x00004a4e   0x00004a4e   0x00000002   PAD
    0x00004a50   0x00004a50   0x00000234   Code   RO          628    .text.IRQ128_Handler  hc32f46x_interrupts.o
    0x00004c84   0x00004c84   0x0000078c   Code   RO          630    .text.IRQ129_Handler  hc32f46x_interrupts.o
    0x00005410   0x00005410   0x0000015e   Code   RO          632    .text.IRQ130_Handler  hc32f46x_interrupts.o
    0x0000556e   0x0000556e   0x00000002   PAD
    0x00005570   0x00005570   0x000004ba   Code   RO          634    .text.IRQ131_Handler  hc32f46x_interrupts.o
    0x00005a2a   0x00005a2a   0x00000002   PAD
    0x00005a2c   0x00005a2c   0x0000026a   Code   RO          636    .text.IRQ132_Handler  hc32f46x_interrupts.o
    0x00005c96   0x00005c96   0x00000002   PAD
    0x00005c98   0x00005c98   0x00000590   Code   RO          638    .text.IRQ136_Handler  hc32f46x_interrupts.o
    0x00006228   0x00006228   0x000004ae   Code   RO          640    .text.IRQ137_Handler  hc32f46x_interrupts.o
    0x000066d6   0x000066d6   0x00000002   PAD
    0x000066d8   0x000066d8   0x00000438   Code   RO          642    .text.IRQ138_Handler  hc32f46x_interrupts.o
    0x00006b10   0x00006b10   0x00000228   Code   RO          644    .text.IRQ139_Handler  hc32f46x_interrupts.o
    0x00006d38   0x00006d38   0x0000036e   Code   RO          646    .text.IRQ140_Handler  hc32f46x_interrupts.o
    0x000070a6   0x000070a6   0x00000002   PAD
    0x000070a8   0x000070a8   0x000003ca   Code   RO          648    .text.IRQ141_Handler  hc32f46x_interrupts.o
    0x00007472   0x00007472   0x00000002   PAD
    0x00007474   0x00007474   0x000001de   Code   RO          650    .text.IRQ142_Handler  hc32f46x_interrupts.o
    0x00007652   0x00007652   0x00000002   PAD
    0x00007654   0x00007654   0x00000204   Code   RO          652    .text.IRQ143_Handler  hc32f46x_interrupts.o
    0x00007858   0x00007858   0x00000008   Code   RO          358    .text.MemManage_Handler  hc32f46x_interrupts.o
    0x00007860   0x00007860   0x00000008   Code   RO          356    .text.NMI_Handler   hc32f46x_interrupts.o
    0x00007868   0x00007868   0x0000011a   Code   RO          308    .text.PORT_GetBit   hc32f46x_gpio.o
    0x00007982   0x00007982   0x00000002   PAD
    0x00007984   0x00007984   0x00000336   Code   RO          294    .text.PORT_Init     hc32f46x_gpio.o
    0x00007cba   0x00007cba   0x00000002   PAD
    0x00007cbc   0x00007cbc   0x00000010   Code   RO          298    .text.PORT_Lock     hc32f46x_gpio.o
    0x00007ccc   0x00007ccc   0x00000076   Code   RO          318    .text.PORT_ResetBits  hc32f46x_gpio.o
    0x00007d42   0x00007d42   0x00000002   PAD
    0x00007d44   0x00007d44   0x00000076   Code   RO          316    .text.PORT_SetBits  hc32f46x_gpio.o
    0x00007dba   0x00007dba   0x00000002   PAD
    0x00007dbc   0x00007dbc   0x000003e0   Code   RO          324    .text.PORT_SetFunc  hc32f46x_gpio.o
    0x0000819c   0x0000819c   0x00000010   Code   RO          296    .text.PORT_Unlock   hc32f46x_gpio.o
    0x000081ac   0x000081ac   0x000000b2   Code   RO          685    .text.PWC_Fcg0PeriphClockCmd  hc32f46x_pwc.o
    0x0000825e   0x0000825e   0x00000002   PAD
    0x00008260   0x00008260   0x00000092   Code   RO          687    .text.PWC_Fcg1PeriphClockCmd  hc32f46x_pwc.o
    0x000082f2   0x000082f2   0x00000002   PAD
    0x000082f4   0x000082f4   0x00000092   Code   RO          689    .text.PWC_Fcg2PeriphClockCmd  hc32f46x_pwc.o
    0x00008386   0x00008386   0x00000002   PAD
    0x00008388   0x00008388   0x00000092   Code   RO          691    .text.PWC_Fcg3PeriphClockCmd  hc32f46x_pwc.o
    0x0000841a   0x0000841a   0x00000002   PAD
    0x0000841c   0x0000841c   0x00000008   Code   RO          368    .text.PendSV_Handler  hc32f46x_interrupts.o
    0x00008424   0x00008424   0x0000006a   Code   RO         1436    .text.Queue_Read_Byte  system.o
    0x0000848e   0x0000848e   0x00000002   PAD
    0x00008490   0x00008490   0x000000a6   Code   RO         1705    .text.SEGGER_RTT_ConfigUpBuffer  segger_rtt.o
    0x00008536   0x00008536   0x00000002   PAD
    0x00008538   0x00008538   0x00000008   Code   RO         1717    .text.SEGGER_RTT_Init  segger_rtt.o
    0x00008540   0x00008540   0x0000004e   Code   RO         1681    .text.SEGGER_RTT_Write  segger_rtt.o
    0x0000858e   0x0000858e   0x00000002   PAD
    0x00008590   0x00008590   0x000000b2   Code   RO         1677    .text.SEGGER_RTT_WriteNoLock  segger_rtt.o
    0x00008642   0x00008642   0x00000002   PAD
    0x00008644   0x00008644   0x0000002a   Code   RO         1750    .text.SEGGER_RTT_printf  segger_rtt_printf.o
    0x0000866e   0x0000866e   0x00000002   PAD
    0x00008670   0x00008670   0x00000412   Code   RO         1742    .text.SEGGER_RTT_vprintf  segger_rtt_printf.o
    0x00008a82   0x00008a82   0x00000002   PAD
    0x00008a84   0x00008a84   0x00000008   Code   RO          364    .text.SVC_Handler   hc32f46x_interrupts.o
    0x00008a8c   0x00008a8c   0x00000184   Code   RO          876    .text.SetClkSyncBaudrate  hc32f46x_usart.o
    0x00008c10   0x00008c10   0x000001c0   Code   RO          874    .text.SetScBaudrate  hc32f46x_usart.o
    0x00008dd0   0x00008dd0   0x000001bc   Code   RO          878    .text.SetUartBaudrate  hc32f46x_usart.o
    0x00008f8c   0x00008f8c   0x000000bc   Code   RO         1115    .text.SysClkIni     myclk.o
    0x00009048   0x00009048   0x00000052   Code   RO           52    .text.SysTick_Config  hc32f46x_utility.o
    0x0000909a   0x0000909a   0x00000002   PAD
    0x0000909c   0x0000909c   0x0000000c   Code   RO           56    .text.SysTick_GetTick  hc32f46x_utility.o
    0x000090a8   0x000090a8   0x00000008   Code   RO          370    .text.SysTick_Handler  hc32f46x_interrupts.o
    0x000090b0   0x000090b0   0x0000001a   Code   RO           58    .text.SysTick_IncTick  hc32f46x_utility.o
    0x000090ca   0x000090ca   0x00000002   PAD
    0x000090cc   0x000090cc   0x0000004e   Code   RO           50    .text.SysTick_Init  hc32f46x_utility.o
    0x0000911a   0x0000911a   0x00000002   PAD
    0x0000911c   0x0000911c   0x00000008   Code   RO         1133    .text.SysTick_IrqHandler  app.o
    0x00009124   0x00009124   0x0000016e   Code   RO           13    .text.SystemCoreClockUpdate  system_hc32f46x.o
    0x00009292   0x00009292   0x00000002   PAD
    0x00009294   0x00009294   0x00000018   Code   RO           11    .text.SystemInit    system_hc32f46x.o
    0x000092ac   0x000092ac   0x000003ca   Code   RO          792    .text.TIMER0_BaseInit  hc32f46x_timer0.o
    0x00009676   0x00009676   0x00000002   PAD
    0x00009678   0x00009678   0x0000013a   Code   RO          778    .text.TIMER0_Cmd    hc32f46x_timer0.o
    0x000097b2   0x000097b2   0x00000002   PAD
    0x000097b4   0x000097b4   0x0000009a   Code   RO          800    .text.TIMER0_GetClkMode  hc32f46x_timer0.o
    0x0000984e   0x0000984e   0x00000002   PAD
    0x00009850   0x00009850   0x00000142   Code   RO          782    .text.TIMER0_IntCmd  hc32f46x_timer0.o
    0x00009992   0x00009992   0x00000002   PAD
    0x00009994   0x00009994   0x00000220   Code   RO          958    .text.TIMERA_BaseInit  hc32f46x_timera.o
    0x00009bb4   0x00009bb4   0x0000019c   Code   RO         1014    .text.TIMERA_ClearFlag  hc32f46x_timera.o
    0x00009d50   0x00009d50   0x000000b0   Code   RO          970    .text.TIMERA_Cmd    hc32f46x_timera.o
    0x00009e00   0x00009e00   0x0000011c   Code   RO          984    .text.TIMERA_CompareCmd  hc32f46x_timera.o
    0x00009f1c   0x00009f1c   0x000003b4   Code   RO          972    .text.TIMERA_CompareInit  hc32f46x_timera.o
    0x0000a2d0   0x0000a2d0   0x00000184   Code   RO         1012    .text.TIMERA_GetFlag  hc32f46x_timera.o
    0x0000a454   0x0000a454   0x00000224   Code   RO         1008    .text.TIMERA_IrqCmd  hc32f46x_timera.o
    0x0000a678   0x0000a678   0x0000003e   Code   RO         1096    .text.Timer0A_CallBack  mytimer.o
    0x0000a6b6   0x0000a6b6   0x00000002   PAD
    0x0000a6b8   0x0000a6b8   0x0000005a   Code   RO         1104    .text.Timer0B_CallBack  mytimer.o
    0x0000a712   0x0000a712   0x00000002   PAD
    0x0000a714   0x0000a714   0x00000094   Code   RO         1194    .text.TimeraUnit1_IrqCallback  timera_pwm.o
    0x0000a7a8   0x0000a7a8   0x00000186   Code   RO         1192    .text.Timera_Config  timera_pwm.o
    0x0000a92e   0x0000a92e   0x00000002   PAD
    0x0000a930   0x0000a930   0x000000b0   Code   RO          820    .text.USART_ClearStatus  hc32f46x_usart.o
    0x0000a9e0   0x0000a9e0   0x000001dc   Code   RO          822    .text.USART_FuncCmd  hc32f46x_usart.o
    0x0000abbc   0x0000abbc   0x000000ce   Code   RO          818    .text.USART_GetStatus  hc32f46x_usart.o
    0x0000ac8a   0x0000ac8a   0x00000002   PAD
    0x0000ac8c   0x0000ac8c   0x0000006a   Code   RO          870    .text.USART_RecData  hc32f46x_usart.o
    0x0000acf6   0x0000acf6   0x00000002   PAD
    0x0000acf8   0x0000acf8   0x00000096   Code   RO          872    .text.USART_SetBaudrate  hc32f46x_usart.o
    0x0000ad8e   0x0000ad8e   0x00000002   PAD
    0x0000ad90   0x0000ad90   0x0000033e   Code   RO          810    .text.USART_UART_Init  hc32f46x_usart.o
    0x0000b0ce   0x0000b0ce   0x00000002   PAD
    0x0000b0d0   0x0000b0d0   0x00000008   Code   RO          362    .text.UsageFault_Handler  hc32f46x_interrupts.o
    0x0000b0d8   0x0000b0d8   0x00000096   Code   RO          880    .text.UsartGetClk   hc32f46x_usart.o
    0x0000b16e   0x0000b16e   0x00000002   PAD
    0x0000b170   0x0000b170   0x00000070   Code   RO         1069    .text.UsartRxErrProcess  myusart.o
    0x0000b1e0   0x0000b1e0   0x0000003a   Code   RO         1083    .text.UsartRxIrqCallback  myusart.o
    0x0000b21a   0x0000b21a   0x00000002   PAD
    0x0000b21c   0x0000b21c   0x00000026   Code   RO         1400    .text.User_Shell_Init  shell_port.o
    0x0000b242   0x0000b242   0x00000002   PAD
    0x0000b244   0x0000b244   0x000000a2   Code   RO         1659    .text._DoInit       segger_rtt.o
    0x0000b2e6   0x0000b2e6   0x00000002   PAD
    0x0000b2e8   0x0000b2e8   0x0000003e   Code   RO         1671    .text._GetAvailWriteSpace  segger_rtt.o
    0x0000b326   0x0000b326   0x00000002   PAD
    0x0000b328   0x0000b328   0x000001e4   Code   RO         1746    .text._PrintInt     segger_rtt_printf.o
    0x0000b50c   0x0000b50c   0x000001be   Code   RO         1748    .text._PrintUnsigned  segger_rtt_printf.o
    0x0000b6ca   0x0000b6ca   0x00000002   PAD
    0x0000b6cc   0x0000b6cc   0x00000078   Code   RO         1744    .text._StoreChar    segger_rtt_printf.o
    0x0000b744   0x0000b744   0x000000e4   Code   RO         1675    .text._WriteBlocking  segger_rtt.o
    0x0000b828   0x0000b828   0x00000094   Code   RO         1673    .text._WriteNoCheck  segger_rtt.o
    0x0000b8bc   0x0000b8bc   0x0000002c   Code   RO         1079    .text.__NVIC_ClearPendingIRQ  myusart.o
    0x0000b8e8   0x0000b8e8   0x0000002c   Code   RO         1098    .text.__NVIC_ClearPendingIRQ  mytimer.o
    0x0000b914   0x0000b914   0x0000002c   Code   RO         1196    .text.__NVIC_ClearPendingIRQ  timera_pwm.o
    0x0000b940   0x0000b940   0x0000002c   Code   RO         1081    .text.__NVIC_EnableIRQ  myusart.o
    0x0000b96c   0x0000b96c   0x0000002c   Code   RO         1102    .text.__NVIC_EnableIRQ  mytimer.o
    0x0000b998   0x0000b998   0x0000002c   Code   RO         1200    .text.__NVIC_EnableIRQ  timera_pwm.o
    0x0000b9c4   0x0000b9c4   0x0000003a   Code   RO           66    .text.__NVIC_SetPriority  hc32f46x_utility.o
    0x0000b9fe   0x0000b9fe   0x00000002   PAD
    0x0000ba00   0x0000ba00   0x0000003a   Code   RO         1077    .text.__NVIC_SetPriority  myusart.o
    0x0000ba3a   0x0000ba3a   0x00000002   PAD
    0x0000ba3c   0x0000ba3c   0x0000003a   Code   RO         1100    .text.__NVIC_SetPriority  mytimer.o
    0x0000ba76   0x0000ba76   0x00000002   PAD
    0x0000ba78   0x0000ba78   0x0000003a   Code   RO         1137    .text.__NVIC_SetPriority  app.o
    0x0000bab2   0x0000bab2   0x00000002   PAD
    0x0000bab4   0x0000bab4   0x0000003a   Code   RO         1198    .text.__NVIC_SetPriority  timera_pwm.o
    0x0000baee   0x0000baee   0x00000002   PAD
    0x0000baf0   0x0000baf0   0x00000026   Code   RO         1528    .text.__NVIC_SystemReset  protocol.o
    0x0000bb16   0x0000bb16   0x00000002   PAD
    0x0000bb18   0x0000bb18   0x0000002a   Code   RO         1038    .text.adc_clk_test  myadc.o
    0x0000bb42   0x0000bb42   0x00000002   PAD
    0x0000bb44   0x0000bb44   0x0000000a   Code   RO         1460    .text.all_data_update  protocol.o
    0x0000bb4e   0x0000bb4e   0x00000002   PAD
    0x0000bb50   0x0000bb50   0x00000044   Code   RO         1165    .text.app           app.o
    0x0000bb94   0x0000bb94   0x0000001a   Code   RO         1508    .text.bt_close_timer_result  protocol.o
    0x0000bbae   0x0000bbae   0x00000002   PAD
    0x0000bbb0   0x0000bbb0   0x0000001a   Code   RO         1520    .text.bt_disconnect_result  protocol.o
    0x0000bbca   0x0000bbca   0x00000002   PAD
    0x0000bbcc   0x0000bbcc   0x0000001a   Code   RO         1512    .text.bt_enable_lowpoer_result  protocol.o
    0x0000bbe6   0x0000bbe6   0x00000002   PAD
    0x0000bbe8   0x0000bbe8   0x00000002   Code   RO         1524    .text.bt_factor_reset_notify  protocol.o
    0x0000bbea   0x0000bbea   0x00000002   PAD
    0x0000bbec   0x0000bbec   0x0000001a   Code   RO         1504    .text.bt_modify_adv_interval_result  protocol.o
    0x0000bc06   0x0000bc06   0x00000002   PAD
    0x0000bc08   0x0000bc08   0x0000001e   Code   RO         1595    .text.bt_protocol_init  mcu_api.o
    0x0000bc26   0x0000bc26   0x00000002   PAD
    0x0000bc28   0x0000bc28   0x0000001a   Code   RO         1516    .text.bt_send_one_time_password_token_result  protocol.o
    0x0000bc42   0x0000bc42   0x00000002   PAD
    0x0000bc44   0x0000bc44   0x00000084   Code   RO         1591    .text.bt_uart_service  mcu_api.o
    0x0000bcc8   0x0000bcc8   0x00000046   Code   RO         1426    .text.bt_uart_write_data  system.o
    0x0000bd0e   0x0000bd0e   0x00000002   PAD
    0x0000bd10   0x0000bd10   0x0000008a   Code   RO         1424    .text.bt_uart_write_frame  system.o
    0x0000bd9a   0x0000bd9a   0x00000002   PAD
    0x0000bd9c   0x0000bd9c   0x0000000c   Code   RO         1500    .text.bt_unbound_req  protocol.o
    0x0000bda8   0x0000bda8   0x00000044   Code   RO         1563    .text.byte_to_int   mcu_api.o
    0x0000bdec   0x0000bdec   0x00000170   Code   RO         1117    .text.clk_test      myclk.o
    0x0000bf5c   0x0000bf5c   0x00000366   Code   RO         1430    .text.data_handle   system.o
    0x0000c2c2   0x0000c2c2   0x00000002   PAD
    0x0000c2c4   0x0000c2c4   0x00000086   Code   RO         1432    .text.data_point_handle  system.o
    0x0000c34a   0x0000c34a   0x00000002   PAD
    0x0000c34c   0x0000c34c   0x0000009c   Code   RO         1492    .text.dp_download_common_command_handle  protocol.o
    0x0000c3e8   0x0000c3e8   0x00000090   Code   RO         1478    .text.dp_download_factory_op_handle  protocol.o
    0x0000c478   0x0000c478   0x0000003c   Code   RO         1468    .text.dp_download_find_me_handle  protocol.o
    0x0000c4b4   0x0000c4b4   0x00000048   Code   RO         1480    .text.dp_download_freq_parameter1_handle  protocol.o
    0x0000c4fc   0x0000c4fc   0x00000048   Code   RO         1482    .text.dp_download_freq_parameter2_handle  protocol.o
    0x0000c544   0x0000c544   0x00000048   Code   RO         1476    .text.dp_download_freq_times_handle  protocol.o
    0x0000c58c   0x0000c58c   0x000001d6   Code   RO         1462    .text.dp_download_handle  protocol.o
    0x0000c762   0x0000c762   0x00000002   PAD
    0x0000c764   0x0000c764   0x0000003c   Code   RO         1484    .text.dp_download_light_threshold1_handle  protocol.o
    0x0000c7a0   0x0000c7a0   0x0000003c   Code   RO         1486    .text.dp_download_light_threshold2_handle  protocol.o
    0x0000c7dc   0x0000c7dc   0x0000003c   Code   RO         1488    .text.dp_download_light_threshold3_handle  protocol.o
    0x0000c818   0x0000c818   0x0000003c   Code   RO         1490    .text.dp_download_light_threshold4_handle  protocol.o
    0x0000c854   0x0000c854   0x0000004a   Code   RO         1466    .text.dp_download_load_radar_parameter_handle  protocol.o
    0x0000c89e   0x0000c89e   0x00000002   PAD
    0x0000c8a0   0x0000c8a0   0x00000080   Code   RO         1464    .text.dp_download_pir_delay_handle  protocol.o
    0x0000c920   0x0000c920   0x0000006c   Code   RO         1494    .text.dp_download_study_cmd_handle  protocol.o
    0x0000c98c   0x0000c98c   0x00000048   Code   RO         1472    .text.dp_download_time_add_handle  protocol.o
    0x0000c9d4   0x0000c9d4   0x00000048   Code   RO         1470    .text.dp_download_time_times_handle  protocol.o
    0x0000ca1c   0x0000ca1c   0x0000003c   Code   RO         1496    .text.dp_download_upload_duty_handle  protocol.o
    0x0000ca58   0x0000ca58   0x0000004c   Code   RO         1474    .text.dp_download_work_mode_handle  protocol.o
    0x0000caa4   0x0000caa4   0x000000be   Code   RO          336    .text.enIrqRegistration  hc32f46x_interrupts.o
    0x0000cb62   0x0000cb62   0x00000002   PAD
    0x0000cb64   0x0000cb64   0x00000082   Code   RO         1131    .text.en_fsk_pwm    app.o
    0x0000cbe6   0x0000cbe6   0x00000002   PAD
    0x0000cbe8   0x0000cbe8   0x0000005e   Code   RO         1129    .text.en_sample     app.o
    0x0000cc46   0x0000cc46   0x00000002   PAD
    0x0000cc48   0x0000cc48   0x00000030   Code   RO         1149    .text.enable_flash_cache  app.o
    0x0000cc78   0x0000cc78   0x00000016   Code   RO         1157    .text.error_process  app.o
    0x0000cc8e   0x0000cc8e   0x00000002   PAD
    0x0000cc90   0x0000cc90   0x00000030   Code   RO         1861    .text.fputc         retarget_io.o
    0x0000ccc0   0x0000ccc0   0x0000004c   Code   RO         1422    .text.get_check_sum  system.o
    0x0000cd0c   0x0000cd0c   0x0000005c   Code   RO         1438    .text.get_dowmload_dpid_index  system.o
    0x0000cd68   0x0000cd68   0x00000004   Code   RO         1498    .text.get_download_cmd_total  protocol.o
    0x0000cd6c   0x0000cd6c   0x00000018   Code   RO         1428    .text.get_mcu_bt_mode  system.o
    0x0000cd84   0x0000cd84   0x00000034   Code   RO         1434    .text.get_queue_total_data  system.o
    0x0000cdb8   0x0000cdb8   0x00000002   Code   RO         1530    .text.go_bootloader_ota  protocol.o
    0x0000cdba   0x0000cdba   0x00000002   PAD
    0x0000cdbc   0x0000cdbc   0x00000040   Code   RO         1153    .text.gpio_init     app.o
    0x0000cdfc   0x0000cdfc   0x00000300   Code   RO         1127    .text.hexdump       app.o
    0x0000d0fc   0x0000d0fc   0x00000062   Code   RO         1161    .text.idle_process  app.o
    0x0000d15e   0x0000d15e   0x00000002   PAD
    0x0000d160   0x0000d160   0x000000d8   Code   RO         1163    .text.init_all      app.o
    0x0000d238   0x0000d238   0x0000003e   Code   RO         1060    .text.led_green     myled.o
    0x0000d276   0x0000d276   0x00000002   PAD
    0x0000d278   0x0000d278   0x0000005e   Code   RO         1056    .text.led_init      myled.o
    0x0000d2d6   0x0000d2d6   0x00000002   PAD
    0x0000d2d8   0x0000d2d8   0x0000003e   Code   RO         1058    .text.led_red       myled.o
    0x0000d316   0x0000d316   0x00000002   PAD
    0x0000d318   0x0000d318   0x00000014   Code   RO           24    .text.main          main.o
    0x0000d32c   0x0000d32c   0x000002b4   Code   RO         1593    .text.mcu_common_uart_data_unpack  mcu_api.o
    0x0000d5e0   0x0000d5e0   0x00000002   Code   RO         1617    .text.mcu_device_delay_restart  mcu_ota_handler.o
    0x0000d5e2   0x0000d5e2   0x00000002   PAD
    0x0000d5e4   0x0000d5e4   0x000000ae   Code   RO         1573    .text.mcu_dp_bool_update  mcu_api.o
    0x0000d692   0x0000d692   0x00000002   PAD
    0x0000d694   0x0000d694   0x00000094   Code   RO         1579    .text.mcu_dp_enum_update  mcu_api.o
    0x0000d728   0x0000d728   0x000000be   Code   RO         1575    .text.mcu_dp_value_update  mcu_api.o
    0x0000d7e6   0x0000d7e6   0x00000002   PAD
    0x0000d7e8   0x0000d7e8   0x00000012   Code   RO         1585    .text.mcu_get_dp_download_enum  mcu_api.o
    0x0000d7fa   0x0000d7fa   0x00000002   PAD
    0x0000d7fc   0x0000d7fc   0x00000018   Code   RO         1587    .text.mcu_get_dp_download_value  mcu_api.o
    0x0000d814   0x0000d814   0x000001ae   Code   RO         1631    .text.mcu_ota_data_req  mcu_ota_handler.o
    0x0000d9c2   0x0000d9c2   0x00000002   PAD
    0x0000d9c4   0x0000d9c4   0x00000032   Code   RO         1633    .text.mcu_ota_end_req  mcu_ota_handler.o
    0x0000d9f6   0x0000d9f6   0x00000002   PAD
    0x0000d9f8   0x0000d9f8   0x000002ae   Code   RO         1627    .text.mcu_ota_file_info_req  mcu_ota_handler.o
    0x0000dca6   0x0000dca6   0x00000002   PAD
    0x0000dca8   0x0000dca8   0x0000002e   Code   RO         1635    .text.mcu_ota_init_disconnect  mcu_ota_handler.o
    0x0000dcd6   0x0000dcd6   0x00000002   PAD
    0x0000dcd8   0x0000dcd8   0x000000ca   Code   RO         1629    .text.mcu_ota_offset_req  mcu_ota_handler.o
    0x0000dda2   0x0000dda2   0x00000002   PAD
    0x0000dda4   0x0000dda4   0x00000072   Code   RO         1623    .text.mcu_ota_proc  mcu_ota_handler.o
    0x0000de16   0x0000de16   0x00000002   PAD
    0x0000de18   0x0000de18   0x00000094   Code   RO         1625    .text.mcu_ota_start_req  mcu_ota_handler.o
    0x0000deac   0x0000deac   0x0000000c   Code   RO         1621    .text.mcu_ota_status_get  mcu_ota_handler.o
    0x0000deb8   0x0000deb8   0x00000014   Code   RO         1619    .text.mcu_ota_status_set  mcu_ota_handler.o
    0x0000decc   0x0000decc   0x00000016   Code   RO         1567    .text.mcu_reset_bt  mcu_api.o
    0x0000dee2   0x0000dee2   0x00000002   PAD
    0x0000dee4   0x0000dee4   0x00000082   Code   RO         1151    .text.memory_init   app.o
    0x0000df66   0x0000df66   0x00000002   PAD
    0x0000df68   0x0000df68   0x000000b4   Code   RO         1555    .text.my_memcpy     mcu_api.o
    0x0000e01c   0x0000e01c   0x0000004e   Code   RO         1553    .text.my_memset     mcu_api.o
    0x0000e06a   0x0000e06a   0x00000002   PAD
    0x0000e06c   0x0000e06c   0x00000088   Code   RO         1639    .text.on_data_write_request_sched  mcu_ota_handler.o
    0x0000e0f4   0x0000e0f4   0x0000001c   Code   RO         1641    .text.on_dfu_complete  mcu_ota_handler.o
    0x0000e110   0x0000e110   0x00000008   Code   RO         1404    .text.quit_shell    shell_port.o
    0x0000e118   0x0000e118   0x00000094   Code   RO         1147    .text.read_uid      app.o
    0x0000e1ac   0x0000e1ac   0x00000020   Code   RO         1643    .text.reset_after_flash_write  mcu_ota_handler.o
    0x0000e1cc   0x0000e1cc   0x00000002   Code   RO         1538    .text.reset_default_parameter  protocol.o
    0x0000e1ce   0x0000e1ce   0x00000002   PAD
    0x0000e1d0   0x0000e1d0   0x00000072   Code   RO         1145    .text.segger_init   app.o
    0x0000e242   0x0000e242   0x00000002   PAD
    0x0000e244   0x0000e244   0x0000004c   Code   RO         1155    .text.sent_sample_data  app.o
    0x0000e290   0x0000e290   0x00000050   Code   RO         1420    .text.set_bt_uart_buffer  system.o
    0x0000e2e0   0x0000e2e0   0x0000003a   Code   RO         1418    .text.set_bt_uart_byte  system.o
    0x0000e31a   0x0000e31a   0x00000002   PAD
    0x0000e31c   0x0000e31c   0x000000c0   Code   RO         1141    .text.set_fsk_wave_duty  app.o
    0x0000e3dc   0x0000e3dc   0x00000024   Code   RO         1143    .text.set_if_adc_avg  app.o
    0x0000e400   0x0000e400   0x00000052   Code   RO         1139    .text.set_samplerate  app.o
    0x0000e452   0x0000e452   0x00000002   PAD
    0x0000e454   0x0000e454   0x00000052   Code   RO         1212    .text.shellAdd      shell.o
    0x0000e4a6   0x0000e4a6   0x00000002   PAD
    0x0000e4a8   0x0000e4a8   0x00000012   Code   RO         1304    .text.shellBackspace  shell.o
    0x0000e4ba   0x0000e4ba   0x00000002   PAD
    0x0000e4bc   0x0000e4bc   0x00000058   Code   RO         1286    .text.shellCheckPassword  shell.o
    0x0000e514   0x0000e514   0x00000064   Code   RO         1228    .text.shellCheckPermission  shell.o
    0x0000e578   0x0000e578   0x00000028   Code   RO         1324    .text.shellClear    shell.o
    0x0000e5a0   0x0000e5a0   0x00000040   Code   RO         1256    .text.shellClearCommandLine  shell.o
    0x0000e5e0   0x0000e5e0   0x0000001e   Code   RO         1318    .text.shellCmds     shell.o
    0x0000e5fe   0x0000e5fe   0x00000002   PAD
    0x0000e600   0x0000e600   0x00000014   Code   RO         1306    .text.shellDelete   shell.o
    0x0000e614   0x0000e614   0x00000162   Code   RO         1260    .text.shellDeleteByte  shell.o
    0x0000e776   0x0000e776   0x00000002   PAD
    0x0000e778   0x0000e778   0x00000032   Code   RO         1254    .text.shellDeleteCommandLine  shell.o
    0x0000e7aa   0x0000e7aa   0x00000002   PAD
    0x0000e7ac   0x0000e7ac   0x00000014   Code   RO         1292    .text.shellDown     shell.o
    0x0000e7c0   0x0000e7c0   0x00000018   Code   RO         1308    .text.shellEnter    shell.o
    0x0000e7d8   0x0000e7d8   0x000000a6   Code   RO         1280    .text.shellExec     shell.o
    0x0000e87e   0x0000e87e   0x00000002   PAD
    0x0000e880   0x0000e880   0x0000006c   Code   RO         1328    .text.shellExecute  shell.o
    0x0000e8ec   0x0000e8ec   0x0000009a   Code   RO         1385    .text.shellExtNumType  shell_ext.o
    0x0000e986   0x0000e986   0x00000002   PAD
    0x0000e988   0x0000e988   0x0000008e   Code   RO         1375    .text.shellExtParseChar  shell_ext.o
    0x0000ea16   0x0000ea16   0x00000002   PAD
    0x0000ea18   0x0000ea18   0x0000014e   Code   RO         1377    .text.shellExtParseNumber  shell_ext.o
    0x0000eb66   0x0000eb66   0x00000002   PAD
    0x0000eb68   0x0000eb68   0x00000094   Code   RO         1373    .text.shellExtParsePara  shell_ext.o
    0x0000ebfc   0x0000ebfc   0x0000009a   Code   RO         1381    .text.shellExtParseString  shell_ext.o
    0x0000ec96   0x0000ec96   0x00000002   PAD
    0x0000ec98   0x0000ec98   0x00000038   Code   RO         1379    .text.shellExtParseVar  shell_ext.o
    0x0000ecd0   0x0000ecd0   0x000001a0   Code   RO         1383    .text.shellExtRun   shell_ext.o
    0x0000ee70   0x0000ee70   0x00000078   Code   RO         1387    .text.shellExtToNum  shell_ext.o
    0x0000eee8   0x0000eee8   0x00000054   Code   RO         1242    .text.shellGetCommandDesc  shell.o
    0x0000ef3c   0x0000ef3c   0x00000096   Code   RO         1236    .text.shellGetCommandName  shell.o
    0x0000efd2   0x0000efd2   0x00000002   PAD
    0x0000efd4   0x0000efd4   0x00000076   Code   RO         1222    .text.shellGetCurrent  shell.o
    0x0000f04a   0x0000f04a   0x00000002   PAD
    0x0000f04c   0x0000f04c   0x00000086   Code   RO         1262    .text.shellGetVarValue  shell.o
    0x0000f0d2   0x0000f0d2   0x00000002   PAD
    0x0000f0d4   0x0000f0d4   0x000001b2   Code   RO         1312    .text.shellHandler  shell.o
    0x0000f286   0x0000f286   0x00000002   PAD
    0x0000f288   0x0000f288   0x00000042   Code   RO         1310    .text.shellHelp     shell.o
    0x0000f2ca   0x0000f2ca   0x00000002   PAD
    0x0000f2cc   0x0000f2cc   0x0000012e   Code   RO         1290    .text.shellHistory  shell.o
    0x0000f3fa   0x0000f3fa   0x00000002   PAD
    0x0000f3fc   0x0000f3fc   0x000000bc   Code   RO         1282    .text.shellHistoryAdd  shell.o
    0x0000f4b8   0x0000f4b8   0x000000e2   Code   RO         1210    .text.shellInit     shell.o
    0x0000f59a   0x0000f59a   0x00000002   PAD
    0x0000f59c   0x0000f59c   0x00000156   Code   RO         1258    .text.shellInsertByte  shell.o
    0x0000f6f2   0x0000f6f2   0x00000002   PAD
    0x0000f6f4   0x0000f6f4   0x0000001e   Code   RO         1322    .text.shellKeys     shell.o
    0x0000f712   0x0000f712   0x00000002   PAD
    0x0000f714   0x0000f714   0x00000026   Code   RO         1296    .text.shellLeft     shell.o
    0x0000f73a   0x0000f73a   0x00000002   PAD
    0x0000f73c   0x0000f73c   0x00000016   Code   RO         1252    .text.shellListAll  shell.o
    0x0000f752   0x0000f752   0x00000002   PAD
    0x0000f754   0x0000f754   0x00000082   Code   RO         1244    .text.shellListCommand  shell.o
    0x0000f7d6   0x0000f7d6   0x00000002   PAD
    0x0000f7d8   0x0000f7d8   0x00000186   Code   RO         1234    .text.shellListItem  shell.o
    0x0000f95e   0x0000f95e   0x00000002   PAD
    0x0000f960   0x0000f960   0x00000096   Code   RO         1250    .text.shellListKey  shell.o
    0x0000f9f6   0x0000f9f6   0x00000002   PAD
    0x0000f9f8   0x0000f9f8   0x00000096   Code   RO         1248    .text.shellListUser  shell.o
    0x0000fa8e   0x0000fa8e   0x00000002   PAD
    0x0000fa90   0x0000fa90   0x00000096   Code   RO         1246    .text.shellListVar  shell.o
    0x0000fb26   0x0000fb26   0x00000002   PAD
    0x0000fb28   0x0000fb28   0x0000002a   Code   RO         1278    .text.shellNormalInput  shell.o
    0x0000fb52   0x0000fb52   0x00000002   PAD
    0x0000fb54   0x0000fb54   0x0000012a   Code   RO         1284    .text.shellParserParam  shell.o
    0x0000fc7e   0x0000fc7e   0x00000002   PAD
    0x0000fc80   0x0000fc80   0x000000ae   Code   RO         1274    .text.shellRemoveParamQuotes  shell.o
    0x0000fd2e   0x0000fd2e   0x00000002   PAD
    0x0000fd30   0x0000fd30   0x00000028   Code   RO         1294    .text.shellRight    shell.o
    0x0000fd58   0x0000fd58   0x000000ec   Code   RO         1272    .text.shellRunCommand  shell.o
    0x0000fe44   0x0000fe44   0x000000da   Code   RO         1216    .text.shellSeekCommand  shell.o
    0x0000ff1e   0x0000ff1e   0x00000002   PAD
    0x0000ff20   0x0000ff20   0x000000a4   Code   RO         1214    .text.shellSetUser  shell.o
    0x0000ffc4   0x0000ffc4   0x0000009c   Code   RO         1270    .text.shellSetVar   shell.o
    0x00010060   0x00010060   0x000000d8   Code   RO         1264    .text.shellSetVarValue  shell.o
    0x00010138   0x00010138   0x0000010a   Code   RO         1268    .text.shellShowVar  shell.o
    0x00010242   0x00010242   0x00000002   PAD
    0x00010244   0x00010244   0x00000072   Code   RO         1300    .text.shellStringCompare  shell.o
    0x000102b6   0x000102b6   0x00000002   PAD
    0x000102b8   0x000102b8   0x00000046   Code   RO         1266    .text.shellStringCopy  shell.o
    0x000102fe   0x000102fe   0x00000002   PAD
    0x00010300   0x00010300   0x00000262   Code   RO         1298    .text.shellTab      shell.o
    0x00010562   0x00010562   0x00000002   PAD
    0x00010564   0x00010564   0x0000003e   Code   RO         1314    .text.shellTask     shell.o
    0x000105a2   0x000105a2   0x00000002   PAD
    0x000105a4   0x000105a4   0x000000b8   Code   RO         1232    .text.shellToDec    shell.o
    0x0001065c   0x0001065c   0x0000006c   Code   RO         1230    .text.shellToHex    shell.o
    0x000106c8   0x000106c8   0x00000012   Code   RO         1288    .text.shellUp       shell.o
    0x000106da   0x000106da   0x00000002   PAD
    0x000106dc   0x000106dc   0x0000001e   Code   RO         1316    .text.shellUsers    shell.o
    0x000106fa   0x000106fa   0x00000002   PAD
    0x000106fc   0x000106fc   0x0000001e   Code   RO         1320    .text.shellVars     shell.o
    0x0001071a   0x0001071a   0x00000002   PAD
    0x0001071c   0x0001071c   0x0000001e   Code   RO         1396    .text.shellWrite    shell_port.o
    0x0001073a   0x0001073a   0x00000002   PAD
    0x0001073c   0x0001073c   0x00000026   Code   RO         1238    .text.shellWriteByte  shell.o
    0x00010762   0x00010762   0x00000002   PAD
    0x00010764   0x00010764   0x000000d4   Code   RO         1240    .text.shellWriteCommandDesc  shell.o
    0x00010838   0x00010838   0x0000009c   Code   RO         1302    .text.shellWriteCommandHelp  shell.o
    0x000108d4   0x000108d4   0x000000d4   Code   RO         1218    .text.shellWritePrompt  shell.o
    0x000109a8   0x000109a8   0x000000b6   Code   RO         1276    .text.shellWriteReturnValue  shell.o
    0x00010a5e   0x00010a5e   0x00000002   PAD
    0x00010a60   0x00010a60   0x00000062   Code   RO         1224    .text.shellWriteString  shell.o
    0x00010ac2   0x00010ac2   0x00000002   PAD
    0x00010ac4   0x00010ac4   0x00000046   Code   RO         1398    .text.shell_uart_write_data  shell_port.o
    0x00010b0a   0x00010b0a   0x00000002   PAD
    0x00010b0c   0x00010b0c   0x00000004   Code   RO         1526    .text.soft_reset_mcu  protocol.o
    0x00010b10   0x00010b10   0x0000007e   Code   RO         1863    .text.stdout_putchar  retarget_io.o
    0x00010b8e   0x00010b8e   0x00000002   PAD
    0x00010b90   0x00010b90   0x00000016   Code   RO         1135    .text.tick_init     app.o
    0x00010ba6   0x00010ba6   0x00000002   PAD
    0x00010ba8   0x00010ba8   0x00000128   Code   RO         1094    .text.timer0_init   mytimer.o
    0x00010cd0   0x00010cd0   0x00000070   Code   RO         1071    .text.tuya_UsartRxErrProcess  myusart.o
    0x00010d40   0x00010d40   0x00000032   Code   RO         1075    .text.tuya_UsartRxIrqCallback  myusart.o
    0x00010d72   0x00010d72   0x00000002   PAD
    0x00010d74   0x00010d74   0x00000008   Code   RO         1532    .text.tuya_re_config_network  protocol.o
    0x00010d7c   0x00010d7c   0x00000008   Code   RO         1534    .text.tuya_reset_module  protocol.o
    0x00010d84   0x00010d84   0x00000002   Code   RO         1536    .text.tuya_retry_ota  protocol.o
    0x00010d86   0x00010d86   0x00000002   PAD
    0x00010d88   0x00010d88   0x00000016   Code   RO         1159    .text.uart_post_process  app.o
    0x00010d9e   0x00010d9e   0x00000002   PAD
    0x00010da0   0x00010da0   0x000000c8   Code   RO         1589    .text.uart_receive_input  mcu_api.o
    0x00010e68   0x00010e68   0x00000032   Code   RO         1458    .text.uart_transmit_output  protocol.o
    0x00010e9a   0x00010e9a   0x00000002   PAD
    0x00010e9c   0x00010e9c   0x00000032   Code   RO         1402    .text.uart_transmit_output_shell  shell_port.o
    0x00010ece   0x00010ece   0x00000002   PAD
    0x00010ed0   0x00010ed0   0x000001c8   Code   RO         1073    .text.usart_init    myusart.o
    0x00011098   0x00011098   0x00000012   Code   RO         1769    OSKERNEL            hardfaulthandler.o
    0x000110aa   0x000110aa   0x0000000a   Ven    RO         2010    Veneer$$Code        anon$$obj.o
    0x000110b4   0x000110b4   0x0000000a   Ven    RO         2011    Veneer$$Code        anon$$obj.o
    0x000110be   0x000110be   0x0000000a   Ven    RO         2012    Veneer$$Code        anon$$obj.o
    0x000110c8   0x000110c8   0x0000000a   Ven    RO         2013    Veneer$$Code        anon$$obj.o
    0x000110d2   0x000110d2   0x00000002   PAD
    0x000110d4   0x000110d4   0x00000020   Code   RO         1938    i.__0printf         mc_w.l(printfa.o)
    0x000110f4   0x000110f4   0x0000000e   Code   RO         2004    i.__scatterload_copy  mc_w.l(handlers.o)
    0x00011102   0x00011102   0x00000002   Code   RO         2005    i.__scatterload_null  mc_w.l(handlers.o)
    0x00011104   0x00011104   0x0000000e   Code   RO         2006    i.__scatterload_zeroinit  mc_w.l(handlers.o)
    0x00011112   0x00011112   0x00000002   PAD
    0x00011114   0x00011114   0x00000184   Code   RO         1945    i._fp_digits        mc_w.l(printfa.o)
    0x00011298   0x00011298   0x000006dc   Code   RO         1946    i._printf_core      mc_w.l(printfa.o)
    0x00011974   0x00011974   0x00000024   Code   RO         1947    i._printf_post_padding  mc_w.l(printfa.o)
    0x00011998   0x00011998   0x0000002e   Code   RO         1948    i._printf_pre_padding  mc_w.l(printfa.o)
    0x000119c6   0x000119c6   0x00000010   Data   RO         1752    .rodata._PrintUnsigned._aV2C  segger_rtt_printf.o
    0x000119d6   0x000119d6   0x00000010   Data   RO          883    .rodata.cst16       hc32f46x_usart.o
    0x000119e6   0x000119e6   0x0000003c   Data   RO         1540    .rodata.download_cmd  protocol.o
    0x00011a22   0x00011a22   0x00000005   Data   RO         1330    .rodata.shellCmdDefaultUser  shell.o
    0x00011a27   0x00011a27   0x00000006   Data   RO         1359    .rodata.shellCmdclear  shell.o
    0x00011a2d   0x00011a2d   0x00000005   Data   RO         1353    .rodata.shellCmdcmds  shell.o
    0x00011a32   0x00011a32   0x00000005   Data   RO         1361    .rodata.shellCmdexec  shell.o
    0x00011a37   0x00011a37   0x00000005   Data   RO         1408    .rodata.shellCmdexit  shell_port.o
    0x00011a3c   0x00011a3c   0x0000000b   Data   RO         1175    .rodata.shellCmdfsk_pwm_en  app.o
    0x00011a47   0x00011a47   0x00000011   Data   RO         1179    .rodata.shellCmdfsk_pwm_saw_duty  app.o
    0x00011a58   0x00011a58   0x00000005   Data   RO         1349    .rodata.shellCmdhelp  shell.o
    0x00011a5d   0x00011a5d   0x00000008   Data   RO         1170    .rodata.shellCmdhexdump  app.o
    0x00011a65   0x00011a65   0x0000000b   Data   RO         1181    .rodata.shellCmdif_adc_avg  app.o
    0x00011a70   0x00011a70   0x00000005   Data   RO         1357    .rodata.shellCmdkeys  shell.o
    0x00011a75   0x00011a75   0x00000007   Data   RO         1337    .rodata.shellCmdsetVar  shell.o
    0x00011a7c   0x00011a7c   0x0000000c   Data   RO         1177    .rodata.shellCmdtimer0_duty  app.o
    0x00011a88   0x00011a88   0x0000000a   Data   RO         1173    .rodata.shellCmdtimer0_en  app.o
    0x00011a92   0x00011a92   0x00000006   Data   RO         1351    .rodata.shellCmdusers  shell.o
    0x00011a98   0x00011a98   0x00000005   Data   RO         1355    .rodata.shellCmdvars  shell.o
    0x00011a9d   0x00011a9d   0x0000000d   Data   RO         1332    .rodata.shellDesDefaultUser  shell.o
    0x00011aaa   0x00011aaa   0x0000000a   Data   RO         1344    .rodata.shellDesc0x08000000  shell.o
    0x00011ab4   0x00011ab4   0x00000004   Data   RO         1343    .rodata.shellDesc0x09000000  shell.o
    0x00011ab8   0x00011ab8   0x00000006   Data   RO         1347    .rodata.shellDesc0x0A000000  shell.o
    0x00011abe   0x00011abe   0x00000006   Data   RO         1348    .rodata.shellDesc0x0D000000  shell.o
    0x00011ac4   0x00011ac4   0x00000007   Data   RO         1346    .rodata.shellDesc0x1B5B337E  shell.o
    0x00011acb   0x00011acb   0x00000003   Data   RO         1339    .rodata.shellDesc0x1B5B4100  shell.o
    0x00011ace   0x00011ace   0x00000005   Data   RO         1340    .rodata.shellDesc0x1B5B4200  shell.o
    0x00011ad3   0x00011ad3   0x00000006   Data   RO         1341    .rodata.shellDesc0x1B5B4300  shell.o
    0x00011ad9   0x00011ad9   0x00000005   Data   RO         1342    .rodata.shellDesc0x1B5B4400  shell.o
    0x00011ade   0x00011ade   0x0000000a   Data   RO         1345    .rodata.shellDesc0x7F000000  shell.o
    0x00011ae8   0x00011ae8   0x0000000e   Data   RO         1360    .rodata.shellDescclear  shell.o
    0x00011af6   0x00011af6   0x0000000d   Data   RO         1354    .rodata.shellDesccmds  shell.o
    0x00011b03   0x00011b03   0x0000001b   Data   RO         1362    .rodata.shellDescexec  shell.o
    0x00011b1e   0x00011b1e   0x00000005   Data   RO         1409    .rodata.shellDescexit  shell_port.o
    0x00011b23   0x00011b23   0x00000021   Data   RO         1176    .rodata.shellDescfsk_pwm_en  app.o
    0x00011b44   0x00011b44   0x0000001a   Data   RO         1180    .rodata.shellDescfsk_pwm_saw_duty  app.o
    0x00011b5e   0x00011b5e   0x0000001e   Data   RO         1350    .rodata.shellDeschelp  shell.o
    0x00011b7c   0x00011b7c   0x00000014   Data   RO         1171    .rodata.shellDeschexdump  app.o
    0x00011b90   0x00011b90   0x00000024   Data   RO         1182    .rodata.shellDescif_adc_avg  app.o
    0x00011bb4   0x00011bb4   0x0000000d   Data   RO         1358    .rodata.shellDesckeys  shell.o
    0x00011bc1   0x00011bc1   0x00000008   Data   RO         1338    .rodata.shellDescsetVar  shell.o
    0x00011bc9   0x00011bc9   0x0000001a   Data   RO         1178    .rodata.shellDesctimer0_duty  app.o
    0x00011be3   0x00011be3   0x00000020   Data   RO         1174    .rodata.shellDesctimer0_en  app.o
    0x00011c03   0x00011c03   0x0000000e   Data   RO         1352    .rodata.shellDescusers  shell.o
    0x00011c11   0x00011c11   0x0000000d   Data   RO         1356    .rodata.shellDescvars  shell.o
    0x00011c1e   0x00011c1e   0x00000001   Data   RO         1331    .rodata.shellPasswordDefaultUser  shell.o
    0x00011c1f   0x00011c1f   0x0000002d   Data   RO           70    .rodata.str1.1      hc32f46x_utility.o
    0x00011c4c   0x00011c4c   0x0000001d   Data   RO          150    .rodata.str1.1      hc32f46x_adc.o
    0x00011c69   0x00011c69   0x0000001d   Data   RO          232    .rodata.str1.1      hc32f46x_clk.o
    0x00011c86   0x00011c86   0x0000001d   Data   RO          286    .rodata.str1.1      hc32f46x_efm.o
    0x00011ca3   0x00011ca3   0x0000001e   Data   RO          328    .rodata.str1.1      hc32f46x_gpio.o
    0x00011cc1   0x00011cc1   0x00000024   Data   RO          655    .rodata.str1.1      hc32f46x_interrupts.o
    0x00011ce5   0x00011ce5   0x0000001d   Data   RO          762    .rodata.str1.1      hc32f46x_pwc.o
    0x00011d02   0x00011d02   0x00000020   Data   RO          802    .rodata.str1.1      hc32f46x_timer0.o
    0x00011d22   0x00011d22   0x0000001f   Data   RO          882    .rodata.str1.1      hc32f46x_usart.o
    0x00011d41   0x00011d41   0x0000001e   Data   RO          947    .rodata.str1.1      hc32f46x_dmac.o
    0x00011d5f   0x00011d5f   0x00000020   Data   RO         1020    .rodata.str1.1      hc32f46x_timera.o
    0x00011d7f   0x00011d7f   0x0000000e   Data   RO         1046    .rodata.str1.1      myadc.o
    0x00011d8d   0x00011d8d   0x0000001f   Data   RO         1107    .rodata.str1.1      mytimer.o
    0x00011dac   0x00011dac   0x00000096   Data   RO         1119    .rodata.str1.1      myclk.o
    0x00011e42   0x00011e42   0x00000199   Data   RO         1169    .rodata.str1.1      app.o
    0x00011fdb   0x00011fdb   0x00000020   Data   RO         1202    .rodata.str1.1      timera_pwm.o
    0x00011ffb   0x00011ffb   0x000002d0   Data   RO         1334    .rodata.str1.1      shell.o
    0x000122cb   0x000122cb   0x00000023   Data   RO         1443    .rodata.str1.1      system.o
    0x000122ee   0x000122ee   0x0000002f   Data   RO         1541    .rodata.str1.1      protocol.o
    0x0001231d   0x0001231d   0x00000367   Data   RO         1646    .rodata.str1.1      mcu_ota_handler.o
    0x00012684   0x00012684   0x00000014   Data   RO         1732    .rodata.str1.1      segger_rtt.o
    0x00012698   0x00012698   0x00000030   Data   RO         2003    Region$$Table       anon$$obj.o
    0x000126c8   0x000126c8   0x00000060   Data   RO         1172    shellCommand        app.o
    0x00012728   0x00012728   0x00000130   Data   RO         1333    shellCommand        shell.o
    0x00012858   0x00012858   0x00000010   Data   RO         1410    shellCommand        shell_port.o


    Execution Region RW_IRAM1 (Exec base: 0x1fff8000, Load base: 0x00012868, Size: 0x0000dab8, Max: 0x0002f000, ABSOLUTE)

    Exec Addr    Load Addr    Size         Type   Attr      Idx    E Section Name        Object

    0x1fff8000   0x00012868   0x00000004   Data   RW         1889    .data               mc_w.l(stdout.o)
    0x1fff8004   0x0001286c   0x00000014   Data   RW         1790    .data.FIFO_Data     fifo.o
    0x1fff8018   0x00012880   0x00000004   Data   RW           15    .data.HRC_VALUE     system_hc32f46x.o
    0x1fff801c   0x00012884   0x00000004   Data   RW           16    .data.SystemCoreClock  system_hc32f46x.o
    0x1fff8020   0x00012888   0x00000058   Data   RW         1336    .data.shellText     shell.o
    0x1fff8078        -       0x00000001   Zero   RW          948    .bss.DmaChEnState   hc32f46x_dmac.o
    0x1fff8079   0x000128e0   0x00000001   PAD
    0x1fff807a        -       0x00001f40   Zero   RW         1789    .bss.FIFO_DataBuffer  fifo.o
    0x1fff9fba   0x000128e0   0x00000002   PAD
    0x1fff9fbc        -       0x00000040   Zero   RW         1762    .bss.HardFaultRegs  segger_hardfaulthandler.o
    0x1fff9ffc        -       0x00000200   Zero   RW          654    .bss.IrqHandler     hc32f46x_interrupts.o
    0x1fffa1fc        -       0x00004000   Zero   RW         1183    .bss.JS_RTT_UpBuffer  app.o
    0x1fffe1fc        -       0x00000004   Zero   RW         1106    .bss.Timer_Counter  mytimer.o
    0x1fffe200        -       0x00000002   Zero   RW         1599    .bss.UART_RX_Count  mcu_api.o
    0x1fffe202   0x000128e0   0x00000002   PAD
    0x1fffe204        -       0x00000004   Zero   RW         1763    .bss._Continue      segger_hardfaulthandler.o
    0x1fffe208        -       0x00000078   Zero   RW         1729    .bss._SEGGER_RTT    segger_rtt.o
    0x1fffe280        -       0x00000010   Zero   RW         1734    .bss._acDownBuffer  segger_rtt.o
    0x1fffe290        -       0x00001000   Zero   RW         1733    .bss._acUpBuffer    segger_rtt.o
    0x1ffff290        -       0x00000207   Zero   RW         1448    .bss.bt_queue_buf   system.o
    0x1ffff497        -       0x00000107   Zero   RW         1441    .bss.bt_uart_rx_buf  system.o
    0x1ffff59e        -       0x00000003   Zero   RW         1598    .bss.bt_uart_rx_buf_temp  mcu_api.o
    0x1ffff5a1   0x000128e0   0x00000001   PAD
    0x1ffff5a2        -       0x00000002   Zero   RW         1597    .bss.bt_uart_service.rx_in  mcu_api.o
    0x1ffff5a4        -       0x00000207   Zero   RW         1440    .bss.bt_uart_tx_buf  system.o
    0x1ffff7ab        -       0x00000001   Zero   RW         1444    .bss.bt_work_state  system.o
    0x1ffff7ac        -       0x00000002   Zero   RW         1647    .bss.current_package  mcu_ota_handler.o
    0x1ffff7ae   0x000128e0   0x00000002   PAD
    0x1ffff7b0        -       0x00000004   Zero   RW         1600    .bss.current_uart_rev_state_type  mcu_api.o
    0x1ffff7b4        -       0x00000001   Zero   RW         1442    .bss.data_handle.hand_up_status_last  system.o
    0x1ffff7b5   0x000128e0   0x00000003   PAD
    0x1ffff7b8        -       0x00000004   Zero   RW         1184    .bss.idle_process.last_tick  app.o
    0x1ffff7bc        -       0x00000002   Zero   RW         1648    .bss.last_package   mcu_ota_handler.o
    0x1ffff7be        -       0x00000022   Zero   RW         1047    .bss.m_au16Adc1SaValue  myadc.o
    0x1ffff7e0        -       0x00000012   Zero   RW         1048    .bss.m_au16Adc2SaValue  myadc.o
    0x1ffff7f2   0x000128e0   0x00000002   PAD
    0x1ffff7f4        -       0x00000004   Zero   RW           69    .bss.m_u32TickCount  hc32f46x_utility.o
    0x1ffff7f8        -       0x00000004   Zero   RW           68    .bss.m_u32TickStep  hc32f46x_utility.o
    0x1ffff7fc        -       0x00000004   Zero   RW         1649    .bss.mcu_ota_offset_req.offset_mcu_last  mcu_ota_handler.o
    0x1ffff800        -       0x00000004   Zero   RW         1168    .bss.next_state     app.o
    0x1ffff804        -       0x00000004   Zero   RW         1446    .bss.queue_in       system.o
    0x1ffff808        -       0x00000004   Zero   RW         1447    .bss.queue_out      system.o
    0x1ffff80c        -       0x00000001   Zero   RW         1445    .bss.reset_bt_flag  system.o
    0x1ffff80d   0x000128e0   0x00000003   PAD
    0x1ffff810        -       0x0000006c   Zero   RW         1406    .bss.shell          shell_port.o
    0x1ffff87c        -       0x00000009   Zero   RW         1363    .bss.shellGetCommandName.buffer  shell.o
    0x1ffff885   0x000128e0   0x00000003   PAD
    0x1ffff888        -       0x00000014   Zero   RW         1335    .bss.shellList      shell.o
    0x1ffff89c        -       0x00000200   Zero   RW         1407    .bss.shell_buffer   shell_port.o
    0x1ffffa9c        -       0x00000004   Zero   RW         1167    .bss.state          app.o
    0x1ffffaa0        -       0x00000008   Zero   RW         1875    .bss.stdout_putchar.buffer  retarget_io.o
    0x1ffffaa8        -       0x00000004   Zero   RW         1874    .bss.stdout_putchar.index  retarget_io.o
    0x1ffffaac        -       0x00000001   Zero   RW         1449    .bss.stop_update_flag  system.o
    0x1ffffaad   0x000128e0   0x00000003   PAD
    0x1ffffab0        -       0x00000004   Zero   RW         1645    .bss.tuya_ota_status  mcu_ota_handler.o
    0x1ffffab4        -       0x00000002   Zero   RW         1601    .bss.uart_data_len  mcu_api.o
    0x1ffffab6   0x000128e0   0x00000002   PAD
    0x1ffffab8        -       0x00006000   Zero   RW            1    STACK               startup_hc32f46x.o


    Execution Region RW_IRAM2 (Exec base: 0x200f0000, Load base: 0x00012900, Size: 0x00000d24, Max: 0x00001000, ABSOLUTE, UNINIT)

    Exec Addr    Load Addr    Size         Type   Attr      Idx    E Section Name        Object

    0x200f0000   0x00012900   0x00000040   Code   RO         1824    .text.EventCheckFilter  eventrecorder.o
    0x200f0040   0x00012940   0x00000042   Code   RO         1810    .text.EventGetTS    eventrecorder.o
    0x200f0082   0x00012982   0x00000002   PAD
    0x200f0084   0x00012984   0x0000005c   Code   RO         1828    .text.EventRecord2  eventrecorder.o
    0x200f00e0   0x000129e0   0x000001a6   Code   RO         1822    .text.EventRecordData  eventrecorder.o
    0x200f0286   0x00012b86   0x00000002   PAD
    0x200f0288   0x00012b88   0x00000100   Code   RO         1812    .text.EventRecordItem  eventrecorder.o
    0x200f0388   0x00012c88   0x00000094   Code   RO         1808    .text.EventRecorderEnable  eventrecorder.o
    0x200f041c   0x00012d1c   0x000001cc   Code   RO         1804    .text.EventRecorderInitialize  eventrecorder.o
    0x200f05e8   0x00012ee8   0x0000004e   Code   RO         1814    .text.EventRecorderStart  eventrecorder.o
    0x200f0636   0x00012f36   0x00000002   PAD
    0x200f0638   0x00012f38   0x0000000c   Code   RO         1802    .text.EventRecorderTimerGetCount  eventrecorder.o
    0x200f0644   0x00012f44   0x0000000c   Code   RO         1800    .text.EventRecorderTimerGetFreq  eventrecorder.o
    0x200f0650   0x00012f50   0x00000024   Code   RO         1798    .text.EventRecorderTimerSetup  eventrecorder.o
    0x200f0674   0x00012f74   0x00000012   Code   RO         1826    .text.GetContext    eventrecorder.o
    0x200f0686   0x00012f86   0x00000002   PAD
    0x200f0688   0x00012f88   0x00000012   Code   RO         1840    .text.GetRecordIndex  eventrecorder.o
    0x200f069a   0x00012f9a   0x00000002   PAD
    0x200f069c   0x00012f9c   0x00000012   Code   RO         1834    .text.IncrementOverflowTS  eventrecorder.o
    0x200f06ae   0x00012fae   0x00000002   PAD
    0x200f06b0   0x00012fb0   0x00000012   Code   RO         1848    .text.IncrementRecordsDumped  eventrecorder.o
    0x200f06c2   0x00012fc2   0x00000002   PAD
    0x200f06c4   0x00012fc4   0x00000012   Code   RO         1846    .text.IncrementRecordsWritten  eventrecorder.o
    0x200f06d6   0x00012fd6   0x00000002   PAD
    0x200f06d8   0x00012fd8   0x00000036   Code   RO         1842    .text.LockRecord    eventrecorder.o
    0x200f070e   0x0001300e   0x00000002   PAD
    0x200f0710   0x00013010   0x00000032   Code   RO         1844    .text.UnlockRecord  eventrecorder.o
    0x200f0742   0x00013042   0x00000002   PAD
    0x200f0744   0x00013044   0x0000001a   Code   RO         1832    .text.UpdateTS      eventrecorder.o
    0x200f075e   0x0001305e   0x00000002   PAD
    0x200f0760   0x00013060   0x00000020   Code   RO         1838    .text.atomic_inc32  eventrecorder.o
    0x200f0780   0x00013080   0x00000024   Code   RO         1850    .text.atomic_inc8   eventrecorder.o
    0x200f07a4   0x000130a4   0x00000020   Code   RO         1836    .text.atomic_xch32  eventrecorder.o
    0x200f07c4   0x000130c4   0x00000086   Code   RO         1806    .text.crc16_ccitt   eventrecorder.o
    0x200f084a   0x0001314a   0x0000000a   Ven    RO         2014    Veneer$$Code        anon$$obj.o
    0x200f0854   0x00013154   0x0000000a   Ven    RO         2015    Veneer$$Code        anon$$obj.o
    0x200f085e   0x0001315e   0x0000000a   Ven    RO         2016    Veneer$$Code        anon$$obj.o
    0x200f0868   0x00013168   0x00000018   Data   RO         1853    .rodata.EventRecorderInfo  eventrecorder.o
    0x200f0880        -       0x000004a4   Zero   RW         1852    .bss.noinit         eventrecorder.o



  Load Region LR_IROM2 (Base: 0x03000c00, Size: 0x00000000, Max: 0x000003c0, ABSOLUTE)

    Execution Region ER_IROM2 (Exec base: 0x03000c00, Load base: 0x03000c00, Size: 0x00000000, Max: 0x000003c0, ABSOLUTE)

    **** No section assigned to this execution region ****


==============================================================================

Image component sizes


      Code (inc. data)   RO Data    RW Data    ZI Data      Debug   Object Name

      2396          4        747          0      16396      24501   app.o
      2100          0         24          0       1188       8503   eventrecorder.o
       368          0          0         20       8000       2385   fifo.o
        18          0          0          0          0        304   hardfaulthandler.o
      1710          0         29          0          0      32423   hc32f46x_adc.o
      4222         10         29          0          0      34262   hc32f46x_clk.o
      3160          4         30          0          1      32887   hc32f46x_dmac.o
       506          0         29          0          0       9943   hc32f46x_efm.o
      2364          0         30          0          0      23617   hc32f46x_gpio.o
     16760          0         36          0        512     124849   hc32f46x_interrupts.o
       616          0         29          0          0      55565   hc32f46x_pwc.o
      1916          0         32          0          0      22947   hc32f46x_timer0.o
      3300         30         32          0          0      36439   hc32f46x_timera.o
      3374         28         47          0          0      26305   hc32f46x_usart.o
       300          0         45          0          8      39880   hc32f46x_utility.o
        20          0          0          0          0        384   main.o
      1956          6          0          0         13       6668   mcu_api.o
      1906          6        871          0         12       5155   mcu_ota_handler.o
      1226         16         14          0         52      24626   myadc.o
       556          0        150          0          0       2877   myclk.o
       218          0          0          0          0       1924   myled.o
       636          0         31          0          4      15090   mytimer.o
       934          0          0          0          0      18211   myusart.o
      2148        188        107          0          0      10772   protocol.o
       174          0          0          0         12       1955   retarget_io.o
       278          0          0          0         68       2686   segger_hardfaulthandler.o
      1030          0         20          0       4232      13171   segger_rtt.o
      2134         14         16          0          0       3814   segger_rtt_printf.o
      8202         12       1281         88         29      20599   shell.o
      1524          8          0          0          0       5236   shell_ext.o
       196          0         26          0        620       5309   shell_port.o
        92         26        640          0      24576        844   startup_hc32f46x.o
      1700          0         35          0       1313       3820   system.o
       390          6          0          8          0      13766   system_hc32f46x.o
       684          0         32          0          0      22818   timera_pwm.o

    ----------------------------------------------------------------------
     69804        358       4410        116      57060     654535   Object Totals
        70          0         48          0          0          0   (incl. Generated)
       620          0          0          0         24          0   (incl. Padding)

    ----------------------------------------------------------------------

      Code (inc. data)   RO Data    RW Data    ZI Data      Debug   Library Member Name

         0          0          0          0          0          0   entry.o
         0          0          0          0          0          0   entry10a.o
         0          0          0          0          0          0   entry11a.o
         8          4          0          0          0          0   entry2.o
         4          0          0          0          0          0   entry5.o
         0          0          0          0          0          0   entry7b.o
         0          0          0          0          0          0   entry8b.o
         8          4          0          0          0          0   entry9a.o
        30          0          0          0          0          0   handlers.o
        36          8          0          0          0         68   init.o
         0          0          0          0          0          0   iusefp.o
        30          0          0          0          0         68   llshl.o
        36          0          0          0          0         68   llsshr.o
        32          0          0          0          0         68   llushr.o
        26          0          0          0          0         80   memcmp.o
        36          0          0          0          0         68   memcpya.o
        36          0          0          0          0        108   memseta.o
      2258         90          0          0          0        452   printfa.o
         0          0          0          4          0          0   stdout.o
        28          0          0          0          0         76   strcmp.o
        18          0          0          0          0         68   strcpy.o
        14          0          0          0          0         68   strlen.o
        30          0          0          0          0         80   strncmp.o
        44          0          0          0          0         80   uidiv.o
        98          0          0          0          0         92   uldiv.o
        48          0          0          0          0         68   cdrcmple.o
       334          0          0          0          0        148   dadd.o
       222          0          0          0          0        100   ddiv.o
       186          0          0          0          0        176   depilogue.o
        48          0          0          0          0         68   dfixul.o
       228          0          0          0          0         96   dmul.o

    ----------------------------------------------------------------------
      3842        106          0          4          0       2100   Library Totals
         4          0          0          0          0          0   (incl. Padding)

    ----------------------------------------------------------------------

      Code (inc. data)   RO Data    RW Data    ZI Data      Debug   Library Name

      2772        106          0          4          0       1444   mc_w.l
      1066          0          0          0          0        656   mf_w.l

    ----------------------------------------------------------------------
      3842        106          0          4          0       2100   Library Totals

    ----------------------------------------------------------------------

==============================================================================


      Code (inc. data)   RO Data    RW Data    ZI Data      Debug   

     73646        464       4410        120      57060     655235   Grand Totals
     73646        464       4410        120      57060     655235   ELF Image Totals
     73646        464       4410        120          0          0   ROM Totals

==============================================================================

    Total RO  Size (Code + RO Data)                78056 (  76.23kB)
    Total RW  Size (RW Data + ZI Data)             57180 (  55.84kB)
    Total ROM Size (Code + RO Data + RW Data)      78176 (  76.34kB)

==============================================================================

