Component: ARM Compiler 6.16 Tool: armlink [5dfeaa00]

==============================================================================

Image Symbol Table

    Local Symbols

    Symbol Name                              Value     Ov Type        Size  Object(Section)

    ../clib/angel/boardlib.s                 0x00000000   Number         0  boardinit1.o ABSOLUTE
    ../clib/angel/boardlib.s                 0x00000000   Number         0  boardinit2.o ABSOLUTE
    ../clib/angel/boardlib.s                 0x00000000   Number         0  boardinit3.o ABSOLUTE
    ../clib/angel/boardlib.s                 0x00000000   Number         0  boardshut.o ABSOLUTE
    ../clib/angel/handlers.s                 0x00000000   Number         0  __scatter_copy.o ABSOLUTE
    ../clib/angel/handlers.s                 0x00000000   Number         0  __scatter_zi.o ABSOLUTE
    ../clib/angel/kernel.s                   0x00000000   Number         0  __rtentry.o ABSOLUTE
    ../clib/angel/kernel.s                   0x00000000   Number         0  __rtentry2.o ABSOLUTE
    ../clib/angel/kernel.s                   0x00000000   Number         0  __rtentry4.o ABSOLUTE
    ../clib/angel/kernel.s                   0x00000000   Number         0  rtexit.o ABSOLUTE
    ../clib/angel/kernel.s                   0x00000000   Number         0  rtexit2.o ABSOLUTE
    ../clib/angel/rt.s                       0x00000000   Number         0  rt_ctype_table.o ABSOLUTE
    ../clib/angel/rt.s                       0x00000000   Number         0  rt_locale.o ABSOLUTE
    ../clib/angel/rt.s                       0x00000000   Number         0  rt_locale_intlibspace.o ABSOLUTE
    ../clib/angel/rt.s                       0x00000000   Number         0  rt_ddtor_pointer_addr.o ABSOLUTE
    ../clib/angel/rt.s                       0x00000000   Number         0  rt_ddtor_pointer_addr_intlibspace.o ABSOLUTE
    ../clib/angel/rt.s                       0x00000000   Number         0  rt_raise.o ABSOLUTE
    ../clib/angel/rt.s                       0x00000000   Number         0  rt_heap_descriptor.o ABSOLUTE
    ../clib/angel/rt.s                       0x00000000   Number         0  rt_heap_descriptor_intlibspace.o ABSOLUTE
    ../clib/angel/rt.s                       0x00000000   Number         0  rt_errno_addr.o ABSOLUTE
    ../clib/angel/rt.s                       0x00000000   Number         0  rt_errno_addr_intlibspace.o ABSOLUTE
    ../clib/angel/scatter.s                  0x00000000   Number         0  __scatter.o ABSOLUTE
    ../clib/angel/startup.s                  0x00000000   Number         0  __main.o ABSOLUTE
    ../clib/angel/sys.s                      0x00000000   Number         0  libspace.o ABSOLUTE
    ../clib/angel/sys.s                      0x00000000   Number         0  mutex_dummy.o ABSOLUTE
    ../clib/angel/sys.s                      0x00000000   Number         0  sys_stackheap_outer.o ABSOLUTE
    ../clib/angel/sys.s                      0x00000000   Number         0  use_no_semi.o ABSOLUTE
    ../clib/angel/sys.s                      0x00000000   Number         0  indicate_semi.o ABSOLUTE
    ../clib/angel/sysapp.c                   0x00000000   Number         0  sys_io_names.o ABSOLUTE
    ../clib/angel/sysapp.c                   0x00000000   Number         0  sys_io.o ABSOLUTE
    ../clib/angel/sysapp.c                   0x00000000   Number         0  sys_io_hlt.o ABSOLUTE
    ../clib/angel/sysapp.c                   0x00000000   Number         0  sys_command.o ABSOLUTE
    ../clib/angel/sysapp.c                   0x00000000   Number         0  sys_exit.o ABSOLUTE
    ../clib/angel/sysapp.c                   0x00000000   Number         0  sys_command_hlt.o ABSOLUTE
    ../clib/angel/sysapp.c                   0x00000000   Number         0  sys_exit_hlt.o ABSOLUTE
    ../clib/angel/sysapp.c                   0x00000000   Number         0  sys_wrch.o ABSOLUTE
    ../clib/angel/sysapp.c                   0x00000000   Number         0  sys_wrch_hlt.o ABSOLUTE
    ../clib/arm_runtime.c                    0x00000000   Number         0  init_aeabi.o ABSOLUTE
    ../clib/arm_runtime.c                    0x00000000   Number         0  init_aeabi.o ABSOLUTE
    ../clib/armsys.c                         0x00000000   Number         0  argv_veneer.o ABSOLUTE
    ../clib/armsys.c                         0x00000000   Number         0  argv_veneer.o ABSOLUTE
    ../clib/armsys.c                         0x00000000   Number         0  _get_argv.o ABSOLUTE
    ../clib/armsys.c                         0x00000000   Number         0  _get_argv_nomalloc.o ABSOLUTE
    ../clib/armsys.c                         0x00000000   Number         0  no_argv.o ABSOLUTE
    ../clib/bigflt.c                         0x00000000   Number         0  bigflt0.o ABSOLUTE
    ../clib/btod.s                           0x00000000   Number         0  btod.o ABSOLUTE
    ../clib/btod_accurate.c                  0x00000000   Number         0  btod_accurate.o ABSOLUTE
[...]
    _printf_o                                0x0800024d   Thumb Code     0  _printf_o.o(.ARM.Collect$$_printf_percent$$0000000B)
    _printf_x                                0x08000253   Thumb Code     0  _printf_x.o(.ARM.Collect$$_printf_percent$$0000000C)
    _printf_lli                              0x08000259   Thumb Code     0  _printf_lli.o(.ARM.Collect$$_printf_percent$$0000000D)
    _printf_lld                              0x0800025f   Thumb Code     0  _printf_lld.o(.ARM.Collect$$_printf_percent$$0000000E)
    _printf_llu                              0x08000265   Thumb Code     0  _printf_llu.o(.ARM.Collect$$_printf_percent$$0000000F)
    _printf_llo                              0x0800026b   Thumb Code     0  _printf_llo.o(.ARM.Collect$$_printf_percent$$00000010)
    _printf_llx                              0x08000271   Thumb Code     0  _printf_llx.o(.ARM.Collect$$_printf_percent$$00000011)
    _printf_l                                0x08000277   Thumb Code     0  _printf_l.o(.ARM.Collect$$_printf_percent$$00000012)
    _printf_c                                0x08000281   Thumb Code     0  _printf_c.o(.ARM.Collect$$_printf_percent$$00000013)
    _printf_s                                0x08000287   Thumb Code     0  _printf_s.o(.ARM.Collect$$_printf_percent$$00000014)
    _printf_lc                               0x0800028d   Thumb Code     0  _printf_lc.o(.ARM.Collect$$_printf_percent$$00000015)
    _printf_ls                               0x08000293   Thumb Code     0  _printf_ls.o(.ARM.Collect$$_printf_percent$$00000016)
    _printf_percent_end                      0x08000299   Thumb Code     0  _printf_percent_end.o(.ARM.Collect$$_printf_percent$$00000017)
    __rt_lib_init                            0x0800029d   Thumb Code     0  libinit.o(.ARM.Collect$$libinit$$00000000)
    __rt_lib_init_fp_1                       0x0800029f   Thumb Code     0  libinit2.o(.ARM.Collect$$libinit$$00000001)
    __rt_lib_init_heap_2                     0x080002a3   Thumb Code     0  libinit2.o(.ARM.Collect$$libinit$$00000005)
    __rt_lib_init_preinit_1                  0x080002a3   Thumb Code     0  libinit2.o(.ARM.Collect$$libinit$$00000004)
    __rt_lib_init_heap_1                     0x080002ab   Thumb Code     0  libinit2.o(.ARM.Collect$$libinit$$0000000A)
    __rt_lib_init_lc_common                  0x080002ab   Thumb Code     0  libinit2.o(.ARM.Collect$$libinit$$0000000F)
    __rt_lib_init_rand_1                     0x080002ab   Thumb Code     0  libinit2.o(.ARM.Collect$$libinit$$0000000E)
    __rt_lib_init_user_alloc_1               0x080002ab   Thumb Code     0  libinit2.o(.ARM.Collect$$libinit$$0000000C)
    __rt_lib_init_lc_collate_1               0x080002b1   Thumb Code     0  libinit2.o(.ARM.Collect$$libinit$$00000011)
    __rt_lib_init_lc_ctype_2                 0x080002b1   Thumb Code     0  libinit2.o(.ARM.Collect$$libinit$$00000012)
    __rt_lib_init_lc_ctype_1                 0x080002bd   Thumb Code     0  libinit2.o(.ARM.Collect$$libinit$$00000013)
    __rt_lib_init_lc_monetary_1              0x080002bd   Thumb Code     0  libinit2.o(.ARM.Collect$$libinit$$00000015)
    __rt_lib_init_lc_numeric_2               0x080002bd   Thumb Code     0  libinit2.o(.ARM.Collect$$libinit$$00000016)
    __rt_lib_init_atexit_1                   0x080002c7   Thumb Code     0  libinit2.o(.ARM.Collect$$libinit$$0000001B)
    __rt_lib_init_clock_1                    0x080002c7   Thumb Code     0  libinit2.o(.ARM.Collect$$libinit$$00000021)
    __rt_lib_init_fp_trap_1                  0x080002c7   Thumb Code     0  libinit2.o(.ARM.Collect$$libinit$$0000001F)
    __rt_lib_init_getenv_1                   0x080002c7   Thumb Code     0  libinit2.o(.ARM.Collect$$libinit$$00000023)
    __rt_lib_init_lc_numeric_1               0x080002c7   Thumb Code     0  libinit2.o(.ARM.Collect$$libinit$$00000017)
    __rt_lib_init_lc_time_1                  0x080002c7   Thumb Code     0  libinit2.o(.ARM.Collect$$libinit$$00000019)
    __rt_lib_init_signal_1                   0x080002c7   Thumb Code     0  libinit2.o(.ARM.Collect$$libinit$$0000001D)
    __rt_lib_init_stdio_2                    0x080002c7   Thumb Code     0  libinit2.o(.ARM.Collect$$libinit$$00000024)
    __rt_lib_init_alloca_1                   0x080002cb   Thumb Code     0  libinit2.o(.ARM.Collect$$libinit$$0000002E)
    __rt_lib_init_argv_1                     0x080002cb   Thumb Code     0  libinit2.o(.ARM.Collect$$libinit$$0000002C)
    __rt_lib_init_cpp_2                      0x080002cb   Thumb Code     0  libinit2.o(.ARM.Collect$$libinit$$00000031)
    __rt_lib_init_exceptions_1               0x080002cb   Thumb Code     0  libinit2.o(.ARM.Collect$$libinit$$00000030)
    __rt_lib_init_stdio_1                    0x080002cb   Thumb Code     0  libinit2.o(.ARM.Collect$$libinit$$00000025)
    __rt_lib_init_cpp_1                      0x080002cf   Thumb Code     0  libinit2.o(.ARM.Collect$$libinit$$00000032)
    __rt_lib_init_return                     0x080002cf   Thumb Code     0  libinit2.o(.ARM.Collect$$libinit$$00000033)
    __rt_lib_shutdown                        0x080002d1   Thumb Code     0  libshutdown.o(.ARM.Collect$$libshutdown$$00000000)
    __rt_lib_shutdown_cpp_2                  0x080002d3   Thumb Code     0  libshutdown2.o(.ARM.Collect$$libshutdown$$00000001)
    __rt_lib_shutdown_cpp_1                  0x080002d9   Thumb Code     0  libshutdown2.o(.ARM.Collect$$libshutdown$$00000002)
    __rt_lib_shutdown_stdio_2                0x080002d9   Thumb Code     0  libshutdown2.o(.ARM.Collect$$libshutdown$$00000003)
    __rt_lib_shutdown_fp_trap_1              0x080002dd   Thumb Code     0  libshutdown2.o(.ARM.Collect$$libshutdown$$00000007)
    __rt_lib_shutdown_heap_1                 0x080002dd   Thumb Code     0  libshutdown2.o(.ARM.Collect$$libshutdown$$0000000F)
    __rt_lib_shutdown_return                 0x080002dd   Thumb Code     0  libshutdown2.o(.ARM.Collect$$libshutdown$$00000010)
    __rt_lib_shutdown_signal_1               0x080002dd   Thumb Code     0  libshutdown2.o(.ARM.Collect$$libshutdown$$0000000A)
    __rt_lib_shutdown_stdio_1                0x080002dd   Thumb Code     0  libshutdown2.o(.ARM.Collect$$libshutdown$$00000004)
    __rt_lib_shutdown_user_alloc_1           0x080002dd   Thumb Code     0  libshutdown2.o(.ARM.Collect$$libshutdown$$0000000C)
    __rt_entry                               0x080002df   Thumb Code     0  __rtentry.o(.ARM.Collect$$rtentry$$00000000)
    __rt_entry_presh_1                       0x080002df   Thumb Code     0  __rtentry2.o(.ARM.Collect$$rtentry$$00000002)
    __rt_entry_sh                            0x080002df   Thumb Code     0  __rtentry4.o(.ARM.Collect$$rtentry$$00000004)
    __rt_entry_li                            0x080002e5   Thumb Code     0  __rtentry2.o(.ARM.Collect$$rtentry$$0000000A)
    __rt_entry_postsh_1                      0x080002e5   Thumb Code     0  __rtentry2.o(.ARM.Collect$$rtentry$$00000009)
    __rt_entry_main                          0x080002e9   Thumb Code     0  __rtentry2.o(.ARM.Collect$$rtentry$$0000000D)
    __rt_entry_postli_1                      0x080002e9   Thumb Code     0  __rtentry2.o(.ARM.Collect$$rtentry$$0000000C)
    __rt_exit                                0x080002f1   Thumb Code     0  rtexit.o(.ARM.Collect$$rtexit$$00000000)
    __rt_exit_ls                             0x080002f3   Thumb Code     0  rtexit2.o(.ARM.Collect$$rtexit$$00000003)
    __rt_exit_prels_1                        0x080002f3   Thumb Code     0  rtexit2.o(.ARM.Collect$$rtexit$$00000002)
    __rt_exit_exit                           0x080002f7   Thumb Code     0  rtexit2.o(.ARM.Collect$$rtexit$$00000004)
    Reset_Handler                            0x080002fd   Thumb Code     8  startup_n32g4fr.o(.text)
    PendSV_Handler                           0x08000313   Thumb Code     2  startup_n32g4fr.o(.text)
    ADC1_2_IRQHandler                        0x08000317   Thumb Code     0  startup_n32g4fr.o(.text)
    ADC3_4_IRQHandler                        0x08000317   Thumb Code     0  startup_n32g4fr.o(.text)
    CAN1_RX1_IRQHandler                      0x08000317   Thumb Code     0  startup_n32g4fr.o(.text)
    CAN1_SCE_IRQHandler                      0x08000317   Thumb Code     0  startup_n32g4fr.o(.text)
    CAN2_RX0_IRQHandler                      0x08000317   Thumb Code     0  startup_n32g4fr.o(.text)
    CAN2_RX1_IRQHandler                      0x08000317   Thumb Code     0  startup_n32g4fr.o(.text)
    CAN2_SCE_IRQHandler                      0x08000317   Thumb Code     0  startup_n32g4fr.o(.text)
    CAN2_TX_IRQHandler                       0x08000317   Thumb Code     0  startup_n32g4fr.o(.text)
    COMP7_IRQHandler                         0x08000317   Thumb Code     0  startup_n32g4fr.o(.text)
    COMP_1_2_3_IRQHandler                    0x08000317   Thumb Code     0  startup_n32g4fr.o(.text)
    COMP_4_5_6_IRQHandler                    0x08000317   Thumb Code     0  startup_n32g4fr.o(.text)
    DMA1_Channel1_IRQHandler                 0x08000317   Thumb Code     0  startup_n32g4fr.o(.text)
    DMA1_Channel2_IRQHandler                 0x08000317   Thumb Code     0  startup_n32g4fr.o(.text)
    DMA1_Channel3_IRQHandler                 0x08000317   Thumb Code     0  startup_n32g4fr.o(.text)
    DMA1_Channel4_IRQHandler                 0x08000317   Thumb Code     0  startup_n32g4fr.o(.text)
    DMA1_Channel5_IRQHandler                 0x08000317   Thumb Code     0  startup_n32g4fr.o(.text)
    DMA1_Channel6_IRQHandler                 0x08000317   Thumb Code     0  startup_n32g4fr.o(.text)
    DMA1_Channel7_IRQHandler                 0x08000317   Thumb Code     0  startup_n32g4fr.o(.text)
    DMA1_Channel8_IRQHandler                 0x08000317   Thumb Code     0  startup_n32g4fr.o(.text)
    DMA2_Channel1_IRQHandler                 0x08000317   Thumb Code     0  startup_n32g4fr.o(.text)
    DMA2_Channel2_IRQHandler                 0x08000317   Thumb Code     0  startup_n32g4fr.o(.text)
    DMA2_Channel3_IRQHandler                 0x08000317   Thumb Code     0  startup_n32g4fr.o(.text)
    DMA2_Channel4_IRQHandler                 0x08000317   Thumb Code     0  startup_n32g4fr.o(.text)
    DMA2_Channel5_IRQHandler                 0x08000317   Thumb Code     0  startup_n32g4fr.o(.text)
    DMA2_Channel6_IRQHandler                 0x08000317   Thumb Code     0  startup_n32g4fr.o(.text)
    DMA2_Channel7_IRQHandler                 0x08000317   Thumb Code     0  startup_n32g4fr.o(.text)
    DMA2_Channel8_IRQHandler                 0x08000317   Thumb Code     0  startup_n32g4fr.o(.text)
    DVP_IRQHandler                           0x08000317   Thumb Code     0  startup_n32g4fr.o(.text)
    ETH_IRQHandler                           0x08000317   Thumb Code     0  startup_n32g4fr.o(.text)
    ETH_WKUP_IRQHandler                      0x08000317   Thumb Code     0  startup_n32g4fr.o(.text)
    EXTI0_IRQHandler                         0x08000317   Thumb Code     0  startup_n32g4fr.o(.text)
    EXTI15_10_IRQHandler                     0x08000317   Thumb Code     0  startup_n32g4fr.o(.text)
    EXTI1_IRQHandler                         0x08000317   Thumb Code     0  startup_n32g4fr.o(.text)
    EXTI2_IRQHandler                         0x08000317   Thumb Code     0  startup_n32g4fr.o(.text)
    EXTI3_IRQHandler                         0x08000317   Thumb Code     0  startup_n32g4fr.o(.text)
    EXTI4_IRQHandler                         0x08000317   Thumb Code     0  startup_n32g4fr.o(.text)
    EXTI9_5_IRQHandler                       0x08000317   Thumb Code     0  startup_n32g4fr.o(.text)
    FLASH_IRQHandler                         0x08000317   Thumb Code     0  startup_n32g4fr.o(.text)
    I2C1_ER_IRQHandler                       0x08000317   Thumb Code     0  startup_n32g4fr.o(.text)
    I2C1_EV_IRQHandler                       0x08000317   Thumb Code     0  startup_n32g4fr.o(.text)
    I2C2_ER_IRQHandler                       0x08000317   Thumb Code     0  startup_n32g4fr.o(.text)
    I2C2_EV_IRQHandler                       0x08000317   Thumb Code     0  startup_n32g4fr.o(.text)
    I2C3_ER_IRQHandler                       0x08000317   Thumb Code     0  startup_n32g4fr.o(.text)
    I2C3_EV_IRQHandler                       0x08000317   Thumb Code     0  startup_n32g4fr.o(.text)
    I2C4_ER_IRQHandler                       0x08000317   Thumb Code     0  startup_n32g4fr.o(.text)
    I2C4_EV_IRQHandler                       0x08000317   Thumb Code     0  startup_n32g4fr.o(.text)
    MMU_IRQHandler                           0x08000317   Thumb Code     0  startup_n32g4fr.o(.text)
    PVD_IRQHandler                           0x08000317   Thumb Code     0  startup_n32g4fr.o(.text)
    QSPI_IRQHandler                          0x08000317   Thumb Code     0  startup_n32g4fr.o(.text)
    RCC_IRQHandler                           0x08000317   Thumb Code     0  startup_n32g4fr.o(.text)
    RSRAM_IRQHandler                         0x08000317   Thumb Code     0  startup_n32g4fr.o(.text)
    RTCAlarm_IRQHandler                      0x08000317   Thumb Code     0  startup_n32g4fr.o(.text)
    RTC_WKUP_IRQHandler                      0x08000317   Thumb Code     0  startup_n32g4fr.o(.text)
    SAC_IRQHandler                           0x08000317   Thumb Code     0  startup_n32g4fr.o(.text)
    SDIO_IRQHandler                          0x08000317   Thumb Code     0  startup_n32g4fr.o(.text)
    SPI1_IRQHandler                          0x08000317   Thumb Code     0  startup_n32g4fr.o(.text)
    SPI2_IRQHandler                          0x08000317   Thumb Code     0  startup_n32g4fr.o(.text)
    SPI3_IRQHandler                          0x08000317   Thumb Code     0  startup_n32g4fr.o(.text)
    TAMPER_IRQHandler                        0x08000317   Thumb Code     0  startup_n32g4fr.o(.text)
    TIM1_BRK_IRQHandler                      0x08000317   Thumb Code     0  startup_n32g4fr.o(.text)
    TIM1_CC_IRQHandler                       0x08000317   Thumb Code     0  startup_n32g4fr.o(.text)
    TIM1_TRG_COM_IRQHandler                  0x08000317   Thumb Code     0  startup_n32g4fr.o(.text)
    TIM1_UP_IRQHandler                       0x08000317   Thumb Code     0  startup_n32g4fr.o(.text)
    TIM2_IRQHandler                          0x08000317   Thumb Code     0  startup_n32g4fr.o(.text)
    TIM3_IRQHandler                          0x08000317   Thumb Code     0  startup_n32g4fr.o(.text)
    TIM4_IRQHandler                          0x08000317   Thumb Code     0  startup_n32g4fr.o(.text)
    TIM5_IRQHandler                          0x08000317   Thumb Code     0  startup_n32g4fr.o(.text)
    TIM6_IRQHandler                          0x08000317   Thumb Code     0  startup_n32g4fr.o(.text)
    TIM7_IRQHandler                          0x08000317   Thumb Code     0  startup_n32g4fr.o(.text)
    TIM8_BRK_IRQHandler                      0x08000317   Thumb Code     0  startup_n32g4fr.o(.text)
    TIM8_CC_IRQHandler                       0x08000317   Thumb Code     0  startup_n32g4fr.o(.text)
    TIM8_TRG_COM_IRQHandler                  0x08000317   Thumb Code     0  startup_n32g4fr.o(.text)
    TIM8_UP_IRQHandler                       0x08000317   Thumb Code     0  startup_n32g4fr.o(.text)
    TSC_IRQHandler                           0x08000317   Thumb Code     0  startup_n32g4fr.o(.text)
    UART4_IRQHandler                         0x08000317   Thumb Code     0  startup_n32g4fr.o(.text)
    UART5_IRQHandler                         0x08000317   Thumb Code     0  startup_n32g4fr.o(.text)
    UART6_IRQHandler                         0x08000317   Thumb Code     0  startup_n32g4fr.o(.text)
    UART7_IRQHandler                         0x08000317   Thumb Code     0  startup_n32g4fr.o(.text)
    USART1_IRQHandler                        0x08000317   Thumb Code     0  startup_n32g4fr.o(.text)
    USART2_IRQHandler                        0x08000317   Thumb Code     0  startup_n32g4fr.o(.text)
    USBWakeUp_IRQHandler                     0x08000317   Thumb Code     0  startup_n32g4fr.o(.text)
    USB_HP_CAN1_TX_IRQHandler                0x08000317   Thumb Code     0  startup_n32g4fr.o(.text)
    USB_LP_CAN1_RX0_IRQHandler               0x08000317   Thumb Code     0  startup_n32g4fr.o(.text)
    WWDG_IRQHandler                          0x08000317   Thumb Code     0  startup_n32g4fr.o(.text)
    XFMC_IRQHandler                          0x08000317   Thumb Code     0  startup_n32g4fr.o(.text)
    __user_initial_stackheap                 0x08000319   Thumb Code     0  startup_n32g4fr.o(.text)
    __rt_ctype_table                         0x0800033d   Thumb Code    16  rt_ctype_table.o(.text)
    printf                                   0x0800034d   Thumb Code    20  printf.o(.text)
    __cxa_atexit                             0x08000365   Thumb Code    10  cxa_atexit.o(.text)
    strcpy                                   0x0800036f   Thumb Code    72  strcpy.o(.text)
    strlen                                   0x080003b7   Thumb Code    62  strlen.o(.text)
    __aeabi_memcpy                           0x080003f5   Thumb Code     0  rt_memcpy_v6.o(.text)
    __rt_memcpy                              0x080003f5   Thumb Code   138  rt_memcpy_v6.o(.text)
    _memcpy_lastbytes                        0x0800045b   Thumb Code     0  rt_memcpy_v6.o(.text)
    __aeabi_memclr                           0x0800047f   Thumb Code     0  rt_memclr.o(.text)
    __rt_memclr                              0x0800047f   Thumb Code     0  rt_memclr.o(.text)
    _memset                                  0x08000483   Thumb Code    64  rt_memclr.o(.text)
    strcmp                                   0x080004c9   Thumb Code   124  strcmpv7em.o(.text)
    __use_two_region_memory                  0x08000545   Thumb Code     2  heapauxi.o(.text)
    __rt_heap_escrow                         0x08000547   Thumb Code     2  heapauxi.o(.text)
    __rt_heap_expand                         0x08000549   Thumb Code     2  heapauxi.o(.text)
    __cpp_initialize__aeabi_                 0x0800054d   Thumb Code    28  init_aeabi.o(.text)
    __rt_locale                              0x08000571   Thumb Code     8  rt_locale_intlibspace.o(.text)
    _printf_pre_padding                      0x08000579   Thumb Code    44  _printf_pad.o(.text)
    _printf_post_padding                     0x080005a5   Thumb Code    34  _printf_pad.o(.text)
    _printf_truncate_signed                  0x080005c7   Thumb Code    18  _printf_truncate.o(.text)
    _printf_truncate_unsigned                0x080005d9   Thumb Code    18  _printf_truncate.o(.text)
    _printf_str                              0x080005eb   Thumb Code    82  _printf_str.o(.text)
    _printf_int_dec                          0x0800063d   Thumb Code   104  _printf_dec.o(.text)
    _printf_charcount                        0x080006b5   Thumb Code    40  _printf_charcount.o(.text)
    _printf_char_file                        0x080006dd   Thumb Code    32  _printf_char_file.o(.text)
    _printf_wctomb                           0x08000701   Thumb Code   182  _printf_wctomb.o(.text)
    _printf_longlong_dec                     0x080007bd   Thumb Code   108  _printf_longlong_dec.o(.text)
    _printf_longlong_oct                     0x08000839   Thumb Code    68  _printf_oct_int_ll.o(.text)
    _printf_int_oct                          0x0800087d   Thumb Code    24  _printf_oct_int_ll.o(.text)
    _printf_ll_oct                           0x08000895   Thumb Code    12  _printf_oct_int_ll.o(.text)
    _printf_longlong_hex                     0x080008a9   Thumb Code    86  _printf_hex_int_ll_ptr.o(.text)
    _printf_int_hex                          0x080008ff   Thumb Code    28  _printf_hex_int_ll_ptr.o(.text)
    _printf_ll_hex                           0x0800091b   Thumb Code    12  _printf_hex_int_ll_ptr.o(.text)
    _printf_hex_ptr                          0x08000927   Thumb Code    18  _printf_hex_int_ll_ptr.o(.text)
    __printf                                 0x0800093d   Thumb Code   388  __printf_flags_ss_wp.o(.text)
    _initio                                  0x08000ac5   Thumb Code   210  initio.o(.text)
    _terminateio                             0x08000b97   Thumb Code    56  initio.o(.text)
    __aeabi_atexit                           0x08000bfd   Thumb Code    46  aeabi_atexit.o(.text)
    __aeabi_memcpy4                          0x08000c2b   Thumb Code     0  rt_memcpy_w.o(.text)
    __aeabi_memcpy8                          0x08000c2b   Thumb Code     0  rt_memcpy_w.o(.text)
    __rt_memcpy_w                            0x08000c2b   Thumb Code   100  rt_memcpy_w.o(.text)
    _memcpy_lastbytes_aligned                0x08000c73   Thumb Code     0  rt_memcpy_w.o(.text)
    __aeabi_memclr4                          0x08000c8f   Thumb Code     0  rt_memclr_w.o(.text)
    __aeabi_memclr8                          0x08000c8f   Thumb Code     0  rt_memclr_w.o(.text)
    __rt_memclr_w                            0x08000c8f   Thumb Code     0  rt_memclr_w.o(.text)
    _memset_w                                0x08000c93   Thumb Code    74  rt_memclr_w.o(.text)
    __user_libspace                          0x08000cdd   Thumb Code     8  libspace.o(.text)
    __user_perproc_libspace                  0x08000cdd   Thumb Code     0  libspace.o(.text)
    __user_perthread_libspace                0x08000cdd   Thumb Code     0  libspace.o(.text)
    __rt_ddtor_pointer_addr                  0x08000ce5   Thumb Code     8  rt_ddtor_pointer_addr_intlibspace.o(.text)
    malloc                                   0x08000ced   Thumb Code    94  h1_alloc.o(.text)
    free                                     0x08000d4b   Thumb Code    78  h1_free.o(.text)
    _ll_udiv10                               0x08000d99   Thumb Code   138  lludiv10.o(.text)
    _printf_int_common                       0x08000e23   Thumb Code   178  _printf_intcommon.o(.text)
    _printf_fp_dec_real                      0x08001085   Thumb Code   620  _printf_fp_dec.o(.text)
    _printf_fp_hex_real                      0x080012f1   Thumb Code   756  _printf_fp_hex.o(.text)
    _printf_char_common                      0x080015f7   Thumb Code    32  _printf_char_common.o(.text)
    _printf_cs_common                        0x0800161d   Thumb Code    20  _printf_char.o(.text)
    _printf_char                             0x08001631   Thumb Code    16  _printf_char.o(.text)
    _printf_string                           0x08001641   Thumb Code     8  _printf_char.o(.text)
    _printf_lcs_common                       0x08001649   Thumb Code    20  _printf_wchar.o(.text)
    _printf_wchar                            0x0800165d   Thumb Code    16  _printf_wchar.o(.text)
    _printf_wstring                          0x0800166d   Thumb Code     8  _printf_wchar.o(.text)
    ferror                                   0x08001675   Thumb Code     8  ferror.o(.text)
    setvbuf                                  0x0800167d   Thumb Code    70  setvbuf.o(.text)
    freopen                                  0x080016c5   Thumb Code   160  fopen.o(.text)
    fopen                                    0x08001765   Thumb Code    74  fopen.o(.text)
    _fclose_internal                         0x080017b5   Thumb Code    76  fclose.o(.text)
    fclose                                   0x080017b5   Thumb Code     0  fclose.o(.text)
    _c16rtomb                                0x08001801   Thumb Code    72  _c16rtomb.o(.text)
    _wcrtomb                                 0x08001801   Thumb Code     0  _c16rtomb.o(.text)
    __cxa_finalize                           0x08001849   Thumb Code    66  cxa_finalize.o(.text)
    __rt_SIGRTRED                            0x0800188b   Thumb Code    14  defsig_rtred_outer.o(.text)
    _sys_open                                0x08001899   Thumb Code    20  sys_io.o(.text)
    _sys_close                               0x080018ad   Thumb Code    12  sys_io.o(.text)
    _sys_write                               0x080018b9   Thumb Code    16  sys_io.o(.text)
    _sys_read                                0x080018c9   Thumb Code    14  sys_io.o(.text)
    _sys_istty                               0x080018d7   Thumb Code    12  sys_io.o(.text)
    _sys_seek                                0x080018e3   Thumb Code    14  sys_io.o(.text)
    _sys_ensure                              0x080018f1   Thumb Code     2  sys_io.o(.text)
    _sys_flen                                0x080018f3   Thumb Code    12  sys_io.o(.text)
    __user_setup_stackheap                   0x080018ff   Thumb Code    74  sys_stackheap_outer.o(.text)
    __rt_heap_descriptor                     0x08001949   Thumb Code     8  rt_heap_descriptor_intlibspace.o(.text)
    __use_no_heap                            0x08001951   Thumb Code     2  hguard.o(.text)
    __heap$guard                             0x08001953   Thumb Code     2  hguard.o(.text)
    _terminate_user_alloc                    0x08001955   Thumb Code     2  init_alloc.o(.text)
    _init_user_alloc                         0x08001957   Thumb Code     2  init_alloc.o(.text)
    __Heap_Full                              0x08001959   Thumb Code    34  init_alloc.o(.text)
    __Heap_Broken                            0x0800197b   Thumb Code     6  init_alloc.o(.text)
    _init_alloc                              0x08001981   Thumb Code    94  init_alloc.o(.text)
    __Heap_Initialize                        0x080019df   Thumb Code    10  h1_init.o(.text)
    __Heap_DescSize                          0x080019e9   Thumb Code     4  h1_init.o(.text)
    _printf_fp_infnan                        0x080019ed   Thumb Code   112  _printf_fp_infnan.o(.text)
    _btod_etento                             0x08001a6d   Thumb Code   224  bigflt0.o(.text)
    _fseek                                   0x08001b51   Thumb Code   242  fseek.o(.text)
    fseek                                    0x08001b51   Thumb Code     0  fseek.o(.text)
    _seterr                                  0x08001c49   Thumb Code    20  stdio.o(.text)
    _writebuf                                0x08001c5d   Thumb Code    84  stdio.o(.text)
    _fflush                                  0x08001cb1   Thumb Code    70  stdio.o(.text)
    _deferredlazyseek                        0x08001cf7   Thumb Code    60  stdio.o(.text)
    exit                                     0x08001d39   Thumb Code    18  exit.o(.text)
    __sig_exit                               0x08001d4b   Thumb Code    10  defsig_exit.o(.text)
    __rt_SIGRTRED_inner                      0x08001d55   Thumb Code    14  defsig_rtred_inner.o(.text)
    _sys_exit                                0x08001d89   Thumb Code     8  sys_exit.o(.text)
    __I$use$semihosting                      0x08001d95   Thumb Code     0  use_no_semi.o(.text)
    __use_no_semihosting_swi                 0x08001d95   Thumb Code     2  use_no_semi.o(.text)
    __Heap_ProvideMemory                     0x08001d97   Thumb Code    52  h1_extend.o(.text)
    __semihosting_library_function           0x08001d97   Thumb Code     0  indicate_semi.o(.text)
    _maybe_terminate_alloc                   0x08001d97   Thumb Code     0  maybetermalloc1.o(.text)
    _ftell_internal                          0x08001dcb   Thumb Code    66  ftell.o(.text)
    ftell                                    0x08001dcb   Thumb Code     0  ftell.o(.text)
    __default_signal_display                 0x08001e0d   Thumb Code    50  defsig_general.o(.text)
    __rt_SIGRTMEM                            0x08001e3f   Thumb Code    14  defsig_rtmem_outer.o(.text)
    _ttywrch                                 0x08001e4d   Thumb Code    14  sys_wrch.o(.text)
    __aeabi_errno_addr                       0x08001e5d   Thumb Code     8  rt_errno_addr_intlibspace.o(.text)
    __errno$intlibspace                      0x08001e5d   Thumb Code     0  rt_errno_addr_intlibspace.o(.text)
    __rt_errno_addr$intlibspace              0x08001e5d   Thumb Code     0  rt_errno_addr_intlibspace.o(.text)
    __rt_SIGRTMEM_inner                      0x08001e65   Thumb Code    22  defsig_rtmem_inner.o(.text)
    ADC_ConfigClk                            0x08001eb5   Thumb Code    56  n32g4fr_adc.o(.text.ADC_ConfigClk)
    ADC_ConfigRegularChannel                 0x08001eed   Thumb Code   424  n32g4fr_adc.o(.text.ADC_ConfigRegularChannel)
    ADC_Enable                               0x08002095   Thumb Code    44  n32g4fr_adc.o(.text.ADC_Enable)
    ADC_EnableDMA                            0x080020c1   Thumb Code    44  n32g4fr_adc.o(.text.ADC_EnableDMA)
    ADC_EnableSoftwareStartConv              0x080020ed   Thumb Code    44  n32g4fr_adc.o(.text.ADC_EnableSoftwareStartConv)
    ADC_GetCalibrationStatus                 0x08002119   Thumb Code    46  n32g4fr_adc.o(.text.ADC_GetCalibrationStatus)
    ADC_GetFlagStatusNew                     0x08002149   Thumb Code    52  n32g4fr_adc.o(.text.ADC_GetFlagStatusNew)
    ADC_Init                                 0x0800217d   Thumb Code   154  n32g4fr_adc.o(.text.ADC_Init)
    ADC_StartCalibration                     0x08002219   Thumb Code    18  n32g4fr_adc.o(.text.ADC_StartCalibration)
    BusFault_Handler                         0x0800222d   Thumb Code     4  n32g4fr_it.o(.text.BusFault_Handler)
    DMA_DeInit                               0x08002231   Thumb Code   580  n32g4fr_dma.o(.text.DMA_DeInit)
    DMA_EnableChannel                        0x08002475   Thumb Code    46  n32g4fr_dma.o(.text.DMA_EnableChannel)
    DMA_Init                                 0x080024a5   Thumb Code   108  n32g4fr_dma.o(.text.DMA_Init)
    DebugMon_Handler                         0x08002511   Thumb Code     2  n32g4fr_it.o(.text.DebugMon_Handler)
    FIFO_GetDataCount                        0x08002515   Thumb Code    12  fifo.o(.text.FIFO_GetDataCount)
    FIFO_ReadData                            0x08002521   Thumb Code   156  fifo.o(.text.FIFO_ReadData)
    GPIO_InitPeripheral                      0x080025bd   Thumb Code   390  n32g4fr_gpio.o(.text.GPIO_InitPeripheral)
    HardFaultHandler                         0x08002745   Thumb Code   276  segger_hardfaulthandler.o(.text.HardFaultHandler)
    MemManage_Handler                        0x08002859   Thumb Code     4  n32g4fr_it.o(.text.MemManage_Handler)
    NMI_Handler                              0x0800285d   Thumb Code     2  n32g4fr_it.o(.text.NMI_Handler)
    NVIC_Init                                0x08002861   Thumb Code   170  misc.o(.text.NVIC_Init)
    NVIC_PriorityGroupConfig                 0x0800290d   Thumb Code    28  misc.o(.text.NVIC_PriorityGroupConfig)
    RCC_ConfigAdcHclk                        0x08002929   Thumb Code    44  n32g4fr_rcc.o(.text.RCC_ConfigAdcHclk)
    RCC_ConfigAdcPllClk                      0x08002955   Thumb Code    84  n32g4fr_rcc.o(.text.RCC_ConfigAdcPllClk)
    RCC_ConfigPclk1                          0x080029a9   Thumb Code    44  n32g4fr_rcc.o(.text.RCC_ConfigPclk1)
    RCC_EnableAHBPeriphClk                   0x080029d5   Thumb Code    56  n32g4fr_rcc.o(.text.RCC_EnableAHBPeriphClk)
    RCC_EnableAPB1PeriphClk                  0x08002a0d   Thumb Code    56  n32g4fr_rcc.o(.text.RCC_EnableAPB1PeriphClk)
    RCC_EnableAPB2PeriphClk                  0x08002a45   Thumb Code    56  n32g4fr_rcc.o(.text.RCC_EnableAPB2PeriphClk)
    RCC_GetClocksFreqValue                   0x08002a7d   Thumb Code   452  n32g4fr_rcc.o(.text.RCC_GetClocksFreqValue)
    SEGGER_RTT_ConfigUpBuffer                0x08002c41   Thumb Code   160  segger_rtt.o(.text.SEGGER_RTT_ConfigUpBuffer)
    SEGGER_RTT_Init                          0x08002ce1   Thumb Code     8  segger_rtt.o(.text.SEGGER_RTT_Init)
    SEGGER_RTT_Write                         0x08002ce9   Thumb Code    76  segger_rtt.o(.text.SEGGER_RTT_Write)
    SEGGER_RTT_WriteNoLock                   0x08002d35   Thumb Code   176  segger_rtt.o(.text.SEGGER_RTT_WriteNoLock)
    SEGGER_RTT_printf                        0x08002de5   Thumb Code    42  segger_rtt_printf.o(.text.SEGGER_RTT_printf)
    SEGGER_RTT_vprintf                       0x08002e11   Thumb Code   828  segger_rtt_printf.o(.text.SEGGER_RTT_vprintf)
    SVC_Handler                              0x0800314d   Thumb Code     2  n32g4fr_it.o(.text.SVC_Handler)
    SysTick_Handler                          0x08003299   Thumb Code     2  n32g4fr_it.o(.text.SysTick_Handler)
    SystemInit                               0x0800329d   Thumb Code   204  system_n32g4fr.o(.text.SystemInit)
    TIM_ConfigArPreload                      0x08003369   Thumb Code    44  n32g4fr_tim.o(.text.TIM_ConfigArPreload)
    TIM_ConfigInt                            0x08003395   Thumb Code    52  n32g4fr_tim.o(.text.TIM_ConfigInt)
    TIM_ConfigOc3Preload                     0x080033c9   Thumb Code    60  n32g4fr_tim.o(.text.TIM_ConfigOc3Preload)
    TIM_ConfigOc4Preload                     0x08003405   Thumb Code    62  n32g4fr_tim.o(.text.TIM_ConfigOc4Preload)
    TIM_Enable                               0x08003445   Thumb Code    44  n32g4fr_tim.o(.text.TIM_Enable)
    TIM_InitOc3                              0x08003471   Thumb Code   262  n32g4fr_tim.o(.text.TIM_InitOc3)
    TIM_InitOc4                              0x08003579   Thumb Code   206  n32g4fr_tim.o(.text.TIM_InitOc4)
    TIM_InitTimeBase                         0x08003649   Thumb Code   756  n32g4fr_tim.o(.text.TIM_InitTimeBase)
    USART3_IRQHandler                        0x0800393d   Thumb Code    68  n32g4fr_it.o(.text.USART3_IRQHandler)
    USART_ConfigInt                          0x08003981   Thumb Code   146  n32g4fr_usart.o(.text.USART_ConfigInt)
    USART_Enable                             0x08003a15   Thumb Code    44  n32g4fr_usart.o(.text.USART_Enable)
    USART_GetFlagStatus                      0x08003a41   Thumb Code    68  n32g4fr_usart.o(.text.USART_GetFlagStatus)
    USART_GetIntStatus                       0x08003a85   Thumb Code   176  n32g4fr_usart.o(.text.USART_GetIntStatus)
    USART_Init                               0x08003b35   Thumb Code   292  n32g4fr_usart.o(.text.USART_Init)
    USART_ReceiveData                        0x08003c59   Thumb Code    16  n32g4fr_usart.o(.text.USART_ReceiveData)
    USART_SendData                           0x08003c69   Thumb Code    24  n32g4fr_usart.o(.text.USART_SendData)
    UsageFault_Handler                       0x08003c81   Thumb Code     4  n32g4fr_it.o(.text.UsageFault_Handler)
    loop()                                   0x080042cd   Thumb Code     8  main.o(.text._Z4loopv)
    setup()                                  0x080042d5   Thumb Code     2  main.o(.text._Z5setupv)
    Do::low()                                0x080042d9   Thumb Code    16  do.o(.text._ZN2Do3lowEv)
    Do::high()                               0x080042e9   Thumb Code    16  do.o(.text._ZN2Do4highEv)
    Do::init_pin(GPIO_Module*, unsigned short) 0x080042f9   Thumb Code   270  do.o(.text._ZN2Do8init_pinEP11GPIO_Modulet)
    Do::Do()                                 0x08004409   Thumb Code    10  do.o(.text._ZN2DoC2Ev)
    Do::Do__sub_object()                     0x08004409   Thumb Code    10  do.o(.text._ZN2DoC2Ev)
    Do::~Do()                                0x08004415   Thumb Code    10  do.o(.text._ZN2DoD2Ev)
    Do::~Do__sub_object()                    0x08004415   Thumb Code    10  do.o(.text._ZN2DoD2Ev)
    Adc::init_timer()                        0x08004421   Thumb Code   264  adc.o(.text._ZN3Adc10init_timerEv)
    Adc::init()                              0x08004529   Thumb Code    62  adc.o(.text._ZN3Adc4initEv)
    Adc::init_adc()                          0x08004569   Thumb Code   290  adc.o(.text._ZN3Adc8init_adcEv)
    Adc::init_dma()                          0x0800468d   Thumb Code   178  adc.o(.text._ZN3Adc8init_dmaEv)
    Adc::init_pin(GPIO_Module*, unsigned int) 0x08004741   Thumb Code    34  adc.o(.text._ZN3Adc8init_pinEP11GPIO_Modulej)
    Adc::Adc()                               0x08004765   Thumb Code    20  adc.o(.text._ZN3AdcC2Ev)
    Adc::Adc__sub_object()                   0x08004765   Thumb Code    20  adc.o(.text._ZN3AdcC2Ev)
    Adc::~Adc()                              0x08004779   Thumb Code    10  adc.o(.text._ZN3AdcD2Ev)
    Adc::~Adc__sub_object()                  0x08004779   Thumb Code    10  adc.o(.text._ZN3AdcD2Ev)
    Clk::print_clock()                       0x08004785   Thumb Code   136  clk.o(.text._ZN3Clk11print_clockEv)
    Clk::Clk()                               0x0800480d   Thumb Code   120  clk.o(.text._ZN3ClkC2Ev)
    Clk::Clk__sub_object()                   0x0800480d   Thumb Code   120  clk.o(.text._ZN3ClkC2Ev)
    Clk::~Clk()                              0x08004885   Thumb Code    10  clk.o(.text._ZN3ClkD2Ev)
    Clk::~Clk__sub_object()                  0x08004885   Thumb Code    10  clk.o(.text._ZN3ClkD2Ev)
    Rtt::init()                              0x08004891   Thumb Code   126  rtt.o(.text._ZN3Rtt4initEv)
    Rtt::Rtt()                               0x08004911   Thumb Code    20  rtt.o(.text._ZN3RttC2Ev)
    Rtt::Rtt__sub_object()                   0x08004911   Thumb Code    20  rtt.o(.text._ZN3RttC2Ev)
    Rtt::~Rtt()                              0x08004925   Thumb Code    10  rtt.o(.text._ZN3RttD2Ev)
    Rtt::~Rtt__sub_object()                  0x08004925   Thumb Code    10  rtt.o(.text._ZN3RttD2Ev)
    Uart::init(unsigned int)                 0x08004931   Thumb Code    78  uart.o(.text._ZN4Uart4initEj)
    Uart::init_pin()                         0x08004981   Thumb Code    78  uart.o(.text._ZN4Uart8init_pinEv)
    Uart::init_nvic()                        0x080049d1   Thumb Code    42  uart.o(.text._ZN4Uart9init_nvicEv)
    Uart::Uart()                             0x080049fd   Thumb Code    36  uart.o(.text._ZN4UartC2Ev)
    Uart::Uart__sub_object()                 0x080049fd   Thumb Code    36  uart.o(.text._ZN4UartC2Ev)
    Uart::~Uart()                            0x08004a21   Thumb Code    10  uart.o(.text._ZN4UartD2Ev)
    Uart::~Uart__sub_object()                0x08004a21   Thumb Code    10  uart.o(.text._ZN4UartD2Ev)
    Hardware::Hardware()                     0x08004a2d   Thumb Code   160  hardware.o(.text._ZN8HardwareC2Ev)
    Hardware::Hardware__sub_object()         0x08004a2d   Thumb Code   160  hardware.o(.text._ZN8HardwareC2Ev)
    Hardware::~Hardware()                    0x08004acd   Thumb Code    68  hardware.o(.text._ZN8HardwareD2Ev)
    Hardware::~Hardware__sub_object()        0x08004acd   Thumb Code    68  hardware.o(.text._ZN8HardwareD2Ev)
    app                                      0x08004b69   Thumb Code    96  app.o(.text.app)
    error_process                            0x08004bc9   Thumb Code    16  app.o(.text.error_process)
    fputc                                    0x08004bd9   Thumb Code    52  bsp.o(.text.fputc)
    idle_process                             0x08004c0d   Thumb Code    24  app.o(.text.idle_process)
    main                                     0x08004c25   Thumb Code    20  main.o(.text.main)
    sent_sample_data                         0x08004c39   Thumb Code    76  app.o(.text.sent_sample_data)
    uart_post_process                        0x08004c85   Thumb Code    22  app.o(.text.uart_post_process)
    _btod_d2e                                0x08004c9b   Thumb Code    62  btod.o(CL$$btod_d2e)
    _d2e_denorm_low                          0x08004cd9   Thumb Code    70  btod.o(CL$$btod_d2e_denorm_low)
    _d2e_norm_op1                            0x08004d1f   Thumb Code    96  btod.o(CL$$btod_d2e_norm_op1)
    __btod_div_common                        0x08004d81   Thumb Code   696  btod.o(CL$$btod_div_common)
    _e2e                                     0x080050b9   Thumb Code   220  btod.o(CL$$btod_e2e)
    _btod_ediv                               0x08005195   Thumb Code    42  btod.o(CL$$btod_ediv)
    _btod_emul                               0x080051bf   Thumb Code    42  btod.o(CL$$btod_emul)
    __btod_mult_common                       0x080051e9   Thumb Code   580  btod.o(CL$$btod_mult_common)
    HardFault_Handler                        0x0800542d   Thumb Code     0  hardfaulthandler.o(OSKERNEL)
    __ARM_fpclassify                         0x0800543f   Thumb Code    48  fpclassify.o(i.__ARM_fpclassify)
    _is_digit                                0x0800546f   Thumb Code    14  __printf_wp.o(i._is_digit)
    _get_lc_ctype                            0x0800547d   Thumb Code    44  lc_ctype_c.o(locale$$code)
    _get_lc_numeric                          0x080054a9   Thumb Code    44  lc_numeric_c.o(locale$$code)
    _fp_init                                 0x080054d5   Thumb Code    26  fpinit.o(x$fpl$fpinit)
    __fplib_config_fpu_vfp                   0x080054ed   Thumb Code     0  fpinit.o(x$fpl$fpinit)
    __fplib_config_pureend_doubles           0x080054ed   Thumb Code     0  fpinit.o(x$fpl$fpinit)
    _printf_fp_dec                           0x080054ef   Thumb Code     4  printf1.o(x$fpl$printf1)
    _printf_fp_hex                           0x080054f3   Thumb Code     4  printf2.o(x$fpl$printf2)
    __I$use$fp                               0x080054f6   Number         0  usenofp.o(x$fpl$usenofp)
    __stdin_name                             0x08005539   Data           4  sys_io_names.o(.constdata)
    __stdout_name                            0x0800553d   Data           4  sys_io_names.o(.constdata)
    __stderr_name                            0x08005541   Data           4  sys_io_names.o(.constdata)
    _nr_cmd_start_                           0x08005610   Data          20  nr_micro_shell.o(.rodata.nr_shell_cmd0.end)
    _nr_cmd_end_                             0x08005624   Data          20  nr_micro_shell.o(.rodata.nr_shell_cmd1.end)
    Region$$Table$$Base                      0x08005784   Number         0  anon$$obj.o(Region$$Table)
    Region$$Table$$Limit                     0x080057a4   Number         0  anon$$obj.o(Region$$Table)
    __ctype                                  0x080057b1   Data           0  lc_ctype_c.o(locale$$data)
    SHT$$INIT_ARRAY$$Base                    0x080058d0   Number         0  main.o(.init_array)
    SHT$$INIT_ARRAY$$Limit                   0x080058d4   Number         0  init_aeabi.o(.init_array)
    __aeabi_stdin                            0x20000000   Data           4  stdio_streams.o(.data)
    __aeabi_stdout                           0x20000004   Data           4  stdio_streams.o(.data)
    __aeabi_stderr                           0x20000008   Data           4  stdio_streams.o(.data)
    FIFO_Data                                0x2000000c   Data          20  fifo.o(.data.FIFO_Data)
    SystemCoreClock                          0x20000020   Data           4  system_n32g4fr.o(.data.SystemCoreClock)
    __stdin                                  0x20000028   Data          84  stdio_streams.o(.bss)
    __stdout                                 0x2000007c   Data          84  stdio_streams.o(.bss)
    __stderr                                 0x200000d0   Data          84  stdio_streams.o(.bss)
    __libspace_start                         0x20000124   Data          96  libspace.o(.bss)
    FIFO_DataBuffer                          0x20000184   Data        8000  fifo.o(.bss.FIFO_DataBuffer)
    __temporary_stack_top$libspace           0x20000184   Data           0  libspace.o(.bss)
    _SEGGER_RTT                              0x20002108   Data         168  segger_rtt.o(.bss._SEGGER_RTT)
    hardware_n32_ch2840adx                   0x200025c0   Data          48  main.o(.bss.hardware_n32_ch2840adx)
    key_flag                                 0x200025f0   Data           4  app.o(.bss.key_flag)
    next_state                               0x200025f4   Data           1  app.o(.bss.next_state)
    segger_cb                                0x200025f5   Data       16384  main.o(.bss.segger_cb)
    state                                    0x200065f5   Data           1  app.o(.bss.state)



==============================================================================

Memory Map of the image

  Image Entry point : 0x08000199

  Load Region LR_IROM1 (Base: 0x08000000, Size: 0x00005900, Max: 0x00080000, ABSOLUTE)

    Execution Region ER_IROM1 (Exec base: 0x08000000, Load base: 0x08000000, Size: 0x000058d4, Max: 0x00080000, ABSOLUTE)

    Exec Addr    Load Addr    Size         Type   Attr      Idx    E Section Name        Object

    0x08000000   0x08000000   0x00000198   Data   RO          309    RESET               startup_n32g4fr.o
    0x08000198   0x08000198   0x00000008   Code   RO         1814  * !!!main             c_w.l(__main.o)
    0x080001a0   0x080001a0   0x00000034   Code   RO         2318    !!!scatter          c_w.l(__scatter.o)
    0x080001d4   0x080001d4   0x0000001a   Code   RO         2320    !!handler_copy      c_w.l(__scatter_copy.o)
    0x080001ee   0x080001ee   0x00000002   PAD
    0x080001f0   0x080001f0   0x0000001c   Code   RO         2322    !!handler_zi        c_w.l(__scatter_zi.o)
    0x0800020c   0x0800020c   0x00000000   Code   RO         1907    .ARM.Collect$$_printf_percent$$00000000  c_w.l(_printf_percent.o)
    0x0800020c   0x0800020c   0x00000006   Code   RO         1896    .ARM.Collect$$_printf_percent$$00000001  c_w.l(_printf_n.o)
    0x08000212   0x08000212   0x00000006   Code   RO         1898    .ARM.Collect$$_printf_percent$$00000002  c_w.l(_printf_p.o)
    0x08000218   0x08000218   0x00000006   Code   RO         1903    .ARM.Collect$$_printf_percent$$00000003  c_w.l(_printf_f.o)
    0x0800021e   0x0800021e   0x00000006   Code   RO         1904    .ARM.Collect$$_printf_percent$$00000004  c_w.l(_printf_e.o)
    0x08000224   0x08000224   0x00000006   Code   RO         1905    .ARM.Collect$$_printf_percent$$00000005  c_w.l(_printf_g.o)
    0x0800022a   0x0800022a   0x00000006   Code   RO         1906    .ARM.Collect$$_printf_percent$$00000006  c_w.l(_printf_a.o)
    0x08000230   0x08000230   0x0000000a   Code   RO         1911    .ARM.Collect$$_printf_percent$$00000007  c_w.l(_printf_ll.o)
    0x0800023a   0x0800023a   0x00000006   Code   RO         1900    .ARM.Collect$$_printf_percent$$00000008  c_w.l(_printf_i.o)
    0x08000240   0x08000240   0x00000006   Code   RO         1901    .ARM.Collect$$_printf_percent$$00000009  c_w.l(_printf_d.o)
    0x08000246   0x08000246   0x00000006   Code   RO         1902    .ARM.Collect$$_printf_percent$$0000000A  c_w.l(_printf_u.o)
    0x0800024c   0x0800024c   0x00000006   Code   RO         1899    .ARM.Collect$$_printf_percent$$0000000B  c_w.l(_printf_o.o)
    0x08000252   0x08000252   0x00000006   Code   RO         1897    .ARM.Collect$$_printf_percent$$0000000C  c_w.l(_printf_x.o)
    0x08000258   0x08000258   0x00000006   Code   RO         1908    .ARM.Collect$$_printf_percent$$0000000D  c_w.l(_printf_lli.o)
    0x0800025e   0x0800025e   0x00000006   Code   RO         1909    .ARM.Collect$$_printf_percent$$0000000E  c_w.l(_printf_lld.o)
    0x08000264   0x08000264   0x00000006   Code   RO         1910    .ARM.Collect$$_printf_percent$$0000000F  c_w.l(_printf_llu.o)
    0x0800026a   0x0800026a   0x00000006   Code   RO         1915    .ARM.Collect$$_printf_percent$$00000010  c_w.l(_printf_llo.o)
    0x08000270   0x08000270   0x00000006   Code   RO         1916    .ARM.Collect$$_printf_percent$$00000011  c_w.l(_printf_llx.o)
    0x08000276   0x08000276   0x0000000a   Code   RO         1912    .ARM.Collect$$_printf_percent$$00000012  c_w.l(_printf_l.o)
    0x08000280   0x08000280   0x00000006   Code   RO         1894    .ARM.Collect$$_printf_percent$$00000013  c_w.l(_printf_c.o)
    0x08000286   0x08000286   0x00000006   Code   RO         1895    .ARM.Collect$$_printf_percent$$00000014  c_w.l(_printf_s.o)
    0x0800028c   0x0800028c   0x00000006   Code   RO         1913    .ARM.Collect$$_printf_percent$$00000015  c_w.l(_printf_lc.o)
    0x08000292   0x08000292   0x00000006   Code   RO         1914    .ARM.Collect$$_printf_percent$$00000016  c_w.l(_printf_ls.o)
    0x08000298   0x08000298   0x00000004   Code   RO         2098    .ARM.Collect$$_printf_percent$$00000017  c_w.l(_printf_percent_end.o)
    0x0800029c   0x0800029c   0x00000002   Code   RO         2229    .ARM.Collect$$libinit$$00000000  c_w.l(libinit.o)
    0x0800029e   0x0800029e   0x00000004   Code   RO         1934    .ARM.Collect$$libinit$$00000001  c_w.l(libinit2.o)
    0x080002a2   0x080002a2   0x00000000   Code   RO         1937    .ARM.Collect$$libinit$$00000004  c_w.l(libinit2.o)
    0x080002a2   0x080002a2   0x00000008   Code   RO         1938    .ARM.Collect$$libinit$$00000005  c_w.l(libinit2.o)
    0x080002aa   0x080002aa   0x00000000   Code   RO         1940    .ARM.Collect$$libinit$$0000000A  c_w.l(libinit2.o)
    0x080002aa   0x080002aa   0x00000000   Code   RO         1942    .ARM.Collect$$libinit$$0000000C  c_w.l(libinit2.o)
    0x080002aa   0x080002aa   0x00000000   Code   RO         1944    .ARM.Collect$$libinit$$0000000E  c_w.l(libinit2.o)
    0x080002aa   0x080002aa   0x00000006   Code   RO         1945    .ARM.Collect$$libinit$$0000000F  c_w.l(libinit2.o)
    0x080002b0   0x080002b0   0x00000000   Code   RO         1947    .ARM.Collect$$libinit$$00000011  c_w.l(libinit2.o)
    0x080002b0   0x080002b0   0x0000000c   Code   RO         1948    .ARM.Collect$$libinit$$00000012  c_w.l(libinit2.o)
    0x080002bc   0x080002bc   0x00000000   Code   RO         1949    .ARM.Collect$$libinit$$00000013  c_w.l(libinit2.o)
    0x080002bc   0x080002bc   0x00000000   Code   RO         1951    .ARM.Collect$$libinit$$00000015  c_w.l(libinit2.o)
    0x080002bc   0x080002bc   0x0000000a   Code   RO         1952    .ARM.Collect$$libinit$$00000016  c_w.l(libinit2.o)
    0x080002c6   0x080002c6   0x00000000   Code   RO         1953    .ARM.Collect$$libinit$$00000017  c_w.l(libinit2.o)
    0x080002c6   0x080002c6   0x00000000   Code   RO         1955    .ARM.Collect$$libinit$$00000019  c_w.l(libinit2.o)
    0x080002c6   0x080002c6   0x00000000   Code   RO         1957    .ARM.Collect$$libinit$$0000001B  c_w.l(libinit2.o)
    0x080002c6   0x080002c6   0x00000000   Code   RO         1959    .ARM.Collect$$libinit$$0000001D  c_w.l(libinit2.o)
    0x080002c6   0x080002c6   0x00000000   Code   RO         1961    .ARM.Collect$$libinit$$0000001F  c_w.l(libinit2.o)
    0x080002c6   0x080002c6   0x00000000   Code   RO         1963    .ARM.Collect$$libinit$$00000021  c_w.l(libinit2.o)
    0x080002c6   0x080002c6   0x00000000   Code   RO         1965    .ARM.Collect$$libinit$$00000023  c_w.l(libinit2.o)
    0x080002c6   0x080002c6   0x00000004   Code   RO         1966    .ARM.Collect$$libinit$$00000024  c_w.l(libinit2.o)
    0x080002ca   0x080002ca   0x00000000   Code   RO         1967    .ARM.Collect$$libinit$$00000025  c_w.l(libinit2.o)
    0x080002ca   0x080002ca   0x00000000   Code   RO         1971    .ARM.Collect$$libinit$$0000002C  c_w.l(libinit2.o)
    0x080002ca   0x080002ca   0x00000000   Code   RO         1973    .ARM.Collect$$libinit$$0000002E  c_w.l(libinit2.o)
    0x080002ca   0x080002ca   0x00000000   Code   RO         1975    .ARM.Collect$$libinit$$00000030  c_w.l(libinit2.o)
    0x080002ca   0x080002ca   0x00000004   Code   RO         1976    .ARM.Collect$$libinit$$00000031  c_w.l(libinit2.o)
    0x080002ce   0x080002ce   0x00000000   Code   RO         1977    .ARM.Collect$$libinit$$00000032  c_w.l(libinit2.o)
    0x080002ce   0x080002ce   0x00000002   Code   RO         1978    .ARM.Collect$$libinit$$00000033  c_w.l(libinit2.o)
    0x080002d0   0x080002d0   0x00000002   Code   RO         2315    .ARM.Collect$$libshutdown$$00000000  c_w.l(libshutdown.o)
    0x080002d2   0x080002d2   0x00000006   Code   RO         2125    .ARM.Collect$$libshutdown$$00000001  c_w.l(libshutdown2.o)
    0x080002d8   0x080002d8   0x00000000   Code   RO         2126    .ARM.Collect$$libshutdown$$00000002  c_w.l(libshutdown2.o)
    0x080002d8   0x080002d8   0x00000004   Code   RO         2127    .ARM.Collect$$libshutdown$$00000003  c_w.l(libshutdown2.o)
    0x080002dc   0x080002dc   0x00000000   Code   RO         2128    .ARM.Collect$$libshutdown$$00000004  c_w.l(libshutdown2.o)
    0x080002dc   0x080002dc   0x00000000   Code   RO         2131    .ARM.Collect$$libshutdown$$00000007  c_w.l(libshutdown2.o)
    0x080002dc   0x080002dc   0x00000000   Code   RO         2134    .ARM.Collect$$libshutdown$$0000000A  c_w.l(libshutdown2.o)
    0x080002dc   0x080002dc   0x00000000   Code   RO         2136    .ARM.Collect$$libshutdown$$0000000C  c_w.l(libshutdown2.o)
    0x080002dc   0x080002dc   0x00000000   Code   RO         2139    .ARM.Collect$$libshutdown$$0000000F  c_w.l(libshutdown2.o)
    0x080002dc   0x080002dc   0x00000002   Code   RO         2140    .ARM.Collect$$libshutdown$$00000010  c_w.l(libshutdown2.o)
    0x080002de   0x080002de   0x00000000   Code   RO         1822    .ARM.Collect$$rtentry$$00000000  c_w.l(__rtentry.o)
    0x080002de   0x080002de   0x00000000   Code   RO         2000    .ARM.Collect$$rtentry$$00000002  c_w.l(__rtentry2.o)
    0x080002de   0x080002de   0x00000006   Code   RO         2012    .ARM.Collect$$rtentry$$00000004  c_w.l(__rtentry4.o)
    0x080002e4   0x080002e4   0x00000000   Code   RO         2002    .ARM.Collect$$rtentry$$00000009  c_w.l(__rtentry2.o)
    0x080002e4   0x080002e4   0x00000004   Code   RO         2003    .ARM.Collect$$rtentry$$0000000A  c_w.l(__rtentry2.o)
    0x080002e8   0x080002e8   0x00000000   Code   RO         2005    .ARM.Collect$$rtentry$$0000000C  c_w.l(__rtentry2.o)
    0x080002e8   0x080002e8   0x00000008   Code   RO         2006    .ARM.Collect$$rtentry$$0000000D  c_w.l(__rtentry2.o)
    0x080002f0   0x080002f0   0x00000002   Code   RO         2246    .ARM.Collect$$rtexit$$00000000  c_w.l(rtexit.o)
    0x080002f2   0x080002f2   0x00000000   Code   RO         2276    .ARM.Collect$$rtexit$$00000002  c_w.l(rtexit2.o)
    0x080002f2   0x080002f2   0x00000004   Code   RO         2277    .ARM.Collect$$rtexit$$00000003  c_w.l(rtexit2.o)
    0x080002f6   0x080002f6   0x00000006   Code   RO         2278    .ARM.Collect$$rtexit$$00000004  c_w.l(rtexit2.o)
    0x080002fc   0x080002fc   0x00000040   Code   RO          310    .text               startup_n32g4fr.o
    0x0800033c   0x0800033c   0x00000010   Code   RO         1782    .text               c_w.l(rt_ctype_table.o)
    0x0800034c   0x0800034c   0x00000018   Code   RO         1784    .text               c_w.l(printf.o)
    0x08000364   0x08000364   0x0000000a   Code   RO         1797    .text               c_w.l(cxa_atexit.o)
    0x0800036e   0x0800036e   0x00000048   Code   RO         1802    .text               c_w.l(strcpy.o)
    0x080003b6   0x080003b6   0x0000003e   Code   RO         1804    .text               c_w.l(strlen.o)
    0x080003f4   0x080003f4   0x0000008a   Code   RO         1806    .text               c_w.l(rt_memcpy_v6.o)
    0x0800047e   0x0800047e   0x00000044   Code   RO         1808    .text               c_w.l(rt_memclr.o)
    0x080004c2   0x080004c2   0x00000006   PAD
    0x080004c8   0x080004c8   0x0000007c   Code   RO         1810    .text               c_w.l(strcmpv7em.o)
    0x08000544   0x08000544   0x00000006   Code   RO         1812    .text               c_w.l(heapauxi.o)
    0x0800054a   0x0800054a   0x00000002   PAD
    0x0800054c   0x0800054c   0x00000024   Code   RO         1819    .text               c_w.l(init_aeabi.o)
    0x08000570   0x08000570   0x00000008   Code   RO         1826    .text               c_w.l(rt_locale_intlibspace.o)
    0x08000578   0x08000578   0x0000004e   Code   RO         1830    .text               c_w.l(_printf_pad.o)
    0x080005c6   0x080005c6   0x00000024   Code   RO         1832    .text               c_w.l(_printf_truncate.o)
    0x080005ea   0x080005ea   0x00000052   Code   RO         1834    .text               c_w.l(_printf_str.o)
    0x0800063c   0x0800063c   0x00000078   Code   RO         1836    .text               c_w.l(_printf_dec.o)
    0x080006b4   0x080006b4   0x00000028   Code   RO         1838    .text               c_w.l(_printf_charcount.o)
    0x080006dc   0x080006dc   0x00000024   Code   RO         1840    .text               c_w.l(_printf_char_file.o)
    0x08000700   0x08000700   0x000000bc   Code   RO         1842    .text               c_w.l(_printf_wctomb.o)
    0x080007bc   0x080007bc   0x0000007c   Code   RO         1845    .text               c_w.l(_printf_longlong_dec.o)
    0x08000838   0x08000838   0x00000070   Code   RO         1851    .text               c_w.l(_printf_oct_int_ll.o)
    0x080008a8   0x080008a8   0x00000094   Code   RO         1871    .text               c_w.l(_printf_hex_int_ll_ptr.o)
    0x0800093c   0x0800093c   0x00000188   Code   RO         1891    .text               c_w.l(__printf_flags_ss_wp.o)
    0x08000ac4   0x08000ac4   0x00000138   Code   RO         1917    .text               c_w.l(initio.o)
    0x08000bfc   0x08000bfc   0x0000002e   Code   RO         1927    .text               c_w.l(aeabi_atexit.o)
    0x08000c2a   0x08000c2a   0x00000064   Code   RO         1930    .text               c_w.l(rt_memcpy_w.o)
    0x08000c8e   0x08000c8e   0x0000004e   Code   RO         1932    .text               c_w.l(rt_memclr_w.o)
    0x08000cdc   0x08000cdc   0x00000008   Code   RO         1994    .text               c_w.l(libspace.o)
    0x08000ce4   0x08000ce4   0x00000008   Code   RO         2017    .text               c_w.l(rt_ddtor_pointer_addr_intlibspace.o)
    0x08000cec   0x08000cec   0x0000005e   Code   RO         2023    .text               c_w.l(h1_alloc.o)
    0x08000d4a   0x08000d4a   0x0000004e   Code   RO         2025    .text               c_w.l(h1_free.o)
    0x08000d98   0x08000d98   0x0000008a   Code   RO         2081    .text               c_w.l(lludiv10.o)
    0x08000e22   0x08000e22   0x000000b2   Code   RO         2083    .text               c_w.l(_printf_intcommon.o)
    0x08000ed4   0x08000ed4   0x0000041c   Code   RO         2085    .text               c_w.l(_printf_fp_dec.o)
    0x080012f0   0x080012f0   0x000002fc   Code   RO         2089    .text               c_w.l(_printf_fp_hex.o)
    0x080015ec   0x080015ec   0x00000030   Code   RO         2092    .text               c_w.l(_printf_char_common.o)
    0x0800161c   0x0800161c   0x0000002c   Code   RO         2094    .text               c_w.l(_printf_char.o)
    0x08001648   0x08001648   0x0000002c   Code   RO         2096    .text               c_w.l(_printf_wchar.o)
    0x08001674   0x08001674   0x00000008   Code   RO         2099    .text               c_w.l(ferror.o)
    0x0800167c   0x0800167c   0x00000046   Code   RO         2101    .text               c_w.l(setvbuf.o)
    0x080016c2   0x080016c2   0x00000002   PAD
    0x080016c4   0x080016c4   0x000000f0   Code   RO         2104    .text               c_w.l(fopen.o)
    0x080017b4   0x080017b4   0x0000004c   Code   RO         2106    .text               c_w.l(fclose.o)
    0x08001800   0x08001800   0x00000048   Code   RO         2114    .text               c_w.l(_c16rtomb.o)
    0x08001848   0x08001848   0x00000042   Code   RO         2116    .text               c_w.l(cxa_finalize.o)
    0x0800188a   0x0800188a   0x0000000e   Code   RO         2119    .text               c_w.l(defsig_rtred_outer.o)
    0x08001898   0x08001898   0x00000066   Code   RO         2143    .text               c_w.l(sys_io.o)
    0x080018fe   0x080018fe   0x0000004a   Code   RO         2147    .text               c_w.l(sys_stackheap_outer.o)
    0x08001948   0x08001948   0x00000008   Code   RO         2154    .text               c_w.l(rt_heap_descriptor_intlibspace.o)
    0x08001950   0x08001950   0x00000004   Code   RO         2156    .text               c_w.l(hguard.o)
    0x08001954   0x08001954   0x0000008a   Code   RO         2158    .text               c_w.l(init_alloc.o)
    0x080019de   0x080019de   0x0000000e   Code   RO         2162    .text               c_w.l(h1_init.o)
    0x080019ec   0x080019ec   0x00000080   Code   RO         2174    .text               c_w.l(_printf_fp_infnan.o)
    0x08001a6c   0x08001a6c   0x000000e4   Code   RO         2178    .text               c_w.l(bigflt0.o)
    0x08001b50   0x08001b50   0x000000f8   Code   RO         2205    .text               c_w.l(fseek.o)
    0x08001c48   0x08001c48   0x000000f0   Code   RO         2207    .text               c_w.l(stdio.o)
    0x08001d38   0x08001d38   0x00000012   Code   RO         2212    .text               c_w.l(exit.o)
    0x08001d4a   0x08001d4a   0x0000000a   Code   RO         2214    .text               c_w.l(defsig_exit.o)
    0x08001d54   0x08001d54   0x00000034   Code   RO         2216    .text               c_w.l(defsig_rtred_inner.o)
    0x08001d88   0x08001d88   0x0000000c   Code   RO         2237    .text               c_w.l(sys_exit.o)
    0x08001d94   0x08001d94   0x00000002   Code   RO         2243    .text               c_w.l(use_no_semi.o)
    0x08001d96   0x08001d96   0x00000000   Code   RO         2245    .text               c_w.l(indicate_semi.o)
    0x08001d96   0x08001d96   0x00000000   Code   RO         2250    .text               c_w.l(maybetermalloc1.o)
    0x08001d96   0x08001d96   0x00000034   Code   RO         2252    .text               c_w.l(h1_extend.o)
    0x08001dca   0x08001dca   0x00000042   Code   RO         2258    .text               c_w.l(ftell.o)
    0x08001e0c   0x08001e0c   0x00000032   Code   RO         2262    .text               c_w.l(defsig_general.o)
    0x08001e3e   0x08001e3e   0x0000000e   Code   RO         2264    .text               c_w.l(defsig_rtmem_outer.o)
    0x08001e4c   0x08001e4c   0x0000000e   Code   RO         2271    .text               c_w.l(sys_wrch.o)
    0x08001e5a   0x08001e5a   0x00000002   PAD
    0x08001e5c   0x08001e5c   0x00000008   Code   RO         2285    .text               c_w.l(rt_errno_addr_intlibspace.o)
    0x08001e64   0x08001e64   0x00000050   Code   RO         2291    .text               c_w.l(defsig_rtmem_inner.o)
    0x08001eb4   0x08001eb4   0x00000038   Code   RO          438    .text.ADC_ConfigClk  n32g4fr_adc.o
    0x08001eec   0x08001eec   0x000001a8   Code   RO          384    .text.ADC_ConfigRegularChannel  n32g4fr_adc.o
    0x08002094   0x08002094   0x0000002c   Code   RO          366    .text.ADC_Enable    n32g4fr_adc.o
    0x080020c0   0x080020c0   0x0000002c   Code   RO          368    .text.ADC_EnableDMA  n32g4fr_adc.o
    0x080020ec   0x080020ec   0x0000002c   Code   RO          376    .text.ADC_EnableSoftwareStartConv  n32g4fr_adc.o
    0x08002118   0x08002118   0x0000002e   Code   RO          374    .text.ADC_GetCalibrationStatus  n32g4fr_adc.o
    0x08002146   0x08002146   0x00000002   PAD
    0x08002148   0x08002148   0x00000034   Code   RO          432    .text.ADC_GetFlagStatusNew  n32g4fr_adc.o
    0x0800217c   0x0800217c   0x0000009a   Code   RO          362    .text.ADC_Init      n32g4fr_adc.o
    0x08002216   0x08002216   0x00000002   PAD
    0x08002218   0x08002218   0x00000012   Code   RO          372    .text.ADC_StartCalibration  n32g4fr_adc.o
    0x0800222a   0x0800222a   0x00000002   PAD
    0x0800222c   0x0800222c   0x00000004   Code   RO          321    .text.BusFault_Handler  n32g4fr_it.o
    0x08002230   0x08002230   0x00000244   Code   RO          626    .text.DMA_DeInit    n32g4fr_dma.o
    0x08002474   0x08002474   0x0000002e   Code   RO          632    .text.DMA_EnableChannel  n32g4fr_dma.o
    0x080024a2   0x080024a2   0x00000002   PAD
    0x080024a4   0x080024a4   0x0000006c   Code   RO          628    .text.DMA_Init      n32g4fr_dma.o
    0x08002510   0x08002510   0x00000002   Code   RO          327    .text.DebugMon_Handler  n32g4fr_it.o
    0x08002512   0x08002512   0x00000002   PAD
    0x08002514   0x08002514   0x0000000c   Code   RO          161    .text.FIFO_GetDataCount  fifo.o
    0x08002520   0x08002520   0x0000009c   Code   RO          153    .text.FIFO_ReadData  fifo.o
    0x080025bc   0x080025bc   0x00000186   Code   RO          766    .text.GPIO_InitPeripheral  n32g4fr_gpio.o
    0x08002742   0x08002742   0x00000002   PAD
    0x08002744   0x08002744   0x00000114   Code   RO         1665    .text.HardFaultHandler  segger_hardfaulthandler.o
    0x08002858   0x08002858   0x00000004   Code   RO          319    .text.MemManage_Handler  n32g4fr_it.o
    0x0800285c   0x0800285c   0x00000002   Code   RO          317    .text.NMI_Handler   n32g4fr_it.o
    0x0800285e   0x0800285e   0x00000002   PAD
    0x08002860   0x08002860   0x000000aa   Code   RO          345    .text.NVIC_Init     misc.o
    0x0800290a   0x0800290a   0x00000002   PAD
    0x0800290c   0x0800290c   0x0000001c   Code   RO          343    .text.NVIC_PriorityGroupConfig  misc.o
    0x08002928   0x08002928   0x0000002c   Code   RO         1025    .text.RCC_ConfigAdcHclk  n32g4fr_rcc.o
    0x08002954   0x08002954   0x00000054   Code   RO         1023    .text.RCC_ConfigAdcPllClk  n32g4fr_rcc.o
    0x080029a8   0x080029a8   0x0000002c   Code   RO         1007    .text.RCC_ConfigPclk1  n32g4fr_rcc.o
    0x080029d4   0x080029d4   0x00000038   Code   RO         1041    .text.RCC_EnableAHBPeriphClk  n32g4fr_rcc.o
    0x08002a0c   0x08002a0c   0x00000038   Code   RO         1045    .text.RCC_EnableAPB1PeriphClk  n32g4fr_rcc.o
    0x08002a44   0x08002a44   0x00000038   Code   RO         1043    .text.RCC_EnableAPB2PeriphClk  n32g4fr_rcc.o
    0x08002a7c   0x08002a7c   0x000001c4   Code   RO         1039    .text.RCC_GetClocksFreqValue  n32g4fr_rcc.o
    0x08002c40   0x08002c40   0x000000a0   Code   RO         1726    .text.SEGGER_RTT_ConfigUpBuffer  segger_rtt.o
    0x08002ce0   0x08002ce0   0x00000008   Code   RO         1738    .text.SEGGER_RTT_Init  segger_rtt.o
    0x08002ce8   0x08002ce8   0x0000004c   Code   RO         1702    .text.SEGGER_RTT_Write  segger_rtt.o
    0x08002d34   0x08002d34   0x000000b0   Code   RO         1698    .text.SEGGER_RTT_WriteNoLock  segger_rtt.o
    0x08002de4   0x08002de4   0x0000002a   Code   RO         1771    .text.SEGGER_RTT_printf  segger_rtt_printf.o
    0x08002e0e   0x08002e0e   0x00000002   PAD
    0x08002e10   0x08002e10   0x0000033c   Code   RO         1763    .text.SEGGER_RTT_vprintf  segger_rtt_printf.o
    0x0800314c   0x0800314c   0x00000002   Code   RO          325    .text.SVC_Handler   n32g4fr_it.o
    0x0800314e   0x0800314e   0x00000002   PAD
    0x08003150   0x08003150   0x00000148   Code   RO          295    .text.SetSysClock   system_n32g4fr.o
    0x08003298   0x08003298   0x00000002   Code   RO          329    .text.SysTick_Handler  n32g4fr_it.o
    0x0800329a   0x0800329a   0x00000002   PAD
    0x0800329c   0x0800329c   0x000000cc   Code   RO          293    .text.SystemInit    system_n32g4fr.o
    0x08003368   0x08003368   0x0000002c   Code   RO         1386    .text.TIM_ConfigArPreload  n32g4fr_tim.o
    0x08003394   0x08003394   0x00000034   Code   RO         1346    .text.TIM_ConfigInt  n32g4fr_tim.o
    0x080033c8   0x080033c8   0x0000003c   Code   RO         1398    .text.TIM_ConfigOc3Preload  n32g4fr_tim.o
    0x08003404   0x08003404   0x0000003e   Code   RO         1400    .text.TIM_ConfigOc4Preload  n32g4fr_tim.o
    0x08003442   0x08003442   0x00000002   PAD
    0x08003444   0x08003444   0x0000002c   Code   RO         1342    .text.TIM_Enable    n32g4fr_tim.o
    0x08003470   0x08003470   0x00000106   Code   RO         1304    .text.TIM_InitOc3   n32g4fr_tim.o
    0x08003576   0x08003576   0x00000002   PAD
    0x08003578   0x08003578   0x000000ce   Code   RO         1306    .text.TIM_InitOc4   n32g4fr_tim.o
    0x08003646   0x08003646   0x00000002   PAD
    0x08003648   0x08003648   0x000002f4   Code   RO         1298    .text.TIM_InitTimeBase  n32g4fr_tim.o
    0x0800393c   0x0800393c   0x00000044   Code   RO          333    .text.USART3_IRQHandler  n32g4fr_it.o
    0x08003980   0x08003980   0x00000092   Code   RO         1560    .text.USART_ConfigInt  n32g4fr_usart.o
    0x08003a12   0x08003a12   0x00000002   PAD
    0x08003a14   0x08003a14   0x0000002c   Code   RO         1558    .text.USART_Enable  n32g4fr_usart.o
    0x08003a40   0x08003a40   0x00000044   Code   RO         1594    .text.USART_GetFlagStatus  n32g4fr_usart.o
    0x08003a84   0x08003a84   0x000000b0   Code   RO         1598    .text.USART_GetIntStatus  n32g4fr_usart.o
    0x08003b34   0x08003b34   0x00000124   Code   RO         1550    .text.USART_Init    n32g4fr_usart.o
    0x08003c58   0x08003c58   0x00000010   Code   RO         1576    .text.USART_ReceiveData  n32g4fr_usart.o
    0x08003c68   0x08003c68   0x00000018   Code   RO         1574    .text.USART_SendData  n32g4fr_usart.o
    0x08003c80   0x08003c80   0x00000004   Code   RO          323    .text.UsageFault_Handler  n32g4fr_it.o
    0x08003c84   0x08003c84   0x0000009c   Code   RO         1680    .text._DoInit       segger_rtt.o
    0x08003d20   0x08003d20   0x0000000c   Code   RO           34    .text._GLOBAL__sub_I_main.cpp  main.o
    0x08003d2c   0x08003d2c   0x0000003e   Code   RO         1692    .text._GetAvailWriteSpace  segger_rtt.o
    0x08003d6a   0x08003d6a   0x00000002   PAD
    0x08003d6c   0x08003d6c   0x000001cc   Code   RO         1767    .text._PrintInt     segger_rtt_printf.o
    0x08003f38   0x08003f38   0x000001ac   Code   RO         1769    .text._PrintUnsigned  segger_rtt_printf.o
    0x080040e4   0x080040e4   0x00000076   Code   RO         1765    .text._StoreChar    segger_rtt_printf.o
    0x0800415a   0x0800415a   0x00000002   PAD
    0x0800415c   0x0800415c   0x000000e4   Code   RO         1696    .text._WriteBlocking  segger_rtt.o
    0x08004240   0x08004240   0x0000008c   Code   RO         1694    .text._WriteNoCheck  segger_rtt.o
    0x080042cc   0x080042cc   0x00000008   Code   RO           30    .text._Z4loopv      main.o
    0x080042d4   0x080042d4   0x00000002   Code   RO           28    .text._Z5setupv     main.o
    0x080042d6   0x080042d6   0x00000002   PAD
    0x080042d8   0x080042d8   0x00000010   Code   RO          134    .text._ZN2Do3lowEv  do.o
    0x080042e8   0x080042e8   0x00000010   Code   RO          136    .text._ZN2Do4highEv  do.o
    0x080042f8   0x080042f8   0x0000010e   Code   RO          130    .text._ZN2Do8init_pinEP11GPIO_Modulet  do.o
    0x08004406   0x08004406   0x00000002   PAD
    0x08004408   0x08004408   0x0000000a   Code   RO          126    .text._ZN2DoC2Ev    do.o
    0x08004412   0x08004412   0x00000002   PAD
    0x08004414   0x08004414   0x0000000a   Code   RO          132    .text._ZN2DoD2Ev    do.o
    0x0800441e   0x0800441e   0x00000002   PAD
    0x08004420   0x08004420   0x00000108   Code   RO           66    .text._ZN3Adc10init_timerEv  adc.o
    0x08004528   0x08004528   0x0000003e   Code   RO           58    .text._ZN3Adc4initEv  adc.o
    0x08004566   0x08004566   0x00000002   PAD
    0x08004568   0x08004568   0x00000122   Code   RO           64    .text._ZN3Adc8init_adcEv  adc.o
    0x0800468a   0x0800468a   0x00000002   PAD
    0x0800468c   0x0800468c   0x000000b2   Code   RO           62    .text._ZN3Adc8init_dmaEv  adc.o
    0x0800473e   0x0800473e   0x00000002   PAD
    0x08004740   0x08004740   0x00000022   Code   RO           60    .text._ZN3Adc8init_pinEP11GPIO_Modulej  adc.o
    0x08004762   0x08004762   0x00000002   PAD
    0x08004764   0x08004764   0x00000014   Code   RO           68    .text._ZN3AdcC2Ev   adc.o
    0x08004778   0x08004778   0x0000000a   Code   RO           70    .text._ZN3AdcD2Ev   adc.o
    0x08004782   0x08004782   0x00000002   PAD
    0x08004784   0x08004784   0x00000088   Code   RO          100    .text._ZN3Clk11print_clockEv  clk.o
    0x0800480c   0x0800480c   0x00000078   Code   RO           98    .text._ZN3ClkC2Ev   clk.o
    0x08004884   0x08004884   0x0000000a   Code   RO          102    .text._ZN3ClkD2Ev   clk.o
    0x0800488e   0x0800488e   0x00000002   PAD
    0x08004890   0x08004890   0x0000007e   Code   RO          112    .text._ZN3Rtt4initEv  rtt.o
    0x0800490e   0x0800490e   0x00000002   PAD
    0x08004910   0x08004910   0x00000014   Code   RO          114    .text._ZN3RttC2Ev   rtt.o
    0x08004924   0x08004924   0x0000000a   Code   RO          116    .text._ZN3RttD2Ev   rtt.o
    0x0800492e   0x0800492e   0x00000002   PAD
    0x08004930   0x08004930   0x0000004e   Code   RO           83    .text._ZN4Uart4initEj  uart.o
    0x0800497e   0x0800497e   0x00000002   PAD
    0x08004980   0x08004980   0x0000004e   Code   RO           81    .text._ZN4Uart8init_pinEv  uart.o
    0x080049ce   0x080049ce   0x00000002   PAD
    0x080049d0   0x080049d0   0x0000002a   Code   RO           85    .text._ZN4Uart9init_nvicEv  uart.o
    0x080049fa   0x080049fa   0x00000002   PAD
    0x080049fc   0x080049fc   0x00000024   Code   RO           79    .text._ZN4UartC2Ev  uart.o
    0x08004a20   0x08004a20   0x0000000a   Code   RO           87    .text._ZN4UartD2Ev  uart.o
    0x08004a2a   0x08004a2a   0x00000002   PAD
    0x08004a2c   0x08004a2c   0x000000a0   Code   RO           47    .text._ZN8HardwareC2Ev  hardware.o
    0x08004acc   0x08004acc   0x00000044   Code   RO           49    .text._ZN8HardwareD2Ev  hardware.o
    0x08004b10   0x08004b10   0x0000002c   Code   RO           24    .text.__cxx_global_var_init  main.o
    0x08004b3c   0x08004b3c   0x0000002c   Code   RO           26    .text.__cxx_global_var_init.1  main.o
    0x08004b68   0x08004b68   0x00000060   Code   RO           10    .text.app           app.o
    0x08004bc8   0x08004bc8   0x00000010   Code   RO            2    .text.error_process  app.o
    0x08004bd8   0x08004bd8   0x00000034   Code   RO          180    .text.fputc         bsp.o
    0x08004c0c   0x08004c0c   0x00000018   Code   RO            6    .text.idle_process  app.o
    0x08004c24   0x08004c24   0x00000014   Code   RO           32    .text.main          main.o
    0x08004c38   0x08004c38   0x0000004c   Code   RO            8    .text.sent_sample_data  app.o
    0x08004c84   0x08004c84   0x00000016   Code   RO            4    .text.uart_post_process  app.o
    0x08004c9a   0x08004c9a   0x0000003e   Code   RO         2181    CL$$btod_d2e        c_w.l(btod.o)
    0x08004cd8   0x08004cd8   0x00000046   Code   RO         2183    CL$$btod_d2e_denorm_low  c_w.l(btod.o)
    0x08004d1e   0x08004d1e   0x00000060   Code   RO         2182    CL$$btod_d2e_norm_op1  c_w.l(btod.o)
    0x08004d7e   0x08004d7e   0x00000002   PAD
    0x08004d80   0x08004d80   0x00000338   Code   RO         2191    CL$$btod_div_common  c_w.l(btod.o)
    0x080050b8   0x080050b8   0x000000dc   Code   RO         2188    CL$$btod_e2e        c_w.l(btod.o)
    0x08005194   0x08005194   0x0000002a   Code   RO         2185    CL$$btod_ediv       c_w.l(btod.o)
    0x080051be   0x080051be   0x0000002a   Code   RO         2184    CL$$btod_emul       c_w.l(btod.o)
    0x080051e8   0x080051e8   0x00000244   Code   RO         2190    CL$$btod_mult_common  c_w.l(btod.o)
    0x0800542c   0x0800542c   0x00000012   Code   RO         1674    OSKERNEL            hardfaulthandler.o
    0x0800543e   0x0800543e   0x00000030   Code   RO         2233    i.__ARM_fpclassify  m_wm.l(fpclassify.o)
    0x0800546e   0x0800546e   0x0000000e   Code   RO         1884    i._is_digit         c_w.l(__printf_wp.o)
    0x0800547c   0x0800547c   0x0000002c   Code   RO         1922    locale$$code        c_w.l(lc_ctype_c.o)
    0x080054a8   0x080054a8   0x0000002c   Code   RO         2210    locale$$code        c_w.l(lc_numeric_c.o)
    0x080054d4   0x080054d4   0x0000001a   Code   RO         2141    x$fpl$fpinit        fz_wm.l(fpinit.o)
    0x080054ee   0x080054ee   0x00000004   Code   RO         1983    x$fpl$printf1       fz_wm.l(printf1.o)
    0x080054f2   0x080054f2   0x00000004   Code   RO         1985    x$fpl$printf2       fz_wm.l(printf2.o)
    0x080054f6   0x080054f6   0x00000000   Code   RO         2232    x$fpl$usenofp       fz_wm.l(usenofp.o)
    0x080054f6   0x080054f6   0x00000002   PAD
    0x080054f8   0x080054f8   0x00000008   Data   RO         1843    .constdata          c_w.l(_printf_wctomb.o)
    0x08005500   0x08005500   0x00000028   Data   RO         1872    .constdata          c_w.l(_printf_hex_int_ll_ptr.o)
    0x08005528   0x08005528   0x00000011   Data   RO         1892    .constdata          c_w.l(__printf_flags_ss_wp.o)
    0x08005539   0x08005539   0x00000004   Data   RO         1991    .constdata          c_w.l(sys_io_names.o)
    0x0800553d   0x0800553d   0x00000004   Data   RO         1992    .constdata          c_w.l(sys_io_names.o)
    0x08005541   0x08005541   0x00000004   Data   RO         1993    .constdata          c_w.l(sys_io_names.o)
    0x08005545   0x08005545   0x00000026   Data   RO         2090    .constdata          c_w.l(_printf_fp_hex.o)
    0x0800556b   0x0800556b   0x00000001   PAD
    0x0800556c   0x0800556c   0x00000094   Data   RO         2179    .constdata          c_w.l(bigflt0.o)
    0x08005600   0x08005600   0x00000010   Data   RO         1773    .rodata._PrintUnsigned._aV2C  segger_rtt_printf.o
    0x08005610   0x08005610   0x00000014   Data   RO          262    .rodata.nr_shell_cmd0.end  nr_micro_shell.o
    0x08005624   0x08005624   0x00000014   Data   RO          263    .rodata.nr_shell_cmd1.end  nr_micro_shell.o
    0x08005638   0x08005638   0x00000010   Data   RO         1070    .rodata.s_AdcHclkPresTable  n32g4fr_rcc.o
    0x08005648   0x08005648   0x00000020   Data   RO         1071    .rodata.s_AdcPllClkPresTable  n32g4fr_rcc.o
    0x08005668   0x08005668   0x00000010   Data   RO         1069    .rodata.s_ApbAhbPresTable  n32g4fr_rcc.o
    0x08005678   0x08005678   0x0000000b   Data   RO           14    .rodata.str1.1      app.o
    0x08005683   0x08005683   0x00000045   Data   RO          104    .rodata.str1.1      clk.o
    0x080056c8   0x080056c8   0x00000092   Data   RO          118    .rodata.str1.1      rtt.o
    0x0800575a   0x0800575a   0x00000013   Data   RO          335    .rodata.str1.1      n32g4fr_it.o
    0x0800576d   0x0800576d   0x00000014   Data   RO         1753    .rodata.str1.1      segger_rtt.o
    0x08005781   0x08005781   0x00000003   PAD
    0x08005784   0x08005784   0x00000020   Data   RO         2317    Region$$Table       anon$$obj.o
    0x080057a4   0x080057a4   0x00000110   Data   RO         1921    locale$$data        c_w.l(lc_ctype_c.o)
    0x080058b4   0x080058b4   0x0000001c   Data   RO         2209    locale$$data        c_w.l(lc_numeric_c.o)
    0x080058d0   0x080058d0   0x00000004   Data   RO           38    .init_array         main.o
    0x080058d4   0x080058d0   0x00000000   Data   RO         1817    .init_array         c_w.l(init_aeabi.o)


    Execution Region RW_IRAM1 (Exec base: 0x20000000, Load base: 0x080058d8, Size: 0x000076f8, Max: 0x00020000, ABSOLUTE)

    Exec Addr    Load Addr    Size         Type   Attr      Idx    E Section Name        Object

    0x20000000   0x080058d8   0x00000004   Data   RW         1791    .data               c_w.l(stdio_streams.o)
    0x20000004   0x080058dc   0x00000004   Data   RW         1792    .data               c_w.l(stdio_streams.o)
    0x20000008   0x080058e0   0x00000004   Data   RW         1793    .data               c_w.l(stdio_streams.o)
    0x2000000c   0x080058e4   0x00000014   Data   RW          164    .data.FIFO_Data     fifo.o
    0x20000020   0x080058f8   0x00000004   Data   RW          299    .data.SystemCoreClock  system_n32g4fr.o
    0x20000024   0x080058fc   0x00000004   PAD
    0x20000028        -       0x00000054   Zero   RW         1788    .bss                c_w.l(stdio_streams.o)
    0x2000007c        -       0x00000054   Zero   RW         1789    .bss                c_w.l(stdio_streams.o)
    0x200000d0        -       0x00000054   Zero   RW         1790    .bss                c_w.l(stdio_streams.o)
    0x20000124        -       0x00000060   Zero   RW         1995    .bss                c_w.l(libspace.o)
    0x20000184        -       0x00001f40   Zero   RW          163    .bss.FIFO_DataBuffer  fifo.o
    0x200020c4        -       0x00000040   Zero   RW         1667    .bss.HardFaultRegs  segger_hardfaulthandler.o
    0x20002104        -       0x00000004   Zero   RW         1668    .bss._Continue      segger_hardfaulthandler.o
    0x20002108        -       0x000000a8   Zero   RW         1750    .bss._SEGGER_RTT    segger_rtt.o
    0x200021b0        -       0x00000010   Zero   RW         1755    .bss._acDownBuffer  segger_rtt.o
    0x200021c0        -       0x00000400   Zero   RW         1754    .bss._acUpBuffer    segger_rtt.o
    0x200025c0        -       0x00000030   Zero   RW           37    .bss.hardware_n32_ch2840adx  main.o
    0x200025f0        -       0x00000004   Zero   RW           16    .bss.key_flag       app.o
    0x200025f4        -       0x00000001   Zero   RW           13    .bss.next_state     app.o
    0x200025f5        -       0x00004000   Zero   RW           36    .bss.segger_cb      main.o
    0x200065f5        -       0x00000001   Zero   RW           12    .bss.state          app.o
    0x200065f6   0x080058fc   0x00000002   PAD
    0x200065f8        -       0x00000100   Zero   RW          308    HEAP                startup_n32g4fr.o
    0x200066f8        -       0x00001000   Zero   RW          307    STACK               startup_n32g4fr.o


==============================================================================

Image component sizes


      Code (inc. data)   RO Data    RW Data    ZI Data      Debug   Object Name

       858          0          0          0          0      15745   adc.o
       234          4         11          0          6       1548   app.o
        52          0          0          0          0       1967   bsp.o
       266          0         69          0          0      10493   clk.o
       322          0          0          0          0      11671   do.o
       168          0          0         20       8000       2370   fifo.o
        18          0          0          0          0        304   hardfaulthandler.o
       228          0          0          0          0      11287   hardware.o
       130          0          4          0      16432      11942   main.o
       198          0          0          0          0       2901   misc.o
       882          0          0          0          0      10169   n32g4fr_adc.o
       734          0          0          0          0       3896   n32g4fr_dma.o
       390          0          0          0          0       6239   n32g4fr_gpio.o
        88          0         19          0          0       1750   n32g4fr_it.o
       792          0         64          0          0       8685   n32g4fr_rcc.o
      1486          0          0          0          0      23631   n32g4fr_tim.o
       766          0          0          0          0       6783   n32g4fr_usart.o
         0          0         40          0          0       4880   nr_micro_shell.o
       156          0        146          0          0      10060   rtt.o
       276          0          0          0         68       2686   segger_hardfaulthandler.o
      1006          0         20          0       1208      13103   segger_rtt.o
      1876         14         16          0          0       3796   segger_rtt_printf.o
        64         26        408          0       4352        852   startup_n32g4fr.o
       532          0          0          4          0       2899   system_n32g4fr.o
       244          0          0          0          0      13519   uart.o

    ----------------------------------------------------------------------
     11832         44        832         24      30072     183176   Object Totals
         0          0         32          0          0          0   (incl. Generated)
        66          0          3          0          6          0   (incl. Padding)

    ----------------------------------------------------------------------

      Code (inc. data)   RO Data    RW Data    ZI Data      Debug   Library Member Name

         8          0          0          0          0         68   __main.o
       392          4         17          0          0         92   __printf_flags_ss_wp.o
        14          0          0          0          0         68   __printf_wp.o
         0          0          0          0          0          0   __rtentry.o
        12          0          0          0          0          0   __rtentry2.o
         6          0          0          0          0          0   __rtentry4.o
        52          8          0          0          0          0   __scatter.o
        26          0          0          0          0          0   __scatter_copy.o
        28          0          0          0          0          0   __scatter_zi.o
        72          0          0          0          0         96   _c16rtomb.o
         6          0          0          0          0          0   _printf_a.o
         6          0          0          0          0          0   _printf_c.o
        44          0          0          0          0        108   _printf_char.o
        48          6          0          0          0         96   _printf_char_common.o
        36          4          0          0          0         80   _printf_char_file.o
        40          0          0          0          0         68   _printf_charcount.o
         6          0          0          0          0          0   _printf_d.o
       120         16          0          0          0         92   _printf_dec.o
         6          0          0          0          0          0   _printf_e.o
         6          0          0          0          0          0   _printf_f.o
      1052          0          0          0          0        148   _printf_fp_dec.o
       764          8         38          0          0        100   _printf_fp_hex.o
       128         16          0          0          0         84   _printf_fp_infnan.o
         6          0          0          0          0          0   _printf_g.o
       148          4         40          0          0        160   _printf_hex_int_ll_ptr.o
         6          0          0          0          0          0   _printf_i.o
       178          0          0          0          0         88   _printf_intcommon.o
        10          0          0          0          0          0   _printf_l.o
         6          0          0          0          0          0   _printf_lc.o
        10          0          0          0          0          0   _printf_ll.o
         6          0          0          0          0          0   _printf_lld.o
         6          0          0          0          0          0   _printf_lli.o
         6          0          0          0          0          0   _printf_llo.o
         6          0          0          0          0          0   _printf_llu.o
         6          0          0          0          0          0   _printf_llx.o
       124         16          0          0          0         92   _printf_longlong_dec.o
         6          0          0          0          0          0   _printf_ls.o
         6          0          0          0          0          0   _printf_n.o
         6          0          0          0          0          0   _printf_o.o
       112          8          0          0          0        124   _printf_oct_int_ll.o
         6          0          0          0          0          0   _printf_p.o
        78          0          0          0          0        108   _printf_pad.o
         0          0          0          0          0          0   _printf_percent.o
         4          0          0          0          0          0   _printf_percent_end.o
         6          0          0          0          0          0   _printf_s.o
        82          0          0          0          0         80   _printf_str.o
        36          0          0          0          0         84   _printf_truncate.o
         6          0          0          0          0          0   _printf_u.o
        44          0          0          0          0        108   _printf_wchar.o
       188          6          8          0          0         92   _printf_wctomb.o
         6          0          0          0          0          0   _printf_x.o
        46          0          0          0          0         84   aeabi_atexit.o
       228          4        148          0          0         96   bigflt0.o
      1936        128          0          0          0        668   btod.o
        10          0          0          0          0         68   cxa_atexit.o
        66          0          0          0          0         84   cxa_finalize.o
        10          0          0          0          0         68   defsig_exit.o
        50          0          0          0          0         88   defsig_general.o
        80         58          0          0          0         76   defsig_rtmem_inner.o
        14          0          0          0          0         80   defsig_rtmem_outer.o
        52         38          0          0          0         76   defsig_rtred_inner.o
        14          0          0          0          0         80   defsig_rtred_outer.o
        18          0          0          0          0         80   exit.o
        76          0          0          0          0         88   fclose.o
         8          0          0          0          0         68   ferror.o
       240          6          0          0          0        128   fopen.o
       248          6          0          0          0         84   fseek.o
        66          0          0          0          0         76   ftell.o
        94          0          0          0          0         80   h1_alloc.o
        52          0          0          0          0         68   h1_extend.o
        78          0          0          0          0         80   h1_free.o
        14          0          0          0          0         84   h1_init.o
         6          0          0          0          0        152   heapauxi.o
         4          0          0          0          0        136   hguard.o
         0          0          0          0          0          0   indicate_semi.o
        36          8          0          0          0         80   init_aeabi.o
       138          0          0          0          0        168   init_alloc.o
       312         46          0          0          0        112   initio.o
        44         10        272          0          0         76   lc_ctype_c.o
        44         10         28          0          0         76   lc_numeric_c.o
         2          0          0          0          0          0   libinit.o
        50          0          0          0          0          0   libinit2.o
         2          0          0          0          0          0   libshutdown.o
        12          0          0          0          0          0   libshutdown2.o
         8          4          0          0         96         68   libspace.o
       138          0          0          0          0         80   lludiv10.o
         0          0          0          0          0          0   maybetermalloc1.o
        24          4          0          0          0         84   printf.o
        16          4          0          0          0         76   rt_ctype_table.o
         8          4          0          0          0         68   rt_ddtor_pointer_addr_intlibspace.o
         8          4          0          0          0         68   rt_errno_addr_intlibspace.o
         8          4          0          0          0         68   rt_heap_descriptor_intlibspace.o
         8          4          0          0          0         68   rt_locale_intlibspace.o
        68          0          0          0          0         68   rt_memclr.o
        78          0          0          0          0         80   rt_memclr_w.o
       138          0          0          0          0         68   rt_memcpy_v6.o
       100          0          0          0          0         80   rt_memcpy_w.o
         2          0          0          0          0          0   rtexit.o
        10          0          0          0          0          0   rtexit2.o
        70          0          0          0          0         80   setvbuf.o
       240          6          0          0          0        156   stdio.o
         0          0          0         12        252          0   stdio_streams.o
       124          0          0          0          0         88   strcmpv7em.o
        72          0          0          0          0         80   strcpy.o
        62          0          0          0          0         76   strlen.o
        12          4          0          0          0         68   sys_exit.o
       102          0          0          0          0        240   sys_io.o
         0          0         12          0          0          0   sys_io_names.o
        74          0          0          0          0         80   sys_stackheap_outer.o
        14          0          0          0          0         76   sys_wrch.o
         2          0          0          0          0         68   use_no_semi.o
        26          0          0          0          0        116   fpinit.o
         4          0          0          0          0        116   printf1.o
         4          0          0          0          0        116   printf2.o
         0          0          0          0          0          0   usenofp.o
        48          0          0          0          0        124   fpclassify.o

    ----------------------------------------------------------------------
      9512        448        564         12        348       7500   Library Totals
        18          0          1          0          0          0   (incl. Padding)

    ----------------------------------------------------------------------

      Code (inc. data)   RO Data    RW Data    ZI Data      Debug   Library Name

      9412        448        563         12        348       7028   c_w.l
        34          0          0          0          0        348   fz_wm.l
        48          0          0          0          0        124   m_wm.l

    ----------------------------------------------------------------------
      9512        448        564         12        348       7500   Library Totals

    ----------------------------------------------------------------------

==============================================================================


      Code (inc. data)   RO Data    RW Data    ZI Data      Debug   

     21344        492       1396         36      30420     186156   Grand Totals
     21344        492       1396         36      30420     186156   ELF Image Totals
     21344        492       1396         36          0          0   ROM Totals

==============================================================================

    Total RO  Size (Code + RO Data)                22740 (  22.21kB)
    Total RW  Size (RW Data + ZI Data)             30456 (  29.74kB)
    Total ROM Size (Code + RO Data + RW Data)      22776 (  22.24kB)

==============================================================================

