Component: ARM Compiler 6.16 Tool: armlink [5dfeaa00]

==============================================================================

Image Symbol Table

    Local Symbols

    Symbol Name                              Value     Ov Type        Size  Object(Section)

    ../clib/../cmprslib/zerorunl.c           0x00000000   Number         0  __dczerorl.o ABSOLUTE
    ../clib/division.s                       0x00000000   Number         0  aeabi_sdiv.o ABSOLUTE
    ../clib/microlib/ctype/ctype.c           0x00000000   Number         0  ctype_o.o ABSOLUTE
    ../clib/microlib/ctype/ctype.c           0x00000000   Number         0  isalnum_o.o ABSOLUTE
    ../clib/microlib/ctype/ctype.c           0x00000000   Number         0  isalpha_o.o ABSOLUTE
    ../clib/microlib/ctype/ctype.c           0x00000000   Number         0  isblank_o.o ABSOLUTE
    ../clib/microlib/ctype/ctype.c           0x00000000   Number         0  iscntrl_o.o ABSOLUTE
    ../clib/microlib/ctype/ctype.c           0x00000000   Number         0  isdigit_o.o ABSOLUTE
    ../clib/microlib/ctype/ctype.c           0x00000000   Number         0  isgraph_o.o ABSOLUTE
    ../clib/microlib/ctype/ctype.c           0x00000000   Number         0  islower_o.o ABSOLUTE
    ../clib/microlib/ctype/ctype.c           0x00000000   Number         0  isprint_o.o ABSOLUTE
    ../clib/microlib/ctype/ctype.c           0x00000000   Number         0  ispunct_o.o ABSOLUTE
    ../clib/microlib/ctype/ctype.c           0x00000000   Number         0  isspace_o.o ABSOLUTE
    ../clib/microlib/ctype/ctype.c           0x00000000   Number         0  isupper_o.o ABSOLUTE
    ../clib/microlib/ctype/ctype.c           0x00000000   Number         0  isxdigit_o.o ABSOLUTE
    ../clib/microlib/division.c              0x00000000   Number         0  uidiv.o ABSOLUTE
    ../clib/microlib/division.c              0x00000000   Number         0  uldiv.o ABSOLUTE
    ../clib/microlib/init/entry.s            0x00000000   Number         0  entry.o ABSOLUTE
    ../clib/microlib/init/entry.s            0x00000000   Number         0  entry2.o ABSOLUTE
    ../clib/microlib/init/entry.s            0x00000000   Number         0  entry5.o ABSOLUTE
    ../clib/microlib/init/entry.s            0x00000000   Number         0  entry7a.o ABSOLUTE
    ../clib/microlib/init/entry.s            0x00000000   Number         0  entry7b.o ABSOLUTE
    ../clib/microlib/init/entry.s            0x00000000   Number         0  entry8a.o ABSOLUTE
    ../clib/microlib/init/entry.s            0x00000000   Number         0  entry8b.o ABSOLUTE
    ../clib/microlib/init/entry.s            0x00000000   Number         0  entry9a.o ABSOLUTE
    ../clib/microlib/init/entry.s            0x00000000   Number         0  entry9b.o ABSOLUTE
    ../clib/microlib/init/entry.s            0x00000000   Number         0  entry10a.o ABSOLUTE
    ../clib/microlib/init/entry.s            0x00000000   Number         0  entry10b.o ABSOLUTE
    ../clib/microlib/init/entry.s            0x00000000   Number         0  entry11a.o ABSOLUTE
    ../clib/microlib/init/entry.s            0x00000000   Number         0  entry11b.o ABSOLUTE
    ../clib/microlib/longlong.c              0x00000000   Number         0  llshl.o ABSOLUTE
    ../clib/microlib/longlong.c              0x00000000   Number         0  llushr.o ABSOLUTE
    ../clib/microlib/longlong.c              0x00000000   Number         0  llsshr.o ABSOLUTE
    ../clib/microlib/printf/printf.c         0x00000000   Number         0  printfb.o ABSOLUTE
    ../clib/microlib/printf/printf.c         0x00000000   Number         0  printf0.o ABSOLUTE
    ../clib/microlib/printf/printf.c         0x00000000   Number         0  printf1.o ABSOLUTE
    ../clib/microlib/printf/printf.c         0x00000000   Number         0  printf2.o ABSOLUTE
    ../clib/microlib/printf/printf.c         0x00000000   Number         0  printf3.o ABSOLUTE
    ../clib/microlib/printf/printf.c         0x00000000   Number         0  printf4.o ABSOLUTE
    ../clib/microlib/printf/printf.c         0x00000000   Number         0  printf5.o ABSOLUTE
    ../clib/microlib/printf/printf.c         0x00000000   Number         0  printf6.o ABSOLUTE
    ../clib/microlib/printf/printf.c         0x00000000   Number         0  printf7.o ABSOLUTE
    ../clib/microlib/printf/printf.c         0x00000000   Number         0  printf8.o ABSOLUTE
    ../clib/microlib/printf/printf.c         0x00000000   Number         0  printfa.o ABSOLUTE
    ../clib/microlib/printf/stubs.s          0x00000000   Number         0  printfstubs.o ABSOLUTE
    ../clib/microlib/stdio/fputs.c           0x00000000   Number         0  fputs.o ABSOLUTE
    ../clib/microlib/stdio/fputs.c           0x00000000   Number         0  fputs_e.o ABSOLUTE
    ../clib/microlib/stdio/fwrite.c          0x00000000   Number         0  fwrite.o ABSOLUTE
    ../clib/microlib/stdio/fwrite.c          0x00000000   Number         0  fwrite_e.o ABSOLUTE
    ../clib/microlib/stdio/putc.c            0x00000000   Number         0  putc.o ABSOLUTE
    ../clib/microlib/stdio/puts.c            0x00000000   Number         0  puts.o ABSOLUTE
    ../clib/microlib/stdio/puts.c            0x00000000   Number         0  puts_e.o ABSOLUTE
    ../clib/microlib/stdio/streams.c         0x00000000   Number         0  stdout.o ABSOLUTE
    ../clib/microlib/stdio/streams.c         0x00000000   Number         0  stderr.o ABSOLUTE
    ../clib/microlib/string/memcpy.c         0x00000000   Number         0  memcpya.o ABSOLUTE
    ../clib/microlib/string/memcpy.c         0x00000000   Number         0  memcpyb.o ABSOLUTE
    ../clib/microlib/string/memset.c         0x00000000   Number         0  memseta.o ABSOLUTE
    ../clib/microlib/string/strcmp.c         0x00000000   Number         0  strcmp.o ABSOLUTE
    ../clib/microlib/string/strcpy.c         0x00000000   Number         0  strcpy.o ABSOLUTE
    ../clib/microlib/string/strlen.c         0x00000000   Number         0  strlen.o ABSOLUTE
    ../clib/microlib/string/strstr.c         0x00000000   Number         0  strstr.o ABSOLUTE
    ../clib/microlib/stubs.s                 0x00000000   Number         0  iusefp.o ABSOLUTE
    ../common/startup_pt32z192.s             0x00000000   Number         0  startup_pt32z192.o ABSOLUTE
    ../fplib/microlib/fpadd.c                0x00000000   Number         0  dadd.o ABSOLUTE
    ../fplib/microlib/fpdiv.c                0x00000000   Number         0  ddiv.o ABSOLUTE
    ../fplib/microlib/fpepilogue.c           0x00000000   Number         0  depilogue.o ABSOLUTE
    ../fplib/microlib/fpfix.c                0x00000000   Number         0  dfixul.o ABSOLUTE
    ../fplib/microlib/fpmul.c                0x00000000   Number         0  dmul.o ABSOLUTE
    ..\application\HardFaultHandlerMDK\HardFaultHandler.S 0x00000000   Number         0  hardfaulthandler.o ABSOLUTE
    EventRecorder.c                          0x00000000   Number         0  eventrecorder.o ABSOLUTE
    SEGGER_HardFaultHandler.c                0x00000000   Number         0  segger_hardfaulthandler.o ABSOLUTE
    SEGGER_RTT.c                             0x00000000   Number         0  segger_rtt.o ABSOLUTE
    SEGGER_RTT_printf.c                      0x00000000   Number         0  segger_rtt_printf.o ABSOLUTE
    ansi.c                                   0x00000000   Number         0  ansi.o ABSOLUTE
    ansi_port.c                              0x00000000   Number         0  ansi_port.o ABSOLUTE
    app.c                                    0x00000000   Number         0  app.o ABSOLUTE
    bsp.c                                    0x00000000   Number         0  bsp.o ABSOLUTE
    cdrcmple.s                               0x00000000   Number         0  cdrcmple.o ABSOLUTE
    dc.s                                     0x00000000   Number         0  dc.o ABSOLUTE
    fifo.c                                   0x00000000   Number         0  fifo.o ABSOLUTE
    handlers.s                               0x00000000   Number         0  handlers.o ABSOLUTE
    init.s                                   0x00000000   Number         0  init.o ABSOLUTE
    main.c                                   0x00000000   Number         0  main.o ABSOLUTE
    nr_micro_shell.c                         0x00000000   Number         0  nr_micro_shell.o ABSOLUTE
    nr_micro_shell_commands.c                0x00000000   Number         0  nr_micro_shell_commands.o ABSOLUTE
    pt32z192xx_adc.c                         0x00000000   Number         0  pt32z192xx_adc.o ABSOLUTE
    pt32z192xx_dma.c                         0x00000000   Number         0  pt32z192xx_dma.o ABSOLUTE
    pt32z192xx_dsp.c                         0x00000000   Number         0  pt32z192xx_dsp.o ABSOLUTE
    pt32z192xx_gpio.c                        0x00000000   Number         0  pt32z192xx_gpio.o ABSOLUTE
    pt32z192xx_i2c.c                         0x00000000   Number         0  pt32z192xx_i2c.o ABSOLUTE
    pt32z192xx_it.c                          0x00000000   Number         0  pt32z192xx_it.o ABSOLUTE
    pt32z192xx_misc.c                        0x00000000   Number         0  pt32z192xx_misc.o ABSOLUTE
    pt32z192xx_pwm.c                         0x00000000   Number         0  pt32z192xx_pwm.o ABSOLUTE
    pt32z192xx_qspi.c                        0x00000000   Number         0  pt32z192xx_qspi.o ABSOLUTE
    pt32z192xx_retarget.c                    0x00000000   Number         0  pt32z192xx_retarget.o ABSOLUTE
    pt32z192xx_serial.c                      0x00000000   Number         0  pt32z192xx_serial.o ABSOLUTE
    pt32z192xx_spi.c                         0x00000000   Number         0  pt32z192xx_spi.o ABSOLUTE
    pt32z192xx_sys.c                         0x00000000   Number         0  pt32z192xx_sys.o ABSOLUTE
    pt32z192xx_tim.c                         0x00000000   Number         0  pt32z192xx_tim.o ABSOLUTE
    pt32z192xx_uart.c                        0x00000000   Number         0  pt32z192xx_uart.o ABSOLUTE
    pt32z192xx_wdg.c                         0x00000000   Number         0  pt32z192xx_wdg.o ABSOLUTE
    retarget_io.c                            0x00000000   Number         0  retarget_io.o ABSOLUTE
    system_pt32z192xx.c                      0x00000000   Number         0  system_pt32z192xx.o ABSOLUTE
    RESET                                    0x00000000   Section      304  startup_pt32z192.o(RESET)
    .ARM.Collect$$$$00000000                 0x00000130   Section        0  entry.o(.ARM.Collect$$$$00000000)
    .ARM.Collect$$$$00000001                 0x00000130   Section        4  entry2.o(.ARM.Collect$$$$00000001)
    .ARM.Collect$$$$00000004                 0x00000134   Section        4  entry5.o(.ARM.Collect$$$$00000004)
    .ARM.Collect$$$$00000008                 0x00000138   Section        0  entry7b.o(.ARM.Collect$$$$00000008)
    .ARM.Collect$$$$0000000A                 0x00000138   Section        0  entry8b.o(.ARM.Collect$$$$0000000A)
    .ARM.Collect$$$$0000000B                 0x00000138   Section        8  entry9a.o(.ARM.Collect$$$$0000000B)
    __lit__00000000                          0x00000140   Data           4  entry2.o(.ARM.Collect$$$$00002712)
    .ARM.Collect$$$$0000000D                 0x00000140   Section        0  entry10a.o(.ARM.Collect$$$$0000000D)
    .ARM.Collect$$$$0000000F                 0x00000140   Section        0  entry11a.o(.ARM.Collect$$$$0000000F)
    .ARM.Collect$$$$00002712                 0x00000140   Section        4  entry2.o(.ARM.Collect$$$$00002712)
    .text                                    0x00000144   Section       52  startup_pt32z192.o(.text)
    .text                                    0x00000178   Section        0  ctype_o.o(.text)
    .text                                    0x00000180   Section        0  memcpya.o(.text)
    .text                                    0x000001a4   Section        0  memseta.o(.text)
    .text                                    0x000001c8   Section        0  strstr.o(.text)
    .text                                    0x000001ec   Section        0  strlen.o(.text)
    .text                                    0x000001fa   Section        0  strcmp.o(.text)
    .text                                    0x00000216   Section        0  strcpy.o(.text)
    .text                                    0x00000228   Section        0  uidiv.o(.text)
    .text                                    0x00000254   Section       36  init.o(.text)
    .text                                    0x00000278   Section        0  __dczerorl.o(.text)
    [Anonymous Symbol]                       0x000002b4   Section        0  pt32z192xx_adc.o(.text.ADC_ChannelConfig)
    [Anonymous Symbol]                       0x000002d0   Section        0  pt32z192xx_adc.o(.text.ADC_Cmd)
    [Anonymous Symbol]                       0x000002e0   Section        0  pt32z192xx_it.o(.text.ADC_Handler)
    [Anonymous Symbol]                       0x000002e4   Section        0  pt32z192xx_adc.o(.text.ADC_Init)
    [Anonymous Symbol]                       0x0000031c   Section        0  pt32z192xx_adc.o(.text.ADC_StartOfConversion)
    [Anonymous Symbol]                       0x00000328   Section        0  pt32z192xx_dma.o(.text.DMA_AutoRepeat_Cmd)
    [Anonymous Symbol]                       0x0000034c   Section        0  pt32z192xx_dma.o(.text.DMA_Cmd)
    [Anonymous Symbol]                       0x00000370   Section        0  pt32z192xx_dma.o(.text.DMA_Config)
    [Anonymous Symbol]                       0x000003b4   Section        0  pt32z192xx_dma.o(.text.DMA_DirectionConfig)
    [Anonymous Symbol]                       0x000003d0   Section        0  pt32z192xx_it.o(.text.DMA_Handler)
    [Anonymous Symbol]                       0x000003d4   Section        0  pt32z192xx_dma.o(.text.DMA_PeripheralConfig)
    [Anonymous Symbol]                       0x00000400   Section        0  pt32z192xx_it.o(.text.FLASH_Handler)
    [Anonymous Symbol]                       0x00000404   Section        0  pt32z192xx_gpio.o(.text.GPIO_ClearITPendingBit)
    [Anonymous Symbol]                       0x00000408   Section        0  pt32z192xx_gpio.o(.text.GPIO_ITConfig)
    [Anonymous Symbol]                       0x00000414   Section        0  pt32z192xx_gpio.o(.text.GPIO_Init)
    [Anonymous Symbol]                       0x00000478   Section        0  pt32z192xx_gpio.o(.text.GPIO_PinAFConfig)
    [Anonymous Symbol]                       0x00000488   Section        0  pt32z192xx_gpio.o(.text.GPIO_SetBits)
    [Anonymous Symbol]                       0x00000490   Section        0  pt32z192xx_gpio.o(.text.GPIO_TriTypeConfig)
    [Anonymous Symbol]                       0x000004c4   Section        0  segger_hardfaulthandler.o(.text.HardFaultHandler)
    [Anonymous Symbol]                       0x0000056c   Section        0  pt32z192xx_it.o(.text.NMI_Handler)
    [Anonymous Symbol]                       0x00000570   Section        0  pt32z192xx_misc.o(.text.NVIC_Init)
    [Anonymous Symbol]                       0x000005dc   Section        0  pt32z192xx_it.o(.text.PA_Handler)
    [Anonymous Symbol]                       0x000005e0   Section        0  pt32z192xx_it.o(.text.PB_Handler)
    [Anonymous Symbol]                       0x000005e4   Section        0  pt32z192xx_it.o(.text.PC_Handler)
    [Anonymous Symbol]                       0x00000634   Section        0  pt32z192xx_it.o(.text.PD_Handler)
    [Anonymous Symbol]                       0x00000638   Section        0  pt32z192xx_pwm.o(.text.PMW_TimeBaseInit)
    [Anonymous Symbol]                       0x00000654   Section        0  pt32z192xx_pwm.o(.text.PWM_BKI_LevelConfig)
    [Anonymous Symbol]                       0x00000660   Section        0  pt32z192xx_pwm.o(.text.PWM_BreakInput_Cmd)
    [Anonymous Symbol]                       0x00000674   Section        0  pt32z192xx_pwm.o(.text.PWM_ClearFlag)
    [Anonymous Symbol]                       0x00000678   Section        0  pt32z192xx_pwm.o(.text.PWM_Cmd)
    [Anonymous Symbol]                       0x00000688   Section        0  pt32z192xx_pwm.o(.text.PWM_GetFlagStatus)
    [Anonymous Symbol]                       0x00000694   Section        0  pt32z192xx_pwm.o(.text.PWM_IntConfig)
    [Anonymous Symbol]                       0x00000708   Section        0  bsp.o(.text.PWM_Mode_Config)
    [Anonymous Symbol]                       0x000007e0   Section        0  pt32z192xx_pwm.o(.text.PWM_OutputInit)
    [Anonymous Symbol]                       0x00000848   Section        0  pt32z192xx_it.o(.text.PendSV_Handler)
    [Anonymous Symbol]                       0x0000084c   Section        0  pt32z192xx_it.o(.text.RTC_Handler)
    [Anonymous Symbol]                       0x00000850   Section        0  segger_rtt.o(.text.SEGGER_RTT_Init)
    [Anonymous Symbol]                       0x000008c0   Section        0  segger_rtt.o(.text.SEGGER_RTT_Write)
    [Anonymous Symbol]                       0x00000974   Section        0  segger_rtt.o(.text.SEGGER_RTT_WriteNoLock)
    [Anonymous Symbol]                       0x00000aec   Section        0  segger_rtt_printf.o(.text.SEGGER_RTT_printf)
    [Anonymous Symbol]                       0x00000b0c   Section        0  segger_rtt_printf.o(.text.SEGGER_RTT_vprintf)
    [Anonymous Symbol]                       0x000014f8   Section        0  pt32z192xx_serial.o(.text.SERIAL_PutChar)
    [Anonymous Symbol]                       0x00001520   Section        0  pt32z192xx_it.o(.text.SPI0_Handler)
    [Anonymous Symbol]                       0x00001524   Section        0  pt32z192xx_it.o(.text.SPI1_Handler)
    [Anonymous Symbol]                       0x00001528   Section        0  pt32z192xx_it.o(.text.SVC_Handler)
    [Anonymous Symbol]                       0x0000152c   Section        0  pt32z192xx_it.o(.text.SysTick_Handler)
    [Anonymous Symbol]                       0x00001550   Section        0  system_pt32z192xx.o(.text.SystemInit)
    [Anonymous Symbol]                       0x000016d0   Section        0  pt32z192xx_it.o(.text.TMR0_Handler)
    [Anonymous Symbol]                       0x000016f4   Section        0  pt32z192xx_it.o(.text.TMR1_Handler)
    [Anonymous Symbol]                       0x000016f8   Section        0  pt32z192xx_it.o(.text.TMR2_Handler)
    [Anonymous Symbol]                       0x000016fc   Section        0  pt32z192xx_it.o(.text.TMR3_Handler)
    [Anonymous Symbol]                       0x00001700   Section        0  pt32z192xx_it.o(.text.TMR4_Handler)
    [Anonymous Symbol]                       0x00001704   Section        0  pt32z192xx_it.o(.text.TMR5_Handler)
    [Anonymous Symbol]                       0x00001708   Section        0  pt32z192xx_it.o(.text.UART0_Handler)
    [Anonymous Symbol]                       0x0000170c   Section        0  pt32z192xx_it.o(.text.UART1_Handler)
    [Anonymous Symbol]                       0x00001710   Section        0  pt32z192xx_it.o(.text.UART2_Handler)
    [Anonymous Symbol]                       0x00001764   Section        0  pt32z192xx_uart.o(.text.UART_Cmd)
    [Anonymous Symbol]                       0x00001774   Section        0  pt32z192xx_uart.o(.text.UART_ITConfig)
    [Anonymous Symbol]                       0x00001784   Section        0  pt32z192xx_uart.o(.text.UART_Init)
    _PrintUnsigned                           0x00001821   Thumb Code   508  segger_rtt_printf.o(.text._PrintUnsigned)
    [Anonymous Symbol]                       0x00001820   Section        0  segger_rtt_printf.o(.text._PrintUnsigned)
    _PrintUnsigned._aV2C                     0x00001a1c   Number         0  segger_rtt_printf.o(.text._PrintUnsigned)
    [Anonymous Symbol]                       0x00001a2c   Section        0  nr_micro_shell.o(.text._shell_init)
    [Anonymous Symbol]                       0x00001b1c   Section        0  ansi.o(.text.ansi_clear_current_line)
    [Anonymous Symbol]                       0x00001b2c   Section        0  ansi.o(.text.ansi_get_char)
    [Anonymous Symbol]                       0x00001c60   Section        0  ansi.o(.text.ansi_init)
    [Anonymous Symbol]                       0x00001c74   Section        0  app.o(.text.app)
    [Anonymous Symbol]                       0x00001c88   Section        0  bsp.o(.text.bsp_init)
    [Anonymous Symbol]                       0x00001f04   Section        0  pt32z192xx_retarget.o(.text.fputc)
    [Anonymous Symbol]                       0x00001f10   Section        0  main.o(.text.main)
    [Anonymous Symbol]                       0x00001f54   Section        0  ansi_port.o(.text.nr_ansi_common_char_slover)
    [Anonymous Symbol]                       0x0000200c   Section        0  ansi_port.o(.text.nr_ansi_ctrl_common_slover)
    [Anonymous Symbol]                       0x00002040   Section        0  ansi_port.o(.text.nr_ansi_in__)
    [Anonymous Symbol]                       0x000020cc   Section        0  ansi_port.o(.text.nr_ansi_in_backspace)
    [Anonymous Symbol]                       0x0000214c   Section        0  ansi_port.o(.text.nr_ansi_in_down)
    [Anonymous Symbol]                       0x000021cc   Section        0  ansi_port.o(.text.nr_ansi_in_enter)
    [Anonymous Symbol]                       0x00002200   Section        0  ansi_port.o(.text.nr_ansi_in_left)
    [Anonymous Symbol]                       0x00002220   Section        0  ansi_port.o(.text.nr_ansi_in_newline)
    [Anonymous Symbol]                       0x00002244   Section        0  ansi_port.o(.text.nr_ansi_in_right)
    [Anonymous Symbol]                       0x00002268   Section        0  ansi_port.o(.text.nr_ansi_in_tab)
    [Anonymous Symbol]                       0x0000234c   Section        0  ansi_port.o(.text.nr_ansi_in_up)
    [Anonymous Symbol]                       0x000023c8   Section        0  bsp.o(.text.read_uid)
    [Anonymous Symbol]                       0x000024bc   Section        0  nr_micro_shell.o(.text.shell_cmd_complete)
    [Anonymous Symbol]                       0x00002520   Section        0  nr_micro_shell.o(.text.shell_his_copy_queue_item)
    [Anonymous Symbol]                       0x000026b4   Section        0  nr_micro_shell.o(.text.shell_his_queue_add_cmd)
    [Anonymous Symbol]                       0x0000275c   Section        0  nr_micro_shell.o(.text.shell_his_queue_search_cmd)
    [Anonymous Symbol]                       0x0000280c   Section        0  nr_micro_shell_commands.o(.text.shell_ls_cmd)
    [Anonymous Symbol]                       0x00002950   Section        0  nr_micro_shell.o(.text.shell_parser)
    [Anonymous Symbol]                       0x00002de8   Section        0  nr_micro_shell_commands.o(.text.shell_test_cmd)
    OSKERNEL                                 0x00002e34   Section       18  hardfaulthandler.o(OSKERNEL)
    i.__0printf$3                            0x00002e64   Section        0  printf3.o(i.__0printf$3)
    i.__scatterload_copy                     0x00002e84   Section       14  handlers.o(i.__scatterload_copy)
    i.__scatterload_null                     0x00002e92   Section        2  handlers.o(i.__scatterload_null)
    i.__scatterload_zeroinit                 0x00002e94   Section       14  handlers.o(i.__scatterload_zeroinit)
    _printf_core                             0x00002ea5   Thumb Code   436  printf3.o(i._printf_core)
    i._printf_core                           0x00002ea4   Section        0  printf3.o(i._printf_core)
    i.putc                                   0x0000305c   Section        0  putc.o(i.putc)
    i.puts                                   0x00003060   Section        0  puts.o(i.puts)
    .constdata                               0x00003084   Section      129  ctype_o.o(.constdata)
    table                                    0x00003108   Data           4  ctype_o.o(.constdata)
    .constdata                               0x00003108   Section        4  ctype_o.o(.constdata)
    __tagsym$$used.0                         0x00003184   Number         0  nr_micro_shell.o(.rodata.nr_shell_cmd0.end)
    __tagsym$$used.1                         0x00003198   Number         0  nr_micro_shell.o(.rodata.nr_shell_cmd1.end)
    .L.str.4                                 0x000031e8   Data          23  bsp.o(.rodata.str1.1)
    [Anonymous Symbol]                       0x000031e8   Section        0  bsp.o(.rodata.str1.1)
    .L.str.1                                 0x000031ff   Data          45  bsp.o(.rodata.str1.1)
    .L.str.9                                 0x0000322c   Data           6  bsp.o(.rodata.str1.1)
    .L.str.5                                 0x00003232   Data          12  bsp.o(.rodata.str1.1)
    .L.str.6                                 0x0000323e   Data           9  bsp.o(.rodata.str1.1)
    .L.str.3                                 0x00003247   Data           5  bsp.o(.rodata.str1.1)
    .L.str.2                                 0x0000324c   Data           8  bsp.o(.rodata.str1.1)
    .L.str                                   0x00003254   Data          17  main.o(.rodata.str1.1)
    [Anonymous Symbol]                       0x00003254   Section        0  main.o(.rodata.str1.1)
    .L.str                                   0x00003265   Data           9  segger_rtt.o(.rodata.str1.1)
    [Anonymous Symbol]                       0x00003265   Section        0  segger_rtt.o(.rodata.str1.1)
    .L.str.2                                 0x0000326e   Data           6  ansi_port.o(.rodata.str1.1)
    [Anonymous Symbol]                       0x0000326e   Section        0  ansi_port.o(.rodata.str1.1)
    .L.str.3                                 0x00003274   Data           4  ansi_port.o(.rodata.str1.1)
    .L.str.6                                 0x00003278   Data           3  ansi_port.o(.rodata.str1.1)
    .L.str.7                                 0x00003278   Data           3  ansi_port.o(.rodata.str1.1)
    .Lstr                                    0x0000327b   Data          64  nr_micro_shell.o(.rodata.str1.1)
    [Anonymous Symbol]                       0x0000327b   Section        0  nr_micro_shell.o(.rodata.str1.1)
    .Lstr.13                                 0x000032bb   Data          64  nr_micro_shell.o(.rodata.str1.1)
    .Lstr.12                                 0x000032fb   Data          64  nr_micro_shell.o(.rodata.str1.1)
    .Lstr.11                                 0x0000333b   Data          64  nr_micro_shell.o(.rodata.str1.1)
    .Lstr.8                                  0x00003379   Data           2  nr_micro_shell.o(.rodata.str1.1)
    .Lstr.15                                 0x0000337b   Data          17  nr_micro_shell_commands.o(.rodata.str1.1)
    [Anonymous Symbol]                       0x0000337b   Section        0  nr_micro_shell_commands.o(.rodata.str1.1)
    [Anonymous Symbol]                       0x20000000   Section        0  eventrecorder.o(.text.EventRecord2)
    EventRecordItem                          0x20000091   Thumb Code   680  eventrecorder.o(.text.EventRecordItem)
    [Anonymous Symbol]                       0x20000090   Section        0  eventrecorder.o(.text.EventRecordItem)
    [Anonymous Symbol]                       0x20000338   Section        0  eventrecorder.o(.text.EventRecorderInitialize)
    [Anonymous Symbol]                       0x20000da0   Section        0  eventrecorder.o(.text.EventRecorderStart)
    [Anonymous Symbol]                       0x20000e00   Section        0  eventrecorder.o(.text.EventRecorderTimerGetCount)
    [Anonymous Symbol]                       0x20000e0c   Section        0  eventrecorder.o(.text.EventRecorderTimerGetFreq)
    [Anonymous Symbol]                       0x20000e18   Section        0  eventrecorder.o(.text.EventRecorderTimerSetup)
    __tagsym$$used.0                         0x20000e50   Number         0  eventrecorder.o(.rodata.EventRecorderInfo)
    .data                                    0x20000e68   Section        4  stdout.o(.data)
    .L_MergedGlobals                         0x20000fc0   Data          17  segger_rtt.o(.bss..L_MergedGlobals)
    _ActiveTerminal                          0x20000fc0   Data           1  segger_rtt.o(.bss..L_MergedGlobals)
    [Anonymous Symbol]                       0x20000fc0   Section        0  segger_rtt.o(.bss..L_MergedGlobals)
    _acDownBuffer                            0x20000fc1   Data          16  segger_rtt.o(.bss..L_MergedGlobals)
    .L_MergedGlobals                         0x20000fd4   Data          68  segger_hardfaulthandler.o(.bss..L_MergedGlobals)
    _Continue                                0x20000fd4   Data           4  segger_hardfaulthandler.o(.bss..L_MergedGlobals)
    [Anonymous Symbol]                       0x20000fd4   Section        0  segger_hardfaulthandler.o(.bss..L_MergedGlobals)
    HardFaultRegs                            0x20000fd8   Data          64  segger_hardfaulthandler.o(.bss..L_MergedGlobals)
    _acUpBuffer                              0x200010c4   Data        1024  segger_rtt.o(.bss._acUpBuffer)
    [Anonymous Symbol]                       0x200010c4   Section        0  segger_rtt.o(.bss._acUpBuffer)
    EventBuffer                              0x20001500   Data        1024  eventrecorder.o(.bss.noinit)
    [Anonymous Symbol]                       0x20001500   Section        0  eventrecorder.o(.bss.noinit)
    EventFilter                              0x20001900   Data         128  eventrecorder.o(.bss.noinit)
    EventStatus                              0x20001980   Data          36  eventrecorder.o(.bss.noinit)
    nr_shell_strtok.last                     0x20001a28   Data           4  nr_micro_shell.o(.bss.nr_shell_strtok.last)
    [Anonymous Symbol]                       0x20001a28   Section        0  nr_micro_shell.o(.bss.nr_shell_strtok.last)
    STACK                                    0x20001a30   Section     4096  startup_pt32z192.o(STACK)

    Global Symbols

    Symbol Name                              Value     Ov Type        Size  Object(Section)

    BuildAttributes$$THM_ISAv4$P$D$K$B$S$PE$A:L22UL41UL21$X:L11$S22US41US21$IEEE1$IW$~IW$USESV6$~STKCKD$USESV7$~SHL$OTIME$ROPI$EBA8$MICROLIB$REQ8$PRES8$EABIv2 0x00000000   Number         0  anon$$obj.o ABSOLUTE
    __Vectors                                0x00000000   Data           4  startup_pt32z192.o(RESET)
    _printf_a                                0x00000000   Number         0  printfstubs.o ABSOLUTE
    _printf_c                                0x00000000   Number         0  printfstubs.o ABSOLUTE
    _printf_charcount                        0x00000000   Number         0  printfstubs.o ABSOLUTE
    _printf_d                                0x00000000   Number         0  printfstubs.o ABSOLUTE
    _printf_e                                0x00000000   Number         0  printfstubs.o ABSOLUTE
    _printf_f                                0x00000000   Number         0  printfstubs.o ABSOLUTE
    _printf_flags                            0x00000000   Number         0  printfstubs.o ABSOLUTE
    _printf_fp_dec                           0x00000000   Number         0  printfstubs.o ABSOLUTE
    _printf_fp_hex                           0x00000000   Number         0  printfstubs.o ABSOLUTE
    _printf_g                                0x00000000   Number         0  printfstubs.o ABSOLUTE
    _printf_i                                0x00000000   Number         0  printfstubs.o ABSOLUTE
    _printf_int_dec                          0x00000000   Number         0  printfstubs.o ABSOLUTE
    _printf_l                                0x00000000   Number         0  printfstubs.o ABSOLUTE
    _printf_lc                               0x00000000   Number         0  printfstubs.o ABSOLUTE
    _printf_ll                               0x00000000   Number         0  printfstubs.o ABSOLUTE
    _printf_lld                              0x00000000   Number         0  printfstubs.o ABSOLUTE
    _printf_lli                              0x00000000   Number         0  printfstubs.o ABSOLUTE
    _printf_llo                              0x00000000   Number         0  printfstubs.o ABSOLUTE
    _printf_llu                              0x00000000   Number         0  printfstubs.o ABSOLUTE
    _printf_llx                              0x00000000   Number         0  printfstubs.o ABSOLUTE
    _printf_longlong_dec                     0x00000000   Number         0  printfstubs.o ABSOLUTE
    _printf_longlong_hex                     0x00000000   Number         0  printfstubs.o ABSOLUTE
    _printf_longlong_oct                     0x00000000   Number         0  printfstubs.o ABSOLUTE
    _printf_ls                               0x00000000   Number         0  printfstubs.o ABSOLUTE
    _printf_mbtowc                           0x00000000   Number         0  printfstubs.o ABSOLUTE
    _printf_n                                0x00000000   Number         0  printfstubs.o ABSOLUTE
    _printf_o                                0x00000000   Number         0  printfstubs.o ABSOLUTE
    _printf_p                                0x00000000   Number         0  printfstubs.o ABSOLUTE
    _printf_percent                          0x00000000   Number         0  printfstubs.o ABSOLUTE
    _printf_pre_padding                      0x00000000   Number         0  printfstubs.o ABSOLUTE
    _printf_return_value                     0x00000000   Number         0  printfstubs.o ABSOLUTE
    _printf_s                                0x00000000   Number         0  printfstubs.o ABSOLUTE
    _printf_sizespec                         0x00000000   Number         0  printfstubs.o ABSOLUTE
    _printf_str                              0x00000000   Number         0  printfstubs.o ABSOLUTE
    _printf_truncate_signed                  0x00000000   Number         0  printfstubs.o ABSOLUTE
    _printf_truncate_unsigned                0x00000000   Number         0  printfstubs.o ABSOLUTE
    _printf_u                                0x00000000   Number         0  printfstubs.o ABSOLUTE
    _printf_wc                               0x00000000   Number         0  printfstubs.o ABSOLUTE
    _printf_wctomb                           0x00000000   Number         0  printfstubs.o ABSOLUTE
    _printf_widthprec                        0x00000000   Number         0  printfstubs.o ABSOLUTE
    _printf_x                                0x00000000   Number         0  printfstubs.o ABSOLUTE
    __cpp_initialize__aeabi_                  - Undefined Weak Reference
    __cxa_finalize                            - Undefined Weak Reference
    _clock_init                               - Undefined Weak Reference
    _microlib_exit                            - Undefined Weak Reference
    __Vectors_End                            0x00000130   Data           0  startup_pt32z192.o(RESET)
    __Vectors_Size                           0x00000130   Number         0  startup_pt32z192.o ABSOLUTE
    __main                                   0x00000131   Thumb Code     0  entry.o(.ARM.Collect$$$$00000000)
    _main_stk                                0x00000131   Thumb Code     0  entry2.o(.ARM.Collect$$$$00000001)
    _main_scatterload                        0x00000135   Thumb Code     0  entry5.o(.ARM.Collect$$$$00000004)
    __main_after_scatterload                 0x00000139   Thumb Code     0  entry5.o(.ARM.Collect$$$$00000004)
    _main_clock                              0x00000139   Thumb Code     0  entry7b.o(.ARM.Collect$$$$00000008)
    _main_cpp_init                           0x00000139   Thumb Code     0  entry8b.o(.ARM.Collect$$$$0000000A)
    _main_init                               0x00000139   Thumb Code     0  entry9a.o(.ARM.Collect$$$$0000000B)
    __rt_final_cpp                           0x00000141   Thumb Code     0  entry10a.o(.ARM.Collect$$$$0000000D)
    __rt_final_exit                          0x00000141   Thumb Code     0  entry11a.o(.ARM.Collect$$$$0000000F)
    Reset_Handler                            0x00000145   Thumb Code    14  startup_pt32z192.o(.text)
    MemManage_Handler                        0x00000157   Thumb Code     2  startup_pt32z192.o(.text)
    BusFault_Handler                         0x00000159   Thumb Code     2  startup_pt32z192.o(.text)
    UsageFault_Handler                       0x0000015b   Thumb Code     2  startup_pt32z192.o(.text)
    DebugMon_Handler                         0x0000015f   Thumb Code     2  startup_pt32z192.o(.text)
    AES_Handler                              0x00000165   Thumb Code     0  startup_pt32z192.o(.text)
    I2C_Handler                              0x00000165   Thumb Code     0  startup_pt32z192.o(.text)
    QSPI_Handler                             0x00000165   Thumb Code     0  startup_pt32z192.o(.text)
    RCC_Handler                              0x00000165   Thumb Code     0  startup_pt32z192.o(.text)
    USB11_Handler                            0x00000165   Thumb Code     0  startup_pt32z192.o(.text)
    WDG_Handler                              0x00000165   Thumb Code     0  startup_pt32z192.o(.text)
    __rt_ctype_table                         0x00000179   Thumb Code     4  ctype_o.o(.text)
    __aeabi_memcpy                           0x00000181   Thumb Code    36  memcpya.o(.text)
    __aeabi_memcpy4                          0x00000181   Thumb Code     0  memcpya.o(.text)
    __aeabi_memcpy8                          0x00000181   Thumb Code     0  memcpya.o(.text)
    __aeabi_memset                           0x000001a5   Thumb Code    14  memseta.o(.text)
    __aeabi_memset4                          0x000001a5   Thumb Code     0  memseta.o(.text)
    __aeabi_memset8                          0x000001a5   Thumb Code     0  memseta.o(.text)
    __aeabi_memclr                           0x000001b3   Thumb Code     4  memseta.o(.text)
    __aeabi_memclr4                          0x000001b3   Thumb Code     0  memseta.o(.text)
    __aeabi_memclr8                          0x000001b3   Thumb Code     0  memseta.o(.text)
    _memset$wrapper                          0x000001b7   Thumb Code    18  memseta.o(.text)
    strstr                                   0x000001c9   Thumb Code    36  strstr.o(.text)
    strlen                                   0x000001ed   Thumb Code    14  strlen.o(.text)
    strcmp                                   0x000001fb   Thumb Code    28  strcmp.o(.text)
    strcpy                                   0x00000217   Thumb Code    18  strcpy.o(.text)
    __aeabi_uidiv                            0x00000229   Thumb Code     0  uidiv.o(.text)
    __aeabi_uidivmod                         0x00000229   Thumb Code    44  uidiv.o(.text)
    __scatterload                            0x00000255   Thumb Code    28  init.o(.text)
    __scatterload_rt2                        0x00000255   Thumb Code     0  init.o(.text)
    __decompress                             0x00000279   Thumb Code     0  __dczerorl.o(.text)
    __decompress0                            0x00000279   Thumb Code    58  __dczerorl.o(.text)
    ADC_ChannelConfig                        0x000002b5   Thumb Code    26  pt32z192xx_adc.o(.text.ADC_ChannelConfig)
    ADC_Cmd                                  0x000002d1   Thumb Code    16  pt32z192xx_adc.o(.text.ADC_Cmd)
    ADC_Handler                              0x000002e1   Thumb Code     2  pt32z192xx_it.o(.text.ADC_Handler)
    ADC_Init                                 0x000002e5   Thumb Code    56  pt32z192xx_adc.o(.text.ADC_Init)
    ADC_StartOfConversion                    0x0000031d   Thumb Code    10  pt32z192xx_adc.o(.text.ADC_StartOfConversion)
    DMA_AutoRepeat_Cmd                       0x00000329   Thumb Code    36  pt32z192xx_dma.o(.text.DMA_AutoRepeat_Cmd)
    DMA_Cmd                                  0x0000034d   Thumb Code    34  pt32z192xx_dma.o(.text.DMA_Cmd)
    DMA_Config                               0x00000371   Thumb Code    66  pt32z192xx_dma.o(.text.DMA_Config)
    DMA_DirectionConfig                      0x000003b5   Thumb Code    26  pt32z192xx_dma.o(.text.DMA_DirectionConfig)
    DMA_Handler                              0x000003d1   Thumb Code     2  pt32z192xx_it.o(.text.DMA_Handler)
    DMA_PeripheralConfig                     0x000003d5   Thumb Code    42  pt32z192xx_dma.o(.text.DMA_PeripheralConfig)
    FLASH_Handler                            0x00000401   Thumb Code     2  pt32z192xx_it.o(.text.FLASH_Handler)
    GPIO_ClearITPendingBit                   0x00000405   Thumb Code     4  pt32z192xx_gpio.o(.text.GPIO_ClearITPendingBit)
    GPIO_ITConfig                            0x00000409   Thumb Code    12  pt32z192xx_gpio.o(.text.GPIO_ITConfig)
    GPIO_Init                                0x00000415   Thumb Code   100  pt32z192xx_gpio.o(.text.GPIO_Init)
    GPIO_PinAFConfig                         0x00000479   Thumb Code    14  pt32z192xx_gpio.o(.text.GPIO_PinAFConfig)
    GPIO_SetBits                             0x00000489   Thumb Code     8  pt32z192xx_gpio.o(.text.GPIO_SetBits)
    GPIO_TriTypeConfig                       0x00000491   Thumb Code    52  pt32z192xx_gpio.o(.text.GPIO_TriTypeConfig)
    HardFaultHandler                         0x000004c5   Thumb Code   168  segger_hardfaulthandler.o(.text.HardFaultHandler)
    NMI_Handler                              0x0000056d   Thumb Code     2  pt32z192xx_it.o(.text.NMI_Handler)
    NVIC_Init                                0x00000571   Thumb Code   108  pt32z192xx_misc.o(.text.NVIC_Init)
    PA_Handler                               0x000005dd   Thumb Code     2  pt32z192xx_it.o(.text.PA_Handler)
    PB_Handler                               0x000005e1   Thumb Code     2  pt32z192xx_it.o(.text.PB_Handler)
    PC_Handler                               0x000005e5   Thumb Code    52  pt32z192xx_it.o(.text.PC_Handler)
    PD_Handler                               0x00000635   Thumb Code     2  pt32z192xx_it.o(.text.PD_Handler)
    PMW_TimeBaseInit                         0x00000639   Thumb Code    26  pt32z192xx_pwm.o(.text.PMW_TimeBaseInit)
    PWM_BKI_LevelConfig                      0x00000655   Thumb Code    12  pt32z192xx_pwm.o(.text.PWM_BKI_LevelConfig)
    PWM_BreakInput_Cmd                       0x00000661   Thumb Code    18  pt32z192xx_pwm.o(.text.PWM_BreakInput_Cmd)
    PWM_ClearFlag                            0x00000675   Thumb Code     4  pt32z192xx_pwm.o(.text.PWM_ClearFlag)
    PWM_Cmd                                  0x00000679   Thumb Code    16  pt32z192xx_pwm.o(.text.PWM_Cmd)
    PWM_GetFlagStatus                        0x00000689   Thumb Code    10  pt32z192xx_pwm.o(.text.PWM_GetFlagStatus)
    PWM_IntConfig                            0x00000695   Thumb Code   116  pt32z192xx_pwm.o(.text.PWM_IntConfig)
    PWM_Mode_Config                          0x00000709   Thumb Code   214  bsp.o(.text.PWM_Mode_Config)
    PWM_OutputInit                           0x000007e1   Thumb Code   104  pt32z192xx_pwm.o(.text.PWM_OutputInit)
    PendSV_Handler                           0x00000849   Thumb Code     2  pt32z192xx_it.o(.text.PendSV_Handler)
    RTC_Handler                              0x0000084d   Thumb Code     2  pt32z192xx_it.o(.text.RTC_Handler)
    SEGGER_RTT_Init                          0x00000851   Thumb Code   112  segger_rtt.o(.text.SEGGER_RTT_Init)
    SEGGER_RTT_Write                         0x000008c1   Thumb Code   178  segger_rtt.o(.text.SEGGER_RTT_Write)
    SEGGER_RTT_WriteNoLock                   0x00000975   Thumb Code   376  segger_rtt.o(.text.SEGGER_RTT_WriteNoLock)
    SEGGER_RTT_printf                        0x00000aed   Thumb Code    30  segger_rtt_printf.o(.text.SEGGER_RTT_printf)
    SEGGER_RTT_vprintf                       0x00000b0d   Thumb Code  2538  segger_rtt_printf.o(.text.SEGGER_RTT_vprintf)
    SERIAL_PutChar                           0x000014f9   Thumb Code    40  pt32z192xx_serial.o(.text.SERIAL_PutChar)
    SPI0_Handler                             0x00001521   Thumb Code     2  pt32z192xx_it.o(.text.SPI0_Handler)
    SPI1_Handler                             0x00001525   Thumb Code     2  pt32z192xx_it.o(.text.SPI1_Handler)
    SVC_Handler                              0x00001529   Thumb Code     2  pt32z192xx_it.o(.text.SVC_Handler)
    SysTick_Handler                          0x0000152d   Thumb Code    34  pt32z192xx_it.o(.text.SysTick_Handler)
    SystemInit                               0x00001551   Thumb Code   384  system_pt32z192xx.o(.text.SystemInit)
    TMR0_Handler                             0x000016d1   Thumb Code    36  pt32z192xx_it.o(.text.TMR0_Handler)
    TMR1_Handler                             0x000016f5   Thumb Code     2  pt32z192xx_it.o(.text.TMR1_Handler)
    TMR2_Handler                             0x000016f9   Thumb Code     2  pt32z192xx_it.o(.text.TMR2_Handler)
    TMR3_Handler                             0x000016fd   Thumb Code     2  pt32z192xx_it.o(.text.TMR3_Handler)
    TMR4_Handler                             0x00001701   Thumb Code     2  pt32z192xx_it.o(.text.TMR4_Handler)
    TMR5_Handler                             0x00001705   Thumb Code     2  pt32z192xx_it.o(.text.TMR5_Handler)
    UART0_Handler                            0x00001709   Thumb Code     2  pt32z192xx_it.o(.text.UART0_Handler)
    UART1_Handler                            0x0000170d   Thumb Code     2  pt32z192xx_it.o(.text.UART1_Handler)
    UART2_Handler                            0x00001711   Thumb Code    68  pt32z192xx_it.o(.text.UART2_Handler)
    UART_Cmd                                 0x00001765   Thumb Code    16  pt32z192xx_uart.o(.text.UART_Cmd)
    UART_ITConfig                            0x00001775   Thumb Code    16  pt32z192xx_uart.o(.text.UART_ITConfig)
    UART_Init                                0x00001785   Thumb Code   154  pt32z192xx_uart.o(.text.UART_Init)
    _shell_init                              0x00001a2d   Thumb Code   104  nr_micro_shell.o(.text._shell_init)
    ansi_clear_current_line                  0x00001b1d   Thumb Code    14  ansi.o(.text.ansi_clear_current_line)
    ansi_get_char                            0x00001b2d   Thumb Code   306  ansi.o(.text.ansi_get_char)
    ansi_init                                0x00001c61   Thumb Code    18  ansi.o(.text.ansi_init)
    app                                      0x00001c75   Thumb Code    20  app.o(.text.app)
    bsp_init                                 0x00001c89   Thumb Code   576  bsp.o(.text.bsp_init)
    fputc                                    0x00001f05   Thumb Code    10  pt32z192xx_retarget.o(.text.fputc)
    main                                     0x00001f11   Thumb Code    66  main.o(.text.main)
    nr_ansi_common_char_slover               0x00001f55   Thumb Code   176  ansi_port.o(.text.nr_ansi_common_char_slover)
    nr_ansi_ctrl_common_slover               0x0000200d   Thumb Code    50  ansi_port.o(.text.nr_ansi_ctrl_common_slover)
    nr_ansi_in__                             0x00002041   Thumb Code   138  ansi_port.o(.text.nr_ansi_in__)
    nr_ansi_in_backspace                     0x000020cd   Thumb Code   120  ansi_port.o(.text.nr_ansi_in_backspace)
    nr_ansi_in_down                          0x0000214d   Thumb Code   126  ansi_port.o(.text.nr_ansi_in_down)
    nr_ansi_in_enter                         0x000021cd   Thumb Code    52  ansi_port.o(.text.nr_ansi_in_enter)
    nr_ansi_in_left                          0x00002201   Thumb Code    24  ansi_port.o(.text.nr_ansi_in_left)
    nr_ansi_in_newline                       0x00002221   Thumb Code    36  ansi_port.o(.text.nr_ansi_in_newline)
    nr_ansi_in_right                         0x00002245   Thumb Code    28  ansi_port.o(.text.nr_ansi_in_right)
    nr_ansi_in_tab                           0x00002269   Thumb Code   226  ansi_port.o(.text.nr_ansi_in_tab)
    nr_ansi_in_up                            0x0000234d   Thumb Code   124  ansi_port.o(.text.nr_ansi_in_up)
    read_uid                                 0x000023c9   Thumb Code   208  bsp.o(.text.read_uid)
    shell_cmd_complete                       0x000024bd   Thumb Code   100  nr_micro_shell.o(.text.shell_cmd_complete)
    shell_his_copy_queue_item                0x00002521   Thumb Code   402  nr_micro_shell.o(.text.shell_his_copy_queue_item)
    shell_his_queue_add_cmd                  0x000026b5   Thumb Code   168  nr_micro_shell.o(.text.shell_his_queue_add_cmd)
    shell_his_queue_search_cmd               0x0000275d   Thumb Code   174  nr_micro_shell.o(.text.shell_his_queue_search_cmd)
    shell_ls_cmd                             0x0000280d   Thumb Code   168  nr_micro_shell_commands.o(.text.shell_ls_cmd)
    shell_parser                             0x00002951   Thumb Code  1124  nr_micro_shell.o(.text.shell_parser)
    shell_test_cmd                           0x00002de9   Thumb Code    44  nr_micro_shell_commands.o(.text.shell_test_cmd)
    HardFault_Handler                        0x00002e35   Thumb Code     0  hardfaulthandler.o(OSKERNEL)
    Long Thumb to Thumb Veneer to EventRecorderInitialize 0x00002e47   Thumb Code    10  anon$$obj.o(Veneer$$Code)
    Long Thumb to Thumb Veneer to EventRecorderStart 0x00002e51   Thumb Code    10  anon$$obj.o(Veneer$$Code)
    Long Thumb to Thumb Veneer to EventRecord2 0x00002e5b   Thumb Code    10  anon$$obj.o(Veneer$$Code)
    __0printf$3                              0x00002e65   Thumb Code    22  printf3.o(i.__0printf$3)
    __1printf$3                              0x00002e65   Thumb Code     0  printf3.o(i.__0printf$3)
    __2printf                                0x00002e65   Thumb Code     0  printf3.o(i.__0printf$3)
    __scatterload_copy                       0x00002e85   Thumb Code    14  handlers.o(i.__scatterload_copy)
    __scatterload_null                       0x00002e93   Thumb Code     2  handlers.o(i.__scatterload_null)
    __scatterload_zeroinit                   0x00002e95   Thumb Code    14  handlers.o(i.__scatterload_zeroinit)
    putc                                     0x0000305d   Thumb Code     4  putc.o(i.putc)
    puts                                     0x00003061   Thumb Code    30  puts.o(i.puts)
    __ctype_table                            0x00003084   Data         129  ctype_o.o(.constdata)
    nr_ansi_in_cmd                           0x0000310c   Data          21  ansi.o(.rodata.nr_ansi_in_cmd)
    nr_ansi_in_cmd_fun                       0x00003124   Data          80  ansi.o(.rodata.nr_ansi_in_cmd_fun)
    nr_ansi_in_special_symbol_fun            0x00003174   Data          16  ansi.o(.rodata.nr_ansi_in_special_symbol_fun)
    _nr_cmd_start_                           0x00003184   Data          20  nr_micro_shell.o(.rodata.nr_shell_cmd0.end)
    _nr_cmd_end_                             0x00003198   Data          20  nr_micro_shell.o(.rodata.nr_shell_cmd1.end)
    static_cmd                               0x000031ac   Data          60  nr_micro_shell_commands.o(.rodata.static_cmd)
    Region$$Table$$Base                      0x0000338c   Number         0  anon$$obj.o(Region$$Table)
    Region$$Table$$Limit                     0x000033bc   Number         0  anon$$obj.o(Region$$Table)
    EventRecord2                             0x20000001   Thumb Code   144  eventrecorder.o(.text.EventRecord2)
    EventRecorderInitialize                  0x20000339   Thumb Code  2664  eventrecorder.o(.text.EventRecorderInitialize)
    EventRecorderStart                       0x20000da1   Thumb Code    94  eventrecorder.o(.text.EventRecorderStart)
    EventRecorderTimerGetCount               0x20000e01   Thumb Code    12  eventrecorder.o(.text.EventRecorderTimerGetCount)
    EventRecorderTimerGetFreq                0x20000e0d   Thumb Code    12  eventrecorder.o(.text.EventRecorderTimerGetFreq)
    EventRecorderTimerSetup                  0x20000e19   Thumb Code    36  eventrecorder.o(.text.EventRecorderTimerSetup)
    Long Thumb to Thumb Veneer to __aeabi_memclr4 0x20000e3d   Thumb Code    10  anon$$obj.o(Veneer$$Code)
    Long Thumb to Thumb Veneer to __aeabi_memclr8 0x20000e47   Thumb Code    10  anon$$obj.o(Veneer$$Code)
    EventRecorderInfo                        0x20000e50   Data          24  eventrecorder.o(.rodata.EventRecorderInfo)
    __stdout                                 0x20000e68   Data           4  stdout.o(.data)
    SystemCoreClock                          0x20000e6c   Data           4  system_pt32z192xx.o(.data.SystemCoreClock)
    VCO_VALUE                                0x20000e70   Data           4  system_pt32z192xx.o(.data.VCO_VALUE)
    nr_shell                                 0x20000e74   Data         308  nr_micro_shell.o(.data.nr_shell)
    TimingDelay                              0x20001018   Data           4  app.o(.bss.TimingDelay)
    _SEGGER_RTT                              0x2000101c   Data         168  segger_rtt.o(.bss._SEGGER_RTT)
    key_flag                                 0x200014c4   Data           4  app.o(.bss.key_flag)
    m_AdcValue                               0x200014c8   Data           2  bsp.o(.bss.m_AdcValue)
    nr_ansi                                  0x200019a4   Data         132  ansi.o(.bss.nr_ansi)
    timeval                                  0x20001a2c   Data           4  app.o(.bss.timeval)
    __initial_sp                             0x20002a30   Data           0  startup_pt32z192.o(STACK)



==============================================================================

Memory Map of the image

  Image Entry point : 0x00000131

  Load Region LR_IROM1 (Base: 0x00000000, Size: 0x00004380, Max: 0x00080000, ABSOLUTE, COMPRESSED[0x00004268])

    Execution Region ER_IROM1 (Exec base: 0x00000000, Load base: 0x00000000, Size: 0x000033bc, Max: 0x00080000, ABSOLUTE)

    Exec Addr    Load Addr    Size         Type   Attr      Idx    E Section Name        Object

    0x00000000   0x00000000   0x00000130   Data   RO          150    RESET               startup_pt32z192.o
    0x00000130   0x00000130   0x00000000   Code   RO         1076  * .ARM.Collect$$$$00000000  mc_w.l(entry.o)
    0x00000130   0x00000130   0x00000004   Code   RO         1398    .ARM.Collect$$$$00000001  mc_w.l(entry2.o)
    0x00000134   0x00000134   0x00000004   Code   RO         1401    .ARM.Collect$$$$00000004  mc_w.l(entry5.o)
    0x00000138   0x00000138   0x00000000   Code   RO         1403    .ARM.Collect$$$$00000008  mc_w.l(entry7b.o)
    0x00000138   0x00000138   0x00000000   Code   RO         1405    .ARM.Collect$$$$0000000A  mc_w.l(entry8b.o)
    0x00000138   0x00000138   0x00000008   Code   RO         1406    .ARM.Collect$$$$0000000B  mc_w.l(entry9a.o)
    0x00000140   0x00000140   0x00000000   Code   RO         1408    .ARM.Collect$$$$0000000D  mc_w.l(entry10a.o)
    0x00000140   0x00000140   0x00000000   Code   RO         1410    .ARM.Collect$$$$0000000F  mc_w.l(entry11a.o)
    0x00000140   0x00000140   0x00000004   Code   RO         1399    .ARM.Collect$$$$00002712  mc_w.l(entry2.o)
    0x00000144   0x00000144   0x00000034   Code   RO          151    .text               startup_pt32z192.o
    0x00000178   0x00000178   0x00000008   Code   RO         1095    .text               mc_w.l(ctype_o.o)
    0x00000180   0x00000180   0x00000024   Code   RO         1123    .text               mc_w.l(memcpya.o)
    0x000001a4   0x000001a4   0x00000024   Code   RO         1125    .text               mc_w.l(memseta.o)
    0x000001c8   0x000001c8   0x00000024   Code   RO         1127    .text               mc_w.l(strstr.o)
    0x000001ec   0x000001ec   0x0000000e   Code   RO         1129    .text               mc_w.l(strlen.o)
    0x000001fa   0x000001fa   0x0000001c   Code   RO         1131    .text               mc_w.l(strcmp.o)
    0x00000216   0x00000216   0x00000012   Code   RO         1133    .text               mc_w.l(strcpy.o)
    0x00000228   0x00000228   0x0000002c   Code   RO         1421    .text               mc_w.l(uidiv.o)
    0x00000254   0x00000254   0x00000024   Code   RO         1436    .text               mc_w.l(init.o)
    0x00000278   0x00000278   0x0000003a   Code   RO         1454    .text               mc_w.l(__dczerorl.o)
    0x000002b2   0x000002b2   0x00000002   PAD
    0x000002b4   0x000002b4   0x0000001a   Code   RO          166    .text.ADC_ChannelConfig  pt32z192xx_adc.o
    0x000002ce   0x000002ce   0x00000002   PAD
    0x000002d0   0x000002d0   0x00000010   Code   RO          162    .text.ADC_Cmd       pt32z192xx_adc.o
    0x000002e0   0x000002e0   0x00000002   Code   RO           90    .text.ADC_Handler   pt32z192xx_it.o
    0x000002e2   0x000002e2   0x00000002   PAD
    0x000002e4   0x000002e4   0x00000038   Code   RO          158    .text.ADC_Init      pt32z192xx_adc.o
    0x0000031c   0x0000031c   0x0000000a   Code   RO          172    .text.ADC_StartOfConversion  pt32z192xx_adc.o
    0x00000326   0x00000326   0x00000002   PAD
    0x00000328   0x00000328   0x00000024   Code   RO          761    .text.DMA_AutoRepeat_Cmd  pt32z192xx_dma.o
    0x0000034c   0x0000034c   0x00000022   Code   RO          755    .text.DMA_Cmd       pt32z192xx_dma.o
    0x0000036e   0x0000036e   0x00000002   PAD
    0x00000370   0x00000370   0x00000042   Code   RO          753    .text.DMA_Config    pt32z192xx_dma.o
    0x000003b2   0x000003b2   0x00000002   PAD
    0x000003b4   0x000003b4   0x0000001a   Code   RO          759    .text.DMA_DirectionConfig  pt32z192xx_dma.o
    0x000003ce   0x000003ce   0x00000002   PAD
    0x000003d0   0x000003d0   0x00000002   Code   RO          126    .text.DMA_Handler   pt32z192xx_it.o
    0x000003d2   0x000003d2   0x00000002   PAD
    0x000003d4   0x000003d4   0x0000002a   Code   RO          787    .text.DMA_PeripheralConfig  pt32z192xx_dma.o
    0x000003fe   0x000003fe   0x00000002   PAD
    0x00000400   0x00000400   0x00000002   Code   RO           76    .text.FLASH_Handler  pt32z192xx_it.o
    0x00000402   0x00000402   0x00000002   PAD
    0x00000404   0x00000404   0x00000004   Code   RO          326    .text.GPIO_ClearITPendingBit  pt32z192xx_gpio.o
    0x00000408   0x00000408   0x0000000c   Code   RO          316    .text.GPIO_ITConfig  pt32z192xx_gpio.o
    0x00000414   0x00000414   0x00000064   Code   RO          288    .text.GPIO_Init     pt32z192xx_gpio.o
    0x00000478   0x00000478   0x0000000e   Code   RO          314    .text.GPIO_PinAFConfig  pt32z192xx_gpio.o
    0x00000486   0x00000486   0x00000002   PAD
    0x00000488   0x00000488   0x00000008   Code   RO          304    .text.GPIO_SetBits  pt32z192xx_gpio.o
    0x00000490   0x00000490   0x00000034   Code   RO          318    .text.GPIO_TriTypeConfig  pt32z192xx_gpio.o
    0x000004c4   0x000004c4   0x000000a8   Code   RO          886    .text.HardFaultHandler  segger_hardfaulthandler.o
    0x0000056c   0x0000056c   0x00000002   Code   RO           64    .text.NMI_Handler   pt32z192xx_it.o
    0x0000056e   0x0000056e   0x00000002   PAD
    0x00000570   0x00000570   0x0000006c   Code   RO          390    .text.NVIC_Init     pt32z192xx_misc.o
    0x000005dc   0x000005dc   0x00000002   Code   RO           78    .text.PA_Handler    pt32z192xx_it.o
    0x000005de   0x000005de   0x00000002   PAD
    0x000005e0   0x000005e0   0x00000002   Code   RO           80    .text.PB_Handler    pt32z192xx_it.o
    0x000005e2   0x000005e2   0x00000002   PAD
    0x000005e4   0x000005e4   0x00000050   Code   RO           82    .text.PC_Handler    pt32z192xx_it.o
    0x00000634   0x00000634   0x00000002   Code   RO           84    .text.PD_Handler    pt32z192xx_it.o
    0x00000636   0x00000636   0x00000002   PAD
    0x00000638   0x00000638   0x0000001a   Code   RO          402    .text.PMW_TimeBaseInit  pt32z192xx_pwm.o
    0x00000652   0x00000652   0x00000002   PAD
    0x00000654   0x00000654   0x0000000c   Code   RO          434    .text.PWM_BKI_LevelConfig  pt32z192xx_pwm.o
    0x00000660   0x00000660   0x00000012   Code   RO          432    .text.PWM_BreakInput_Cmd  pt32z192xx_pwm.o
    0x00000672   0x00000672   0x00000002   PAD
    0x00000674   0x00000674   0x00000004   Code   RO          440    .text.PWM_ClearFlag  pt32z192xx_pwm.o
    0x00000678   0x00000678   0x00000010   Code   RO          430    .text.PWM_Cmd       pt32z192xx_pwm.o
    0x00000688   0x00000688   0x0000000a   Code   RO          438    .text.PWM_GetFlagStatus  pt32z192xx_pwm.o
    0x00000692   0x00000692   0x00000002   PAD
    0x00000694   0x00000694   0x00000074   Code   RO          436    .text.PWM_IntConfig  pt32z192xx_pwm.o
    0x00000708   0x00000708   0x000000d6   Code   RO           38    .text.PWM_Mode_Config  bsp.o
    0x000007de   0x000007de   0x00000002   PAD
    0x000007e0   0x000007e0   0x00000068   Code   RO          404    .text.PWM_OutputInit  pt32z192xx_pwm.o
    0x00000848   0x00000848   0x00000002   Code   RO           68    .text.PendSV_Handler  pt32z192xx_it.o
    0x0000084a   0x0000084a   0x00000002   PAD
    0x0000084c   0x0000084c   0x00000002   Code   RO          120    .text.RTC_Handler   pt32z192xx_it.o
    0x0000084e   0x0000084e   0x00000002   PAD
    0x00000850   0x00000850   0x00000070   Code   RO          849    .text.SEGGER_RTT_Init  segger_rtt.o
    0x000008c0   0x000008c0   0x000000b2   Code   RO          813    .text.SEGGER_RTT_Write  segger_rtt.o
    0x00000972   0x00000972   0x00000002   PAD
    0x00000974   0x00000974   0x00000178   Code   RO          809    .text.SEGGER_RTT_WriteNoLock  segger_rtt.o
    0x00000aec   0x00000aec   0x0000001e   Code   RO          876    .text.SEGGER_RTT_printf  segger_rtt_printf.o
    0x00000b0a   0x00000b0a   0x00000002   PAD
    0x00000b0c   0x00000b0c   0x000009ea   Code   RO          872    .text.SEGGER_RTT_vprintf  segger_rtt_printf.o
    0x000014f6   0x000014f6   0x00000002   PAD
    0x000014f8   0x000014f8   0x00000028   Code   RO          742    .text.SERIAL_PutChar  pt32z192xx_serial.o
    0x00001520   0x00001520   0x00000002   Code   RO           92    .text.SPI0_Handler  pt32z192xx_it.o
    0x00001522   0x00001522   0x00000002   PAD
    0x00001524   0x00001524   0x00000002   Code   RO           94    .text.SPI1_Handler  pt32z192xx_it.o
    0x00001526   0x00001526   0x00000002   PAD
    0x00001528   0x00001528   0x00000002   Code   RO           66    .text.SVC_Handler   pt32z192xx_it.o
    0x0000152a   0x0000152a   0x00000002   PAD
    0x0000152c   0x0000152c   0x00000022   Code   RO           70    .text.SysTick_Handler  pt32z192xx_it.o
    0x0000154e   0x0000154e   0x00000002   PAD
    0x00001550   0x00001550   0x00000180   Code   RO          138    .text.SystemInit    system_pt32z192xx.o
    0x000016d0   0x000016d0   0x00000024   Code   RO          108    .text.TMR0_Handler  pt32z192xx_it.o
    0x000016f4   0x000016f4   0x00000002   Code   RO          110    .text.TMR1_Handler  pt32z192xx_it.o
    0x000016f6   0x000016f6   0x00000002   PAD
    0x000016f8   0x000016f8   0x00000002   Code   RO          112    .text.TMR2_Handler  pt32z192xx_it.o
    0x000016fa   0x000016fa   0x00000002   PAD
    0x000016fc   0x000016fc   0x00000002   Code   RO          114    .text.TMR3_Handler  pt32z192xx_it.o
    0x000016fe   0x000016fe   0x00000002   PAD
    0x00001700   0x00001700   0x00000002   Code   RO          116    .text.TMR4_Handler  pt32z192xx_it.o
    0x00001702   0x00001702   0x00000002   PAD
    0x00001704   0x00001704   0x00000002   Code   RO          118    .text.TMR5_Handler  pt32z192xx_it.o
    0x00001706   0x00001706   0x00000002   PAD
    0x00001708   0x00001708   0x00000002   Code   RO           96    .text.UART0_Handler  pt32z192xx_it.o
    0x0000170a   0x0000170a   0x00000002   PAD
    0x0000170c   0x0000170c   0x00000002   Code   RO           98    .text.UART1_Handler  pt32z192xx_it.o
    0x0000170e   0x0000170e   0x00000002   PAD
    0x00001710   0x00001710   0x00000054   Code   RO          100    .text.UART2_Handler  pt32z192xx_it.o
    0x00001764   0x00001764   0x00000010   Code   RO          574    .text.UART_Cmd      pt32z192xx_uart.o
    0x00001774   0x00001774   0x00000010   Code   RO          602    .text.UART_ITConfig  pt32z192xx_uart.o
    0x00001784   0x00001784   0x0000009a   Code   RO          570    .text.UART_Init     pt32z192xx_uart.o
    0x0000181e   0x0000181e   0x00000002   PAD
    0x00001820   0x00001820   0x0000020c   Code   RO          874    .text._PrintUnsigned  segger_rtt_printf.o
    0x00001a2c   0x00001a2c   0x000000f0   Code   RO          953    .text._shell_init   nr_micro_shell.o
    0x00001b1c   0x00001b1c   0x0000000e   Code   RO          903    .text.ansi_clear_current_line  ansi.o
    0x00001b2a   0x00001b2a   0x00000002   PAD
    0x00001b2c   0x00001b2c   0x00000132   Code   RO          905    .text.ansi_get_char  ansi.o
    0x00001c5e   0x00001c5e   0x00000002   PAD
    0x00001c60   0x00001c60   0x00000012   Code   RO          901    .text.ansi_init     ansi.o
    0x00001c72   0x00001c72   0x00000002   PAD
    0x00001c74   0x00001c74   0x00000014   Code   RO            6    .text.app           app.o
    0x00001c88   0x00001c88   0x0000027c   Code   RO           22    .text.bsp_init      bsp.o
    0x00001f04   0x00001f04   0x0000000a   Code   RO          728    .text.fputc         pt32z192xx_retarget.o
    0x00001f0e   0x00001f0e   0x00000002   PAD
    0x00001f10   0x00001f10   0x00000042   Code   RO           54    .text.main          main.o
    0x00001f52   0x00001f52   0x00000002   PAD
    0x00001f54   0x00001f54   0x000000b8   Code   RO          922    .text.nr_ansi_common_char_slover  ansi_port.o
    0x0000200c   0x0000200c   0x00000032   Code   RO          924    .text.nr_ansi_ctrl_common_slover  ansi_port.o
    0x0000203e   0x0000203e   0x00000002   PAD
    0x00002040   0x00002040   0x0000008a   Code   RO          942    .text.nr_ansi_in__  ansi_port.o
    0x000020ca   0x000020ca   0x00000002   PAD
    0x000020cc   0x000020cc   0x00000080   Code   RO          930    .text.nr_ansi_in_backspace  ansi_port.o
    0x0000214c   0x0000214c   0x0000007e   Code   RO          934    .text.nr_ansi_in_down  ansi_port.o
    0x000021ca   0x000021ca   0x00000002   PAD
    0x000021cc   0x000021cc   0x00000034   Code   RO          926    .text.nr_ansi_in_enter  ansi_port.o
    0x00002200   0x00002200   0x00000020   Code   RO          936    .text.nr_ansi_in_left  ansi_port.o
    0x00002220   0x00002220   0x00000024   Code   RO          928    .text.nr_ansi_in_newline  ansi_port.o
    0x00002244   0x00002244   0x00000024   Code   RO          938    .text.nr_ansi_in_right  ansi_port.o
    0x00002268   0x00002268   0x000000e2   Code   RO          940    .text.nr_ansi_in_tab  ansi_port.o
    0x0000234a   0x0000234a   0x00000002   PAD
    0x0000234c   0x0000234c   0x0000007c   Code   RO          932    .text.nr_ansi_in_up  ansi_port.o
    0x000023c8   0x000023c8   0x000000f4   Code   RO           40    .text.read_uid      bsp.o
    0x000024bc   0x000024bc   0x00000064   Code   RO          965    .text.shell_cmd_complete  nr_micro_shell.o
    0x00002520   0x00002520   0x00000192   Code   RO          967    .text.shell_his_copy_queue_item  nr_micro_shell.o
    0x000026b2   0x000026b2   0x00000002   PAD
    0x000026b4   0x000026b4   0x000000a8   Code   RO          957    .text.shell_his_queue_add_cmd  nr_micro_shell.o
    0x0000275c   0x0000275c   0x000000ae   Code   RO          963    .text.shell_his_queue_search_cmd  nr_micro_shell.o
    0x0000280a   0x0000280a   0x00000002   PAD
    0x0000280c   0x0000280c   0x00000144   Code   RO          982    .text.shell_ls_cmd  nr_micro_shell_commands.o
    0x00002950   0x00002950   0x00000498   Code   RO          961    .text.shell_parser  nr_micro_shell.o
    0x00002de8   0x00002de8   0x0000004c   Code   RO          984    .text.shell_test_cmd  nr_micro_shell_commands.o
    0x00002e34   0x00002e34   0x00000012   Code   RO          895    OSKERNEL            hardfaulthandler.o
    0x00002e46   0x00002e46   0x0000000a   Ven    RO         1456    Veneer$$Code        anon$$obj.o
    0x00002e50   0x00002e50   0x0000000a   Ven    RO         1457    Veneer$$Code        anon$$obj.o
    0x00002e5a   0x00002e5a   0x0000000a   Ven    RO         1458    Veneer$$Code        anon$$obj.o
    0x00002e64   0x00002e64   0x00000020   Code   RO         1226    i.__0printf$3       mc_w.l(printf3.o)
    0x00002e84   0x00002e84   0x0000000e   Code   RO         1448    i.__scatterload_copy  mc_w.l(handlers.o)
    0x00002e92   0x00002e92   0x00000002   Code   RO         1449    i.__scatterload_null  mc_w.l(handlers.o)
    0x00002e94   0x00002e94   0x0000000e   Code   RO         1450    i.__scatterload_zeroinit  mc_w.l(handlers.o)
    0x00002ea2   0x00002ea2   0x00000002   PAD
    0x00002ea4   0x00002ea4   0x000001b8   Code   RO         1233    i._printf_core      mc_w.l(printf3.o)
    0x0000305c   0x0000305c   0x00000004   Code   RO         1085    i.putc              mc_w.l(putc.o)
    0x00003060   0x00003060   0x00000024   Code   RO         1081    i.puts              mc_w.l(puts.o)
    0x00003084   0x00003084   0x00000081   Data   RO         1096    .constdata          mc_w.l(ctype_o.o)
    0x00003105   0x00003105   0x00000003   PAD
    0x00003108   0x00003108   0x00000004   Data   RO         1097    .constdata          mc_w.l(ctype_o.o)
    0x0000310c   0x0000310c   0x00000015   Data   RO          907    .rodata.nr_ansi_in_cmd  ansi.o
    0x00003121   0x00003121   0x00000003   PAD
    0x00003124   0x00003124   0x00000050   Data   RO          908    .rodata.nr_ansi_in_cmd_fun  ansi.o
    0x00003174   0x00003174   0x00000010   Data   RO          910    .rodata.nr_ansi_in_special_symbol_fun  ansi.o
    0x00003184   0x00003184   0x00000014   Data   RO          969    .rodata.nr_shell_cmd0.end  nr_micro_shell.o
    0x00003198   0x00003198   0x00000014   Data   RO          970    .rodata.nr_shell_cmd1.end  nr_micro_shell.o
    0x000031ac   0x000031ac   0x0000003c   Data   RO          986    .rodata.static_cmd  nr_micro_shell_commands.o
    0x000031e8   0x000031e8   0x0000006c   Data   RO           45    .rodata.str1.1      bsp.o
    0x00003254   0x00003254   0x00000011   Data   RO           56    .rodata.str1.1      main.o
    0x00003265   0x00003265   0x00000009   Data   RO          861    .rodata.str1.1      segger_rtt.o
    0x0000326e   0x0000326e   0x0000000d   Data   RO          944    .rodata.str1.1      ansi_port.o
    0x0000327b   0x0000327b   0x00000100   Data   RO          972    .rodata.str1.1      nr_micro_shell.o
    0x0000337b   0x0000337b   0x00000011   Data   RO          987    .rodata.str1.1      nr_micro_shell_commands.o
    0x0000338c   0x0000338c   0x00000030   Data   RO         1447    Region$$Table       anon$$obj.o


    Execution Region RW_IRAM1 (Exec base: 0x20000000, Load base: 0x000033c0, Size: 0x00002a30, Max: 0x00020000, ABSOLUTE, COMPRESSED[0x00000040])

    Exec Addr    Load Addr    Size         Type   Attr      Idx    E Section Name        Object

    0x20000000   0x000033c0   0x00000090   Code   RO         1044    .text.EventRecord2  eventrecorder.o
    0x20000090   0x00003450   0x000002a8   Code   RO         1032    .text.EventRecordItem  eventrecorder.o
    0x20000338   0x000036f8   0x00000a68   Code   RO         1028    .text.EventRecorderInitialize  eventrecorder.o
    0x20000da0   0x00004160   0x0000005e   Code   RO         1034    .text.EventRecorderStart  eventrecorder.o
    0x20000dfe   COMPRESSED   0x00000002   PAD
    0x20000e00   0x000041c0   0x0000000c   Code   RO         1026    .text.EventRecorderTimerGetCount  eventrecorder.o
    0x20000e0c   0x000041cc   0x0000000c   Code   RO         1024    .text.EventRecorderTimerGetFreq  eventrecorder.o
    0x20000e18   0x000041d8   0x00000024   Code   RO         1022    .text.EventRecorderTimerSetup  eventrecorder.o
    0x20000e3c   0x000041fc   0x0000000a   Ven    RO         1459    Veneer$$Code        anon$$obj.o
    0x20000e46   0x00004206   0x0000000a   Ven    RO         1460    Veneer$$Code        anon$$obj.o
    0x20000e50   0x00004210   0x00000018   Data   RO         1049    .rodata.EventRecorderInfo  eventrecorder.o
    0x20000e68   COMPRESSED   0x00000004   Data   RW         1093    .data               mc_w.l(stdout.o)
    0x20000e6c   COMPRESSED   0x00000004   Data   RW          140    .data.SystemCoreClock  system_pt32z192xx.o
    0x20000e70   COMPRESSED   0x00000004   Data   RW          141    .data.VCO_VALUE     system_pt32z192xx.o
    0x20000e74   COMPRESSED   0x00000134   Data   RW          971    .data.nr_shell      nr_micro_shell.o
    0x20000fa8   COMPRESSED   0x00000018   PAD
    0x20000fc0        -       0x00000011   Zero   RW          863    .bss..L_MergedGlobals  segger_rtt.o
    0x20000fd1   COMPRESSED   0x00000003   PAD
    0x20000fd4        -       0x00000044   Zero   RW          888    .bss..L_MergedGlobals  segger_hardfaulthandler.o
    0x20001018        -       0x00000004   Zero   RW            8    .bss.TimingDelay    app.o
    0x2000101c        -       0x000000a8   Zero   RW          859    .bss._SEGGER_RTT    segger_rtt.o
    0x200010c4        -       0x00000400   Zero   RW          862    .bss._acUpBuffer    segger_rtt.o
    0x200014c4        -       0x00000004   Zero   RW           10    .bss.key_flag       app.o
    0x200014c8        -       0x00000002   Zero   RW           44    .bss.m_AdcValue     bsp.o
    0x200014ca   COMPRESSED   0x00000036   PAD
    0x20001500        -       0x000004a4   Zero   RW         1048    .bss.noinit         eventrecorder.o
    0x200019a4        -       0x00000084   Zero   RW          911    .bss.nr_ansi        ansi.o
    0x20001a28        -       0x00000004   Zero   RW          973    .bss.nr_shell_strtok.last  nr_micro_shell.o
    0x20001a2c        -       0x00000004   Zero   RW            9    .bss.timeval        app.o
    0x20001a30        -       0x00001000   Zero   RW          148    STACK               startup_pt32z192.o


==============================================================================

Image component sizes


      Code (inc. data)   RO Data    RW Data    ZI Data      Debug   Object Name

       338          6        117          0        132       3141   ansi.o
      1132         32         13          0          0       5176   ansi_port.o
        20          0          0          0         12       1325   app.o
      1094         96        108          0          2       9070   bsp.o
      3642          0         24          0       1188      18165   eventrecorder.o
        18          0          0          0          0        304   hardfaulthandler.o
        66          0         17          0          0        497   main.o
      2260        188        296        308          4       8552   nr_micro_shell.o
       400        188         77          0          0       1510   nr_micro_shell_commands.o
       108          0          0          0          0       3547   pt32z192xx_adc.o
       204          0          0          0          0       5410   pt32z192xx_dma.o
       190          6          0          0          0       7358   pt32z192xx_gpio.o
       272         44          0          0          0       4969   pt32z192xx_it.o
       108          0          0          0          0       2458   pt32z192xx_misc.o
       306          4          0          0          0       8638   pt32z192xx_pwm.o
        10          0          0          0          0       1250   pt32z192xx_retarget.o
        40          0          0          0          0       1083   pt32z192xx_serial.o
       186          0          0          0          0       6290   pt32z192xx_uart.o
       168          0          0          0         68       2747   segger_hardfaulthandler.o
       666          0          9          0       1209      29955   segger_rtt.o
      3092        746          0          0          0       9878   segger_rtt_printf.o
        52         18        304          0       4096        804   startup_pt32z192.o
       384          0          0          8          0       2258   system_pt32z192xx.o

    ----------------------------------------------------------------------
     14900       1328       1016        316       6792     134385   Object Totals
        50          0         48          0          0          0   (incl. Generated)
        94          0          3          0         81          0   (incl. Padding)

    ----------------------------------------------------------------------

      Code (inc. data)   RO Data    RW Data    ZI Data      Debug   Library Member Name

        58          0          0          0          0          0   __dczerorl.o
         8          4        133          0          0         68   ctype_o.o
         0          0          0          0          0          0   entry.o
         0          0          0          0          0          0   entry10a.o
         0          0          0          0          0          0   entry11a.o
         8          4          0          0          0          0   entry2.o
         4          0          0          0          0          0   entry5.o
         0          0          0          0          0          0   entry7b.o
         0          0          0          0          0          0   entry8b.o
         8          4          0          0          0          0   entry9a.o
        30          0          0          0          0          0   handlers.o
        36          8          0          0          0         68   init.o
        36          0          0          0          0         68   memcpya.o
        36          0          0          0          0        108   memseta.o
       472         14          0          0          0        184   printf3.o
         4          0          0          0          0         68   putc.o
        36          6          0          0          0         80   puts.o
         0          0          0          4          0          0   stdout.o
        28          0          0          0          0         76   strcmp.o
        18          0          0          0          0         68   strcpy.o
        14          0          0          0          0         68   strlen.o
        36          0          0          0          0         80   strstr.o
        44          0          0          0          0         80   uidiv.o

    ----------------------------------------------------------------------
       880         40        136          4          0       1016   Library Totals
         4          0          3          0          0          0   (incl. Padding)

    ----------------------------------------------------------------------

      Code (inc. data)   RO Data    RW Data    ZI Data      Debug   Library Name

       876         40        133          4          0       1016   mc_w.l

    ----------------------------------------------------------------------
       880         40        136          4          0       1016   Library Totals

    ----------------------------------------------------------------------

==============================================================================


      Code (inc. data)   RO Data    RW Data    ZI Data      Debug   

     15780       1368       1152        320       6792     134817   Grand Totals
     15780       1368       1152         64       6792     134817   ELF Image Totals (compressed)
     15780       1368       1152         64          0          0   ROM Totals

==============================================================================

    Total RO  Size (Code + RO Data)                16932 (  16.54kB)
    Total RW  Size (RW Data + ZI Data)              7112 (   6.95kB)
    Total ROM Size (Code + RO Data + RW Data)      16996 (  16.60kB)

==============================================================================

