Component: ARM Compiler 6.16 Tool: armlink [5dfeaa00]

==============================================================================

Image Symbol Table

    Local Symbols

    Symbol Name                              Value     Ov Type        Size  Object(Section)

    ../clib/angel/boardlib.s                 0x00000000   Number         0  boardinit1.o ABSOLUTE
    ../clib/angel/boardlib.s                 0x00000000   Number         0  boardinit2.o ABSOLUTE
    ../clib/angel/boardlib.s                 0x00000000   Number         0  boardinit3.o ABSOLUTE
    ../clib/angel/boardlib.s                 0x00000000   Number         0  boardshut.o ABSOLUTE
    ../clib/angel/dczerorl.s                 0x00000000   Number         0  __dczerorl.o ABSOLUTE
    ../clib/angel/handlers.s                 0x00000000   Number         0  __scatter_zi.o ABSOLUTE
    ../clib/angel/kernel.s                   0x00000000   Number         0  __rtentry.o ABSOLUTE
    ../clib/angel/kernel.s                   0x00000000   Number         0  __rtentry2.o ABSOLUTE
    ../clib/angel/kernel.s                   0x00000000   Number         0  __rtentry4.o ABSOLUTE
    ../clib/angel/kernel.s                   0x00000000   Number         0  rtexit.o ABSOLUTE
    ../clib/angel/kernel.s                   0x00000000   Number         0  rtexit2.o ABSOLUTE
    ../clib/angel/rt.s                       0x00000000   Number         0  rt_ctype_table.o ABSOLUTE
    ../clib/angel/rt.s                       0x00000000   Number         0  rt_locale.o ABSOLUTE
    ../clib/angel/rt.s                       0x00000000   Number         0  rt_locale_intlibspace.o ABSOLUTE
    ../clib/angel/rt.s                       0x00000000   Number         0  rt_ddtor_pointer_addr.o ABSOLUTE
    ../clib/angel/rt.s                       0x00000000   Number         0  rt_ddtor_pointer_addr_intlibspace.o ABSOLUTE
    ../clib/angel/rt.s                       0x00000000   Number         0  rt_raise.o ABSOLUTE
    ../clib/angel/rt.s                       0x00000000   Number         0  rt_heap_descriptor.o ABSOLUTE
    ../clib/angel/rt.s                       0x00000000   Number         0  rt_heap_descriptor_intlibspace.o ABSOLUTE
    ../clib/angel/rt.s                       0x00000000   Number         0  rt_errno_addr.o ABSOLUTE
    ../clib/angel/rt.s                       0x00000000   Number         0  rt_errno_addr_intlibspace.o ABSOLUTE
    ../clib/angel/scatter.s                  0x00000000   Number         0  __scatter.o ABSOLUTE
    ../clib/angel/startup.s                  0x00000000   Number         0  __main.o ABSOLUTE
    ../clib/angel/sys.s                      0x00000000   Number         0  libspace.o ABSOLUTE
    ../clib/angel/sys.s                      0x00000000   Number         0  mutex_dummy.o ABSOLUTE
    ../clib/angel/sys.s                      0x00000000   Number         0  sys_stackheap_outer.o ABSOLUTE
    ../clib/angel/sys.s                      0x00000000   Number         0  use_no_semi.o ABSOLUTE
    ../clib/angel/sys.s                      0x00000000   Number         0  indicate_semi.o ABSOLUTE
    ../clib/angel/sysapp.c                   0x00000000   Number         0  sys_io_names.o ABSOLUTE
    ../clib/angel/sysapp.c                   0x00000000   Number         0  sys_io.o ABSOLUTE
    ../clib/angel/sysapp.c                   0x00000000   Number         0  sys_io_hlt.o ABSOLUTE
    ../clib/angel/sysapp.c                   0x00000000   Number         0  sys_command.o ABSOLUTE
    ../clib/angel/sysapp.c                   0x00000000   Number         0  sys_exit.o ABSOLUTE
    ../clib/angel/sysapp.c                   0x00000000   Number         0  sys_command_hlt.o ABSOLUTE
    ../clib/angel/sysapp.c                   0x00000000   Number         0  sys_exit_hlt.o ABSOLUTE
    ../clib/angel/sysapp.c                   0x00000000   Number         0  sys_wrch.o ABSOLUTE
    ../clib/angel/sysapp.c                   0x00000000   Number         0  sys_wrch_hlt.o ABSOLUTE
    ../clib/arm_runtime.c                    0x00000000   Number         0  init_aeabi.o ABSOLUTE
    ../clib/arm_runtime.c                    0x00000000   Number         0  init_aeabi.o ABSOLUTE
    ../clib/armsys.c                         0x00000000   Number         0  argv_veneer.o ABSOLUTE
    ../clib/armsys.c                         0x00000000   Number         0  argv_veneer.o ABSOLUTE
    ../clib/armsys.c                         0x00000000   Number         0  _get_argv.o ABSOLUTE
    ../clib/armsys.c                         0x00000000   Number         0  _get_argv_nomalloc.o ABSOLUTE
    ../clib/armsys.c                         0x00000000   Number         0  no_argv.o ABSOLUTE
    ../clib/bigflt.c                         0x00000000   Number         0  bigflt0.o ABSOLUTE
    ../clib/btod.s                           0x00000000   Number         0  btod.o ABSOLUTE
    ../clib/btod_accurate.c                  0x00000000   Number         0  btod_accurate.o ABSOLUTE
[...]
    TIM1_CC_IRQHandler                       0x08000337   Thumb Code     0  startup_n32g4fr.o(.text)
    TIM1_TRG_COM_IRQHandler                  0x08000337   Thumb Code     0  startup_n32g4fr.o(.text)
    TIM1_UP_IRQHandler                       0x08000337   Thumb Code     0  startup_n32g4fr.o(.text)
    TIM2_IRQHandler                          0x08000337   Thumb Code     0  startup_n32g4fr.o(.text)
    TIM3_IRQHandler                          0x08000337   Thumb Code     0  startup_n32g4fr.o(.text)
    TIM4_IRQHandler                          0x08000337   Thumb Code     0  startup_n32g4fr.o(.text)
    TIM5_IRQHandler                          0x08000337   Thumb Code     0  startup_n32g4fr.o(.text)
    TIM6_IRQHandler                          0x08000337   Thumb Code     0  startup_n32g4fr.o(.text)
    TIM7_IRQHandler                          0x08000337   Thumb Code     0  startup_n32g4fr.o(.text)
    TIM8_BRK_IRQHandler                      0x08000337   Thumb Code     0  startup_n32g4fr.o(.text)
    TIM8_CC_IRQHandler                       0x08000337   Thumb Code     0  startup_n32g4fr.o(.text)
    TIM8_TRG_COM_IRQHandler                  0x08000337   Thumb Code     0  startup_n32g4fr.o(.text)
    TIM8_UP_IRQHandler                       0x08000337   Thumb Code     0  startup_n32g4fr.o(.text)
    TSC_IRQHandler                           0x08000337   Thumb Code     0  startup_n32g4fr.o(.text)
    UART4_IRQHandler                         0x08000337   Thumb Code     0  startup_n32g4fr.o(.text)
    UART5_IRQHandler                         0x08000337   Thumb Code     0  startup_n32g4fr.o(.text)
    UART6_IRQHandler                         0x08000337   Thumb Code     0  startup_n32g4fr.o(.text)
    UART7_IRQHandler                         0x08000337   Thumb Code     0  startup_n32g4fr.o(.text)
    USART1_IRQHandler                        0x08000337   Thumb Code     0  startup_n32g4fr.o(.text)
    USART2_IRQHandler                        0x08000337   Thumb Code     0  startup_n32g4fr.o(.text)
    USBWakeUp_IRQHandler                     0x08000337   Thumb Code     0  startup_n32g4fr.o(.text)
    USB_HP_CAN1_TX_IRQHandler                0x08000337   Thumb Code     0  startup_n32g4fr.o(.text)
    USB_LP_CAN1_RX0_IRQHandler               0x08000337   Thumb Code     0  startup_n32g4fr.o(.text)
    WWDG_IRQHandler                          0x08000337   Thumb Code     0  startup_n32g4fr.o(.text)
    XFMC_IRQHandler                          0x08000337   Thumb Code     0  startup_n32g4fr.o(.text)
    __user_initial_stackheap                 0x08000339   Thumb Code     0  startup_n32g4fr.o(.text)
    __rt_ctype_table                         0x0800035d   Thumb Code    16  rt_ctype_table.o(.text)
    printf                                   0x0800036d   Thumb Code    20  printf.o(.text)
    putc                                     0x08000385   Thumb Code     4  putc.o(.text)
    __cxa_atexit                             0x08000389   Thumb Code    10  cxa_atexit.o(.text)
    strstr                                   0x08000393   Thumb Code    36  strstr.o(.text)
    strcpy                                   0x080003b7   Thumb Code    72  strcpy.o(.text)
    strlen                                   0x080003ff   Thumb Code    62  strlen.o(.text)
    __aeabi_memcpy                           0x0800043d   Thumb Code     0  rt_memcpy_v6.o(.text)
    __rt_memcpy                              0x0800043d   Thumb Code   138  rt_memcpy_v6.o(.text)
    _memcpy_lastbytes                        0x080004a3   Thumb Code     0  rt_memcpy_v6.o(.text)
    __aeabi_memclr                           0x080004c7   Thumb Code     0  rt_memclr.o(.text)
    __rt_memclr                              0x080004c7   Thumb Code     0  rt_memclr.o(.text)
    _memset                                  0x080004cb   Thumb Code    64  rt_memclr.o(.text)
    strcmp                                   0x08000511   Thumb Code   124  strcmpv7em.o(.text)
    __use_two_region_memory                  0x0800058d   Thumb Code     2  heapauxi.o(.text)
    __rt_heap_escrow                         0x0800058f   Thumb Code     2  heapauxi.o(.text)
    __rt_heap_expand                         0x08000591   Thumb Code     2  heapauxi.o(.text)
    __cpp_initialize__aeabi_                 0x08000595   Thumb Code    28  init_aeabi.o(.text)
    __rt_locale                              0x080005b9   Thumb Code     8  rt_locale_intlibspace.o(.text)
    _printf_pre_padding                      0x080005c1   Thumb Code    44  _printf_pad.o(.text)
    _printf_post_padding                     0x080005ed   Thumb Code    34  _printf_pad.o(.text)
    _printf_truncate_signed                  0x0800060f   Thumb Code    18  _printf_truncate.o(.text)
    _printf_truncate_unsigned                0x08000621   Thumb Code    18  _printf_truncate.o(.text)
    _printf_str                              0x08000633   Thumb Code    82  _printf_str.o(.text)
    _printf_int_dec                          0x08000685   Thumb Code   104  _printf_dec.o(.text)
    _printf_charcount                        0x080006fd   Thumb Code    40  _printf_charcount.o(.text)
    _printf_char_file                        0x08000725   Thumb Code    32  _printf_char_file.o(.text)
    _printf_wctomb                           0x08000749   Thumb Code   182  _printf_wctomb.o(.text)
    _printf_longlong_dec                     0x08000805   Thumb Code   108  _printf_longlong_dec.o(.text)
    _printf_longlong_oct                     0x08000881   Thumb Code    68  _printf_oct_int_ll.o(.text)
    _printf_int_oct                          0x080008c5   Thumb Code    24  _printf_oct_int_ll.o(.text)
    _printf_ll_oct                           0x080008dd   Thumb Code    12  _printf_oct_int_ll.o(.text)
    _printf_longlong_hex                     0x080008f1   Thumb Code    86  _printf_hex_int_ll_ptr.o(.text)
    _printf_int_hex                          0x08000947   Thumb Code    28  _printf_hex_int_ll_ptr.o(.text)
    _printf_ll_hex                           0x08000963   Thumb Code    12  _printf_hex_int_ll_ptr.o(.text)
    _printf_hex_ptr                          0x0800096f   Thumb Code    18  _printf_hex_int_ll_ptr.o(.text)
    __printf                                 0x08000985   Thumb Code   388  __printf_flags_ss_wp.o(.text)
    _initio                                  0x08000b0d   Thumb Code   210  initio.o(.text)
    _terminateio                             0x08000bdf   Thumb Code    56  initio.o(.text)
    __aeabi_atexit                           0x08000c45   Thumb Code    46  aeabi_atexit.o(.text)
    __aeabi_memcpy4                          0x08000c73   Thumb Code     0  rt_memcpy_w.o(.text)
    __aeabi_memcpy8                          0x08000c73   Thumb Code     0  rt_memcpy_w.o(.text)
    __rt_memcpy_w                            0x08000c73   Thumb Code   100  rt_memcpy_w.o(.text)
    _memcpy_lastbytes_aligned                0x08000cbb   Thumb Code     0  rt_memcpy_w.o(.text)
    __aeabi_memclr4                          0x08000cd7   Thumb Code     0  rt_memclr_w.o(.text)
    __aeabi_memclr8                          0x08000cd7   Thumb Code     0  rt_memclr_w.o(.text)
    __rt_memclr_w                            0x08000cd7   Thumb Code     0  rt_memclr_w.o(.text)
    _memset_w                                0x08000cdb   Thumb Code    74  rt_memclr_w.o(.text)
    __user_libspace                          0x08000d25   Thumb Code     8  libspace.o(.text)
    __user_perproc_libspace                  0x08000d25   Thumb Code     0  libspace.o(.text)
    __user_perthread_libspace                0x08000d25   Thumb Code     0  libspace.o(.text)
    __rt_ddtor_pointer_addr                  0x08000d2d   Thumb Code     8  rt_ddtor_pointer_addr_intlibspace.o(.text)
    malloc                                   0x08000d35   Thumb Code    94  h1_alloc.o(.text)
    free                                     0x08000d93   Thumb Code    78  h1_free.o(.text)
    _ll_udiv10                               0x08000de1   Thumb Code   138  lludiv10.o(.text)
    _printf_int_common                       0x08000e6b   Thumb Code   178  _printf_intcommon.o(.text)
    _printf_fp_dec_real                      0x080010cd   Thumb Code   620  _printf_fp_dec.o(.text)
    _printf_fp_hex_real                      0x08001339   Thumb Code   756  _printf_fp_hex.o(.text)
    _printf_char_common                      0x0800163f   Thumb Code    32  _printf_char_common.o(.text)
    _printf_cs_common                        0x08001665   Thumb Code    20  _printf_char.o(.text)
    _printf_char                             0x08001679   Thumb Code    16  _printf_char.o(.text)
    _printf_string                           0x08001689   Thumb Code     8  _printf_char.o(.text)
    _printf_lcs_common                       0x08001691   Thumb Code    20  _printf_wchar.o(.text)
    _printf_wchar                            0x080016a5   Thumb Code    16  _printf_wchar.o(.text)
    _printf_wstring                          0x080016b5   Thumb Code     8  _printf_wchar.o(.text)
    ferror                                   0x080016bd   Thumb Code     8  ferror.o(.text)
    setvbuf                                  0x080016c5   Thumb Code    70  setvbuf.o(.text)
    freopen                                  0x0800170d   Thumb Code   160  fopen.o(.text)
    fopen                                    0x080017ad   Thumb Code    74  fopen.o(.text)
    _fclose_internal                         0x080017fd   Thumb Code    76  fclose.o(.text)
    fclose                                   0x080017fd   Thumb Code     0  fclose.o(.text)
    _c16rtomb                                0x08001849   Thumb Code    72  _c16rtomb.o(.text)
    _wcrtomb                                 0x08001849   Thumb Code     0  _c16rtomb.o(.text)
    __cxa_finalize                           0x08001891   Thumb Code    66  cxa_finalize.o(.text)
    __rt_SIGRTRED                            0x080018d3   Thumb Code    14  defsig_rtred_outer.o(.text)
    _sys_open                                0x080018e1   Thumb Code    20  sys_io.o(.text)
    _sys_close                               0x080018f5   Thumb Code    12  sys_io.o(.text)
    _sys_write                               0x08001901   Thumb Code    16  sys_io.o(.text)
    _sys_read                                0x08001911   Thumb Code    14  sys_io.o(.text)
    _sys_istty                               0x0800191f   Thumb Code    12  sys_io.o(.text)
    _sys_seek                                0x0800192b   Thumb Code    14  sys_io.o(.text)
    _sys_ensure                              0x08001939   Thumb Code     2  sys_io.o(.text)
    _sys_flen                                0x0800193b   Thumb Code    12  sys_io.o(.text)
    __user_setup_stackheap                   0x08001947   Thumb Code    74  sys_stackheap_outer.o(.text)
    __rt_heap_descriptor                     0x08001991   Thumb Code     8  rt_heap_descriptor_intlibspace.o(.text)
    __use_no_heap                            0x08001999   Thumb Code     2  hguard.o(.text)
    __heap$guard                             0x0800199b   Thumb Code     2  hguard.o(.text)
    _terminate_user_alloc                    0x0800199d   Thumb Code     2  init_alloc.o(.text)
    _init_user_alloc                         0x0800199f   Thumb Code     2  init_alloc.o(.text)
    __Heap_Full                              0x080019a1   Thumb Code    34  init_alloc.o(.text)
    __Heap_Broken                            0x080019c3   Thumb Code     6  init_alloc.o(.text)
    _init_alloc                              0x080019c9   Thumb Code    94  init_alloc.o(.text)
    __Heap_Initialize                        0x08001a27   Thumb Code    10  h1_init.o(.text)
    __Heap_DescSize                          0x08001a31   Thumb Code     4  h1_init.o(.text)
    _printf_fp_infnan                        0x08001a35   Thumb Code   112  _printf_fp_infnan.o(.text)
    _btod_etento                             0x08001ab5   Thumb Code   224  bigflt0.o(.text)
    _fseek                                   0x08001b99   Thumb Code   242  fseek.o(.text)
    fseek                                    0x08001b99   Thumb Code     0  fseek.o(.text)
    _seterr                                  0x08001c91   Thumb Code    20  stdio.o(.text)
    _writebuf                                0x08001ca5   Thumb Code    84  stdio.o(.text)
    _fflush                                  0x08001cf9   Thumb Code    70  stdio.o(.text)
    _deferredlazyseek                        0x08001d3f   Thumb Code    60  stdio.o(.text)
    exit                                     0x08001d81   Thumb Code    18  exit.o(.text)
    __sig_exit                               0x08001d93   Thumb Code    10  defsig_exit.o(.text)
    __rt_SIGRTRED_inner                      0x08001d9d   Thumb Code    14  defsig_rtred_inner.o(.text)
    _sys_exit                                0x08001dd1   Thumb Code     8  sys_exit.o(.text)
    __I$use$semihosting                      0x08001ddd   Thumb Code     0  use_no_semi.o(.text)
    __use_no_semihosting_swi                 0x08001ddd   Thumb Code     2  use_no_semi.o(.text)
    __Heap_ProvideMemory                     0x08001ddf   Thumb Code    52  h1_extend.o(.text)
    __semihosting_library_function           0x08001ddf   Thumb Code     0  indicate_semi.o(.text)
    _maybe_terminate_alloc                   0x08001ddf   Thumb Code     0  maybetermalloc1.o(.text)
    _ftell_internal                          0x08001e13   Thumb Code    66  ftell.o(.text)
    ftell                                    0x08001e13   Thumb Code     0  ftell.o(.text)
    __default_signal_display                 0x08001e55   Thumb Code    50  defsig_general.o(.text)
    __rt_SIGRTMEM                            0x08001e87   Thumb Code    14  defsig_rtmem_outer.o(.text)
    _ttywrch                                 0x08001e95   Thumb Code    14  sys_wrch.o(.text)
    __aeabi_errno_addr                       0x08001ea5   Thumb Code     8  rt_errno_addr_intlibspace.o(.text)
    __errno$intlibspace                      0x08001ea5   Thumb Code     0  rt_errno_addr_intlibspace.o(.text)
    __rt_errno_addr$intlibspace              0x08001ea5   Thumb Code     0  rt_errno_addr_intlibspace.o(.text)
    __rt_SIGRTMEM_inner                      0x08001ead   Thumb Code    22  defsig_rtmem_inner.o(.text)
    ADC_ConfigClk                            0x08001efd   Thumb Code    56  n32g4fr_adc.o(.text.ADC_ConfigClk)
    ADC_ConfigRegularChannel                 0x08001f35   Thumb Code   424  n32g4fr_adc.o(.text.ADC_ConfigRegularChannel)
    ADC_Enable                               0x080020dd   Thumb Code    44  n32g4fr_adc.o(.text.ADC_Enable)
    ADC_EnableDMA                            0x08002109   Thumb Code    44  n32g4fr_adc.o(.text.ADC_EnableDMA)
    ADC_EnableSoftwareStartConv              0x08002135   Thumb Code    44  n32g4fr_adc.o(.text.ADC_EnableSoftwareStartConv)
    ADC_GetCalibrationStatus                 0x08002161   Thumb Code    46  n32g4fr_adc.o(.text.ADC_GetCalibrationStatus)
    ADC_GetFlagStatusNew                     0x08002191   Thumb Code    52  n32g4fr_adc.o(.text.ADC_GetFlagStatusNew)
    ADC_Init                                 0x080021c5   Thumb Code   154  n32g4fr_adc.o(.text.ADC_Init)
    ADC_StartCalibration                     0x08002261   Thumb Code    18  n32g4fr_adc.o(.text.ADC_StartCalibration)
    BusFault_Handler                         0x08002275   Thumb Code     4  n32g4fr_it.o(.text.BusFault_Handler)
    DMA_DeInit                               0x08002279   Thumb Code   580  n32g4fr_dma.o(.text.DMA_DeInit)
    DMA_EnableChannel                        0x080024bd   Thumb Code    46  n32g4fr_dma.o(.text.DMA_EnableChannel)
    DMA_Init                                 0x080024ed   Thumb Code   108  n32g4fr_dma.o(.text.DMA_Init)
    DebugMon_Handler                         0x08002559   Thumb Code     2  n32g4fr_it.o(.text.DebugMon_Handler)
    FIFO_GetDataCount                        0x0800255d   Thumb Code    12  fifo.o(.text.FIFO_GetDataCount)
    FIFO_ReadData                            0x08002569   Thumb Code   156  fifo.o(.text.FIFO_ReadData)
    GPIO_InitPeripheral                      0x08002605   Thumb Code   390  n32g4fr_gpio.o(.text.GPIO_InitPeripheral)
    HardFaultHandler                         0x0800278d   Thumb Code   276  segger_hardfaulthandler.o(.text.HardFaultHandler)
    MemManage_Handler                        0x080028a1   Thumb Code     4  n32g4fr_it.o(.text.MemManage_Handler)
    NMI_Handler                              0x080028a5   Thumb Code     2  n32g4fr_it.o(.text.NMI_Handler)
    NVIC_Init                                0x080028a9   Thumb Code   170  misc.o(.text.NVIC_Init)
    NVIC_PriorityGroupConfig                 0x08002955   Thumb Code    28  misc.o(.text.NVIC_PriorityGroupConfig)
    RCC_ConfigAdc1mClk                       0x08002971   Thumb Code    62  n32g4fr_rcc.o(.text.RCC_ConfigAdc1mClk)
    RCC_ConfigAdcHclk                        0x080029b1   Thumb Code    44  n32g4fr_rcc.o(.text.RCC_ConfigAdcHclk)
    RCC_ConfigAdcPllClk                      0x080029dd   Thumb Code    84  n32g4fr_rcc.o(.text.RCC_ConfigAdcPllClk)
    RCC_ConfigPclk1                          0x08002a31   Thumb Code    44  n32g4fr_rcc.o(.text.RCC_ConfigPclk1)
    RCC_EnableAHBPeriphClk                   0x08002a5d   Thumb Code    56  n32g4fr_rcc.o(.text.RCC_EnableAHBPeriphClk)
    RCC_EnableAPB1PeriphClk                  0x08002a95   Thumb Code    56  n32g4fr_rcc.o(.text.RCC_EnableAPB1PeriphClk)
    RCC_EnableAPB2PeriphClk                  0x08002acd   Thumb Code    56  n32g4fr_rcc.o(.text.RCC_EnableAPB2PeriphClk)
    RCC_GetClocksFreqValue                   0x08002b05   Thumb Code   452  n32g4fr_rcc.o(.text.RCC_GetClocksFreqValue)
    SEGGER_RTT_ConfigUpBuffer                0x08002cc9   Thumb Code   160  segger_rtt.o(.text.SEGGER_RTT_ConfigUpBuffer)
    SEGGER_RTT_Init                          0x08002d69   Thumb Code     8  segger_rtt.o(.text.SEGGER_RTT_Init)
    SEGGER_RTT_Write                         0x08002d71   Thumb Code    76  segger_rtt.o(.text.SEGGER_RTT_Write)
    SEGGER_RTT_WriteNoLock                   0x08002dbd   Thumb Code   176  segger_rtt.o(.text.SEGGER_RTT_WriteNoLock)
    SEGGER_RTT_printf                        0x08002e6d   Thumb Code    42  segger_rtt_printf.o(.text.SEGGER_RTT_printf)
    SEGGER_RTT_vprintf                       0x08002e99   Thumb Code   828  segger_rtt_printf.o(.text.SEGGER_RTT_vprintf)
    SVC_Handler                              0x080031d5   Thumb Code     2  n32g4fr_it.o(.text.SVC_Handler)
    SysTick_Handler                          0x08003321   Thumb Code     2  n32g4fr_it.o(.text.SysTick_Handler)
    SystemInit                               0x08003325   Thumb Code   204  system_n32g4fr.o(.text.SystemInit)
    TIM_ConfigArPreload                      0x080033f1   Thumb Code    44  n32g4fr_tim.o(.text.TIM_ConfigArPreload)
    TIM_ConfigInt                            0x0800341d   Thumb Code    52  n32g4fr_tim.o(.text.TIM_ConfigInt)
    TIM_ConfigOc3Preload                     0x08003451   Thumb Code    60  n32g4fr_tim.o(.text.TIM_ConfigOc3Preload)
    TIM_ConfigOc4Preload                     0x0800348d   Thumb Code    62  n32g4fr_tim.o(.text.TIM_ConfigOc4Preload)
    TIM_Enable                               0x080034cd   Thumb Code    44  n32g4fr_tim.o(.text.TIM_Enable)
    TIM_InitOc3                              0x080034f9   Thumb Code   262  n32g4fr_tim.o(.text.TIM_InitOc3)
    TIM_InitOc4                              0x08003601   Thumb Code   206  n32g4fr_tim.o(.text.TIM_InitOc4)
    TIM_InitTimeBase                         0x080036d1   Thumb Code   756  n32g4fr_tim.o(.text.TIM_InitTimeBase)
    USART3_IRQHandler                        0x080039c5   Thumb Code   124  n32g4fr_it.o(.text.USART3_IRQHandler)
    USART_ConfigInt                          0x08003a41   Thumb Code   146  n32g4fr_usart.o(.text.USART_ConfigInt)
    USART_Enable                             0x08003ad5   Thumb Code    44  n32g4fr_usart.o(.text.USART_Enable)
    USART_GetFlagStatus                      0x08003b01   Thumb Code    68  n32g4fr_usart.o(.text.USART_GetFlagStatus)
    USART_GetIntStatus                       0x08003b45   Thumb Code   176  n32g4fr_usart.o(.text.USART_GetIntStatus)
    USART_Init                               0x08003bf5   Thumb Code   292  n32g4fr_usart.o(.text.USART_Init)
    USART_ReceiveData                        0x08003d19   Thumb Code    16  n32g4fr_usart.o(.text.USART_ReceiveData)
    USART_SendData                           0x08003d29   Thumb Code    24  n32g4fr_usart.o(.text.USART_SendData)
    UsageFault_Handler                       0x08003d41   Thumb Code     4  n32g4fr_it.o(.text.UsageFault_Handler)
    loop()                                   0x08004395   Thumb Code    38  main.o(.text._Z4loopv)
    setup()                                  0x080043bd   Thumb Code     2  main.o(.text._Z5setupv)
    Do::low()                                0x080043c1   Thumb Code    16  do.o(.text._ZN2Do3lowEv)
    Do::high()                               0x080043d1   Thumb Code    16  do.o(.text._ZN2Do4highEv)
    Do::toggle()                             0x080043e1   Thumb Code    20  do.o(.text._ZN2Do6toggleEv)
    Do::init_pin(GPIO_Module*, unsigned short) 0x080043f5   Thumb Code   270  do.o(.text._ZN2Do8init_pinEP11GPIO_Modulet)
    Do::Do()                                 0x08004505   Thumb Code    10  do.o(.text._ZN2DoC2Ev)
    Do::Do__sub_object()                     0x08004505   Thumb Code    10  do.o(.text._ZN2DoC2Ev)
    Do::~Do()                                0x08004511   Thumb Code    10  do.o(.text._ZN2DoD2Ev)
    Do::~Do__sub_object()                    0x08004511   Thumb Code    10  do.o(.text._ZN2DoD2Ev)
    Adc::init_timer()                        0x0800451d   Thumb Code   264  adc.o(.text._ZN3Adc10init_timerEv)
    Adc::init()                              0x08004625   Thumb Code    62  adc.o(.text._ZN3Adc4initEv)
    Adc::init_adc()                          0x08004665   Thumb Code   290  adc.o(.text._ZN3Adc8init_adcEv)
    Adc::init_dma()                          0x08004789   Thumb Code   178  adc.o(.text._ZN3Adc8init_dmaEv)
    Adc::init_pin(GPIO_Module*, unsigned int) 0x0800483d   Thumb Code    34  adc.o(.text._ZN3Adc8init_pinEP11GPIO_Modulej)
    Adc::Adc()                               0x08004861   Thumb Code    20  adc.o(.text._ZN3AdcC2Ev)
    Adc::Adc__sub_object()                   0x08004861   Thumb Code    20  adc.o(.text._ZN3AdcC2Ev)
    Adc::~Adc()                              0x08004875   Thumb Code    10  adc.o(.text._ZN3AdcD2Ev)
    Adc::~Adc__sub_object()                  0x08004875   Thumb Code    10  adc.o(.text._ZN3AdcD2Ev)
    Clk::print_clock()                       0x08004881   Thumb Code   116  clk.o(.text._ZN3Clk11print_clockEv)
    Clk::Clk()                               0x080048f5   Thumb Code   132  clk.o(.text._ZN3ClkC2Ev)
    Clk::Clk__sub_object()                   0x080048f5   Thumb Code   132  clk.o(.text._ZN3ClkC2Ev)
    Clk::~Clk()                              0x08004979   Thumb Code    10  clk.o(.text._ZN3ClkD2Ev)
    Clk::~Clk__sub_object()                  0x08004979   Thumb Code    10  clk.o(.text._ZN3ClkD2Ev)
    Rtt::init()                              0x08004985   Thumb Code   126  rtt.o(.text._ZN3Rtt4initEv)
    Rtt::Rtt()                               0x08004a05   Thumb Code    20  rtt.o(.text._ZN3RttC2Ev)
    Rtt::Rtt__sub_object()                   0x08004a05   Thumb Code    20  rtt.o(.text._ZN3RttC2Ev)
    Rtt::~Rtt()                              0x08004a19   Thumb Code    10  rtt.o(.text._ZN3RttD2Ev)
    Rtt::~Rtt__sub_object()                  0x08004a19   Thumb Code    10  rtt.o(.text._ZN3RttD2Ev)
    Uart::init(unsigned int)                 0x08004a25   Thumb Code    78  uart.o(.text._ZN4Uart4initEj)
    Uart::init_pin()                         0x08004a75   Thumb Code    78  uart.o(.text._ZN4Uart8init_pinEv)
    Uart::init_nvic()                        0x08004ac5   Thumb Code    42  uart.o(.text._ZN4Uart9init_nvicEv)
    Uart::Uart()                             0x08004af1   Thumb Code    36  uart.o(.text._ZN4UartC2Ev)
    Uart::Uart__sub_object()                 0x08004af1   Thumb Code    36  uart.o(.text._ZN4UartC2Ev)
    Uart::~Uart()                            0x08004b15   Thumb Code    10  uart.o(.text._ZN4UartD2Ev)
    Uart::~Uart__sub_object()                0x08004b15   Thumb Code    10  uart.o(.text._ZN4UartD2Ev)
    Shell::init()                            0x08004b21   Thumb Code    34  shell.o(.text._ZN5Shell4initEv)
    Shell::Shell()                           0x08004b45   Thumb Code    20  shell.o(.text._ZN5ShellC2Ev)
    Shell::Shell__sub_object()               0x08004b45   Thumb Code    20  shell.o(.text._ZN5ShellC2Ev)
    Shell::~Shell()                          0x08004b59   Thumb Code    10  shell.o(.text._ZN5ShellD2Ev)
    Shell::~Shell__sub_object()              0x08004b59   Thumb Code    10  shell.o(.text._ZN5ShellD2Ev)
    DWTDelay::init(unsigned int)             0x08004b65   Thumb Code    48  dwtdelay.o(.text._ZN8DWTDelay4initEj)
    DWTDelay::delay_ms(unsigned int)         0x08004b95   Thumb Code    26  dwtdelay.o(.text._ZN8DWTDelay8delay_msEj)
    DWTDelay::delay_us(unsigned int)         0x08004bb1   Thumb Code   134  dwtdelay.o(.text._ZN8DWTDelay8delay_usEj)
    DWTDelay::DWTDelay()                     0x08004c39   Thumb Code    30  dwtdelay.o(.text._ZN8DWTDelayC2Ev)
    DWTDelay::DWTDelay__sub_object()         0x08004c39   Thumb Code    30  dwtdelay.o(.text._ZN8DWTDelayC2Ev)
    DWTDelay::~DWTDelay()                    0x08004c59   Thumb Code    10  dwtdelay.o(.text._ZN8DWTDelayD2Ev)
    DWTDelay::~DWTDelay__sub_object()        0x08004c59   Thumb Code    10  dwtdelay.o(.text._ZN8DWTDelayD2Ev)
    Hardware::Hardware()                     0x08004c65   Thumb Code   160  hardware.o(.text._ZN8HardwareC2Ev)
    Hardware::Hardware__sub_object()         0x08004c65   Thumb Code   160  hardware.o(.text._ZN8HardwareC2Ev)
    Hardware::~Hardware()                    0x08004d05   Thumb Code    68  hardware.o(.text._ZN8HardwareD2Ev)
    Hardware::~Hardware__sub_object()        0x08004d05   Thumb Code    68  hardware.o(.text._ZN8HardwareD2Ev)
    _shell_init                              0x08004e21   Thumb Code   214  nr_micro_shell.o(.text._shell_init)
    ansi_clear_current_line                  0x08004ef9   Thumb Code    30  ansi.o(.text.ansi_clear_current_line)
    ansi_get_char                            0x08004f19   Thumb Code   372  ansi.o(.text.ansi_get_char)
    ansi_init                                0x0800508d   Thumb Code    42  ansi.o(.text.ansi_init)
    ansi_search_char                         0x080050b9   Thumb Code    98  ansi.o(.text.ansi_search_char)
    ansi_show_str                            0x0800511d   Thumb Code    56  ansi_port.o(.text.ansi_show_str)
    app                                      0x08005155   Thumb Code    66  app.o(.text.app)
    error_process                            0x08005199   Thumb Code    16  app.o(.text.error_process)
    fputc                                    0x080051a9   Thumb Code    52  bsp.o(.text.fputc)
    hexdump                                  0x080051dd   Thumb Code   824  nr_micro_shell_commands.o(.text.hexdump)
    idle_process                             0x08005515   Thumb Code    24  app.o(.text.idle_process)
    main                                     0x0800552d   Thumb Code    20  main.o(.text.main)
    nr_ansi_common_char_slover               0x08005541   Thumb Code   212  ansi_port.o(.text.nr_ansi_common_char_slover)
    nr_ansi_ctrl_common_slover               0x08005615   Thumb Code    62  ansi_port.o(.text.nr_ansi_ctrl_common_slover)
    nr_ansi_in__                             0x08005655   Thumb Code   108  ansi_port.o(.text.nr_ansi_in__)
    nr_ansi_in_backspace                     0x080056c1   Thumb Code   108  ansi_port.o(.text.nr_ansi_in_backspace)
    nr_ansi_in_down                          0x0800572d   Thumb Code   164  ansi_port.o(.text.nr_ansi_in_down)
    nr_ansi_in_enter                         0x080057d1   Thumb Code    60  ansi_port.o(.text.nr_ansi_in_enter)
    nr_ansi_in_left                          0x0800580d   Thumb Code    44  ansi_port.o(.text.nr_ansi_in_left)
    nr_ansi_in_newline                       0x08005839   Thumb Code    50  ansi_port.o(.text.nr_ansi_in_newline)
    nr_ansi_in_right                         0x0800586d   Thumb Code    48  ansi_port.o(.text.nr_ansi_in_right)
    nr_ansi_in_tab                           0x0800589d   Thumb Code   254  ansi_port.o(.text.nr_ansi_in_tab)
    nr_ansi_in_up                            0x0800599d   Thumb Code   168  ansi_port.o(.text.nr_ansi_in_up)
    sent_sample_data                         0x08005b51   Thumb Code    76  app.o(.text.sent_sample_data)
    shell_cmd_complete                       0x08005b9d   Thumb Code   186  nr_micro_shell.o(.text.shell_cmd_complete)
    shell_hexdump_cmd                        0x08005c59   Thumb Code   120  nr_micro_shell_commands.o(.text.shell_hexdump_cmd)
    shell_his_copy_queue_item                0x08005cd1   Thumb Code   376  nr_micro_shell.o(.text.shell_his_copy_queue_item)
    shell_his_queue_add_cmd                  0x08005e49   Thumb Code   366  nr_micro_shell.o(.text.shell_his_queue_add_cmd)
    shell_his_queue_init                     0x08005fb9   Thumb Code    34  nr_micro_shell.o(.text.shell_his_queue_init)
    shell_his_queue_search_cmd               0x08005fdd   Thumb Code   380  nr_micro_shell.o(.text.shell_his_queue_search_cmd)
    shell_ls_cmd                             0x08006159   Thumb Code   278  nr_micro_shell_commands.o(.text.shell_ls_cmd)
    shell_parser                             0x08006271   Thumb Code   360  nr_micro_shell.o(.text.shell_parser)
    shell_quit_cmd                           0x080063d9   Thumb Code    90  nr_micro_shell_commands.o(.text.shell_quit_cmd)
    shell_search_cmd                         0x08006435   Thumb Code    98  nr_micro_shell.o(.text.shell_search_cmd)
    shell_test_cmd                           0x08006499   Thumb Code    74  nr_micro_shell_commands.o(.text.shell_test_cmd)
    uart_post_process                        0x080064e5   Thumb Code    22  app.o(.text.uart_post_process)
    _btod_d2e                                0x080064fb   Thumb Code    62  btod.o(CL$$btod_d2e)
    _d2e_denorm_low                          0x08006539   Thumb Code    70  btod.o(CL$$btod_d2e_denorm_low)
    _d2e_norm_op1                            0x0800657f   Thumb Code    96  btod.o(CL$$btod_d2e_norm_op1)
    __btod_div_common                        0x080065e1   Thumb Code   696  btod.o(CL$$btod_div_common)
    _e2e                                     0x08006919   Thumb Code   220  btod.o(CL$$btod_e2e)
    _btod_ediv                               0x080069f5   Thumb Code    42  btod.o(CL$$btod_ediv)
    _btod_emul                               0x08006a1f   Thumb Code    42  btod.o(CL$$btod_emul)
    __btod_mult_common                       0x08006a49   Thumb Code   580  btod.o(CL$$btod_mult_common)
    HardFault_Handler                        0x08006c8d   Thumb Code     0  hardfaulthandler.o(OSKERNEL)
    __ARM_fpclassify                         0x08006c9f   Thumb Code    48  fpclassify.o(i.__ARM_fpclassify)
    _is_digit                                0x08006ccf   Thumb Code    14  __printf_wp.o(i._is_digit)
    _get_lc_ctype                            0x08006cdd   Thumb Code    44  lc_ctype_c.o(locale$$code)
    _get_lc_numeric                          0x08006d09   Thumb Code    44  lc_numeric_c.o(locale$$code)
    _fp_init                                 0x08006d35   Thumb Code    26  fpinit.o(x$fpl$fpinit)
    __fplib_config_fpu_vfp                   0x08006d4d   Thumb Code     0  fpinit.o(x$fpl$fpinit)
    __fplib_config_pureend_doubles           0x08006d4d   Thumb Code     0  fpinit.o(x$fpl$fpinit)
    _printf_fp_dec                           0x08006d4f   Thumb Code     4  printf1.o(x$fpl$printf1)
    _printf_fp_hex                           0x08006d53   Thumb Code     4  printf2.o(x$fpl$printf2)
    __I$use$fp                               0x08006d56   Number         0  usenofp.o(x$fpl$usenofp)
    __stdin_name                             0x08006d99   Data           4  sys_io_names.o(.constdata)
    __stdout_name                            0x08006d9d   Data           4  sys_io_names.o(.constdata)
    __stderr_name                            0x08006da1   Data           4  sys_io_names.o(.constdata)
    nr_ansi_in_cmd                           0x08006e70   Data          21  ansi.o(.rodata.nr_ansi_in_cmd)
    nr_ansi_in_cmd_fun                       0x08006e88   Data          80  ansi.o(.rodata.nr_ansi_in_cmd_fun)
    nr_ansi_in_special_symbol                0x08006ed8   Data           5  ansi.o(.rodata.nr_ansi_in_special_symbol)
    nr_ansi_in_special_symbol_fun            0x08006ee0   Data          16  ansi.o(.rodata.nr_ansi_in_special_symbol_fun)
    _nr_cmd_start_                           0x08006ef0   Data          20  nr_micro_shell.o(.rodata.nr_shell_cmd0.end)
    _nr_cmd_end_                             0x08006f04   Data          20  nr_micro_shell.o(.rodata.nr_shell_cmd1.end)
    static_cmd                               0x08006f58   Data         100  nr_micro_shell_commands.o(.rodata.static_cmd)
    Region$$Table$$Base                      0x080073e8   Number         0  anon$$obj.o(Region$$Table)
    Region$$Table$$Limit                     0x08007408   Number         0  anon$$obj.o(Region$$Table)
    __ctype                                  0x08007415   Data           0  lc_ctype_c.o(locale$$data)
    SHT$$INIT_ARRAY$$Base                    0x08007534   Number         0  main.o(.init_array)
    SHT$$INIT_ARRAY$$Limit                   0x08007538   Number         0  init_aeabi.o(.init_array)
    __aeabi_stdin                            0x20000000   Data           4  stdio_streams.o(.data)
    __aeabi_stdout                           0x20000004   Data           4  stdio_streams.o(.data)
    __aeabi_stderr                           0x20000008   Data           4  stdio_streams.o(.data)
    FIFO_Data                                0x2000000c   Data          20  fifo.o(.data.FIFO_Data)
    SystemCoreClock                          0x20000020   Data           4  system_n32g4fr.o(.data.SystemCoreClock)
    nr_shell                                 0x20000024   Data         308  nr_micro_shell.o(.data.nr_shell)
    __stdin                                  0x20000158   Data          84  stdio_streams.o(.bss)
    __stdout                                 0x200001ac   Data          84  stdio_streams.o(.bss)
    __stderr                                 0x20000200   Data          84  stdio_streams.o(.bss)
    __libspace_start                         0x20000254   Data          96  libspace.o(.bss)
    FIFO_DataBuffer                          0x200002b4   Data        8000  fifo.o(.bss.FIFO_DataBuffer)
    __temporary_stack_top$libspace           0x200002b4   Data           0  libspace.o(.bss)
    _SEGGER_RTT                              0x20002238   Data         168  segger_rtt.o(.bss._SEGGER_RTT)
    dwt                                      0x200026f0   Data           4  main.o(.bss.dwt)
    hardware_n32_ch2840adx                   0x200026f4   Data          48  main.o(.bss.hardware_n32_ch2840adx)
    next_state                               0x20002724   Data           1  app.o(.bss.next_state)
    nr                                       0x20002725   Data           1  main.o(.bss.nr)
    nr_ansi                                  0x20002728   Data         132  ansi.o(.bss.nr_ansi)
    segger_cb                                0x200027b0   Data       16384  main.o(.bss.segger_cb)
    state                                    0x200067b0   Data           1  app.o(.bss.state)



==============================================================================

Memory Map of the image

  Image Entry point : 0x08000199

  Load Region LR_IROM1 (Base: 0x08000000, Size: 0x00007690, Max: 0x00080000, ABSOLUTE, COMPRESSED[0x00007568])

    Execution Region ER_IROM1 (Exec base: 0x08000000, Load base: 0x08000000, Size: 0x00007538, Max: 0x00080000, ABSOLUTE)

    Exec Addr    Load Addr    Size         Type   Attr      Idx    E Section Name        Object

    0x08000000   0x08000000   0x00000198   Data   RO          341    RESET               startup_n32g4fr.o
    0x08000198   0x08000198   0x00000008   Code   RO         1846  * !!!main             c_w.l(__main.o)
    0x080001a0   0x080001a0   0x00000034   Code   RO         2352    !!!scatter          c_w.l(__scatter.o)
    0x080001d4   0x080001d4   0x0000003a   Code   RO         2350    !!dczerorl          c_w.l(__dczerorl.o)
    0x0800020e   0x0800020e   0x00000002   PAD
    0x08000210   0x08000210   0x0000001c   Code   RO         2354    !!handler_zi        c_w.l(__scatter_zi.o)
    0x0800022c   0x0800022c   0x00000000   Code   RO         1939    .ARM.Collect$$_printf_percent$$00000000  c_w.l(_printf_percent.o)
    0x0800022c   0x0800022c   0x00000006   Code   RO         1928    .ARM.Collect$$_printf_percent$$00000001  c_w.l(_printf_n.o)
    0x08000232   0x08000232   0x00000006   Code   RO         1930    .ARM.Collect$$_printf_percent$$00000002  c_w.l(_printf_p.o)
    0x08000238   0x08000238   0x00000006   Code   RO         1935    .ARM.Collect$$_printf_percent$$00000003  c_w.l(_printf_f.o)
    0x0800023e   0x0800023e   0x00000006   Code   RO         1936    .ARM.Collect$$_printf_percent$$00000004  c_w.l(_printf_e.o)
    0x08000244   0x08000244   0x00000006   Code   RO         1937    .ARM.Collect$$_printf_percent$$00000005  c_w.l(_printf_g.o)
    0x0800024a   0x0800024a   0x00000006   Code   RO         1938    .ARM.Collect$$_printf_percent$$00000006  c_w.l(_printf_a.o)
    0x08000250   0x08000250   0x0000000a   Code   RO         1943    .ARM.Collect$$_printf_percent$$00000007  c_w.l(_printf_ll.o)
    0x0800025a   0x0800025a   0x00000006   Code   RO         1932    .ARM.Collect$$_printf_percent$$00000008  c_w.l(_printf_i.o)
    0x08000260   0x08000260   0x00000006   Code   RO         1933    .ARM.Collect$$_printf_percent$$00000009  c_w.l(_printf_d.o)
    0x08000266   0x08000266   0x00000006   Code   RO         1934    .ARM.Collect$$_printf_percent$$0000000A  c_w.l(_printf_u.o)
    0x0800026c   0x0800026c   0x00000006   Code   RO         1931    .ARM.Collect$$_printf_percent$$0000000B  c_w.l(_printf_o.o)
    0x08000272   0x08000272   0x00000006   Code   RO         1929    .ARM.Collect$$_printf_percent$$0000000C  c_w.l(_printf_x.o)
    0x08000278   0x08000278   0x00000006   Code   RO         1940    .ARM.Collect$$_printf_percent$$0000000D  c_w.l(_printf_lli.o)
    0x0800027e   0x0800027e   0x00000006   Code   RO         1941    .ARM.Collect$$_printf_percent$$0000000E  c_w.l(_printf_lld.o)
    0x08000284   0x08000284   0x00000006   Code   RO         1942    .ARM.Collect$$_printf_percent$$0000000F  c_w.l(_printf_llu.o)
    0x0800028a   0x0800028a   0x00000006   Code   RO         1947    .ARM.Collect$$_printf_percent$$00000010  c_w.l(_printf_llo.o)
    0x08000290   0x08000290   0x00000006   Code   RO         1948    .ARM.Collect$$_printf_percent$$00000011  c_w.l(_printf_llx.o)
    0x08000296   0x08000296   0x0000000a   Code   RO         1944    .ARM.Collect$$_printf_percent$$00000012  c_w.l(_printf_l.o)
    0x080002a0   0x080002a0   0x00000006   Code   RO         1926    .ARM.Collect$$_printf_percent$$00000013  c_w.l(_printf_c.o)
    0x080002a6   0x080002a6   0x00000006   Code   RO         1927    .ARM.Collect$$_printf_percent$$00000014  c_w.l(_printf_s.o)
    0x080002ac   0x080002ac   0x00000006   Code   RO         1945    .ARM.Collect$$_printf_percent$$00000015  c_w.l(_printf_lc.o)
    0x080002b2   0x080002b2   0x00000006   Code   RO         1946    .ARM.Collect$$_printf_percent$$00000016  c_w.l(_printf_ls.o)
    0x080002b8   0x080002b8   0x00000004   Code   RO         2130    .ARM.Collect$$_printf_percent$$00000017  c_w.l(_printf_percent_end.o)
    0x080002bc   0x080002bc   0x00000002   Code   RO         2261    .ARM.Collect$$libinit$$00000000  c_w.l(libinit.o)
    0x080002be   0x080002be   0x00000004   Code   RO         1966    .ARM.Collect$$libinit$$00000001  c_w.l(libinit2.o)
    0x080002c2   0x080002c2   0x00000000   Code   RO         1969    .ARM.Collect$$libinit$$00000004  c_w.l(libinit2.o)
    0x080002c2   0x080002c2   0x00000008   Code   RO         1970    .ARM.Collect$$libinit$$00000005  c_w.l(libinit2.o)
    0x080002ca   0x080002ca   0x00000000   Code   RO         1972    .ARM.Collect$$libinit$$0000000A  c_w.l(libinit2.o)
    0x080002ca   0x080002ca   0x00000000   Code   RO         1974    .ARM.Collect$$libinit$$0000000C  c_w.l(libinit2.o)
    0x080002ca   0x080002ca   0x00000000   Code   RO         1976    .ARM.Collect$$libinit$$0000000E  c_w.l(libinit2.o)
    0x080002ca   0x080002ca   0x00000006   Code   RO         1977    .ARM.Collect$$libinit$$0000000F  c_w.l(libinit2.o)
    0x080002d0   0x080002d0   0x00000000   Code   RO         1979    .ARM.Collect$$libinit$$00000011  c_w.l(libinit2.o)
    0x080002d0   0x080002d0   0x0000000c   Code   RO         1980    .ARM.Collect$$libinit$$00000012  c_w.l(libinit2.o)
    0x080002dc   0x080002dc   0x00000000   Code   RO         1981    .ARM.Collect$$libinit$$00000013  c_w.l(libinit2.o)
    0x080002dc   0x080002dc   0x00000000   Code   RO         1983    .ARM.Collect$$libinit$$00000015  c_w.l(libinit2.o)
    0x080002dc   0x080002dc   0x0000000a   Code   RO         1984    .ARM.Collect$$libinit$$00000016  c_w.l(libinit2.o)
    0x080002e6   0x080002e6   0x00000000   Code   RO         1985    .ARM.Collect$$libinit$$00000017  c_w.l(libinit2.o)
    0x080002e6   0x080002e6   0x00000000   Code   RO         1987    .ARM.Collect$$libinit$$00000019  c_w.l(libinit2.o)
    0x080002e6   0x080002e6   0x00000000   Code   RO         1989    .ARM.Collect$$libinit$$0000001B  c_w.l(libinit2.o)
    0x080002e6   0x080002e6   0x00000000   Code   RO         1991    .ARM.Collect$$libinit$$0000001D  c_w.l(libinit2.o)
    0x080002e6   0x080002e6   0x00000000   Code   RO         1993    .ARM.Collect$$libinit$$0000001F  c_w.l(libinit2.o)
    0x080002e6   0x080002e6   0x00000000   Code   RO         1995    .ARM.Collect$$libinit$$00000021  c_w.l(libinit2.o)
    0x080002e6   0x080002e6   0x00000000   Code   RO         1997    .ARM.Collect$$libinit$$00000023  c_w.l(libinit2.o)
    0x080002e6   0x080002e6   0x00000004   Code   RO         1998    .ARM.Collect$$libinit$$00000024  c_w.l(libinit2.o)
    0x080002ea   0x080002ea   0x00000000   Code   RO         1999    .ARM.Collect$$libinit$$00000025  c_w.l(libinit2.o)
    0x080002ea   0x080002ea   0x00000000   Code   RO         2003    .ARM.Collect$$libinit$$0000002C  c_w.l(libinit2.o)
    0x080002ea   0x080002ea   0x00000000   Code   RO         2005    .ARM.Collect$$libinit$$0000002E  c_w.l(libinit2.o)
    0x080002ea   0x080002ea   0x00000000   Code   RO         2007    .ARM.Collect$$libinit$$00000030  c_w.l(libinit2.o)
    0x080002ea   0x080002ea   0x00000004   Code   RO         2008    .ARM.Collect$$libinit$$00000031  c_w.l(libinit2.o)
    0x080002ee   0x080002ee   0x00000000   Code   RO         2009    .ARM.Collect$$libinit$$00000032  c_w.l(libinit2.o)
    0x080002ee   0x080002ee   0x00000002   Code   RO         2010    .ARM.Collect$$libinit$$00000033  c_w.l(libinit2.o)
    0x080002f0   0x080002f0   0x00000002   Code   RO         2347    .ARM.Collect$$libshutdown$$00000000  c_w.l(libshutdown.o)
    0x080002f2   0x080002f2   0x00000006   Code   RO         2157    .ARM.Collect$$libshutdown$$00000001  c_w.l(libshutdown2.o)
    0x080002f8   0x080002f8   0x00000000   Code   RO         2158    .ARM.Collect$$libshutdown$$00000002  c_w.l(libshutdown2.o)
    0x080002f8   0x080002f8   0x00000004   Code   RO         2159    .ARM.Collect$$libshutdown$$00000003  c_w.l(libshutdown2.o)
    0x080002fc   0x080002fc   0x00000000   Code   RO         2160    .ARM.Collect$$libshutdown$$00000004  c_w.l(libshutdown2.o)
    0x080002fc   0x080002fc   0x00000000   Code   RO         2163    .ARM.Collect$$libshutdown$$00000007  c_w.l(libshutdown2.o)
    0x080002fc   0x080002fc   0x00000000   Code   RO         2166    .ARM.Collect$$libshutdown$$0000000A  c_w.l(libshutdown2.o)
    0x080002fc   0x080002fc   0x00000000   Code   RO         2168    .ARM.Collect$$libshutdown$$0000000C  c_w.l(libshutdown2.o)
    0x080002fc   0x080002fc   0x00000000   Code   RO         2171    .ARM.Collect$$libshutdown$$0000000F  c_w.l(libshutdown2.o)
    0x080002fc   0x080002fc   0x00000002   Code   RO         2172    .ARM.Collect$$libshutdown$$00000010  c_w.l(libshutdown2.o)
    0x080002fe   0x080002fe   0x00000000   Code   RO         1854    .ARM.Collect$$rtentry$$00000000  c_w.l(__rtentry.o)
    0x080002fe   0x080002fe   0x00000000   Code   RO         2032    .ARM.Collect$$rtentry$$00000002  c_w.l(__rtentry2.o)
    0x080002fe   0x080002fe   0x00000006   Code   RO         2044    .ARM.Collect$$rtentry$$00000004  c_w.l(__rtentry4.o)
    0x08000304   0x08000304   0x00000000   Code   RO         2034    .ARM.Collect$$rtentry$$00000009  c_w.l(__rtentry2.o)
    0x08000304   0x08000304   0x00000004   Code   RO         2035    .ARM.Collect$$rtentry$$0000000A  c_w.l(__rtentry2.o)
    0x08000308   0x08000308   0x00000000   Code   RO         2037    .ARM.Collect$$rtentry$$0000000C  c_w.l(__rtentry2.o)
    0x08000308   0x08000308   0x00000008   Code   RO         2038    .ARM.Collect$$rtentry$$0000000D  c_w.l(__rtentry2.o)
    0x08000310   0x08000310   0x00000002   Code   RO         2278    .ARM.Collect$$rtexit$$00000000  c_w.l(rtexit.o)
    0x08000312   0x08000312   0x00000000   Code   RO         2308    .ARM.Collect$$rtexit$$00000002  c_w.l(rtexit2.o)
    0x08000312   0x08000312   0x00000004   Code   RO         2309    .ARM.Collect$$rtexit$$00000003  c_w.l(rtexit2.o)
    0x08000316   0x08000316   0x00000006   Code   RO         2310    .ARM.Collect$$rtexit$$00000004  c_w.l(rtexit2.o)
    0x0800031c   0x0800031c   0x00000040   Code   RO          342    .text               startup_n32g4fr.o
    0x0800035c   0x0800035c   0x00000010   Code   RO         1814    .text               c_w.l(rt_ctype_table.o)
    0x0800036c   0x0800036c   0x00000018   Code   RO         1816    .text               c_w.l(printf.o)
    0x08000384   0x08000384   0x00000004   Code   RO         1818    .text               c_w.l(putc.o)
    0x08000388   0x08000388   0x0000000a   Code   RO         1829    .text               c_w.l(cxa_atexit.o)
    0x08000392   0x08000392   0x00000024   Code   RO         1832    .text               c_w.l(strstr.o)
    0x080003b6   0x080003b6   0x00000048   Code   RO         1834    .text               c_w.l(strcpy.o)
    0x080003fe   0x080003fe   0x0000003e   Code   RO         1836    .text               c_w.l(strlen.o)
    0x0800043c   0x0800043c   0x0000008a   Code   RO         1838    .text               c_w.l(rt_memcpy_v6.o)
    0x080004c6   0x080004c6   0x00000044   Code   RO         1840    .text               c_w.l(rt_memclr.o)
    0x0800050a   0x0800050a   0x00000006   PAD
    0x08000510   0x08000510   0x0000007c   Code   RO         1842    .text               c_w.l(strcmpv7em.o)
    0x0800058c   0x0800058c   0x00000006   Code   RO         1844    .text               c_w.l(heapauxi.o)
    0x08000592   0x08000592   0x00000002   PAD
    0x08000594   0x08000594   0x00000024   Code   RO         1851    .text               c_w.l(init_aeabi.o)
    0x080005b8   0x080005b8   0x00000008   Code   RO         1858    .text               c_w.l(rt_locale_intlibspace.o)
    0x080005c0   0x080005c0   0x0000004e   Code   RO         1862    .text               c_w.l(_printf_pad.o)
    0x0800060e   0x0800060e   0x00000024   Code   RO         1864    .text               c_w.l(_printf_truncate.o)
    0x08000632   0x08000632   0x00000052   Code   RO         1866    .text               c_w.l(_printf_str.o)
    0x08000684   0x08000684   0x00000078   Code   RO         1868    .text               c_w.l(_printf_dec.o)
    0x080006fc   0x080006fc   0x00000028   Code   RO         1870    .text               c_w.l(_printf_charcount.o)
    0x08000724   0x08000724   0x00000024   Code   RO         1872    .text               c_w.l(_printf_char_file.o)
    0x08000748   0x08000748   0x000000bc   Code   RO         1874    .text               c_w.l(_printf_wctomb.o)
    0x08000804   0x08000804   0x0000007c   Code   RO         1877    .text               c_w.l(_printf_longlong_dec.o)
    0x08000880   0x08000880   0x00000070   Code   RO         1883    .text               c_w.l(_printf_oct_int_ll.o)
    0x080008f0   0x080008f0   0x00000094   Code   RO         1903    .text               c_w.l(_printf_hex_int_ll_ptr.o)
    0x08000984   0x08000984   0x00000188   Code   RO         1923    .text               c_w.l(__printf_flags_ss_wp.o)
    0x08000b0c   0x08000b0c   0x00000138   Code   RO         1949    .text               c_w.l(initio.o)
    0x08000c44   0x08000c44   0x0000002e   Code   RO         1959    .text               c_w.l(aeabi_atexit.o)
    0x08000c72   0x08000c72   0x00000064   Code   RO         1962    .text               c_w.l(rt_memcpy_w.o)
    0x08000cd6   0x08000cd6   0x0000004e   Code   RO         1964    .text               c_w.l(rt_memclr_w.o)
    0x08000d24   0x08000d24   0x00000008   Code   RO         2026    .text               c_w.l(libspace.o)
    0x08000d2c   0x08000d2c   0x00000008   Code   RO         2049    .text               c_w.l(rt_ddtor_pointer_addr_intlibspace.o)
    0x08000d34   0x08000d34   0x0000005e   Code   RO         2055    .text               c_w.l(h1_alloc.o)
    0x08000d92   0x08000d92   0x0000004e   Code   RO         2057    .text               c_w.l(h1_free.o)
    0x08000de0   0x08000de0   0x0000008a   Code   RO         2113    .text               c_w.l(lludiv10.o)
    0x08000e6a   0x08000e6a   0x000000b2   Code   RO         2115    .text               c_w.l(_printf_intcommon.o)
    0x08000f1c   0x08000f1c   0x0000041c   Code   RO         2117    .text               c_w.l(_printf_fp_dec.o)
    0x08001338   0x08001338   0x000002fc   Code   RO         2121    .text               c_w.l(_printf_fp_hex.o)
    0x08001634   0x08001634   0x00000030   Code   RO         2124    .text               c_w.l(_printf_char_common.o)
    0x08001664   0x08001664   0x0000002c   Code   RO         2126    .text               c_w.l(_printf_char.o)
    0x08001690   0x08001690   0x0000002c   Code   RO         2128    .text               c_w.l(_printf_wchar.o)
    0x080016bc   0x080016bc   0x00000008   Code   RO         2131    .text               c_w.l(ferror.o)
    0x080016c4   0x080016c4   0x00000046   Code   RO         2133    .text               c_w.l(setvbuf.o)
    0x0800170a   0x0800170a   0x00000002   PAD
    0x0800170c   0x0800170c   0x000000f0   Code   RO         2136    .text               c_w.l(fopen.o)
    0x080017fc   0x080017fc   0x0000004c   Code   RO         2138    .text               c_w.l(fclose.o)
    0x08001848   0x08001848   0x00000048   Code   RO         2146    .text               c_w.l(_c16rtomb.o)
    0x08001890   0x08001890   0x00000042   Code   RO         2148    .text               c_w.l(cxa_finalize.o)
    0x080018d2   0x080018d2   0x0000000e   Code   RO         2151    .text               c_w.l(defsig_rtred_outer.o)
    0x080018e0   0x080018e0   0x00000066   Code   RO         2175    .text               c_w.l(sys_io.o)
    0x08001946   0x08001946   0x0000004a   Code   RO         2179    .text               c_w.l(sys_stackheap_outer.o)
    0x08001990   0x08001990   0x00000008   Code   RO         2186    .text               c_w.l(rt_heap_descriptor_intlibspace.o)
    0x08001998   0x08001998   0x00000004   Code   RO         2188    .text               c_w.l(hguard.o)
    0x0800199c   0x0800199c   0x0000008a   Code   RO         2190    .text               c_w.l(init_alloc.o)
    0x08001a26   0x08001a26   0x0000000e   Code   RO         2194    .text               c_w.l(h1_init.o)
    0x08001a34   0x08001a34   0x00000080   Code   RO         2206    .text               c_w.l(_printf_fp_infnan.o)
    0x08001ab4   0x08001ab4   0x000000e4   Code   RO         2210    .text               c_w.l(bigflt0.o)
    0x08001b98   0x08001b98   0x000000f8   Code   RO         2237    .text               c_w.l(fseek.o)
    0x08001c90   0x08001c90   0x000000f0   Code   RO         2239    .text               c_w.l(stdio.o)
    0x08001d80   0x08001d80   0x00000012   Code   RO         2244    .text               c_w.l(exit.o)
    0x08001d92   0x08001d92   0x0000000a   Code   RO         2246    .text               c_w.l(defsig_exit.o)
    0x08001d9c   0x08001d9c   0x00000034   Code   RO         2248    .text               c_w.l(defsig_rtred_inner.o)
    0x08001dd0   0x08001dd0   0x0000000c   Code   RO         2269    .text               c_w.l(sys_exit.o)
    0x08001ddc   0x08001ddc   0x00000002   Code   RO         2275    .text               c_w.l(use_no_semi.o)
    0x08001dde   0x08001dde   0x00000000   Code   RO         2277    .text               c_w.l(indicate_semi.o)
    0x08001dde   0x08001dde   0x00000000   Code   RO         2282    .text               c_w.l(maybetermalloc1.o)
    0x08001dde   0x08001dde   0x00000034   Code   RO         2284    .text               c_w.l(h1_extend.o)
    0x08001e12   0x08001e12   0x00000042   Code   RO         2290    .text               c_w.l(ftell.o)
    0x08001e54   0x08001e54   0x00000032   Code   RO         2294    .text               c_w.l(defsig_general.o)
    0x08001e86   0x08001e86   0x0000000e   Code   RO         2296    .text               c_w.l(defsig_rtmem_outer.o)
    0x08001e94   0x08001e94   0x0000000e   Code   RO         2303    .text               c_w.l(sys_wrch.o)
    0x08001ea2   0x08001ea2   0x00000002   PAD
    0x08001ea4   0x08001ea4   0x00000008   Code   RO         2317    .text               c_w.l(rt_errno_addr_intlibspace.o)
    0x08001eac   0x08001eac   0x00000050   Code   RO         2323    .text               c_w.l(defsig_rtmem_inner.o)
    0x08001efc   0x08001efc   0x00000038   Code   RO          470    .text.ADC_ConfigClk  n32g4fr_adc.o
    0x08001f34   0x08001f34   0x000001a8   Code   RO          416    .text.ADC_ConfigRegularChannel  n32g4fr_adc.o
    0x080020dc   0x080020dc   0x0000002c   Code   RO          398    .text.ADC_Enable    n32g4fr_adc.o
    0x08002108   0x08002108   0x0000002c   Code   RO          400    .text.ADC_EnableDMA  n32g4fr_adc.o
    0x08002134   0x08002134   0x0000002c   Code   RO          408    .text.ADC_EnableSoftwareStartConv  n32g4fr_adc.o
    0x08002160   0x08002160   0x0000002e   Code   RO          406    .text.ADC_GetCalibrationStatus  n32g4fr_adc.o
    0x0800218e   0x0800218e   0x00000002   PAD
    0x08002190   0x08002190   0x00000034   Code   RO          464    .text.ADC_GetFlagStatusNew  n32g4fr_adc.o
    0x080021c4   0x080021c4   0x0000009a   Code   RO          394    .text.ADC_Init      n32g4fr_adc.o
    0x0800225e   0x0800225e   0x00000002   PAD
    0x08002260   0x08002260   0x00000012   Code   RO          404    .text.ADC_StartCalibration  n32g4fr_adc.o
    0x08002272   0x08002272   0x00000002   PAD
    0x08002274   0x08002274   0x00000004   Code   RO          353    .text.BusFault_Handler  n32g4fr_it.o
    0x08002278   0x08002278   0x00000244   Code   RO          658    .text.DMA_DeInit    n32g4fr_dma.o
    0x080024bc   0x080024bc   0x0000002e   Code   RO          664    .text.DMA_EnableChannel  n32g4fr_dma.o
    0x080024ea   0x080024ea   0x00000002   PAD
    0x080024ec   0x080024ec   0x0000006c   Code   RO          660    .text.DMA_Init      n32g4fr_dma.o
    0x08002558   0x08002558   0x00000002   Code   RO          359    .text.DebugMon_Handler  n32g4fr_it.o
    0x0800255a   0x0800255a   0x00000002   PAD
    0x0800255c   0x0800255c   0x0000000c   Code   RO          198    .text.FIFO_GetDataCount  fifo.o
    0x08002568   0x08002568   0x0000009c   Code   RO          190    .text.FIFO_ReadData  fifo.o
    0x08002604   0x08002604   0x00000186   Code   RO          798    .text.GPIO_InitPeripheral  n32g4fr_gpio.o
    0x0800278a   0x0800278a   0x00000002   PAD
    0x0800278c   0x0800278c   0x00000114   Code   RO         1697    .text.HardFaultHandler  segger_hardfaulthandler.o
    0x080028a0   0x080028a0   0x00000004   Code   RO          351    .text.MemManage_Handler  n32g4fr_it.o
    0x080028a4   0x080028a4   0x00000002   Code   RO          349    .text.NMI_Handler   n32g4fr_it.o
    0x080028a6   0x080028a6   0x00000002   PAD
    0x080028a8   0x080028a8   0x000000aa   Code   RO          377    .text.NVIC_Init     misc.o
    0x08002952   0x08002952   0x00000002   PAD
    0x08002954   0x08002954   0x0000001c   Code   RO          375    .text.NVIC_PriorityGroupConfig  misc.o
    0x08002970   0x08002970   0x0000003e   Code   RO         1053    .text.RCC_ConfigAdc1mClk  n32g4fr_rcc.o
    0x080029ae   0x080029ae   0x00000002   PAD
    0x080029b0   0x080029b0   0x0000002c   Code   RO         1057    .text.RCC_ConfigAdcHclk  n32g4fr_rcc.o
    0x080029dc   0x080029dc   0x00000054   Code   RO         1055    .text.RCC_ConfigAdcPllClk  n32g4fr_rcc.o
    0x08002a30   0x08002a30   0x0000002c   Code   RO         1039    .text.RCC_ConfigPclk1  n32g4fr_rcc.o
    0x08002a5c   0x08002a5c   0x00000038   Code   RO         1073    .text.RCC_EnableAHBPeriphClk  n32g4fr_rcc.o
    0x08002a94   0x08002a94   0x00000038   Code   RO         1077    .text.RCC_EnableAPB1PeriphClk  n32g4fr_rcc.o
    0x08002acc   0x08002acc   0x00000038   Code   RO         1075    .text.RCC_EnableAPB2PeriphClk  n32g4fr_rcc.o
    0x08002b04   0x08002b04   0x000001c4   Code   RO         1071    .text.RCC_GetClocksFreqValue  n32g4fr_rcc.o
    0x08002cc8   0x08002cc8   0x000000a0   Code   RO         1758    .text.SEGGER_RTT_ConfigUpBuffer  segger_rtt.o
    0x08002d68   0x08002d68   0x00000008   Code   RO         1770    .text.SEGGER_RTT_Init  segger_rtt.o
    0x08002d70   0x08002d70   0x0000004c   Code   RO         1734    .text.SEGGER_RTT_Write  segger_rtt.o
    0x08002dbc   0x08002dbc   0x000000b0   Code   RO         1730    .text.SEGGER_RTT_WriteNoLock  segger_rtt.o
    0x08002e6c   0x08002e6c   0x0000002a   Code   RO         1803    .text.SEGGER_RTT_printf  segger_rtt_printf.o
    0x08002e96   0x08002e96   0x00000002   PAD
    0x08002e98   0x08002e98   0x0000033c   Code   RO         1795    .text.SEGGER_RTT_vprintf  segger_rtt_printf.o
    0x080031d4   0x080031d4   0x00000002   Code   RO          357    .text.SVC_Handler   n32g4fr_it.o
    0x080031d6   0x080031d6   0x00000002   PAD
    0x080031d8   0x080031d8   0x00000148   Code   RO          327    .text.SetSysClock   system_n32g4fr.o
    0x08003320   0x08003320   0x00000002   Code   RO          361    .text.SysTick_Handler  n32g4fr_it.o
    0x08003322   0x08003322   0x00000002   PAD
    0x08003324   0x08003324   0x000000cc   Code   RO          325    .text.SystemInit    system_n32g4fr.o
    0x080033f0   0x080033f0   0x0000002c   Code   RO         1418    .text.TIM_ConfigArPreload  n32g4fr_tim.o
    0x0800341c   0x0800341c   0x00000034   Code   RO         1378    .text.TIM_ConfigInt  n32g4fr_tim.o
    0x08003450   0x08003450   0x0000003c   Code   RO         1430    .text.TIM_ConfigOc3Preload  n32g4fr_tim.o
    0x0800348c   0x0800348c   0x0000003e   Code   RO         1432    .text.TIM_ConfigOc4Preload  n32g4fr_tim.o
    0x080034ca   0x080034ca   0x00000002   PAD
    0x080034cc   0x080034cc   0x0000002c   Code   RO         1374    .text.TIM_Enable    n32g4fr_tim.o
    0x080034f8   0x080034f8   0x00000106   Code   RO         1336    .text.TIM_InitOc3   n32g4fr_tim.o
    0x080035fe   0x080035fe   0x00000002   PAD
    0x08003600   0x08003600   0x000000ce   Code   RO         1338    .text.TIM_InitOc4   n32g4fr_tim.o
    0x080036ce   0x080036ce   0x00000002   PAD
    0x080036d0   0x080036d0   0x000002f4   Code   RO         1330    .text.TIM_InitTimeBase  n32g4fr_tim.o
    0x080039c4   0x080039c4   0x0000007c   Code   RO          365    .text.USART3_IRQHandler  n32g4fr_it.o
    0x08003a40   0x08003a40   0x00000092   Code   RO         1592    .text.USART_ConfigInt  n32g4fr_usart.o
    0x08003ad2   0x08003ad2   0x00000002   PAD
    0x08003ad4   0x08003ad4   0x0000002c   Code   RO         1590    .text.USART_Enable  n32g4fr_usart.o
    0x08003b00   0x08003b00   0x00000044   Code   RO         1626    .text.USART_GetFlagStatus  n32g4fr_usart.o
    0x08003b44   0x08003b44   0x000000b0   Code   RO         1630    .text.USART_GetIntStatus  n32g4fr_usart.o
    0x08003bf4   0x08003bf4   0x00000124   Code   RO         1582    .text.USART_Init    n32g4fr_usart.o
    0x08003d18   0x08003d18   0x00000010   Code   RO         1608    .text.USART_ReceiveData  n32g4fr_usart.o
    0x08003d28   0x08003d28   0x00000018   Code   RO         1606    .text.USART_SendData  n32g4fr_usart.o
    0x08003d40   0x08003d40   0x00000004   Code   RO          355    .text.UsageFault_Handler  n32g4fr_it.o
    0x08003d44   0x08003d44   0x0000009c   Code   RO         1712    .text._DoInit       segger_rtt.o
    0x08003de0   0x08003de0   0x00000014   Code   RO           16    .text._GLOBAL__sub_I_main.cpp  main.o
    0x08003df4   0x08003df4   0x0000003e   Code   RO         1724    .text._GetAvailWriteSpace  segger_rtt.o
    0x08003e32   0x08003e32   0x00000002   PAD
    0x08003e34   0x08003e34   0x000001cc   Code   RO         1799    .text._PrintInt     segger_rtt_printf.o
    0x08004000   0x08004000   0x000001ac   Code   RO         1801    .text._PrintUnsigned  segger_rtt_printf.o
    0x080041ac   0x080041ac   0x00000076   Code   RO         1797    .text._StoreChar    segger_rtt_printf.o
    0x08004222   0x08004222   0x00000002   PAD
    0x08004224   0x08004224   0x000000e4   Code   RO         1728    .text._WriteBlocking  segger_rtt.o
    0x08004308   0x08004308   0x0000008c   Code   RO         1726    .text._WriteNoCheck  segger_rtt.o
    0x08004394   0x08004394   0x00000026   Code   RO           12    .text._Z4loopv      main.o
    0x080043ba   0x080043ba   0x00000002   PAD
    0x080043bc   0x080043bc   0x00000002   Code   RO           10    .text._Z5setupv     main.o
    0x080043be   0x080043be   0x00000002   PAD
    0x080043c0   0x080043c0   0x00000010   Code   RO          118    .text._ZN2Do3lowEv  do.o
    0x080043d0   0x080043d0   0x00000010   Code   RO          120    .text._ZN2Do4highEv  do.o
    0x080043e0   0x080043e0   0x00000014   Code   RO          122    .text._ZN2Do6toggleEv  do.o
    0x080043f4   0x080043f4   0x0000010e   Code   RO          114    .text._ZN2Do8init_pinEP11GPIO_Modulet  do.o
    0x08004502   0x08004502   0x00000002   PAD
    0x08004504   0x08004504   0x0000000a   Code   RO          110    .text._ZN2DoC2Ev    do.o
    0x0800450e   0x0800450e   0x00000002   PAD
    0x08004510   0x08004510   0x0000000a   Code   RO          116    .text._ZN2DoD2Ev    do.o
    0x0800451a   0x0800451a   0x00000002   PAD
    0x0800451c   0x0800451c   0x00000108   Code   RO           50    .text._ZN3Adc10init_timerEv  adc.o
    0x08004624   0x08004624   0x0000003e   Code   RO           42    .text._ZN3Adc4initEv  adc.o
    0x08004662   0x08004662   0x00000002   PAD
    0x08004664   0x08004664   0x00000122   Code   RO           48    .text._ZN3Adc8init_adcEv  adc.o
    0x08004786   0x08004786   0x00000002   PAD
    0x08004788   0x08004788   0x000000b2   Code   RO           46    .text._ZN3Adc8init_dmaEv  adc.o
    0x0800483a   0x0800483a   0x00000002   PAD
    0x0800483c   0x0800483c   0x00000022   Code   RO           44    .text._ZN3Adc8init_pinEP11GPIO_Modulej  adc.o
    0x0800485e   0x0800485e   0x00000002   PAD
    0x08004860   0x08004860   0x00000014   Code   RO           52    .text._ZN3AdcC2Ev   adc.o
    0x08004874   0x08004874   0x0000000a   Code   RO           54    .text._ZN3AdcD2Ev   adc.o
    0x0800487e   0x0800487e   0x00000002   PAD
    0x08004880   0x08004880   0x00000074   Code   RO           84    .text._ZN3Clk11print_clockEv  clk.o
    0x080048f4   0x080048f4   0x00000084   Code   RO           82    .text._ZN3ClkC2Ev   clk.o
    0x08004978   0x08004978   0x0000000a   Code   RO           86    .text._ZN3ClkD2Ev   clk.o
    0x08004982   0x08004982   0x00000002   PAD
    0x08004984   0x08004984   0x0000007e   Code   RO           96    .text._ZN3Rtt4initEv  rtt.o
    0x08004a02   0x08004a02   0x00000002   PAD
    0x08004a04   0x08004a04   0x00000014   Code   RO           98    .text._ZN3RttC2Ev   rtt.o
    0x08004a18   0x08004a18   0x0000000a   Code   RO          100    .text._ZN3RttD2Ev   rtt.o
    0x08004a22   0x08004a22   0x00000002   PAD
    0x08004a24   0x08004a24   0x0000004e   Code   RO           67    .text._ZN4Uart4initEj  uart.o
    0x08004a72   0x08004a72   0x00000002   PAD
    0x08004a74   0x08004a74   0x0000004e   Code   RO           65    .text._ZN4Uart8init_pinEv  uart.o
    0x08004ac2   0x08004ac2   0x00000002   PAD
    0x08004ac4   0x08004ac4   0x0000002a   Code   RO           69    .text._ZN4Uart9init_nvicEv  uart.o
    0x08004aee   0x08004aee   0x00000002   PAD
    0x08004af0   0x08004af0   0x00000024   Code   RO           63    .text._ZN4UartC2Ev  uart.o
    0x08004b14   0x08004b14   0x0000000a   Code   RO           71    .text._ZN4UartD2Ev  uart.o
    0x08004b1e   0x08004b1e   0x00000002   PAD
    0x08004b20   0x08004b20   0x00000022   Code   RO          150    .text._ZN5Shell4initEv  shell.o
    0x08004b42   0x08004b42   0x00000002   PAD
    0x08004b44   0x08004b44   0x00000014   Code   RO          152    .text._ZN5ShellC2Ev  shell.o
    0x08004b58   0x08004b58   0x0000000a   Code   RO          154    .text._ZN5ShellD2Ev  shell.o
    0x08004b62   0x08004b62   0x00000002   PAD
    0x08004b64   0x08004b64   0x00000030   Code   RO          131    .text._ZN8DWTDelay4initEj  dwtdelay.o
    0x08004b94   0x08004b94   0x0000001a   Code   RO          139    .text._ZN8DWTDelay8delay_msEj  dwtdelay.o
    0x08004bae   0x08004bae   0x00000002   PAD
    0x08004bb0   0x08004bb0   0x00000086   Code   RO          137    .text._ZN8DWTDelay8delay_usEj  dwtdelay.o
    0x08004c36   0x08004c36   0x00000002   PAD
    0x08004c38   0x08004c38   0x0000001e   Code   RO          133    .text._ZN8DWTDelayC2Ev  dwtdelay.o
    0x08004c56   0x08004c56   0x00000002   PAD
    0x08004c58   0x08004c58   0x0000000a   Code   RO          135    .text._ZN8DWTDelayD2Ev  dwtdelay.o
    0x08004c62   0x08004c62   0x00000002   PAD
    0x08004c64   0x08004c64   0x000000a0   Code   RO           31    .text._ZN8HardwareC2Ev  hardware.o
    0x08004d04   0x08004d04   0x00000044   Code   RO           33    .text._ZN8HardwareD2Ev  hardware.o
    0x08004d48   0x08004d48   0x00000026   Code   RO          314    .text.__NVIC_SystemReset  nr_micro_shell_commands.o
    0x08004d6e   0x08004d6e   0x00000002   PAD
    0x08004d70   0x08004d70   0x0000002c   Code   RO            2    .text.__cxx_global_var_init  main.o
    0x08004d9c   0x08004d9c   0x0000002c   Code   RO            4    .text.__cxx_global_var_init.1  main.o
    0x08004dc8   0x08004dc8   0x0000002c   Code   RO            6    .text.__cxx_global_var_init.2  main.o
    0x08004df4   0x08004df4   0x0000002c   Code   RO            8    .text.__cxx_global_var_init.3  main.o
    0x08004e20   0x08004e20   0x000000d6   Code   RO          274    .text._shell_init   nr_micro_shell.o
    0x08004ef6   0x08004ef6   0x00000002   PAD
    0x08004ef8   0x08004ef8   0x0000001e   Code   RO          226    .text.ansi_clear_current_line  ansi.o
    0x08004f16   0x08004f16   0x00000002   PAD
    0x08004f18   0x08004f18   0x00000174   Code   RO          228    .text.ansi_get_char  ansi.o
    0x0800508c   0x0800508c   0x0000002a   Code   RO          224    .text.ansi_init     ansi.o
    0x080050b6   0x080050b6   0x00000002   PAD
    0x080050b8   0x080050b8   0x00000062   Code   RO          222    .text.ansi_search_char  ansi.o
    0x0800511a   0x0800511a   0x00000002   PAD
    0x0800511c   0x0800511c   0x00000038   Code   RO          242    .text.ansi_show_str  ansi_port.o
    0x08005154   0x08005154   0x00000042   Code   RO          171    .text.app           app.o
    0x08005196   0x08005196   0x00000002   PAD
    0x08005198   0x08005198   0x00000010   Code   RO          163    .text.error_process  app.o
    0x080051a8   0x080051a8   0x00000034   Code   RO          213    .text.fputc         bsp.o
    0x080051dc   0x080051dc   0x00000338   Code   RO          308    .text.hexdump       nr_micro_shell_commands.o
    0x08005514   0x08005514   0x00000018   Code   RO          167    .text.idle_process  app.o
    0x0800552c   0x0800552c   0x00000014   Code   RO           14    .text.main          main.o
    0x08005540   0x08005540   0x000000d4   Code   RO          244    .text.nr_ansi_common_char_slover  ansi_port.o
    0x08005614   0x08005614   0x0000003e   Code   RO          246    .text.nr_ansi_ctrl_common_slover  ansi_port.o
    0x08005652   0x08005652   0x00000002   PAD
    0x08005654   0x08005654   0x0000006c   Code   RO          264    .text.nr_ansi_in__  ansi_port.o
    0x080056c0   0x080056c0   0x0000006c   Code   RO          252    .text.nr_ansi_in_backspace  ansi_port.o
    0x0800572c   0x0800572c   0x000000a4   Code   RO          256    .text.nr_ansi_in_down  ansi_port.o
    0x080057d0   0x080057d0   0x0000003c   Code   RO          248    .text.nr_ansi_in_enter  ansi_port.o
    0x0800580c   0x0800580c   0x0000002c   Code   RO          258    .text.nr_ansi_in_left  ansi_port.o
    0x08005838   0x08005838   0x00000032   Code   RO          250    .text.nr_ansi_in_newline  ansi_port.o
    0x0800586a   0x0800586a   0x00000002   PAD
    0x0800586c   0x0800586c   0x00000030   Code   RO          260    .text.nr_ansi_in_right  ansi_port.o
    0x0800589c   0x0800589c   0x000000fe   Code   RO          262    .text.nr_ansi_in_tab  ansi_port.o
    0x0800599a   0x0800599a   0x00000002   PAD
    0x0800599c   0x0800599c   0x000000a8   Code   RO          254    .text.nr_ansi_in_up  ansi_port.o
    0x08005a44   0x08005a44   0x0000010a   Code   RO          286    .text.nr_shell_strtok  nr_micro_shell.o
    0x08005b4e   0x08005b4e   0x00000002   PAD
    0x08005b50   0x08005b50   0x0000004c   Code   RO          169    .text.sent_sample_data  app.o
    0x08005b9c   0x08005b9c   0x000000ba   Code   RO          288    .text.shell_cmd_complete  nr_micro_shell.o
    0x08005c56   0x08005c56   0x00000002   PAD
    0x08005c58   0x08005c58   0x00000078   Code   RO          310    .text.shell_hexdump_cmd  nr_micro_shell_commands.o
    0x08005cd0   0x08005cd0   0x00000178   Code   RO          290    .text.shell_his_copy_queue_item  nr_micro_shell.o
    0x08005e48   0x08005e48   0x0000016e   Code   RO          278    .text.shell_his_queue_add_cmd  nr_micro_shell.o
    0x08005fb6   0x08005fb6   0x00000002   PAD
    0x08005fb8   0x08005fb8   0x00000022   Code   RO          276    .text.shell_his_queue_init  nr_micro_shell.o
    0x08005fda   0x08005fda   0x00000002   PAD
    0x08005fdc   0x08005fdc   0x0000017c   Code   RO          284    .text.shell_his_queue_search_cmd  nr_micro_shell.o
    0x08006158   0x08006158   0x00000116   Code   RO          304    .text.shell_ls_cmd  nr_micro_shell_commands.o
    0x0800626e   0x0800626e   0x00000002   PAD
    0x08006270   0x08006270   0x00000168   Code   RO          282    .text.shell_parser  nr_micro_shell.o
    0x080063d8   0x080063d8   0x0000005a   Code   RO          312    .text.shell_quit_cmd  nr_micro_shell_commands.o
    0x08006432   0x08006432   0x00000002   PAD
    0x08006434   0x08006434   0x00000062   Code   RO          280    .text.shell_search_cmd  nr_micro_shell.o
    0x08006496   0x08006496   0x00000002   PAD
    0x08006498   0x08006498   0x0000004a   Code   RO          306    .text.shell_test_cmd  nr_micro_shell_commands.o
    0x080064e2   0x080064e2   0x00000002   PAD
    0x080064e4   0x080064e4   0x00000016   Code   RO          165    .text.uart_post_process  app.o
    0x080064fa   0x080064fa   0x0000003e   Code   RO         2213    CL$$btod_d2e        c_w.l(btod.o)
    0x08006538   0x08006538   0x00000046   Code   RO         2215    CL$$btod_d2e_denorm_low  c_w.l(btod.o)
    0x0800657e   0x0800657e   0x00000060   Code   RO         2214    CL$$btod_d2e_norm_op1  c_w.l(btod.o)
    0x080065de   0x080065de   0x00000002   PAD
    0x080065e0   0x080065e0   0x00000338   Code   RO         2223    CL$$btod_div_common  c_w.l(btod.o)
    0x08006918   0x08006918   0x000000dc   Code   RO         2220    CL$$btod_e2e        c_w.l(btod.o)
    0x080069f4   0x080069f4   0x0000002a   Code   RO         2217    CL$$btod_ediv       c_w.l(btod.o)
    0x08006a1e   0x08006a1e   0x0000002a   Code   RO         2216    CL$$btod_emul       c_w.l(btod.o)
    0x08006a48   0x08006a48   0x00000244   Code   RO         2222    CL$$btod_mult_common  c_w.l(btod.o)
    0x08006c8c   0x08006c8c   0x00000012   Code   RO         1706    OSKERNEL            hardfaulthandler.o
    0x08006c9e   0x08006c9e   0x00000030   Code   RO         2265    i.__ARM_fpclassify  m_wm.l(fpclassify.o)
    0x08006cce   0x08006cce   0x0000000e   Code   RO         1916    i._is_digit         c_w.l(__printf_wp.o)
    0x08006cdc   0x08006cdc   0x0000002c   Code   RO         1954    locale$$code        c_w.l(lc_ctype_c.o)
    0x08006d08   0x08006d08   0x0000002c   Code   RO         2242    locale$$code        c_w.l(lc_numeric_c.o)
    0x08006d34   0x08006d34   0x0000001a   Code   RO         2173    x$fpl$fpinit        fz_wm.l(fpinit.o)
    0x08006d4e   0x08006d4e   0x00000004   Code   RO         2015    x$fpl$printf1       fz_wm.l(printf1.o)
    0x08006d52   0x08006d52   0x00000004   Code   RO         2017    x$fpl$printf2       fz_wm.l(printf2.o)
    0x08006d56   0x08006d56   0x00000000   Code   RO         2264    x$fpl$usenofp       fz_wm.l(usenofp.o)
    0x08006d56   0x08006d56   0x00000002   PAD
    0x08006d58   0x08006d58   0x00000008   Data   RO         1875    .constdata          c_w.l(_printf_wctomb.o)
    0x08006d60   0x08006d60   0x00000028   Data   RO         1904    .constdata          c_w.l(_printf_hex_int_ll_ptr.o)
    0x08006d88   0x08006d88   0x00000011   Data   RO         1924    .constdata          c_w.l(__printf_flags_ss_wp.o)
    0x08006d99   0x08006d99   0x00000004   Data   RO         2023    .constdata          c_w.l(sys_io_names.o)
    0x08006d9d   0x08006d9d   0x00000004   Data   RO         2024    .constdata          c_w.l(sys_io_names.o)
    0x08006da1   0x08006da1   0x00000004   Data   RO         2025    .constdata          c_w.l(sys_io_names.o)
    0x08006da5   0x08006da5   0x00000026   Data   RO         2122    .constdata          c_w.l(_printf_fp_hex.o)
    0x08006dcb   0x08006dcb   0x00000001   PAD
    0x08006dcc   0x08006dcc   0x00000094   Data   RO         2211    .constdata          c_w.l(bigflt0.o)
    0x08006e60   0x08006e60   0x00000010   Data   RO         1805    .rodata._PrintUnsigned._aV2C  segger_rtt_printf.o
    0x08006e70   0x08006e70   0x00000015   Data   RO          230    .rodata.nr_ansi_in_cmd  ansi.o
    0x08006e85   0x08006e85   0x00000003   PAD
    0x08006e88   0x08006e88   0x00000050   Data   RO          231    .rodata.nr_ansi_in_cmd_fun  ansi.o
    0x08006ed8   0x08006ed8   0x00000005   Data   RO          232    .rodata.nr_ansi_in_special_symbol  ansi.o
    0x08006edd   0x08006edd   0x00000003   PAD
    0x08006ee0   0x08006ee0   0x00000010   Data   RO          233    .rodata.nr_ansi_in_special_symbol_fun  ansi.o
    0x08006ef0   0x08006ef0   0x00000014   Data   RO          292    .rodata.nr_shell_cmd0.end  nr_micro_shell.o
    0x08006f04   0x08006f04   0x00000014   Data   RO          293    .rodata.nr_shell_cmd1.end  nr_micro_shell.o
    0x08006f18   0x08006f18   0x00000010   Data   RO         1102    .rodata.s_AdcHclkPresTable  n32g4fr_rcc.o
    0x08006f28   0x08006f28   0x00000020   Data   RO         1103    .rodata.s_AdcPllClkPresTable  n32g4fr_rcc.o
    0x08006f48   0x08006f48   0x00000010   Data   RO         1101    .rodata.s_ApbAhbPresTable  n32g4fr_rcc.o
    0x08006f58   0x08006f58   0x00000064   Data   RO          317    .rodata.static_cmd  nr_micro_shell_commands.o
    0x08006fbc   0x08006fbc   0x00000034   Data   RO           88    .rodata.str1.1      clk.o
    0x08006ff0   0x08006ff0   0x0000008d   Data   RO          102    .rodata.str1.1      rtt.o
    0x0800707d   0x0800707d   0x0000000b   Data   RO          175    .rodata.str1.1      app.o
    0x08007088   0x08007088   0x00000021   Data   RO          266    .rodata.str1.1      ansi_port.o
    0x080070a9   0x080070a9   0x000001b7   Data   RO          295    .rodata.str1.1      nr_micro_shell.o
    0x08007260   0x08007260   0x0000015e   Data   RO          316    .rodata.str1.1      nr_micro_shell_commands.o
    0x080073be   0x080073be   0x00000013   Data   RO          367    .rodata.str1.1      n32g4fr_it.o
    0x080073d1   0x080073d1   0x00000014   Data   RO         1785    .rodata.str1.1      segger_rtt.o
    0x080073e5   0x080073e5   0x00000003   PAD
    0x080073e8   0x080073e8   0x00000020   Data   RO         2349    Region$$Table       anon$$obj.o
    0x08007408   0x08007408   0x00000110   Data   RO         1953    locale$$data        c_w.l(lc_ctype_c.o)
    0x08007518   0x08007518   0x0000001c   Data   RO         2241    locale$$data        c_w.l(lc_numeric_c.o)
    0x08007534   0x08007534   0x00000004   Data   RO           22    .init_array         main.o
    0x08007538   0x08007534   0x00000000   Data   RO         1849    .init_array         c_w.l(init_aeabi.o)


    Execution Region RW_IRAM1 (Exec base: 0x20000000, Load base: 0x08007538, Size: 0x000078b8, Max: 0x00020000, ABSOLUTE, COMPRESSED[0x00000030])

    Exec Addr    Load Addr    Size         Type   Attr      Idx    E Section Name        Object

    0x20000000   COMPRESSED   0x00000004   Data   RW         1823    .data               c_w.l(stdio_streams.o)
    0x20000004   COMPRESSED   0x00000004   Data   RW         1824    .data               c_w.l(stdio_streams.o)
    0x20000008   COMPRESSED   0x00000004   Data   RW         1825    .data               c_w.l(stdio_streams.o)
    0x2000000c   COMPRESSED   0x00000014   Data   RW          201    .data.FIFO_Data     fifo.o
    0x20000020   COMPRESSED   0x00000004   Data   RW          331    .data.SystemCoreClock  system_n32g4fr.o
    0x20000024   COMPRESSED   0x00000134   Data   RW          294    .data.nr_shell      nr_micro_shell.o
    0x20000158        -       0x00000054   Zero   RW         1820    .bss                c_w.l(stdio_streams.o)
    0x200001ac        -       0x00000054   Zero   RW         1821    .bss                c_w.l(stdio_streams.o)
    0x20000200        -       0x00000054   Zero   RW         1822    .bss                c_w.l(stdio_streams.o)
    0x20000254        -       0x00000060   Zero   RW         2027    .bss                c_w.l(libspace.o)
    0x200002b4        -       0x00001f40   Zero   RW          200    .bss.FIFO_DataBuffer  fifo.o
    0x200021f4        -       0x00000040   Zero   RW         1699    .bss.HardFaultRegs  segger_hardfaulthandler.o
    0x20002234        -       0x00000004   Zero   RW         1700    .bss._Continue      segger_hardfaulthandler.o
    0x20002238        -       0x000000a8   Zero   RW         1782    .bss._SEGGER_RTT    segger_rtt.o
    0x200022e0        -       0x00000010   Zero   RW         1787    .bss._acDownBuffer  segger_rtt.o
    0x200022f0        -       0x00000400   Zero   RW         1786    .bss._acUpBuffer    segger_rtt.o
    0x200026f0        -       0x00000004   Zero   RW           20    .bss.dwt            main.o
    0x200026f4        -       0x00000030   Zero   RW           19    .bss.hardware_n32_ch2840adx  main.o
    0x20002724        -       0x00000001   Zero   RW          174    .bss.next_state     app.o
    0x20002725        -       0x00000001   Zero   RW           21    .bss.nr             main.o
    0x20002726   COMPRESSED   0x00000002   PAD
    0x20002728        -       0x00000084   Zero   RW          234    .bss.nr_ansi        ansi.o
    0x200027ac        -       0x00000004   Zero   RW          296    .bss.nr_shell_strtok.last  nr_micro_shell.o
    0x200027b0        -       0x00004000   Zero   RW           18    .bss.segger_cb      main.o
    0x200067b0        -       0x00000001   Zero   RW          173    .bss.state          app.o
    0x200067b1   COMPRESSED   0x00000007   PAD
    0x200067b8        -       0x00000100   Zero   RW          340    HEAP                startup_n32g4fr.o
    0x200068b8        -       0x00001000   Zero   RW          339    STACK               startup_n32g4fr.o


==============================================================================

Image component sizes


      Code (inc. data)   RO Data    RW Data    ZI Data      Debug   Object Name

       858          0          0          0          0      15745   adc.o
       542          0        122          0        132       2139   ansi.o
      1334          0         33          0          0       3172   ansi_port.o
       204          4         11          0          2       1496   app.o
        52          0          0          0          0       1630   bsp.o
       258          0         52          0          0      10489   clk.o
       342          0          0          0          0      11671   do.o
       248          0          0          0          0      11036   dwtdelay.o
       168          0          0         20       8000       2370   fifo.o
        18          0          0          0          0        304   hardfaulthandler.o
       228          0          0          0          0      11287   hardware.o
       256          0          4          0      16437      12687   main.o
       198          0          0          0          0       2901   misc.o
       882          0          0          0          0      10169   n32g4fr_adc.o
       734          0          0          0          0       3896   n32g4fr_dma.o
       390          0          0          0          0       6239   n32g4fr_gpio.o
       144          0         19          0          0       1757   n32g4fr_it.o
       854          0         64          0          0       8685   n32g4fr_rcc.o
      1486          0          0          0          0      23631   n32g4fr_tim.o
       766          0          0          0          0       6783   n32g4fr_usart.o
      2280          0        479        308          4       5123   nr_micro_shell.o
      1424          0        450          0          0       3504   nr_micro_shell_commands.o
       156          0        141          0          0      10060   rtt.o
       276          0          0          0         68       2686   segger_hardfaulthandler.o
      1006          0         20          0       1208      13103   segger_rtt.o
      1876         14         16          0          0       3796   segger_rtt_printf.o
        64          0          0          0          0       9965   shell.o
        64         26        408          0       4352        852   startup_n32g4fr.o
       532          0          0          4          0       2899   system_n32g4fr.o
       244          0          0          0          0      13519   uart.o

    ----------------------------------------------------------------------
     18000         44       1860        332      30212     213594   Object Totals
         0          0         32          0          0          0   (incl. Generated)
       116          0          9          0          9          0   (incl. Padding)

    ----------------------------------------------------------------------

      Code (inc. data)   RO Data    RW Data    ZI Data      Debug   Library Member Name

        58          0          0          0          0          0   __dczerorl.o
         8          0          0          0          0         68   __main.o
       392          4         17          0          0         92   __printf_flags_ss_wp.o
        14          0          0          0          0         68   __printf_wp.o
         0          0          0          0          0          0   __rtentry.o
        12          0          0          0          0          0   __rtentry2.o
         6          0          0          0          0          0   __rtentry4.o
        52          8          0          0          0          0   __scatter.o
        28          0          0          0          0          0   __scatter_zi.o
        72          0          0          0          0         96   _c16rtomb.o
         6          0          0          0          0          0   _printf_a.o
         6          0          0          0          0          0   _printf_c.o
        44          0          0          0          0        108   _printf_char.o
        48          6          0          0          0         96   _printf_char_common.o
        36          4          0          0          0         80   _printf_char_file.o
        40          0          0          0          0         68   _printf_charcount.o
         6          0          0          0          0          0   _printf_d.o
       120         16          0          0          0         92   _printf_dec.o
         6          0          0          0          0          0   _printf_e.o
         6          0          0          0          0          0   _printf_f.o
      1052          0          0          0          0        148   _printf_fp_dec.o
       764          8         38          0          0        100   _printf_fp_hex.o
       128         16          0          0          0         84   _printf_fp_infnan.o
         6          0          0          0          0          0   _printf_g.o
       148          4         40          0          0        160   _printf_hex_int_ll_ptr.o
         6          0          0          0          0          0   _printf_i.o
       178          0          0          0          0         88   _printf_intcommon.o
        10          0          0          0          0          0   _printf_l.o
         6          0          0          0          0          0   _printf_lc.o
        10          0          0          0          0          0   _printf_ll.o
         6          0          0          0          0          0   _printf_lld.o
         6          0          0          0          0          0   _printf_lli.o
         6          0          0          0          0          0   _printf_llo.o
         6          0          0          0          0          0   _printf_llu.o
         6          0          0          0          0          0   _printf_llx.o
       124         16          0          0          0         92   _printf_longlong_dec.o
         6          0          0          0          0          0   _printf_ls.o
         6          0          0          0          0          0   _printf_n.o
         6          0          0          0          0          0   _printf_o.o
       112          8          0          0          0        124   _printf_oct_int_ll.o
         6          0          0          0          0          0   _printf_p.o
        78          0          0          0          0        108   _printf_pad.o
         0          0          0          0          0          0   _printf_percent.o
         4          0          0          0          0          0   _printf_percent_end.o
         6          0          0          0          0          0   _printf_s.o
        82          0          0          0          0         80   _printf_str.o
        36          0          0          0          0         84   _printf_truncate.o
         6          0          0          0          0          0   _printf_u.o
        44          0          0          0          0        108   _printf_wchar.o
       188          6          8          0          0         92   _printf_wctomb.o
         6          0          0          0          0          0   _printf_x.o
        46          0          0          0          0         84   aeabi_atexit.o
       228          4        148          0          0         96   bigflt0.o
      1936        128          0          0          0        668   btod.o
        10          0          0          0          0         68   cxa_atexit.o
        66          0          0          0          0         84   cxa_finalize.o
        10          0          0          0          0         68   defsig_exit.o
        50          0          0          0          0         88   defsig_general.o
        80         58          0          0          0         76   defsig_rtmem_inner.o
        14          0          0          0          0         80   defsig_rtmem_outer.o
        52         38          0          0          0         76   defsig_rtred_inner.o
        14          0          0          0          0         80   defsig_rtred_outer.o
        18          0          0          0          0         80   exit.o
        76          0          0          0          0         88   fclose.o
         8          0          0          0          0         68   ferror.o
       240          6          0          0          0        128   fopen.o
       248          6          0          0          0         84   fseek.o
        66          0          0          0          0         76   ftell.o
        94          0          0          0          0         80   h1_alloc.o
        52          0          0          0          0         68   h1_extend.o
        78          0          0          0          0         80   h1_free.o
        14          0          0          0          0         84   h1_init.o
         6          0          0          0          0        152   heapauxi.o
         4          0          0          0          0        136   hguard.o
         0          0          0          0          0          0   indicate_semi.o
        36          8          0          0          0         80   init_aeabi.o
       138          0          0          0          0        168   init_alloc.o
       312         46          0          0          0        112   initio.o
        44         10        272          0          0         76   lc_ctype_c.o
        44         10         28          0          0         76   lc_numeric_c.o
         2          0          0          0          0          0   libinit.o
        50          0          0          0          0          0   libinit2.o
         2          0          0          0          0          0   libshutdown.o
        12          0          0          0          0          0   libshutdown2.o
         8          4          0          0         96         68   libspace.o
       138          0          0          0          0         80   lludiv10.o
         0          0          0          0          0          0   maybetermalloc1.o
        24          4          0          0          0         84   printf.o
         4          0          0          0          0         68   putc.o
        16          4          0          0          0         76   rt_ctype_table.o
         8          4          0          0          0         68   rt_ddtor_pointer_addr_intlibspace.o
         8          4          0          0          0         68   rt_errno_addr_intlibspace.o
         8          4          0          0          0         68   rt_heap_descriptor_intlibspace.o
         8          4          0          0          0         68   rt_locale_intlibspace.o
        68          0          0          0          0         68   rt_memclr.o
        78          0          0          0          0         80   rt_memclr_w.o
       138          0          0          0          0         68   rt_memcpy_v6.o
       100          0          0          0          0         80   rt_memcpy_w.o
         2          0          0          0          0          0   rtexit.o
        10          0          0          0          0          0   rtexit2.o
        70          0          0          0          0         80   setvbuf.o
       240          6          0          0          0        156   stdio.o
         0          0          0         12        252          0   stdio_streams.o
       124          0          0          0          0         88   strcmpv7em.o
        72          0          0          0          0         80   strcpy.o
        62          0          0          0          0         76   strlen.o
        36          0          0          0          0         80   strstr.o
        12          4          0          0          0         68   sys_exit.o
       102          0          0          0          0        240   sys_io.o
         0          0         12          0          0          0   sys_io_names.o
        74          0          0          0          0         80   sys_stackheap_outer.o
        14          0          0          0          0         76   sys_wrch.o
         2          0          0          0          0         68   use_no_semi.o
        26          0          0          0          0        116   fpinit.o
         4          0          0          0          0        116   printf1.o
         4          0          0          0          0        116   printf2.o
         0          0          0          0          0          0   usenofp.o
        48          0          0          0          0        124   fpclassify.o

    ----------------------------------------------------------------------
      9584        448        564         12        348       7648   Library Totals
        18          0          1          0          0          0   (incl. Padding)

    ----------------------------------------------------------------------

      Code (inc. data)   RO Data    RW Data    ZI Data      Debug   Library Name

      9484        448        563         12        348       7176   c_w.l
        34          0          0          0          0        348   fz_wm.l
        48          0          0          0          0        124   m_wm.l

    ----------------------------------------------------------------------
      9584        448        564         12        348       7648   Library Totals

    ----------------------------------------------------------------------

==============================================================================


      Code (inc. data)   RO Data    RW Data    ZI Data      Debug   

     27584        492       2424        344      30560     216498   Grand Totals
     27584        492       2424         48      30560     216498   ELF Image Totals (compressed)
     27584        492       2424         48          0          0   ROM Totals

==============================================================================

    Total RO  Size (Code + RO Data)                30008 (  29.30kB)
    Total RW  Size (RW Data + ZI Data)             30904 (  30.18kB)
    Total ROM Size (Code + RO Data + RW Data)      30056 (  29.35kB)

==============================================================================

