Component: ARM Compiler 6.16 Tool: armlink [5dfeaa00]

==============================================================================

Image Symbol Table

    Local Symbols

    Symbol Name                              Value     Ov Type        Size  Object(Section)

    ../clib/division.s                       0x00000000   Number         0  aeabi_sdiv.o ABSOLUTE
    ../clib/microlib/division.c              0x00000000   Number         0  uldiv.o ABSOLUTE
    ../clib/microlib/division.c              0x00000000   Number         0  uidiv.o ABSOLUTE
    ../clib/microlib/init/entry.s            0x00000000   Number         0  entry.o ABSOLUTE
    ../clib/microlib/init/entry.s            0x00000000   Number         0  entry2.o ABSOLUTE
    ../clib/microlib/init/entry.s            0x00000000   Number         0  entry5.o ABSOLUTE
    ../clib/microlib/init/entry.s            0x00000000   Number         0  entry7a.o ABSOLUTE
    ../clib/microlib/init/entry.s            0x00000000   Number         0  entry7b.o ABSOLUTE
    ../clib/microlib/init/entry.s            0x00000000   Number         0  entry8a.o ABSOLUTE
    ../clib/microlib/init/entry.s            0x00000000   Number         0  entry8b.o ABSOLUTE
    ../clib/microlib/init/entry.s            0x00000000   Number         0  entry9a.o ABSOLUTE
    ../clib/microlib/init/entry.s            0x00000000   Number         0  entry9b.o ABSOLUTE
    ../clib/microlib/init/entry.s            0x00000000   Number         0  entry10a.o ABSOLUTE
    ../clib/microlib/init/entry.s            0x00000000   Number         0  entry10b.o ABSOLUTE
    ../clib/microlib/init/entry.s            0x00000000   Number         0  entry11a.o ABSOLUTE
    ../clib/microlib/init/entry.s            0x00000000   Number         0  entry11b.o ABSOLUTE
    ../clib/microlib/longlong.c              0x00000000   Number         0  llshl.o ABSOLUTE
    ../clib/microlib/longlong.c              0x00000000   Number         0  llushr.o ABSOLUTE
    ../clib/microlib/longlong.c              0x00000000   Number         0  llsshr.o ABSOLUTE
    ../clib/microlib/printf/printf.c         0x00000000   Number         0  printfa.o ABSOLUTE
    ../clib/microlib/stdio/fputs.c           0x00000000   Number         0  fputs.o ABSOLUTE
    ../clib/microlib/stdio/fputs.c           0x00000000   Number         0  fputs_e.o ABSOLUTE
    ../clib/microlib/stdio/streams.c         0x00000000   Number         0  stdout.o ABSOLUTE
    ../clib/microlib/stdio/streams.c         0x00000000   Number         0  stderr.o ABSOLUTE
    ../clib/microlib/string/memcpy.c         0x00000000   Number         0  memcpya.o ABSOLUTE
    ../clib/microlib/string/memcpy.c         0x00000000   Number         0  memcpyb.o ABSOLUTE
    ../clib/microlib/string/memset.c         0x00000000   Number         0  memseta.o ABSOLUTE
    ../clib/microlib/string/strcmp.c         0x00000000   Number         0  strcmp.o ABSOLUTE
    ../clib/microlib/string/strcpy.c         0x00000000   Number         0  strcpy.o ABSOLUTE
    ../clib/microlib/string/strlen.c         0x00000000   Number         0  strlen.o ABSOLUTE
    ../clib/microlib/string/strncmp.c        0x00000000   Number         0  strncmp.o ABSOLUTE
    ../clib/microlib/stubs.s                 0x00000000   Number         0  iusefp.o ABSOLUTE
    ../fplib/microlib/fpadd.c                0x00000000   Number         0  dadd.o ABSOLUTE
    ../fplib/microlib/fpdiv.c                0x00000000   Number         0  ddiv.o ABSOLUTE
    ../fplib/microlib/fpepilogue.c           0x00000000   Number         0  depilogue.o ABSOLUTE
    ../fplib/microlib/fpfix.c                0x00000000   Number         0  dfixul.o ABSOLUTE
    ../fplib/microlib/fpmul.c                0x00000000   Number         0  dmul.o ABSOLUTE
    ..\application\HardFaultHandlerMDK\HardFaultHandler.S 0x00000000   Number         0  hardfaulthandler.o ABSOLUTE
    EventRecorder.c                          0x00000000   Number         0  eventrecorder.o ABSOLUTE
    SEGGER_HardFaultHandler.c                0x00000000   Number         0  segger_hardfaulthandler.o ABSOLUTE
    SEGGER_RTT.c                             0x00000000   Number         0  segger_rtt.o ABSOLUTE
    SEGGER_RTT_printf.c                      0x00000000   Number         0  segger_rtt_printf.o ABSOLUTE
    app.c                                    0x00000000   Number         0  app.o ABSOLUTE
    cdrcmple.s                               0x00000000   Number         0  cdrcmple.o ABSOLUTE
    dc.s                                     0x00000000   Number         0  dc.o ABSOLUTE
    fifo.c                                   0x00000000   Number         0  fifo.o ABSOLUTE
    handlers.s                               0x00000000   Number         0  handlers.o ABSOLUTE
    hc32f46x_adc.c                           0x00000000   Number         0  hc32f46x_adc.o ABSOLUTE
    hc32f46x_clk.c                           0x00000000   Number         0  hc32f46x_clk.o ABSOLUTE
[...]
    SysTick_GetTick                          0x00008b85   Thumb Code    12  hc32f46x_utility.o(.text.SysTick_GetTick)
    SysTick_Handler                          0x00008b91   Thumb Code     8  hc32f46x_interrupts.o(.text.SysTick_Handler)
    SysTick_IncTick                          0x00008b99   Thumb Code    26  hc32f46x_utility.o(.text.SysTick_IncTick)
    SysTick_Init                             0x00008bb5   Thumb Code    74  hc32f46x_utility.o(.text.SysTick_Init)
    SysTick_IrqHandler                       0x00008c01   Thumb Code     8  app.o(.text.SysTick_IrqHandler)
    SystemCoreClockUpdate                    0x00008c09   Thumb Code   362  system_hc32f46x.o(.text.SystemCoreClockUpdate)
    SystemInit                               0x00008d75   Thumb Code    24  system_hc32f46x.o(.text.SystemInit)
    TIMER0_BaseInit                          0x00008d8d   Thumb Code   950  hc32f46x_timer0.o(.text.TIMER0_BaseInit)
    TIMER0_Cmd                               0x00009145   Thumb Code   308  hc32f46x_timer0.o(.text.TIMER0_Cmd)
    TIMER0_IntCmd                            0x00009311   Thumb Code   316  hc32f46x_timer0.o(.text.TIMER0_IntCmd)
    TIMERA_BaseInit                          0x0000944d   Thumb Code   536  hc32f46x_timera.o(.text.TIMERA_BaseInit)
    TIMERA_ClearFlag                         0x00009665   Thumb Code   410  hc32f46x_timera.o(.text.TIMERA_ClearFlag)
    TIMERA_Cmd                               0x00009801   Thumb Code   174  hc32f46x_timera.o(.text.TIMERA_Cmd)
    TIMERA_CompareCmd                        0x000098b1   Thumb Code   280  hc32f46x_timera.o(.text.TIMERA_CompareCmd)
    TIMERA_CompareInit                       0x000099c9   Thumb Code   928  hc32f46x_timera.o(.text.TIMERA_CompareInit)
    TIMERA_GetFlag                           0x00009d69   Thumb Code   386  hc32f46x_timera.o(.text.TIMERA_GetFlag)
    TIMERA_IrqCmd                            0x00009eed   Thumb Code   544  hc32f46x_timera.o(.text.TIMERA_IrqCmd)
    Timera_Config                            0x0000a219   Thumb Code   344  timera_pwm.o(.text.Timera_Config)
    USART_ClearStatus                        0x0000a371   Thumb Code   176  hc32f46x_usart.o(.text.USART_ClearStatus)
    USART_FuncCmd                            0x0000a421   Thumb Code   476  hc32f46x_usart.o(.text.USART_FuncCmd)
    USART_GetStatus                          0x0000a5fd   Thumb Code   206  hc32f46x_usart.o(.text.USART_GetStatus)
    USART_RecData                            0x0000a6cd   Thumb Code   106  hc32f46x_usart.o(.text.USART_RecData)
    USART_SetBaudrate                        0x0000a739   Thumb Code   146  hc32f46x_usart.o(.text.USART_SetBaudrate)
    USART_UART_Init                          0x0000a7cd   Thumb Code   810  hc32f46x_usart.o(.text.USART_UART_Init)
    UsageFault_Handler                       0x0000aaf9   Thumb Code     8  hc32f46x_interrupts.o(.text.UsageFault_Handler)
    UsartRxErrProcess                        0x0000ab99   Thumb Code   112  myusart.o(.text.UsartRxErrProcess)
    User_Shell_Init                          0x0000ac45   Thumb Code    38  shell_port.o(.text.User_Shell_Init)
    adc_clk_test                             0x0000b505   Thumb Code    42  myadc.o(.text.adc_clk_test)
    app                                      0x0000b531   Thumb Code    64  app.o(.text.app)
    clk_test                                 0x0000b571   Thumb Code   370  myclk.o(.text.clk_test)
    enIrqRegistration                        0x0000b6e5   Thumb Code   188  hc32f46x_interrupts.o(.text.enIrqRegistration)
    en_fsk_pwm                               0x0000b7a1   Thumb Code   118  app.o(.text.en_fsk_pwm)
    en_sample                                0x0000b819   Thumb Code    88  app.o(.text.en_sample)
    enable_flash_cache                       0x0000b871   Thumb Code    48  app.o(.text.enable_flash_cache)
    error_process                            0x0000b8a1   Thumb Code    22  app.o(.text.error_process)
    fputc                                    0x0000b8b9   Thumb Code    48  retarget_io.o(.text.fputc)
    gpio_init                                0x0000b8e9   Thumb Code    62  app.o(.text.gpio_init)
    hexdump                                  0x0000b929   Thumb Code   760  app.o(.text.hexdump)
    idle_process                             0x0000bc21   Thumb Code    94  app.o(.text.idle_process)
    init_all                                 0x0000bc81   Thumb Code   192  app.o(.text.init_all)
    led_green                                0x0000bd41   Thumb Code    54  myled.o(.text.led_green)
    led_init                                 0x0000bd79   Thumb Code    82  myled.o(.text.led_init)
    led_red                                  0x0000bdcd   Thumb Code    54  myled.o(.text.led_red)
    main                                     0x0000be05   Thumb Code    20  main.o(.text.main)
    memory_init                              0x0000be19   Thumb Code   118  app.o(.text.memory_init)
    quit_shell                               0x0000be91   Thumb Code     4  shell_port.o(.text.quit_shell)
    read_uid                                 0x0000be95   Thumb Code   148  app.o(.text.read_uid)
    segger_init                              0x0000bf29   Thumb Code   112  app.o(.text.segger_init)
    sent_sample_data                         0x0000bf99   Thumb Code    76  app.o(.text.sent_sample_data)
    set_fsk_wave_duty                        0x0000bfe5   Thumb Code   192  app.o(.text.set_fsk_wave_duty)
    set_if_adc_avg                           0x0000c0a5   Thumb Code    36  app.o(.text.set_if_adc_avg)
    set_samplerate                           0x0000c0c9   Thumb Code    82  app.o(.text.set_samplerate)
    shellBackspace                           0x0000c16d   Thumb Code    18  shell.o(.text.shellBackspace)
    shellCheckPermission                     0x0000c1d9   Thumb Code    94  shell.o(.text.shellCheckPermission)
    shellClear                               0x0000c239   Thumb Code    38  shell.o(.text.shellClear)
    shellClearCommandLine                    0x0000c261   Thumb Code    64  shell.o(.text.shellClearCommandLine)
    shellCmds                                0x0000c2a1   Thumb Code    28  shell.o(.text.shellCmds)
    shellDelete                              0x0000c2bd   Thumb Code    20  shell.o(.text.shellDelete)
    shellDeleteByte                          0x0000c2d1   Thumb Code   346  shell.o(.text.shellDeleteByte)
    shellDeleteCommandLine                   0x0000c42d   Thumb Code    46  shell.o(.text.shellDeleteCommandLine)
    shellDown                                0x0000c45d   Thumb Code    20  shell.o(.text.shellDown)
    shellEnter                               0x0000c471   Thumb Code    24  shell.o(.text.shellEnter)
    shellExec                                0x0000c489   Thumb Code   146  shell.o(.text.shellExec)
    shellExecute                             0x0000c51d   Thumb Code   106  shell.o(.text.shellExecute)
    shellExtParsePara                        0x0000c7fd   Thumb Code   142  shell_ext.o(.text.shellExtParsePara)
    shellExtRun                              0x0000c95d   Thumb Code   336  shell_ext.o(.text.shellExtRun)
    shellGetCurrent                          0x0000cc11   Thumb Code   114  shell.o(.text.shellGetCurrent)
    shellGetVarValue                         0x0000cc85   Thumb Code   126  shell.o(.text.shellGetVarValue)
    shellHandler                             0x0000cd05   Thumb Code   410  shell.o(.text.shellHandler)
    shellHelp                                0x0000cea1   Thumb Code    64  shell.o(.text.shellHelp)
    shellInit                                0x0000d0b5   Thumb Code   216  shell.o(.text.shellInit)
    shellInsertByte                          0x0000d18d   Thumb Code   342  shell.o(.text.shellInsertByte)
    shellKeys                                0x0000d2e5   Thumb Code    28  shell.o(.text.shellKeys)
    shellLeft                                0x0000d301   Thumb Code    38  shell.o(.text.shellLeft)
    shellListAll                             0x0000d329   Thumb Code    22  shell.o(.text.shellListAll)
    shellListCommand                         0x0000d341   Thumb Code   130  shell.o(.text.shellListCommand)
    shellListItem                            0x0000d3c5   Thumb Code   368  shell.o(.text.shellListItem)
    shellListKey                             0x0000d535   Thumb Code   152  shell.o(.text.shellListKey)
    shellListUser                            0x0000d5cd   Thumb Code   152  shell.o(.text.shellListUser)
    shellListVar                             0x0000d665   Thumb Code   152  shell.o(.text.shellListVar)
    shellNormalInput                         0x0000d6fd   Thumb Code    38  shell.o(.text.shellNormalInput)
    shellRight                               0x0000d8fd   Thumb Code    40  shell.o(.text.shellRight)
    shellRunCommand                          0x0000d925   Thumb Code   222  shell.o(.text.shellRunCommand)
    shellSeekCommand                         0x0000da05   Thumb Code   210  shell.o(.text.shellSeekCommand)
    shellSetVar                              0x0000db79   Thumb Code   146  shell.o(.text.shellSetVar)
    shellSetVarValue                         0x0000dc0d   Thumb Code   196  shell.o(.text.shellSetVarValue)
    shellTab                                 0x0000de6d   Thumb Code   574  shell.o(.text.shellTab)
    shellTask                                0x0000e0ad   Thumb Code    52  shell.o(.text.shellTask)
    shellToDec                               0x0000e0e1   Thumb Code   180  shell.o(.text.shellToDec)
    shellToHex                               0x0000e195   Thumb Code   106  shell.o(.text.shellToHex)
    shellUp                                  0x0000e201   Thumb Code    18  shell.o(.text.shellUp)
    shellUsers                               0x0000e215   Thumb Code    28  shell.o(.text.shellUsers)
    shellVars                                0x0000e231   Thumb Code    28  shell.o(.text.shellVars)
    shellWrite                               0x0000e24d   Thumb Code    26  shell_port.o(.text.shellWrite)
    shellWriteString                         0x0000e509   Thumb Code    86  shell.o(.text.shellWriteString)
    shell_uart_write_data                    0x0000e561   Thumb Code    62  shell_port.o(.text.shell_uart_write_data)
    tick_init                                0x0000e61d   Thumb Code    22  app.o(.text.tick_init)
    timer0_init                              0x0000e635   Thumb Code   264  mytimer.o(.text.timer0_init)
    tuya_UsartRxErrProcess                   0x0000e73d   Thumb Code   112  myusart.o(.text.tuya_UsartRxErrProcess)
    uart_post_process                        0x0000e7b1   Thumb Code    22  app.o(.text.uart_post_process)
    uart_transmit_output_shell               0x0000e7c9   Thumb Code    46  shell_port.o(.text.uart_transmit_output_shell)
    usart_init                               0x0000e7f9   Thumb Code   382  myusart.o(.text.usart_init)
    HardFault_Handler                        0x0000e979   Thumb Code     0  hardfaulthandler.o(OSKERNEL)
    Long Thumb to Thumb Veneer to EventRecord2 0x0000e98b   Thumb Code    10  anon$$obj.o(Veneer$$Code)
    Long Thumb to Thumb Veneer to EventRecorderInitialize 0x0000e995   Thumb Code    10  anon$$obj.o(Veneer$$Code)
    Long Thumb to Thumb Veneer to EventRecorderStart 0x0000e99f   Thumb Code    10  anon$$obj.o(Veneer$$Code)
    Long Thumb to Thumb Veneer to EventRecordData 0x0000e9a9   Thumb Code    10  anon$$obj.o(Veneer$$Code)
    __0printf                                0x0000e9b5   Thumb Code    22  printfa.o(i.__0printf)
    __1printf                                0x0000e9b5   Thumb Code     0  printfa.o(i.__0printf)
    __2printf                                0x0000e9b5   Thumb Code     0  printfa.o(i.__0printf)
    __c89printf                              0x0000e9b5   Thumb Code     0  printfa.o(i.__0printf)
    printf                                   0x0000e9b5   Thumb Code     0  printfa.o(i.__0printf)
    __scatterload_copy                       0x0000e9d5   Thumb Code    14  handlers.o(i.__scatterload_copy)
    __scatterload_null                       0x0000e9e3   Thumb Code     2  handlers.o(i.__scatterload_null)
    __scatterload_zeroinit                   0x0000e9e5   Thumb Code    14  handlers.o(i.__scatterload_zeroinit)
    shellCmdDefaultUser                      0x0000f2c6   Data           5  shell.o(.rodata.shellCmdDefaultUser)
    shellCmdclear                            0x0000f2cb   Data           6  shell.o(.rodata.shellCmdclear)
    shellCmdcmds                             0x0000f2d1   Data           5  shell.o(.rodata.shellCmdcmds)
    shellCmdexec                             0x0000f2d6   Data           5  shell.o(.rodata.shellCmdexec)
    shellCmdexit                             0x0000f2db   Data           5  shell_port.o(.rodata.shellCmdexit)
    shellCmdfsk_pwm_en                       0x0000f2e0   Data          11  app.o(.rodata.shellCmdfsk_pwm_en)
    shellCmdfsk_pwm_saw_duty                 0x0000f2eb   Data          17  app.o(.rodata.shellCmdfsk_pwm_saw_duty)
    shellCmdhelp                             0x0000f2fc   Data           5  shell.o(.rodata.shellCmdhelp)
    shellCmdhexdump                          0x0000f301   Data           8  app.o(.rodata.shellCmdhexdump)
    shellCmdif_adc_avg                       0x0000f309   Data          11  app.o(.rodata.shellCmdif_adc_avg)
    shellCmdkeys                             0x0000f314   Data           5  shell.o(.rodata.shellCmdkeys)
    shellCmdsetVar                           0x0000f319   Data           7  shell.o(.rodata.shellCmdsetVar)
    shellCmdtimer0_duty                      0x0000f320   Data          12  app.o(.rodata.shellCmdtimer0_duty)
    shellCmdtimer0_en                        0x0000f32c   Data          10  app.o(.rodata.shellCmdtimer0_en)
    shellCmdusers                            0x0000f336   Data           6  shell.o(.rodata.shellCmdusers)
    shellCmdvars                             0x0000f33c   Data           5  shell.o(.rodata.shellCmdvars)
    shellDesDefaultUser                      0x0000f341   Data          13  shell.o(.rodata.shellDesDefaultUser)
    shellDesc0x08000000                      0x0000f34e   Data          10  shell.o(.rodata.shellDesc0x08000000)
    shellDesc0x09000000                      0x0000f358   Data           4  shell.o(.rodata.shellDesc0x09000000)
    shellDesc0x0A000000                      0x0000f35c   Data           6  shell.o(.rodata.shellDesc0x0A000000)
    shellDesc0x0D000000                      0x0000f362   Data           6  shell.o(.rodata.shellDesc0x0D000000)
    shellDesc0x1B5B337E                      0x0000f368   Data           7  shell.o(.rodata.shellDesc0x1B5B337E)
    shellDesc0x1B5B4100                      0x0000f36f   Data           3  shell.o(.rodata.shellDesc0x1B5B4100)
    shellDesc0x1B5B4200                      0x0000f372   Data           5  shell.o(.rodata.shellDesc0x1B5B4200)
    shellDesc0x1B5B4300                      0x0000f377   Data           6  shell.o(.rodata.shellDesc0x1B5B4300)
    shellDesc0x1B5B4400                      0x0000f37d   Data           5  shell.o(.rodata.shellDesc0x1B5B4400)
    shellDesc0x7F000000                      0x0000f382   Data          10  shell.o(.rodata.shellDesc0x7F000000)
    shellDescclear                           0x0000f38c   Data          14  shell.o(.rodata.shellDescclear)
    shellDesccmds                            0x0000f39a   Data          13  shell.o(.rodata.shellDesccmds)
    shellDescexec                            0x0000f3a7   Data          27  shell.o(.rodata.shellDescexec)
    shellDescexit                            0x0000f3c2   Data           5  shell_port.o(.rodata.shellDescexit)
    shellDescfsk_pwm_en                      0x0000f3c7   Data          33  app.o(.rodata.shellDescfsk_pwm_en)
    shellDescfsk_pwm_saw_duty                0x0000f3e8   Data          26  app.o(.rodata.shellDescfsk_pwm_saw_duty)
    shellDeschelp                            0x0000f402   Data          30  shell.o(.rodata.shellDeschelp)
    shellDeschexdump                         0x0000f420   Data          20  app.o(.rodata.shellDeschexdump)
    shellDescif_adc_avg                      0x0000f434   Data          36  app.o(.rodata.shellDescif_adc_avg)
    shellDesckeys                            0x0000f458   Data          13  shell.o(.rodata.shellDesckeys)
    shellDescsetVar                          0x0000f465   Data           8  shell.o(.rodata.shellDescsetVar)
    shellDesctimer0_duty                     0x0000f46d   Data          26  app.o(.rodata.shellDesctimer0_duty)
    shellDesctimer0_en                       0x0000f487   Data          32  app.o(.rodata.shellDesctimer0_en)
    shellDescusers                           0x0000f4a7   Data          14  shell.o(.rodata.shellDescusers)
    shellDescvars                            0x0000f4b5   Data          13  shell.o(.rodata.shellDescvars)
    shellPasswordDefaultUser                 0x0000f4c2   Data           1  shell.o(.rodata.shellPasswordDefaultUser)
    Region$$Table$$Base                      0x0000fb84   Number         0  anon$$obj.o(Region$$Table)
    Region$$Table$$Limit                     0x0000fbb4   Number         0  anon$$obj.o(Region$$Table)
    shellCommand$$Base                       0x0000fbb4   Number         0  app.o(shellCommand)
    shellCommandhexdump                      0x0000fbb4   Data          16  app.o(shellCommand)
    shellCommandtimer0_en                    0x0000fbc4   Data          16  app.o(shellCommand)
    shellCommandfsk_pwm_en                   0x0000fbd4   Data          16  app.o(shellCommand)
    shellCommandtimer0_duty                  0x0000fbe4   Data          16  app.o(shellCommand)
    shellCommandfsk_pwm_saw_duty             0x0000fbf4   Data          16  app.o(shellCommand)
    shellCommandif_adc_avg                   0x0000fc04   Data          16  app.o(shellCommand)
    shellUserDefault                         0x0000fc14   Data          16  shell.o(shellCommand)
    shellCommandsetVar                       0x0000fc24   Data          16  shell.o(shellCommand)
    shellKey0x1B5B4100                       0x0000fc34   Data          16  shell.o(shellCommand)
    shellKey0x1B5B4200                       0x0000fc44   Data          16  shell.o(shellCommand)
    shellKey0x1B5B4300                       0x0000fc54   Data          16  shell.o(shellCommand)
    shellKey0x1B5B4400                       0x0000fc64   Data          16  shell.o(shellCommand)
    shellKey0x09000000                       0x0000fc74   Data          16  shell.o(shellCommand)
    shellKey0x08000000                       0x0000fc84   Data          16  shell.o(shellCommand)
    shellKey0x7F000000                       0x0000fc94   Data          16  shell.o(shellCommand)
    shellKey0x1B5B337E                       0x0000fca4   Data          16  shell.o(shellCommand)
    shellKey0x0A000000                       0x0000fcb4   Data          16  shell.o(shellCommand)
    shellKey0x0D000000                       0x0000fcc4   Data          16  shell.o(shellCommand)
    shellCommandhelp                         0x0000fcd4   Data          16  shell.o(shellCommand)
    shellCommandusers                        0x0000fce4   Data          16  shell.o(shellCommand)
    shellCommandcmds                         0x0000fcf4   Data          16  shell.o(shellCommand)
    shellCommandvars                         0x0000fd04   Data          16  shell.o(shellCommand)
    shellCommandkeys                         0x0000fd14   Data          16  shell.o(shellCommand)
    shellCommandclear                        0x0000fd24   Data          16  shell.o(shellCommand)
    shellCommandexec                         0x0000fd34   Data          16  shell.o(shellCommand)
    shellCommandexit                         0x0000fd44   Data          16  shell_port.o(shellCommand)
    shellCommand$$Limit                      0x0000fd54   Number         0  shell_port.o(shellCommand)
    __stdout                                 0x1fff8000   Data           4  stdout.o(.data)
    FIFO_Data                                0x1fff8004   Data          20  fifo.o(.data.FIFO_Data)
    HRC_VALUE                                0x1fff8018   Data           4  system_hc32f46x.o(.data.HRC_VALUE)
    SystemCoreClock                          0x1fff801c   Data           4  system_hc32f46x.o(.data.SystemCoreClock)
    FIFO_DataBuffer                          0x1fff807a   Data        8000  fifo.o(.bss.FIFO_DataBuffer)
    IrqHandler                               0x1fff9ffc   Data         512  hc32f46x_interrupts.o(.bss.IrqHandler)
    JS_RTT_UpBuffer                          0x1fffa1fc   Data       16384  app.o(.bss.JS_RTT_UpBuffer)
    Timer_Counter                            0x1fffe1fc   Data           4  mytimer.o(.bss.Timer_Counter)
    _SEGGER_RTT                              0x1fffe204   Data         120  segger_rtt.o(.bss._SEGGER_RTT)
    m_au16Adc1SaValue                        0x1ffff290   Data          34  myadc.o(.bss.m_au16Adc1SaValue)
    m_au16Adc2SaValue                        0x1ffff2b2   Data          18  myadc.o(.bss.m_au16Adc2SaValue)
    next_state                               0x1ffff2cc   Data           4  app.o(.bss.next_state)
    shell                                    0x1ffff2d0   Data         108  shell_port.o(.bss.shell)
    shell_buffer                             0x1ffff35c   Data         512  shell_port.o(.bss.shell_buffer)
    state                                    0x1ffff55c   Data           4  app.o(.bss.state)
    __initial_sp                             0x20005570   Data           0  startup_hc32f46x.o(STACK)
    EventRecord2                             0x200f0081   Thumb Code    90  eventrecorder.o(.text.EventRecord2)
    EventRecordData                          0x200f00dd   Thumb Code   388  eventrecorder.o(.text.EventRecordData)
    EventRecorderEnable                      0x200f0361   Thumb Code   146  eventrecorder.o(.text.EventRecorderEnable)
    EventRecorderInitialize                  0x200f03f5   Thumb Code   442  eventrecorder.o(.text.EventRecorderInitialize)
    EventRecorderStart                       0x200f05b1   Thumb Code    74  eventrecorder.o(.text.EventRecorderStart)
    EventRecorderTimerGetCount               0x200f05fd   Thumb Code    12  eventrecorder.o(.text.EventRecorderTimerGetCount)
    EventRecorderTimerGetFreq                0x200f0609   Thumb Code    12  eventrecorder.o(.text.EventRecorderTimerGetFreq)
    EventRecorderTimerSetup                  0x200f0615   Thumb Code    36  eventrecorder.o(.text.EventRecorderTimerSetup)
    Long Thumb to Thumb Veneer to __aeabi_memcpy 0x200f080b   Thumb Code    10  anon$$obj.o(Veneer$$Code)
    Long Thumb to Thumb Veneer to __aeabi_memclr4 0x200f0815   Thumb Code    10  anon$$obj.o(Veneer$$Code)
    Long Thumb to Thumb Veneer to __aeabi_memclr8 0x200f081f   Thumb Code    10  anon$$obj.o(Veneer$$Code)
    EventRecorderInfo                        0x200f0828   Data          24  eventrecorder.o(.rodata.EventRecorderInfo)



==============================================================================

Memory Map of the image

  Image Entry point : 0x00000281

  Load Region LR_IROM1 (Base: 0x00000000, Size: 0x00010640, Max: 0x00080000, ABSOLUTE)

    Execution Region ER_IROM1 (Exec base: 0x00000000, Load base: 0x00000000, Size: 0x0000fd54, Max: 0x00080000, ABSOLUTE)

    Exec Addr    Load Addr    Size         Type   Attr      Idx    E Section Name        Object

    0x00000000   0x00000000   0x00000280   Data   RO            3    RESET               startup_hc32f46x.o
    0x00000280   0x00000280   0x00000000   Code   RO         1647  * .ARM.Collect$$$$00000000  mc_w.l(entry.o)
    0x00000280   0x00000280   0x00000004   Code   RO         1700    .ARM.Collect$$$$00000001  mc_w.l(entry2.o)
    0x00000284   0x00000284   0x00000004   Code   RO         1703    .ARM.Collect$$$$00000004  mc_w.l(entry5.o)
    0x00000288   0x00000288   0x00000000   Code   RO         1705    .ARM.Collect$$$$00000008  mc_w.l(entry7b.o)
    0x00000288   0x00000288   0x00000000   Code   RO         1707    .ARM.Collect$$$$0000000A  mc_w.l(entry8b.o)
    0x00000288   0x00000288   0x00000008   Code   RO         1708    .ARM.Collect$$$$0000000B  mc_w.l(entry9a.o)
    0x00000290   0x00000290   0x00000000   Code   RO         1710    .ARM.Collect$$$$0000000D  mc_w.l(entry10a.o)
    0x00000290   0x00000290   0x00000000   Code   RO         1712    .ARM.Collect$$$$0000000F  mc_w.l(entry11a.o)
    0x00000290   0x00000290   0x00000004   Code   RO         1701    .ARM.Collect$$$$00002712  mc_w.l(entry2.o)
    0x00000294   0x00000294   0x0000005c   Code   RO            4    .text               startup_hc32f46x.o
    0x000002f0   0x000002f0   0x00000062   Code   RO         1656    .text               mc_w.l(uldiv.o)
    0x00000352   0x00000352   0x00000024   Code   RO         1658    .text               mc_w.l(memcpya.o)
    0x00000376   0x00000376   0x00000024   Code   RO         1660    .text               mc_w.l(memseta.o)
    0x0000039a   0x0000039a   0x0000000e   Code   RO         1662    .text               mc_w.l(strlen.o)
    0x000003a8   0x000003a8   0x0000001c   Code   RO         1664    .text               mc_w.l(strcmp.o)
    0x000003c4   0x000003c4   0x00000012   Code   RO         1666    .text               mc_w.l(strcpy.o)
    0x000003d6   0x000003d6   0x0000001e   Code   RO         1668    .text               mc_w.l(strncmp.o)
    0x000003f4   0x000003f4   0x0000002c   Code   RO         1723    .text               mc_w.l(uidiv.o)
    0x00000420   0x00000420   0x0000001e   Code   RO         1725    .text               mc_w.l(llshl.o)
    0x0000043e   0x0000043e   0x00000020   Code   RO         1727    .text               mc_w.l(llushr.o)
    0x0000045e   0x0000045e   0x00000000   Code   RO         1729    .text               mc_w.l(iusefp.o)
    0x0000045e   0x0000045e   0x0000014e   Code   RO         1730    .text               mf_w.l(dadd.o)
    0x000005ac   0x000005ac   0x000000e4   Code   RO         1732    .text               mf_w.l(dmul.o)
    0x00000690   0x00000690   0x000000de   Code   RO         1734    .text               mf_w.l(ddiv.o)
    0x0000076e   0x0000076e   0x00000030   Code   RO         1736    .text               mf_w.l(dfixul.o)
    0x0000079e   0x0000079e   0x00000002   PAD
    0x000007a0   0x000007a0   0x00000030   Code   RO         1738    .text               mf_w.l(cdrcmple.o)
    0x000007d0   0x000007d0   0x00000024   Code   RO         1740    .text               mc_w.l(init.o)
    0x000007f4   0x000007f4   0x00000024   Code   RO         1742    .text               mc_w.l(llsshr.o)
    0x00000818   0x00000818   0x000000ba   Code   RO         1744    .text               mf_w.l(depilogue.o)
    0x000008d2   0x000008d2   0x00000002   PAD
    0x000008d4   0x000008d4   0x0000013a   Code   RO           89    .text.ADC_AddAdcChannel  hc32f46x_adc.o
    0x00000a0e   0x00000a0e   0x00000002   PAD
    0x00000a10   0x00000a10   0x000000ae   Code   RO           97    .text.ADC_AddAvgChannel  hc32f46x_adc.o
    0x00000abe   0x00000abe   0x00000002   PAD
    0x00000ac0   0x00000ac0   0x0000001a   Code   RO          115    .text.ADC_AddPgaChannel  hc32f46x_adc.o
    0x00000ada   0x00000ada   0x00000002   PAD
    0x00000adc   0x00000adc   0x00000098   Code   RO           95    .text.ADC_ConfigAvg  hc32f46x_adc.o
    0x00000b74   0x00000b74   0x00000082   Code   RO          111    .text.ADC_ConfigPga  hc32f46x_adc.o
    0x00000bf6   0x00000bf6   0x00000002   PAD
    0x00000bf8   0x00000bf8   0x000000fa   Code   RO          149    .text.ADC_GetChannelPinNum  hc32f46x_adc.o
    0x00000cf2   0x00000cf2   0x00000002   PAD
    0x00000cf4   0x00000cf4   0x000001c2   Code   RO           79    .text.ADC_Init      hc32f46x_adc.o
    0x00000eb6   0x00000eb6   0x00000002   PAD
    0x00000eb8   0x00000eb8   0x0000005c   Code   RO          113    .text.ADC_PgaCmd    hc32f46x_adc.o
    0x00000f14   0x00000f14   0x00000058   Code   RO          123    .text.ADC_StartConvert  hc32f46x_adc.o
    0x00000f6c   0x00000f6c   0x000000b0   Code   RO         1034    .text.AdcChannelConfig  myadc.o
    0x0000101c   0x0000101c   0x00000050   Code   RO         1030    .text.AdcClockConfig  myadc.o
    0x0000106c   0x0000106c   0x0000002e   Code   RO         1038    .text.AdcConfig     myadc.o
    0x0000109a   0x0000109a   0x00000002   PAD
    0x0000109c   0x0000109c   0x0000013c   Code   RO         1042    .text.AdcDmaConfig  myadc.o
    0x000011d8   0x000011d8   0x0000005c   Code   RO         1032    .text.AdcInitConfig  myadc.o
    0x00001234   0x00001234   0x00000070   Code   RO         1036    .text.AdcSetChannelPinMode  myadc.o
    0x000012a4   0x000012a4   0x00000118   Code   RO         1044    .text.AdcSetPinMode  myadc.o
    0x000013bc   0x000013bc   0x00000096   Code   RO          778    .text.AsyncDelay    hc32f46x_timer0.o
    0x00001452   0x00001452   0x00000002   PAD
    0x00001454   0x00001454   0x00000008   Code   RO          362    .text.BusFault_Handler  hc32f46x_interrupts.o
    0x0000145c   0x0000145c   0x0000017e   Code   RO          201    .text.CLK_GetClockFreq  hc32f46x_clk.o
    0x000015da   0x000015da   0x00000002   PAD
    0x000015dc   0x000015dc   0x000000b6   Code   RO          167    .text.CLK_GetFlagStatus  hc32f46x_clk.o
    0x00001692   0x00001692   0x00000002   PAD
    0x00001694   0x00001694   0x000001f0   Code   RO          203    .text.CLK_GetPllClockFreq  hc32f46x_clk.o
    0x00001884   0x00001884   0x000000dc   Code   RO          189    .text.CLK_MpllCmd   hc32f46x_clk.o
    0x00001960   0x00001960   0x00000236   Code   RO          187    .text.CLK_MpllConfig  hc32f46x_clk.o
    0x00001b96   0x00001b96   0x00000002   PAD
    0x00001b98   0x00001b98   0x0000006a   Code   RO          207    .text.CLK_SetPeriClkSource  hc32f46x_clk.o
    0x00001c02   0x00001c02   0x00000002   PAD
    0x00001c04   0x00001c04   0x00000068   Code   RO          185    .text.CLK_SetPllSource  hc32f46x_clk.o
    0x00001c6c   0x00001c6c   0x00000186   Code   RO          195    .text.CLK_SetSysClkSource  hc32f46x_clk.o
    0x00001df2   0x00001df2   0x00000002   PAD
    0x00001df4   0x00001df4   0x0000023c   Code   RO          199    .text.CLK_SysClkConfig  hc32f46x_clk.o
    0x00002030   0x00002030   0x000000b0   Code   RO          193    .text.CLK_UpllCmd   hc32f46x_clk.o
    0x000020e0   0x000020e0   0x0000023a   Code   RO          191    .text.CLK_UpllConfig  hc32f46x_clk.o
    0x0000231a   0x0000231a   0x00000002   PAD
    0x0000231c   0x0000231c   0x00000140   Code   RO          165    .text.CLK_XtalCmd   hc32f46x_clk.o
    0x0000245c   0x0000245c   0x00000070   Code   RO          159    .text.CLK_XtalConfig  hc32f46x_clk.o
    0x000024cc   0x000024cc   0x000003d6   Code   RO          943    .text.DMA_ChannelCfg  hc32f46x_dmac.o
    0x000028a2   0x000028a2   0x00000002   PAD
    0x000028a4   0x000028a4   0x00000340   Code   RO          903    .text.DMA_ChannelCmd  hc32f46x_dmac.o
    0x00002be4   0x00002be4   0x00000160   Code   RO          901    .text.DMA_ClearIrqFlag  hc32f46x_dmac.o
    0x00002d44   0x00002d44   0x00000076   Code   RO          893    .text.DMA_Cmd       hc32f46x_dmac.o
    0x00002dba   0x00002dba   0x00000002   PAD
    0x00002dbc   0x00002dbc   0x000002a0   Code   RO          945    .text.DMA_InitChannel  hc32f46x_dmac.o
    0x0000305c   0x0000305c   0x00000094   Code   RO          939    .text.DMA_SetTriggerSrc  hc32f46x_dmac.o
    0x000030f0   0x000030f0   0x00000020   Code   RO           65    .text.Ddl_AssertHandler  hc32f46x_utility.o
    0x00003110   0x00003110   0x00000008   Code   RO          368    .text.DebugMon_Handler  hc32f46x_interrupts.o
    0x00003118   0x00003118   0x00000048   Code   RO          245    .text.EFM_FlashCmd  hc32f46x_efm.o
    0x00003160   0x00003160   0x00000070   Code   RO          261    .text.EFM_GetFlagStatus  hc32f46x_efm.o
    0x000031d0   0x000031d0   0x0000004a   Code   RO          249    .text.EFM_InstructionCacheCmd  hc32f46x_efm.o
    0x0000321a   0x0000321a   0x00000002   PAD
    0x0000321c   0x0000321c   0x00000024   Code   RO          243    .text.EFM_Lock      hc32f46x_efm.o
    0x00003240   0x00003240   0x000000b8   Code   RO          247    .text.EFM_SetLatency  hc32f46x_efm.o
    0x000032f8   0x000032f8   0x00000016   Code   RO          241    .text.EFM_Unlock    hc32f46x_efm.o
    0x0000330e   0x0000330e   0x00000002   PAD
    0x00003310   0x00003310   0x0000000c   Code   RO         1552    .text.FIFO_GetDataCount  fifo.o
    0x0000331c   0x0000331c   0x0000001a   Code   RO         1538    .text.FIFO_Init     fifo.o
    0x00003336   0x00003336   0x00000002   PAD
    0x00003338   0x00003338   0x00000024   Code   RO         1550    .text.FIFO_IsDataEmpty  fifo.o
    0x0000335c   0x0000335c   0x0000009c   Code   RO         1544    .text.FIFO_ReadData  fifo.o
    0x000033f8   0x000033f8   0x00000070   Code   RO         1540    .text.FIFO_WriteData  fifo.o
    0x00003468   0x00003468   0x00000016   Code   RO         1542    .text.FIFO_WriteOneData  fifo.o
    0x0000347e   0x0000347e   0x00000002   PAD
    0x00003480   0x00003480   0x00000114   Code   RO         1525    .text.HardFaultHandler  segger_hardfaulthandler.o
    0x00003594   0x00003594   0x00000020   Code   RO          374    .text.IRQ000_Handler  hc32f46x_interrupts.o
    0x000035b4   0x000035b4   0x00000020   Code   RO          376    .text.IRQ001_Handler  hc32f46x_interrupts.o
    0x000035d4   0x000035d4   0x00000020   Code   RO          378    .text.IRQ002_Handler  hc32f46x_interrupts.o
    0x000035f4   0x000035f4   0x00000020   Code   RO          380    .text.IRQ003_Handler  hc32f46x_interrupts.o
    0x00003614   0x00003614   0x00000020   Code   RO          382    .text.IRQ004_Handler  hc32f46x_interrupts.o
    0x00003634   0x00003634   0x00000020   Code   RO          384    .text.IRQ005_Handler  hc32f46x_interrupts.o
    0x00003654   0x00003654   0x00000020   Code   RO          386    .text.IRQ006_Handler  hc32f46x_interrupts.o
    0x00003674   0x00003674   0x00000020   Code   RO          388    .text.IRQ007_Handler  hc32f46x_interrupts.o
    0x00003694   0x00003694   0x00000020   Code   RO          390    .text.IRQ008_Handler  hc32f46x_interrupts.o
    0x000036b4   0x000036b4   0x00000020   Code   RO          392    .text.IRQ009_Handler  hc32f46x_interrupts.o
    0x000036d4   0x000036d4   0x00000020   Code   RO          394    .text.IRQ010_Handler  hc32f46x_interrupts.o
    0x000036f4   0x000036f4   0x00000020   Code   RO          396    .text.IRQ011_Handler  hc32f46x_interrupts.o
    0x00003714   0x00003714   0x00000020   Code   RO          398    .text.IRQ012_Handler  hc32f46x_interrupts.o
    0x00003734   0x00003734   0x00000020   Code   RO          400    .text.IRQ013_Handler  hc32f46x_interrupts.o
    0x00003754   0x00003754   0x00000020   Code   RO          402    .text.IRQ014_Handler  hc32f46x_interrupts.o
    0x00003774   0x00003774   0x00000020   Code   RO          404    .text.IRQ015_Handler  hc32f46x_interrupts.o
    0x00003794   0x00003794   0x00000020   Code   RO          406    .text.IRQ016_Handler  hc32f46x_interrupts.o
    0x000037b4   0x000037b4   0x00000020   Code   RO          408    .text.IRQ017_Handler  hc32f46x_interrupts.o
    0x000037d4   0x000037d4   0x00000020   Code   RO          410    .text.IRQ018_Handler  hc32f46x_interrupts.o
    0x000037f4   0x000037f4   0x00000020   Code   RO          412    .text.IRQ019_Handler  hc32f46x_interrupts.o
    0x00003814   0x00003814   0x00000020   Code   RO          414    .text.IRQ020_Handler  hc32f46x_interrupts.o
    0x00003834   0x00003834   0x00000020   Code   RO          416    .text.IRQ021_Handler  hc32f46x_interrupts.o
    0x00003854   0x00003854   0x00000020   Code   RO          418    .text.IRQ022_Handler  hc32f46x_interrupts.o
    0x00003874   0x00003874   0x00000020   Code   RO          420    .text.IRQ023_Handler  hc32f46x_interrupts.o
    0x00003894   0x00003894   0x00000020   Code   RO          422    .text.IRQ024_Handler  hc32f46x_interrupts.o
    0x000038b4   0x000038b4   0x00000020   Code   RO          424    .text.IRQ025_Handler  hc32f46x_interrupts.o
    0x000038d4   0x000038d4   0x00000020   Code   RO          426    .text.IRQ026_Handler  hc32f46x_interrupts.o
    0x000038f4   0x000038f4   0x00000020   Code   RO          428    .text.IRQ027_Handler  hc32f46x_interrupts.o
    0x00003914   0x00003914   0x00000020   Code   RO          430    .text.IRQ028_Handler  hc32f46x_interrupts.o
    0x00003934   0x00003934   0x00000020   Code   RO          432    .text.IRQ029_Handler  hc32f46x_interrupts.o
    0x00003954   0x00003954   0x00000020   Code   RO          434    .text.IRQ030_Handler  hc32f46x_interrupts.o
    0x00003974   0x00003974   0x00000020   Code   RO          436    .text.IRQ031_Handler  hc32f46x_interrupts.o
    0x00003994   0x00003994   0x00000024   Code   RO          438    .text.IRQ032_Handler  hc32f46x_interrupts.o
    0x000039b8   0x000039b8   0x00000024   Code   RO          440    .text.IRQ033_Handler  hc32f46x_interrupts.o
    0x000039dc   0x000039dc   0x00000024   Code   RO          442    .text.IRQ034_Handler  hc32f46x_interrupts.o
    0x00003a00   0x00003a00   0x00000024   Code   RO          444    .text.IRQ035_Handler  hc32f46x_interrupts.o
    0x00003a24   0x00003a24   0x00000024   Code   RO          446    .text.IRQ036_Handler  hc32f46x_interrupts.o
    0x00003a48   0x00003a48   0x00000024   Code   RO          448    .text.IRQ037_Handler  hc32f46x_interrupts.o
    0x00003a6c   0x00003a6c   0x00000024   Code   RO          450    .text.IRQ038_Handler  hc32f46x_interrupts.o
    0x00003a90   0x00003a90   0x00000024   Code   RO          452    .text.IRQ039_Handler  hc32f46x_interrupts.o
    0x00003ab4   0x00003ab4   0x00000024   Code   RO          454    .text.IRQ040_Handler  hc32f46x_interrupts.o
    0x00003ad8   0x00003ad8   0x00000024   Code   RO          456    .text.IRQ041_Handler  hc32f46x_interrupts.o
    0x00003afc   0x00003afc   0x00000024   Code   RO          458    .text.IRQ042_Handler  hc32f46x_interrupts.o
    0x00003b20   0x00003b20   0x00000024   Code   RO          460    .text.IRQ043_Handler  hc32f46x_interrupts.o
    0x00003b44   0x00003b44   0x00000024   Code   RO          462    .text.IRQ044_Handler  hc32f46x_interrupts.o
    0x00003b68   0x00003b68   0x00000024   Code   RO          464    .text.IRQ045_Handler  hc32f46x_interrupts.o
    0x00003b8c   0x00003b8c   0x00000024   Code   RO          466    .text.IRQ046_Handler  hc32f46x_interrupts.o
    0x00003bb0   0x00003bb0   0x00000024   Code   RO          468    .text.IRQ047_Handler  hc32f46x_interrupts.o
    0x00003bd4   0x00003bd4   0x00000024   Code   RO          470    .text.IRQ048_Handler  hc32f46x_interrupts.o
    0x00003bf8   0x00003bf8   0x00000024   Code   RO          472    .text.IRQ049_Handler  hc32f46x_interrupts.o
    0x00003c1c   0x00003c1c   0x00000024   Code   RO          474    .text.IRQ050_Handler  hc32f46x_interrupts.o
    0x00003c40   0x00003c40   0x00000024   Code   RO          476    .text.IRQ051_Handler  hc32f46x_interrupts.o
    0x00003c64   0x00003c64   0x00000024   Code   RO          478    .text.IRQ052_Handler  hc32f46x_interrupts.o
    0x00003c88   0x00003c88   0x00000024   Code   RO          480    .text.IRQ053_Handler  hc32f46x_interrupts.o
    0x00003cac   0x00003cac   0x00000024   Code   RO          482    .text.IRQ054_Handler  hc32f46x_interrupts.o
    0x00003cd0   0x00003cd0   0x00000024   Code   RO          484    .text.IRQ055_Handler  hc32f46x_interrupts.o
    0x00003cf4   0x00003cf4   0x00000024   Code   RO          486    .text.IRQ056_Handler  hc32f46x_interrupts.o
    0x00003d18   0x00003d18   0x00000024   Code   RO          488    .text.IRQ057_Handler  hc32f46x_interrupts.o
    0x00003d3c   0x00003d3c   0x00000024   Code   RO          490    .text.IRQ058_Handler  hc32f46x_interrupts.o
    0x00003d60   0x00003d60   0x00000024   Code   RO          492    .text.IRQ059_Handler  hc32f46x_interrupts.o
    0x00003d84   0x00003d84   0x00000024   Code   RO          494    .text.IRQ060_Handler  hc32f46x_interrupts.o
    0x00003da8   0x00003da8   0x00000024   Code   RO          496    .text.IRQ061_Handler  hc32f46x_interrupts.o
    0x00003dcc   0x00003dcc   0x00000024   Code   RO          498    .text.IRQ062_Handler  hc32f46x_interrupts.o
    0x00003df0   0x00003df0   0x00000024   Code   RO          500    .text.IRQ063_Handler  hc32f46x_interrupts.o
    0x00003e14   0x00003e14   0x00000024   Code   RO          502    .text.IRQ064_Handler  hc32f46x_interrupts.o
    0x00003e38   0x00003e38   0x00000024   Code   RO          504    .text.IRQ065_Handler  hc32f46x_interrupts.o
    0x00003e5c   0x00003e5c   0x00000024   Code   RO          506    .text.IRQ066_Handler  hc32f46x_interrupts.o
    0x00003e80   0x00003e80   0x00000024   Code   RO          508    .text.IRQ067_Handler  hc32f46x_interrupts.o
    0x00003ea4   0x00003ea4   0x00000024   Code   RO          510    .text.IRQ068_Handler  hc32f46x_interrupts.o
    0x00003ec8   0x00003ec8   0x00000024   Code   RO          512    .text.IRQ069_Handler  hc32f46x_interrupts.o
    0x00003eec   0x00003eec   0x00000024   Code   RO          514    .text.IRQ070_Handler  hc32f46x_interrupts.o
    0x00003f10   0x00003f10   0x00000024   Code   RO          516    .text.IRQ071_Handler  hc32f46x_interrupts.o
    0x00003f34   0x00003f34   0x00000024   Code   RO          518    .text.IRQ072_Handler  hc32f46x_interrupts.o
    0x00003f58   0x00003f58   0x00000024   Code   RO          520    .text.IRQ073_Handler  hc32f46x_interrupts.o
    0x00003f7c   0x00003f7c   0x00000024   Code   RO          522    .text.IRQ074_Handler  hc32f46x_interrupts.o
    0x00003fa0   0x00003fa0   0x00000024   Code   RO          524    .text.IRQ075_Handler  hc32f46x_interrupts.o
    0x00003fc4   0x00003fc4   0x00000024   Code   RO          526    .text.IRQ076_Handler  hc32f46x_interrupts.o
    0x00003fe8   0x00003fe8   0x00000024   Code   RO          528    .text.IRQ077_Handler  hc32f46x_interrupts.o
    0x0000400c   0x0000400c   0x00000024   Code   RO          530    .text.IRQ078_Handler  hc32f46x_interrupts.o
    0x00004030   0x00004030   0x00000024   Code   RO          532    .text.IRQ079_Handler  hc32f46x_interrupts.o
    0x00004054   0x00004054   0x00000024   Code   RO          534    .text.IRQ080_Handler  hc32f46x_interrupts.o
    0x00004078   0x00004078   0x00000024   Code   RO          536    .text.IRQ081_Handler  hc32f46x_interrupts.o
    0x0000409c   0x0000409c   0x00000024   Code   RO          538    .text.IRQ082_Handler  hc32f46x_interrupts.o
    0x000040c0   0x000040c0   0x00000024   Code   RO          540    .text.IRQ083_Handler  hc32f46x_interrupts.o
    0x000040e4   0x000040e4   0x00000024   Code   RO          542    .text.IRQ084_Handler  hc32f46x_interrupts.o
    0x00004108   0x00004108   0x00000024   Code   RO          544    .text.IRQ085_Handler  hc32f46x_interrupts.o
    0x0000412c   0x0000412c   0x00000024   Code   RO          546    .text.IRQ086_Handler  hc32f46x_interrupts.o
    0x00004150   0x00004150   0x00000024   Code   RO          548    .text.IRQ087_Handler  hc32f46x_interrupts.o
    0x00004174   0x00004174   0x00000024   Code   RO          550    .text.IRQ088_Handler  hc32f46x_interrupts.o
    0x00004198   0x00004198   0x00000024   Code   RO          552    .text.IRQ089_Handler  hc32f46x_interrupts.o
    0x000041bc   0x000041bc   0x00000024   Code   RO          554    .text.IRQ090_Handler  hc32f46x_interrupts.o
    0x000041e0   0x000041e0   0x00000024   Code   RO          556    .text.IRQ091_Handler  hc32f46x_interrupts.o
    0x00004204   0x00004204   0x00000024   Code   RO          558    .text.IRQ092_Handler  hc32f46x_interrupts.o
    0x00004228   0x00004228   0x00000024   Code   RO          560    .text.IRQ093_Handler  hc32f46x_interrupts.o
    0x0000424c   0x0000424c   0x00000024   Code   RO          562    .text.IRQ094_Handler  hc32f46x_interrupts.o
    0x00004270   0x00004270   0x00000024   Code   RO          564    .text.IRQ095_Handler  hc32f46x_interrupts.o
    0x00004294   0x00004294   0x00000024   Code   RO          566    .text.IRQ096_Handler  hc32f46x_interrupts.o
    0x000042b8   0x000042b8   0x00000024   Code   RO          568    .text.IRQ097_Handler  hc32f46x_interrupts.o
    0x000042dc   0x000042dc   0x00000024   Code   RO          570    .text.IRQ098_Handler  hc32f46x_interrupts.o
    0x00004300   0x00004300   0x00000024   Code   RO          572    .text.IRQ099_Handler  hc32f46x_interrupts.o
    0x00004324   0x00004324   0x00000024   Code   RO          574    .text.IRQ100_Handler  hc32f46x_interrupts.o
    0x00004348   0x00004348   0x00000024   Code   RO          576    .text.IRQ101_Handler  hc32f46x_interrupts.o
    0x0000436c   0x0000436c   0x00000024   Code   RO          578    .text.IRQ102_Handler  hc32f46x_interrupts.o
    0x00004390   0x00004390   0x00000024   Code   RO          580    .text.IRQ103_Handler  hc32f46x_interrupts.o
    0x000043b4   0x000043b4   0x00000024   Code   RO          582    .text.IRQ104_Handler  hc32f46x_interrupts.o
    0x000043d8   0x000043d8   0x00000024   Code   RO          584    .text.IRQ105_Handler  hc32f46x_interrupts.o
    0x000043fc   0x000043fc   0x00000024   Code   RO          586    .text.IRQ106_Handler  hc32f46x_interrupts.o
    0x00004420   0x00004420   0x00000024   Code   RO          588    .text.IRQ107_Handler  hc32f46x_interrupts.o
    0x00004444   0x00004444   0x00000024   Code   RO          590    .text.IRQ108_Handler  hc32f46x_interrupts.o
    0x00004468   0x00004468   0x00000024   Code   RO          592    .text.IRQ109_Handler  hc32f46x_interrupts.o
    0x0000448c   0x0000448c   0x00000024   Code   RO          594    .text.IRQ110_Handler  hc32f46x_interrupts.o
    0x000044b0   0x000044b0   0x00000024   Code   RO          596    .text.IRQ111_Handler  hc32f46x_interrupts.o
    0x000044d4   0x000044d4   0x00000024   Code   RO          598    .text.IRQ112_Handler  hc32f46x_interrupts.o
    0x000044f8   0x000044f8   0x00000024   Code   RO          600    .text.IRQ113_Handler  hc32f46x_interrupts.o
    0x0000451c   0x0000451c   0x00000024   Code   RO          602    .text.IRQ114_Handler  hc32f46x_interrupts.o
    0x00004540   0x00004540   0x00000024   Code   RO          604    .text.IRQ115_Handler  hc32f46x_interrupts.o
    0x00004564   0x00004564   0x00000024   Code   RO          606    .text.IRQ116_Handler  hc32f46x_interrupts.o
    0x00004588   0x00004588   0x00000024   Code   RO          608    .text.IRQ117_Handler  hc32f46x_interrupts.o
    0x000045ac   0x000045ac   0x00000024   Code   RO          610    .text.IRQ118_Handler  hc32f46x_interrupts.o
    0x000045d0   0x000045d0   0x00000024   Code   RO          612    .text.IRQ119_Handler  hc32f46x_interrupts.o
    0x000045f4   0x000045f4   0x00000024   Code   RO          614    .text.IRQ120_Handler  hc32f46x_interrupts.o
    0x00004618   0x00004618   0x00000024   Code   RO          616    .text.IRQ121_Handler  hc32f46x_interrupts.o
    0x0000463c   0x0000463c   0x00000024   Code   RO          618    .text.IRQ122_Handler  hc32f46x_interrupts.o
    0x00004660   0x00004660   0x00000024   Code   RO          620    .text.IRQ123_Handler  hc32f46x_interrupts.o
    0x00004684   0x00004684   0x00000024   Code   RO          622    .text.IRQ124_Handler  hc32f46x_interrupts.o
    0x000046a8   0x000046a8   0x00000024   Code   RO          624    .text.IRQ125_Handler  hc32f46x_interrupts.o
    0x000046cc   0x000046cc   0x00000024   Code   RO          626    .text.IRQ126_Handler  hc32f46x_interrupts.o
    0x000046f0   0x000046f0   0x00000024   Code   RO          628    .text.IRQ127_Handler  hc32f46x_interrupts.o
    0x00004714   0x00004714   0x00000230   Code   RO          630    .text.IRQ128_Handler  hc32f46x_interrupts.o
    0x00004944   0x00004944   0x00000742   Code   RO          632    .text.IRQ129_Handler  hc32f46x_interrupts.o
    0x00005086   0x00005086   0x00000002   PAD
    0x00005088   0x00005088   0x0000015c   Code   RO          634    .text.IRQ130_Handler  hc32f46x_interrupts.o
    0x000051e4   0x000051e4   0x000004b2   Code   RO          636    .text.IRQ131_Handler  hc32f46x_interrupts.o
    0x00005696   0x00005696   0x00000002   PAD
    0x00005698   0x00005698   0x00000266   Code   RO          638    .text.IRQ132_Handler  hc32f46x_interrupts.o
    0x000058fe   0x000058fe   0x00000002   PAD
    0x00005900   0x00005900   0x00000584   Code   RO          640    .text.IRQ136_Handler  hc32f46x_interrupts.o
    0x00005e84   0x00005e84   0x00000492   Code   RO          642    .text.IRQ137_Handler  hc32f46x_interrupts.o
    0x00006316   0x00006316   0x00000002   PAD
    0x00006318   0x00006318   0x0000041c   Code   RO          644    .text.IRQ138_Handler  hc32f46x_interrupts.o
    0x00006734   0x00006734   0x0000021a   Code   RO          646    .text.IRQ139_Handler  hc32f46x_interrupts.o
    0x0000694e   0x0000694e   0x00000002   PAD
    0x00006950   0x00006950   0x00000360   Code   RO          648    .text.IRQ140_Handler  hc32f46x_interrupts.o
    0x00006cb0   0x00006cb0   0x000003c8   Code   RO          650    .text.IRQ141_Handler  hc32f46x_interrupts.o
    0x00007078   0x00007078   0x000001d4   Code   RO          652    .text.IRQ142_Handler  hc32f46x_interrupts.o
    0x0000724c   0x0000724c   0x00000204   Code   RO          654    .text.IRQ143_Handler  hc32f46x_interrupts.o
    0x00007450   0x00007450   0x00000008   Code   RO          360    .text.MemManage_Handler  hc32f46x_interrupts.o
    0x00007458   0x00007458   0x00000008   Code   RO          358    .text.NMI_Handler   hc32f46x_interrupts.o
    0x00007460   0x00007460   0x00000118   Code   RO          310    .text.PORT_GetBit   hc32f46x_gpio.o
    0x00007578   0x00007578   0x00000320   Code   RO          296    .text.PORT_Init     hc32f46x_gpio.o
    0x00007898   0x00007898   0x00000010   Code   RO          300    .text.PORT_Lock     hc32f46x_gpio.o
    0x000078a8   0x000078a8   0x00000072   Code   RO          320    .text.PORT_ResetBits  hc32f46x_gpio.o
    0x0000791a   0x0000791a   0x00000002   PAD
    0x0000791c   0x0000791c   0x00000072   Code   RO          318    .text.PORT_SetBits  hc32f46x_gpio.o
    0x0000798e   0x0000798e   0x00000002   PAD
    0x00007990   0x00007990   0x000003d8   Code   RO          326    .text.PORT_SetFunc  hc32f46x_gpio.o
    0x00007d68   0x00007d68   0x00000010   Code   RO          298    .text.PORT_Unlock   hc32f46x_gpio.o
    0x00007d78   0x00007d78   0x000000ac   Code   RO          687    .text.PWC_Fcg0PeriphClockCmd  hc32f46x_pwc.o
    0x00007e24   0x00007e24   0x0000008c   Code   RO          689    .text.PWC_Fcg1PeriphClockCmd  hc32f46x_pwc.o
    0x00007eb0   0x00007eb0   0x0000008c   Code   RO          691    .text.PWC_Fcg2PeriphClockCmd  hc32f46x_pwc.o
    0x00007f3c   0x00007f3c   0x0000008c   Code   RO          693    .text.PWC_Fcg3PeriphClockCmd  hc32f46x_pwc.o
    0x00007fc8   0x00007fc8   0x00000008   Code   RO          370    .text.PendSV_Handler  hc32f46x_interrupts.o
    0x00007fd0   0x00007fd0   0x000000a0   Code   RO         1470    .text.SEGGER_RTT_ConfigUpBuffer  segger_rtt.o
    0x00008070   0x00008070   0x00000008   Code   RO         1482    .text.SEGGER_RTT_Init  segger_rtt.o
    0x00008078   0x00008078   0x0000004c   Code   RO         1446    .text.SEGGER_RTT_Write  segger_rtt.o
    0x000080c4   0x000080c4   0x000000b0   Code   RO         1442    .text.SEGGER_RTT_WriteNoLock  segger_rtt.o
    0x00008174   0x00008174   0x0000002a   Code   RO         1515    .text.SEGGER_RTT_printf  segger_rtt_printf.o
    0x0000819e   0x0000819e   0x00000002   PAD
    0x000081a0   0x000081a0   0x00000400   Code   RO         1507    .text.SEGGER_RTT_vprintf  segger_rtt_printf.o
    0x000085a0   0x000085a0   0x00000008   Code   RO          366    .text.SVC_Handler   hc32f46x_interrupts.o
    0x000085a8   0x000085a8   0x00000174   Code   RO          878    .text.SetClkSyncBaudrate  hc32f46x_usart.o
    0x0000871c   0x0000871c   0x000001b0   Code   RO          876    .text.SetScBaudrate  hc32f46x_usart.o
    0x000088cc   0x000088cc   0x000001ac   Code   RO          880    .text.SetUartBaudrate  hc32f46x_usart.o
    0x00008a78   0x00008a78   0x000000b6   Code   RO         1117    .text.SysClkIni     myclk.o
    0x00008b2e   0x00008b2e   0x00000002   PAD
    0x00008b30   0x00008b30   0x00000052   Code   RO           53    .text.SysTick_Config  hc32f46x_utility.o
    0x00008b82   0x00008b82   0x00000002   PAD
    0x00008b84   0x00008b84   0x0000000c   Code   RO           57    .text.SysTick_GetTick  hc32f46x_utility.o
    0x00008b90   0x00008b90   0x00000008   Code   RO          372    .text.SysTick_Handler  hc32f46x_interrupts.o
    0x00008b98   0x00008b98   0x0000001a   Code   RO           59    .text.SysTick_IncTick  hc32f46x_utility.o
    0x00008bb2   0x00008bb2   0x00000002   PAD
    0x00008bb4   0x00008bb4   0x0000004a   Code   RO           51    .text.SysTick_Init  hc32f46x_utility.o
    0x00008bfe   0x00008bfe   0x00000002   PAD
    0x00008c00   0x00008c00   0x00000008   Code   RO         1135    .text.SysTick_IrqHandler  app.o
    0x00008c08   0x00008c08   0x0000016a   Code   RO           13    .text.SystemCoreClockUpdate  system_hc32f46x.o
    0x00008d72   0x00008d72   0x00000002   PAD
    0x00008d74   0x00008d74   0x00000018   Code   RO           11    .text.SystemInit    system_hc32f46x.o
    0x00008d8c   0x00008d8c   0x000003b6   Code   RO          794    .text.TIMER0_BaseInit  hc32f46x_timer0.o
    0x00009142   0x00009142   0x00000002   PAD
    0x00009144   0x00009144   0x00000134   Code   RO          780    .text.TIMER0_Cmd    hc32f46x_timer0.o
    0x00009278   0x00009278   0x00000096   Code   RO          802    .text.TIMER0_GetClkMode  hc32f46x_timer0.o
    0x0000930e   0x0000930e   0x00000002   PAD
    0x00009310   0x00009310   0x0000013c   Code   RO          784    .text.TIMER0_IntCmd  hc32f46x_timer0.o
    0x0000944c   0x0000944c   0x00000218   Code   RO          960    .text.TIMERA_BaseInit  hc32f46x_timera.o
    0x00009664   0x00009664   0x0000019a   Code   RO         1016    .text.TIMERA_ClearFlag  hc32f46x_timera.o
    0x000097fe   0x000097fe   0x00000002   PAD
    0x00009800   0x00009800   0x000000ae   Code   RO          972    .text.TIMERA_Cmd    hc32f46x_timera.o
    0x000098ae   0x000098ae   0x00000002   PAD
    0x000098b0   0x000098b0   0x00000118   Code   RO          986    .text.TIMERA_CompareCmd  hc32f46x_timera.o
    0x000099c8   0x000099c8   0x000003a0   Code   RO          974    .text.TIMERA_CompareInit  hc32f46x_timera.o
    0x00009d68   0x00009d68   0x00000182   Code   RO         1014    .text.TIMERA_GetFlag  hc32f46x_timera.o
    0x00009eea   0x00009eea   0x00000002   PAD
    0x00009eec   0x00009eec   0x00000220   Code   RO         1010    .text.TIMERA_IrqCmd  hc32f46x_timera.o
    0x0000a10c   0x0000a10c   0x00000036   Code   RO         1098    .text.Timer0A_CallBack  mytimer.o
    0x0000a142   0x0000a142   0x00000002   PAD
    0x0000a144   0x0000a144   0x00000050   Code   RO         1106    .text.Timer0B_CallBack  mytimer.o
    0x0000a194   0x0000a194   0x00000084   Code   RO         1196    .text.TimeraUnit1_IrqCallback  timera_pwm.o
    0x0000a218   0x0000a218   0x00000158   Code   RO         1194    .text.Timera_Config  timera_pwm.o
    0x0000a370   0x0000a370   0x000000b0   Code   RO          822    .text.USART_ClearStatus  hc32f46x_usart.o
    0x0000a420   0x0000a420   0x000001dc   Code   RO          824    .text.USART_FuncCmd  hc32f46x_usart.o
    0x0000a5fc   0x0000a5fc   0x000000ce   Code   RO          820    .text.USART_GetStatus  hc32f46x_usart.o
    0x0000a6ca   0x0000a6ca   0x00000002   PAD
    0x0000a6cc   0x0000a6cc   0x0000006a   Code   RO          872    .text.USART_RecData  hc32f46x_usart.o
    0x0000a736   0x0000a736   0x00000002   PAD
    0x0000a738   0x0000a738   0x00000092   Code   RO          874    .text.USART_SetBaudrate  hc32f46x_usart.o
    0x0000a7ca   0x0000a7ca   0x00000002   PAD
    0x0000a7cc   0x0000a7cc   0x0000032a   Code   RO          812    .text.USART_UART_Init  hc32f46x_usart.o
    0x0000aaf6   0x0000aaf6   0x00000002   PAD
    0x0000aaf8   0x0000aaf8   0x00000008   Code   RO          364    .text.UsageFault_Handler  hc32f46x_interrupts.o
    0x0000ab00   0x0000ab00   0x00000096   Code   RO          882    .text.UsartGetClk   hc32f46x_usart.o
    0x0000ab96   0x0000ab96   0x00000002   PAD
    0x0000ab98   0x0000ab98   0x00000070   Code   RO         1071    .text.UsartRxErrProcess  myusart.o
    0x0000ac08   0x0000ac08   0x0000003a   Code   RO         1085    .text.UsartRxIrqCallback  myusart.o
    0x0000ac42   0x0000ac42   0x00000002   PAD
    0x0000ac44   0x0000ac44   0x00000026   Code   RO         1402    .text.User_Shell_Init  shell_port.o
    0x0000ac6a   0x0000ac6a   0x00000002   PAD
    0x0000ac6c   0x0000ac6c   0x0000009c   Code   RO         1424    .text._DoInit       segger_rtt.o
    0x0000ad08   0x0000ad08   0x0000003e   Code   RO         1436    .text._GetAvailWriteSpace  segger_rtt.o
    0x0000ad46   0x0000ad46   0x00000002   PAD
    0x0000ad48   0x0000ad48   0x000001cc   Code   RO         1511    .text._PrintInt     segger_rtt_printf.o
    0x0000af14   0x0000af14   0x000001ac   Code   RO         1513    .text._PrintUnsigned  segger_rtt_printf.o
    0x0000b0c0   0x0000b0c0   0x00000076   Code   RO         1509    .text._StoreChar    segger_rtt_printf.o
    0x0000b136   0x0000b136   0x00000002   PAD
    0x0000b138   0x0000b138   0x000000e4   Code   RO         1440    .text._WriteBlocking  segger_rtt.o
    0x0000b21c   0x0000b21c   0x0000008c   Code   RO         1438    .text._WriteNoCheck  segger_rtt.o
    0x0000b2a8   0x0000b2a8   0x0000002a   Code   RO         1081    .text.__NVIC_ClearPendingIRQ  myusart.o
    0x0000b2d2   0x0000b2d2   0x00000002   PAD
    0x0000b2d4   0x0000b2d4   0x0000002a   Code   RO         1100    .text.__NVIC_ClearPendingIRQ  mytimer.o
    0x0000b2fe   0x0000b2fe   0x00000002   PAD
    0x0000b300   0x0000b300   0x0000002a   Code   RO         1198    .text.__NVIC_ClearPendingIRQ  timera_pwm.o
    0x0000b32a   0x0000b32a   0x00000002   PAD
    0x0000b32c   0x0000b32c   0x0000002a   Code   RO         1083    .text.__NVIC_EnableIRQ  myusart.o
    0x0000b356   0x0000b356   0x00000002   PAD
    0x0000b358   0x0000b358   0x0000002a   Code   RO         1104    .text.__NVIC_EnableIRQ  mytimer.o
    0x0000b382   0x0000b382   0x00000002   PAD
    0x0000b384   0x0000b384   0x0000002a   Code   RO         1202    .text.__NVIC_EnableIRQ  timera_pwm.o
    0x0000b3ae   0x0000b3ae   0x00000002   PAD
    0x0000b3b0   0x0000b3b0   0x0000003a   Code   RO           67    .text.__NVIC_SetPriority  hc32f46x_utility.o
    0x0000b3ea   0x0000b3ea   0x00000002   PAD
    0x0000b3ec   0x0000b3ec   0x0000003a   Code   RO         1079    .text.__NVIC_SetPriority  myusart.o
    0x0000b426   0x0000b426   0x00000002   PAD
    0x0000b428   0x0000b428   0x0000003a   Code   RO         1102    .text.__NVIC_SetPriority  mytimer.o
    0x0000b462   0x0000b462   0x00000002   PAD
    0x0000b464   0x0000b464   0x0000003a   Code   RO         1139    .text.__NVIC_SetPriority  app.o
    0x0000b49e   0x0000b49e   0x00000002   PAD
    0x0000b4a0   0x0000b4a0   0x0000003a   Code   RO         1200    .text.__NVIC_SetPriority  timera_pwm.o
    0x0000b4da   0x0000b4da   0x00000002   PAD
    0x0000b4dc   0x0000b4dc   0x00000026   Code   RO         1408    .text.__NVIC_SystemReset  shell_port.o
    0x0000b502   0x0000b502   0x00000002   PAD
    0x0000b504   0x0000b504   0x0000002a   Code   RO         1040    .text.adc_clk_test  myadc.o
    0x0000b52e   0x0000b52e   0x00000002   PAD
    0x0000b530   0x0000b530   0x00000040   Code   RO         1167    .text.app           app.o
    0x0000b570   0x0000b570   0x00000172   Code   RO         1119    .text.clk_test      myclk.o
    0x0000b6e2   0x0000b6e2   0x00000002   PAD
    0x0000b6e4   0x0000b6e4   0x000000bc   Code   RO          338    .text.enIrqRegistration  hc32f46x_interrupts.o
    0x0000b7a0   0x0000b7a0   0x00000076   Code   RO         1133    .text.en_fsk_pwm    app.o
    0x0000b816   0x0000b816   0x00000002   PAD
    0x0000b818   0x0000b818   0x00000058   Code   RO         1131    .text.en_sample     app.o
    0x0000b870   0x0000b870   0x00000030   Code   RO         1151    .text.enable_flash_cache  app.o
    0x0000b8a0   0x0000b8a0   0x00000016   Code   RO         1159    .text.error_process  app.o
    0x0000b8b6   0x0000b8b6   0x00000002   PAD
    0x0000b8b8   0x0000b8b8   0x00000030   Code   RO         1626    .text.fputc         retarget_io.o
    0x0000b8e8   0x0000b8e8   0x0000003e   Code   RO         1155    .text.gpio_init     app.o
    0x0000b926   0x0000b926   0x00000002   PAD
    0x0000b928   0x0000b928   0x000002f8   Code   RO         1129    .text.hexdump       app.o
    0x0000bc20   0x0000bc20   0x0000005e   Code   RO         1163    .text.idle_process  app.o
    0x0000bc7e   0x0000bc7e   0x00000002   PAD
    0x0000bc80   0x0000bc80   0x000000c0   Code   RO         1165    .text.init_all      app.o
    0x0000bd40   0x0000bd40   0x00000036   Code   RO         1062    .text.led_green     myled.o
    0x0000bd76   0x0000bd76   0x00000002   PAD
    0x0000bd78   0x0000bd78   0x00000052   Code   RO         1058    .text.led_init      myled.o
    0x0000bdca   0x0000bdca   0x00000002   PAD
    0x0000bdcc   0x0000bdcc   0x00000036   Code   RO         1060    .text.led_red       myled.o
    0x0000be02   0x0000be02   0x00000002   PAD
    0x0000be04   0x0000be04   0x00000014   Code   RO           24    .text.main          main.o
    0x0000be18   0x0000be18   0x00000076   Code   RO         1153    .text.memory_init   app.o
    0x0000be8e   0x0000be8e   0x00000002   PAD
    0x0000be90   0x0000be90   0x00000004   Code   RO         1406    .text.quit_shell    shell_port.o
    0x0000be94   0x0000be94   0x00000094   Code   RO         1149    .text.read_uid      app.o
    0x0000bf28   0x0000bf28   0x00000070   Code   RO         1147    .text.segger_init   app.o
    0x0000bf98   0x0000bf98   0x0000004c   Code   RO         1157    .text.sent_sample_data  app.o
    0x0000bfe4   0x0000bfe4   0x000000c0   Code   RO         1143    .text.set_fsk_wave_duty  app.o
    0x0000c0a4   0x0000c0a4   0x00000024   Code   RO         1145    .text.set_if_adc_avg  app.o
    0x0000c0c8   0x0000c0c8   0x00000052   Code   RO         1141    .text.set_samplerate  app.o
    0x0000c11a   0x0000c11a   0x00000002   PAD
    0x0000c11c   0x0000c11c   0x00000050   Code   RO         1214    .text.shellAdd      shell.o
    0x0000c16c   0x0000c16c   0x00000012   Code   RO         1306    .text.shellBackspace  shell.o
    0x0000c17e   0x0000c17e   0x00000002   PAD
    0x0000c180   0x0000c180   0x00000056   Code   RO         1288    .text.shellCheckPassword  shell.o
    0x0000c1d6   0x0000c1d6   0x00000002   PAD
    0x0000c1d8   0x0000c1d8   0x0000005e   Code   RO         1230    .text.shellCheckPermission  shell.o
    0x0000c236   0x0000c236   0x00000002   PAD
    0x0000c238   0x0000c238   0x00000026   Code   RO         1326    .text.shellClear    shell.o
    0x0000c25e   0x0000c25e   0x00000002   PAD
    0x0000c260   0x0000c260   0x00000040   Code   RO         1258    .text.shellClearCommandLine  shell.o
    0x0000c2a0   0x0000c2a0   0x0000001c   Code   RO         1320    .text.shellCmds     shell.o
    0x0000c2bc   0x0000c2bc   0x00000014   Code   RO         1308    .text.shellDelete   shell.o
    0x0000c2d0   0x0000c2d0   0x0000015a   Code   RO         1262    .text.shellDeleteByte  shell.o
    0x0000c42a   0x0000c42a   0x00000002   PAD
    0x0000c42c   0x0000c42c   0x0000002e   Code   RO         1256    .text.shellDeleteCommandLine  shell.o
    0x0000c45a   0x0000c45a   0x00000002   PAD
    0x0000c45c   0x0000c45c   0x00000014   Code   RO         1294    .text.shellDown     shell.o
    0x0000c470   0x0000c470   0x00000018   Code   RO         1310    .text.shellEnter    shell.o
    0x0000c488   0x0000c488   0x00000092   Code   RO         1282    .text.shellExec     shell.o
    0x0000c51a   0x0000c51a   0x00000002   PAD
    0x0000c51c   0x0000c51c   0x0000006a   Code   RO         1330    .text.shellExecute  shell.o
    0x0000c586   0x0000c586   0x00000002   PAD
    0x0000c588   0x0000c588   0x00000096   Code   RO         1387    .text.shellExtNumType  shell_ext.o
    0x0000c61e   0x0000c61e   0x00000002   PAD
    0x0000c620   0x0000c620   0x0000008e   Code   RO         1377    .text.shellExtParseChar  shell_ext.o
    0x0000c6ae   0x0000c6ae   0x00000002   PAD
    0x0000c6b0   0x0000c6b0   0x0000014a   Code   RO         1379    .text.shellExtParseNumber  shell_ext.o
    0x0000c7fa   0x0000c7fa   0x00000002   PAD
    0x0000c7fc   0x0000c7fc   0x0000008e   Code   RO         1375    .text.shellExtParsePara  shell_ext.o
    0x0000c88a   0x0000c88a   0x00000002   PAD
    0x0000c88c   0x0000c88c   0x00000098   Code   RO         1383    .text.shellExtParseString  shell_ext.o
    0x0000c924   0x0000c924   0x00000036   Code   RO         1381    .text.shellExtParseVar  shell_ext.o
    0x0000c95a   0x0000c95a   0x00000002   PAD
    0x0000c95c   0x0000c95c   0x00000150   Code   RO         1385    .text.shellExtRun   shell_ext.o
    0x0000caac   0x0000caac   0x00000076   Code   RO         1389    .text.shellExtToNum  shell_ext.o
    0x0000cb22   0x0000cb22   0x00000002   PAD
    0x0000cb24   0x0000cb24   0x00000054   Code   RO         1244    .text.shellGetCommandDesc  shell.o
    0x0000cb78   0x0000cb78   0x00000096   Code   RO         1238    .text.shellGetCommandName  shell.o
    0x0000cc0e   0x0000cc0e   0x00000002   PAD
    0x0000cc10   0x0000cc10   0x00000072   Code   RO         1224    .text.shellGetCurrent  shell.o
    0x0000cc82   0x0000cc82   0x00000002   PAD
    0x0000cc84   0x0000cc84   0x0000007e   Code   RO         1264    .text.shellGetVarValue  shell.o
    0x0000cd02   0x0000cd02   0x00000002   PAD
    0x0000cd04   0x0000cd04   0x0000019a   Code   RO         1314    .text.shellHandler  shell.o
    0x0000ce9e   0x0000ce9e   0x00000002   PAD
    0x0000cea0   0x0000cea0   0x00000040   Code   RO         1312    .text.shellHelp     shell.o
    0x0000cee0   0x0000cee0   0x00000122   Code   RO         1292    .text.shellHistory  shell.o
    0x0000d002   0x0000d002   0x00000002   PAD
    0x0000d004   0x0000d004   0x000000b0   Code   RO         1284    .text.shellHistoryAdd  shell.o
    0x0000d0b4   0x0000d0b4   0x000000d8   Code   RO         1212    .text.shellInit     shell.o
    0x0000d18c   0x0000d18c   0x00000156   Code   RO         1260    .text.shellInsertByte  shell.o
    0x0000d2e2   0x0000d2e2   0x00000002   PAD
    0x0000d2e4   0x0000d2e4   0x0000001c   Code   RO         1324    .text.shellKeys     shell.o
    0x0000d300   0x0000d300   0x00000026   Code   RO         1298    .text.shellLeft     shell.o
    0x0000d326   0x0000d326   0x00000002   PAD
    0x0000d328   0x0000d328   0x00000016   Code   RO         1254    .text.shellListAll  shell.o
    0x0000d33e   0x0000d33e   0x00000002   PAD
    0x0000d340   0x0000d340   0x00000082   Code   RO         1246    .text.shellListCommand  shell.o
    0x0000d3c2   0x0000d3c2   0x00000002   PAD
    0x0000d3c4   0x0000d3c4   0x00000170   Code   RO         1236    .text.shellListItem  shell.o
    0x0000d534   0x0000d534   0x00000098   Code   RO         1252    .text.shellListKey  shell.o
    0x0000d5cc   0x0000d5cc   0x00000098   Code   RO         1250    .text.shellListUser  shell.o
    0x0000d664   0x0000d664   0x00000098   Code   RO         1248    .text.shellListVar  shell.o
    0x0000d6fc   0x0000d6fc   0x00000026   Code   RO         1280    .text.shellNormalInput  shell.o
    0x0000d722   0x0000d722   0x00000002   PAD
    0x0000d724   0x0000d724   0x00000126   Code   RO         1286    .text.shellParserParam  shell.o
    0x0000d84a   0x0000d84a   0x00000002   PAD
    0x0000d84c   0x0000d84c   0x000000ae   Code   RO         1276    .text.shellRemoveParamQuotes  shell.o
    0x0000d8fa   0x0000d8fa   0x00000002   PAD
    0x0000d8fc   0x0000d8fc   0x00000028   Code   RO         1296    .text.shellRight    shell.o
    0x0000d924   0x0000d924   0x000000de   Code   RO         1274    .text.shellRunCommand  shell.o
    0x0000da02   0x0000da02   0x00000002   PAD
    0x0000da04   0x0000da04   0x000000d2   Code   RO         1218    .text.shellSeekCommand  shell.o
    0x0000dad6   0x0000dad6   0x00000002   PAD
    0x0000dad8   0x0000dad8   0x000000a0   Code   RO         1216    .text.shellSetUser  shell.o
    0x0000db78   0x0000db78   0x00000092   Code   RO         1272    .text.shellSetVar   shell.o
    0x0000dc0a   0x0000dc0a   0x00000002   PAD
    0x0000dc0c   0x0000dc0c   0x000000c4   Code   RO         1266    .text.shellSetVarValue  shell.o
    0x0000dcd0   0x0000dcd0   0x000000e8   Code   RO         1270    .text.shellShowVar  shell.o
    0x0000ddb8   0x0000ddb8   0x0000006e   Code   RO         1302    .text.shellStringCompare  shell.o
    0x0000de26   0x0000de26   0x00000002   PAD
    0x0000de28   0x0000de28   0x00000044   Code   RO         1268    .text.shellStringCopy  shell.o
    0x0000de6c   0x0000de6c   0x0000023e   Code   RO         1300    .text.shellTab      shell.o
    0x0000e0aa   0x0000e0aa   0x00000002   PAD
    0x0000e0ac   0x0000e0ac   0x00000034   Code   RO         1316    .text.shellTask     shell.o
    0x0000e0e0   0x0000e0e0   0x000000b4   Code   RO         1234    .text.shellToDec    shell.o
    0x0000e194   0x0000e194   0x0000006a   Code   RO         1232    .text.shellToHex    shell.o
    0x0000e1fe   0x0000e1fe   0x00000002   PAD
    0x0000e200   0x0000e200   0x00000012   Code   RO         1290    .text.shellUp       shell.o
    0x0000e212   0x0000e212   0x00000002   PAD
    0x0000e214   0x0000e214   0x0000001c   Code   RO         1318    .text.shellUsers    shell.o
    0x0000e230   0x0000e230   0x0000001c   Code   RO         1322    .text.shellVars     shell.o
    0x0000e24c   0x0000e24c   0x0000001a   Code   RO         1398    .text.shellWrite    shell_port.o
    0x0000e266   0x0000e266   0x00000002   PAD
    0x0000e268   0x0000e268   0x0000001a   Code   RO         1240    .text.shellWriteByte  shell.o
    0x0000e282   0x0000e282   0x00000002   PAD
    0x0000e284   0x0000e284   0x000000b4   Code   RO         1242    .text.shellWriteCommandDesc  shell.o
    0x0000e338   0x0000e338   0x00000080   Code   RO         1304    .text.shellWriteCommandHelp  shell.o
    0x0000e3b8   0x0000e3b8   0x000000b0   Code   RO         1220    .text.shellWritePrompt  shell.o
    0x0000e468   0x0000e468   0x000000a0   Code   RO         1278    .text.shellWriteReturnValue  shell.o
    0x0000e508   0x0000e508   0x00000056   Code   RO         1226    .text.shellWriteString  shell.o
    0x0000e55e   0x0000e55e   0x00000002   PAD
    0x0000e560   0x0000e560   0x0000003e   Code   RO         1400    .text.shell_uart_write_data  shell_port.o
    0x0000e59e   0x0000e59e   0x00000002   PAD
    0x0000e5a0   0x0000e5a0   0x0000007c   Code   RO         1628    .text.stdout_putchar  retarget_io.o
    0x0000e61c   0x0000e61c   0x00000016   Code   RO         1137    .text.tick_init     app.o
    0x0000e632   0x0000e632   0x00000002   PAD
    0x0000e634   0x0000e634   0x00000108   Code   RO         1096    .text.timer0_init   mytimer.o
    0x0000e73c   0x0000e73c   0x00000070   Code   RO         1073    .text.tuya_UsartRxErrProcess  myusart.o
    0x0000e7ac   0x0000e7ac   0x00000002   Code   RO         1077    .text.tuya_UsartRxIrqCallback  myusart.o
    0x0000e7ae   0x0000e7ae   0x00000002   PAD
    0x0000e7b0   0x0000e7b0   0x00000016   Code   RO         1161    .text.uart_post_process  app.o
    0x0000e7c6   0x0000e7c6   0x00000002   PAD
    0x0000e7c8   0x0000e7c8   0x0000002e   Code   RO         1404    .text.uart_transmit_output_shell  shell_port.o
    0x0000e7f6   0x0000e7f6   0x00000002   PAD
    0x0000e7f8   0x0000e7f8   0x0000017e   Code   RO         1075    .text.usart_init    myusart.o
    0x0000e976   0x0000e976   0x00000002   PAD
    0x0000e978   0x0000e978   0x00000012   Code   RO         1534    OSKERNEL            hardfaulthandler.o
    0x0000e98a   0x0000e98a   0x0000000a   Ven    RO         1754    Veneer$$Code        anon$$obj.o
    0x0000e994   0x0000e994   0x0000000a   Ven    RO         1755    Veneer$$Code        anon$$obj.o
    0x0000e99e   0x0000e99e   0x0000000a   Ven    RO         1756    Veneer$$Code        anon$$obj.o
    0x0000e9a8   0x0000e9a8   0x0000000a   Ven    RO         1757    Veneer$$Code        anon$$obj.o
    0x0000e9b2   0x0000e9b2   0x00000002   PAD
    0x0000e9b4   0x0000e9b4   0x00000020   Code   RO         1673    i.__0printf         mc_w.l(printfa.o)
    0x0000e9d4   0x0000e9d4   0x0000000e   Code   RO         1748    i.__scatterload_copy  mc_w.l(handlers.o)
    0x0000e9e2   0x0000e9e2   0x00000002   Code   RO         1749    i.__scatterload_null  mc_w.l(handlers.o)
    0x0000e9e4   0x0000e9e4   0x0000000e   Code   RO         1750    i.__scatterload_zeroinit  mc_w.l(handlers.o)
    0x0000e9f2   0x0000e9f2   0x00000002   PAD
    0x0000e9f4   0x0000e9f4   0x00000184   Code   RO         1680    i._fp_digits        mc_w.l(printfa.o)
    0x0000eb78   0x0000eb78   0x000006dc   Code   RO         1681    i._printf_core      mc_w.l(printfa.o)
    0x0000f254   0x0000f254   0x00000024   Code   RO         1682    i._printf_post_padding  mc_w.l(printfa.o)
    0x0000f278   0x0000f278   0x0000002e   Code   RO         1683    i._printf_pre_padding  mc_w.l(printfa.o)
    0x0000f2a6   0x0000f2a6   0x00000010   Data   RO         1517    .rodata._PrintUnsigned._aV2C  segger_rtt_printf.o
    0x0000f2b6   0x0000f2b6   0x00000010   Data   RO          885    .rodata.cst16       hc32f46x_usart.o
    0x0000f2c6   0x0000f2c6   0x00000005   Data   RO         1332    .rodata.shellCmdDefaultUser  shell.o
    0x0000f2cb   0x0000f2cb   0x00000006   Data   RO         1361    .rodata.shellCmdclear  shell.o
    0x0000f2d1   0x0000f2d1   0x00000005   Data   RO         1355    .rodata.shellCmdcmds  shell.o
    0x0000f2d6   0x0000f2d6   0x00000005   Data   RO         1363    .rodata.shellCmdexec  shell.o
    0x0000f2db   0x0000f2db   0x00000005   Data   RO         1412    .rodata.shellCmdexit  shell_port.o
    0x0000f2e0   0x0000f2e0   0x0000000b   Data   RO         1177    .rodata.shellCmdfsk_pwm_en  app.o
    0x0000f2eb   0x0000f2eb   0x00000011   Data   RO         1181    .rodata.shellCmdfsk_pwm_saw_duty  app.o
    0x0000f2fc   0x0000f2fc   0x00000005   Data   RO         1351    .rodata.shellCmdhelp  shell.o
    0x0000f301   0x0000f301   0x00000008   Data   RO         1172    .rodata.shellCmdhexdump  app.o
    0x0000f309   0x0000f309   0x0000000b   Data   RO         1183    .rodata.shellCmdif_adc_avg  app.o
    0x0000f314   0x0000f314   0x00000005   Data   RO         1359    .rodata.shellCmdkeys  shell.o
    0x0000f319   0x0000f319   0x00000007   Data   RO         1339    .rodata.shellCmdsetVar  shell.o
    0x0000f320   0x0000f320   0x0000000c   Data   RO         1179    .rodata.shellCmdtimer0_duty  app.o
    0x0000f32c   0x0000f32c   0x0000000a   Data   RO         1175    .rodata.shellCmdtimer0_en  app.o
    0x0000f336   0x0000f336   0x00000006   Data   RO         1353    .rodata.shellCmdusers  shell.o
    0x0000f33c   0x0000f33c   0x00000005   Data   RO         1357    .rodata.shellCmdvars  shell.o
    0x0000f341   0x0000f341   0x0000000d   Data   RO         1334    .rodata.shellDesDefaultUser  shell.o
    0x0000f34e   0x0000f34e   0x0000000a   Data   RO         1346    .rodata.shellDesc0x08000000  shell.o
    0x0000f358   0x0000f358   0x00000004   Data   RO         1345    .rodata.shellDesc0x09000000  shell.o
    0x0000f35c   0x0000f35c   0x00000006   Data   RO         1349    .rodata.shellDesc0x0A000000  shell.o
    0x0000f362   0x0000f362   0x00000006   Data   RO         1350    .rodata.shellDesc0x0D000000  shell.o
    0x0000f368   0x0000f368   0x00000007   Data   RO         1348    .rodata.shellDesc0x1B5B337E  shell.o
    0x0000f36f   0x0000f36f   0x00000003   Data   RO         1341    .rodata.shellDesc0x1B5B4100  shell.o
    0x0000f372   0x0000f372   0x00000005   Data   RO         1342    .rodata.shellDesc0x1B5B4200  shell.o
    0x0000f377   0x0000f377   0x00000006   Data   RO         1343    .rodata.shellDesc0x1B5B4300  shell.o
    0x0000f37d   0x0000f37d   0x00000005   Data   RO         1344    .rodata.shellDesc0x1B5B4400  shell.o
    0x0000f382   0x0000f382   0x0000000a   Data   RO         1347    .rodata.shellDesc0x7F000000  shell.o
    0x0000f38c   0x0000f38c   0x0000000e   Data   RO         1362    .rodata.shellDescclear  shell.o
    0x0000f39a   0x0000f39a   0x0000000d   Data   RO         1356    .rodata.shellDesccmds  shell.o
    0x0000f3a7   0x0000f3a7   0x0000001b   Data   RO         1364    .rodata.shellDescexec  shell.o
    0x0000f3c2   0x0000f3c2   0x00000005   Data   RO         1413    .rodata.shellDescexit  shell_port.o
    0x0000f3c7   0x0000f3c7   0x00000021   Data   RO         1178    .rodata.shellDescfsk_pwm_en  app.o
    0x0000f3e8   0x0000f3e8   0x0000001a   Data   RO         1182    .rodata.shellDescfsk_pwm_saw_duty  app.o
    0x0000f402   0x0000f402   0x0000001e   Data   RO         1352    .rodata.shellDeschelp  shell.o
    0x0000f420   0x0000f420   0x00000014   Data   RO         1173    .rodata.shellDeschexdump  app.o
    0x0000f434   0x0000f434   0x00000024   Data   RO         1184    .rodata.shellDescif_adc_avg  app.o
    0x0000f458   0x0000f458   0x0000000d   Data   RO         1360    .rodata.shellDesckeys  shell.o
    0x0000f465   0x0000f465   0x00000008   Data   RO         1340    .rodata.shellDescsetVar  shell.o
    0x0000f46d   0x0000f46d   0x0000001a   Data   RO         1180    .rodata.shellDesctimer0_duty  app.o
    0x0000f487   0x0000f487   0x00000020   Data   RO         1176    .rodata.shellDesctimer0_en  app.o
    0x0000f4a7   0x0000f4a7   0x0000000e   Data   RO         1354    .rodata.shellDescusers  shell.o
    0x0000f4b5   0x0000f4b5   0x0000000d   Data   RO         1358    .rodata.shellDescvars  shell.o
    0x0000f4c2   0x0000f4c2   0x00000001   Data   RO         1333    .rodata.shellPasswordDefaultUser  shell.o
    0x0000f4c3   0x0000f4c3   0x0000002d   Data   RO           71    .rodata.str1.1      hc32f46x_utility.o
    0x0000f4f0   0x0000f4f0   0x0000001d   Data   RO          151    .rodata.str1.1      hc32f46x_adc.o
    0x0000f50d   0x0000f50d   0x0000001d   Data   RO          233    .rodata.str1.1      hc32f46x_clk.o
    0x0000f52a   0x0000f52a   0x0000001d   Data   RO          287    .rodata.str1.1      hc32f46x_efm.o
    0x0000f547   0x0000f547   0x0000001e   Data   RO          330    .rodata.str1.1      hc32f46x_gpio.o
    0x0000f565   0x0000f565   0x00000024   Data   RO          657    .rodata.str1.1      hc32f46x_interrupts.o
    0x0000f589   0x0000f589   0x0000001d   Data   RO          764    .rodata.str1.1      hc32f46x_pwc.o
    0x0000f5a6   0x0000f5a6   0x00000020   Data   RO          804    .rodata.str1.1      hc32f46x_timer0.o
    0x0000f5c6   0x0000f5c6   0x0000001f   Data   RO          884    .rodata.str1.1      hc32f46x_usart.o
    0x0000f5e5   0x0000f5e5   0x0000001e   Data   RO          949    .rodata.str1.1      hc32f46x_dmac.o
    0x0000f603   0x0000f603   0x00000020   Data   RO         1022    .rodata.str1.1      hc32f46x_timera.o
    0x0000f623   0x0000f623   0x0000000e   Data   RO         1048    .rodata.str1.1      myadc.o
    0x0000f631   0x0000f631   0x0000001f   Data   RO         1109    .rodata.str1.1      mytimer.o
    0x0000f650   0x0000f650   0x00000096   Data   RO         1121    .rodata.str1.1      myclk.o
    0x0000f6e6   0x0000f6e6   0x00000199   Data   RO         1171    .rodata.str1.1      app.o
    0x0000f87f   0x0000f87f   0x00000020   Data   RO         1204    .rodata.str1.1      timera_pwm.o
    0x0000f89f   0x0000f89f   0x000002d0   Data   RO         1336    .rodata.str1.1      shell.o
    0x0000fb6f   0x0000fb6f   0x00000014   Data   RO         1497    .rodata.str1.1      segger_rtt.o
    0x0000fb83   0x0000fb83   0x00000001   PAD
    0x0000fb84   0x0000fb84   0x00000030   Data   RO         1747    Region$$Table       anon$$obj.o
    0x0000fbb4   0x0000fbb4   0x00000060   Data   RO         1174    shellCommand        app.o
    0x0000fc14   0x0000fc14   0x00000130   Data   RO         1335    shellCommand        shell.o
    0x0000fd44   0x0000fd44   0x00000010   Data   RO         1414    shellCommand        shell_port.o


    Execution Region RW_IRAM1 (Exec base: 0x1fff8000, Load base: 0x0000fd58, Size: 0x0000d570, Max: 0x0002f000, ABSOLUTE)

    Exec Addr    Load Addr    Size         Type   Attr      Idx    E Section Name        Object

    0x1fff8000   0x0000fd58   0x00000004   Data   RW         1654    .data               mc_w.l(stdout.o)
    0x1fff8004   0x0000fd5c   0x00000014   Data   RW         1555    .data.FIFO_Data     fifo.o
    0x1fff8018   0x0000fd70   0x00000004   Data   RW           15    .data.HRC_VALUE     system_hc32f46x.o
    0x1fff801c   0x0000fd74   0x00000004   Data   RW           16    .data.SystemCoreClock  system_hc32f46x.o
    0x1fff8020   0x0000fd78   0x00000058   Data   RW         1338    .data.shellText     shell.o
    0x1fff8078        -       0x00000001   Zero   RW          950    .bss.DmaChEnState   hc32f46x_dmac.o
    0x1fff8079   0x0000fdd0   0x00000001   PAD
    0x1fff807a        -       0x00001f40   Zero   RW         1554    .bss.FIFO_DataBuffer  fifo.o
    0x1fff9fba   0x0000fdd0   0x00000002   PAD
    0x1fff9fbc        -       0x00000040   Zero   RW         1527    .bss.HardFaultRegs  segger_hardfaulthandler.o
    0x1fff9ffc        -       0x00000200   Zero   RW          656    .bss.IrqHandler     hc32f46x_interrupts.o
    0x1fffa1fc        -       0x00004000   Zero   RW         1185    .bss.JS_RTT_UpBuffer  app.o
    0x1fffe1fc        -       0x00000004   Zero   RW         1108    .bss.Timer_Counter  mytimer.o
    0x1fffe200        -       0x00000004   Zero   RW         1528    .bss._Continue      segger_hardfaulthandler.o
    0x1fffe204        -       0x00000078   Zero   RW         1494    .bss._SEGGER_RTT    segger_rtt.o
    0x1fffe27c        -       0x00000010   Zero   RW         1499    .bss._acDownBuffer  segger_rtt.o
    0x1fffe28c        -       0x00001000   Zero   RW         1498    .bss._acUpBuffer    segger_rtt.o
    0x1ffff28c        -       0x00000004   Zero   RW         1186    .bss.idle_process.last_tick  app.o
    0x1ffff290        -       0x00000022   Zero   RW         1049    .bss.m_au16Adc1SaValue  myadc.o
    0x1ffff2b2        -       0x00000012   Zero   RW         1050    .bss.m_au16Adc2SaValue  myadc.o
    0x1ffff2c4        -       0x00000004   Zero   RW           70    .bss.m_u32TickCount  hc32f46x_utility.o
    0x1ffff2c8        -       0x00000004   Zero   RW           69    .bss.m_u32TickStep  hc32f46x_utility.o
    0x1ffff2cc        -       0x00000004   Zero   RW         1170    .bss.next_state     app.o
    0x1ffff2d0        -       0x0000006c   Zero   RW         1410    .bss.shell          shell_port.o
    0x1ffff33c        -       0x00000009   Zero   RW         1365    .bss.shellGetCommandName.buffer  shell.o
    0x1ffff345   0x0000fdd0   0x00000003   PAD
    0x1ffff348        -       0x00000014   Zero   RW         1337    .bss.shellList      shell.o
    0x1ffff35c        -       0x00000200   Zero   RW         1411    .bss.shell_buffer   shell_port.o
    0x1ffff55c        -       0x00000004   Zero   RW         1169    .bss.state          app.o
    0x1ffff560        -       0x00000008   Zero   RW         1640    .bss.stdout_putchar.buffer  retarget_io.o
    0x1ffff568        -       0x00000004   Zero   RW         1639    .bss.stdout_putchar.index  retarget_io.o
    0x1ffff56c   0x0000fdd0   0x00000004   PAD
    0x1ffff570        -       0x00006000   Zero   RW            1    STACK               startup_hc32f46x.o


    Execution Region RW_IRAM2 (Exec base: 0x200f0000, Load base: 0x0000fe00, Size: 0x00000ce4, Max: 0x00001000, ABSOLUTE, UNINIT)

    Exec Addr    Load Addr    Size         Type   Attr      Idx    E Section Name        Object

    0x200f0000   0x0000fe00   0x0000003c   Code   RO         1589    .text.EventCheckFilter  eventrecorder.o
    0x200f003c   0x0000fe3c   0x00000042   Code   RO         1575    .text.EventGetTS    eventrecorder.o
    0x200f007e   0x0000fe7e   0x00000002   PAD
    0x200f0080   0x0000fe80   0x0000005a   Code   RO         1593    .text.EventRecord2  eventrecorder.o
    0x200f00da   0x0000feda   0x00000002   PAD
    0x200f00dc   0x0000fedc   0x00000184   Code   RO         1587    .text.EventRecordData  eventrecorder.o
    0x200f0260   0x00010060   0x000000fe   Code   RO         1577    .text.EventRecordItem  eventrecorder.o
    0x200f035e   0x0001015e   0x00000002   PAD
    0x200f0360   0x00010160   0x00000092   Code   RO         1573    .text.EventRecorderEnable  eventrecorder.o
    0x200f03f2   0x000101f2   0x00000002   PAD
    0x200f03f4   0x000101f4   0x000001ba   Code   RO         1569    .text.EventRecorderInitialize  eventrecorder.o
    0x200f05ae   0x000103ae   0x00000002   PAD
    0x200f05b0   0x000103b0   0x0000004a   Code   RO         1579    .text.EventRecorderStart  eventrecorder.o
    0x200f05fa   0x000103fa   0x00000002   PAD
    0x200f05fc   0x000103fc   0x0000000c   Code   RO         1567    .text.EventRecorderTimerGetCount  eventrecorder.o
    0x200f0608   0x00010408   0x0000000c   Code   RO         1565    .text.EventRecorderTimerGetFreq  eventrecorder.o
    0x200f0614   0x00010414   0x00000024   Code   RO         1563    .text.EventRecorderTimerSetup  eventrecorder.o
    0x200f0638   0x00010438   0x00000012   Code   RO         1591    .text.GetContext    eventrecorder.o
    0x200f064a   0x0001044a   0x00000002   PAD
    0x200f064c   0x0001044c   0x00000012   Code   RO         1605    .text.GetRecordIndex  eventrecorder.o
    0x200f065e   0x0001045e   0x00000002   PAD
    0x200f0660   0x00010460   0x00000012   Code   RO         1599    .text.IncrementOverflowTS  eventrecorder.o
    0x200f0672   0x00010472   0x00000002   PAD
    0x200f0674   0x00010474   0x00000012   Code   RO         1613    .text.IncrementRecordsDumped  eventrecorder.o
    0x200f0686   0x00010486   0x00000002   PAD
    0x200f0688   0x00010488   0x00000012   Code   RO         1611    .text.IncrementRecordsWritten  eventrecorder.o
    0x200f069a   0x0001049a   0x00000002   PAD
    0x200f069c   0x0001049c   0x00000036   Code   RO         1607    .text.LockRecord    eventrecorder.o
    0x200f06d2   0x000104d2   0x00000002   PAD
    0x200f06d4   0x000104d4   0x00000032   Code   RO         1609    .text.UnlockRecord  eventrecorder.o
    0x200f0706   0x00010506   0x00000002   PAD
    0x200f0708   0x00010508   0x0000001a   Code   RO         1597    .text.UpdateTS      eventrecorder.o
    0x200f0722   0x00010522   0x00000002   PAD
    0x200f0724   0x00010524   0x00000020   Code   RO         1603    .text.atomic_inc32  eventrecorder.o
    0x200f0744   0x00010544   0x00000024   Code   RO         1615    .text.atomic_inc8   eventrecorder.o
    0x200f0768   0x00010568   0x00000020   Code   RO         1601    .text.atomic_xch32  eventrecorder.o
    0x200f0788   0x00010588   0x00000082   Code   RO         1571    .text.crc16_ccitt   eventrecorder.o
    0x200f080a   0x0001060a   0x0000000a   Ven    RO         1758    Veneer$$Code        anon$$obj.o
    0x200f0814   0x00010614   0x0000000a   Ven    RO         1759    Veneer$$Code        anon$$obj.o
    0x200f081e   0x0001061e   0x0000000a   Ven    RO         1760    Veneer$$Code        anon$$obj.o
    0x200f0828   0x00010628   0x00000018   Data   RO         1618    .rodata.EventRecorderInfo  eventrecorder.o
    0x200f0840        -       0x000004a4   Zero   RW         1617    .bss.noinit         eventrecorder.o


==============================================================================

Image component sizes


      Code (inc. data)   RO Data    RW Data    ZI Data      Debug   Object Name

      2322          4        747          0      16396      24437   app.o
      2030          0         24          0       1188       8467   eventrecorder.o
       364          0          0         20       8000       2371   fifo.o
        18          0          0          0          0        304   hardfaulthandler.o
      1676          0         29          0          0      32354   hc32f46x_adc.o
      4196         10         29          0          0      34196   hc32f46x_clk.o
      3104          4         30          0          1      32821   hc32f46x_dmac.o
       500          0         29          0          0       9958   hc32f46x_efm.o
      2324          0         30          0          0      23586   hc32f46x_gpio.o
     16302          0         36          0        512     124533   hc32f46x_interrupts.o
       592          0         29          0          0      55729   hc32f46x_pwc.o
      1874          0         32          0          0      22923   hc32f46x_timer0.o
      3258         30         32          0          0      36379   hc32f46x_timera.o
      3302         28         47          0          0      26241   hc32f46x_usart.o
       284          0         45          0          8      39856   hc32f46x_utility.o
        20          0          0          0          0        385   main.o
      1144         16         14          0         52      24606   myadc.o
       552          0        150          0          0       2879   myclk.o
       190          0          0          0          0       1920   myled.o
       540          0         31          0          4      15083   mytimer.o
       808          0          0          0          0      18149   myusart.o
       172          0          0          0         12       1980   retarget_io.o
       276          0          0          0         68       2687   segger_hardfaulthandler.o
      1006          0         20          0       4232      13104   segger_rtt.o
      2072         14         16          0          0       3811   segger_rtt_printf.o
      7762         12       1281         88         29      20450   shell.o
      1424          8          0          0          0       5231   shell_ext.o
       214          0         26          0        620       5977   shell_port.o
        92         26        640          0      24576        840   startup_hc32f46x.o
       386          6          0          8          0      13764   system_hc32f46x.o
       618          0         32          0          0      22810   timera_pwm.o

    ----------------------------------------------------------------------
     59748        158       3398        116      55708     627831   Object Totals
        70          0         48          0          0          0   (incl. Generated)
       256          0          1          0         10          0   (incl. Padding)

    ----------------------------------------------------------------------

      Code (inc. data)   RO Data    RW Data    ZI Data      Debug   Library Member Name

         0          0          0          0          0          0   entry.o
         0          0          0          0          0          0   entry10a.o
         0          0          0          0          0          0   entry11a.o
         8          4          0          0          0          0   entry2.o
         4          0          0          0          0          0   entry5.o
         0          0          0          0          0          0   entry7b.o
         0          0          0          0          0          0   entry8b.o
         8          4          0          0          0          0   entry9a.o
        30          0          0          0          0          0   handlers.o
        36          8          0          0          0         68   init.o
         0          0          0          0          0          0   iusefp.o
        30          0          0          0          0         68   llshl.o
        36          0          0          0          0         68   llsshr.o
        32          0          0          0          0         68   llushr.o
        36          0          0          0          0         68   memcpya.o
        36          0          0          0          0        108   memseta.o
      2258         90          0          0          0        452   printfa.o
         0          0          0          4          0          0   stdout.o
        28          0          0          0          0         76   strcmp.o
        18          0          0          0          0         68   strcpy.o
        14          0          0          0          0         68   strlen.o
        30          0          0          0          0         80   strncmp.o
        44          0          0          0          0         80   uidiv.o
        98          0          0          0          0         92   uldiv.o
        48          0          0          0          0         68   cdrcmple.o
       334          0          0          0          0        148   dadd.o
       222          0          0          0          0        100   ddiv.o
       186          0          0          0          0        176   depilogue.o
        48          0          0          0          0         68   dfixul.o
       228          0          0          0          0         96   dmul.o

    ----------------------------------------------------------------------
      3818        106          0          4          0       2020   Library Totals
         6          0          0          0          0          0   (incl. Padding)

    ----------------------------------------------------------------------

      Code (inc. data)   RO Data    RW Data    ZI Data      Debug   Library Name

      2746        106          0          4          0       1364   mc_w.l
      1066          0          0          0          0        656   mf_w.l

    ----------------------------------------------------------------------
      3818        106          0          4          0       2020   Library Totals

    ----------------------------------------------------------------------

==============================================================================


      Code (inc. data)   RO Data    RW Data    ZI Data      Debug   

     63566        264       3398        120      55708     628455   Grand Totals
     63566        264       3398        120      55708     628455   ELF Image Totals
     63566        264       3398        120          0          0   ROM Totals

==============================================================================

    Total RO  Size (Code + RO Data)                66964 (  65.39kB)
    Total RW  Size (RW Data + ZI Data)             55828 (  54.52kB)
    Total ROM Size (Code + RO Data + RW Data)      67084 (  65.51kB)

==============================================================================

