Component: ARM Compiler 6.14.1 Tool: armlink [5db06d00]

==============================================================================

Image Symbol Table

    Local Symbols

    Symbol Name                              Value     Ov Type        Size  Object(Section)

    ../clib/microlib/division.c              0x00000000   Number         0  uldiv.o ABSOLUTE
    ../clib/microlib/division.c              0x00000000   Number         0  uidiv.o ABSOLUTE
    ../clib/microlib/init/entry.s            0x00000000   Number         0  entry.o ABSOLUTE
    ../clib/microlib/init/entry.s            0x00000000   Number         0  entry2.o ABSOLUTE
    ../clib/microlib/init/entry.s            0x00000000   Number         0  entry5.o ABSOLUTE
    ../clib/microlib/init/entry.s            0x00000000   Number         0  entry7a.o ABSOLUTE
    ../clib/microlib/init/entry.s            0x00000000   Number         0  entry7b.o ABSOLUTE
    ../clib/microlib/init/entry.s            0x00000000   Number         0  entry8a.o ABSOLUTE
    ../clib/microlib/init/entry.s            0x00000000   Number         0  entry8b.o ABSOLUTE
    ../clib/microlib/init/entry.s            0x00000000   Number         0  entry9a.o ABSOLUTE
    ../clib/microlib/init/entry.s            0x00000000   Number         0  entry9b.o ABSOLUTE
    ../clib/microlib/init/entry.s            0x00000000   Number         0  entry10a.o ABSOLUTE
    ../clib/microlib/init/entry.s            0x00000000   Number         0  entry10b.o ABSOLUTE
    ../clib/microlib/init/entry.s            0x00000000   Number         0  entry11a.o ABSOLUTE
    ../clib/microlib/init/entry.s            0x00000000   Number         0  entry11b.o ABSOLUTE
    ../clib/microlib/longlong.c              0x00000000   Number         0  llshl.o ABSOLUTE
    ../clib/microlib/longlong.c              0x00000000   Number         0  llushr.o ABSOLUTE
    ../clib/microlib/longlong.c              0x00000000   Number         0  llsshr.o ABSOLUTE
    ../clib/microlib/printf/printf.c         0x00000000   Number         0  printfa.o ABSOLUTE
    ../clib/microlib/stdio/fputs.c           0x00000000   Number         0  fputs.o ABSOLUTE
    ../clib/microlib/stdio/fputs.c           0x00000000   Number         0  fputs_e.o ABSOLUTE
    ../clib/microlib/stdio/streams.c         0x00000000   Number         0  stdout.o ABSOLUTE
    ../clib/microlib/stdio/streams.c         0x00000000   Number         0  stderr.o ABSOLUTE
    ../clib/microlib/string/memcpy.c         0x00000000   Number         0  memcpya.o ABSOLUTE
    ../clib/microlib/string/memcpy.c         0x00000000   Number         0  memcpyb.o ABSOLUTE
    ../clib/microlib/string/memset.c         0x00000000   Number         0  memseta.o ABSOLUTE
    ../clib/microlib/string/strcmp.c         0x00000000   Number         0  strcmp.o ABSOLUTE
    ../clib/microlib/string/strcpy.c         0x00000000   Number         0  strcpy.o ABSOLUTE
    ../clib/microlib/string/strlen.c         0x00000000   Number         0  strlen.o ABSOLUTE
    ../clib/microlib/string/strncmp.c        0x00000000   Number         0  strncmp.o ABSOLUTE
    ../clib/microlib/stubs.s                 0x00000000   Number         0  iusefp.o ABSOLUTE
    ../fplib/microlib/fpadd.c                0x00000000   Number         0  dadd.o ABSOLUTE
    ../fplib/microlib/fpdiv.c                0x00000000   Number         0  ddiv.o ABSOLUTE
    ../fplib/microlib/fpepilogue.c           0x00000000   Number         0  depilogue.o ABSOLUTE
    ../fplib/microlib/fpfix.c                0x00000000   Number         0  dfixul.o ABSOLUTE
    ../fplib/microlib/fpmul.c                0x00000000   Number         0  dmul.o ABSOLUTE
    ..\application\HardFaultHandlerMDK\HardFaultHandler.S 0x00000000   Number         0  hardfaulthandler.o ABSOLUTE
    EventRecorder.c                          0x00000000   Number         0  eventrecorder.o ABSOLUTE
    SEGGER_HardFaultHandler.c                0x00000000   Number         0  segger_hardfaulthandler.o ABSOLUTE
    SEGGER_RTT.c                             0x00000000   Number         0  segger_rtt.o ABSOLUTE
    SEGGER_RTT_printf.c                      0x00000000   Number         0  segger_rtt_printf.o ABSOLUTE
    app.c                                    0x00000000   Number         0  app.o ABSOLUTE
    cdrcmple.s                               0x00000000   Number         0  cdrcmple.o ABSOLUTE
    dc.s                                     0x00000000   Number         0  dc.o ABSOLUTE
    fifo.c                                   0x00000000   Number         0  fifo.o ABSOLUTE
    handlers.s                               0x00000000   Number         0  handlers.o ABSOLUTE
    hc32f46x_adc.c                           0x00000000   Number         0  hc32f46x_adc.o ABSOLUTE
    hc32f46x_clk.c                           0x00000000   Number         0  hc32f46x_clk.o ABSOLUTE
    hc32f46x_dmac.c                          0x00000000   Number         0  hc32f46x_dmac.o ABSOLUTE
[...]
    shellExtRun                              0x0000cf5d   Thumb Code   416  shell_ext.o(.text.shellExtRun)
    shellGetCurrent                          0x0000d261   Thumb Code   118  shell.o(.text.shellGetCurrent)
    shellGetVarValue                         0x0000d2d9   Thumb Code   134  shell.o(.text.shellGetVarValue)
    shellHandler                             0x0000d361   Thumb Code   434  shell.o(.text.shellHandler)
    shellHelp                                0x0000d515   Thumb Code    66  shell.o(.text.shellHelp)
    shellInit                                0x0000d745   Thumb Code   226  shell.o(.text.shellInit)
    shellInsertByte                          0x0000d829   Thumb Code   342  shell.o(.text.shellInsertByte)
    shellKeys                                0x0000d981   Thumb Code    30  shell.o(.text.shellKeys)
    shellLeft                                0x0000d9a1   Thumb Code    38  shell.o(.text.shellLeft)
    shellListAll                             0x0000d9c9   Thumb Code    22  shell.o(.text.shellListAll)
    shellListCommand                         0x0000d9e1   Thumb Code   130  shell.o(.text.shellListCommand)
    shellListItem                            0x0000da65   Thumb Code   390  shell.o(.text.shellListItem)
    shellListKey                             0x0000dbed   Thumb Code   150  shell.o(.text.shellListKey)
    shellListUser                            0x0000dc85   Thumb Code   150  shell.o(.text.shellListUser)
    shellListVar                             0x0000dd1d   Thumb Code   150  shell.o(.text.shellListVar)
    shellNormalInput                         0x0000ddb5   Thumb Code    42  shell.o(.text.shellNormalInput)
    shellRight                               0x0000dfbd   Thumb Code    40  shell.o(.text.shellRight)
    shellRunCommand                          0x0000dfe5   Thumb Code   236  shell.o(.text.shellRunCommand)
    shellSeekCommand                         0x0000e0d1   Thumb Code   218  shell.o(.text.shellSeekCommand)
    shellSetVar                              0x0000e251   Thumb Code   156  shell.o(.text.shellSetVar)
    shellSetVarValue                         0x0000e2ed   Thumb Code   216  shell.o(.text.shellSetVarValue)
    shellTab                                 0x0000e58d   Thumb Code   610  shell.o(.text.shellTab)
    shellTask                                0x0000e7f1   Thumb Code    62  shell.o(.text.shellTask)
    shellToDec                               0x0000e831   Thumb Code   184  shell.o(.text.shellToDec)
    shellToHex                               0x0000e8e9   Thumb Code   108  shell.o(.text.shellToHex)
    shellUp                                  0x0000e955   Thumb Code    18  shell.o(.text.shellUp)
    shellUsers                               0x0000e969   Thumb Code    30  shell.o(.text.shellUsers)
    shellVars                                0x0000e989   Thumb Code    30  shell.o(.text.shellVars)
    shellWrite                               0x0000e9a9   Thumb Code    30  shell_port.o(.text.shellWrite)
    shellWriteString                         0x0000eced   Thumb Code    98  shell.o(.text.shellWriteString)
    shell_uart_write_data                    0x0000ed51   Thumb Code    70  shell_port.o(.text.shell_uart_write_data)
    tick_init                                0x0000ee19   Thumb Code    22  app.o(.text.tick_init)
    timer0_init                              0x0000ee31   Thumb Code   296  mytimer.o(.text.timer0_init)
    tuya_UsartRxErrProcess                   0x0000ef59   Thumb Code   112  myusart.o(.text.tuya_UsartRxErrProcess)
    uart_post_process                        0x0000efcd   Thumb Code    22  app.o(.text.uart_post_process)
    uart_transmit_output_shell               0x0000efe5   Thumb Code    50  shell_port.o(.text.uart_transmit_output_shell)
    usart_init                               0x0000f019   Thumb Code   456  myusart.o(.text.usart_init)
    HardFault_Handler                        0x0000f1e1   Thumb Code     0  hardfaulthandler.o(OSKERNEL)
    Long Thumb to Thumb Veneer to EventRecord2 0x0000f1f3   Thumb Code    10  anon$$obj.o(Veneer$$Code)
    Long Thumb to Thumb Veneer to EventRecorderInitialize 0x0000f1fd   Thumb Code    10  anon$$obj.o(Veneer$$Code)
    Long Thumb to Thumb Veneer to EventRecorderStart 0x0000f207   Thumb Code    10  anon$$obj.o(Veneer$$Code)
    Long Thumb to Thumb Veneer to EventRecordData 0x0000f211   Thumb Code    10  anon$$obj.o(Veneer$$Code)
    __0printf                                0x0000f21d   Thumb Code    22  printfa.o(i.__0printf)
    __1printf                                0x0000f21d   Thumb Code     0  printfa.o(i.__0printf)
    __2printf                                0x0000f21d   Thumb Code     0  printfa.o(i.__0printf)
    __c89printf                              0x0000f21d   Thumb Code     0  printfa.o(i.__0printf)
    printf                                   0x0000f21d   Thumb Code     0  printfa.o(i.__0printf)
    __scatterload_copy                       0x0000f23d   Thumb Code    14  handlers.o(i.__scatterload_copy)
    __scatterload_null                       0x0000f24b   Thumb Code     2  handlers.o(i.__scatterload_null)
    __scatterload_zeroinit                   0x0000f24d   Thumb Code    14  handlers.o(i.__scatterload_zeroinit)
    shellCmdDefaultUser                      0x0000fb2e   Data           5  shell.o(.rodata.shellCmdDefaultUser)
    shellCmdclear                            0x0000fb33   Data           6  shell.o(.rodata.shellCmdclear)
    shellCmdcmds                             0x0000fb39   Data           5  shell.o(.rodata.shellCmdcmds)
    shellCmdexec                             0x0000fb3e   Data           5  shell.o(.rodata.shellCmdexec)
    shellCmdexit                             0x0000fb43   Data           5  shell_port.o(.rodata.shellCmdexit)
    shellCmdfsk_pwm_en                       0x0000fb48   Data          11  app.o(.rodata.shellCmdfsk_pwm_en)
    shellCmdfsk_pwm_saw_duty                 0x0000fb53   Data          17  app.o(.rodata.shellCmdfsk_pwm_saw_duty)
    shellCmdhelp                             0x0000fb64   Data           5  shell.o(.rodata.shellCmdhelp)
    shellCmdhexdump                          0x0000fb69   Data           8  app.o(.rodata.shellCmdhexdump)
    shellCmdif_adc_avg                       0x0000fb71   Data          11  app.o(.rodata.shellCmdif_adc_avg)
    shellCmdkeys                             0x0000fb7c   Data           5  shell.o(.rodata.shellCmdkeys)
    shellCmdsetVar                           0x0000fb81   Data           7  shell.o(.rodata.shellCmdsetVar)
    shellCmdtimer0_duty                      0x0000fb88   Data          12  app.o(.rodata.shellCmdtimer0_duty)
    shellCmdtimer0_en                        0x0000fb94   Data          10  app.o(.rodata.shellCmdtimer0_en)
    shellCmdusers                            0x0000fb9e   Data           6  shell.o(.rodata.shellCmdusers)
    shellCmdvars                             0x0000fba4   Data           5  shell.o(.rodata.shellCmdvars)
    shellDesDefaultUser                      0x0000fba9   Data          13  shell.o(.rodata.shellDesDefaultUser)
    shellDesc0x08000000                      0x0000fbb6   Data          10  shell.o(.rodata.shellDesc0x08000000)
    shellDesc0x09000000                      0x0000fbc0   Data           4  shell.o(.rodata.shellDesc0x09000000)
    shellDesc0x0A000000                      0x0000fbc4   Data           6  shell.o(.rodata.shellDesc0x0A000000)
    shellDesc0x0D000000                      0x0000fbca   Data           6  shell.o(.rodata.shellDesc0x0D000000)
    shellDesc0x1B5B337E                      0x0000fbd0   Data           7  shell.o(.rodata.shellDesc0x1B5B337E)
    shellDesc0x1B5B4100                      0x0000fbd7   Data           3  shell.o(.rodata.shellDesc0x1B5B4100)
    shellDesc0x1B5B4200                      0x0000fbda   Data           5  shell.o(.rodata.shellDesc0x1B5B4200)
    shellDesc0x1B5B4300                      0x0000fbdf   Data           6  shell.o(.rodata.shellDesc0x1B5B4300)
    shellDesc0x1B5B4400                      0x0000fbe5   Data           5  shell.o(.rodata.shellDesc0x1B5B4400)
    shellDesc0x7F000000                      0x0000fbea   Data          10  shell.o(.rodata.shellDesc0x7F000000)
    shellDescclear                           0x0000fbf4   Data          14  shell.o(.rodata.shellDescclear)
    shellDesccmds                            0x0000fc02   Data          13  shell.o(.rodata.shellDesccmds)
    shellDescexec                            0x0000fc0f   Data          27  shell.o(.rodata.shellDescexec)
    shellDescexit                            0x0000fc2a   Data           5  shell_port.o(.rodata.shellDescexit)
    shellDescfsk_pwm_en                      0x0000fc2f   Data          33  app.o(.rodata.shellDescfsk_pwm_en)
    shellDescfsk_pwm_saw_duty                0x0000fc50   Data          26  app.o(.rodata.shellDescfsk_pwm_saw_duty)
    shellDeschelp                            0x0000fc6a   Data          30  shell.o(.rodata.shellDeschelp)
    shellDeschexdump                         0x0000fc88   Data          20  app.o(.rodata.shellDeschexdump)
    shellDescif_adc_avg                      0x0000fc9c   Data          36  app.o(.rodata.shellDescif_adc_avg)
    shellDesckeys                            0x0000fcc0   Data          13  shell.o(.rodata.shellDesckeys)
    shellDescsetVar                          0x0000fccd   Data           8  shell.o(.rodata.shellDescsetVar)
    shellDesctimer0_duty                     0x0000fcd5   Data          26  app.o(.rodata.shellDesctimer0_duty)
    shellDesctimer0_en                       0x0000fcef   Data          32  app.o(.rodata.shellDesctimer0_en)
    shellDescusers                           0x0000fd0f   Data          14  shell.o(.rodata.shellDescusers)
    shellDescvars                            0x0000fd1d   Data          13  shell.o(.rodata.shellDescvars)
    shellPasswordDefaultUser                 0x0000fd2a   Data           1  shell.o(.rodata.shellPasswordDefaultUser)
    Region$$Table$$Base                      0x000103ec   Number         0  anon$$obj.o(Region$$Table)
    Region$$Table$$Limit                     0x0001041c   Number         0  anon$$obj.o(Region$$Table)
    shellCommand$$Base                       0x0001041c   Number         0  app.o(shellCommand)
    shellCommandhexdump                      0x0001041c   Data          16  app.o(shellCommand)
    shellCommandtimer0_en                    0x0001042c   Data          16  app.o(shellCommand)
    shellCommandfsk_pwm_en                   0x0001043c   Data          16  app.o(shellCommand)
    shellCommandtimer0_duty                  0x0001044c   Data          16  app.o(shellCommand)
    shellCommandfsk_pwm_saw_duty             0x0001045c   Data          16  app.o(shellCommand)
    shellCommandif_adc_avg                   0x0001046c   Data          16  app.o(shellCommand)
    shellUserDefault                         0x0001047c   Data          16  shell.o(shellCommand)
    shellCommandsetVar                       0x0001048c   Data          16  shell.o(shellCommand)
    shellKey0x1B5B4100                       0x0001049c   Data          16  shell.o(shellCommand)
    shellKey0x1B5B4200                       0x000104ac   Data          16  shell.o(shellCommand)
    shellKey0x1B5B4300                       0x000104bc   Data          16  shell.o(shellCommand)
    shellKey0x1B5B4400                       0x000104cc   Data          16  shell.o(shellCommand)
    shellKey0x09000000                       0x000104dc   Data          16  shell.o(shellCommand)
    shellKey0x08000000                       0x000104ec   Data          16  shell.o(shellCommand)
    shellKey0x7F000000                       0x000104fc   Data          16  shell.o(shellCommand)
    shellKey0x1B5B337E                       0x0001050c   Data          16  shell.o(shellCommand)
    shellKey0x0A000000                       0x0001051c   Data          16  shell.o(shellCommand)
    shellKey0x0D000000                       0x0001052c   Data          16  shell.o(shellCommand)
    shellCommandhelp                         0x0001053c   Data          16  shell.o(shellCommand)
    shellCommandusers                        0x0001054c   Data          16  shell.o(shellCommand)
    shellCommandcmds                         0x0001055c   Data          16  shell.o(shellCommand)
    shellCommandvars                         0x0001056c   Data          16  shell.o(shellCommand)
    shellCommandkeys                         0x0001057c   Data          16  shell.o(shellCommand)
    shellCommandclear                        0x0001058c   Data          16  shell.o(shellCommand)
    shellCommandexec                         0x0001059c   Data          16  shell.o(shellCommand)
    shellCommandexit                         0x000105ac   Data          16  shell_port.o(shellCommand)
    shellCommand$$Limit                      0x000105bc   Number         0  shell_port.o(shellCommand)
    __stdout                                 0x1fff8000   Data           4  stdout.o(.data)
    FIFO_Data                                0x1fff8004   Data          20  fifo.o(.data.FIFO_Data)
    HRC_VALUE                                0x1fff8018   Data           4  system_hc32f46x.o(.data.HRC_VALUE)
    SystemCoreClock                          0x1fff801c   Data           4  system_hc32f46x.o(.data.SystemCoreClock)
    FIFO_DataBuffer                          0x1fff807a   Data        8000  fifo.o(.bss.FIFO_DataBuffer)
    IrqHandler                               0x1fff9ffc   Data         512  hc32f46x_interrupts.o(.bss.IrqHandler)
    JS_RTT_UpBuffer                          0x1fffa1fc   Data       16384  app.o(.bss.JS_RTT_UpBuffer)
    Timer_Counter                            0x1fffe1fc   Data           4  mytimer.o(.bss.Timer_Counter)
    _SEGGER_RTT                              0x1fffe204   Data         120  segger_rtt.o(.bss._SEGGER_RTT)
    m_au16Adc1SaValue                        0x1ffff290   Data          34  myadc.o(.bss.m_au16Adc1SaValue)
    m_au16Adc2SaValue                        0x1ffff2b2   Data          18  myadc.o(.bss.m_au16Adc2SaValue)
    next_state                               0x1ffff2cc   Data           4  app.o(.bss.next_state)
    shell                                    0x1ffff2d0   Data         108  shell_port.o(.bss.shell)
    shell_buffer                             0x1ffff35c   Data         512  shell_port.o(.bss.shell_buffer)
    state                                    0x1ffff55c   Data           4  app.o(.bss.state)
    __initial_sp                             0x20005570   Data           0  startup_hc32f46x.o(STACK)
    EventRecord2                             0x200f0085   Thumb Code    92  eventrecorder.o(.text.EventRecord2)
    EventRecordData                          0x200f00e1   Thumb Code   422  eventrecorder.o(.text.EventRecordData)
    EventRecorderEnable                      0x200f0389   Thumb Code   148  eventrecorder.o(.text.EventRecorderEnable)
    EventRecorderInitialize                  0x200f041d   Thumb Code   460  eventrecorder.o(.text.EventRecorderInitialize)
    EventRecorderStart                       0x200f05e9   Thumb Code    78  eventrecorder.o(.text.EventRecorderStart)
    EventRecorderTimerGetCount               0x200f0639   Thumb Code    12  eventrecorder.o(.text.EventRecorderTimerGetCount)
    EventRecorderTimerGetFreq                0x200f0645   Thumb Code    12  eventrecorder.o(.text.EventRecorderTimerGetFreq)
    EventRecorderTimerSetup                  0x200f0651   Thumb Code    36  eventrecorder.o(.text.EventRecorderTimerSetup)
    Long Thumb to Thumb Veneer to __aeabi_memcpy 0x200f084b   Thumb Code    10  anon$$obj.o(Veneer$$Code)
    Long Thumb to Thumb Veneer to __aeabi_memclr4 0x200f0855   Thumb Code    10  anon$$obj.o(Veneer$$Code)
    Long Thumb to Thumb Veneer to __aeabi_memclr8 0x200f085f   Thumb Code    10  anon$$obj.o(Veneer$$Code)
    EventRecorderInfo                        0x200f0868   Data          24  eventrecorder.o(.rodata.EventRecorderInfo)



==============================================================================

Memory Map of the image

  Image Entry point : 0x00000281

  Load Region LR_IROM1 (Base: 0x00000000, Size: 0x00010ec0, Max: 0x00080000, ABSOLUTE)

    Execution Region ER_IROM1 (Exec base: 0x00000000, Load base: 0x00000000, Size: 0x000105bc, Max: 0x00080000, ABSOLUTE)

    Exec Addr    Load Addr    Size         Type   Attr      Idx    E Section Name        Object

    0x00000000   0x00000000   0x00000280   Data   RO            3    RESET               startup_hc32f46x.o
    0x00000280   0x00000280   0x00000000   Code   RO         1645  * .ARM.Collect$$$$00000000  mc_w.l(entry.o)
    0x00000280   0x00000280   0x00000004   Code   RO         1698    .ARM.Collect$$$$00000001  mc_w.l(entry2.o)
    0x00000284   0x00000284   0x00000004   Code   RO         1701    .ARM.Collect$$$$00000004  mc_w.l(entry5.o)
    0x00000288   0x00000288   0x00000000   Code   RO         1703    .ARM.Collect$$$$00000008  mc_w.l(entry7b.o)
    0x00000288   0x00000288   0x00000000   Code   RO         1705    .ARM.Collect$$$$0000000A  mc_w.l(entry8b.o)
    0x00000288   0x00000288   0x00000008   Code   RO         1706    .ARM.Collect$$$$0000000B  mc_w.l(entry9a.o)
    0x00000290   0x00000290   0x00000000   Code   RO         1708    .ARM.Collect$$$$0000000D  mc_w.l(entry10a.o)
    0x00000290   0x00000290   0x00000000   Code   RO         1710    .ARM.Collect$$$$0000000F  mc_w.l(entry11a.o)
    0x00000290   0x00000290   0x00000004   Code   RO         1699    .ARM.Collect$$$$00002712  mc_w.l(entry2.o)
    0x00000294   0x00000294   0x0000005c   Code   RO            4    .text               startup_hc32f46x.o
    0x000002f0   0x000002f0   0x00000062   Code   RO         1654    .text               mc_w.l(uldiv.o)
    0x00000352   0x00000352   0x00000024   Code   RO         1656    .text               mc_w.l(memcpya.o)
    0x00000376   0x00000376   0x00000024   Code   RO         1658    .text               mc_w.l(memseta.o)
    0x0000039a   0x0000039a   0x0000000e   Code   RO         1660    .text               mc_w.l(strlen.o)
    0x000003a8   0x000003a8   0x0000001c   Code   RO         1662    .text               mc_w.l(strcmp.o)
    0x000003c4   0x000003c4   0x00000012   Code   RO         1664    .text               mc_w.l(strcpy.o)
    0x000003d6   0x000003d6   0x0000001e   Code   RO         1666    .text               mc_w.l(strncmp.o)
    0x000003f4   0x000003f4   0x0000002c   Code   RO         1712    .text               mc_w.l(uidiv.o)
    0x00000420   0x00000420   0x0000001e   Code   RO         1714    .text               mc_w.l(llshl.o)
    0x0000043e   0x0000043e   0x00000020   Code   RO         1716    .text               mc_w.l(llushr.o)
    0x0000045e   0x0000045e   0x00000000   Code   RO         1718    .text               mc_w.l(iusefp.o)
    0x0000045e   0x0000045e   0x0000014e   Code   RO         1719    .text               mf_w.l(dadd.o)
    0x000005ac   0x000005ac   0x000000e4   Code   RO         1721    .text               mf_w.l(dmul.o)
    0x00000690   0x00000690   0x000000de   Code   RO         1723    .text               mf_w.l(ddiv.o)
    0x0000076e   0x0000076e   0x00000030   Code   RO         1725    .text               mf_w.l(dfixul.o)
    0x0000079e   0x0000079e   0x00000002   PAD
    0x000007a0   0x000007a0   0x00000030   Code   RO         1727    .text               mf_w.l(cdrcmple.o)
    0x000007d0   0x000007d0   0x00000024   Code   RO         1729    .text               mc_w.l(init.o)
    0x000007f4   0x000007f4   0x00000024   Code   RO         1731    .text               mc_w.l(llsshr.o)
    0x00000818   0x00000818   0x000000ba   Code   RO         1733    .text               mf_w.l(depilogue.o)
    0x000008d2   0x000008d2   0x00000002   PAD
    0x000008d4   0x000008d4   0x00000142   Code   RO           88    .text.ADC_AddAdcChannel  hc32f46x_adc.o
    0x00000a16   0x00000a16   0x00000002   PAD
    0x00000a18   0x00000a18   0x000000ae   Code   RO           96    .text.ADC_AddAvgChannel  hc32f46x_adc.o
    0x00000ac6   0x00000ac6   0x00000002   PAD
    0x00000ac8   0x00000ac8   0x0000001a   Code   RO          114    .text.ADC_AddPgaChannel  hc32f46x_adc.o
    0x00000ae2   0x00000ae2   0x00000002   PAD
    0x00000ae4   0x00000ae4   0x0000009c   Code   RO           94    .text.ADC_ConfigAvg  hc32f46x_adc.o
    0x00000b80   0x00000b80   0x00000088   Code   RO          110    .text.ADC_ConfigPga  hc32f46x_adc.o
    0x00000c08   0x00000c08   0x000000fc   Code   RO          148    .text.ADC_GetChannelPinNum  hc32f46x_adc.o
    0x00000d04   0x00000d04   0x000001cc   Code   RO           78    .text.ADC_Init      hc32f46x_adc.o
    0x00000ed0   0x00000ed0   0x0000005e   Code   RO          112    .text.ADC_PgaCmd    hc32f46x_adc.o
    0x00000f2e   0x00000f2e   0x00000002   PAD
    0x00000f30   0x00000f30   0x0000005a   Code   RO          122    .text.ADC_StartConvert  hc32f46x_adc.o
    0x00000f8a   0x00000f8a   0x00000002   PAD
    0x00000f8c   0x00000f8c   0x000000d0   Code   RO         1032    .text.AdcChannelConfig  myadc.o
    0x0000105c   0x0000105c   0x00000050   Code   RO         1028    .text.AdcClockConfig  myadc.o
    0x000010ac   0x000010ac   0x00000036   Code   RO         1036    .text.AdcConfig     myadc.o
    0x000010e2   0x000010e2   0x00000002   PAD
    0x000010e4   0x000010e4   0x0000015a   Code   RO         1040    .text.AdcDmaConfig  myadc.o
    0x0000123e   0x0000123e   0x00000002   PAD
    0x00001240   0x00001240   0x00000062   Code   RO         1030    .text.AdcInitConfig  myadc.o
    0x000012a2   0x000012a2   0x00000002   PAD
    0x000012a4   0x000012a4   0x00000074   Code   RO         1034    .text.AdcSetChannelPinMode  myadc.o
    0x00001318   0x00001318   0x0000011a   Code   RO         1042    .text.AdcSetPinMode  myadc.o
    0x00001432   0x00001432   0x00000002   PAD
    0x00001434   0x00001434   0x0000009c   Code   RO          776    .text.AsyncDelay    hc32f46x_timer0.o
    0x000014d0   0x000014d0   0x00000008   Code   RO          360    .text.BusFault_Handler  hc32f46x_interrupts.o
    0x000014d8   0x000014d8   0x00000180   Code   RO          200    .text.CLK_GetClockFreq  hc32f46x_clk.o
    0x00001658   0x00001658   0x000000b8   Code   RO          166    .text.CLK_GetFlagStatus  hc32f46x_clk.o
    0x00001710   0x00001710   0x000001ee   Code   RO          202    .text.CLK_GetPllClockFreq  hc32f46x_clk.o
    0x000018fe   0x000018fe   0x00000002   PAD
    0x00001900   0x00001900   0x000000e0   Code   RO          188    .text.CLK_MpllCmd   hc32f46x_clk.o
    0x000019e0   0x000019e0   0x0000023a   Code   RO          186    .text.CLK_MpllConfig  hc32f46x_clk.o
    0x00001c1a   0x00001c1a   0x00000002   PAD
    0x00001c1c   0x00001c1c   0x0000006c   Code   RO          206    .text.CLK_SetPeriClkSource  hc32f46x_clk.o
    0x00001c88   0x00001c88   0x0000006a   Code   RO          184    .text.CLK_SetPllSource  hc32f46x_clk.o
    0x00001cf2   0x00001cf2   0x00000002   PAD
    0x00001cf4   0x00001cf4   0x0000018a   Code   RO          194    .text.CLK_SetSysClkSource  hc32f46x_clk.o
    0x00001e7e   0x00001e7e   0x00000002   PAD
    0x00001e80   0x00001e80   0x00000236   Code   RO          198    .text.CLK_SysClkConfig  hc32f46x_clk.o
    0x000020b6   0x000020b6   0x00000002   PAD
    0x000020b8   0x000020b8   0x000000b2   Code   RO          192    .text.CLK_UpllCmd   hc32f46x_clk.o
    0x0000216a   0x0000216a   0x00000002   PAD
    0x0000216c   0x0000216c   0x0000023a   Code   RO          190    .text.CLK_UpllConfig  hc32f46x_clk.o
    0x000023a6   0x000023a6   0x00000002   PAD
    0x000023a8   0x000023a8   0x0000014a   Code   RO          164    .text.CLK_XtalCmd   hc32f46x_clk.o
    0x000024f2   0x000024f2   0x00000002   PAD
    0x000024f4   0x000024f4   0x00000072   Code   RO          158    .text.CLK_XtalConfig  hc32f46x_clk.o
    0x00002566   0x00002566   0x00000002   PAD
    0x00002568   0x00002568   0x000003ee   Code   RO          941    .text.DMA_ChannelCfg  hc32f46x_dmac.o
    0x00002956   0x00002956   0x00000002   PAD
    0x00002958   0x00002958   0x00000352   Code   RO          901    .text.DMA_ChannelCmd  hc32f46x_dmac.o
    0x00002caa   0x00002caa   0x00000002   PAD
    0x00002cac   0x00002cac   0x00000164   Code   RO          899    .text.DMA_ClearIrqFlag  hc32f46x_dmac.o
    0x00002e10   0x00002e10   0x00000078   Code   RO          891    .text.DMA_Cmd       hc32f46x_dmac.o
    0x00002e88   0x00002e88   0x000002a6   Code   RO          943    .text.DMA_InitChannel  hc32f46x_dmac.o
    0x0000312e   0x0000312e   0x00000002   PAD
    0x00003130   0x00003130   0x00000096   Code   RO          937    .text.DMA_SetTriggerSrc  hc32f46x_dmac.o
    0x000031c6   0x000031c6   0x00000002   PAD
    0x000031c8   0x000031c8   0x0000002c   Code   RO           64    .text.Ddl_AssertHandler  hc32f46x_utility.o
    0x000031f4   0x000031f4   0x00000008   Code   RO          366    .text.DebugMon_Handler  hc32f46x_interrupts.o
    0x000031fc   0x000031fc   0x0000004a   Code   RO          244    .text.EFM_FlashCmd  hc32f46x_efm.o
    0x00003246   0x00003246   0x00000002   PAD
    0x00003248   0x00003248   0x00000070   Code   RO          260    .text.EFM_GetFlagStatus  hc32f46x_efm.o
    0x000032b8   0x000032b8   0x0000004c   Code   RO          248    .text.EFM_InstructionCacheCmd  hc32f46x_efm.o
    0x00003304   0x00003304   0x00000024   Code   RO          242    .text.EFM_Lock      hc32f46x_efm.o
    0x00003328   0x00003328   0x000000ba   Code   RO          246    .text.EFM_SetLatency  hc32f46x_efm.o
    0x000033e2   0x000033e2   0x00000002   PAD
    0x000033e4   0x000033e4   0x00000016   Code   RO          240    .text.EFM_Unlock    hc32f46x_efm.o
    0x000033fa   0x000033fa   0x00000002   PAD
    0x000033fc   0x000033fc   0x0000000c   Code   RO         1550    .text.FIFO_GetDataCount  fifo.o
    0x00003408   0x00003408   0x0000001a   Code   RO         1536    .text.FIFO_Init     fifo.o
    0x00003422   0x00003422   0x00000002   PAD
    0x00003424   0x00003424   0x00000026   Code   RO         1548    .text.FIFO_IsDataEmpty  fifo.o
    0x0000344a   0x0000344a   0x00000002   PAD
    0x0000344c   0x0000344c   0x0000009e   Code   RO         1542    .text.FIFO_ReadData  fifo.o
    0x000034ea   0x000034ea   0x00000002   PAD
    0x000034ec   0x000034ec   0x00000070   Code   RO         1538    .text.FIFO_WriteData  fifo.o
    0x0000355c   0x0000355c   0x00000016   Code   RO         1540    .text.FIFO_WriteOneData  fifo.o
    0x00003572   0x00003572   0x00000002   PAD
    0x00003574   0x00003574   0x00000116   Code   RO         1523    .text.HardFaultHandler  segger_hardfaulthandler.o
    0x0000368a   0x0000368a   0x00000002   PAD
    0x0000368c   0x0000368c   0x00000022   Code   RO          372    .text.IRQ000_Handler  hc32f46x_interrupts.o
    0x000036ae   0x000036ae   0x00000002   PAD
    0x000036b0   0x000036b0   0x00000022   Code   RO          374    .text.IRQ001_Handler  hc32f46x_interrupts.o
    0x000036d2   0x000036d2   0x00000002   PAD
    0x000036d4   0x000036d4   0x00000022   Code   RO          376    .text.IRQ002_Handler  hc32f46x_interrupts.o
    0x000036f6   0x000036f6   0x00000002   PAD
    0x000036f8   0x000036f8   0x00000022   Code   RO          378    .text.IRQ003_Handler  hc32f46x_interrupts.o
    0x0000371a   0x0000371a   0x00000002   PAD
    0x0000371c   0x0000371c   0x00000022   Code   RO          380    .text.IRQ004_Handler  hc32f46x_interrupts.o
    0x0000373e   0x0000373e   0x00000002   PAD
    0x00003740   0x00003740   0x00000022   Code   RO          382    .text.IRQ005_Handler  hc32f46x_interrupts.o
    0x00003762   0x00003762   0x00000002   PAD
    0x00003764   0x00003764   0x00000022   Code   RO          384    .text.IRQ006_Handler  hc32f46x_interrupts.o
    0x00003786   0x00003786   0x00000002   PAD
    0x00003788   0x00003788   0x00000022   Code   RO          386    .text.IRQ007_Handler  hc32f46x_interrupts.o
    0x000037aa   0x000037aa   0x00000002   PAD
    0x000037ac   0x000037ac   0x00000022   Code   RO          388    .text.IRQ008_Handler  hc32f46x_interrupts.o
    0x000037ce   0x000037ce   0x00000002   PAD
    0x000037d0   0x000037d0   0x00000022   Code   RO          390    .text.IRQ009_Handler  hc32f46x_interrupts.o
    0x000037f2   0x000037f2   0x00000002   PAD
    0x000037f4   0x000037f4   0x00000022   Code   RO          392    .text.IRQ010_Handler  hc32f46x_interrupts.o
    0x00003816   0x00003816   0x00000002   PAD
    0x00003818   0x00003818   0x00000022   Code   RO          394    .text.IRQ011_Handler  hc32f46x_interrupts.o
    0x0000383a   0x0000383a   0x00000002   PAD
    0x0000383c   0x0000383c   0x00000022   Code   RO          396    .text.IRQ012_Handler  hc32f46x_interrupts.o
    0x0000385e   0x0000385e   0x00000002   PAD
    0x00003860   0x00003860   0x00000022   Code   RO          398    .text.IRQ013_Handler  hc32f46x_interrupts.o
    0x00003882   0x00003882   0x00000002   PAD
    0x00003884   0x00003884   0x00000022   Code   RO          400    .text.IRQ014_Handler  hc32f46x_interrupts.o
    0x000038a6   0x000038a6   0x00000002   PAD
    0x000038a8   0x000038a8   0x00000022   Code   RO          402    .text.IRQ015_Handler  hc32f46x_interrupts.o
    0x000038ca   0x000038ca   0x00000002   PAD
    0x000038cc   0x000038cc   0x00000022   Code   RO          404    .text.IRQ016_Handler  hc32f46x_interrupts.o
    0x000038ee   0x000038ee   0x00000002   PAD
    0x000038f0   0x000038f0   0x00000022   Code   RO          406    .text.IRQ017_Handler  hc32f46x_interrupts.o
    0x00003912   0x00003912   0x00000002   PAD
    0x00003914   0x00003914   0x00000022   Code   RO          408    .text.IRQ018_Handler  hc32f46x_interrupts.o
    0x00003936   0x00003936   0x00000002   PAD
    0x00003938   0x00003938   0x00000022   Code   RO          410    .text.IRQ019_Handler  hc32f46x_interrupts.o
    0x0000395a   0x0000395a   0x00000002   PAD
    0x0000395c   0x0000395c   0x00000022   Code   RO          412    .text.IRQ020_Handler  hc32f46x_interrupts.o
    0x0000397e   0x0000397e   0x00000002   PAD
    0x00003980   0x00003980   0x00000022   Code   RO          414    .text.IRQ021_Handler  hc32f46x_interrupts.o
    0x000039a2   0x000039a2   0x00000002   PAD
    0x000039a4   0x000039a4   0x00000022   Code   RO          416    .text.IRQ022_Handler  hc32f46x_interrupts.o
    0x000039c6   0x000039c6   0x00000002   PAD
    0x000039c8   0x000039c8   0x00000022   Code   RO          418    .text.IRQ023_Handler  hc32f46x_interrupts.o
    0x000039ea   0x000039ea   0x00000002   PAD
    0x000039ec   0x000039ec   0x00000022   Code   RO          420    .text.IRQ024_Handler  hc32f46x_interrupts.o
    0x00003a0e   0x00003a0e   0x00000002   PAD
    0x00003a10   0x00003a10   0x00000022   Code   RO          422    .text.IRQ025_Handler  hc32f46x_interrupts.o
    0x00003a32   0x00003a32   0x00000002   PAD
    0x00003a34   0x00003a34   0x00000022   Code   RO          424    .text.IRQ026_Handler  hc32f46x_interrupts.o
    0x00003a56   0x00003a56   0x00000002   PAD
    0x00003a58   0x00003a58   0x00000022   Code   RO          426    .text.IRQ027_Handler  hc32f46x_interrupts.o
    0x00003a7a   0x00003a7a   0x00000002   PAD
    0x00003a7c   0x00003a7c   0x00000022   Code   RO          428    .text.IRQ028_Handler  hc32f46x_interrupts.o
    0x00003a9e   0x00003a9e   0x00000002   PAD
    0x00003aa0   0x00003aa0   0x00000022   Code   RO          430    .text.IRQ029_Handler  hc32f46x_interrupts.o
    0x00003ac2   0x00003ac2   0x00000002   PAD
    0x00003ac4   0x00003ac4   0x00000022   Code   RO          432    .text.IRQ030_Handler  hc32f46x_interrupts.o
    0x00003ae6   0x00003ae6   0x00000002   PAD
    0x00003ae8   0x00003ae8   0x00000022   Code   RO          434    .text.IRQ031_Handler  hc32f46x_interrupts.o
    0x00003b0a   0x00003b0a   0x00000002   PAD
    0x00003b0c   0x00003b0c   0x00000026   Code   RO          436    .text.IRQ032_Handler  hc32f46x_interrupts.o
    0x00003b32   0x00003b32   0x00000002   PAD
    0x00003b34   0x00003b34   0x00000026   Code   RO          438    .text.IRQ033_Handler  hc32f46x_interrupts.o
    0x00003b5a   0x00003b5a   0x00000002   PAD
    0x00003b5c   0x00003b5c   0x00000026   Code   RO          440    .text.IRQ034_Handler  hc32f46x_interrupts.o
    0x00003b82   0x00003b82   0x00000002   PAD
    0x00003b84   0x00003b84   0x00000026   Code   RO          442    .text.IRQ035_Handler  hc32f46x_interrupts.o
    0x00003baa   0x00003baa   0x00000002   PAD
    0x00003bac   0x00003bac   0x00000026   Code   RO          444    .text.IRQ036_Handler  hc32f46x_interrupts.o
    0x00003bd2   0x00003bd2   0x00000002   PAD
    0x00003bd4   0x00003bd4   0x00000026   Code   RO          446    .text.IRQ037_Handler  hc32f46x_interrupts.o
    0x00003bfa   0x00003bfa   0x00000002   PAD
    0x00003bfc   0x00003bfc   0x00000026   Code   RO          448    .text.IRQ038_Handler  hc32f46x_interrupts.o
    0x00003c22   0x00003c22   0x00000002   PAD
    0x00003c24   0x00003c24   0x00000026   Code   RO          450    .text.IRQ039_Handler  hc32f46x_interrupts.o
    0x00003c4a   0x00003c4a   0x00000002   PAD
    0x00003c4c   0x00003c4c   0x00000026   Code   RO          452    .text.IRQ040_Handler  hc32f46x_interrupts.o
    0x00003c72   0x00003c72   0x00000002   PAD
    0x00003c74   0x00003c74   0x00000026   Code   RO          454    .text.IRQ041_Handler  hc32f46x_interrupts.o
    0x00003c9a   0x00003c9a   0x00000002   PAD
    0x00003c9c   0x00003c9c   0x00000026   Code   RO          456    .text.IRQ042_Handler  hc32f46x_interrupts.o
    0x00003cc2   0x00003cc2   0x00000002   PAD
    0x00003cc4   0x00003cc4   0x00000026   Code   RO          458    .text.IRQ043_Handler  hc32f46x_interrupts.o
    0x00003cea   0x00003cea   0x00000002   PAD
    0x00003cec   0x00003cec   0x00000026   Code   RO          460    .text.IRQ044_Handler  hc32f46x_interrupts.o
    0x00003d12   0x00003d12   0x00000002   PAD
    0x00003d14   0x00003d14   0x00000026   Code   RO          462    .text.IRQ045_Handler  hc32f46x_interrupts.o
    0x00003d3a   0x00003d3a   0x00000002   PAD
    0x00003d3c   0x00003d3c   0x00000026   Code   RO          464    .text.IRQ046_Handler  hc32f46x_interrupts.o
    0x00003d62   0x00003d62   0x00000002   PAD
    0x00003d64   0x00003d64   0x00000026   Code   RO          466    .text.IRQ047_Handler  hc32f46x_interrupts.o
    0x00003d8a   0x00003d8a   0x00000002   PAD
    0x00003d8c   0x00003d8c   0x00000026   Code   RO          468    .text.IRQ048_Handler  hc32f46x_interrupts.o
    0x00003db2   0x00003db2   0x00000002   PAD
    0x00003db4   0x00003db4   0x00000026   Code   RO          470    .text.IRQ049_Handler  hc32f46x_interrupts.o
    0x00003dda   0x00003dda   0x00000002   PAD
    0x00003ddc   0x00003ddc   0x00000026   Code   RO          472    .text.IRQ050_Handler  hc32f46x_interrupts.o
    0x00003e02   0x00003e02   0x00000002   PAD
    0x00003e04   0x00003e04   0x00000026   Code   RO          474    .text.IRQ051_Handler  hc32f46x_interrupts.o
    0x00003e2a   0x00003e2a   0x00000002   PAD
    0x00003e2c   0x00003e2c   0x00000026   Code   RO          476    .text.IRQ052_Handler  hc32f46x_interrupts.o
    0x00003e52   0x00003e52   0x00000002   PAD
    0x00003e54   0x00003e54   0x00000026   Code   RO          478    .text.IRQ053_Handler  hc32f46x_interrupts.o
    0x00003e7a   0x00003e7a   0x00000002   PAD
    0x00003e7c   0x00003e7c   0x00000026   Code   RO          480    .text.IRQ054_Handler  hc32f46x_interrupts.o
    0x00003ea2   0x00003ea2   0x00000002   PAD
    0x00003ea4   0x00003ea4   0x00000026   Code   RO          482    .text.IRQ055_Handler  hc32f46x_interrupts.o
    0x00003eca   0x00003eca   0x00000002   PAD
    0x00003ecc   0x00003ecc   0x00000026   Code   RO          484    .text.IRQ056_Handler  hc32f46x_interrupts.o
    0x00003ef2   0x00003ef2   0x00000002   PAD
    0x00003ef4   0x00003ef4   0x00000026   Code   RO          486    .text.IRQ057_Handler  hc32f46x_interrupts.o
    0x00003f1a   0x00003f1a   0x00000002   PAD
    0x00003f1c   0x00003f1c   0x00000026   Code   RO          488    .text.IRQ058_Handler  hc32f46x_interrupts.o
    0x00003f42   0x00003f42   0x00000002   PAD
    0x00003f44   0x00003f44   0x00000026   Code   RO          490    .text.IRQ059_Handler  hc32f46x_interrupts.o
    0x00003f6a   0x00003f6a   0x00000002   PAD
    0x00003f6c   0x00003f6c   0x00000026   Code   RO          492    .text.IRQ060_Handler  hc32f46x_interrupts.o
    0x00003f92   0x00003f92   0x00000002   PAD
    0x00003f94   0x00003f94   0x00000026   Code   RO          494    .text.IRQ061_Handler  hc32f46x_interrupts.o
    0x00003fba   0x00003fba   0x00000002   PAD
    0x00003fbc   0x00003fbc   0x00000026   Code   RO          496    .text.IRQ062_Handler  hc32f46x_interrupts.o
    0x00003fe2   0x00003fe2   0x00000002   PAD
    0x00003fe4   0x00003fe4   0x00000026   Code   RO          498    .text.IRQ063_Handler  hc32f46x_interrupts.o
    0x0000400a   0x0000400a   0x00000002   PAD
    0x0000400c   0x0000400c   0x00000026   Code   RO          500    .text.IRQ064_Handler  hc32f46x_interrupts.o
    0x00004032   0x00004032   0x00000002   PAD
    0x00004034   0x00004034   0x00000026   Code   RO          502    .text.IRQ065_Handler  hc32f46x_interrupts.o
    0x0000405a   0x0000405a   0x00000002   PAD
    0x0000405c   0x0000405c   0x00000026   Code   RO          504    .text.IRQ066_Handler  hc32f46x_interrupts.o
    0x00004082   0x00004082   0x00000002   PAD
    0x00004084   0x00004084   0x00000026   Code   RO          506    .text.IRQ067_Handler  hc32f46x_interrupts.o
    0x000040aa   0x000040aa   0x00000002   PAD
    0x000040ac   0x000040ac   0x00000026   Code   RO          508    .text.IRQ068_Handler  hc32f46x_interrupts.o
    0x000040d2   0x000040d2   0x00000002   PAD
    0x000040d4   0x000040d4   0x00000026   Code   RO          510    .text.IRQ069_Handler  hc32f46x_interrupts.o
    0x000040fa   0x000040fa   0x00000002   PAD
    0x000040fc   0x000040fc   0x00000026   Code   RO          512    .text.IRQ070_Handler  hc32f46x_interrupts.o
    0x00004122   0x00004122   0x00000002   PAD
    0x00004124   0x00004124   0x00000026   Code   RO          514    .text.IRQ071_Handler  hc32f46x_interrupts.o
    0x0000414a   0x0000414a   0x00000002   PAD
    0x0000414c   0x0000414c   0x00000026   Code   RO          516    .text.IRQ072_Handler  hc32f46x_interrupts.o
    0x00004172   0x00004172   0x00000002   PAD
    0x00004174   0x00004174   0x00000026   Code   RO          518    .text.IRQ073_Handler  hc32f46x_interrupts.o
    0x0000419a   0x0000419a   0x00000002   PAD
    0x0000419c   0x0000419c   0x00000026   Code   RO          520    .text.IRQ074_Handler  hc32f46x_interrupts.o
    0x000041c2   0x000041c2   0x00000002   PAD
    0x000041c4   0x000041c4   0x00000026   Code   RO          522    .text.IRQ075_Handler  hc32f46x_interrupts.o
    0x000041ea   0x000041ea   0x00000002   PAD
    0x000041ec   0x000041ec   0x00000026   Code   RO          524    .text.IRQ076_Handler  hc32f46x_interrupts.o
    0x00004212   0x00004212   0x00000002   PAD
    0x00004214   0x00004214   0x00000026   Code   RO          526    .text.IRQ077_Handler  hc32f46x_interrupts.o
    0x0000423a   0x0000423a   0x00000002   PAD
    0x0000423c   0x0000423c   0x00000026   Code   RO          528    .text.IRQ078_Handler  hc32f46x_interrupts.o
    0x00004262   0x00004262   0x00000002   PAD
    0x00004264   0x00004264   0x00000026   Code   RO          530    .text.IRQ079_Handler  hc32f46x_interrupts.o
    0x0000428a   0x0000428a   0x00000002   PAD
    0x0000428c   0x0000428c   0x00000026   Code   RO          532    .text.IRQ080_Handler  hc32f46x_interrupts.o
    0x000042b2   0x000042b2   0x00000002   PAD
    0x000042b4   0x000042b4   0x00000026   Code   RO          534    .text.IRQ081_Handler  hc32f46x_interrupts.o
    0x000042da   0x000042da   0x00000002   PAD
    0x000042dc   0x000042dc   0x00000026   Code   RO          536    .text.IRQ082_Handler  hc32f46x_interrupts.o
    0x00004302   0x00004302   0x00000002   PAD
    0x00004304   0x00004304   0x00000026   Code   RO          538    .text.IRQ083_Handler  hc32f46x_interrupts.o
    0x0000432a   0x0000432a   0x00000002   PAD
    0x0000432c   0x0000432c   0x00000026   Code   RO          540    .text.IRQ084_Handler  hc32f46x_interrupts.o
    0x00004352   0x00004352   0x00000002   PAD
    0x00004354   0x00004354   0x00000026   Code   RO          542    .text.IRQ085_Handler  hc32f46x_interrupts.o
    0x0000437a   0x0000437a   0x00000002   PAD
    0x0000437c   0x0000437c   0x00000026   Code   RO          544    .text.IRQ086_Handler  hc32f46x_interrupts.o
    0x000043a2   0x000043a2   0x00000002   PAD
    0x000043a4   0x000043a4   0x00000026   Code   RO          546    .text.IRQ087_Handler  hc32f46x_interrupts.o
    0x000043ca   0x000043ca   0x00000002   PAD
    0x000043cc   0x000043cc   0x00000026   Code   RO          548    .text.IRQ088_Handler  hc32f46x_interrupts.o
    0x000043f2   0x000043f2   0x00000002   PAD
    0x000043f4   0x000043f4   0x00000026   Code   RO          550    .text.IRQ089_Handler  hc32f46x_interrupts.o
    0x0000441a   0x0000441a   0x00000002   PAD
    0x0000441c   0x0000441c   0x00000026   Code   RO          552    .text.IRQ090_Handler  hc32f46x_interrupts.o
    0x00004442   0x00004442   0x00000002   PAD
    0x00004444   0x00004444   0x00000026   Code   RO          554    .text.IRQ091_Handler  hc32f46x_interrupts.o
    0x0000446a   0x0000446a   0x00000002   PAD
    0x0000446c   0x0000446c   0x00000026   Code   RO          556    .text.IRQ092_Handler  hc32f46x_interrupts.o
    0x00004492   0x00004492   0x00000002   PAD
    0x00004494   0x00004494   0x00000026   Code   RO          558    .text.IRQ093_Handler  hc32f46x_interrupts.o
    0x000044ba   0x000044ba   0x00000002   PAD
    0x000044bc   0x000044bc   0x00000026   Code   RO          560    .text.IRQ094_Handler  hc32f46x_interrupts.o
    0x000044e2   0x000044e2   0x00000002   PAD
    0x000044e4   0x000044e4   0x00000026   Code   RO          562    .text.IRQ095_Handler  hc32f46x_interrupts.o
    0x0000450a   0x0000450a   0x00000002   PAD
    0x0000450c   0x0000450c   0x00000026   Code   RO          564    .text.IRQ096_Handler  hc32f46x_interrupts.o
    0x00004532   0x00004532   0x00000002   PAD
    0x00004534   0x00004534   0x00000026   Code   RO          566    .text.IRQ097_Handler  hc32f46x_interrupts.o
    0x0000455a   0x0000455a   0x00000002   PAD
    0x0000455c   0x0000455c   0x00000026   Code   RO          568    .text.IRQ098_Handler  hc32f46x_interrupts.o
    0x00004582   0x00004582   0x00000002   PAD
    0x00004584   0x00004584   0x00000026   Code   RO          570    .text.IRQ099_Handler  hc32f46x_interrupts.o
    0x000045aa   0x000045aa   0x00000002   PAD
    0x000045ac   0x000045ac   0x00000026   Code   RO          572    .text.IRQ100_Handler  hc32f46x_interrupts.o
    0x000045d2   0x000045d2   0x00000002   PAD
    0x000045d4   0x000045d4   0x00000026   Code   RO          574    .text.IRQ101_Handler  hc32f46x_interrupts.o
    0x000045fa   0x000045fa   0x00000002   PAD
    0x000045fc   0x000045fc   0x00000026   Code   RO          576    .text.IRQ102_Handler  hc32f46x_interrupts.o
    0x00004622   0x00004622   0x00000002   PAD
    0x00004624   0x00004624   0x00000026   Code   RO          578    .text.IRQ103_Handler  hc32f46x_interrupts.o
    0x0000464a   0x0000464a   0x00000002   PAD
    0x0000464c   0x0000464c   0x00000026   Code   RO          580    .text.IRQ104_Handler  hc32f46x_interrupts.o
    0x00004672   0x00004672   0x00000002   PAD
    0x00004674   0x00004674   0x00000026   Code   RO          582    .text.IRQ105_Handler  hc32f46x_interrupts.o
    0x0000469a   0x0000469a   0x00000002   PAD
    0x0000469c   0x0000469c   0x00000026   Code   RO          584    .text.IRQ106_Handler  hc32f46x_interrupts.o
    0x000046c2   0x000046c2   0x00000002   PAD
    0x000046c4   0x000046c4   0x00000026   Code   RO          586    .text.IRQ107_Handler  hc32f46x_interrupts.o
    0x000046ea   0x000046ea   0x00000002   PAD
    0x000046ec   0x000046ec   0x00000026   Code   RO          588    .text.IRQ108_Handler  hc32f46x_interrupts.o
    0x00004712   0x00004712   0x00000002   PAD
    0x00004714   0x00004714   0x00000026   Code   RO          590    .text.IRQ109_Handler  hc32f46x_interrupts.o
    0x0000473a   0x0000473a   0x00000002   PAD
    0x0000473c   0x0000473c   0x00000026   Code   RO          592    .text.IRQ110_Handler  hc32f46x_interrupts.o
    0x00004762   0x00004762   0x00000002   PAD
    0x00004764   0x00004764   0x00000026   Code   RO          594    .text.IRQ111_Handler  hc32f46x_interrupts.o
    0x0000478a   0x0000478a   0x00000002   PAD
    0x0000478c   0x0000478c   0x00000026   Code   RO          596    .text.IRQ112_Handler  hc32f46x_interrupts.o
    0x000047b2   0x000047b2   0x00000002   PAD
    0x000047b4   0x000047b4   0x00000026   Code   RO          598    .text.IRQ113_Handler  hc32f46x_interrupts.o
    0x000047da   0x000047da   0x00000002   PAD
    0x000047dc   0x000047dc   0x00000026   Code   RO          600    .text.IRQ114_Handler  hc32f46x_interrupts.o
    0x00004802   0x00004802   0x00000002   PAD
    0x00004804   0x00004804   0x00000026   Code   RO          602    .text.IRQ115_Handler  hc32f46x_interrupts.o
    0x0000482a   0x0000482a   0x00000002   PAD
    0x0000482c   0x0000482c   0x00000026   Code   RO          604    .text.IRQ116_Handler  hc32f46x_interrupts.o
    0x00004852   0x00004852   0x00000002   PAD
    0x00004854   0x00004854   0x00000026   Code   RO          606    .text.IRQ117_Handler  hc32f46x_interrupts.o
    0x0000487a   0x0000487a   0x00000002   PAD
    0x0000487c   0x0000487c   0x00000026   Code   RO          608    .text.IRQ118_Handler  hc32f46x_interrupts.o
    0x000048a2   0x000048a2   0x00000002   PAD
    0x000048a4   0x000048a4   0x00000026   Code   RO          610    .text.IRQ119_Handler  hc32f46x_interrupts.o
    0x000048ca   0x000048ca   0x00000002   PAD
    0x000048cc   0x000048cc   0x00000026   Code   RO          612    .text.IRQ120_Handler  hc32f46x_interrupts.o
    0x000048f2   0x000048f2   0x00000002   PAD
    0x000048f4   0x000048f4   0x00000026   Code   RO          614    .text.IRQ121_Handler  hc32f46x_interrupts.o
    0x0000491a   0x0000491a   0x00000002   PAD
    0x0000491c   0x0000491c   0x00000026   Code   RO          616    .text.IRQ122_Handler  hc32f46x_interrupts.o
    0x00004942   0x00004942   0x00000002   PAD
    0x00004944   0x00004944   0x00000026   Code   RO          618    .text.IRQ123_Handler  hc32f46x_interrupts.o
    0x0000496a   0x0000496a   0x00000002   PAD
    0x0000496c   0x0000496c   0x00000026   Code   RO          620    .text.IRQ124_Handler  hc32f46x_interrupts.o
    0x00004992   0x00004992   0x00000002   PAD
    0x00004994   0x00004994   0x00000026   Code   RO          622    .text.IRQ125_Handler  hc32f46x_interrupts.o
    0x000049ba   0x000049ba   0x00000002   PAD
    0x000049bc   0x000049bc   0x00000026   Code   RO          624    .text.IRQ126_Handler  hc32f46x_interrupts.o
    0x000049e2   0x000049e2   0x00000002   PAD
    0x000049e4   0x000049e4   0x00000026   Code   RO          626    .text.IRQ127_Handler  hc32f46x_interrupts.o
    0x00004a0a   0x00004a0a   0x00000002   PAD
    0x00004a0c   0x00004a0c   0x00000234   Code   RO          628    .text.IRQ128_Handler  hc32f46x_interrupts.o
    0x00004c40   0x00004c40   0x0000078c   Code   RO          630    .text.IRQ129_Handler  hc32f46x_interrupts.o
    0x000053cc   0x000053cc   0x0000015e   Code   RO          632    .text.IRQ130_Handler  hc32f46x_interrupts.o
    0x0000552a   0x0000552a   0x00000002   PAD
    0x0000552c   0x0000552c   0x000004ba   Code   RO          634    .text.IRQ131_Handler  hc32f46x_interrupts.o
    0x000059e6   0x000059e6   0x00000002   PAD
    0x000059e8   0x000059e8   0x0000026a   Code   RO          636    .text.IRQ132_Handler  hc32f46x_interrupts.o
    0x00005c52   0x00005c52   0x00000002   PAD
    0x00005c54   0x00005c54   0x00000590   Code   RO          638    .text.IRQ136_Handler  hc32f46x_interrupts.o
    0x000061e4   0x000061e4   0x000004ae   Code   RO          640    .text.IRQ137_Handler  hc32f46x_interrupts.o
    0x00006692   0x00006692   0x00000002   PAD
    0x00006694   0x00006694   0x00000438   Code   RO          642    .text.IRQ138_Handler  hc32f46x_interrupts.o
    0x00006acc   0x00006acc   0x00000228   Code   RO          644    .text.IRQ139_Handler  hc32f46x_interrupts.o
    0x00006cf4   0x00006cf4   0x0000036e   Code   RO          646    .text.IRQ140_Handler  hc32f46x_interrupts.o
    0x00007062   0x00007062   0x00000002   PAD
    0x00007064   0x00007064   0x000003ca   Code   RO          648    .text.IRQ141_Handler  hc32f46x_interrupts.o
    0x0000742e   0x0000742e   0x00000002   PAD
    0x00007430   0x00007430   0x000001de   Code   RO          650    .text.IRQ142_Handler  hc32f46x_interrupts.o
    0x0000760e   0x0000760e   0x00000002   PAD
    0x00007610   0x00007610   0x00000204   Code   RO          652    .text.IRQ143_Handler  hc32f46x_interrupts.o
    0x00007814   0x00007814   0x00000008   Code   RO          358    .text.MemManage_Handler  hc32f46x_interrupts.o
    0x0000781c   0x0000781c   0x00000008   Code   RO          356    .text.NMI_Handler   hc32f46x_interrupts.o
    0x00007824   0x00007824   0x0000011a   Code   RO          308    .text.PORT_GetBit   hc32f46x_gpio.o
    0x0000793e   0x0000793e   0x00000002   PAD
    0x00007940   0x00007940   0x00000336   Code   RO          294    .text.PORT_Init     hc32f46x_gpio.o
    0x00007c76   0x00007c76   0x00000002   PAD
    0x00007c78   0x00007c78   0x00000010   Code   RO          298    .text.PORT_Lock     hc32f46x_gpio.o
    0x00007c88   0x00007c88   0x00000076   Code   RO          318    .text.PORT_ResetBits  hc32f46x_gpio.o
    0x00007cfe   0x00007cfe   0x00000002   PAD
    0x00007d00   0x00007d00   0x00000076   Code   RO          316    .text.PORT_SetBits  hc32f46x_gpio.o
    0x00007d76   0x00007d76   0x00000002   PAD
    0x00007d78   0x00007d78   0x000003e0   Code   RO          324    .text.PORT_SetFunc  hc32f46x_gpio.o
    0x00008158   0x00008158   0x00000010   Code   RO          296    .text.PORT_Unlock   hc32f46x_gpio.o
    0x00008168   0x00008168   0x000000b2   Code   RO          685    .text.PWC_Fcg0PeriphClockCmd  hc32f46x_pwc.o
    0x0000821a   0x0000821a   0x00000002   PAD
    0x0000821c   0x0000821c   0x00000092   Code   RO          687    .text.PWC_Fcg1PeriphClockCmd  hc32f46x_pwc.o
    0x000082ae   0x000082ae   0x00000002   PAD
    0x000082b0   0x000082b0   0x00000092   Code   RO          689    .text.PWC_Fcg2PeriphClockCmd  hc32f46x_pwc.o
    0x00008342   0x00008342   0x00000002   PAD
    0x00008344   0x00008344   0x00000092   Code   RO          691    .text.PWC_Fcg3PeriphClockCmd  hc32f46x_pwc.o
    0x000083d6   0x000083d6   0x00000002   PAD
    0x000083d8   0x000083d8   0x00000008   Code   RO          368    .text.PendSV_Handler  hc32f46x_interrupts.o
    0x000083e0   0x000083e0   0x000000a6   Code   RO         1468    .text.SEGGER_RTT_ConfigUpBuffer  segger_rtt.o
    0x00008486   0x00008486   0x00000002   PAD
    0x00008488   0x00008488   0x00000008   Code   RO         1480    .text.SEGGER_RTT_Init  segger_rtt.o
    0x00008490   0x00008490   0x0000004e   Code   RO         1444    .text.SEGGER_RTT_Write  segger_rtt.o
    0x000084de   0x000084de   0x00000002   PAD
    0x000084e0   0x000084e0   0x000000b2   Code   RO         1440    .text.SEGGER_RTT_WriteNoLock  segger_rtt.o
    0x00008592   0x00008592   0x00000002   PAD
    0x00008594   0x00008594   0x0000002a   Code   RO         1513    .text.SEGGER_RTT_printf  segger_rtt_printf.o
    0x000085be   0x000085be   0x00000002   PAD
    0x000085c0   0x000085c0   0x00000412   Code   RO         1505    .text.SEGGER_RTT_vprintf  segger_rtt_printf.o
    0x000089d2   0x000089d2   0x00000002   PAD
    0x000089d4   0x000089d4   0x00000008   Code   RO          364    .text.SVC_Handler   hc32f46x_interrupts.o
    0x000089dc   0x000089dc   0x00000184   Code   RO          876    .text.SetClkSyncBaudrate  hc32f46x_usart.o
    0x00008b60   0x00008b60   0x000001c0   Code   RO          874    .text.SetScBaudrate  hc32f46x_usart.o
    0x00008d20   0x00008d20   0x000001bc   Code   RO          878    .text.SetUartBaudrate  hc32f46x_usart.o
    0x00008edc   0x00008edc   0x000000bc   Code   RO         1115    .text.SysClkIni     myclk.o
    0x00008f98   0x00008f98   0x00000052   Code   RO           52    .text.SysTick_Config  hc32f46x_utility.o
    0x00008fea   0x00008fea   0x00000002   PAD
    0x00008fec   0x00008fec   0x0000000c   Code   RO           56    .text.SysTick_GetTick  hc32f46x_utility.o
    0x00008ff8   0x00008ff8   0x00000008   Code   RO          370    .text.SysTick_Handler  hc32f46x_interrupts.o
    0x00009000   0x00009000   0x0000001a   Code   RO           58    .text.SysTick_IncTick  hc32f46x_utility.o
    0x0000901a   0x0000901a   0x00000002   PAD
    0x0000901c   0x0000901c   0x0000004e   Code   RO           50    .text.SysTick_Init  hc32f46x_utility.o
    0x0000906a   0x0000906a   0x00000002   PAD
    0x0000906c   0x0000906c   0x00000008   Code   RO         1133    .text.SysTick_IrqHandler  app.o
    0x00009074   0x00009074   0x0000016e   Code   RO           13    .text.SystemCoreClockUpdate  system_hc32f46x.o
    0x000091e2   0x000091e2   0x00000002   PAD
    0x000091e4   0x000091e4   0x00000018   Code   RO           11    .text.SystemInit    system_hc32f46x.o
    0x000091fc   0x000091fc   0x000003ca   Code   RO          792    .text.TIMER0_BaseInit  hc32f46x_timer0.o
    0x000095c6   0x000095c6   0x00000002   PAD
    0x000095c8   0x000095c8   0x0000013a   Code   RO          778    .text.TIMER0_Cmd    hc32f46x_timer0.o
    0x00009702   0x00009702   0x00000002   PAD
    0x00009704   0x00009704   0x0000009a   Code   RO          800    .text.TIMER0_GetClkMode  hc32f46x_timer0.o
    0x0000979e   0x0000979e   0x00000002   PAD
    0x000097a0   0x000097a0   0x00000142   Code   RO          782    .text.TIMER0_IntCmd  hc32f46x_timer0.o
    0x000098e2   0x000098e2   0x00000002   PAD
    0x000098e4   0x000098e4   0x00000220   Code   RO          958    .text.TIMERA_BaseInit  hc32f46x_timera.o
    0x00009b04   0x00009b04   0x0000019c   Code   RO         1014    .text.TIMERA_ClearFlag  hc32f46x_timera.o
    0x00009ca0   0x00009ca0   0x000000b0   Code   RO          970    .text.TIMERA_Cmd    hc32f46x_timera.o
    0x00009d50   0x00009d50   0x0000011c   Code   RO          984    .text.TIMERA_CompareCmd  hc32f46x_timera.o
    0x00009e6c   0x00009e6c   0x000003b4   Code   RO          972    .text.TIMERA_CompareInit  hc32f46x_timera.o
    0x0000a220   0x0000a220   0x00000184   Code   RO         1012    .text.TIMERA_GetFlag  hc32f46x_timera.o
    0x0000a3a4   0x0000a3a4   0x00000224   Code   RO         1008    .text.TIMERA_IrqCmd  hc32f46x_timera.o
    0x0000a5c8   0x0000a5c8   0x0000003e   Code   RO         1096    .text.Timer0A_CallBack  mytimer.o
    0x0000a606   0x0000a606   0x00000002   PAD
    0x0000a608   0x0000a608   0x0000005a   Code   RO         1104    .text.Timer0B_CallBack  mytimer.o
    0x0000a662   0x0000a662   0x00000002   PAD
    0x0000a664   0x0000a664   0x00000094   Code   RO         1194    .text.TimeraUnit1_IrqCallback  timera_pwm.o
    0x0000a6f8   0x0000a6f8   0x00000186   Code   RO         1192    .text.Timera_Config  timera_pwm.o
    0x0000a87e   0x0000a87e   0x00000002   PAD
    0x0000a880   0x0000a880   0x000000b0   Code   RO          820    .text.USART_ClearStatus  hc32f46x_usart.o
    0x0000a930   0x0000a930   0x000001dc   Code   RO          822    .text.USART_FuncCmd  hc32f46x_usart.o
    0x0000ab0c   0x0000ab0c   0x000000ce   Code   RO          818    .text.USART_GetStatus  hc32f46x_usart.o
    0x0000abda   0x0000abda   0x00000002   PAD
    0x0000abdc   0x0000abdc   0x0000006a   Code   RO          870    .text.USART_RecData  hc32f46x_usart.o
    0x0000ac46   0x0000ac46   0x00000002   PAD
    0x0000ac48   0x0000ac48   0x00000096   Code   RO          872    .text.USART_SetBaudrate  hc32f46x_usart.o
    0x0000acde   0x0000acde   0x00000002   PAD
    0x0000ace0   0x0000ace0   0x0000033e   Code   RO          810    .text.USART_UART_Init  hc32f46x_usart.o
    0x0000b01e   0x0000b01e   0x00000002   PAD
    0x0000b020   0x0000b020   0x00000008   Code   RO          362    .text.UsageFault_Handler  hc32f46x_interrupts.o
    0x0000b028   0x0000b028   0x00000096   Code   RO          880    .text.UsartGetClk   hc32f46x_usart.o
    0x0000b0be   0x0000b0be   0x00000002   PAD
    0x0000b0c0   0x0000b0c0   0x00000070   Code   RO         1069    .text.UsartRxErrProcess  myusart.o
    0x0000b130   0x0000b130   0x0000003a   Code   RO         1083    .text.UsartRxIrqCallback  myusart.o
    0x0000b16a   0x0000b16a   0x00000002   PAD
    0x0000b16c   0x0000b16c   0x00000026   Code   RO         1400    .text.User_Shell_Init  shell_port.o
    0x0000b192   0x0000b192   0x00000002   PAD
    0x0000b194   0x0000b194   0x000000a2   Code   RO         1422    .text._DoInit       segger_rtt.o
    0x0000b236   0x0000b236   0x00000002   PAD
    0x0000b238   0x0000b238   0x0000003e   Code   RO         1434    .text._GetAvailWriteSpace  segger_rtt.o
    0x0000b276   0x0000b276   0x00000002   PAD
    0x0000b278   0x0000b278   0x000001e4   Code   RO         1509    .text._PrintInt     segger_rtt_printf.o
    0x0000b45c   0x0000b45c   0x000001be   Code   RO         1511    .text._PrintUnsigned  segger_rtt_printf.o
    0x0000b61a   0x0000b61a   0x00000002   PAD
    0x0000b61c   0x0000b61c   0x00000078   Code   RO         1507    .text._StoreChar    segger_rtt_printf.o
    0x0000b694   0x0000b694   0x000000e4   Code   RO         1438    .text._WriteBlocking  segger_rtt.o
    0x0000b778   0x0000b778   0x00000094   Code   RO         1436    .text._WriteNoCheck  segger_rtt.o
    0x0000b80c   0x0000b80c   0x0000002c   Code   RO         1079    .text.__NVIC_ClearPendingIRQ  myusart.o
    0x0000b838   0x0000b838   0x0000002c   Code   RO         1098    .text.__NVIC_ClearPendingIRQ  mytimer.o
    0x0000b864   0x0000b864   0x0000002c   Code   RO         1196    .text.__NVIC_ClearPendingIRQ  timera_pwm.o
    0x0000b890   0x0000b890   0x0000002c   Code   RO         1081    .text.__NVIC_EnableIRQ  myusart.o
    0x0000b8bc   0x0000b8bc   0x0000002c   Code   RO         1102    .text.__NVIC_EnableIRQ  mytimer.o
    0x0000b8e8   0x0000b8e8   0x0000002c   Code   RO         1200    .text.__NVIC_EnableIRQ  timera_pwm.o
    0x0000b914   0x0000b914   0x0000003a   Code   RO           66    .text.__NVIC_SetPriority  hc32f46x_utility.o
    0x0000b94e   0x0000b94e   0x00000002   PAD
    0x0000b950   0x0000b950   0x0000003a   Code   RO         1077    .text.__NVIC_SetPriority  myusart.o
    0x0000b98a   0x0000b98a   0x00000002   PAD
    0x0000b98c   0x0000b98c   0x0000003a   Code   RO         1100    .text.__NVIC_SetPriority  mytimer.o
    0x0000b9c6   0x0000b9c6   0x00000002   PAD
    0x0000b9c8   0x0000b9c8   0x0000003a   Code   RO         1137    .text.__NVIC_SetPriority  app.o
    0x0000ba02   0x0000ba02   0x00000002   PAD
    0x0000ba04   0x0000ba04   0x0000003a   Code   RO         1198    .text.__NVIC_SetPriority  timera_pwm.o
    0x0000ba3e   0x0000ba3e   0x00000002   PAD
    0x0000ba40   0x0000ba40   0x00000026   Code   RO         1406    .text.__NVIC_SystemReset  shell_port.o
    0x0000ba66   0x0000ba66   0x00000002   PAD
    0x0000ba68   0x0000ba68   0x0000002a   Code   RO         1038    .text.adc_clk_test  myadc.o
    0x0000ba92   0x0000ba92   0x00000002   PAD
    0x0000ba94   0x0000ba94   0x00000040   Code   RO         1165    .text.app           app.o
    0x0000bad4   0x0000bad4   0x00000170   Code   RO         1117    .text.clk_test      myclk.o
    0x0000bc44   0x0000bc44   0x000000be   Code   RO          336    .text.enIrqRegistration  hc32f46x_interrupts.o
    0x0000bd02   0x0000bd02   0x00000002   PAD
    0x0000bd04   0x0000bd04   0x00000082   Code   RO         1131    .text.en_fsk_pwm    app.o
    0x0000bd86   0x0000bd86   0x00000002   PAD
    0x0000bd88   0x0000bd88   0x0000005e   Code   RO         1129    .text.en_sample     app.o
    0x0000bde6   0x0000bde6   0x00000002   PAD
    0x0000bde8   0x0000bde8   0x00000030   Code   RO         1149    .text.enable_flash_cache  app.o
    0x0000be18   0x0000be18   0x00000016   Code   RO         1157    .text.error_process  app.o
    0x0000be2e   0x0000be2e   0x00000002   PAD
    0x0000be30   0x0000be30   0x00000030   Code   RO         1624    .text.fputc         retarget_io.o
    0x0000be60   0x0000be60   0x00000040   Code   RO         1153    .text.gpio_init     app.o
    0x0000bea0   0x0000bea0   0x00000300   Code   RO         1127    .text.hexdump       app.o
    0x0000c1a0   0x0000c1a0   0x00000062   Code   RO         1161    .text.idle_process  app.o
    0x0000c202   0x0000c202   0x00000002   PAD
    0x0000c204   0x0000c204   0x000000d4   Code   RO         1163    .text.init_all      app.o
    0x0000c2d8   0x0000c2d8   0x0000003e   Code   RO         1060    .text.led_green     myled.o
    0x0000c316   0x0000c316   0x00000002   PAD
    0x0000c318   0x0000c318   0x0000005e   Code   RO         1056    .text.led_init      myled.o
    0x0000c376   0x0000c376   0x00000002   PAD
    0x0000c378   0x0000c378   0x0000003e   Code   RO         1058    .text.led_red       myled.o
    0x0000c3b6   0x0000c3b6   0x00000002   PAD
    0x0000c3b8   0x0000c3b8   0x00000014   Code   RO           24    .text.main          main.o
    0x0000c3cc   0x0000c3cc   0x00000082   Code   RO         1151    .text.memory_init   app.o
    0x0000c44e   0x0000c44e   0x00000002   PAD
    0x0000c450   0x0000c450   0x00000004   Code   RO         1404    .text.quit_shell    shell_port.o
    0x0000c454   0x0000c454   0x00000094   Code   RO         1147    .text.read_uid      app.o
    0x0000c4e8   0x0000c4e8   0x00000072   Code   RO         1145    .text.segger_init   app.o
    0x0000c55a   0x0000c55a   0x00000002   PAD
    0x0000c55c   0x0000c55c   0x0000004c   Code   RO         1155    .text.sent_sample_data  app.o
    0x0000c5a8   0x0000c5a8   0x000000c0   Code   RO         1141    .text.set_fsk_wave_duty  app.o
    0x0000c668   0x0000c668   0x00000024   Code   RO         1143    .text.set_if_adc_avg  app.o
    0x0000c68c   0x0000c68c   0x00000052   Code   RO         1139    .text.set_samplerate  app.o
    0x0000c6de   0x0000c6de   0x00000002   PAD
    0x0000c6e0   0x0000c6e0   0x00000052   Code   RO         1212    .text.shellAdd      shell.o
    0x0000c732   0x0000c732   0x00000002   PAD
    0x0000c734   0x0000c734   0x00000012   Code   RO         1304    .text.shellBackspace  shell.o
    0x0000c746   0x0000c746   0x00000002   PAD
    0x0000c748   0x0000c748   0x00000058   Code   RO         1286    .text.shellCheckPassword  shell.o
    0x0000c7a0   0x0000c7a0   0x00000064   Code   RO         1228    .text.shellCheckPermission  shell.o
    0x0000c804   0x0000c804   0x00000028   Code   RO         1324    .text.shellClear    shell.o
    0x0000c82c   0x0000c82c   0x00000040   Code   RO         1256    .text.shellClearCommandLine  shell.o
    0x0000c86c   0x0000c86c   0x0000001e   Code   RO         1318    .text.shellCmds     shell.o
    0x0000c88a   0x0000c88a   0x00000002   PAD
    0x0000c88c   0x0000c88c   0x00000014   Code   RO         1306    .text.shellDelete   shell.o
    0x0000c8a0   0x0000c8a0   0x00000162   Code   RO         1260    .text.shellDeleteByte  shell.o
    0x0000ca02   0x0000ca02   0x00000002   PAD
    0x0000ca04   0x0000ca04   0x00000032   Code   RO         1254    .text.shellDeleteCommandLine  shell.o
    0x0000ca36   0x0000ca36   0x00000002   PAD
    0x0000ca38   0x0000ca38   0x00000014   Code   RO         1292    .text.shellDown     shell.o
    0x0000ca4c   0x0000ca4c   0x00000018   Code   RO         1308    .text.shellEnter    shell.o
    0x0000ca64   0x0000ca64   0x000000a6   Code   RO         1280    .text.shellExec     shell.o
    0x0000cb0a   0x0000cb0a   0x00000002   PAD
    0x0000cb0c   0x0000cb0c   0x0000006c   Code   RO         1328    .text.shellExecute  shell.o
    0x0000cb78   0x0000cb78   0x0000009a   Code   RO         1385    .text.shellExtNumType  shell_ext.o
    0x0000cc12   0x0000cc12   0x00000002   PAD
    0x0000cc14   0x0000cc14   0x0000008e   Code   RO         1375    .text.shellExtParseChar  shell_ext.o
    0x0000cca2   0x0000cca2   0x00000002   PAD
    0x0000cca4   0x0000cca4   0x0000014e   Code   RO         1377    .text.shellExtParseNumber  shell_ext.o
    0x0000cdf2   0x0000cdf2   0x00000002   PAD
    0x0000cdf4   0x0000cdf4   0x00000094   Code   RO         1373    .text.shellExtParsePara  shell_ext.o
    0x0000ce88   0x0000ce88   0x0000009a   Code   RO         1381    .text.shellExtParseString  shell_ext.o
    0x0000cf22   0x0000cf22   0x00000002   PAD
    0x0000cf24   0x0000cf24   0x00000038   Code   RO         1379    .text.shellExtParseVar  shell_ext.o
    0x0000cf5c   0x0000cf5c   0x000001a0   Code   RO         1383    .text.shellExtRun   shell_ext.o
    0x0000d0fc   0x0000d0fc   0x00000078   Code   RO         1387    .text.shellExtToNum  shell_ext.o
    0x0000d174   0x0000d174   0x00000054   Code   RO         1242    .text.shellGetCommandDesc  shell.o
    0x0000d1c8   0x0000d1c8   0x00000096   Code   RO         1236    .text.shellGetCommandName  shell.o
    0x0000d25e   0x0000d25e   0x00000002   PAD
    0x0000d260   0x0000d260   0x00000076   Code   RO         1222    .text.shellGetCurrent  shell.o
    0x0000d2d6   0x0000d2d6   0x00000002   PAD
    0x0000d2d8   0x0000d2d8   0x00000086   Code   RO         1262    .text.shellGetVarValue  shell.o
    0x0000d35e   0x0000d35e   0x00000002   PAD
    0x0000d360   0x0000d360   0x000001b2   Code   RO         1312    .text.shellHandler  shell.o
    0x0000d512   0x0000d512   0x00000002   PAD
    0x0000d514   0x0000d514   0x00000042   Code   RO         1310    .text.shellHelp     shell.o
    0x0000d556   0x0000d556   0x00000002   PAD
    0x0000d558   0x0000d558   0x0000012e   Code   RO         1290    .text.shellHistory  shell.o
    0x0000d686   0x0000d686   0x00000002   PAD
    0x0000d688   0x0000d688   0x000000bc   Code   RO         1282    .text.shellHistoryAdd  shell.o
    0x0000d744   0x0000d744   0x000000e2   Code   RO         1210    .text.shellInit     shell.o
    0x0000d826   0x0000d826   0x00000002   PAD
    0x0000d828   0x0000d828   0x00000156   Code   RO         1258    .text.shellInsertByte  shell.o
    0x0000d97e   0x0000d97e   0x00000002   PAD
    0x0000d980   0x0000d980   0x0000001e   Code   RO         1322    .text.shellKeys     shell.o
    0x0000d99e   0x0000d99e   0x00000002   PAD
    0x0000d9a0   0x0000d9a0   0x00000026   Code   RO         1296    .text.shellLeft     shell.o
    0x0000d9c6   0x0000d9c6   0x00000002   PAD
    0x0000d9c8   0x0000d9c8   0x00000016   Code   RO         1252    .text.shellListAll  shell.o
    0x0000d9de   0x0000d9de   0x00000002   PAD
    0x0000d9e0   0x0000d9e0   0x00000082   Code   RO         1244    .text.shellListCommand  shell.o
    0x0000da62   0x0000da62   0x00000002   PAD
    0x0000da64   0x0000da64   0x00000186   Code   RO         1234    .text.shellListItem  shell.o
    0x0000dbea   0x0000dbea   0x00000002   PAD
    0x0000dbec   0x0000dbec   0x00000096   Code   RO         1250    .text.shellListKey  shell.o
    0x0000dc82   0x0000dc82   0x00000002   PAD
    0x0000dc84   0x0000dc84   0x00000096   Code   RO         1248    .text.shellListUser  shell.o
    0x0000dd1a   0x0000dd1a   0x00000002   PAD
    0x0000dd1c   0x0000dd1c   0x00000096   Code   RO         1246    .text.shellListVar  shell.o
    0x0000ddb2   0x0000ddb2   0x00000002   PAD
    0x0000ddb4   0x0000ddb4   0x0000002a   Code   RO         1278    .text.shellNormalInput  shell.o
    0x0000ddde   0x0000ddde   0x00000002   PAD
    0x0000dde0   0x0000dde0   0x0000012a   Code   RO         1284    .text.shellParserParam  shell.o
    0x0000df0a   0x0000df0a   0x00000002   PAD
    0x0000df0c   0x0000df0c   0x000000ae   Code   RO         1274    .text.shellRemoveParamQuotes  shell.o
    0x0000dfba   0x0000dfba   0x00000002   PAD
    0x0000dfbc   0x0000dfbc   0x00000028   Code   RO         1294    .text.shellRight    shell.o
    0x0000dfe4   0x0000dfe4   0x000000ec   Code   RO         1272    .text.shellRunCommand  shell.o
    0x0000e0d0   0x0000e0d0   0x000000da   Code   RO         1216    .text.shellSeekCommand  shell.o
    0x0000e1aa   0x0000e1aa   0x00000002   PAD
    0x0000e1ac   0x0000e1ac   0x000000a4   Code   RO         1214    .text.shellSetUser  shell.o
    0x0000e250   0x0000e250   0x0000009c   Code   RO         1270    .text.shellSetVar   shell.o
    0x0000e2ec   0x0000e2ec   0x000000d8   Code   RO         1264    .text.shellSetVarValue  shell.o
    0x0000e3c4   0x0000e3c4   0x0000010a   Code   RO         1268    .text.shellShowVar  shell.o
    0x0000e4ce   0x0000e4ce   0x00000002   PAD
    0x0000e4d0   0x0000e4d0   0x00000072   Code   RO         1300    .text.shellStringCompare  shell.o
    0x0000e542   0x0000e542   0x00000002   PAD
    0x0000e544   0x0000e544   0x00000046   Code   RO         1266    .text.shellStringCopy  shell.o
    0x0000e58a   0x0000e58a   0x00000002   PAD
    0x0000e58c   0x0000e58c   0x00000262   Code   RO         1298    .text.shellTab      shell.o
    0x0000e7ee   0x0000e7ee   0x00000002   PAD
    0x0000e7f0   0x0000e7f0   0x0000003e   Code   RO         1314    .text.shellTask     shell.o
    0x0000e82e   0x0000e82e   0x00000002   PAD
    0x0000e830   0x0000e830   0x000000b8   Code   RO         1232    .text.shellToDec    shell.o
    0x0000e8e8   0x0000e8e8   0x0000006c   Code   RO         1230    .text.shellToHex    shell.o
    0x0000e954   0x0000e954   0x00000012   Code   RO         1288    .text.shellUp       shell.o
    0x0000e966   0x0000e966   0x00000002   PAD
    0x0000e968   0x0000e968   0x0000001e   Code   RO         1316    .text.shellUsers    shell.o
    0x0000e986   0x0000e986   0x00000002   PAD
    0x0000e988   0x0000e988   0x0000001e   Code   RO         1320    .text.shellVars     shell.o
    0x0000e9a6   0x0000e9a6   0x00000002   PAD
    0x0000e9a8   0x0000e9a8   0x0000001e   Code   RO         1396    .text.shellWrite    shell_port.o
    0x0000e9c6   0x0000e9c6   0x00000002   PAD
    0x0000e9c8   0x0000e9c8   0x00000026   Code   RO         1238    .text.shellWriteByte  shell.o
    0x0000e9ee   0x0000e9ee   0x00000002   PAD
    0x0000e9f0   0x0000e9f0   0x000000d4   Code   RO         1240    .text.shellWriteCommandDesc  shell.o
    0x0000eac4   0x0000eac4   0x0000009c   Code   RO         1302    .text.shellWriteCommandHelp  shell.o
    0x0000eb60   0x0000eb60   0x000000d4   Code   RO         1218    .text.shellWritePrompt  shell.o
    0x0000ec34   0x0000ec34   0x000000b6   Code   RO         1276    .text.shellWriteReturnValue  shell.o
    0x0000ecea   0x0000ecea   0x00000002   PAD
    0x0000ecec   0x0000ecec   0x00000062   Code   RO         1224    .text.shellWriteString  shell.o
    0x0000ed4e   0x0000ed4e   0x00000002   PAD
    0x0000ed50   0x0000ed50   0x00000046   Code   RO         1398    .text.shell_uart_write_data  shell_port.o
    0x0000ed96   0x0000ed96   0x00000002   PAD
    0x0000ed98   0x0000ed98   0x0000007e   Code   RO         1626    .text.stdout_putchar  retarget_io.o
    0x0000ee16   0x0000ee16   0x00000002   PAD
    0x0000ee18   0x0000ee18   0x00000016   Code   RO         1135    .text.tick_init     app.o
    0x0000ee2e   0x0000ee2e   0x00000002   PAD
    0x0000ee30   0x0000ee30   0x00000128   Code   RO         1094    .text.timer0_init   mytimer.o
    0x0000ef58   0x0000ef58   0x00000070   Code   RO         1071    .text.tuya_UsartRxErrProcess  myusart.o
    0x0000efc8   0x0000efc8   0x00000002   Code   RO         1075    .text.tuya_UsartRxIrqCallback  myusart.o
    0x0000efca   0x0000efca   0x00000002   PAD
    0x0000efcc   0x0000efcc   0x00000016   Code   RO         1159    .text.uart_post_process  app.o
    0x0000efe2   0x0000efe2   0x00000002   PAD
    0x0000efe4   0x0000efe4   0x00000032   Code   RO         1402    .text.uart_transmit_output_shell  shell_port.o
    0x0000f016   0x0000f016   0x00000002   PAD
    0x0000f018   0x0000f018   0x000001c8   Code   RO         1073    .text.usart_init    myusart.o
    0x0000f1e0   0x0000f1e0   0x00000012   Code   RO         1532    OSKERNEL            hardfaulthandler.o
    0x0000f1f2   0x0000f1f2   0x0000000a   Ven    RO         1743    Veneer$$Code        anon$$obj.o
    0x0000f1fc   0x0000f1fc   0x0000000a   Ven    RO         1744    Veneer$$Code        anon$$obj.o
    0x0000f206   0x0000f206   0x0000000a   Ven    RO         1745    Veneer$$Code        anon$$obj.o
    0x0000f210   0x0000f210   0x0000000a   Ven    RO         1746    Veneer$$Code        anon$$obj.o
    0x0000f21a   0x0000f21a   0x00000002   PAD
    0x0000f21c   0x0000f21c   0x00000020   Code   RO         1671    i.__0printf         mc_w.l(printfa.o)
    0x0000f23c   0x0000f23c   0x0000000e   Code   RO         1737    i.__scatterload_copy  mc_w.l(handlers.o)
    0x0000f24a   0x0000f24a   0x00000002   Code   RO         1738    i.__scatterload_null  mc_w.l(handlers.o)
    0x0000f24c   0x0000f24c   0x0000000e   Code   RO         1739    i.__scatterload_zeroinit  mc_w.l(handlers.o)
    0x0000f25a   0x0000f25a   0x00000002   PAD
    0x0000f25c   0x0000f25c   0x00000184   Code   RO         1678    i._fp_digits        mc_w.l(printfa.o)
    0x0000f3e0   0x0000f3e0   0x000006dc   Code   RO         1679    i._printf_core      mc_w.l(printfa.o)
    0x0000fabc   0x0000fabc   0x00000024   Code   RO         1680    i._printf_post_padding  mc_w.l(printfa.o)
    0x0000fae0   0x0000fae0   0x0000002e   Code   RO         1681    i._printf_pre_padding  mc_w.l(printfa.o)
    0x0000fb0e   0x0000fb0e   0x00000010   Data   RO         1515    .rodata._PrintUnsigned._aV2C  segger_rtt_printf.o
    0x0000fb1e   0x0000fb1e   0x00000010   Data   RO          883    .rodata.cst16       hc32f46x_usart.o
    0x0000fb2e   0x0000fb2e   0x00000005   Data   RO         1330    .rodata.shellCmdDefaultUser  shell.o
    0x0000fb33   0x0000fb33   0x00000006   Data   RO         1359    .rodata.shellCmdclear  shell.o
    0x0000fb39   0x0000fb39   0x00000005   Data   RO         1353    .rodata.shellCmdcmds  shell.o
    0x0000fb3e   0x0000fb3e   0x00000005   Data   RO         1361    .rodata.shellCmdexec  shell.o
    0x0000fb43   0x0000fb43   0x00000005   Data   RO         1410    .rodata.shellCmdexit  shell_port.o
    0x0000fb48   0x0000fb48   0x0000000b   Data   RO         1175    .rodata.shellCmdfsk_pwm_en  app.o
    0x0000fb53   0x0000fb53   0x00000011   Data   RO         1179    .rodata.shellCmdfsk_pwm_saw_duty  app.o
    0x0000fb64   0x0000fb64   0x00000005   Data   RO         1349    .rodata.shellCmdhelp  shell.o
    0x0000fb69   0x0000fb69   0x00000008   Data   RO         1170    .rodata.shellCmdhexdump  app.o
    0x0000fb71   0x0000fb71   0x0000000b   Data   RO         1181    .rodata.shellCmdif_adc_avg  app.o
    0x0000fb7c   0x0000fb7c   0x00000005   Data   RO         1357    .rodata.shellCmdkeys  shell.o
    0x0000fb81   0x0000fb81   0x00000007   Data   RO         1337    .rodata.shellCmdsetVar  shell.o
    0x0000fb88   0x0000fb88   0x0000000c   Data   RO         1177    .rodata.shellCmdtimer0_duty  app.o
    0x0000fb94   0x0000fb94   0x0000000a   Data   RO         1173    .rodata.shellCmdtimer0_en  app.o
    0x0000fb9e   0x0000fb9e   0x00000006   Data   RO         1351    .rodata.shellCmdusers  shell.o
    0x0000fba4   0x0000fba4   0x00000005   Data   RO         1355    .rodata.shellCmdvars  shell.o
    0x0000fba9   0x0000fba9   0x0000000d   Data   RO         1332    .rodata.shellDesDefaultUser  shell.o
    0x0000fbb6   0x0000fbb6   0x0000000a   Data   RO         1344    .rodata.shellDesc0x08000000  shell.o
    0x0000fbc0   0x0000fbc0   0x00000004   Data   RO         1343    .rodata.shellDesc0x09000000  shell.o
    0x0000fbc4   0x0000fbc4   0x00000006   Data   RO         1347    .rodata.shellDesc0x0A000000  shell.o
    0x0000fbca   0x0000fbca   0x00000006   Data   RO         1348    .rodata.shellDesc0x0D000000  shell.o
    0x0000fbd0   0x0000fbd0   0x00000007   Data   RO         1346    .rodata.shellDesc0x1B5B337E  shell.o
    0x0000fbd7   0x0000fbd7   0x00000003   Data   RO         1339    .rodata.shellDesc0x1B5B4100  shell.o
    0x0000fbda   0x0000fbda   0x00000005   Data   RO         1340    .rodata.shellDesc0x1B5B4200  shell.o
    0x0000fbdf   0x0000fbdf   0x00000006   Data   RO         1341    .rodata.shellDesc0x1B5B4300  shell.o
    0x0000fbe5   0x0000fbe5   0x00000005   Data   RO         1342    .rodata.shellDesc0x1B5B4400  shell.o
    0x0000fbea   0x0000fbea   0x0000000a   Data   RO         1345    .rodata.shellDesc0x7F000000  shell.o
    0x0000fbf4   0x0000fbf4   0x0000000e   Data   RO         1360    .rodata.shellDescclear  shell.o
    0x0000fc02   0x0000fc02   0x0000000d   Data   RO         1354    .rodata.shellDesccmds  shell.o
    0x0000fc0f   0x0000fc0f   0x0000001b   Data   RO         1362    .rodata.shellDescexec  shell.o
    0x0000fc2a   0x0000fc2a   0x00000005   Data   RO         1411    .rodata.shellDescexit  shell_port.o
    0x0000fc2f   0x0000fc2f   0x00000021   Data   RO         1176    .rodata.shellDescfsk_pwm_en  app.o
    0x0000fc50   0x0000fc50   0x0000001a   Data   RO         1180    .rodata.shellDescfsk_pwm_saw_duty  app.o
    0x0000fc6a   0x0000fc6a   0x0000001e   Data   RO         1350    .rodata.shellDeschelp  shell.o
    0x0000fc88   0x0000fc88   0x00000014   Data   RO         1171    .rodata.shellDeschexdump  app.o
    0x0000fc9c   0x0000fc9c   0x00000024   Data   RO         1182    .rodata.shellDescif_adc_avg  app.o
    0x0000fcc0   0x0000fcc0   0x0000000d   Data   RO         1358    .rodata.shellDesckeys  shell.o
    0x0000fccd   0x0000fccd   0x00000008   Data   RO         1338    .rodata.shellDescsetVar  shell.o
    0x0000fcd5   0x0000fcd5   0x0000001a   Data   RO         1178    .rodata.shellDesctimer0_duty  app.o
    0x0000fcef   0x0000fcef   0x00000020   Data   RO         1174    .rodata.shellDesctimer0_en  app.o
    0x0000fd0f   0x0000fd0f   0x0000000e   Data   RO         1352    .rodata.shellDescusers  shell.o
    0x0000fd1d   0x0000fd1d   0x0000000d   Data   RO         1356    .rodata.shellDescvars  shell.o
    0x0000fd2a   0x0000fd2a   0x00000001   Data   RO         1331    .rodata.shellPasswordDefaultUser  shell.o
    0x0000fd2b   0x0000fd2b   0x0000002d   Data   RO           70    .rodata.str1.1      hc32f46x_utility.o
    0x0000fd58   0x0000fd58   0x0000001d   Data   RO          150    .rodata.str1.1      hc32f46x_adc.o
    0x0000fd75   0x0000fd75   0x0000001d   Data   RO          232    .rodata.str1.1      hc32f46x_clk.o
    0x0000fd92   0x0000fd92   0x0000001d   Data   RO          286    .rodata.str1.1      hc32f46x_efm.o
    0x0000fdaf   0x0000fdaf   0x0000001e   Data   RO          328    .rodata.str1.1      hc32f46x_gpio.o
    0x0000fdcd   0x0000fdcd   0x00000024   Data   RO          655    .rodata.str1.1      hc32f46x_interrupts.o
    0x0000fdf1   0x0000fdf1   0x0000001d   Data   RO          762    .rodata.str1.1      hc32f46x_pwc.o
    0x0000fe0e   0x0000fe0e   0x00000020   Data   RO          802    .rodata.str1.1      hc32f46x_timer0.o
    0x0000fe2e   0x0000fe2e   0x0000001f   Data   RO          882    .rodata.str1.1      hc32f46x_usart.o
    0x0000fe4d   0x0000fe4d   0x0000001e   Data   RO          947    .rodata.str1.1      hc32f46x_dmac.o
    0x0000fe6b   0x0000fe6b   0x00000020   Data   RO         1020    .rodata.str1.1      hc32f46x_timera.o
    0x0000fe8b   0x0000fe8b   0x0000000e   Data   RO         1046    .rodata.str1.1      myadc.o
    0x0000fe99   0x0000fe99   0x0000001f   Data   RO         1107    .rodata.str1.1      mytimer.o
    0x0000feb8   0x0000feb8   0x00000096   Data   RO         1119    .rodata.str1.1      myclk.o
    0x0000ff4e   0x0000ff4e   0x00000199   Data   RO         1169    .rodata.str1.1      app.o
    0x000100e7   0x000100e7   0x00000020   Data   RO         1202    .rodata.str1.1      timera_pwm.o
    0x00010107   0x00010107   0x000002d0   Data   RO         1334    .rodata.str1.1      shell.o
    0x000103d7   0x000103d7   0x00000014   Data   RO         1495    .rodata.str1.1      segger_rtt.o
    0x000103eb   0x000103eb   0x00000001   PAD
    0x000103ec   0x000103ec   0x00000030   Data   RO         1736    Region$$Table       anon$$obj.o
    0x0001041c   0x0001041c   0x00000060   Data   RO         1172    shellCommand        app.o
    0x0001047c   0x0001047c   0x00000130   Data   RO         1333    shellCommand        shell.o
    0x000105ac   0x000105ac   0x00000010   Data   RO         1412    shellCommand        shell_port.o


    Execution Region RW_IRAM1 (Exec base: 0x1fff8000, Load base: 0x000105c0, Size: 0x0000d570, Max: 0x0002f000, ABSOLUTE)

    Exec Addr    Load Addr    Size         Type   Attr      Idx    E Section Name        Object

    0x1fff8000   0x000105c0   0x00000004   Data   RW         1652    .data               mc_w.l(stdout.o)
    0x1fff8004   0x000105c4   0x00000014   Data   RW         1553    .data.FIFO_Data     fifo.o
    0x1fff8018   0x000105d8   0x00000004   Data   RW           15    .data.HRC_VALUE     system_hc32f46x.o
    0x1fff801c   0x000105dc   0x00000004   Data   RW           16    .data.SystemCoreClock  system_hc32f46x.o
    0x1fff8020   0x000105e0   0x00000058   Data   RW         1336    .data.shellText     shell.o
    0x1fff8078        -       0x00000001   Zero   RW          948    .bss.DmaChEnState   hc32f46x_dmac.o
    0x1fff8079   0x00010638   0x00000001   PAD
    0x1fff807a        -       0x00001f40   Zero   RW         1552    .bss.FIFO_DataBuffer  fifo.o
    0x1fff9fba   0x00010638   0x00000002   PAD
    0x1fff9fbc        -       0x00000040   Zero   RW         1525    .bss.HardFaultRegs  segger_hardfaulthandler.o
    0x1fff9ffc        -       0x00000200   Zero   RW          654    .bss.IrqHandler     hc32f46x_interrupts.o
    0x1fffa1fc        -       0x00004000   Zero   RW         1183    .bss.JS_RTT_UpBuffer  app.o
    0x1fffe1fc        -       0x00000004   Zero   RW         1106    .bss.Timer_Counter  mytimer.o
    0x1fffe200        -       0x00000004   Zero   RW         1526    .bss._Continue      segger_hardfaulthandler.o
    0x1fffe204        -       0x00000078   Zero   RW         1492    .bss._SEGGER_RTT    segger_rtt.o
    0x1fffe27c        -       0x00000010   Zero   RW         1497    .bss._acDownBuffer  segger_rtt.o
    0x1fffe28c        -       0x00001000   Zero   RW         1496    .bss._acUpBuffer    segger_rtt.o
    0x1ffff28c        -       0x00000004   Zero   RW         1184    .bss.idle_process.last_tick  app.o
    0x1ffff290        -       0x00000022   Zero   RW         1047    .bss.m_au16Adc1SaValue  myadc.o
    0x1ffff2b2        -       0x00000012   Zero   RW         1048    .bss.m_au16Adc2SaValue  myadc.o
    0x1ffff2c4        -       0x00000004   Zero   RW           69    .bss.m_u32TickCount  hc32f46x_utility.o
    0x1ffff2c8        -       0x00000004   Zero   RW           68    .bss.m_u32TickStep  hc32f46x_utility.o
    0x1ffff2cc        -       0x00000004   Zero   RW         1168    .bss.next_state     app.o
    0x1ffff2d0        -       0x0000006c   Zero   RW         1408    .bss.shell          shell_port.o
    0x1ffff33c        -       0x00000009   Zero   RW         1363    .bss.shellGetCommandName.buffer  shell.o
    0x1ffff345   0x00010638   0x00000003   PAD
    0x1ffff348        -       0x00000014   Zero   RW         1335    .bss.shellList      shell.o
    0x1ffff35c        -       0x00000200   Zero   RW         1409    .bss.shell_buffer   shell_port.o
    0x1ffff55c        -       0x00000004   Zero   RW         1167    .bss.state          app.o
    0x1ffff560        -       0x00000008   Zero   RW         1638    .bss.stdout_putchar.buffer  retarget_io.o
    0x1ffff568        -       0x00000004   Zero   RW         1637    .bss.stdout_putchar.index  retarget_io.o
    0x1ffff56c   0x00010638   0x00000004   PAD
    0x1ffff570        -       0x00006000   Zero   RW            1    STACK               startup_hc32f46x.o


    Execution Region RW_IRAM2 (Exec base: 0x200f0000, Load base: 0x00010640, Size: 0x00000d24, Max: 0x00001000, ABSOLUTE, UNINIT)

    Exec Addr    Load Addr    Size         Type   Attr      Idx    E Section Name        Object

    0x200f0000   0x00010640   0x00000040   Code   RO         1587    .text.EventCheckFilter  eventrecorder.o
    0x200f0040   0x00010680   0x00000042   Code   RO         1573    .text.EventGetTS    eventrecorder.o
    0x200f0082   0x000106c2   0x00000002   PAD
    0x200f0084   0x000106c4   0x0000005c   Code   RO         1591    .text.EventRecord2  eventrecorder.o
    0x200f00e0   0x00010720   0x000001a6   Code   RO         1585    .text.EventRecordData  eventrecorder.o
    0x200f0286   0x000108c6   0x00000002   PAD
    0x200f0288   0x000108c8   0x00000100   Code   RO         1575    .text.EventRecordItem  eventrecorder.o
    0x200f0388   0x000109c8   0x00000094   Code   RO         1571    .text.EventRecorderEnable  eventrecorder.o
    0x200f041c   0x00010a5c   0x000001cc   Code   RO         1567    .text.EventRecorderInitialize  eventrecorder.o
    0x200f05e8   0x00010c28   0x0000004e   Code   RO         1577    .text.EventRecorderStart  eventrecorder.o
    0x200f0636   0x00010c76   0x00000002   PAD
    0x200f0638   0x00010c78   0x0000000c   Code   RO         1565    .text.EventRecorderTimerGetCount  eventrecorder.o
    0x200f0644   0x00010c84   0x0000000c   Code   RO         1563    .text.EventRecorderTimerGetFreq  eventrecorder.o
    0x200f0650   0x00010c90   0x00000024   Code   RO         1561    .text.EventRecorderTimerSetup  eventrecorder.o
    0x200f0674   0x00010cb4   0x00000012   Code   RO         1589    .text.GetContext    eventrecorder.o
    0x200f0686   0x00010cc6   0x00000002   PAD
    0x200f0688   0x00010cc8   0x00000012   Code   RO         1603    .text.GetRecordIndex  eventrecorder.o
    0x200f069a   0x00010cda   0x00000002   PAD
    0x200f069c   0x00010cdc   0x00000012   Code   RO         1597    .text.IncrementOverflowTS  eventrecorder.o
    0x200f06ae   0x00010cee   0x00000002   PAD
    0x200f06b0   0x00010cf0   0x00000012   Code   RO         1611    .text.IncrementRecordsDumped  eventrecorder.o
    0x200f06c2   0x00010d02   0x00000002   PAD
    0x200f06c4   0x00010d04   0x00000012   Code   RO         1609    .text.IncrementRecordsWritten  eventrecorder.o
    0x200f06d6   0x00010d16   0x00000002   PAD
    0x200f06d8   0x00010d18   0x00000036   Code   RO         1605    .text.LockRecord    eventrecorder.o
    0x200f070e   0x00010d4e   0x00000002   PAD
    0x200f0710   0x00010d50   0x00000032   Code   RO         1607    .text.UnlockRecord  eventrecorder.o
    0x200f0742   0x00010d82   0x00000002   PAD
    0x200f0744   0x00010d84   0x0000001a   Code   RO         1595    .text.UpdateTS      eventrecorder.o
    0x200f075e   0x00010d9e   0x00000002   PAD
    0x200f0760   0x00010da0   0x00000020   Code   RO         1601    .text.atomic_inc32  eventrecorder.o
    0x200f0780   0x00010dc0   0x00000024   Code   RO         1613    .text.atomic_inc8   eventrecorder.o
    0x200f07a4   0x00010de4   0x00000020   Code   RO         1599    .text.atomic_xch32  eventrecorder.o
    0x200f07c4   0x00010e04   0x00000086   Code   RO         1569    .text.crc16_ccitt   eventrecorder.o
    0x200f084a   0x00010e8a   0x0000000a   Ven    RO         1747    Veneer$$Code        anon$$obj.o
    0x200f0854   0x00010e94   0x0000000a   Ven    RO         1748    Veneer$$Code        anon$$obj.o
    0x200f085e   0x00010e9e   0x0000000a   Ven    RO         1749    Veneer$$Code        anon$$obj.o
    0x200f0868   0x00010ea8   0x00000018   Data   RO         1616    .rodata.EventRecorderInfo  eventrecorder.o
    0x200f0880        -       0x000004a4   Zero   RW         1615    .bss.noinit         eventrecorder.o


==============================================================================

Image component sizes


      Code (inc. data)   RO Data    RW Data    ZI Data      Debug   Object Name

      2388          4        747          0      16396      24499   app.o
      2100          0         24          0       1188       8503   eventrecorder.o
       368          0          0         20       8000       2385   fifo.o
        18          0          0          0          0        304   hardfaulthandler.o
      1710          0         29          0          0      32423   hc32f46x_adc.o
      4222         10         29          0          0      34262   hc32f46x_clk.o
      3160          4         30          0          1      32887   hc32f46x_dmac.o
       506          0         29          0          0       9943   hc32f46x_efm.o
      2364          0         30          0          0      23617   hc32f46x_gpio.o
     16760          0         36          0        512     124849   hc32f46x_interrupts.o
       616          0         29          0          0      55565   hc32f46x_pwc.o
      1916          0         32          0          0      22947   hc32f46x_timer0.o
      3300         30         32          0          0      36439   hc32f46x_timera.o
      3374         28         47          0          0      26305   hc32f46x_usart.o
       300          0         45          0          8      39880   hc32f46x_utility.o
        20          0          0          0          0        384   main.o
      1226         16         14          0         52      24626   myadc.o
       556          0        150          0          0       2877   myclk.o
       218          0          0          0          0       1924   myled.o
       594          0         31          0          4      15090   mytimer.o
       886          0          0          0          0      18161   myusart.o
       174          0          0          0         12       1955   retarget_io.o
       278          0          0          0         68       2686   segger_hardfaulthandler.o
      1030          0         20          0       4232      13171   segger_rtt.o
      2134         14         16          0          0       3814   segger_rtt_printf.o
      8202         12       1281         88         29      20599   shell.o
      1524          8          0          0          0       5236   shell_ext.o
       230          0         26          0        620       5992   shell_port.o
        92         26        640          0      24576        844   startup_hc32f46x.o
       390          6          0          8          0      13766   system_hc32f46x.o
       684          0         32          0          0      22818   timera_pwm.o

    ----------------------------------------------------------------------
     61964        158       3398        116      55708     628751   Object Totals
        70          0         48          0          0          0   (incl. Generated)
       554          0          1          0         10          0   (incl. Padding)

    ----------------------------------------------------------------------

      Code (inc. data)   RO Data    RW Data    ZI Data      Debug   Library Member Name

         0          0          0          0          0          0   entry.o
         0          0          0          0          0          0   entry10a.o
         0          0          0          0          0          0   entry11a.o
         8          4          0          0          0          0   entry2.o
         4          0          0          0          0          0   entry5.o
         0          0          0          0          0          0   entry7b.o
         0          0          0          0          0          0   entry8b.o
         8          4          0          0          0          0   entry9a.o
        30          0          0          0          0          0   handlers.o
        36          8          0          0          0         68   init.o
         0          0          0          0          0          0   iusefp.o
        30          0          0          0          0         68   llshl.o
        36          0          0          0          0         68   llsshr.o
        32          0          0          0          0         68   llushr.o
        36          0          0          0          0         68   memcpya.o
        36          0          0          0          0        108   memseta.o
      2258         90          0          0          0        452   printfa.o
         0          0          0          4          0          0   stdout.o
        28          0          0          0          0         76   strcmp.o
        18          0          0          0          0         68   strcpy.o
        14          0          0          0          0         68   strlen.o
        30          0          0          0          0         80   strncmp.o
        44          0          0          0          0         80   uidiv.o
        98          0          0          0          0         92   uldiv.o
        48          0          0          0          0         68   cdrcmple.o
       334          0          0          0          0        148   dadd.o
       222          0          0          0          0        100   ddiv.o
       186          0          0          0          0        176   depilogue.o
        48          0          0          0          0         68   dfixul.o
       228          0          0          0          0         96   dmul.o

    ----------------------------------------------------------------------
      3818        106          0          4          0       2020   Library Totals
         6          0          0          0          0          0   (incl. Padding)

    ----------------------------------------------------------------------

      Code (inc. data)   RO Data    RW Data    ZI Data      Debug   Library Name

      2746        106          0          4          0       1364   mc_w.l
      1066          0          0          0          0        656   mf_w.l

    ----------------------------------------------------------------------
      3818        106          0          4          0       2020   Library Totals

    ----------------------------------------------------------------------

==============================================================================


      Code (inc. data)   RO Data    RW Data    ZI Data      Debug   

     65782        264       3398        120      55708     629487   Grand Totals
     65782        264       3398        120      55708     629487   ELF Image Totals
     65782        264       3398        120          0          0   ROM Totals

==============================================================================

    Total RO  Size (Code + RO Data)                69180 (  67.56kB)
    Total RW  Size (RW Data + ZI Data)             55828 (  54.52kB)
    Total ROM Size (Code + RO Data + RW Data)      69300 (  67.68kB)

==============================================================================

