Component: ARM Compiler 6.16 Tool: armlink [5dfeaa00]

==============================================================================

Image Symbol Table

    Local Symbols

    Symbol Name                              Value     Ov Type        Size  Object(Section)

    ../clib/angel/boardlib.s                 0x00000000   Number         0  boardinit1.o ABSOLUTE
    ../clib/angel/boardlib.s                 0x00000000   Number         0  boardinit2.o ABSOLUTE
    ../clib/angel/boardlib.s                 0x00000000   Number         0  boardinit3.o ABSOLUTE
    ../clib/angel/boardlib.s                 0x00000000   Number         0  boardshut.o ABSOLUTE
    ../clib/angel/dczerorl.s                 0x00000000   Number         0  __dczerorl.o ABSOLUTE
    ../clib/angel/handlers.s                 0x00000000   Number         0  __scatter_zi.o ABSOLUTE
    ../clib/angel/kernel.s                   0x00000000   Number         0  __rtentry.o ABSOLUTE
    ../clib/angel/kernel.s                   0x00000000   Number         0  __rtentry2.o ABSOLUTE
    ../clib/angel/kernel.s                   0x00000000   Number         0  __rtentry4.o ABSOLUTE
    ../clib/angel/kernel.s                   0x00000000   Number         0  rtexit.o ABSOLUTE
    ../clib/angel/kernel.s                   0x00000000   Number         0  rtexit2.o ABSOLUTE
    ../clib/angel/rt.s                       0x00000000   Number         0  rt_ctype_table.o ABSOLUTE
    ../clib/angel/rt.s                       0x00000000   Number         0  rt_locale.o ABSOLUTE
    ../clib/angel/rt.s                       0x00000000   Number         0  rt_locale_intlibspace.o ABSOLUTE
    ../clib/angel/rt.s                       0x00000000   Number         0  rt_ddtor_pointer_addr.o ABSOLUTE
    ../clib/angel/rt.s                       0x00000000   Number         0  rt_ddtor_pointer_addr_intlibspace.o ABSOLUTE
    ../clib/angel/rt.s                       0x00000000   Number         0  rt_raise.o ABSOLUTE
    ../clib/angel/rt.s                       0x00000000   Number         0  rt_heap_descriptor.o ABSOLUTE
    ../clib/angel/rt.s                       0x00000000   Number         0  rt_heap_descriptor_intlibspace.o ABSOLUTE
    ../clib/angel/rt.s                       0x00000000   Number         0  rt_errno_addr.o ABSOLUTE
    ../clib/angel/rt.s                       0x00000000   Number         0  rt_errno_addr_intlibspace.o ABSOLUTE
    ../clib/angel/scatter.s                  0x00000000   Number         0  __scatter.o ABSOLUTE
    ../clib/angel/startup.s                  0x00000000   Number         0  __main.o ABSOLUTE
    ../clib/angel/sys.s                      0x00000000   Number         0  libspace.o ABSOLUTE
    ../clib/angel/sys.s                      0x00000000   Number         0  mutex_dummy.o ABSOLUTE
    ../clib/angel/sys.s                      0x00000000   Number         0  sys_stackheap_outer.o ABSOLUTE
    ../clib/angel/sys.s                      0x00000000   Number         0  use_no_semi.o ABSOLUTE
    ../clib/angel/sys.s                      0x00000000   Number         0  indicate_semi.o ABSOLUTE
    ../clib/angel/sysapp.c                   0x00000000   Number         0  sys_io_names.o ABSOLUTE
    ../clib/angel/sysapp.c                   0x00000000   Number         0  sys_io.o ABSOLUTE
    ../clib/angel/sysapp.c                   0x00000000   Number         0  sys_io_hlt.o ABSOLUTE
    ../clib/angel/sysapp.c                   0x00000000   Number         0  sys_command.o ABSOLUTE
    ../clib/angel/sysapp.c                   0x00000000   Number         0  sys_exit.o ABSOLUTE
    ../clib/angel/sysapp.c                   0x00000000   Number         0  sys_command_hlt.o ABSOLUTE
    ../clib/angel/sysapp.c                   0x00000000   Number         0  sys_exit_hlt.o ABSOLUTE
    ../clib/angel/sysapp.c                   0x00000000   Number         0  sys_wrch.o ABSOLUTE
    ../clib/angel/sysapp.c                   0x00000000   Number         0  sys_wrch_hlt.o ABSOLUTE
    ../clib/arm_runtime.c                    0x00000000   Number         0  init_aeabi.o ABSOLUTE
    ../clib/arm_runtime.c                    0x00000000   Number         0  init_aeabi.o ABSOLUTE
    ../clib/armsys.c                         0x00000000   Number         0  argv_veneer.o ABSOLUTE
    ../clib/armsys.c                         0x00000000   Number         0  argv_veneer.o ABSOLUTE
    ../clib/armsys.c                         0x00000000   Number         0  _get_argv.o ABSOLUTE
    ../clib/armsys.c                         0x00000000   Number         0  _get_argv_nomalloc.o ABSOLUTE
    ../clib/armsys.c                         0x00000000   Number         0  no_argv.o ABSOLUTE
    ../clib/bigflt.c                         0x00000000   Number         0  bigflt0.o ABSOLUTE
    ../clib/btod.s                           0x00000000   Number         0  btod.o ABSOLUTE
    ../clib/btod_accurate.c                  0x00000000   Number         0  btod_accurate.o ABSOLUTE
[...]
    _printf_longlong_oct                     0x08000881   Thumb Code    68  _printf_oct_int_ll.o(.text)
    _printf_int_oct                          0x080008c5   Thumb Code    24  _printf_oct_int_ll.o(.text)
    _printf_ll_oct                           0x080008dd   Thumb Code    12  _printf_oct_int_ll.o(.text)
    _printf_longlong_hex                     0x080008f1   Thumb Code    86  _printf_hex_int_ll_ptr.o(.text)
    _printf_int_hex                          0x08000947   Thumb Code    28  _printf_hex_int_ll_ptr.o(.text)
    _printf_ll_hex                           0x08000963   Thumb Code    12  _printf_hex_int_ll_ptr.o(.text)
    _printf_hex_ptr                          0x0800096f   Thumb Code    18  _printf_hex_int_ll_ptr.o(.text)
    __printf                                 0x08000985   Thumb Code   388  __printf_flags_ss_wp.o(.text)
    _initio                                  0x08000b0d   Thumb Code   210  initio.o(.text)
    _terminateio                             0x08000bdf   Thumb Code    56  initio.o(.text)
    __aeabi_atexit                           0x08000c45   Thumb Code    46  aeabi_atexit.o(.text)
    __aeabi_memcpy4                          0x08000c73   Thumb Code     0  rt_memcpy_w.o(.text)
    __aeabi_memcpy8                          0x08000c73   Thumb Code     0  rt_memcpy_w.o(.text)
    __rt_memcpy_w                            0x08000c73   Thumb Code   100  rt_memcpy_w.o(.text)
    _memcpy_lastbytes_aligned                0x08000cbb   Thumb Code     0  rt_memcpy_w.o(.text)
    __aeabi_memclr4                          0x08000cd7   Thumb Code     0  rt_memclr_w.o(.text)
    __aeabi_memclr8                          0x08000cd7   Thumb Code     0  rt_memclr_w.o(.text)
    __rt_memclr_w                            0x08000cd7   Thumb Code     0  rt_memclr_w.o(.text)
    _memset_w                                0x08000cdb   Thumb Code    74  rt_memclr_w.o(.text)
    __user_libspace                          0x08000d25   Thumb Code     8  libspace.o(.text)
    __user_perproc_libspace                  0x08000d25   Thumb Code     0  libspace.o(.text)
    __user_perthread_libspace                0x08000d25   Thumb Code     0  libspace.o(.text)
    __rt_ddtor_pointer_addr                  0x08000d2d   Thumb Code     8  rt_ddtor_pointer_addr_intlibspace.o(.text)
    malloc                                   0x08000d35   Thumb Code    94  h1_alloc.o(.text)
    free                                     0x08000d93   Thumb Code    78  h1_free.o(.text)
    _ll_udiv10                               0x08000de1   Thumb Code   138  lludiv10.o(.text)
    _printf_int_common                       0x08000e6b   Thumb Code   178  _printf_intcommon.o(.text)
    _printf_fp_dec_real                      0x080010cd   Thumb Code   620  _printf_fp_dec.o(.text)
    _printf_fp_hex_real                      0x08001339   Thumb Code   756  _printf_fp_hex.o(.text)
    _printf_char_common                      0x0800163f   Thumb Code    32  _printf_char_common.o(.text)
    _printf_cs_common                        0x08001665   Thumb Code    20  _printf_char.o(.text)
    _printf_char                             0x08001679   Thumb Code    16  _printf_char.o(.text)
    _printf_string                           0x08001689   Thumb Code     8  _printf_char.o(.text)
    _printf_lcs_common                       0x08001691   Thumb Code    20  _printf_wchar.o(.text)
    _printf_wchar                            0x080016a5   Thumb Code    16  _printf_wchar.o(.text)
    _printf_wstring                          0x080016b5   Thumb Code     8  _printf_wchar.o(.text)
    ferror                                   0x080016bd   Thumb Code     8  ferror.o(.text)
    setvbuf                                  0x080016c5   Thumb Code    70  setvbuf.o(.text)
    freopen                                  0x0800170d   Thumb Code   160  fopen.o(.text)
    fopen                                    0x080017ad   Thumb Code    74  fopen.o(.text)
    _fclose_internal                         0x080017fd   Thumb Code    76  fclose.o(.text)
    fclose                                   0x080017fd   Thumb Code     0  fclose.o(.text)
    _c16rtomb                                0x08001849   Thumb Code    72  _c16rtomb.o(.text)
    _wcrtomb                                 0x08001849   Thumb Code     0  _c16rtomb.o(.text)
    __cxa_finalize                           0x08001891   Thumb Code    66  cxa_finalize.o(.text)
    __rt_SIGRTRED                            0x080018d3   Thumb Code    14  defsig_rtred_outer.o(.text)
    _sys_open                                0x080018e1   Thumb Code    20  sys_io.o(.text)
    _sys_close                               0x080018f5   Thumb Code    12  sys_io.o(.text)
    _sys_write                               0x08001901   Thumb Code    16  sys_io.o(.text)
    _sys_read                                0x08001911   Thumb Code    14  sys_io.o(.text)
    _sys_istty                               0x0800191f   Thumb Code    12  sys_io.o(.text)
    _sys_seek                                0x0800192b   Thumb Code    14  sys_io.o(.text)
    _sys_ensure                              0x08001939   Thumb Code     2  sys_io.o(.text)
    _sys_flen                                0x0800193b   Thumb Code    12  sys_io.o(.text)
    __user_setup_stackheap                   0x08001947   Thumb Code    74  sys_stackheap_outer.o(.text)
    __rt_heap_descriptor                     0x08001991   Thumb Code     8  rt_heap_descriptor_intlibspace.o(.text)
    __use_no_heap                            0x08001999   Thumb Code     2  hguard.o(.text)
    __heap$guard                             0x0800199b   Thumb Code     2  hguard.o(.text)
    _terminate_user_alloc                    0x0800199d   Thumb Code     2  init_alloc.o(.text)
    _init_user_alloc                         0x0800199f   Thumb Code     2  init_alloc.o(.text)
    __Heap_Full                              0x080019a1   Thumb Code    34  init_alloc.o(.text)
    __Heap_Broken                            0x080019c3   Thumb Code     6  init_alloc.o(.text)
    _init_alloc                              0x080019c9   Thumb Code    94  init_alloc.o(.text)
    __Heap_Initialize                        0x08001a27   Thumb Code    10  h1_init.o(.text)
    __Heap_DescSize                          0x08001a31   Thumb Code     4  h1_init.o(.text)
    _printf_fp_infnan                        0x08001a35   Thumb Code   112  _printf_fp_infnan.o(.text)
    _btod_etento                             0x08001ab5   Thumb Code   224  bigflt0.o(.text)
    _fseek                                   0x08001b99   Thumb Code   242  fseek.o(.text)
    fseek                                    0x08001b99   Thumb Code     0  fseek.o(.text)
    _seterr                                  0x08001c91   Thumb Code    20  stdio.o(.text)
    _writebuf                                0x08001ca5   Thumb Code    84  stdio.o(.text)
    _fflush                                  0x08001cf9   Thumb Code    70  stdio.o(.text)
    _deferredlazyseek                        0x08001d3f   Thumb Code    60  stdio.o(.text)
    exit                                     0x08001d81   Thumb Code    18  exit.o(.text)
    __sig_exit                               0x08001d93   Thumb Code    10  defsig_exit.o(.text)
    __rt_SIGRTRED_inner                      0x08001d9d   Thumb Code    14  defsig_rtred_inner.o(.text)
    _sys_exit                                0x08001dd1   Thumb Code     8  sys_exit.o(.text)
    __I$use$semihosting                      0x08001ddd   Thumb Code     0  use_no_semi.o(.text)
    __use_no_semihosting_swi                 0x08001ddd   Thumb Code     2  use_no_semi.o(.text)
    __Heap_ProvideMemory                     0x08001ddf   Thumb Code    52  h1_extend.o(.text)
    __semihosting_library_function           0x08001ddf   Thumb Code     0  indicate_semi.o(.text)
    _maybe_terminate_alloc                   0x08001ddf   Thumb Code     0  maybetermalloc1.o(.text)
    _ftell_internal                          0x08001e13   Thumb Code    66  ftell.o(.text)
    ftell                                    0x08001e13   Thumb Code     0  ftell.o(.text)
    __default_signal_display                 0x08001e55   Thumb Code    50  defsig_general.o(.text)
    __rt_SIGRTMEM                            0x08001e87   Thumb Code    14  defsig_rtmem_outer.o(.text)
    _ttywrch                                 0x08001e95   Thumb Code    14  sys_wrch.o(.text)
    __aeabi_errno_addr                       0x08001ea5   Thumb Code     8  rt_errno_addr_intlibspace.o(.text)
    __errno$intlibspace                      0x08001ea5   Thumb Code     0  rt_errno_addr_intlibspace.o(.text)
    __rt_errno_addr$intlibspace              0x08001ea5   Thumb Code     0  rt_errno_addr_intlibspace.o(.text)
    __rt_SIGRTMEM_inner                      0x08001ead   Thumb Code    22  defsig_rtmem_inner.o(.text)
    ADC_ConfigClk                            0x08001efd   Thumb Code    56  n32g4fr_adc.o(.text.ADC_ConfigClk)
    ADC_ConfigRegularChannel                 0x08001f35   Thumb Code   424  n32g4fr_adc.o(.text.ADC_ConfigRegularChannel)
    ADC_Enable                               0x080020dd   Thumb Code    44  n32g4fr_adc.o(.text.ADC_Enable)
    ADC_EnableDMA                            0x08002109   Thumb Code    44  n32g4fr_adc.o(.text.ADC_EnableDMA)
    ADC_EnableSoftwareStartConv              0x08002135   Thumb Code    44  n32g4fr_adc.o(.text.ADC_EnableSoftwareStartConv)
    ADC_GetCalibrationStatus                 0x08002161   Thumb Code    46  n32g4fr_adc.o(.text.ADC_GetCalibrationStatus)
    ADC_GetFlagStatusNew                     0x08002191   Thumb Code    52  n32g4fr_adc.o(.text.ADC_GetFlagStatusNew)
    ADC_Init                                 0x080021c5   Thumb Code   154  n32g4fr_adc.o(.text.ADC_Init)
    ADC_StartCalibration                     0x08002261   Thumb Code    18  n32g4fr_adc.o(.text.ADC_StartCalibration)
    BusFault_Handler                         0x08002275   Thumb Code     4  n32g4fr_it.o(.text.BusFault_Handler)
    DMA_DeInit                               0x08002279   Thumb Code   580  n32g4fr_dma.o(.text.DMA_DeInit)
    DMA_EnableChannel                        0x080024bd   Thumb Code    46  n32g4fr_dma.o(.text.DMA_EnableChannel)
    DMA_Init                                 0x080024ed   Thumb Code   108  n32g4fr_dma.o(.text.DMA_Init)
    DebugMon_Handler                         0x08002559   Thumb Code     2  n32g4fr_it.o(.text.DebugMon_Handler)
    FIFO_GetDataCount                        0x0800255d   Thumb Code    12  fifo.o(.text.FIFO_GetDataCount)
    FIFO_Init                                0x08002569   Thumb Code    26  fifo.o(.text.FIFO_Init)
    FIFO_IsDataEmpty                         0x08002585   Thumb Code    36  fifo.o(.text.FIFO_IsDataEmpty)
    FIFO_ReadData                            0x080025a9   Thumb Code   160  fifo.o(.text.FIFO_ReadData)
    FIFO_WriteData                           0x08002649   Thumb Code   116  fifo.o(.text.FIFO_WriteData)
    FIFO_WriteOneData                        0x080026bd   Thumb Code    24  fifo.o(.text.FIFO_WriteOneData)
    GPIO_InitPeripheral                      0x080026d5   Thumb Code   390  n32g4fr_gpio.o(.text.GPIO_InitPeripheral)
    GPIO_ReadInputDataBit                    0x0800285d   Thumb Code    52  n32g4fr_gpio.o(.text.GPIO_ReadInputDataBit)
    HardFaultHandler                         0x08002891   Thumb Code   276  segger_hardfaulthandler.o(.text.HardFaultHandler)
    MemManage_Handler                        0x080029a5   Thumb Code     4  n32g4fr_it.o(.text.MemManage_Handler)
    NMI_Handler                              0x080029a9   Thumb Code     2  n32g4fr_it.o(.text.NMI_Handler)
    NVIC_Init                                0x080029ad   Thumb Code   170  misc.o(.text.NVIC_Init)
    NVIC_PriorityGroupConfig                 0x08002a59   Thumb Code    28  misc.o(.text.NVIC_PriorityGroupConfig)
    RCC_ConfigAdc1mClk                       0x08002a75   Thumb Code    62  n32g4fr_rcc.o(.text.RCC_ConfigAdc1mClk)
    RCC_ConfigAdcHclk                        0x08002ab5   Thumb Code    44  n32g4fr_rcc.o(.text.RCC_ConfigAdcHclk)
    RCC_ConfigAdcPllClk                      0x08002ae1   Thumb Code    84  n32g4fr_rcc.o(.text.RCC_ConfigAdcPllClk)
    RCC_ConfigPclk1                          0x08002b35   Thumb Code    44  n32g4fr_rcc.o(.text.RCC_ConfigPclk1)
    RCC_EnableAHBPeriphClk                   0x08002b61   Thumb Code    56  n32g4fr_rcc.o(.text.RCC_EnableAHBPeriphClk)
    RCC_EnableAPB1PeriphClk                  0x08002b99   Thumb Code    56  n32g4fr_rcc.o(.text.RCC_EnableAPB1PeriphClk)
    RCC_EnableAPB2PeriphClk                  0x08002bd1   Thumb Code    56  n32g4fr_rcc.o(.text.RCC_EnableAPB2PeriphClk)
    RCC_GetClocksFreqValue                   0x08002c09   Thumb Code   452  n32g4fr_rcc.o(.text.RCC_GetClocksFreqValue)
    SEGGER_RTT_ConfigUpBuffer                0x08002dcd   Thumb Code   160  segger_rtt.o(.text.SEGGER_RTT_ConfigUpBuffer)
    SEGGER_RTT_Init                          0x08002e6d   Thumb Code     8  segger_rtt.o(.text.SEGGER_RTT_Init)
    SEGGER_RTT_Write                         0x08002e75   Thumb Code    76  segger_rtt.o(.text.SEGGER_RTT_Write)
    SEGGER_RTT_WriteNoLock                   0x08002ec1   Thumb Code   176  segger_rtt.o(.text.SEGGER_RTT_WriteNoLock)
    SEGGER_RTT_printf                        0x08002f71   Thumb Code    42  segger_rtt_printf.o(.text.SEGGER_RTT_printf)
    SEGGER_RTT_vprintf                       0x08002f9d   Thumb Code   828  segger_rtt_printf.o(.text.SEGGER_RTT_vprintf)
    SVC_Handler                              0x080032d9   Thumb Code     2  n32g4fr_it.o(.text.SVC_Handler)
    SysTick_Handler                          0x08003425   Thumb Code    32  n32g4fr_it.o(.text.SysTick_Handler)
    SystemInit                               0x08003445   Thumb Code   204  system_n32g4fr.o(.text.SystemInit)
    TIM1_CC_IRQHandler                       0x08003511   Thumb Code   234  n32g4fr_it.o(.text.TIM1_CC_IRQHandler)
    TIM_ClrIntPendingBit                     0x080035fd   Thumb Code    20  n32g4fr_tim.o(.text.TIM_ClrIntPendingBit)
    TIM_ConfigArPreload                      0x08003611   Thumb Code    44  n32g4fr_tim.o(.text.TIM_ConfigArPreload)
    TIM_ConfigInt                            0x0800363d   Thumb Code    52  n32g4fr_tim.o(.text.TIM_ConfigInt)
    TIM_ConfigOc3Preload                     0x08003671   Thumb Code    60  n32g4fr_tim.o(.text.TIM_ConfigOc3Preload)
    TIM_ConfigOc4Preload                     0x080036ad   Thumb Code    62  n32g4fr_tim.o(.text.TIM_ConfigOc4Preload)
    TIM_Enable                               0x080036ed   Thumb Code    44  n32g4fr_tim.o(.text.TIM_Enable)
    TIM_EnableCtrlPwmOutputs                 0x08003719   Thumb Code    52  n32g4fr_tim.o(.text.TIM_EnableCtrlPwmOutputs)
    TIM_GetIntStatus                         0x0800374d   Thumb Code    72  n32g4fr_tim.o(.text.TIM_GetIntStatus)
    TIM_InitOc3                              0x08003795   Thumb Code   262  n32g4fr_tim.o(.text.TIM_InitOc3)
    TIM_InitOc4                              0x0800389d   Thumb Code   206  n32g4fr_tim.o(.text.TIM_InitOc4)
    TIM_InitTimeBase                         0x0800396d   Thumb Code   756  n32g4fr_tim.o(.text.TIM_InitTimeBase)
    USART3_IRQHandler                        0x08003c61   Thumb Code   124  n32g4fr_it.o(.text.USART3_IRQHandler)
    USART_ConfigInt                          0x08003cdd   Thumb Code   146  n32g4fr_usart.o(.text.USART_ConfigInt)
    USART_Enable                             0x08003d71   Thumb Code    44  n32g4fr_usart.o(.text.USART_Enable)
    USART_GetFlagStatus                      0x08003d9d   Thumb Code    68  n32g4fr_usart.o(.text.USART_GetFlagStatus)
    USART_GetIntStatus                       0x08003de1   Thumb Code   176  n32g4fr_usart.o(.text.USART_GetIntStatus)
    USART_Init                               0x08003e91   Thumb Code   292  n32g4fr_usart.o(.text.USART_Init)
    USART_ReceiveData                        0x08003fb5   Thumb Code    16  n32g4fr_usart.o(.text.USART_ReceiveData)
    USART_SendData                           0x08003fc5   Thumb Code    24  n32g4fr_usart.o(.text.USART_SendData)
    UsageFault_Handler                       0x08003fdd   Thumb Code     4  n32g4fr_it.o(.text.UsageFault_Handler)
    shell_ls_cmd(char, char*)                0x08004639   Thumb Code   278  nr_micro_shell_commands.o(.text._Z12shell_ls_cmdcPc)
    shell_mode_cmd(char, char*)              0x08004751   Thumb Code   156  nr_micro_shell_commands.o(.text._Z14shell_mode_cmdcPc)
    shell_quit_cmd(char, char*)              0x080047ed   Thumb Code    42  nr_micro_shell_commands.o(.text._Z14shell_quit_cmdcPc)
    shell_hexdump_cmd(char, char*)           0x08004819   Thumb Code   120  nr_micro_shell_commands.o(.text._Z17shell_hexdump_cmdcPc)
    loop()                                   0x08004891   Thumb Code    16  main.o(.text._Z4loopv)
    setup()                                  0x080048a1   Thumb Code     8  main.o(.text._Z5setupv)
    Do::low()                                0x08004969   Thumb Code    16  do.o(.text._ZN2Do3lowEv)
    Do::high()                               0x08004979   Thumb Code    16  do.o(.text._ZN2Do4highEv)
    Do::toggle()                             0x08004989   Thumb Code    20  do.o(.text._ZN2Do6toggleEv)
    Do::init_pin(GPIO_Module*, unsigned short) 0x0800499d   Thumb Code   270  do.o(.text._ZN2Do8init_pinEP11GPIO_Modulet)
    Do::Do()                                 0x08004aad   Thumb Code    10  do.o(.text._ZN2DoC2Ev)
    Do::Do__sub_object()                     0x08004aad   Thumb Code    10  do.o(.text._ZN2DoC2Ev)
    Do::~Do()                                0x08004ab9   Thumb Code    10  do.o(.text._ZN2DoD2Ev)
    Do::~Do__sub_object()                    0x08004ab9   Thumb Code    10  do.o(.text._ZN2DoD2Ev)
    Adc::init_timer()                        0x08004ac5   Thumb Code   236  adc.o(.text._ZN3Adc10init_timerEv)
    Adc::enable_timer_pwm()                  0x08004bb1   Thumb Code    24  adc.o(.text._ZN3Adc16enable_timer_pwmEv)
    Adc::disable_timer_pwm()                 0x08004bc9   Thumb Code    24  adc.o(.text._ZN3Adc17disable_timer_pwmEv)
    Adc::init()                              0x08004be1   Thumb Code    68  adc.o(.text._ZN3Adc4initEv)
    Adc::init_adc()                          0x08004c25   Thumb Code   290  adc.o(.text._ZN3Adc8init_adcEv)
    Adc::init_dma()                          0x08004d49   Thumb Code   188  adc.o(.text._ZN3Adc8init_dmaEv)
    Adc::init_pin(GPIO_Module*, unsigned int) 0x08004e05   Thumb Code    34  adc.o(.text._ZN3Adc8init_pinEP11GPIO_Modulej)
    Adc::Adc()                               0x08004e29   Thumb Code    20  adc.o(.text._ZN3AdcC2Ev)
    Adc::Adc__sub_object()                   0x08004e29   Thumb Code    20  adc.o(.text._ZN3AdcC2Ev)
    Adc::~Adc()                              0x08004e3d   Thumb Code    10  adc.o(.text._ZN3AdcD2Ev)
    Adc::~Adc__sub_object()                  0x08004e3d   Thumb Code    10  adc.o(.text._ZN3AdcD2Ev)
    App::idle_process()                      0x08004e49   Thumb Code    52  app.o(.text._ZN3App12idle_processEv)
    App::uart_process()                      0x08004e7d   Thumb Code    14  app.o(.text._ZN3App12uart_processEv)
    App::error_process()                     0x08004e8d   Thumb Code    40  app.o(.text._ZN3App13error_processEv)
    App::sent_sample_data()                  0x08004eb5   Thumb Code    80  app.o(.text._ZN3App16sent_sample_dataEv)
    App::run()                               0x08004f05   Thumb Code    74  app.o(.text._ZN3App3runEv)
    App::App()                               0x08004f51   Thumb Code    32  app.o(.text._ZN3AppC2Ev)
    App::App__sub_object()                   0x08004f51   Thumb Code    32  app.o(.text._ZN3AppC2Ev)
    App::~App()                              0x08004f71   Thumb Code    10  app.o(.text._ZN3AppD2Ev)
    App::~App__sub_object()                  0x08004f71   Thumb Code    10  app.o(.text._ZN3AppD2Ev)
    Clk::print_clock()                       0x08004f7d   Thumb Code   116  clk.o(.text._ZN3Clk11print_clockEv)
    Clk::Clk()                               0x08004ff1   Thumb Code   140  clk.o(.text._ZN3ClkC2Ev)
    Clk::Clk__sub_object()                   0x08004ff1   Thumb Code   140  clk.o(.text._ZN3ClkC2Ev)
    Clk::~Clk()                              0x0800507d   Thumb Code    10  clk.o(.text._ZN3ClkD2Ev)
    Clk::~Clk__sub_object()                  0x0800507d   Thumb Code    10  clk.o(.text._ZN3ClkD2Ev)
    Rtt::init()                              0x08005089   Thumb Code   126  rtt.o(.text._ZN3Rtt4initEv)
    Rtt::Rtt()                               0x08005109   Thumb Code    20  rtt.o(.text._ZN3RttC2Ev)
    Rtt::Rtt__sub_object()                   0x08005109   Thumb Code    20  rtt.o(.text._ZN3RttC2Ev)
    Rtt::~Rtt()                              0x0800511d   Thumb Code    10  rtt.o(.text._ZN3RttD2Ev)
    Rtt::~Rtt__sub_object()                  0x0800511d   Thumb Code    10  rtt.o(.text._ZN3RttD2Ev)
    Uart::init(unsigned int)                 0x08005129   Thumb Code    78  uart.o(.text._ZN4Uart4initEj)
    Uart::init_pin()                         0x08005179   Thumb Code    78  uart.o(.text._ZN4Uart8init_pinEv)
    Uart::init_nvic()                        0x080051c9   Thumb Code    42  uart.o(.text._ZN4Uart9init_nvicEv)
    Uart::Uart()                             0x080051f5   Thumb Code    36  uart.o(.text._ZN4UartC2Ev)
    Uart::Uart__sub_object()                 0x080051f5   Thumb Code    36  uart.o(.text._ZN4UartC2Ev)
    Uart::~Uart()                            0x08005219   Thumb Code    10  uart.o(.text._ZN4UartD2Ev)
    Uart::~Uart__sub_object()                0x08005219   Thumb Code    10  uart.o(.text._ZN4UartD2Ev)
    Shell::init()                            0x08005225   Thumb Code    34  shell.o(.text._ZN5Shell4initEv)
    Shell::Shell()                           0x08005249   Thumb Code    20  shell.o(.text._ZN5ShellC2Ev)
    Shell::Shell__sub_object()               0x08005249   Thumb Code    20  shell.o(.text._ZN5ShellC2Ev)
    Shell::~Shell()                          0x0800525d   Thumb Code    10  shell.o(.text._ZN5ShellD2Ev)
    Shell::~Shell__sub_object()              0x0800525d   Thumb Code    10  shell.o(.text._ZN5ShellD2Ev)
    Systick::init()                          0x08005269   Thumb Code    56  systick.o(.text._ZN7Systick4initEv)
    Systick::delay_ms(unsigned int)          0x080052a1   Thumb Code    40  systick.o(.text._ZN7Systick8delay_msEj)
    Systick::Systick()                       0x080052c9   Thumb Code    20  systick.o(.text._ZN7SystickC2Ev)
    Systick::Systick__sub_object()           0x080052c9   Thumb Code    20  systick.o(.text._ZN7SystickC2Ev)
    Systick::~Systick()                      0x080052dd   Thumb Code    10  systick.o(.text._ZN7SystickD2Ev)
    Systick::~Systick__sub_object()          0x080052dd   Thumb Code    10  systick.o(.text._ZN7SystickD2Ev)
    DWTDelay::init(unsigned int)             0x080052e9   Thumb Code    48  dwtdelay.o(.text._ZN8DWTDelay4initEj)
    DWTDelay::DWTDelay()                     0x08005319   Thumb Code    30  dwtdelay.o(.text._ZN8DWTDelayC2Ev)
    DWTDelay::DWTDelay__sub_object()         0x08005319   Thumb Code    30  dwtdelay.o(.text._ZN8DWTDelayC2Ev)
    DWTDelay::~DWTDelay()                    0x08005339   Thumb Code    10  dwtdelay.o(.text._ZN8DWTDelayD2Ev)
    DWTDelay::~DWTDelay__sub_object()        0x08005339   Thumb Code    10  dwtdelay.o(.text._ZN8DWTDelayD2Ev)
    Hardware::Hardware()                     0x08005345   Thumb Code   160  hardware.o(.text._ZN8HardwareC2Ev)
    Hardware::Hardware__sub_object()         0x08005345   Thumb Code   160  hardware.o(.text._ZN8HardwareC2Ev)
    Hardware::~Hardware()                    0x080053e5   Thumb Code    68  hardware.o(.text._ZN8HardwareD2Ev)
    Hardware::~Hardware__sub_object()        0x080053e5   Thumb Code    68  hardware.o(.text._ZN8HardwareD2Ev)
    _shell_init                              0x08005531   Thumb Code   214  nr_micro_shell.o(.text._shell_init)
    ansi_clear_current_line                  0x08005609   Thumb Code    30  ansi.o(.text.ansi_clear_current_line)
    ansi_get_char                            0x08005629   Thumb Code   372  ansi.o(.text.ansi_get_char)
    ansi_init                                0x0800579d   Thumb Code    42  ansi.o(.text.ansi_init)
    ansi_search_char                         0x080057c9   Thumb Code    98  ansi.o(.text.ansi_search_char)
    ansi_show_str                            0x0800582d   Thumb Code    56  ansi_port.o(.text.ansi_show_str)
    fputc                                    0x08005865   Thumb Code    52  bsp.o(.text.fputc)
    hexdump                                  0x08005899   Thumb Code   824  bsp.o(.text.hexdump)
    main                                     0x08005bd1   Thumb Code    20  main.o(.text.main)
    memory_init                              0x08005be5   Thumb Code   154  bsp.o(.text.memory_init)
    nr_ansi_common_char_slover               0x08005c81   Thumb Code   212  ansi_port.o(.text.nr_ansi_common_char_slover)
    nr_ansi_ctrl_common_slover               0x08005d55   Thumb Code    62  ansi_port.o(.text.nr_ansi_ctrl_common_slover)
    nr_ansi_in__                             0x08005d95   Thumb Code   108  ansi_port.o(.text.nr_ansi_in__)
    nr_ansi_in_backspace                     0x08005e01   Thumb Code   108  ansi_port.o(.text.nr_ansi_in_backspace)
    nr_ansi_in_down                          0x08005e6d   Thumb Code   164  ansi_port.o(.text.nr_ansi_in_down)
    nr_ansi_in_enter                         0x08005f11   Thumb Code    60  ansi_port.o(.text.nr_ansi_in_enter)
    nr_ansi_in_left                          0x08005f4d   Thumb Code    44  ansi_port.o(.text.nr_ansi_in_left)
    nr_ansi_in_newline                       0x08005f79   Thumb Code    50  ansi_port.o(.text.nr_ansi_in_newline)
    nr_ansi_in_right                         0x08005fad   Thumb Code    48  ansi_port.o(.text.nr_ansi_in_right)
    nr_ansi_in_tab                           0x08005fdd   Thumb Code   254  ansi_port.o(.text.nr_ansi_in_tab)
    nr_ansi_in_up                            0x080060dd   Thumb Code   168  ansi_port.o(.text.nr_ansi_in_up)
    shell_cmd_complete                       0x08006291   Thumb Code   186  nr_micro_shell.o(.text.shell_cmd_complete)
    shell_his_copy_queue_item                0x0800634d   Thumb Code   376  nr_micro_shell.o(.text.shell_his_copy_queue_item)
    shell_his_queue_add_cmd                  0x080064c5   Thumb Code   366  nr_micro_shell.o(.text.shell_his_queue_add_cmd)
    shell_his_queue_init                     0x08006635   Thumb Code    34  nr_micro_shell.o(.text.shell_his_queue_init)
    shell_his_queue_search_cmd               0x08006659   Thumb Code   380  nr_micro_shell.o(.text.shell_his_queue_search_cmd)
    shell_parser                             0x080067d5   Thumb Code   360  nr_micro_shell.o(.text.shell_parser)
    shell_search_cmd                         0x0800693d   Thumb Code    98  nr_micro_shell.o(.text.shell_search_cmd)
    _btod_d2e                                0x0800699f   Thumb Code    62  btod.o(CL$$btod_d2e)
    _d2e_denorm_low                          0x080069dd   Thumb Code    70  btod.o(CL$$btod_d2e_denorm_low)
    _d2e_norm_op1                            0x08006a23   Thumb Code    96  btod.o(CL$$btod_d2e_norm_op1)
    __btod_div_common                        0x08006a85   Thumb Code   696  btod.o(CL$$btod_div_common)
    _e2e                                     0x08006dbd   Thumb Code   220  btod.o(CL$$btod_e2e)
    _btod_ediv                               0x08006e99   Thumb Code    42  btod.o(CL$$btod_ediv)
    _btod_emul                               0x08006ec3   Thumb Code    42  btod.o(CL$$btod_emul)
    __btod_mult_common                       0x08006eed   Thumb Code   580  btod.o(CL$$btod_mult_common)
    HardFault_Handler                        0x08007131   Thumb Code     0  hardfaulthandler.o(OSKERNEL)
    __ARM_fpclassify                         0x08007143   Thumb Code    48  fpclassify.o(i.__ARM_fpclassify)
    _is_digit                                0x08007173   Thumb Code    14  __printf_wp.o(i._is_digit)
    _get_lc_ctype                            0x08007181   Thumb Code    44  lc_ctype_c.o(locale$$code)
    _get_lc_numeric                          0x080071ad   Thumb Code    44  lc_numeric_c.o(locale$$code)
    _fp_init                                 0x080071d9   Thumb Code    26  fpinit.o(x$fpl$fpinit)
    __fplib_config_fpu_vfp                   0x080071f1   Thumb Code     0  fpinit.o(x$fpl$fpinit)
    __fplib_config_pureend_doubles           0x080071f1   Thumb Code     0  fpinit.o(x$fpl$fpinit)
    _printf_fp_dec                           0x080071f3   Thumb Code     4  printf1.o(x$fpl$printf1)
    _printf_fp_hex                           0x080071f7   Thumb Code     4  printf2.o(x$fpl$printf2)
    __I$use$fp                               0x080071fa   Number         0  usenofp.o(x$fpl$usenofp)
    __stdin_name                             0x0800723d   Data           4  sys_io_names.o(.constdata)
    __stdout_name                            0x08007241   Data           4  sys_io_names.o(.constdata)
    __stderr_name                            0x08007245   Data           4  sys_io_names.o(.constdata)
    nr_ansi_in_cmd                           0x08007314   Data          21  ansi.o(.rodata.nr_ansi_in_cmd)
    nr_ansi_in_cmd_fun                       0x0800732c   Data          80  ansi.o(.rodata.nr_ansi_in_cmd_fun)
    nr_ansi_in_special_symbol                0x0800737c   Data           5  ansi.o(.rodata.nr_ansi_in_special_symbol)
    nr_ansi_in_special_symbol_fun            0x08007384   Data          16  ansi.o(.rodata.nr_ansi_in_special_symbol_fun)
    _nr_cmd_start_                           0x08007394   Data          20  nr_micro_shell.o(.rodata.nr_shell_cmd0.end)
    _nr_cmd_end_                             0x080073a8   Data          20  nr_micro_shell.o(.rodata.nr_shell_cmd1.end)
    static_cmd                               0x080073fc   Data         100  nr_micro_shell_commands.o(.rodata.static_cmd)
    Region$$Table$$Base                      0x080078f8   Number         0  anon$$obj.o(Region$$Table)
    Region$$Table$$Limit                     0x08007918   Number         0  anon$$obj.o(Region$$Table)
    __ctype                                  0x08007925   Data           0  lc_ctype_c.o(locale$$data)
    SHT$$INIT_ARRAY$$Base                    0x08007a44   Number         0  main.o(.init_array)
    SHT$$INIT_ARRAY$$Limit                   0x08007a48   Number         0  init_aeabi.o(.init_array)
    __aeabi_stdin                            0x20000000   Data           4  stdio_streams.o(.data)
    __aeabi_stdout                           0x20000004   Data           4  stdio_streams.o(.data)
    __aeabi_stderr                           0x20000008   Data           4  stdio_streams.o(.data)
    FIFO_Data                                0x2000000c   Data          20  fifo.o(.data.FIFO_Data)
    SystemCoreClock                          0x20000020   Data           4  system_n32g4fr.o(.data.SystemCoreClock)
    nr_shell                                 0x20000024   Data         316  nr_micro_shell.o(.data.nr_shell)
    __stdin                                  0x20000160   Data          84  stdio_streams.o(.bss)
    __stdout                                 0x200001b4   Data          84  stdio_streams.o(.bss)
    __stderr                                 0x20000208   Data          84  stdio_streams.o(.bss)
    __libspace_start                         0x2000025c   Data          96  libspace.o(.bss)
    FIFO_DataBuffer                          0x200002bc   Data       16000  fifo.o(.bss.FIFO_DataBuffer)
    __temporary_stack_top$libspace           0x200002bc   Data           0  libspace.o(.bss)
    _SEGGER_RTT                              0x20004180   Data         168  segger_rtt.o(.bss._SEGGER_RTT)
    adc_value                                0x20004638   Data           8  n32g4fr_it.o(.bss.adc_value)
    app                                      0x20004640   Data        4002  main.o(.bss.app)
    delay                                    0x200055e4   Data           4  systick.o(.bss.delay)
    dwt                                      0x200055e8   Data           4  main.o(.bss.dwt)
    g_light_adc_value                        0x200055ec   Data           2  n32g4fr_it.o(.bss.g_light_adc_value)
    g_radar_if_adc_value                     0x200055ee   Data           2  n32g4fr_it.o(.bss.g_radar_if_adc_value)
    hardware_n32_ch2840adx                   0x200055f0   Data          44  main.o(.bss.hardware_n32_ch2840adx)
    nr                                       0x2000561c   Data           1  main.o(.bss.nr)
    nr_ansi                                  0x20005620   Data         132  ansi.o(.bss.nr_ansi)
    segger_cb                                0x200056a8   Data       32768  main.o(.bss.segger_cb)
    tick                                     0x2000d6a8   Data           1  main.o(.bss.tick)



==============================================================================

Memory Map of the image

  Image Entry point : 0x08000199

  Load Region LR_IROM1 (Base: 0x08000000, Size: 0x00007ba8, Max: 0x00080000, ABSOLUTE, COMPRESSED[0x00007a78])

    Execution Region ER_IROM1 (Exec base: 0x08000000, Load base: 0x08000000, Size: 0x00007a48, Max: 0x00080000, ABSOLUTE)

    Exec Addr    Load Addr    Size         Type   Attr      Idx    E Section Name        Object

    0x08000000   0x08000000   0x00000198   Data   RO          372    RESET               startup_n32g4fr.o
    0x08000198   0x08000198   0x00000008   Code   RO         1882  * !!!main             c_w.l(__main.o)
    0x080001a0   0x080001a0   0x00000034   Code   RO         2388    !!!scatter          c_w.l(__scatter.o)
    0x080001d4   0x080001d4   0x0000003a   Code   RO         2386    !!dczerorl          c_w.l(__dczerorl.o)
    0x0800020e   0x0800020e   0x00000002   PAD
    0x08000210   0x08000210   0x0000001c   Code   RO         2390    !!handler_zi        c_w.l(__scatter_zi.o)
    0x0800022c   0x0800022c   0x00000000   Code   RO         1975    .ARM.Collect$$_printf_percent$$00000000  c_w.l(_printf_percent.o)
    0x0800022c   0x0800022c   0x00000006   Code   RO         1964    .ARM.Collect$$_printf_percent$$00000001  c_w.l(_printf_n.o)
    0x08000232   0x08000232   0x00000006   Code   RO         1966    .ARM.Collect$$_printf_percent$$00000002  c_w.l(_printf_p.o)
    0x08000238   0x08000238   0x00000006   Code   RO         1971    .ARM.Collect$$_printf_percent$$00000003  c_w.l(_printf_f.o)
    0x0800023e   0x0800023e   0x00000006   Code   RO         1972    .ARM.Collect$$_printf_percent$$00000004  c_w.l(_printf_e.o)
    0x08000244   0x08000244   0x00000006   Code   RO         1973    .ARM.Collect$$_printf_percent$$00000005  c_w.l(_printf_g.o)
    0x0800024a   0x0800024a   0x00000006   Code   RO         1974    .ARM.Collect$$_printf_percent$$00000006  c_w.l(_printf_a.o)
    0x08000250   0x08000250   0x0000000a   Code   RO         1979    .ARM.Collect$$_printf_percent$$00000007  c_w.l(_printf_ll.o)
    0x0800025a   0x0800025a   0x00000006   Code   RO         1968    .ARM.Collect$$_printf_percent$$00000008  c_w.l(_printf_i.o)
    0x08000260   0x08000260   0x00000006   Code   RO         1969    .ARM.Collect$$_printf_percent$$00000009  c_w.l(_printf_d.o)
    0x08000266   0x08000266   0x00000006   Code   RO         1970    .ARM.Collect$$_printf_percent$$0000000A  c_w.l(_printf_u.o)
    0x0800026c   0x0800026c   0x00000006   Code   RO         1967    .ARM.Collect$$_printf_percent$$0000000B  c_w.l(_printf_o.o)
    0x08000272   0x08000272   0x00000006   Code   RO         1965    .ARM.Collect$$_printf_percent$$0000000C  c_w.l(_printf_x.o)
    0x08000278   0x08000278   0x00000006   Code   RO         1976    .ARM.Collect$$_printf_percent$$0000000D  c_w.l(_printf_lli.o)
    0x0800027e   0x0800027e   0x00000006   Code   RO         1977    .ARM.Collect$$_printf_percent$$0000000E  c_w.l(_printf_lld.o)
    0x08000284   0x08000284   0x00000006   Code   RO         1978    .ARM.Collect$$_printf_percent$$0000000F  c_w.l(_printf_llu.o)
    0x0800028a   0x0800028a   0x00000006   Code   RO         1983    .ARM.Collect$$_printf_percent$$00000010  c_w.l(_printf_llo.o)
    0x08000290   0x08000290   0x00000006   Code   RO         1984    .ARM.Collect$$_printf_percent$$00000011  c_w.l(_printf_llx.o)
    0x08000296   0x08000296   0x0000000a   Code   RO         1980    .ARM.Collect$$_printf_percent$$00000012  c_w.l(_printf_l.o)
    0x080002a0   0x080002a0   0x00000006   Code   RO         1962    .ARM.Collect$$_printf_percent$$00000013  c_w.l(_printf_c.o)
    0x080002a6   0x080002a6   0x00000006   Code   RO         1963    .ARM.Collect$$_printf_percent$$00000014  c_w.l(_printf_s.o)
    0x080002ac   0x080002ac   0x00000006   Code   RO         1981    .ARM.Collect$$_printf_percent$$00000015  c_w.l(_printf_lc.o)
    0x080002b2   0x080002b2   0x00000006   Code   RO         1982    .ARM.Collect$$_printf_percent$$00000016  c_w.l(_printf_ls.o)
    0x080002b8   0x080002b8   0x00000004   Code   RO         2166    .ARM.Collect$$_printf_percent$$00000017  c_w.l(_printf_percent_end.o)
    0x080002bc   0x080002bc   0x00000002   Code   RO         2297    .ARM.Collect$$libinit$$00000000  c_w.l(libinit.o)
    0x080002be   0x080002be   0x00000004   Code   RO         2002    .ARM.Collect$$libinit$$00000001  c_w.l(libinit2.o)
    0x080002c2   0x080002c2   0x00000000   Code   RO         2005    .ARM.Collect$$libinit$$00000004  c_w.l(libinit2.o)
    0x080002c2   0x080002c2   0x00000008   Code   RO         2006    .ARM.Collect$$libinit$$00000005  c_w.l(libinit2.o)
    0x080002ca   0x080002ca   0x00000000   Code   RO         2008    .ARM.Collect$$libinit$$0000000A  c_w.l(libinit2.o)
    0x080002ca   0x080002ca   0x00000000   Code   RO         2010    .ARM.Collect$$libinit$$0000000C  c_w.l(libinit2.o)
    0x080002ca   0x080002ca   0x00000000   Code   RO         2012    .ARM.Collect$$libinit$$0000000E  c_w.l(libinit2.o)
    0x080002ca   0x080002ca   0x00000006   Code   RO         2013    .ARM.Collect$$libinit$$0000000F  c_w.l(libinit2.o)
    0x080002d0   0x080002d0   0x00000000   Code   RO         2015    .ARM.Collect$$libinit$$00000011  c_w.l(libinit2.o)
    0x080002d0   0x080002d0   0x0000000c   Code   RO         2016    .ARM.Collect$$libinit$$00000012  c_w.l(libinit2.o)
    0x080002dc   0x080002dc   0x00000000   Code   RO         2017    .ARM.Collect$$libinit$$00000013  c_w.l(libinit2.o)
    0x080002dc   0x080002dc   0x00000000   Code   RO         2019    .ARM.Collect$$libinit$$00000015  c_w.l(libinit2.o)
    0x080002dc   0x080002dc   0x0000000a   Code   RO         2020    .ARM.Collect$$libinit$$00000016  c_w.l(libinit2.o)
    0x080002e6   0x080002e6   0x00000000   Code   RO         2021    .ARM.Collect$$libinit$$00000017  c_w.l(libinit2.o)
    0x080002e6   0x080002e6   0x00000000   Code   RO         2023    .ARM.Collect$$libinit$$00000019  c_w.l(libinit2.o)
    0x080002e6   0x080002e6   0x00000000   Code   RO         2025    .ARM.Collect$$libinit$$0000001B  c_w.l(libinit2.o)
    0x080002e6   0x080002e6   0x00000000   Code   RO         2027    .ARM.Collect$$libinit$$0000001D  c_w.l(libinit2.o)
    0x080002e6   0x080002e6   0x00000000   Code   RO         2029    .ARM.Collect$$libinit$$0000001F  c_w.l(libinit2.o)
    0x080002e6   0x080002e6   0x00000000   Code   RO         2031    .ARM.Collect$$libinit$$00000021  c_w.l(libinit2.o)
    0x080002e6   0x080002e6   0x00000000   Code   RO         2033    .ARM.Collect$$libinit$$00000023  c_w.l(libinit2.o)
    0x080002e6   0x080002e6   0x00000004   Code   RO         2034    .ARM.Collect$$libinit$$00000024  c_w.l(libinit2.o)
    0x080002ea   0x080002ea   0x00000000   Code   RO         2035    .ARM.Collect$$libinit$$00000025  c_w.l(libinit2.o)
    0x080002ea   0x080002ea   0x00000000   Code   RO         2039    .ARM.Collect$$libinit$$0000002C  c_w.l(libinit2.o)
    0x080002ea   0x080002ea   0x00000000   Code   RO         2041    .ARM.Collect$$libinit$$0000002E  c_w.l(libinit2.o)
    0x080002ea   0x080002ea   0x00000000   Code   RO         2043    .ARM.Collect$$libinit$$00000030  c_w.l(libinit2.o)
    0x080002ea   0x080002ea   0x00000004   Code   RO         2044    .ARM.Collect$$libinit$$00000031  c_w.l(libinit2.o)
    0x080002ee   0x080002ee   0x00000000   Code   RO         2045    .ARM.Collect$$libinit$$00000032  c_w.l(libinit2.o)
    0x080002ee   0x080002ee   0x00000002   Code   RO         2046    .ARM.Collect$$libinit$$00000033  c_w.l(libinit2.o)
    0x080002f0   0x080002f0   0x00000002   Code   RO         2383    .ARM.Collect$$libshutdown$$00000000  c_w.l(libshutdown.o)
    0x080002f2   0x080002f2   0x00000006   Code   RO         2193    .ARM.Collect$$libshutdown$$00000001  c_w.l(libshutdown2.o)
    0x080002f8   0x080002f8   0x00000000   Code   RO         2194    .ARM.Collect$$libshutdown$$00000002  c_w.l(libshutdown2.o)
    0x080002f8   0x080002f8   0x00000004   Code   RO         2195    .ARM.Collect$$libshutdown$$00000003  c_w.l(libshutdown2.o)
    0x080002fc   0x080002fc   0x00000000   Code   RO         2196    .ARM.Collect$$libshutdown$$00000004  c_w.l(libshutdown2.o)
    0x080002fc   0x080002fc   0x00000000   Code   RO         2199    .ARM.Collect$$libshutdown$$00000007  c_w.l(libshutdown2.o)
    0x080002fc   0x080002fc   0x00000000   Code   RO         2202    .ARM.Collect$$libshutdown$$0000000A  c_w.l(libshutdown2.o)
    0x080002fc   0x080002fc   0x00000000   Code   RO         2204    .ARM.Collect$$libshutdown$$0000000C  c_w.l(libshutdown2.o)
    0x080002fc   0x080002fc   0x00000000   Code   RO         2207    .ARM.Collect$$libshutdown$$0000000F  c_w.l(libshutdown2.o)
    0x080002fc   0x080002fc   0x00000002   Code   RO         2208    .ARM.Collect$$libshutdown$$00000010  c_w.l(libshutdown2.o)
    0x080002fe   0x080002fe   0x00000000   Code   RO         1890    .ARM.Collect$$rtentry$$00000000  c_w.l(__rtentry.o)
    0x080002fe   0x080002fe   0x00000000   Code   RO         2068    .ARM.Collect$$rtentry$$00000002  c_w.l(__rtentry2.o)
    0x080002fe   0x080002fe   0x00000006   Code   RO         2080    .ARM.Collect$$rtentry$$00000004  c_w.l(__rtentry4.o)
    0x08000304   0x08000304   0x00000000   Code   RO         2070    .ARM.Collect$$rtentry$$00000009  c_w.l(__rtentry2.o)
    0x08000304   0x08000304   0x00000004   Code   RO         2071    .ARM.Collect$$rtentry$$0000000A  c_w.l(__rtentry2.o)
    0x08000308   0x08000308   0x00000000   Code   RO         2073    .ARM.Collect$$rtentry$$0000000C  c_w.l(__rtentry2.o)
    0x08000308   0x08000308   0x00000008   Code   RO         2074    .ARM.Collect$$rtentry$$0000000D  c_w.l(__rtentry2.o)
    0x08000310   0x08000310   0x00000002   Code   RO         2314    .ARM.Collect$$rtexit$$00000000  c_w.l(rtexit.o)
    0x08000312   0x08000312   0x00000000   Code   RO         2344    .ARM.Collect$$rtexit$$00000002  c_w.l(rtexit2.o)
    0x08000312   0x08000312   0x00000004   Code   RO         2345    .ARM.Collect$$rtexit$$00000003  c_w.l(rtexit2.o)
    0x08000316   0x08000316   0x00000006   Code   RO         2346    .ARM.Collect$$rtexit$$00000004  c_w.l(rtexit2.o)
    0x0800031c   0x0800031c   0x00000040   Code   RO          373    .text               startup_n32g4fr.o
    0x0800035c   0x0800035c   0x00000010   Code   RO         1850    .text               c_w.l(rt_ctype_table.o)
    0x0800036c   0x0800036c   0x00000018   Code   RO         1852    .text               c_w.l(printf.o)
    0x08000384   0x08000384   0x00000004   Code   RO         1854    .text               c_w.l(putc.o)
    0x08000388   0x08000388   0x0000000a   Code   RO         1865    .text               c_w.l(cxa_atexit.o)
    0x08000392   0x08000392   0x00000024   Code   RO         1868    .text               c_w.l(strstr.o)
    0x080003b6   0x080003b6   0x00000048   Code   RO         1870    .text               c_w.l(strcpy.o)
    0x080003fe   0x080003fe   0x0000003e   Code   RO         1872    .text               c_w.l(strlen.o)
    0x0800043c   0x0800043c   0x0000008a   Code   RO         1874    .text               c_w.l(rt_memcpy_v6.o)
    0x080004c6   0x080004c6   0x00000044   Code   RO         1876    .text               c_w.l(rt_memclr.o)
    0x0800050a   0x0800050a   0x00000006   PAD
    0x08000510   0x08000510   0x0000007c   Code   RO         1878    .text               c_w.l(strcmpv7em.o)
    0x0800058c   0x0800058c   0x00000006   Code   RO         1880    .text               c_w.l(heapauxi.o)
    0x08000592   0x08000592   0x00000002   PAD
    0x08000594   0x08000594   0x00000024   Code   RO         1887    .text               c_w.l(init_aeabi.o)
    0x080005b8   0x080005b8   0x00000008   Code   RO         1894    .text               c_w.l(rt_locale_intlibspace.o)
    0x080005c0   0x080005c0   0x0000004e   Code   RO         1898    .text               c_w.l(_printf_pad.o)
    0x0800060e   0x0800060e   0x00000024   Code   RO         1900    .text               c_w.l(_printf_truncate.o)
    0x08000632   0x08000632   0x00000052   Code   RO         1902    .text               c_w.l(_printf_str.o)
    0x08000684   0x08000684   0x00000078   Code   RO         1904    .text               c_w.l(_printf_dec.o)
    0x080006fc   0x080006fc   0x00000028   Code   RO         1906    .text               c_w.l(_printf_charcount.o)
    0x08000724   0x08000724   0x00000024   Code   RO         1908    .text               c_w.l(_printf_char_file.o)
    0x08000748   0x08000748   0x000000bc   Code   RO         1910    .text               c_w.l(_printf_wctomb.o)
    0x08000804   0x08000804   0x0000007c   Code   RO         1913    .text               c_w.l(_printf_longlong_dec.o)
    0x08000880   0x08000880   0x00000070   Code   RO         1919    .text               c_w.l(_printf_oct_int_ll.o)
    0x080008f0   0x080008f0   0x00000094   Code   RO         1939    .text               c_w.l(_printf_hex_int_ll_ptr.o)
    0x08000984   0x08000984   0x00000188   Code   RO         1959    .text               c_w.l(__printf_flags_ss_wp.o)
    0x08000b0c   0x08000b0c   0x00000138   Code   RO         1985    .text               c_w.l(initio.o)
    0x08000c44   0x08000c44   0x0000002e   Code   RO         1995    .text               c_w.l(aeabi_atexit.o)
    0x08000c72   0x08000c72   0x00000064   Code   RO         1998    .text               c_w.l(rt_memcpy_w.o)
    0x08000cd6   0x08000cd6   0x0000004e   Code   RO         2000    .text               c_w.l(rt_memclr_w.o)
    0x08000d24   0x08000d24   0x00000008   Code   RO         2062    .text               c_w.l(libspace.o)
    0x08000d2c   0x08000d2c   0x00000008   Code   RO         2085    .text               c_w.l(rt_ddtor_pointer_addr_intlibspace.o)
    0x08000d34   0x08000d34   0x0000005e   Code   RO         2091    .text               c_w.l(h1_alloc.o)
    0x08000d92   0x08000d92   0x0000004e   Code   RO         2093    .text               c_w.l(h1_free.o)
    0x08000de0   0x08000de0   0x0000008a   Code   RO         2149    .text               c_w.l(lludiv10.o)
    0x08000e6a   0x08000e6a   0x000000b2   Code   RO         2151    .text               c_w.l(_printf_intcommon.o)
    0x08000f1c   0x08000f1c   0x0000041c   Code   RO         2153    .text               c_w.l(_printf_fp_dec.o)
    0x08001338   0x08001338   0x000002fc   Code   RO         2157    .text               c_w.l(_printf_fp_hex.o)
    0x08001634   0x08001634   0x00000030   Code   RO         2160    .text               c_w.l(_printf_char_common.o)
    0x08001664   0x08001664   0x0000002c   Code   RO         2162    .text               c_w.l(_printf_char.o)
    0x08001690   0x08001690   0x0000002c   Code   RO         2164    .text               c_w.l(_printf_wchar.o)
    0x080016bc   0x080016bc   0x00000008   Code   RO         2167    .text               c_w.l(ferror.o)
    0x080016c4   0x080016c4   0x00000046   Code   RO         2169    .text               c_w.l(setvbuf.o)
    0x0800170a   0x0800170a   0x00000002   PAD
    0x0800170c   0x0800170c   0x000000f0   Code   RO         2172    .text               c_w.l(fopen.o)
    0x080017fc   0x080017fc   0x0000004c   Code   RO         2174    .text               c_w.l(fclose.o)
    0x08001848   0x08001848   0x00000048   Code   RO         2182    .text               c_w.l(_c16rtomb.o)
    0x08001890   0x08001890   0x00000042   Code   RO         2184    .text               c_w.l(cxa_finalize.o)
    0x080018d2   0x080018d2   0x0000000e   Code   RO         2187    .text               c_w.l(defsig_rtred_outer.o)
    0x080018e0   0x080018e0   0x00000066   Code   RO         2211    .text               c_w.l(sys_io.o)
    0x08001946   0x08001946   0x0000004a   Code   RO         2215    .text               c_w.l(sys_stackheap_outer.o)
    0x08001990   0x08001990   0x00000008   Code   RO         2222    .text               c_w.l(rt_heap_descriptor_intlibspace.o)
    0x08001998   0x08001998   0x00000004   Code   RO         2224    .text               c_w.l(hguard.o)
    0x0800199c   0x0800199c   0x0000008a   Code   RO         2226    .text               c_w.l(init_alloc.o)
    0x08001a26   0x08001a26   0x0000000e   Code   RO         2230    .text               c_w.l(h1_init.o)
    0x08001a34   0x08001a34   0x00000080   Code   RO         2242    .text               c_w.l(_printf_fp_infnan.o)
    0x08001ab4   0x08001ab4   0x000000e4   Code   RO         2246    .text               c_w.l(bigflt0.o)
    0x08001b98   0x08001b98   0x000000f8   Code   RO         2273    .text               c_w.l(fseek.o)
    0x08001c90   0x08001c90   0x000000f0   Code   RO         2275    .text               c_w.l(stdio.o)
    0x08001d80   0x08001d80   0x00000012   Code   RO         2280    .text               c_w.l(exit.o)
    0x08001d92   0x08001d92   0x0000000a   Code   RO         2282    .text               c_w.l(defsig_exit.o)
    0x08001d9c   0x08001d9c   0x00000034   Code   RO         2284    .text               c_w.l(defsig_rtred_inner.o)
    0x08001dd0   0x08001dd0   0x0000000c   Code   RO         2305    .text               c_w.l(sys_exit.o)
    0x08001ddc   0x08001ddc   0x00000002   Code   RO         2311    .text               c_w.l(use_no_semi.o)
    0x08001dde   0x08001dde   0x00000000   Code   RO         2313    .text               c_w.l(indicate_semi.o)
    0x08001dde   0x08001dde   0x00000000   Code   RO         2318    .text               c_w.l(maybetermalloc1.o)
    0x08001dde   0x08001dde   0x00000034   Code   RO         2320    .text               c_w.l(h1_extend.o)
    0x08001e12   0x08001e12   0x00000042   Code   RO         2326    .text               c_w.l(ftell.o)
    0x08001e54   0x08001e54   0x00000032   Code   RO         2330    .text               c_w.l(defsig_general.o)
    0x08001e86   0x08001e86   0x0000000e   Code   RO         2332    .text               c_w.l(defsig_rtmem_outer.o)
    0x08001e94   0x08001e94   0x0000000e   Code   RO         2339    .text               c_w.l(sys_wrch.o)
    0x08001ea2   0x08001ea2   0x00000002   PAD
    0x08001ea4   0x08001ea4   0x00000008   Code   RO         2353    .text               c_w.l(rt_errno_addr_intlibspace.o)
    0x08001eac   0x08001eac   0x00000050   Code   RO         2359    .text               c_w.l(defsig_rtmem_inner.o)
    0x08001efc   0x08001efc   0x00000038   Code   RO          506    .text.ADC_ConfigClk  n32g4fr_adc.o
    0x08001f34   0x08001f34   0x000001a8   Code   RO          452    .text.ADC_ConfigRegularChannel  n32g4fr_adc.o
    0x080020dc   0x080020dc   0x0000002c   Code   RO          434    .text.ADC_Enable    n32g4fr_adc.o
    0x08002108   0x08002108   0x0000002c   Code   RO          436    .text.ADC_EnableDMA  n32g4fr_adc.o
    0x08002134   0x08002134   0x0000002c   Code   RO          444    .text.ADC_EnableSoftwareStartConv  n32g4fr_adc.o
    0x08002160   0x08002160   0x0000002e   Code   RO          442    .text.ADC_GetCalibrationStatus  n32g4fr_adc.o
    0x0800218e   0x0800218e   0x00000002   PAD
    0x08002190   0x08002190   0x00000034   Code   RO          500    .text.ADC_GetFlagStatusNew  n32g4fr_adc.o
    0x080021c4   0x080021c4   0x0000009a   Code   RO          430    .text.ADC_Init      n32g4fr_adc.o
    0x0800225e   0x0800225e   0x00000002   PAD
    0x08002260   0x08002260   0x00000012   Code   RO          440    .text.ADC_StartCalibration  n32g4fr_adc.o
    0x08002272   0x08002272   0x00000002   PAD
    0x08002274   0x08002274   0x00000004   Code   RO          384    .text.BusFault_Handler  n32g4fr_it.o
    0x08002278   0x08002278   0x00000244   Code   RO          694    .text.DMA_DeInit    n32g4fr_dma.o
    0x080024bc   0x080024bc   0x0000002e   Code   RO          700    .text.DMA_EnableChannel  n32g4fr_dma.o
    0x080024ea   0x080024ea   0x00000002   PAD
    0x080024ec   0x080024ec   0x0000006c   Code   RO          696    .text.DMA_Init      n32g4fr_dma.o
    0x08002558   0x08002558   0x00000002   Code   RO          390    .text.DebugMon_Handler  n32g4fr_it.o
    0x0800255a   0x0800255a   0x00000002   PAD
    0x0800255c   0x0800255c   0x0000000c   Code   RO          248    .text.FIFO_GetDataCount  fifo.o
    0x08002568   0x08002568   0x0000001a   Code   RO          234    .text.FIFO_Init     fifo.o
    0x08002582   0x08002582   0x00000002   PAD
    0x08002584   0x08002584   0x00000024   Code   RO          246    .text.FIFO_IsDataEmpty  fifo.o
    0x080025a8   0x080025a8   0x000000a0   Code   RO          240    .text.FIFO_ReadData  fifo.o
    0x08002648   0x08002648   0x00000074   Code   RO          236    .text.FIFO_WriteData  fifo.o
    0x080026bc   0x080026bc   0x00000018   Code   RO          238    .text.FIFO_WriteOneData  fifo.o
    0x080026d4   0x080026d4   0x00000186   Code   RO          834    .text.GPIO_InitPeripheral  n32g4fr_gpio.o
    0x0800285a   0x0800285a   0x00000002   PAD
    0x0800285c   0x0800285c   0x00000034   Code   RO          838    .text.GPIO_ReadInputDataBit  n32g4fr_gpio.o
    0x08002890   0x08002890   0x00000114   Code   RO         1733    .text.HardFaultHandler  segger_hardfaulthandler.o
    0x080029a4   0x080029a4   0x00000004   Code   RO          382    .text.MemManage_Handler  n32g4fr_it.o
    0x080029a8   0x080029a8   0x00000002   Code   RO          380    .text.NMI_Handler   n32g4fr_it.o
    0x080029aa   0x080029aa   0x00000002   PAD
    0x080029ac   0x080029ac   0x000000aa   Code   RO          413    .text.NVIC_Init     misc.o
    0x08002a56   0x08002a56   0x00000002   PAD
    0x08002a58   0x08002a58   0x0000001c   Code   RO          411    .text.NVIC_PriorityGroupConfig  misc.o
    0x08002a74   0x08002a74   0x0000003e   Code   RO         1089    .text.RCC_ConfigAdc1mClk  n32g4fr_rcc.o
    0x08002ab2   0x08002ab2   0x00000002   PAD
    0x08002ab4   0x08002ab4   0x0000002c   Code   RO         1093    .text.RCC_ConfigAdcHclk  n32g4fr_rcc.o
    0x08002ae0   0x08002ae0   0x00000054   Code   RO         1091    .text.RCC_ConfigAdcPllClk  n32g4fr_rcc.o
    0x08002b34   0x08002b34   0x0000002c   Code   RO         1075    .text.RCC_ConfigPclk1  n32g4fr_rcc.o
    0x08002b60   0x08002b60   0x00000038   Code   RO         1109    .text.RCC_EnableAHBPeriphClk  n32g4fr_rcc.o
    0x08002b98   0x08002b98   0x00000038   Code   RO         1113    .text.RCC_EnableAPB1PeriphClk  n32g4fr_rcc.o
    0x08002bd0   0x08002bd0   0x00000038   Code   RO         1111    .text.RCC_EnableAPB2PeriphClk  n32g4fr_rcc.o
    0x08002c08   0x08002c08   0x000001c4   Code   RO         1107    .text.RCC_GetClocksFreqValue  n32g4fr_rcc.o
    0x08002dcc   0x08002dcc   0x000000a0   Code   RO         1794    .text.SEGGER_RTT_ConfigUpBuffer  segger_rtt.o
    0x08002e6c   0x08002e6c   0x00000008   Code   RO         1806    .text.SEGGER_RTT_Init  segger_rtt.o
    0x08002e74   0x08002e74   0x0000004c   Code   RO         1770    .text.SEGGER_RTT_Write  segger_rtt.o
    0x08002ec0   0x08002ec0   0x000000b0   Code   RO         1766    .text.SEGGER_RTT_WriteNoLock  segger_rtt.o
    0x08002f70   0x08002f70   0x0000002a   Code   RO         1839    .text.SEGGER_RTT_printf  segger_rtt_printf.o
    0x08002f9a   0x08002f9a   0x00000002   PAD
    0x08002f9c   0x08002f9c   0x0000033c   Code   RO         1831    .text.SEGGER_RTT_vprintf  segger_rtt_printf.o
    0x080032d8   0x080032d8   0x00000002   Code   RO          388    .text.SVC_Handler   n32g4fr_it.o
    0x080032da   0x080032da   0x00000002   PAD
    0x080032dc   0x080032dc   0x00000148   Code   RO          358    .text.SetSysClock   system_n32g4fr.o
    0x08003424   0x08003424   0x00000020   Code   RO          392    .text.SysTick_Handler  n32g4fr_it.o
    0x08003444   0x08003444   0x000000cc   Code   RO          356    .text.SystemInit    system_n32g4fr.o
    0x08003510   0x08003510   0x000000ea   Code   RO          396    .text.TIM1_CC_IRQHandler  n32g4fr_it.o
    0x080035fa   0x080035fa   0x00000002   PAD
    0x080035fc   0x080035fc   0x00000014   Code   RO         1580    .text.TIM_ClrIntPendingBit  n32g4fr_tim.o
    0x08003610   0x08003610   0x0000002c   Code   RO         1454    .text.TIM_ConfigArPreload  n32g4fr_tim.o
    0x0800363c   0x0800363c   0x00000034   Code   RO         1414    .text.TIM_ConfigInt  n32g4fr_tim.o
    0x08003670   0x08003670   0x0000003c   Code   RO         1466    .text.TIM_ConfigOc3Preload  n32g4fr_tim.o
    0x080036ac   0x080036ac   0x0000003e   Code   RO         1468    .text.TIM_ConfigOc4Preload  n32g4fr_tim.o
    0x080036ea   0x080036ea   0x00000002   PAD
    0x080036ec   0x080036ec   0x0000002c   Code   RO         1410    .text.TIM_Enable    n32g4fr_tim.o
    0x08003718   0x08003718   0x00000034   Code   RO         1412    .text.TIM_EnableCtrlPwmOutputs  n32g4fr_tim.o
    0x0800374c   0x0800374c   0x00000048   Code   RO         1578    .text.TIM_GetIntStatus  n32g4fr_tim.o
    0x08003794   0x08003794   0x00000106   Code   RO         1372    .text.TIM_InitOc3   n32g4fr_tim.o
    0x0800389a   0x0800389a   0x00000002   PAD
    0x0800389c   0x0800389c   0x000000ce   Code   RO         1374    .text.TIM_InitOc4   n32g4fr_tim.o
    0x0800396a   0x0800396a   0x00000002   PAD
    0x0800396c   0x0800396c   0x000002f4   Code   RO         1366    .text.TIM_InitTimeBase  n32g4fr_tim.o
    0x08003c60   0x08003c60   0x0000007c   Code   RO          398    .text.USART3_IRQHandler  n32g4fr_it.o
    0x08003cdc   0x08003cdc   0x00000092   Code   RO         1628    .text.USART_ConfigInt  n32g4fr_usart.o
    0x08003d6e   0x08003d6e   0x00000002   PAD
    0x08003d70   0x08003d70   0x0000002c   Code   RO         1626    .text.USART_Enable  n32g4fr_usart.o
    0x08003d9c   0x08003d9c   0x00000044   Code   RO         1662    .text.USART_GetFlagStatus  n32g4fr_usart.o
    0x08003de0   0x08003de0   0x000000b0   Code   RO         1666    .text.USART_GetIntStatus  n32g4fr_usart.o
    0x08003e90   0x08003e90   0x00000124   Code   RO         1618    .text.USART_Init    n32g4fr_usart.o
    0x08003fb4   0x08003fb4   0x00000010   Code   RO         1644    .text.USART_ReceiveData  n32g4fr_usart.o
    0x08003fc4   0x08003fc4   0x00000018   Code   RO         1642    .text.USART_SendData  n32g4fr_usart.o
    0x08003fdc   0x08003fdc   0x00000004   Code   RO          386    .text.UsageFault_Handler  n32g4fr_it.o
    0x08003fe0   0x08003fe0   0x0000009c   Code   RO         1748    .text._DoInit       segger_rtt.o
    0x0800407c   0x0800407c   0x0000001c   Code   RO           20    .text._GLOBAL__sub_I_main.cpp  main.o
    0x08004098   0x08004098   0x0000003e   Code   RO         1760    .text._GetAvailWriteSpace  segger_rtt.o
    0x080040d6   0x080040d6   0x00000002   PAD
    0x080040d8   0x080040d8   0x000001cc   Code   RO         1835    .text._PrintInt     segger_rtt_printf.o
    0x080042a4   0x080042a4   0x000001ac   Code   RO         1837    .text._PrintUnsigned  segger_rtt_printf.o
    0x08004450   0x08004450   0x00000076   Code   RO         1833    .text._StoreChar    segger_rtt_printf.o
    0x080044c6   0x080044c6   0x00000002   PAD
    0x080044c8   0x080044c8   0x000000e4   Code   RO         1764    .text._WriteBlocking  segger_rtt.o
    0x080045ac   0x080045ac   0x0000008c   Code   RO         1762    .text._WriteNoCheck  segger_rtt.o
    0x08004638   0x08004638   0x00000116   Code   RO          195    .text._Z12shell_ls_cmdcPc  nr_micro_shell_commands.o
    0x0800474e   0x0800474e   0x00000002   PAD
    0x08004750   0x08004750   0x0000009c   Code   RO          203    .text._Z14shell_mode_cmdcPc  nr_micro_shell_commands.o
    0x080047ec   0x080047ec   0x0000002a   Code   RO          199    .text._Z14shell_quit_cmdcPc  nr_micro_shell_commands.o
    0x08004816   0x08004816   0x00000002   PAD
    0x08004818   0x08004818   0x00000078   Code   RO          197    .text._Z17shell_hexdump_cmdcPc  nr_micro_shell_commands.o
    0x08004890   0x08004890   0x00000010   Code   RO           16    .text._Z4loopv      main.o
    0x080048a0   0x080048a0   0x00000008   Code   RO           14    .text._Z5setupv     main.o
    0x080048a8   0x080048a8   0x00000052   Code   RO          220    .text._ZL14SysTick_Configj  systick.o
    0x080048fa   0x080048fa   0x00000002   PAD
    0x080048fc   0x080048fc   0x00000042   Code   RO          222    .text._ZL18__NVIC_SetPriority4IRQnj  systick.o
    0x0800493e   0x0800493e   0x00000002   PAD
    0x08004940   0x08004940   0x00000026   Code   RO          201    .text._ZL18__NVIC_SystemResetv  nr_micro_shell_commands.o
    0x08004966   0x08004966   0x00000002   PAD
    0x08004968   0x08004968   0x00000010   Code   RO          128    .text._ZN2Do3lowEv  do.o
    0x08004978   0x08004978   0x00000010   Code   RO          130    .text._ZN2Do4highEv  do.o
    0x08004988   0x08004988   0x00000014   Code   RO          132    .text._ZN2Do6toggleEv  do.o
    0x0800499c   0x0800499c   0x0000010e   Code   RO          124    .text._ZN2Do8init_pinEP11GPIO_Modulet  do.o
    0x08004aaa   0x08004aaa   0x00000002   PAD
    0x08004aac   0x08004aac   0x0000000a   Code   RO          120    .text._ZN2DoC2Ev    do.o
    0x08004ab6   0x08004ab6   0x00000002   PAD
    0x08004ab8   0x08004ab8   0x0000000a   Code   RO          126    .text._ZN2DoD2Ev    do.o
    0x08004ac2   0x08004ac2   0x00000002   PAD
    0x08004ac4   0x08004ac4   0x000000ec   Code   RO           56    .text._ZN3Adc10init_timerEv  adc.o
    0x08004bb0   0x08004bb0   0x00000018   Code   RO           60    .text._ZN3Adc16enable_timer_pwmEv  adc.o
    0x08004bc8   0x08004bc8   0x00000018   Code   RO           58    .text._ZN3Adc17disable_timer_pwmEv  adc.o
    0x08004be0   0x08004be0   0x00000044   Code   RO           48    .text._ZN3Adc4initEv  adc.o
    0x08004c24   0x08004c24   0x00000122   Code   RO           54    .text._ZN3Adc8init_adcEv  adc.o
    0x08004d46   0x08004d46   0x00000002   PAD
    0x08004d48   0x08004d48   0x000000bc   Code   RO           52    .text._ZN3Adc8init_dmaEv  adc.o
    0x08004e04   0x08004e04   0x00000022   Code   RO           50    .text._ZN3Adc8init_pinEP11GPIO_Modulej  adc.o
    0x08004e26   0x08004e26   0x00000002   PAD
    0x08004e28   0x08004e28   0x00000014   Code   RO           62    .text._ZN3AdcC2Ev   adc.o
    0x08004e3c   0x08004e3c   0x0000000a   Code   RO           64    .text._ZN3AdcD2Ev   adc.o
    0x08004e46   0x08004e46   0x00000002   PAD
    0x08004e48   0x08004e48   0x00000034   Code   RO          183    .text._ZN3App12idle_processEv  app.o
    0x08004e7c   0x08004e7c   0x0000000e   Code   RO          181    .text._ZN3App12uart_processEv  app.o
    0x08004e8a   0x08004e8a   0x00000002   PAD
    0x08004e8c   0x08004e8c   0x00000028   Code   RO          185    .text._ZN3App13error_processEv  app.o
    0x08004eb4   0x08004eb4   0x00000050   Code   RO          179    .text._ZN3App16sent_sample_dataEv  app.o
    0x08004f04   0x08004f04   0x0000004a   Code   RO          177    .text._ZN3App3runEv  app.o
    0x08004f4e   0x08004f4e   0x00000002   PAD
    0x08004f50   0x08004f50   0x00000020   Code   RO          173    .text._ZN3AppC2Ev   app.o
    0x08004f70   0x08004f70   0x0000000a   Code   RO          175    .text._ZN3AppD2Ev   app.o
    0x08004f7a   0x08004f7a   0x00000002   PAD
    0x08004f7c   0x08004f7c   0x00000074   Code   RO           94    .text._ZN3Clk11print_clockEv  clk.o
    0x08004ff0   0x08004ff0   0x0000008c   Code   RO           92    .text._ZN3ClkC2Ev   clk.o
    0x0800507c   0x0800507c   0x0000000a   Code   RO           96    .text._ZN3ClkD2Ev   clk.o
    0x08005086   0x08005086   0x00000002   PAD
    0x08005088   0x08005088   0x0000007e   Code   RO          106    .text._ZN3Rtt4initEv  rtt.o
    0x08005106   0x08005106   0x00000002   PAD
    0x08005108   0x08005108   0x00000014   Code   RO          108    .text._ZN3RttC2Ev   rtt.o
    0x0800511c   0x0800511c   0x0000000a   Code   RO          110    .text._ZN3RttD2Ev   rtt.o
    0x08005126   0x08005126   0x00000002   PAD
    0x08005128   0x08005128   0x0000004e   Code   RO           77    .text._ZN4Uart4initEj  uart.o
    0x08005176   0x08005176   0x00000002   PAD
    0x08005178   0x08005178   0x0000004e   Code   RO           75    .text._ZN4Uart8init_pinEv  uart.o
    0x080051c6   0x080051c6   0x00000002   PAD
    0x080051c8   0x080051c8   0x0000002a   Code   RO           79    .text._ZN4Uart9init_nvicEv  uart.o
    0x080051f2   0x080051f2   0x00000002   PAD
    0x080051f4   0x080051f4   0x00000024   Code   RO           73    .text._ZN4UartC2Ev  uart.o
    0x08005218   0x08005218   0x0000000a   Code   RO           81    .text._ZN4UartD2Ev  uart.o
    0x08005222   0x08005222   0x00000002   PAD
    0x08005224   0x08005224   0x00000022   Code   RO          160    .text._ZN5Shell4initEv  shell.o
    0x08005246   0x08005246   0x00000002   PAD
    0x08005248   0x08005248   0x00000014   Code   RO          162    .text._ZN5ShellC2Ev  shell.o
    0x0800525c   0x0800525c   0x0000000a   Code   RO          164    .text._ZN5ShellD2Ev  shell.o
    0x08005266   0x08005266   0x00000002   PAD
    0x08005268   0x08005268   0x00000038   Code   RO          216    .text._ZN7Systick4initEv  systick.o
    0x080052a0   0x080052a0   0x00000028   Code   RO          224    .text._ZN7Systick8delay_msEj  systick.o
    0x080052c8   0x080052c8   0x00000014   Code   RO          214    .text._ZN7SystickC2Ev  systick.o
    0x080052dc   0x080052dc   0x0000000a   Code   RO          218    .text._ZN7SystickD2Ev  systick.o
    0x080052e6   0x080052e6   0x00000002   PAD
    0x080052e8   0x080052e8   0x00000030   Code   RO          141    .text._ZN8DWTDelay4initEj  dwtdelay.o
    0x08005318   0x08005318   0x0000001e   Code   RO          143    .text._ZN8DWTDelayC2Ev  dwtdelay.o
    0x08005336   0x08005336   0x00000002   PAD
    0x08005338   0x08005338   0x0000000a   Code   RO          145    .text._ZN8DWTDelayD2Ev  dwtdelay.o
    0x08005342   0x08005342   0x00000002   PAD
    0x08005344   0x08005344   0x000000a0   Code   RO           37    .text._ZN8HardwareC2Ev  hardware.o
    0x080053e4   0x080053e4   0x00000044   Code   RO           39    .text._ZN8HardwareD2Ev  hardware.o
    0x08005428   0x08005428   0x0000002c   Code   RO            2    .text.__cxx_global_var_init  main.o
    0x08005454   0x08005454   0x0000002c   Code   RO            4    .text.__cxx_global_var_init.1  main.o
    0x08005480   0x08005480   0x0000002c   Code   RO            6    .text.__cxx_global_var_init.2  main.o
    0x080054ac   0x080054ac   0x0000002c   Code   RO            8    .text.__cxx_global_var_init.3  main.o
    0x080054d8   0x080054d8   0x0000002c   Code   RO           10    .text.__cxx_global_var_init.4  main.o
    0x08005504   0x08005504   0x0000002c   Code   RO           12    .text.__cxx_global_var_init.5  main.o
    0x08005530   0x08005530   0x000000d6   Code   RO          326    .text._shell_init   nr_micro_shell.o
    0x08005606   0x08005606   0x00000002   PAD
    0x08005608   0x08005608   0x0000001e   Code   RO          278    .text.ansi_clear_current_line  ansi.o
    0x08005626   0x08005626   0x00000002   PAD
    0x08005628   0x08005628   0x00000174   Code   RO          280    .text.ansi_get_char  ansi.o
    0x0800579c   0x0800579c   0x0000002a   Code   RO          276    .text.ansi_init     ansi.o
    0x080057c6   0x080057c6   0x00000002   PAD
    0x080057c8   0x080057c8   0x00000062   Code   RO          274    .text.ansi_search_char  ansi.o
    0x0800582a   0x0800582a   0x00000002   PAD
    0x0800582c   0x0800582c   0x00000038   Code   RO          294    .text.ansi_show_str  ansi_port.o
    0x08005864   0x08005864   0x00000034   Code   RO          264    .text.fputc         bsp.o
    0x08005898   0x08005898   0x00000338   Code   RO          262    .text.hexdump       bsp.o
    0x08005bd0   0x08005bd0   0x00000014   Code   RO           18    .text.main          main.o
    0x08005be4   0x08005be4   0x0000009a   Code   RO          260    .text.memory_init   bsp.o
    0x08005c7e   0x08005c7e   0x00000002   PAD
    0x08005c80   0x08005c80   0x000000d4   Code   RO          296    .text.nr_ansi_common_char_slover  ansi_port.o
    0x08005d54   0x08005d54   0x0000003e   Code   RO          298    .text.nr_ansi_ctrl_common_slover  ansi_port.o
    0x08005d92   0x08005d92   0x00000002   PAD
    0x08005d94   0x08005d94   0x0000006c   Code   RO          316    .text.nr_ansi_in__  ansi_port.o
    0x08005e00   0x08005e00   0x0000006c   Code   RO          304    .text.nr_ansi_in_backspace  ansi_port.o
    0x08005e6c   0x08005e6c   0x000000a4   Code   RO          308    .text.nr_ansi_in_down  ansi_port.o
    0x08005f10   0x08005f10   0x0000003c   Code   RO          300    .text.nr_ansi_in_enter  ansi_port.o
    0x08005f4c   0x08005f4c   0x0000002c   Code   RO          310    .text.nr_ansi_in_left  ansi_port.o
    0x08005f78   0x08005f78   0x00000032   Code   RO          302    .text.nr_ansi_in_newline  ansi_port.o
    0x08005faa   0x08005faa   0x00000002   PAD
    0x08005fac   0x08005fac   0x00000030   Code   RO          312    .text.nr_ansi_in_right  ansi_port.o
    0x08005fdc   0x08005fdc   0x000000fe   Code   RO          314    .text.nr_ansi_in_tab  ansi_port.o
    0x080060da   0x080060da   0x00000002   PAD
    0x080060dc   0x080060dc   0x000000a8   Code   RO          306    .text.nr_ansi_in_up  ansi_port.o
    0x08006184   0x08006184   0x0000010a   Code   RO          338    .text.nr_shell_strtok  nr_micro_shell.o
    0x0800628e   0x0800628e   0x00000002   PAD
    0x08006290   0x08006290   0x000000ba   Code   RO          340    .text.shell_cmd_complete  nr_micro_shell.o
    0x0800634a   0x0800634a   0x00000002   PAD
    0x0800634c   0x0800634c   0x00000178   Code   RO          342    .text.shell_his_copy_queue_item  nr_micro_shell.o
    0x080064c4   0x080064c4   0x0000016e   Code   RO          330    .text.shell_his_queue_add_cmd  nr_micro_shell.o
    0x08006632   0x08006632   0x00000002   PAD
    0x08006634   0x08006634   0x00000022   Code   RO          328    .text.shell_his_queue_init  nr_micro_shell.o
    0x08006656   0x08006656   0x00000002   PAD
    0x08006658   0x08006658   0x0000017c   Code   RO          336    .text.shell_his_queue_search_cmd  nr_micro_shell.o
    0x080067d4   0x080067d4   0x00000168   Code   RO          334    .text.shell_parser  nr_micro_shell.o
    0x0800693c   0x0800693c   0x00000062   Code   RO          332    .text.shell_search_cmd  nr_micro_shell.o
    0x0800699e   0x0800699e   0x0000003e   Code   RO         2249    CL$$btod_d2e        c_w.l(btod.o)
    0x080069dc   0x080069dc   0x00000046   Code   RO         2251    CL$$btod_d2e_denorm_low  c_w.l(btod.o)
    0x08006a22   0x08006a22   0x00000060   Code   RO         2250    CL$$btod_d2e_norm_op1  c_w.l(btod.o)
    0x08006a82   0x08006a82   0x00000002   PAD
    0x08006a84   0x08006a84   0x00000338   Code   RO         2259    CL$$btod_div_common  c_w.l(btod.o)
    0x08006dbc   0x08006dbc   0x000000dc   Code   RO         2256    CL$$btod_e2e        c_w.l(btod.o)
    0x08006e98   0x08006e98   0x0000002a   Code   RO         2253    CL$$btod_ediv       c_w.l(btod.o)
    0x08006ec2   0x08006ec2   0x0000002a   Code   RO         2252    CL$$btod_emul       c_w.l(btod.o)
    0x08006eec   0x08006eec   0x00000244   Code   RO         2258    CL$$btod_mult_common  c_w.l(btod.o)
    0x08007130   0x08007130   0x00000012   Code   RO         1742    OSKERNEL            hardfaulthandler.o
    0x08007142   0x08007142   0x00000030   Code   RO         2301    i.__ARM_fpclassify  m_wm.l(fpclassify.o)
    0x08007172   0x08007172   0x0000000e   Code   RO         1952    i._is_digit         c_w.l(__printf_wp.o)
    0x08007180   0x08007180   0x0000002c   Code   RO         1990    locale$$code        c_w.l(lc_ctype_c.o)
    0x080071ac   0x080071ac   0x0000002c   Code   RO         2278    locale$$code        c_w.l(lc_numeric_c.o)
    0x080071d8   0x080071d8   0x0000001a   Code   RO         2209    x$fpl$fpinit        fz_wm.l(fpinit.o)
    0x080071f2   0x080071f2   0x00000004   Code   RO         2051    x$fpl$printf1       fz_wm.l(printf1.o)
    0x080071f6   0x080071f6   0x00000004   Code   RO         2053    x$fpl$printf2       fz_wm.l(printf2.o)
    0x080071fa   0x080071fa   0x00000000   Code   RO         2300    x$fpl$usenofp       fz_wm.l(usenofp.o)
    0x080071fa   0x080071fa   0x00000002   PAD
    0x080071fc   0x080071fc   0x00000008   Data   RO         1911    .constdata          c_w.l(_printf_wctomb.o)
    0x08007204   0x08007204   0x00000028   Data   RO         1940    .constdata          c_w.l(_printf_hex_int_ll_ptr.o)
    0x0800722c   0x0800722c   0x00000011   Data   RO         1960    .constdata          c_w.l(__printf_flags_ss_wp.o)
    0x0800723d   0x0800723d   0x00000004   Data   RO         2059    .constdata          c_w.l(sys_io_names.o)
    0x08007241   0x08007241   0x00000004   Data   RO         2060    .constdata          c_w.l(sys_io_names.o)
    0x08007245   0x08007245   0x00000004   Data   RO         2061    .constdata          c_w.l(sys_io_names.o)
    0x08007249   0x08007249   0x00000026   Data   RO         2158    .constdata          c_w.l(_printf_fp_hex.o)
    0x0800726f   0x0800726f   0x00000001   PAD
    0x08007270   0x08007270   0x00000094   Data   RO         2247    .constdata          c_w.l(bigflt0.o)
    0x08007304   0x08007304   0x00000010   Data   RO         1841    .rodata._PrintUnsigned._aV2C  segger_rtt_printf.o
    0x08007314   0x08007314   0x00000015   Data   RO          282    .rodata.nr_ansi_in_cmd  ansi.o
    0x08007329   0x08007329   0x00000003   PAD
    0x0800732c   0x0800732c   0x00000050   Data   RO          283    .rodata.nr_ansi_in_cmd_fun  ansi.o
    0x0800737c   0x0800737c   0x00000005   Data   RO          284    .rodata.nr_ansi_in_special_symbol  ansi.o
    0x08007381   0x08007381   0x00000003   PAD
    0x08007384   0x08007384   0x00000010   Data   RO          285    .rodata.nr_ansi_in_special_symbol_fun  ansi.o
    0x08007394   0x08007394   0x00000014   Data   RO          344    .rodata.nr_shell_cmd0.end  nr_micro_shell.o
    0x080073a8   0x080073a8   0x00000014   Data   RO          345    .rodata.nr_shell_cmd1.end  nr_micro_shell.o
    0x080073bc   0x080073bc   0x00000010   Data   RO         1138    .rodata.s_AdcHclkPresTable  n32g4fr_rcc.o
    0x080073cc   0x080073cc   0x00000020   Data   RO         1139    .rodata.s_AdcPllClkPresTable  n32g4fr_rcc.o
    0x080073ec   0x080073ec   0x00000010   Data   RO         1137    .rodata.s_ApbAhbPresTable  n32g4fr_rcc.o
    0x080073fc   0x080073fc   0x00000064   Data   RO          206    .rodata.static_cmd  nr_micro_shell_commands.o
    0x08007460   0x08007460   0x00000034   Data   RO           98    .rodata.str1.1      clk.o
    0x08007494   0x08007494   0x00000091   Data   RO          112    .rodata.str1.1      rtt.o
    0x08007525   0x08007525   0x0000000b   Data   RO          187    .rodata.str1.1      app.o
    0x08007530   0x08007530   0x00000168   Data   RO          205    .rodata.str1.1      nr_micro_shell_commands.o
    0x08007698   0x08007698   0x00000062   Data   RO          266    .rodata.str1.1      bsp.o
    0x080076fa   0x080076fa   0x0000001e   Data   RO          318    .rodata.str1.1      ansi_port.o
    0x08007718   0x08007718   0x000001b7   Data   RO          347    .rodata.str1.1      nr_micro_shell.o
    0x080078cf   0x080078cf   0x00000013   Data   RO          403    .rodata.str1.1      n32g4fr_it.o
    0x080078e2   0x080078e2   0x00000014   Data   RO         1821    .rodata.str1.1      segger_rtt.o
    0x080078f6   0x080078f6   0x00000002   PAD
    0x080078f8   0x080078f8   0x00000020   Data   RO         2385    Region$$Table       anon$$obj.o
    0x08007918   0x08007918   0x00000110   Data   RO         1989    locale$$data        c_w.l(lc_ctype_c.o)
    0x08007a28   0x08007a28   0x0000001c   Data   RO         2277    locale$$data        c_w.l(lc_numeric_c.o)
    0x08007a44   0x08007a44   0x00000004   Data   RO           28    .init_array         main.o
    0x08007a48   0x08007a44   0x00000000   Data   RO         1885    .init_array         c_w.l(init_aeabi.o)


    Execution Region RW_IRAM1 (Exec base: 0x20000000, Load base: 0x08007a48, Size: 0x0000e7b0, Max: 0x00020000, ABSOLUTE, COMPRESSED[0x00000030])

    Exec Addr    Load Addr    Size         Type   Attr      Idx    E Section Name        Object

    0x20000000   COMPRESSED   0x00000004   Data   RW         1859    .data               c_w.l(stdio_streams.o)
    0x20000004   COMPRESSED   0x00000004   Data   RW         1860    .data               c_w.l(stdio_streams.o)
    0x20000008   COMPRESSED   0x00000004   Data   RW         1861    .data               c_w.l(stdio_streams.o)
    0x2000000c   COMPRESSED   0x00000014   Data   RW          251    .data.FIFO_Data     fifo.o
    0x20000020   COMPRESSED   0x00000004   Data   RW          362    .data.SystemCoreClock  system_n32g4fr.o
    0x20000024   COMPRESSED   0x0000013c   Data   RW          346    .data.nr_shell      nr_micro_shell.o
    0x20000160        -       0x00000054   Zero   RW         1856    .bss                c_w.l(stdio_streams.o)
    0x200001b4        -       0x00000054   Zero   RW         1857    .bss                c_w.l(stdio_streams.o)
    0x20000208        -       0x00000054   Zero   RW         1858    .bss                c_w.l(stdio_streams.o)
    0x2000025c        -       0x00000060   Zero   RW         2063    .bss                c_w.l(libspace.o)
    0x200002bc        -       0x00003e80   Zero   RW          250    .bss.FIFO_DataBuffer  fifo.o
    0x2000413c        -       0x00000040   Zero   RW         1735    .bss.HardFaultRegs  segger_hardfaulthandler.o
    0x2000417c        -       0x00000004   Zero   RW         1736    .bss._Continue      segger_hardfaulthandler.o
    0x20004180        -       0x000000a8   Zero   RW         1818    .bss._SEGGER_RTT    segger_rtt.o
    0x20004228        -       0x00000010   Zero   RW         1823    .bss._acDownBuffer  segger_rtt.o
    0x20004238        -       0x00000400   Zero   RW         1822    .bss._acUpBuffer    segger_rtt.o
    0x20004638        -       0x00000008   Zero   RW          401    .bss.adc_value      n32g4fr_it.o
    0x20004640        -       0x00000fa2   Zero   RW           25    .bss.app            main.o
    0x200055e2   COMPRESSED   0x00000002   PAD
    0x200055e4        -       0x00000004   Zero   RW          226    .bss.delay          systick.o
    0x200055e8        -       0x00000004   Zero   RW           26    .bss.dwt            main.o
    0x200055ec        -       0x00000002   Zero   RW          402    .bss.g_light_adc_value  n32g4fr_it.o
    0x200055ee        -       0x00000002   Zero   RW          400    .bss.g_radar_if_adc_value  n32g4fr_it.o
    0x200055f0        -       0x0000002c   Zero   RW           23    .bss.hardware_n32_ch2840adx  main.o
    0x2000561c        -       0x00000001   Zero   RW           24    .bss.nr             main.o
    0x2000561d   COMPRESSED   0x00000003   PAD
    0x20005620        -       0x00000084   Zero   RW          286    .bss.nr_ansi        ansi.o
    0x200056a4        -       0x00000004   Zero   RW          348    .bss.nr_shell_strtok.last  nr_micro_shell.o
    0x200056a8        -       0x00008000   Zero   RW           22    .bss.segger_cb      main.o
    0x2000d6a8        -       0x00000001   Zero   RW           27    .bss.tick           main.o
    0x2000d6a9   COMPRESSED   0x00000007   PAD
    0x2000d6b0        -       0x00000100   Zero   RW          371    HEAP                startup_n32g4fr.o
    0x2000d7b0        -       0x00001000   Zero   RW          370    STACK               startup_n32g4fr.o


==============================================================================

Image component sizes


      Code (inc. data)   RO Data    RW Data    ZI Data      Debug   Object Name

       894          0          0          0          0      15956   adc.o
       542          0        122          0        132       2139   ansi.o
      1334          0         30          0          0       3172   ansi_port.o
       302          4         11          0          0      11035   app.o
      1030          0         98          0          0       2859   bsp.o
       266          0         52          0          0      10490   clk.o
       342          0          0          0          0      11671   do.o
        88          0          0          0          0      11036   dwtdelay.o
       374          0          0         20      16000       2470   fifo.o
        18          0          0          0          0        304   hardfaulthandler.o
       228          0          0          0          0      11342   hardware.o
       336          0          4          0      36820      13899   main.o
       198          0          0          0          0       2901   misc.o
       882          0          0          0          0      10169   n32g4fr_adc.o
       734          0          0          0          0       3896   n32g4fr_dma.o
       442          0          0          0          0       6239   n32g4fr_gpio.o
       408          0         19          0         12       3444   n32g4fr_it.o
       854          0         64          0          0       8685   n32g4fr_rcc.o
      1630          0          0          0          0      23631   n32g4fr_tim.o
       766          0          0          0          0       6783   n32g4fr_usart.o
      2280          0        479        316          4       5123   nr_micro_shell.o
       634          0        460          0          0      11912   nr_micro_shell_commands.o
       156          0        145          0          0      10060   rtt.o
       276          0          0          0         68       2686   segger_hardfaulthandler.o
      1006          0         20          0       1208      13103   segger_rtt.o
      1876         14         16          0          0       3796   segger_rtt_printf.o
        64          0          0          0          0       9965   shell.o
        64         26        408          0       4352        852   startup_n32g4fr.o
       532          0          0          4          0       2899   system_n32g4fr.o
       274          0          0          0          4      13729   systick.o
       244          0          0          0          0      13519   uart.o

    ----------------------------------------------------------------------
     19188         44       1968        340      58612     249765   Object Totals
         0          0         32          0          0          0   (incl. Generated)
       114          0          8          0         12          0   (incl. Padding)

    ----------------------------------------------------------------------

      Code (inc. data)   RO Data    RW Data    ZI Data      Debug   Library Member Name

        58          0          0          0          0          0   __dczerorl.o
         8          0          0          0          0         68   __main.o
       392          4         17          0          0         92   __printf_flags_ss_wp.o
        14          0          0          0          0         68   __printf_wp.o
         0          0          0          0          0          0   __rtentry.o
        12          0          0          0          0          0   __rtentry2.o
         6          0          0          0          0          0   __rtentry4.o
        52          8          0          0          0          0   __scatter.o
        28          0          0          0          0          0   __scatter_zi.o
        72          0          0          0          0         96   _c16rtomb.o
         6          0          0          0          0          0   _printf_a.o
         6          0          0          0          0          0   _printf_c.o
        44          0          0          0          0        108   _printf_char.o
        48          6          0          0          0         96   _printf_char_common.o
        36          4          0          0          0         80   _printf_char_file.o
        40          0          0          0          0         68   _printf_charcount.o
         6          0          0          0          0          0   _printf_d.o
       120         16          0          0          0         92   _printf_dec.o
         6          0          0          0          0          0   _printf_e.o
         6          0          0          0          0          0   _printf_f.o
      1052          0          0          0          0        148   _printf_fp_dec.o
       764          8         38          0          0        100   _printf_fp_hex.o
       128         16          0          0          0         84   _printf_fp_infnan.o
         6          0          0          0          0          0   _printf_g.o
       148          4         40          0          0        160   _printf_hex_int_ll_ptr.o
         6          0          0          0          0          0   _printf_i.o
       178          0          0          0          0         88   _printf_intcommon.o
        10          0          0          0          0          0   _printf_l.o
         6          0          0          0          0          0   _printf_lc.o
        10          0          0          0          0          0   _printf_ll.o
         6          0          0          0          0          0   _printf_lld.o
         6          0          0          0          0          0   _printf_lli.o
         6          0          0          0          0          0   _printf_llo.o
         6          0          0          0          0          0   _printf_llu.o
         6          0          0          0          0          0   _printf_llx.o
       124         16          0          0          0         92   _printf_longlong_dec.o
         6          0          0          0          0          0   _printf_ls.o
         6          0          0          0          0          0   _printf_n.o
         6          0          0          0          0          0   _printf_o.o
       112          8          0          0          0        124   _printf_oct_int_ll.o
         6          0          0          0          0          0   _printf_p.o
        78          0          0          0          0        108   _printf_pad.o
         0          0          0          0          0          0   _printf_percent.o
         4          0          0          0          0          0   _printf_percent_end.o
         6          0          0          0          0          0   _printf_s.o
        82          0          0          0          0         80   _printf_str.o
        36          0          0          0          0         84   _printf_truncate.o
         6          0          0          0          0          0   _printf_u.o
        44          0          0          0          0        108   _printf_wchar.o
       188          6          8          0          0         92   _printf_wctomb.o
         6          0          0          0          0          0   _printf_x.o
        46          0          0          0          0         84   aeabi_atexit.o
       228          4        148          0          0         96   bigflt0.o
      1936        128          0          0          0        668   btod.o
        10          0          0          0          0         68   cxa_atexit.o
        66          0          0          0          0         84   cxa_finalize.o
        10          0          0          0          0         68   defsig_exit.o
        50          0          0          0          0         88   defsig_general.o
        80         58          0          0          0         76   defsig_rtmem_inner.o
        14          0          0          0          0         80   defsig_rtmem_outer.o
        52         38          0          0          0         76   defsig_rtred_inner.o
        14          0          0          0          0         80   defsig_rtred_outer.o
        18          0          0          0          0         80   exit.o
        76          0          0          0          0         88   fclose.o
         8          0          0          0          0         68   ferror.o
       240          6          0          0          0        128   fopen.o
       248          6          0          0          0         84   fseek.o
        66          0          0          0          0         76   ftell.o
        94          0          0          0          0         80   h1_alloc.o
        52          0          0          0          0         68   h1_extend.o
        78          0          0          0          0         80   h1_free.o
        14          0          0          0          0         84   h1_init.o
         6          0          0          0          0        152   heapauxi.o
         4          0          0          0          0        136   hguard.o
         0          0          0          0          0          0   indicate_semi.o
        36          8          0          0          0         80   init_aeabi.o
       138          0          0          0          0        168   init_alloc.o
       312         46          0          0          0        112   initio.o
        44         10        272          0          0         76   lc_ctype_c.o
        44         10         28          0          0         76   lc_numeric_c.o
         2          0          0          0          0          0   libinit.o
        50          0          0          0          0          0   libinit2.o
         2          0          0          0          0          0   libshutdown.o
        12          0          0          0          0          0   libshutdown2.o
         8          4          0          0         96         68   libspace.o
       138          0          0          0          0         80   lludiv10.o
         0          0          0          0          0          0   maybetermalloc1.o
        24          4          0          0          0         84   printf.o
         4          0          0          0          0         68   putc.o
        16          4          0          0          0         76   rt_ctype_table.o
         8          4          0          0          0         68   rt_ddtor_pointer_addr_intlibspace.o
         8          4          0          0          0         68   rt_errno_addr_intlibspace.o
         8          4          0          0          0         68   rt_heap_descriptor_intlibspace.o
         8          4          0          0          0         68   rt_locale_intlibspace.o
        68          0          0          0          0         68   rt_memclr.o
        78          0          0          0          0         80   rt_memclr_w.o
       138          0          0          0          0         68   rt_memcpy_v6.o
       100          0          0          0          0         80   rt_memcpy_w.o
         2          0          0          0          0          0   rtexit.o
        10          0          0          0          0          0   rtexit2.o
        70          0          0          0          0         80   setvbuf.o
       240          6          0          0          0        156   stdio.o
         0          0          0         12        252          0   stdio_streams.o
       124          0          0          0          0         88   strcmpv7em.o
        72          0          0          0          0         80   strcpy.o
        62          0          0          0          0         76   strlen.o
        36          0          0          0          0         80   strstr.o
        12          4          0          0          0         68   sys_exit.o
       102          0          0          0          0        240   sys_io.o
         0          0         12          0          0          0   sys_io_names.o
        74          0          0          0          0         80   sys_stackheap_outer.o
        14          0          0          0          0         76   sys_wrch.o
         2          0          0          0          0         68   use_no_semi.o
        26          0          0          0          0        116   fpinit.o
         4          0          0          0          0        116   printf1.o
         4          0          0          0          0        116   printf2.o
         0          0          0          0          0          0   usenofp.o
        48          0          0          0          0        124   fpclassify.o

    ----------------------------------------------------------------------
      9584        448        564         12        348       7648   Library Totals
        18          0          1          0          0          0   (incl. Padding)

    ----------------------------------------------------------------------

      Code (inc. data)   RO Data    RW Data    ZI Data      Debug   Library Name

      9484        448        563         12        348       7176   c_w.l
        34          0          0          0          0        348   fz_wm.l
        48          0          0          0          0        124   m_wm.l

    ----------------------------------------------------------------------
      9584        448        564         12        348       7648   Library Totals

    ----------------------------------------------------------------------

==============================================================================


      Code (inc. data)   RO Data    RW Data    ZI Data      Debug   

     28772        492       2532        352      58960     252649   Grand Totals
     28772        492       2532         48      58960     252649   ELF Image Totals (compressed)
     28772        492       2532         48          0          0   ROM Totals

==============================================================================

    Total RO  Size (Code + RO Data)                31304 (  30.57kB)
    Total RW  Size (RW Data + ZI Data)             59312 (  57.92kB)
    Total ROM Size (Code + RO Data + RW Data)      31352 (  30.62kB)

==============================================================================

