<html>
<body>
<pre>
<h1>µVision Build Log</h1>
<h2>Tool Versions:</h2>
IDE-Version: ¦ÌVision V5.36.0.0
Copyright (C) 2021 ARM Ltd and ARM Germany GmbH. All rights reserved.
License Information: cc cc, cccc, LIC=BUURY-IZ4N7-BS6YX-H1QE2-4SU49-2HYG2
 
Tool Versions:
Toolchain:       MDK-ARM Plus  Version: 5.36.0.0
Toolchain Path:  d:\Keil_v5\ARM\ARMCLANG\Bin
C Compiler:      ArmClang.exe V6.16
Assembler:       Armasm.exe V6.16
Linker/Locator:  ArmLink.exe V6.16
Library Manager: ArmAr.exe V6.16
Hex Converter:   FromElf.exe V6.16
CPU DLL:         SARMCM3.DLL V5.36.0.0
Dialog DLL:      DCM.DLL V1.17.3.0
Target DLL:      Segger\JL2CM3.dll V2.99.40.0
Dialog DLL:      TCM.DLL V1.53.0.0
 
<h2>Project:</h2>
D:\cccc2020\CODE\workspace\bfsk_n32\embedded\adc_sample\MDK\adc_sample.uvprojx
Project File Date:  04/01/2022

<h2>Output:</h2>
*** Using Compiler 'V6.16', folder: 'd:\Keil_v5\ARM\ARMCLANG\Bin'
Build target 'flashcode'
compiling bsp.c...
linking...
Program Size: Code=11024 RO-data=1560 RW-data=336 ZI-data=27856  
FromELF: creating hex file...
After Build - User command #1: fromelf --bin -o ".\bin\flashcode.bin" "D:\cccc2020\CODE\workspace\bfsk_n32\embedded\adc_sample\MDK\output\flashcode\flashcode.axf"
After Build - User command #2: fromelf -c "D:\cccc2020\CODE\workspace\bfsk_n32\embedded\adc_sample\MDK\output\flashcode\flashcode.axf" -o "D:\cccc2020\CODE\workspace\bfsk_n32\embedded\adc_sample\MDK\output\flashcode\flashcode.asm"
".\output\flashcode\flashcode.axf" - 0 Error(s), 0 Warning(s).

<h2>Software Packages used:</h2>

Package Vendor: Nationstech
                http://www.keil.com/pack/Nationstech.N32G4FR_DFP.1.0.1.pack
                Nationstech.N32G4FR_DFP.1.0.1
                Nationstech N32G4FR Series Device Support, Drivers and Examples

<h2>Collection of Component include folders:</h2>
  d:\Keil_v5\Arm\Packs\Nationstech\N32G4FR_DFP\1.0.1\firmware\CMSIS\device

<h2>Collection of Component Files used:</h2>
Build Time Elapsed:  00:00:01
</pre>
</body>
</html>
