Component: ARM Compiler 6.14.1 Tool: armlink [5db06d00]

==============================================================================

Image Symbol Table

    Local Symbols

    Symbol Name                              Value     Ov Type        Size  Object(Section)

    ../clib/microlib/division.c              0x00000000   Number         0  uidiv.o ABSOLUTE
    ../clib/microlib/division.c              0x00000000   Number         0  uldiv.o ABSOLUTE
    ../clib/microlib/init/entry.s            0x00000000   Number         0  entry.o ABSOLUTE
    ../clib/microlib/init/entry.s            0x00000000   Number         0  entry2.o ABSOLUTE
    ../clib/microlib/init/entry.s            0x00000000   Number         0  entry5.o ABSOLUTE
    ../clib/microlib/init/entry.s            0x00000000   Number         0  entry7a.o ABSOLUTE
    ../clib/microlib/init/entry.s            0x00000000   Number         0  entry7b.o ABSOLUTE
    ../clib/microlib/init/entry.s            0x00000000   Number         0  entry8a.o ABSOLUTE
    ../clib/microlib/init/entry.s            0x00000000   Number         0  entry8b.o ABSOLUTE
    ../clib/microlib/init/entry.s            0x00000000   Number         0  entry9a.o ABSOLUTE
    ../clib/microlib/init/entry.s            0x00000000   Number         0  entry9b.o ABSOLUTE
    ../clib/microlib/init/entry.s            0x00000000   Number         0  entry10a.o ABSOLUTE
    ../clib/microlib/init/entry.s            0x00000000   Number         0  entry10b.o ABSOLUTE
    ../clib/microlib/init/entry.s            0x00000000   Number         0  entry11a.o ABSOLUTE
    ../clib/microlib/init/entry.s            0x00000000   Number         0  entry11b.o ABSOLUTE
    ../clib/microlib/longlong.c              0x00000000   Number         0  llshl.o ABSOLUTE
    ../clib/microlib/longlong.c              0x00000000   Number         0  llushr.o ABSOLUTE
    ../clib/microlib/longlong.c              0x00000000   Number         0  llsshr.o ABSOLUTE
    ../clib/microlib/printf/printf.c         0x00000000   Number         0  printfa.o ABSOLUTE
    ../clib/microlib/stdio/streams.c         0x00000000   Number         0  stdout.o ABSOLUTE
    ../clib/microlib/string/memcpy.c         0x00000000   Number         0  memcpya.o ABSOLUTE
    ../clib/microlib/string/memcpy.c         0x00000000   Number         0  memcpyb.o ABSOLUTE
    ../clib/microlib/string/strcpy.c         0x00000000   Number         0  strcpy.o ABSOLUTE
    ../clib/microlib/string/strlen.c         0x00000000   Number         0  strlen.o ABSOLUTE
    ../clib/microlib/stubs.s                 0x00000000   Number         0  iusefp.o ABSOLUTE
    ../common/startup_n32g4fr.s              0x00000000   Number         0  startup_n32g4fr.o ABSOLUTE
    ../fplib/microlib/fpadd.c                0x00000000   Number         0  dadd.o ABSOLUTE
    ../fplib/microlib/fpdiv.c                0x00000000   Number         0  ddiv.o ABSOLUTE
    ../fplib/microlib/fpepilogue.c           0x00000000   Number         0  depilogue.o ABSOLUTE
    ../fplib/microlib/fpfix.c                0x00000000   Number         0  dfixul.o ABSOLUTE
    ../fplib/microlib/fpmul.c                0x00000000   Number         0  dmul.o ABSOLUTE
    ..\application\HardFaultHandlerMDK\HardFaultHandler.S 0x00000000   Number         0  hardfaulthandler.o ABSOLUTE
    SEGGER_HardFaultHandler.c                0x00000000   Number         0  segger_hardfaulthandler.o ABSOLUTE
    SEGGER_RTT.c                             0x00000000   Number         0  segger_rtt.o ABSOLUTE
    SEGGER_RTT_printf.c                      0x00000000   Number         0  segger_rtt_printf.o ABSOLUTE
    app.c                                    0x00000000   Number         0  app.o ABSOLUTE
    cdrcmple.s                               0x00000000   Number         0  cdrcmple.o ABSOLUTE
    dc.s                                     0x00000000   Number         0  dc.o ABSOLUTE
    delay.c                                  0x00000000   Number         0  delay.o ABSOLUTE
    handlers.s                               0x00000000   Number         0  handlers.o ABSOLUTE
    init.s                                   0x00000000   Number         0  init.o ABSOLUTE
    log.c                                    0x00000000   Number         0  log.o ABSOLUTE
    main.c                                   0x00000000   Number         0  main.o ABSOLUTE
    misc.c                                   0x00000000   Number         0  misc.o ABSOLUTE
    n32g4fr_adc.c                            0x00000000   Number         0  n32g4fr_adc.o ABSOLUTE
    n32g4fr_bkp.c                            0x00000000   Number         0  n32g4fr_bkp.o ABSOLUTE
    n32g4fr_can.c                            0x00000000   Number         0  n32g4fr_can.o ABSOLUTE
    n32g4fr_crc.c                            0x00000000   Number         0  n32g4fr_crc.o ABSOLUTE
    n32g4fr_dac.c                            0x00000000   Number         0  n32g4fr_dac.o ABSOLUTE
    n32g4fr_dbg.c                            0x00000000   Number         0  n32g4fr_dbg.o ABSOLUTE
    n32g4fr_dma.c                            0x00000000   Number         0  n32g4fr_dma.o ABSOLUTE
    n32g4fr_dvp.c                            0x00000000   Number         0  n32g4fr_dvp.o ABSOLUTE
    n32g4fr_exti.c                           0x00000000   Number         0  n32g4fr_exti.o ABSOLUTE
    n32g4fr_flash.c                          0x00000000   Number         0  n32g4fr_flash.o ABSOLUTE
    n32g4fr_gpio.c                           0x00000000   Number         0  n32g4fr_gpio.o ABSOLUTE
    n32g4fr_i2c.c                            0x00000000   Number         0  n32g4fr_i2c.o ABSOLUTE
    n32g4fr_it.c                             0x00000000   Number         0  n32g4fr_it.o ABSOLUTE
    n32g4fr_iwdg.c                           0x00000000   Number         0  n32g4fr_iwdg.o ABSOLUTE
    n32g4fr_pwr.c                            0x00000000   Number         0  n32g4fr_pwr.o ABSOLUTE
    n32g4fr_qspi.c                           0x00000000   Number         0  n32g4fr_qspi.o ABSOLUTE
    n32g4fr_rcc.c                            0x00000000   Number         0  n32g4fr_rcc.o ABSOLUTE
    n32g4fr_rtc.c                            0x00000000   Number         0  n32g4fr_rtc.o ABSOLUTE
    n32g4fr_sdio.c                           0x00000000   Number         0  n32g4fr_sdio.o ABSOLUTE
    n32g4fr_spi.c                            0x00000000   Number         0  n32g4fr_spi.o ABSOLUTE
    n32g4fr_tim.c                            0x00000000   Number         0  n32g4fr_tim.o ABSOLUTE
    n32g4fr_tsc.c                            0x00000000   Number         0  n32g4fr_tsc.o ABSOLUTE
    n32g4fr_usart.c                          0x00000000   Number         0  n32g4fr_usart.o ABSOLUTE
    n32g4fr_wwdg.c                           0x00000000   Number         0  n32g4fr_wwdg.o ABSOLUTE
    n32g4fr_xfmc.c                           0x00000000   Number         0  n32g4fr_xfmc.o ABSOLUTE
    system_n32g4fr.c                         0x00000000   Number         0  system_n32g4fr.o ABSOLUTE
    systick.c                                0x00000000   Number         0  systick.o ABSOLUTE
    RESET                                    0x20000000   Section      408  startup_n32g4fr.o(RESET)
    .ARM.Collect$$$$00000000                 0x20000198   Section        0  entry.o(.ARM.Collect$$$$00000000)
    .ARM.Collect$$$$00000001                 0x20000198   Section        4  entry2.o(.ARM.Collect$$$$00000001)
    .ARM.Collect$$$$00000004                 0x2000019c   Section        4  entry5.o(.ARM.Collect$$$$00000004)
    .ARM.Collect$$$$00000008                 0x200001a0   Section        0  entry7b.o(.ARM.Collect$$$$00000008)
    .ARM.Collect$$$$0000000A                 0x200001a0   Section        0  entry8b.o(.ARM.Collect$$$$0000000A)
    .ARM.Collect$$$$0000000B                 0x200001a0   Section        8  entry9a.o(.ARM.Collect$$$$0000000B)
    __lit__00000000                          0x200001a8   Data           4  entry2.o(.ARM.Collect$$$$00002712)
    .ARM.Collect$$$$0000000D                 0x200001a8   Section        0  entry10a.o(.ARM.Collect$$$$0000000D)
    .ARM.Collect$$$$0000000F                 0x200001a8   Section        0  entry11a.o(.ARM.Collect$$$$0000000F)
    .ARM.Collect$$$$00002712                 0x200001a8   Section        4  entry2.o(.ARM.Collect$$$$00002712)
    $v0                                      0x200001ac   Number         0  startup_n32g4fr.o(.text)
    .text                                    0x200001ac   Section       36  startup_n32g4fr.o(.text)
    .text                                    0x200001d0   Section        0  memcpya.o(.text)
    .text                                    0x200001f4   Section        0  strcpy.o(.text)
    .text                                    0x20000206   Section        0  uidiv.o(.text)
    .text                                    0x20000232   Section        0  uldiv.o(.text)
    .text                                    0x20000294   Section        0  iusefp.o(.text)
    .text                                    0x20000294   Section        0  dadd.o(.text)
    .text                                    0x200003e2   Section        0  dmul.o(.text)
    .text                                    0x200004c6   Section        0  ddiv.o(.text)
    .text                                    0x200005a4   Section        0  dfixul.o(.text)
    .text                                    0x200005d4   Section       48  cdrcmple.o(.text)
    .text                                    0x20000604   Section       36  init.o(.text)
    .text                                    0x20000628   Section        0  llshl.o(.text)
    .text                                    0x20000646   Section        0  llushr.o(.text)
    .text                                    0x20000666   Section        0  llsshr.o(.text)
    .text                                    0x2000068a   Section        0  depilogue.o(.text)
    [Anonymous Symbol]                       0x20000744   Section        0  n32g4fr_adc.o(.text.ADC_ClearFlag)
    [Anonymous Symbol]                       0x20000760   Section        0  n32g4fr_adc.o(.text.ADC_ConfigClk)
    [Anonymous Symbol]                       0x2000079c   Section        0  n32g4fr_adc.o(.text.ADC_ConfigRegularChannel)
    [Anonymous Symbol]                       0x2000095c   Section        0  n32g4fr_adc.o(.text.ADC_Enable)
    [Anonymous Symbol]                       0x2000098c   Section        0  n32g4fr_adc.o(.text.ADC_EnableSoftwareStartConv)
    [Anonymous Symbol]                       0x200009bc   Section        0  n32g4fr_adc.o(.text.ADC_GetCalibrationStatus)
    [Anonymous Symbol]                       0x200009ec   Section        0  n32g4fr_adc.o(.text.ADC_GetDat)
    [Anonymous Symbol]                       0x200009fc   Section        0  main.o(.text.ADC_GetData)
    [Anonymous Symbol]                       0x20000a5c   Section        0  n32g4fr_adc.o(.text.ADC_GetFlagStatus)
    [Anonymous Symbol]                       0x20000a94   Section        0  n32g4fr_adc.o(.text.ADC_GetFlagStatusNew)
    [Anonymous Symbol]                       0x20000acc   Section        0  n32g4fr_adc.o(.text.ADC_Init)
    [Anonymous Symbol]                       0x20000b68   Section        0  main.o(.text.ADC_Initial)
    [Anonymous Symbol]                       0x20000bcc   Section        0  n32g4fr_adc.o(.text.ADC_StartCalibration)
    [Anonymous Symbol]                       0x20000be0   Section        0  n32g4fr_it.o(.text.BusFault_Handler)
    [Anonymous Symbol]                       0x20000be4   Section        0  n32g4fr_it.o(.text.DebugMon_Handler)
    [Anonymous Symbol]                       0x20000be8   Section        0  n32g4fr_gpio.o(.text.GPIO_ConfigPinRemap)
    [Anonymous Symbol]                       0x20001008   Section        0  n32g4fr_gpio.o(.text.GPIO_InitPeripheral)
    [Anonymous Symbol]                       0x20001198   Section        0  n32g4fr_gpio.o(.text.GPIO_ReadInputDataBit)
    [Anonymous Symbol]                       0x200011d0   Section        0  segger_hardfaulthandler.o(.text.HardFaultHandler)
    [Anonymous Symbol]                       0x200012e8   Section        0  main.o(.text.KeyInputInit)
    [Anonymous Symbol]                       0x200013e8   Section        0  main.o(.text.LedBlink)
    [Anonymous Symbol]                       0x20001404   Section        0  main.o(.text.LedInit)
    [Anonymous Symbol]                       0x20001504   Section        0  main.o(.text.LedOn)
    [Anonymous Symbol]                       0x2000151c   Section        0  n32g4fr_it.o(.text.MemManage_Handler)
    [Anonymous Symbol]                       0x20001520   Section        0  n32g4fr_it.o(.text.NMI_Handler)
    [Anonymous Symbol]                       0x20001524   Section        0  n32g4fr_rcc.o(.text.RCC_ConfigAdcHclk)
    [Anonymous Symbol]                       0x20001550   Section        0  n32g4fr_rcc.o(.text.RCC_ConfigAdcPllClk)
    [Anonymous Symbol]                       0x200015a8   Section        0  main.o(.text.RCC_Configuration)
    [Anonymous Symbol]                       0x200015e0   Section        0  n32g4fr_rcc.o(.text.RCC_EnableAHBPeriphClk)
    [Anonymous Symbol]                       0x20001620   Section        0  n32g4fr_rcc.o(.text.RCC_EnableAPB2PeriphClk)
    [Anonymous Symbol]                       0x20001660   Section        0  n32g4fr_rcc.o(.text.RCC_GetClocksFreqValue)
    [Anonymous Symbol]                       0x20001828   Section        0  segger_rtt.o(.text.SEGGER_RTT_Init)
    [Anonymous Symbol]                       0x20001830   Section        0  segger_rtt.o(.text.SEGGER_RTT_Write)
    [Anonymous Symbol]                       0x20001880   Section        0  segger_rtt.o(.text.SEGGER_RTT_WriteNoLock)
    [Anonymous Symbol]                       0x20001934   Section        0  segger_rtt_printf.o(.text.SEGGER_RTT_printf)
    [Anonymous Symbol]                       0x20001960   Section        0  segger_rtt_printf.o(.text.SEGGER_RTT_vprintf)
    [Anonymous Symbol]                       0x20001ca8   Section        0  n32g4fr_it.o(.text.SVC_Handler)
    SetSysClock                              0x20001cad   Thumb Code   330  system_n32g4fr.o(.text.SetSysClock)
    [Anonymous Symbol]                       0x20001cac   Section        0  system_n32g4fr.o(.text.SetSysClock)
    SysTick_Config                           0x20001df9   Thumb Code    82  systick.o(.text.SysTick_Config)
    [Anonymous Symbol]                       0x20001df8   Section        0  systick.o(.text.SysTick_Config)
    [Anonymous Symbol]                       0x20001e4c   Section        0  n32g4fr_it.o(.text.SysTick_Handler)
    [Anonymous Symbol]                       0x20001e54   Section        0  system_n32g4fr.o(.text.SystemInit)
    [Anonymous Symbol]                       0x20001f14   Section        0  n32g4fr_usart.o(.text.USART_Enable)
    [Anonymous Symbol]                       0x20001f44   Section        0  n32g4fr_usart.o(.text.USART_GetFlagStatus)
    [Anonymous Symbol]                       0x20001f8c   Section        0  n32g4fr_usart.o(.text.USART_Init)
    [Anonymous Symbol]                       0x200020b4   Section        0  n32g4fr_usart.o(.text.USART_SendData)
    [Anonymous Symbol]                       0x200020d0   Section        0  n32g4fr_it.o(.text.UsageFault_Handler)
    _DoInit                                  0x200020d5   Thumb Code   162  segger_rtt.o(.text._DoInit)
    [Anonymous Symbol]                       0x200020d4   Section        0  segger_rtt.o(.text._DoInit)
    _GetAvailWriteSpace                      0x20002179   Thumb Code    62  segger_rtt.o(.text._GetAvailWriteSpace)
    [Anonymous Symbol]                       0x20002178   Section        0  segger_rtt.o(.text._GetAvailWriteSpace)
    _PrintInt                                0x200021b9   Thumb Code   484  segger_rtt_printf.o(.text._PrintInt)
    [Anonymous Symbol]                       0x200021b8   Section        0  segger_rtt_printf.o(.text._PrintInt)
    _PrintUnsigned                           0x2000239d   Thumb Code   446  segger_rtt_printf.o(.text._PrintUnsigned)
    [Anonymous Symbol]                       0x2000239c   Section        0  segger_rtt_printf.o(.text._PrintUnsigned)
    _StoreChar                               0x2000255d   Thumb Code   120  segger_rtt_printf.o(.text._StoreChar)
    [Anonymous Symbol]                       0x2000255c   Section        0  segger_rtt_printf.o(.text._StoreChar)
    _WriteBlocking                           0x200025d5   Thumb Code   228  segger_rtt.o(.text._WriteBlocking)
    [Anonymous Symbol]                       0x200025d4   Section        0  segger_rtt.o(.text._WriteBlocking)
    _WriteNoCheck                            0x200026b9   Thumb Code   148  segger_rtt.o(.text._WriteNoCheck)
    [Anonymous Symbol]                       0x200026b8   Section        0  segger_rtt.o(.text._WriteNoCheck)
    __NVIC_SetPriority                       0x2000274d   Thumb Code    68  systick.o(.text.__NVIC_SetPriority)
    [Anonymous Symbol]                       0x2000274c   Section        0  systick.o(.text.__NVIC_SetPriority)
    [Anonymous Symbol]                       0x20002790   Section        0  main.o(.text.analog_pin_config)
    [Anonymous Symbol]                       0x200027c8   Section        0  app.o(.text.app)
    [Anonymous Symbol]                       0x200027d4   Section        0  systick.o(.text.delay_1ms)
    [Anonymous Symbol]                       0x200027fc   Section        0  systick.o(.text.delay_decrement)
    [Anonymous Symbol]                       0x20002820   Section        0  main.o(.text.fputc)
    [Anonymous Symbol]                       0x20002858   Section        0  main.o(.text.led_init)
    [Anonymous Symbol]                       0x200028a0   Section        0  main.o(.text.main)
    [Anonymous Symbol]                       0x20002a38   Section        0  main.o(.text.segger_init)
    [Anonymous Symbol]                       0x20002a84   Section        0  systick.o(.text.systick_config)
    [Anonymous Symbol]                       0x20002ac0   Section        0  main.o(.text.tick_init)
    [Anonymous Symbol]                       0x20002ac8   Section        0  main.o(.text.uart_init)
    [Anonymous Symbol]                       0x20002b44   Section        0  main.o(.text.user_button_init)
    $v0                                      0x20002b6c   Number         0  hardfaulthandler.o(OSKERNEL)
    OSKERNEL                                 0x20002b6c   Section       18  hardfaulthandler.o(OSKERNEL)
    i.__0printf                              0x20002b80   Section        0  printfa.o(i.__0printf)
    i.__scatterload_copy                     0x20002ba0   Section       14  handlers.o(i.__scatterload_copy)
    i.__scatterload_null                     0x20002bae   Section        2  handlers.o(i.__scatterload_null)
    i.__scatterload_zeroinit                 0x20002bb0   Section       14  handlers.o(i.__scatterload_zeroinit)
    _fp_digits                               0x20002bc1   Thumb Code   366  printfa.o(i._fp_digits)
    i._fp_digits                             0x20002bc0   Section        0  printfa.o(i._fp_digits)
    _printf_core                             0x20002d45   Thumb Code  1744  printfa.o(i._printf_core)
    i._printf_core                           0x20002d44   Section        0  printfa.o(i._printf_core)
    _printf_post_padding                     0x20003421   Thumb Code    36  printfa.o(i._printf_post_padding)
    i._printf_post_padding                   0x20003420   Section        0  printfa.o(i._printf_post_padding)
    _printf_pre_padding                      0x20003445   Thumb Code    46  printfa.o(i._printf_pre_padding)
    i._printf_pre_padding                    0x20003444   Section        0  printfa.o(i._printf_pre_padding)
    _PrintUnsigned._aV2C                     0x20003472   Data          16  segger_rtt_printf.o(.rodata._PrintUnsigned._aV2C)
    [Anonymous Symbol]                       0x20003472   Section        0  segger_rtt_printf.o(.rodata._PrintUnsigned._aV2C)
    s_AdcHclkPresTable                       0x20003482   Data          16  n32g4fr_rcc.o(.rodata.s_AdcHclkPresTable)
    [Anonymous Symbol]                       0x20003482   Section        0  n32g4fr_rcc.o(.rodata.s_AdcHclkPresTable)
    s_AdcPllClkPresTable                     0x20003492   Data          32  n32g4fr_rcc.o(.rodata.s_AdcPllClkPresTable)
    [Anonymous Symbol]                       0x20003492   Section        0  n32g4fr_rcc.o(.rodata.s_AdcPllClkPresTable)
    s_ApbAhbPresTable                        0x200034b2   Data          16  n32g4fr_rcc.o(.rodata.s_ApbAhbPresTable)
    [Anonymous Symbol]                       0x200034b2   Section        0  n32g4fr_rcc.o(.rodata.s_ApbAhbPresTable)
    .L.str.7                                 0x200034c2   Data          16  main.o(.rodata.str1.1)
    [Anonymous Symbol]                       0x200034c2   Section        0  main.o(.rodata.str1.1)
    .L.str.8                                 0x200034d2   Data          16  main.o(.rodata.str1.1)
    .L.str.9                                 0x200034e2   Data          16  main.o(.rodata.str1.1)
    .L.str.6                                 0x200034f2   Data          27  main.o(.rodata.str1.1)
    .L.str.10                                0x2000350d   Data          28  main.o(.rodata.str1.1)
    .L.str.3                                 0x20003529   Data          23  main.o(.rodata.str1.1)
    .L.str                                   0x20003540   Data          31  main.o(.rodata.str1.1)
    .L.str.4                                 0x2000355f   Data          12  main.o(.rodata.str1.1)
    .L.str.5                                 0x2000356b   Data           9  main.o(.rodata.str1.1)
    .L.str.2                                 0x20003574   Data           5  main.o(.rodata.str1.1)
    .L.str.1                                 0x20003579   Data           8  main.o(.rodata.str1.1)
    .L.str.2                                 0x20003581   Data           7  segger_rtt.o(.rodata.str1.1)
    [Anonymous Symbol]                       0x20003581   Section        0  segger_rtt.o(.rodata.str1.1)
    .L.str.1                                 0x20003588   Data           4  segger_rtt.o(.rodata.str1.1)
    .L.str                                   0x2000358c   Data           9  segger_rtt.o(.rodata.str1.1)
    .data                                    0x20010000   Section        4  stdout.o(.data)
    HardFaultRegs                            0x20010014   Data          64  segger_hardfaulthandler.o(.bss.HardFaultRegs)
    [Anonymous Symbol]                       0x20010014   Section        0  segger_hardfaulthandler.o(.bss.HardFaultRegs)
    _Continue                                0x20010054   Data           4  segger_hardfaulthandler.o(.bss._Continue)
    [Anonymous Symbol]                       0x20010054   Section        0  segger_hardfaulthandler.o(.bss._Continue)
    _acDownBuffer                            0x20010100   Data          16  segger_rtt.o(.bss._acDownBuffer)
    [Anonymous Symbol]                       0x20010100   Section        0  segger_rtt.o(.bss._acDownBuffer)
    _acUpBuffer                              0x20010110   Data        1024  segger_rtt.o(.bss._acUpBuffer)
    [Anonymous Symbol]                       0x20010110   Section        0  segger_rtt.o(.bss._acUpBuffer)
    delay                                    0x20010510   Data           4  systick.o(.bss.delay)
    [Anonymous Symbol]                       0x20010510   Section        0  systick.o(.bss.delay)
    STACK                                    0x20010518   Section     2048  startup_n32g4fr.o(STACK)

    Global Symbols

    Symbol Name                              Value     Ov Type        Size  Object(Section)

    BuildAttributes$$THM_ISAv4$E$P$D$K$B$S$7EM$VFPi3$EXTD16$VFPS$VFMA$PE$A:L22UL41UL21$X:L11$S22US41US21$IEEE1$IW$~IW$USESV6$~STKCKD$USESV7$~SHL$OSPACE$ROPI$EBA8$MICROLIB$REQ8$PRES8$EABIv2 0x00000000   Number         0  anon$$obj.o ABSOLUTE
    __cpp_initialize__aeabi_                  - Undefined Weak Reference
    __cxa_finalize                            - Undefined Weak Reference
    __decompress                              - Undefined Weak Reference
    _clock_init                               - Undefined Weak Reference
    _microlib_exit                            - Undefined Weak Reference
    __Vectors_Size                           0x00000198   Number         0  startup_n32g4fr.o ABSOLUTE
    __Vectors                                0x20000000   Data           4  startup_n32g4fr.o(RESET)
    __Vectors_End                            0x20000198   Data           0  startup_n32g4fr.o(RESET)
    __main                                   0x20000199   Thumb Code     0  entry.o(.ARM.Collect$$$$00000000)
    _main_stk                                0x20000199   Thumb Code     0  entry2.o(.ARM.Collect$$$$00000001)
    _main_scatterload                        0x2000019d   Thumb Code     0  entry5.o(.ARM.Collect$$$$00000004)
    __main_after_scatterload                 0x200001a1   Thumb Code     0  entry5.o(.ARM.Collect$$$$00000004)
    _main_clock                              0x200001a1   Thumb Code     0  entry7b.o(.ARM.Collect$$$$00000008)
    _main_cpp_init                           0x200001a1   Thumb Code     0  entry8b.o(.ARM.Collect$$$$0000000A)
    _main_init                               0x200001a1   Thumb Code     0  entry9a.o(.ARM.Collect$$$$0000000B)
    __rt_final_cpp                           0x200001a9   Thumb Code     0  entry10a.o(.ARM.Collect$$$$0000000D)
    __rt_final_exit                          0x200001a9   Thumb Code     0  entry11a.o(.ARM.Collect$$$$0000000F)
    Reset_Handler                            0x200001ad   Thumb Code     8  startup_n32g4fr.o(.text)
    PendSV_Handler                           0x200001c3   Thumb Code     2  startup_n32g4fr.o(.text)
    ADC1_2_IRQHandler                        0x200001c7   Thumb Code     0  startup_n32g4fr.o(.text)
    ADC3_4_IRQHandler                        0x200001c7   Thumb Code     0  startup_n32g4fr.o(.text)
    CAN1_RX1_IRQHandler                      0x200001c7   Thumb Code     0  startup_n32g4fr.o(.text)
    CAN1_SCE_IRQHandler                      0x200001c7   Thumb Code     0  startup_n32g4fr.o(.text)
    CAN2_RX0_IRQHandler                      0x200001c7   Thumb Code     0  startup_n32g4fr.o(.text)
    CAN2_RX1_IRQHandler                      0x200001c7   Thumb Code     0  startup_n32g4fr.o(.text)
    CAN2_SCE_IRQHandler                      0x200001c7   Thumb Code     0  startup_n32g4fr.o(.text)
    CAN2_TX_IRQHandler                       0x200001c7   Thumb Code     0  startup_n32g4fr.o(.text)
    COMP7_IRQHandler                         0x200001c7   Thumb Code     0  startup_n32g4fr.o(.text)
    COMP_1_2_3_IRQHandler                    0x200001c7   Thumb Code     0  startup_n32g4fr.o(.text)
    COMP_4_5_6_IRQHandler                    0x200001c7   Thumb Code     0  startup_n32g4fr.o(.text)
    DMA1_Channel1_IRQHandler                 0x200001c7   Thumb Code     0  startup_n32g4fr.o(.text)
    DMA1_Channel2_IRQHandler                 0x200001c7   Thumb Code     0  startup_n32g4fr.o(.text)
    DMA1_Channel3_IRQHandler                 0x200001c7   Thumb Code     0  startup_n32g4fr.o(.text)
    DMA1_Channel4_IRQHandler                 0x200001c7   Thumb Code     0  startup_n32g4fr.o(.text)
    DMA1_Channel5_IRQHandler                 0x200001c7   Thumb Code     0  startup_n32g4fr.o(.text)
    DMA1_Channel6_IRQHandler                 0x200001c7   Thumb Code     0  startup_n32g4fr.o(.text)
    DMA1_Channel7_IRQHandler                 0x200001c7   Thumb Code     0  startup_n32g4fr.o(.text)
    DMA1_Channel8_IRQHandler                 0x200001c7   Thumb Code     0  startup_n32g4fr.o(.text)
    DMA2_Channel1_IRQHandler                 0x200001c7   Thumb Code     0  startup_n32g4fr.o(.text)
    DMA2_Channel2_IRQHandler                 0x200001c7   Thumb Code     0  startup_n32g4fr.o(.text)
    DMA2_Channel3_IRQHandler                 0x200001c7   Thumb Code     0  startup_n32g4fr.o(.text)
    DMA2_Channel4_IRQHandler                 0x200001c7   Thumb Code     0  startup_n32g4fr.o(.text)
    DMA2_Channel5_IRQHandler                 0x200001c7   Thumb Code     0  startup_n32g4fr.o(.text)
    DMA2_Channel6_IRQHandler                 0x200001c7   Thumb Code     0  startup_n32g4fr.o(.text)
    DMA2_Channel7_IRQHandler                 0x200001c7   Thumb Code     0  startup_n32g4fr.o(.text)
    DMA2_Channel8_IRQHandler                 0x200001c7   Thumb Code     0  startup_n32g4fr.o(.text)
    DVP_IRQHandler                           0x200001c7   Thumb Code     0  startup_n32g4fr.o(.text)
    ETH_IRQHandler                           0x200001c7   Thumb Code     0  startup_n32g4fr.o(.text)
    ETH_WKUP_IRQHandler                      0x200001c7   Thumb Code     0  startup_n32g4fr.o(.text)
    EXTI0_IRQHandler                         0x200001c7   Thumb Code     0  startup_n32g4fr.o(.text)
    EXTI15_10_IRQHandler                     0x200001c7   Thumb Code     0  startup_n32g4fr.o(.text)
    EXTI1_IRQHandler                         0x200001c7   Thumb Code     0  startup_n32g4fr.o(.text)
    EXTI2_IRQHandler                         0x200001c7   Thumb Code     0  startup_n32g4fr.o(.text)
    EXTI3_IRQHandler                         0x200001c7   Thumb Code     0  startup_n32g4fr.o(.text)
    EXTI4_IRQHandler                         0x200001c7   Thumb Code     0  startup_n32g4fr.o(.text)
    EXTI9_5_IRQHandler                       0x200001c7   Thumb Code     0  startup_n32g4fr.o(.text)
    FLASH_IRQHandler                         0x200001c7   Thumb Code     0  startup_n32g4fr.o(.text)
    I2C1_ER_IRQHandler                       0x200001c7   Thumb Code     0  startup_n32g4fr.o(.text)
    I2C1_EV_IRQHandler                       0x200001c7   Thumb Code     0  startup_n32g4fr.o(.text)
    I2C2_ER_IRQHandler                       0x200001c7   Thumb Code     0  startup_n32g4fr.o(.text)
    I2C2_EV_IRQHandler                       0x200001c7   Thumb Code     0  startup_n32g4fr.o(.text)
    I2C3_ER_IRQHandler                       0x200001c7   Thumb Code     0  startup_n32g4fr.o(.text)
    I2C3_EV_IRQHandler                       0x200001c7   Thumb Code     0  startup_n32g4fr.o(.text)
    I2C4_ER_IRQHandler                       0x200001c7   Thumb Code     0  startup_n32g4fr.o(.text)
    I2C4_EV_IRQHandler                       0x200001c7   Thumb Code     0  startup_n32g4fr.o(.text)
    MMU_IRQHandler                           0x200001c7   Thumb Code     0  startup_n32g4fr.o(.text)
    PVD_IRQHandler                           0x200001c7   Thumb Code     0  startup_n32g4fr.o(.text)
    QSPI_IRQHandler                          0x200001c7   Thumb Code     0  startup_n32g4fr.o(.text)
    RCC_IRQHandler                           0x200001c7   Thumb Code     0  startup_n32g4fr.o(.text)
    RSRAM_IRQHandler                         0x200001c7   Thumb Code     0  startup_n32g4fr.o(.text)
    RTCAlarm_IRQHandler                      0x200001c7   Thumb Code     0  startup_n32g4fr.o(.text)
    RTC_WKUP_IRQHandler                      0x200001c7   Thumb Code     0  startup_n32g4fr.o(.text)
    SAC_IRQHandler                           0x200001c7   Thumb Code     0  startup_n32g4fr.o(.text)
    SDIO_IRQHandler                          0x200001c7   Thumb Code     0  startup_n32g4fr.o(.text)
    SPI1_IRQHandler                          0x200001c7   Thumb Code     0  startup_n32g4fr.o(.text)
    SPI2_IRQHandler                          0x200001c7   Thumb Code     0  startup_n32g4fr.o(.text)
    SPI3_IRQHandler                          0x200001c7   Thumb Code     0  startup_n32g4fr.o(.text)
    TAMPER_IRQHandler                        0x200001c7   Thumb Code     0  startup_n32g4fr.o(.text)
    TIM1_BRK_IRQHandler                      0x200001c7   Thumb Code     0  startup_n32g4fr.o(.text)
    TIM1_CC_IRQHandler                       0x200001c7   Thumb Code     0  startup_n32g4fr.o(.text)
    TIM1_TRG_COM_IRQHandler                  0x200001c7   Thumb Code     0  startup_n32g4fr.o(.text)
    TIM1_UP_IRQHandler                       0x200001c7   Thumb Code     0  startup_n32g4fr.o(.text)
    TIM2_IRQHandler                          0x200001c7   Thumb Code     0  startup_n32g4fr.o(.text)
    TIM3_IRQHandler                          0x200001c7   Thumb Code     0  startup_n32g4fr.o(.text)
    TIM4_IRQHandler                          0x200001c7   Thumb Code     0  startup_n32g4fr.o(.text)
    TIM5_IRQHandler                          0x200001c7   Thumb Code     0  startup_n32g4fr.o(.text)
    TIM6_IRQHandler                          0x200001c7   Thumb Code     0  startup_n32g4fr.o(.text)
    TIM7_IRQHandler                          0x200001c7   Thumb Code     0  startup_n32g4fr.o(.text)
    TIM8_BRK_IRQHandler                      0x200001c7   Thumb Code     0  startup_n32g4fr.o(.text)
    TIM8_CC_IRQHandler                       0x200001c7   Thumb Code     0  startup_n32g4fr.o(.text)
    TIM8_TRG_COM_IRQHandler                  0x200001c7   Thumb Code     0  startup_n32g4fr.o(.text)
    TIM8_UP_IRQHandler                       0x200001c7   Thumb Code     0  startup_n32g4fr.o(.text)
    TSC_IRQHandler                           0x200001c7   Thumb Code     0  startup_n32g4fr.o(.text)
    UART4_IRQHandler                         0x200001c7   Thumb Code     0  startup_n32g4fr.o(.text)
    UART5_IRQHandler                         0x200001c7   Thumb Code     0  startup_n32g4fr.o(.text)
    UART6_IRQHandler                         0x200001c7   Thumb Code     0  startup_n32g4fr.o(.text)
    UART7_IRQHandler                         0x200001c7   Thumb Code     0  startup_n32g4fr.o(.text)
    USART1_IRQHandler                        0x200001c7   Thumb Code     0  startup_n32g4fr.o(.text)
    USART2_IRQHandler                        0x200001c7   Thumb Code     0  startup_n32g4fr.o(.text)
    USART3_IRQHandler                        0x200001c7   Thumb Code     0  startup_n32g4fr.o(.text)
    USBWakeUp_IRQHandler                     0x200001c7   Thumb Code     0  startup_n32g4fr.o(.text)
    USB_HP_CAN1_TX_IRQHandler                0x200001c7   Thumb Code     0  startup_n32g4fr.o(.text)
    USB_LP_CAN1_RX0_IRQHandler               0x200001c7   Thumb Code     0  startup_n32g4fr.o(.text)
    WWDG_IRQHandler                          0x200001c7   Thumb Code     0  startup_n32g4fr.o(.text)
    XFMC_IRQHandler                          0x200001c7   Thumb Code     0  startup_n32g4fr.o(.text)
    __aeabi_memcpy                           0x200001d1   Thumb Code    36  memcpya.o(.text)
    __aeabi_memcpy4                          0x200001d1   Thumb Code     0  memcpya.o(.text)
    __aeabi_memcpy8                          0x200001d1   Thumb Code     0  memcpya.o(.text)
    strcpy                                   0x200001f5   Thumb Code    18  strcpy.o(.text)
    __aeabi_uidiv                            0x20000207   Thumb Code     0  uidiv.o(.text)
    __aeabi_uidivmod                         0x20000207   Thumb Code    44  uidiv.o(.text)
    __aeabi_uldivmod                         0x20000233   Thumb Code    98  uldiv.o(.text)
    __I$use$fp                               0x20000295   Thumb Code     0  iusefp.o(.text)
    __aeabi_dadd                             0x20000295   Thumb Code   322  dadd.o(.text)
    __aeabi_dsub                             0x200003d7   Thumb Code     6  dadd.o(.text)
    __aeabi_drsub                            0x200003dd   Thumb Code     6  dadd.o(.text)
    __aeabi_dmul                             0x200003e3   Thumb Code   228  dmul.o(.text)
    __aeabi_ddiv                             0x200004c7   Thumb Code   222  ddiv.o(.text)
    __aeabi_d2ulz                            0x200005a5   Thumb Code    48  dfixul.o(.text)
    __aeabi_cdrcmple                         0x200005d5   Thumb Code    48  cdrcmple.o(.text)
    __scatterload                            0x20000605   Thumb Code    28  init.o(.text)
    __scatterload_rt2                        0x20000605   Thumb Code     0  init.o(.text)
    __aeabi_llsl                             0x20000629   Thumb Code    30  llshl.o(.text)
    _ll_shift_l                              0x20000629   Thumb Code     0  llshl.o(.text)
    __aeabi_llsr                             0x20000647   Thumb Code    32  llushr.o(.text)
    _ll_ushift_r                             0x20000647   Thumb Code     0  llushr.o(.text)
    __aeabi_lasr                             0x20000667   Thumb Code    36  llsshr.o(.text)
    _ll_sshift_r                             0x20000667   Thumb Code     0  llsshr.o(.text)
    _double_round                            0x2000068b   Thumb Code    30  depilogue.o(.text)
    _double_epilogue                         0x200006a9   Thumb Code   156  depilogue.o(.text)
    ADC_ClearFlag                            0x20000745   Thumb Code    28  n32g4fr_adc.o(.text.ADC_ClearFlag)
    ADC_ConfigClk                            0x20000761   Thumb Code    60  n32g4fr_adc.o(.text.ADC_ConfigClk)
    ADC_ConfigRegularChannel                 0x2000079d   Thumb Code   446  n32g4fr_adc.o(.text.ADC_ConfigRegularChannel)
    ADC_Enable                               0x2000095d   Thumb Code    48  n32g4fr_adc.o(.text.ADC_Enable)
    ADC_EnableSoftwareStartConv              0x2000098d   Thumb Code    48  n32g4fr_adc.o(.text.ADC_EnableSoftwareStartConv)
    ADC_GetCalibrationStatus                 0x200009bd   Thumb Code    46  n32g4fr_adc.o(.text.ADC_GetCalibrationStatus)
    ADC_GetDat                               0x200009ed   Thumb Code    14  n32g4fr_adc.o(.text.ADC_GetDat)
    ADC_GetData                              0x200009fd   Thumb Code    96  main.o(.text.ADC_GetData)
    ADC_GetFlagStatus                        0x20000a5d   Thumb Code    54  n32g4fr_adc.o(.text.ADC_GetFlagStatus)
    ADC_GetFlagStatusNew                     0x20000a95   Thumb Code    54  n32g4fr_adc.o(.text.ADC_GetFlagStatusNew)
    ADC_Init                                 0x20000acd   Thumb Code   154  n32g4fr_adc.o(.text.ADC_Init)
    ADC_Initial                              0x20000b69   Thumb Code    98  main.o(.text.ADC_Initial)
    ADC_StartCalibration                     0x20000bcd   Thumb Code    18  n32g4fr_adc.o(.text.ADC_StartCalibration)
    BusFault_Handler                         0x20000be1   Thumb Code     4  n32g4fr_it.o(.text.BusFault_Handler)
    DebugMon_Handler                         0x20000be5   Thumb Code     2  n32g4fr_it.o(.text.DebugMon_Handler)
    GPIO_ConfigPinRemap                      0x20000be9   Thumb Code  1054  n32g4fr_gpio.o(.text.GPIO_ConfigPinRemap)
    GPIO_InitPeripheral                      0x20001009   Thumb Code   400  n32g4fr_gpio.o(.text.GPIO_InitPeripheral)
    GPIO_ReadInputDataBit                    0x20001199   Thumb Code    54  n32g4fr_gpio.o(.text.GPIO_ReadInputDataBit)
    HardFaultHandler                         0x200011d1   Thumb Code   278  segger_hardfaulthandler.o(.text.HardFaultHandler)
    KeyInputInit                             0x200012e9   Thumb Code   254  main.o(.text.KeyInputInit)
    LedBlink                                 0x200013e9   Thumb Code    26  main.o(.text.LedBlink)
    LedInit                                  0x20001405   Thumb Code   254  main.o(.text.LedInit)
    LedOn                                    0x20001505   Thumb Code    22  main.o(.text.LedOn)
    MemManage_Handler                        0x2000151d   Thumb Code     4  n32g4fr_it.o(.text.MemManage_Handler)
    NMI_Handler                              0x20001521   Thumb Code     2  n32g4fr_it.o(.text.NMI_Handler)
    RCC_ConfigAdcHclk                        0x20001525   Thumb Code    44  n32g4fr_rcc.o(.text.RCC_ConfigAdcHclk)
    RCC_ConfigAdcPllClk                      0x20001551   Thumb Code    88  n32g4fr_rcc.o(.text.RCC_ConfigAdcPllClk)
    RCC_Configuration                        0x200015a9   Thumb Code    54  main.o(.text.RCC_Configuration)
    RCC_EnableAHBPeriphClk                   0x200015e1   Thumb Code    62  n32g4fr_rcc.o(.text.RCC_EnableAHBPeriphClk)
    RCC_EnableAPB2PeriphClk                  0x20001621   Thumb Code    62  n32g4fr_rcc.o(.text.RCC_EnableAPB2PeriphClk)
    RCC_GetClocksFreqValue                   0x20001661   Thumb Code   456  n32g4fr_rcc.o(.text.RCC_GetClocksFreqValue)
    SEGGER_RTT_Init                          0x20001829   Thumb Code     8  segger_rtt.o(.text.SEGGER_RTT_Init)
    SEGGER_RTT_Write                         0x20001831   Thumb Code    78  segger_rtt.o(.text.SEGGER_RTT_Write)
    SEGGER_RTT_WriteNoLock                   0x20001881   Thumb Code   178  segger_rtt.o(.text.SEGGER_RTT_WriteNoLock)
    SEGGER_RTT_printf                        0x20001935   Thumb Code    42  segger_rtt_printf.o(.text.SEGGER_RTT_printf)
    SEGGER_RTT_vprintf                       0x20001961   Thumb Code   840  segger_rtt_printf.o(.text.SEGGER_RTT_vprintf)
    SVC_Handler                              0x20001ca9   Thumb Code     2  n32g4fr_it.o(.text.SVC_Handler)
    SysTick_Handler                          0x20001e4d   Thumb Code     8  n32g4fr_it.o(.text.SysTick_Handler)
    SystemInit                               0x20001e55   Thumb Code   190  system_n32g4fr.o(.text.SystemInit)
    USART_Enable                             0x20001f15   Thumb Code    48  n32g4fr_usart.o(.text.USART_Enable)
    USART_GetFlagStatus                      0x20001f45   Thumb Code    72  n32g4fr_usart.o(.text.USART_GetFlagStatus)
    USART_Init                               0x20001f8d   Thumb Code   296  n32g4fr_usart.o(.text.USART_Init)
    USART_SendData                           0x200020b5   Thumb Code    26  n32g4fr_usart.o(.text.USART_SendData)
    UsageFault_Handler                       0x200020d1   Thumb Code     4  n32g4fr_it.o(.text.UsageFault_Handler)
    analog_pin_config                        0x20002791   Thumb Code    56  main.o(.text.analog_pin_config)
    app                                      0x200027c9   Thumb Code    12  app.o(.text.app)
    delay_1ms                                0x200027d5   Thumb Code    40  systick.o(.text.delay_1ms)
    delay_decrement                          0x200027fd   Thumb Code    34  systick.o(.text.delay_decrement)
    fputc                                    0x20002821   Thumb Code    54  main.o(.text.fputc)
    led_init                                 0x20002859   Thumb Code    72  main.o(.text.led_init)
    main                                     0x200028a1   Thumb Code   408  main.o(.text.main)
    segger_init                              0x20002a39   Thumb Code    76  main.o(.text.segger_init)
    systick_config                           0x20002a85   Thumb Code    60  systick.o(.text.systick_config)
    tick_init                                0x20002ac1   Thumb Code     8  main.o(.text.tick_init)
    uart_init                                0x20002ac9   Thumb Code   122  main.o(.text.uart_init)
    user_button_init                         0x20002b45   Thumb Code    40  main.o(.text.user_button_init)
    HardFault_Handler                        0x20002b6d   Thumb Code     0  hardfaulthandler.o(OSKERNEL)
    __0printf                                0x20002b81   Thumb Code    22  printfa.o(i.__0printf)
    __1printf                                0x20002b81   Thumb Code     0  printfa.o(i.__0printf)
    __2printf                                0x20002b81   Thumb Code     0  printfa.o(i.__0printf)
    __c89printf                              0x20002b81   Thumb Code     0  printfa.o(i.__0printf)
    printf                                   0x20002b81   Thumb Code     0  printfa.o(i.__0printf)
    __scatterload_copy                       0x20002ba1   Thumb Code    14  handlers.o(i.__scatterload_copy)
    __scatterload_null                       0x20002baf   Thumb Code     2  handlers.o(i.__scatterload_null)
    __scatterload_zeroinit                   0x20002bb1   Thumb Code    14  handlers.o(i.__scatterload_zeroinit)
    Region$$Table$$Base                      0x20003598   Number         0  anon$$obj.o(Region$$Table)
    Region$$Table$$Limit                     0x200035b8   Number         0  anon$$obj.o(Region$$Table)
    __stdout                                 0x20010000   Data           4  stdout.o(.data)
    SystemCoreClock                          0x20010004   Data           4  system_n32g4fr.o(.data.SystemCoreClock)
    ADC2ConvertedValue                       0x20010008   Data          10  main.o(.bss.ADC2ConvertedValue)
    _SEGGER_RTT                              0x20010058   Data         168  segger_rtt.o(.bss._SEGGER_RTT)
    __initial_sp                             0x20010d18   Data           0  startup_n32g4fr.o(STACK)



==============================================================================

Memory Map of the image

  Image Entry point : 0x20000199

  Load Region LR_IROM1 (Base: 0x20000000, Size: 0x000035c0, Max: 0x00010000, ABSOLUTE)

    Execution Region ER_IROM1 (Exec base: 0x20000000, Load base: 0x20000000, Size: 0x000035b8, Max: 0x00010000, ABSOLUTE)

    Exec Addr    Load Addr    Size         Type   Attr      Idx    E Section Name        Object

    0x20000000   0x20000000   0x00000198   Data   RO           88    RESET               startup_n32g4fr.o
    0x20000198   0x20000198   0x00000000   Code   RO         1575  * .ARM.Collect$$$$00000000  mc_w.l(entry.o)
    0x20000198   0x20000198   0x00000004   Code   RO         1614    .ARM.Collect$$$$00000001  mc_w.l(entry2.o)
    0x2000019c   0x2000019c   0x00000004   Code   RO         1617    .ARM.Collect$$$$00000004  mc_w.l(entry5.o)
    0x200001a0   0x200001a0   0x00000000   Code   RO         1619    .ARM.Collect$$$$00000008  mc_w.l(entry7b.o)
    0x200001a0   0x200001a0   0x00000000   Code   RO         1621    .ARM.Collect$$$$0000000A  mc_w.l(entry8b.o)
    0x200001a0   0x200001a0   0x00000008   Code   RO         1622    .ARM.Collect$$$$0000000B  mc_w.l(entry9a.o)
    0x200001a8   0x200001a8   0x00000000   Code   RO         1624    .ARM.Collect$$$$0000000D  mc_w.l(entry10a.o)
    0x200001a8   0x200001a8   0x00000000   Code   RO         1626    .ARM.Collect$$$$0000000F  mc_w.l(entry11a.o)
    0x200001a8   0x200001a8   0x00000004   Code   RO         1615    .ARM.Collect$$$$00002712  mc_w.l(entry2.o)
    0x200001ac   0x200001ac   0x00000024   Code   RO           89    .text               startup_n32g4fr.o
    0x200001d0   0x200001d0   0x00000024   Code   RO         1578    .text               mc_w.l(memcpya.o)
    0x200001f4   0x200001f4   0x00000012   Code   RO         1582    .text               mc_w.l(strcpy.o)
    0x20000206   0x20000206   0x0000002c   Code   RO         1629    .text               mc_w.l(uidiv.o)
    0x20000232   0x20000232   0x00000062   Code   RO         1631    .text               mc_w.l(uldiv.o)
    0x20000294   0x20000294   0x00000000   Code   RO         1633    .text               mc_w.l(iusefp.o)
    0x20000294   0x20000294   0x0000014e   Code   RO         1634    .text               mf_w.l(dadd.o)
    0x200003e2   0x200003e2   0x000000e4   Code   RO         1636    .text               mf_w.l(dmul.o)
    0x200004c6   0x200004c6   0x000000de   Code   RO         1638    .text               mf_w.l(ddiv.o)
    0x200005a4   0x200005a4   0x00000030   Code   RO         1640    .text               mf_w.l(dfixul.o)
    0x200005d4   0x200005d4   0x00000030   Code   RO         1642    .text               mf_w.l(cdrcmple.o)
    0x20000604   0x20000604   0x00000024   Code   RO         1644    .text               mc_w.l(init.o)
    0x20000628   0x20000628   0x0000001e   Code   RO         1646    .text               mc_w.l(llshl.o)
    0x20000646   0x20000646   0x00000020   Code   RO         1648    .text               mc_w.l(llushr.o)
    0x20000666   0x20000666   0x00000024   Code   RO         1650    .text               mc_w.l(llsshr.o)
    0x2000068a   0x2000068a   0x000000ba   Code   RO         1652    .text               mf_w.l(depilogue.o)
    0x20000744   0x20000744   0x0000001c   Code   RO          198    .text.ADC_ClearFlag  n32g4fr_adc.o
    0x20000760   0x20000760   0x0000003c   Code   RO          214    .text.ADC_ConfigClk  n32g4fr_adc.o
    0x2000079c   0x2000079c   0x000001be   Code   RO          160    .text.ADC_ConfigRegularChannel  n32g4fr_adc.o
    0x2000095a   0x2000095a   0x00000002   PAD
    0x2000095c   0x2000095c   0x00000030   Code   RO          142    .text.ADC_Enable    n32g4fr_adc.o
    0x2000098c   0x2000098c   0x00000030   Code   RO          152    .text.ADC_EnableSoftwareStartConv  n32g4fr_adc.o
    0x200009bc   0x200009bc   0x0000002e   Code   RO          150    .text.ADC_GetCalibrationStatus  n32g4fr_adc.o
    0x200009ea   0x200009ea   0x00000002   PAD
    0x200009ec   0x200009ec   0x0000000e   Code   RO          164    .text.ADC_GetDat    n32g4fr_adc.o
    0x200009fa   0x200009fa   0x00000002   PAD
    0x200009fc   0x200009fc   0x00000060   Code   RO           57    .text.ADC_GetData   main.o
    0x20000a5c   0x20000a5c   0x00000036   Code   RO          196    .text.ADC_GetFlagStatus  n32g4fr_adc.o
    0x20000a92   0x20000a92   0x00000002   PAD
    0x20000a94   0x20000a94   0x00000036   Code   RO          208    .text.ADC_GetFlagStatusNew  n32g4fr_adc.o
    0x20000aca   0x20000aca   0x00000002   PAD
    0x20000acc   0x20000acc   0x0000009a   Code   RO          138    .text.ADC_Init      n32g4fr_adc.o
    0x20000b66   0x20000b66   0x00000002   PAD
    0x20000b68   0x20000b68   0x00000062   Code   RO           55    .text.ADC_Initial   main.o
    0x20000bca   0x20000bca   0x00000002   PAD
    0x20000bcc   0x20000bcc   0x00000012   Code   RO          148    .text.ADC_StartCalibration  n32g4fr_adc.o
    0x20000bde   0x20000bde   0x00000002   PAD
    0x20000be0   0x20000be0   0x00000004   Code   RO          100    .text.BusFault_Handler  n32g4fr_it.o
    0x20000be4   0x20000be4   0x00000002   Code   RO          106    .text.DebugMon_Handler  n32g4fr_it.o
    0x20000be6   0x20000be6   0x00000002   PAD
    0x20000be8   0x20000be8   0x0000041e   Code   RO          570    .text.GPIO_ConfigPinRemap  n32g4fr_gpio.o
    0x20001006   0x20001006   0x00000002   PAD
    0x20001008   0x20001008   0x00000190   Code   RO          542    .text.GPIO_InitPeripheral  n32g4fr_gpio.o
    0x20001198   0x20001198   0x00000036   Code   RO          546    .text.GPIO_ReadInputDataBit  n32g4fr_gpio.o
    0x200011ce   0x200011ce   0x00000002   PAD
    0x200011d0   0x200011d0   0x00000116   Code   RO         1441    .text.HardFaultHandler  segger_hardfaulthandler.o
    0x200012e6   0x200012e6   0x00000002   PAD
    0x200012e8   0x200012e8   0x000000fe   Code   RO           43    .text.KeyInputInit  main.o
    0x200013e6   0x200013e6   0x00000002   PAD
    0x200013e8   0x200013e8   0x0000001a   Code   RO           37    .text.LedBlink      main.o
    0x20001402   0x20001402   0x00000002   PAD
    0x20001404   0x20001404   0x000000fe   Code   RO           31    .text.LedInit       main.o
    0x20001502   0x20001502   0x00000002   PAD
    0x20001504   0x20001504   0x00000016   Code   RO           33    .text.LedOn         main.o
    0x2000151a   0x2000151a   0x00000002   PAD
    0x2000151c   0x2000151c   0x00000004   Code   RO           98    .text.MemManage_Handler  n32g4fr_it.o
    0x20001520   0x20001520   0x00000002   Code   RO           96    .text.NMI_Handler   n32g4fr_it.o
    0x20001522   0x20001522   0x00000002   PAD
    0x20001524   0x20001524   0x0000002c   Code   RO          801    .text.RCC_ConfigAdcHclk  n32g4fr_rcc.o
    0x20001550   0x20001550   0x00000058   Code   RO          799    .text.RCC_ConfigAdcPllClk  n32g4fr_rcc.o
    0x200015a8   0x200015a8   0x00000036   Code   RO           47    .text.RCC_Configuration  main.o
    0x200015de   0x200015de   0x00000002   PAD
    0x200015e0   0x200015e0   0x0000003e   Code   RO          817    .text.RCC_EnableAHBPeriphClk  n32g4fr_rcc.o
    0x2000161e   0x2000161e   0x00000002   PAD
    0x20001620   0x20001620   0x0000003e   Code   RO          819    .text.RCC_EnableAPB2PeriphClk  n32g4fr_rcc.o
    0x2000165e   0x2000165e   0x00000002   PAD
    0x20001660   0x20001660   0x000001c8   Code   RO          815    .text.RCC_GetClocksFreqValue  n32g4fr_rcc.o
    0x20001828   0x20001828   0x00000008   Code   RO         1514    .text.SEGGER_RTT_Init  segger_rtt.o
    0x20001830   0x20001830   0x0000004e   Code   RO         1478    .text.SEGGER_RTT_Write  segger_rtt.o
    0x2000187e   0x2000187e   0x00000002   PAD
    0x20001880   0x20001880   0x000000b2   Code   RO         1474    .text.SEGGER_RTT_WriteNoLock  segger_rtt.o
    0x20001932   0x20001932   0x00000002   PAD
    0x20001934   0x20001934   0x0000002a   Code   RO         1547    .text.SEGGER_RTT_printf  segger_rtt_printf.o
    0x2000195e   0x2000195e   0x00000002   PAD
    0x20001960   0x20001960   0x00000348   Code   RO         1539    .text.SEGGER_RTT_vprintf  segger_rtt_printf.o
    0x20001ca8   0x20001ca8   0x00000002   Code   RO          104    .text.SVC_Handler   n32g4fr_it.o
    0x20001caa   0x20001caa   0x00000002   PAD
    0x20001cac   0x20001cac   0x0000014a   Code   RO           74    .text.SetSysClock   system_n32g4fr.o
    0x20001df6   0x20001df6   0x00000002   PAD
    0x20001df8   0x20001df8   0x00000052   Code   RO           13    .text.SysTick_Config  systick.o
    0x20001e4a   0x20001e4a   0x00000002   PAD
    0x20001e4c   0x20001e4c   0x00000008   Code   RO          108    .text.SysTick_Handler  n32g4fr_it.o
    0x20001e54   0x20001e54   0x000000be   Code   RO           72    .text.SystemInit    system_n32g4fr.o
    0x20001f12   0x20001f12   0x00000002   PAD
    0x20001f14   0x20001f14   0x00000030   Code   RO         1334    .text.USART_Enable  n32g4fr_usart.o
    0x20001f44   0x20001f44   0x00000048   Code   RO         1370    .text.USART_GetFlagStatus  n32g4fr_usart.o
    0x20001f8c   0x20001f8c   0x00000128   Code   RO         1326    .text.USART_Init    n32g4fr_usart.o
    0x200020b4   0x200020b4   0x0000001a   Code   RO         1350    .text.USART_SendData  n32g4fr_usart.o
    0x200020ce   0x200020ce   0x00000002   PAD
    0x200020d0   0x200020d0   0x00000004   Code   RO          102    .text.UsageFault_Handler  n32g4fr_it.o
    0x200020d4   0x200020d4   0x000000a2   Code   RO         1456    .text._DoInit       segger_rtt.o
    0x20002176   0x20002176   0x00000002   PAD
    0x20002178   0x20002178   0x0000003e   Code   RO         1468    .text._GetAvailWriteSpace  segger_rtt.o
    0x200021b6   0x200021b6   0x00000002   PAD
    0x200021b8   0x200021b8   0x000001e4   Code   RO         1543    .text._PrintInt     segger_rtt_printf.o
    0x2000239c   0x2000239c   0x000001be   Code   RO         1545    .text._PrintUnsigned  segger_rtt_printf.o
    0x2000255a   0x2000255a   0x00000002   PAD
    0x2000255c   0x2000255c   0x00000078   Code   RO         1541    .text._StoreChar    segger_rtt_printf.o
    0x200025d4   0x200025d4   0x000000e4   Code   RO         1472    .text._WriteBlocking  segger_rtt.o
    0x200026b8   0x200026b8   0x00000094   Code   RO         1470    .text._WriteNoCheck  segger_rtt.o
    0x2000274c   0x2000274c   0x00000044   Code   RO           15    .text.__NVIC_SetPriority  systick.o
    0x20002790   0x20002790   0x00000038   Code   RO           53    .text.analog_pin_config  main.o
    0x200027c8   0x200027c8   0x0000000c   Code   RO            2    .text.app           app.o
    0x200027d4   0x200027d4   0x00000028   Code   RO           17    .text.delay_1ms     systick.o
    0x200027fc   0x200027fc   0x00000022   Code   RO           19    .text.delay_decrement  systick.o
    0x2000281e   0x2000281e   0x00000002   PAD
    0x20002820   0x20002820   0x00000036   Code   RO           49    .text.fputc         main.o
    0x20002856   0x20002856   0x00000002   PAD
    0x20002858   0x20002858   0x00000048   Code   RO           41    .text.led_init      main.o
    0x200028a0   0x200028a0   0x00000198   Code   RO           61    .text.main          main.o
    0x20002a38   0x20002a38   0x0000004c   Code   RO           29    .text.segger_init   main.o
    0x20002a84   0x20002a84   0x0000003c   Code   RO           11    .text.systick_config  systick.o
    0x20002ac0   0x20002ac0   0x00000008   Code   RO           59    .text.tick_init     main.o
    0x20002ac8   0x20002ac8   0x0000007a   Code   RO           51    .text.uart_init     main.o
    0x20002b42   0x20002b42   0x00000002   PAD
    0x20002b44   0x20002b44   0x00000028   Code   RO           45    .text.user_button_init  main.o
    0x20002b6c   0x20002b6c   0x00000012   Code   RO         1450    OSKERNEL            hardfaulthandler.o
    0x20002b7e   0x20002b7e   0x00000002   PAD
    0x20002b80   0x20002b80   0x00000020   Code   RO         1587    i.__0printf         mc_w.l(printfa.o)
    0x20002ba0   0x20002ba0   0x0000000e   Code   RO         1656    i.__scatterload_copy  mc_w.l(handlers.o)
    0x20002bae   0x20002bae   0x00000002   Code   RO         1657    i.__scatterload_null  mc_w.l(handlers.o)
    0x20002bb0   0x20002bb0   0x0000000e   Code   RO         1658    i.__scatterload_zeroinit  mc_w.l(handlers.o)
    0x20002bbe   0x20002bbe   0x00000002   PAD
    0x20002bc0   0x20002bc0   0x00000184   Code   RO         1594    i._fp_digits        mc_w.l(printfa.o)
    0x20002d44   0x20002d44   0x000006dc   Code   RO         1595    i._printf_core      mc_w.l(printfa.o)
    0x20003420   0x20003420   0x00000024   Code   RO         1596    i._printf_post_padding  mc_w.l(printfa.o)
    0x20003444   0x20003444   0x0000002e   Code   RO         1597    i._printf_pre_padding  mc_w.l(printfa.o)
    0x20003472   0x20003472   0x00000010   Data   RO         1549    .rodata._PrintUnsigned._aV2C  segger_rtt_printf.o
    0x20003482   0x20003482   0x00000010   Data   RO          846    .rodata.s_AdcHclkPresTable  n32g4fr_rcc.o
    0x20003492   0x20003492   0x00000020   Data   RO          847    .rodata.s_AdcPllClkPresTable  n32g4fr_rcc.o
    0x200034b2   0x200034b2   0x00000010   Data   RO          845    .rodata.s_ApbAhbPresTable  n32g4fr_rcc.o
    0x200034c2   0x200034c2   0x000000bf   Data   RO           63    .rodata.str1.1      main.o
    0x20003581   0x20003581   0x00000014   Data   RO         1529    .rodata.str1.1      segger_rtt.o
    0x20003595   0x20003595   0x00000003   PAD
    0x20003598   0x20003598   0x00000020   Data   RO         1655    Region$$Table       anon$$obj.o


    Execution Region RW_IRAM1 (Exec base: 0x20010000, Load base: 0x200035b8, Size: 0x00000d18, Max: 0x00010000, ABSOLUTE)

    Exec Addr    Load Addr    Size         Type   Attr      Idx    E Section Name        Object

    0x20010000   0x200035b8   0x00000004   Data   RW         1628    .data               mc_w.l(stdout.o)
    0x20010004   0x200035bc   0x00000004   Data   RW           78    .data.SystemCoreClock  system_n32g4fr.o
    0x20010008        -       0x0000000a   Zero   RW           64    .bss.ADC2ConvertedValue  main.o
    0x20010012   0x200035c0   0x00000002   PAD
    0x20010014        -       0x00000040   Zero   RW         1443    .bss.HardFaultRegs  segger_hardfaulthandler.o
    0x20010054        -       0x00000004   Zero   RW         1444    .bss._Continue      segger_hardfaulthandler.o
    0x20010058        -       0x000000a8   Zero   RW         1526    .bss._SEGGER_RTT    segger_rtt.o
    0x20010100        -       0x00000010   Zero   RW         1531    .bss._acDownBuffer  segger_rtt.o
    0x20010110        -       0x00000400   Zero   RW         1530    .bss._acUpBuffer    segger_rtt.o
    0x20010510        -       0x00000004   Zero   RW           21    .bss.delay          systick.o
    0x20010514   0x200035c0   0x00000004   PAD
    0x20010518        -       0x00000800   Zero   RW           86    STACK               startup_n32g4fr.o


==============================================================================

Image component sizes


      Code (inc. data)   RO Data    RW Data    ZI Data      Debug   Object Name

        12          0          0          0          0        525   app.o
        18          0          0          0          0        304   hardfaulthandler.o
      1640          0        191          0         10       5820   main.o
       970          0          0          0          0      10261   n32g4fr_adc.o
      1508          0          0          0          0       6280   n32g4fr_gpio.o
        26          0          0          0          0        938   n32g4fr_it.o
       712          0         64          0          0       8764   n32g4fr_rcc.o
       442          0          0          0          0       6832   n32g4fr_usart.o
       278          0          0          0         68       2683   segger_hardfaulthandler.o
       864          0         20          0       1208      13168   segger_rtt.o
      1932         14         16          0          0       3800   segger_rtt_printf.o
        36          8        408          0       2048        844   startup_n32g4fr.o
       520          0          0          4          0       2897   system_n32g4fr.o
       284          0          0          0          4       4395   systick.o

    ----------------------------------------------------------------------
      9312         22        734          4       3344      67511   Object Totals
         0          0         32          0          0          0   (incl. Generated)
        70          0          3          0          6          0   (incl. Padding)

    ----------------------------------------------------------------------

      Code (inc. data)   RO Data    RW Data    ZI Data      Debug   Library Member Name

         0          0          0          0          0          0   entry.o
         0          0          0          0          0          0   entry10a.o
         0          0          0          0          0          0   entry11a.o
         8          4          0          0          0          0   entry2.o
         4          0          0          0          0          0   entry5.o
         0          0          0          0          0          0   entry7b.o
         0          0          0          0          0          0   entry8b.o
         8          4          0          0          0          0   entry9a.o
        30          0          0          0          0          0   handlers.o
        36          8          0          0          0         68   init.o
         0          0          0          0          0          0   iusefp.o
        30          0          0          0          0         68   llshl.o
        36          0          0          0          0         68   llsshr.o
        32          0          0          0          0         68   llushr.o
        36          0          0          0          0         68   memcpya.o
      2258         90          0          0          0        452   printfa.o
         0          0          0          4          0          0   stdout.o
        18          0          0          0          0         68   strcpy.o
        44          0          0          0          0         80   uidiv.o
        98          0          0          0          0         92   uldiv.o
        48          0          0          0          0         68   cdrcmple.o
       334          0          0          0          0        148   dadd.o
       222          0          0          0          0        100   ddiv.o
       186          0          0          0          0        176   depilogue.o
        48          0          0          0          0         68   dfixul.o
       228          0          0          0          0         96   dmul.o

    ----------------------------------------------------------------------
      3706        106          0          4          0       1688   Library Totals
         2          0          0          0          0          0   (incl. Padding)

    ----------------------------------------------------------------------

      Code (inc. data)   RO Data    RW Data    ZI Data      Debug   Library Name

      2638        106          0          4          0       1032   mc_w.l
      1066          0          0          0          0        656   mf_w.l

    ----------------------------------------------------------------------
      3706        106          0          4          0       1688   Library Totals

    ----------------------------------------------------------------------

==============================================================================


      Code (inc. data)   RO Data    RW Data    ZI Data      Debug   

     13018        128        734          8       3344      68343   Grand Totals
     13018        128        734          8       3344      68343   ELF Image Totals
     13018        128        734          8          0          0   ROM Totals

==============================================================================

    Total RO  Size (Code + RO Data)                13752 (  13.43kB)
    Total RW  Size (RW Data + ZI Data)              3352 (   3.27kB)
    Total ROM Size (Code + RO Data + RW Data)      13760 (  13.44kB)

==============================================================================

